Component: ARM Compiler 5.06 update 4 (build 422) Tool: armlink [4d35d2]

==============================================================================

Section Cross References

    main.o(i.main) refers to kos.o(i.KOS_Boot) for KOS_Boot
    main.o(i.main) refers to clk.o(i.Clk_GetMsTick) for Clk_GetMsTick
    kos.o(i.KOS_Boot) refers to app.o(i.App_Init) for App_Init
    kos.o(i.KOS_Boot) refers to sch.o(i.Sch_Arrange) for Sch_Arrange
    kos.o(i.KOS_Boot) refers to sch.o(i.Sch_Init) for Sch_Init
    kos.o(i.KOS_Boot) refers to bsp.o(i.Bsp_Config) for Bsp_Config
    kos.o(i.KOS_Boot) refers to tim.o(i.Tim_Start) for Tim_Start
    kos.o(i.KOS_Boot) refers to app.o(i.App_Proc) for App_Proc
    kos.o(i.KOS_Stop) refers to tim.o(i.Tim_Stop) for Tim_Stop
    kos.o(i.KOS_Stop) refers to act.o(i.Act_Init) for Act_Init
    sch.o(i.Sch_Arrange) refers to sch.o(i.getSchTask) for getSchTask
    sch.o(i.Sch_Arrange) refers to sch.o(i.newSchTask) for newSchTask
    sch.o(i.Sch_Arrange) refers to sch.o(.data) for .data
    sch.o(i.Sch_Dismiss) refers to sch.o(i.getSchTask) for getSchTask
    sch.o(i.Sch_Dismiss) refers to malloc.o(i.free) for free
    sch.o(i.Sch_Dismiss) refers to sch.o(.data) for .data
    sch.o(i.Sch_Init) refers to clk.o(i.Clk_GetMsTick) for Clk_GetMsTick
    sch.o(i.Sch_Init) refers to sch.o(.data) for .data
    sch.o(i.Sch_Proc) refers to clk.o(i.Clk_GetMsTick) for Clk_GetMsTick
    sch.o(i.Sch_Proc) refers to sch.o(.data) for .data
    sch.o(i.getSchTask) refers to sch.o(.data) for .data
    sch.o(i.newSchTask) refers to malloc.o(i.malloc) for malloc
    sch.o(i.newSchTask) refers to memseta.o(.text) for __aeabi_memclr4
    aci.o(i.VCBUS_Proc) refers to wdg.o(i.Wdg_Feed) for Wdg_Feed
    aci.o(i.VCBUS_Proc) refers to cci.o(i.Cci_Init) for Cci_Init
    aci.o(i.VCBUS_Proc) refers to cci.o(i.Cci_Proc) for Cci_Proc
    aci.o(i.VCBUS_Proc) refers to rci.o(.data) for switchStates
    aci.o(i.VDBUS_Proc) refers to wdg.o(i.Wdg_Feed) for Wdg_Feed
    aci.o(i.VDBUS_Proc) refers to wdg.o(i.Wdg_IsErrSet) for Wdg_IsErrSet
    aci.o(i.VDBUS_Proc) refers to dci.o(i.Dci_Proc) for Dci_Proc
    aci.o(i.VHC_Proc) refers to wdg.o(i.Wdg_Feed) for Wdg_Feed
    aci.o(i.VHC_Proc) refers to hci.o(i.Hci_Init) for Hci_Init
    aci.o(i.VHC_Proc) refers to hci.o(i.Hci_Proc) for Hci_Proc
    aci.o(i.VHC_Proc) refers to rci.o(.data) for switchStates
    aci.o(i.VRC_Proc) refers to wdg.o(i.Wdg_Feed) for Wdg_Feed
    aci.o(i.VRC_Proc) refers to rci.o(i.Rci_Init) for Rci_Init
    aci.o(i.VRC_Proc) refers to rci.o(i.Rci_Proc) for Rci_Proc
    aci.o(i.VRC_Proc) refers to rci.o(.data) for switchStates
    act.o(i.Act_Init) refers to motor.o(i.CM_Cmd) for CM_Cmd
    act.o(i.Act_Init) refers to motor.o(i.GM_Cmd) for GM_Cmd
    act.o(i.Act_Proc) refers to sys.o(i.FS_Get) for FS_Get
    act.o(i.Act_Proc) refers to stm32f4xx_gpio.o(i.GPIO_ResetBits) for GPIO_ResetBits
    act.o(i.Act_Proc) refers to stm32f4xx_gpio.o(i.GPIO_SetBits) for GPIO_SetBits
    act.o(i.Act_Proc) refers to motor.o(i.CM_Cmd) for CM_Cmd
    act.o(i.Act_Proc) refers to motor.o(i.GM_Cmd) for GM_Cmd
    act.o(i.Act_Proc) refers to ctl.o(.bss) for ctl
    app.o(i.App_Init) refers to ios.o(i.Ios_Init) for Ios_Init
    app.o(i.App_Init) refers to cfg.o(i.Cfg_Init) for Cfg_Init
    app.o(i.App_Init) refers to act.o(i.Act_Init) for Act_Init
    app.o(i.App_Init) refers to clk.o(i.Clk_Init) for Clk_Init
    app.o(i.App_Init) refers to wdg.o(i.Wdg_Init) for Wdg_Init
    app.o(i.App_Init) refers to ini.o(i.Ini_Init) for Ini_Init
    app.o(i.App_Init) refers to wsm.o(i.Wsm_Init) for Wsm_Init
    app.o(i.App_Init) refers to com.o(i.Com_Init) for Com_Init
    app.o(i.App_Init) refers to upd.o(i.Upd_Init) for Upd_Init
    app.o(i.App_Proc) refers to wdg.o(i.Wdg_Proc) for Wdg_Proc
    app.o(i.App_Proc) refers to ini.o(i.Ini_Proc) for Ini_Proc
    app.o(i.App_Proc) refers to wsm.o(i.Wsm_Proc) for Wsm_Proc
    app.o(i.App_Proc) refers to com.o(i.Com_Proc) for Com_Proc
    app.o(i.App_Proc) refers to upd.o(i.Upd_Proc) for Upd_Proc
    can.o(i.Can_Init) refers to can.o(i.Motor_Reset) for Motor_Reset
    can.o(i.Can_Init) refers to can.o(i.ZGyro_Reset) for ZGyro_Reset
    can.o(i.Can_Init) refers to can.o(.bss) for .bss
    can.o(i.Can_Proc) refers to wdg.o(i.Wdg_Feed) for Wdg_Feed
    can.o(i.Can_Proc) refers to can.o(i.ZGyro_Process) for ZGyro_Process
    can.o(i.Can_Proc) refers to can.o(i.Motor_Process) for Motor_Process
    can.o(i.Can_Proc) refers to can.o(.bss) for .bss
    can.o(i.Motor_Process) refers to ekf.o(i.Ekf_Init) for Ekf_Init
    can.o(i.Motor_Process) refers to ekf.o(i.Ekf_SetE) for Ekf_SetE
    can.o(i.Motor_Process) refers to ekf.o(i.Ekf_Proc) for Ekf_Proc
    can.o(i.Motor_Reset) refers to ekf.o(i.Ekf_Reset) for Ekf_Reset
    cci.o(i.Cci_Proc) refers to fun.o(i.constrain) for constrain
    cci.o(i.Cci_Proc) refers to cfg.o(.data) for cfg
    cci.o(i.Cci_Proc) refers to cmd.o(.bss) for cmd
    cfg.o(i.Cfg_ClrFlag) refers to fun.o(i.Flag_Clr) for Flag_Clr
[...]
    SetSysClock                              0x0800407d   Thumb Code   190  system_stm32f4xx.o(i.SetSysClock)
    i.SyncTimCallback                        0x0800414c   Section        0  tim_srv.o(i.SyncTimCallback)
    i.SyncTim_Config                         0x08004150   Section        0  tim.o(i.SyncTim_Config)
    i.SyncTim_Start                          0x0800417c   Section        0  tim.o(i.SyncTim_Start)
    i.SystemInit                             0x080041a4   Section        0  system_stm32f4xx.o(i.SystemInit)
    i.TIM2_IRQHandler                        0x08004200   Section        0  tim.o(i.TIM2_IRQHandler)
    i.TIM6_DAC_IRQHandler                    0x0800422c   Section        0  tim.o(i.TIM6_DAC_IRQHandler)
    i.TIM_ARRPreloadConfig                   0x0800425c   Section        0  stm32f4xx_tim.o(i.TIM_ARRPreloadConfig)
    i.TIM_ClearFlag                          0x08004270   Section        0  stm32f4xx_tim.o(i.TIM_ClearFlag)
    i.TIM_ClearITPendingBit                  0x08004276   Section        0  stm32f4xx_tim.o(i.TIM_ClearITPendingBit)
    i.TIM_Cmd                                0x0800427c   Section        0  stm32f4xx_tim.o(i.TIM_Cmd)
    i.TIM_Config                             0x08004290   Section        0  stm32util.o(i.TIM_Config)
    i.TIM_GetITStatus                        0x080043d4   Section        0  stm32f4xx_tim.o(i.TIM_GetITStatus)
    i.TIM_ITConfig                           0x080043ec   Section        0  stm32f4xx_tim.o(i.TIM_ITConfig)
    i.TIM_OC1Init                            0x080043fc   Section        0  stm32f4xx_tim.o(i.TIM_OC1Init)
    i.TIM_OC1PreloadConfig                   0x0800445c   Section        0  stm32f4xx_tim.o(i.TIM_OC1PreloadConfig)
    i.TIM_OC2Init                            0x08004468   Section        0  stm32f4xx_tim.o(i.TIM_OC2Init)
    i.TIM_OC2PreloadConfig                   0x080044e8   Section        0  stm32f4xx_tim.o(i.TIM_OC2PreloadConfig)
    i.TIM_OC3Init                            0x080044fc   Section        0  stm32f4xx_tim.o(i.TIM_OC3Init)
    i.TIM_OC3PreloadConfig                   0x08004578   Section        0  stm32f4xx_tim.o(i.TIM_OC3PreloadConfig)
    i.TIM_OC4Init                            0x08004584   Section        0  stm32f4xx_tim.o(i.TIM_OC4Init)
    i.TIM_OC4PreloadConfig                   0x080045e4   Section        0  stm32f4xx_tim.o(i.TIM_OC4PreloadConfig)
    i.TIM_OC_Config                          0x080045f8   Section        0  stm32util.o(i.TIM_OC_Config)
    i.TIM_TimeBaseInit                       0x0800467c   Section        0  stm32f4xx_tim.o(i.TIM_TimeBaseInit)
    i.TickTimCallback                        0x080046f8   Section        0  tim_srv.o(i.TickTimCallback)
    i.TickTim_Config                         0x080046fc   Section        0  tim.o(i.TickTim_Config)
    i.TickTim_Start                          0x08004720   Section        0  tim.o(i.TickTim_Start)
    i.Tim_Config                             0x08004742   Section        0  tim.o(i.Tim_Config)
    i.Tim_Start                              0x08004750   Section        0  tim.o(i.Tim_Start)
    i.TtyRxCallback                          0x0800475e   Section        0  com_srv.o(i.TtyRxCallback)
    i.Tty_Config                             0x08004764   Section        0  tty.o(i.Tty_Config)
    i.Tty_Proc                               0x080047d4   Section        0  com.o(i.Tty_Proc)
    i.Tty_Read                               0x080047dc   Section        0  tty.o(i.Tty_Read)
    i.Tty_ReadByte                           0x080047f8   Section        0  tty.o(i.Tty_ReadByte)
    i.Tty_RxCnt                              0x0800483c   Section        0  tty.o(i.Tty_RxCnt)
    i.Tty_WriteByte                          0x08004848   Section        0  tty.o(i.Tty_WriteByte)
    i.USART1_IRQHandler                      0x08004884   Section        0  rcv.o(i.USART1_IRQHandler)
    i.USART2_IRQHandler                      0x080048f8   Section        0  btm.o(i.USART2_IRQHandler)
    i.USART3_IRQHandler                      0x08004990   Section        0  dbi.o(i.USART3_IRQHandler)
    i.USART6_IRQHandler                      0x08004a28   Section        0  tty.o(i.USART6_IRQHandler)
    i.USART_Bind                             0x08004ac0   Section        0  stm32util.o(i.USART_Bind)
    i.USART_Cmd                              0x080058a0   Section        0  stm32f4xx_usart.o(i.USART_Cmd)
    i.USART_Config                           0x080058b4   Section        0  stm32util.o(i.USART_Config)
    i.USART_DMACmd                           0x08005a44   Section        0  stm32f4xx_usart.o(i.USART_DMACmd)
    i.USART_GetITStatus                      0x08005a54   Section        0  stm32f4xx_usart.o(i.USART_GetITStatus)
    i.USART_ITConfig                         0x08005a92   Section        0  stm32f4xx_usart.o(i.USART_ITConfig)
    i.USART_Init                             0x08005ac4   Section        0  stm32f4xx_usart.o(i.USART_Init)
    i.USART_ReceiveData                      0x08005b70   Section        0  stm32f4xx_usart.o(i.USART_ReceiveData)
    i.USART_SendData                         0x08005b78   Section        0  stm32f4xx_usart.o(i.USART_SendData)
    i.Upd_Init                               0x08005b80   Section        0  upd.o(i.Upd_Init)
    i.Upd_Proc                               0x08005b8e   Section        0  upd.o(i.Upd_Proc)
    i.UsageFault_Handler                     0x08005bc4   Section        0  stm32f4xx_it.o(i.UsageFault_Handler)
    i.VCBUS_Proc                             0x08005bc8   Section        0  aci.o(i.VCBUS_Proc)
    i.VDBUS_Proc                             0x08005bfc   Section        0  aci.o(i.VDBUS_Proc)
    i.VHC_Proc                               0x08005c1c   Section        0  aci.o(i.VHC_Proc)
    i.VRC_Proc                               0x08005c50   Section        0  aci.o(i.VRC_Proc)
    i.Wdg_Feed                               0x08005c84   Section        0  wdg.o(i.Wdg_Feed)
    i.Wdg_Init                               0x08005c94   Section        0  wdg.o(i.Wdg_Init)
    i.Wdg_IsErrSet                           0x08005cc0   Section        0  wdg.o(i.Wdg_IsErrSet)
    i.Wdg_IsOkay                             0x08005ccc   Section        0  wdg.o(i.Wdg_IsOkay)
    i.Wdg_Proc                               0x08005cf0   Section        0  wdg.o(i.Wdg_Proc)
    i.Wsm_GetLastWorkingState                0x08005d34   Section        0  wsm.o(i.Wsm_GetLastWorkingState)
    i.Wsm_GetWorkingState                    0x08005d40   Section        0  wsm.o(i.Wsm_GetWorkingState)
    i.Wsm_Init                               0x08005d4c   Section        0  wsm.o(i.Wsm_Init)
    i.Wsm_Proc                               0x08005d5c   Section        0  wsm.o(i.Wsm_Proc)
    i.ZGyro_Process                          0x08005dd4   Section        0  can.o(i.ZGyro_Process)
    i.ZGyro_Ready                            0x08005e5c   Section        0  can.o(i.ZGyro_Ready)
    i.ZGyro_Reset                            0x08005e6c   Section        0  can.o(i.ZGyro_Reset)
    i.__scatterload_copy                     0x08005e94   Section       14  handlers.o(i.__scatterload_copy)
    i.__scatterload_null                     0x08005ea2   Section        2  handlers.o(i.__scatterload_null)
    i.__scatterload_zeroinit                 0x08005ea4   Section       14  handlers.o(i.__scatterload_zeroinit)
    i.constrain                              0x08005eb2   Section        0  fun.o(i.constrain)
    i.getSchTask                             0x08005ed4   Section        0  sch.o(i.getSchTask)
    getSchTask                               0x08005ed5   Thumb Code    22  sch.o(i.getSchTask)
    i.main                                   0x08005ef0   Section        0  main.o(i.main)
    i.malloc                                 0x08005efc   Section        0  malloc.o(i.malloc)
    i.map                                    0x08005f68   Section        0  fun.o(i.map)
    i.newSchTask                             0x08005fa0   Section        0  sch.o(i.newSchTask)
    newSchTask                               0x08005fa1   Thumb Code    40  sch.o(i.newSchTask)
    .constdata                               0x08005fc8   Section      444  cfg.o(.constdata)
    .constdata                               0x08006184   Section       64  wdg.o(.constdata)
    .constdata                               0x080061c4   Section      512  crc16.o(.constdata)
    CRC16Table                               0x080061c4   Data         512  crc16.o(.constdata)
    .constdata                               0x080063c4   Section        4  msg.o(.constdata)
    .constdata                               0x080063c8   Section        4  msg.o(.constdata)
    .constdata                               0x080063cc   Section        4  msg.o(.constdata)
    .constdata                               0x080063d0   Section        4  msg.o(.constdata)
    .data                                    0x20000000   Section        8  sch.o(.data)
    first                                    0x20000000   Data           4  sch.o(.data)
    last                                     0x20000004   Data           4  sch.o(.data)
    .data                                    0x20000008   Section      152  cfg.o(.data)
    .data                                    0x200000a0   Section        4  clk.o(.data)
    us_tick                                  0x200000a0   Data           4  clk.o(.data)
    .data                                    0x200000a4   Section       40  ctl.o(.data)
    .data                                    0x200000cc   Section       16  hci.o(.data)
    lastRawMouseButtonStates                 0x200000d0   Data           2  hci.o(.data)
    lastMouseButtonStates                    0x200000d2   Data           2  hci.o(.data)
    mouseButtonPressedCounts                 0x200000d4   Data           8  hci.o(.data)
    .data                                    0x200000dc   Section        4  ini.o(.data)
    iniFlag                                  0x200000dc   Data           4  ini.o(.data)
    .data                                    0x200000e0   Section        8  ios.o(.data)
    .data                                    0x200000e8   Section       16  rci.o(.data)
    lastRawSwitchStates                      0x200000ec   Data           2  rci.o(.data)
    switchConfirmCounts                      0x200000f0   Data           8  rci.o(.data)
    .data                                    0x200000f8   Section       68  wdg.o(.data)
    err                                      0x200000f8   Data           4  wdg.o(.data)
    .data                                    0x2000013c   Section        2  wsm.o(.data)
    workingState                             0x2000013c   Data           1  wsm.o(.data)
    lastWorkingState                         0x2000013d   Data           1  wsm.o(.data)
    .data                                    0x2000013e   Section       16  stm32f4xx_rcc.o(.data)
    APBAHBPrescTable                         0x2000013e   Data          16  stm32f4xx_rcc.o(.data)
    .data                                    0x20000150   Section        4  mvars.o(.data)
    .data                                    0x20000154   Section        4  mvars.o(.data)
    .bss                                     0x20000158   Section      692  can.o(.bss)
    .bss                                     0x2000040c   Section       40  cmd.o(.bss)
    .bss                                     0x20000434   Section      572  com.o(.bss)
    buf                                      0x2000045c   Data         512  com.o(.bss)
    rx_fifo                                  0x2000065c   Data          20  com.o(.bss)
    .bss                                     0x20000670   Section      228  ctl.o(.bss)
    .bss                                     0x20000754   Section       22  dci.o(.bss)
    .bss                                     0x2000076c   Section      168  hci.o(.bss)
    fx                                       0x2000076c   Data          16  hci.o(.bss)
    fy                                       0x2000077c   Data          16  hci.o(.bss)
    fz                                       0x2000078c   Data          16  hci.o(.bss)
    buf                                      0x2000079c   Data         120  hci.o(.bss)
    .bss                                     0x20000814   Section       20  mec.o(.bss)
    .bss                                     0x20000828   Section      100  odo.o(.bss)
    .bss                                     0x2000088c   Section      552  btm.o(.bss)
    rx_fifo                                  0x2000088c   Data          20  btm.o(.bss)
    tx_fifo                                  0x200008a0   Data          20  btm.o(.bss)
    rx_buf                                   0x200008b4   Data         256  btm.o(.bss)
    tx_buf                                   0x200009b4   Data         256  btm.o(.bss)
    .bss                                     0x20000ab4   Section      552  dbi.o(.bss)
    rx_fifo                                  0x20000ab4   Data          20  dbi.o(.bss)
    tx_fifo                                  0x20000ac8   Data          20  dbi.o(.bss)
    rx_buf                                   0x20000adc   Data         256  dbi.o(.bss)
    tx_buf                                   0x20000bdc   Data         256  dbi.o(.bss)
    .bss                                     0x20000cdc   Section       72  rcv.o(.bss)
    buf                                      0x20000cdc   Data          72  rcv.o(.bss)
    .bss                                     0x20000d24   Section      552  tty.o(.bss)
    rx_fifo                                  0x20000d24   Data          20  tty.o(.bss)
    tx_fifo                                  0x20000d38   Data          20  tty.o(.bss)
    rx_buf                                   0x20000d4c   Data         256  tty.o(.bss)
    tx_buf                                   0x20000e4c   Data         256  tty.o(.bss)
    HEAP                                     0x20000f50   Section     4096  startup_stm32f427xx.o(HEAP)
    STACK                                    0x20001f50   Section     1024  startup_stm32f427xx.o(STACK)

    Global Symbols

    Symbol Name                              Value     Ov Type        Size  Object(Section)

    BuildAttributes$$THM_ISAv4$E$P$D$K$B$S$7EM$VFPi3$EXTD16$VFPS$VFMA$PE$A:L22UL41UL21$X:L11$S22US41US21$IEEE1$IW$USESV6$~STKCKD$USESV7$~SHL$OTIME$ROPI$IEEEX$EBA8$MICROLIB$REQ8$PRES8$EABIv2 0x00000000   Number         0  anon$$obj.o ABSOLUTE
    __ARM_use_no_argv                        0x00000000   Number         0  main.o ABSOLUTE
    _printf_a                                0x00000000   Number         0  stubs.o ABSOLUTE
    _printf_c                                0x00000000   Number         0  stubs.o ABSOLUTE
    _printf_charcount                        0x00000000   Number         0  stubs.o ABSOLUTE
    _printf_d                                0x00000000   Number         0  stubs.o ABSOLUTE
    _printf_e                                0x00000000   Number         0  stubs.o ABSOLUTE
    _printf_f                                0x00000000   Number         0  stubs.o ABSOLUTE
    _printf_flags                            0x00000000   Number         0  stubs.o ABSOLUTE
    _printf_fp_dec                           0x00000000   Number         0  stubs.o ABSOLUTE
    _printf_fp_hex                           0x00000000   Number         0  stubs.o ABSOLUTE
    _printf_g                                0x00000000   Number         0  stubs.o ABSOLUTE
    _printf_i                                0x00000000   Number         0  stubs.o ABSOLUTE
    _printf_int_dec                          0x00000000   Number         0  stubs.o ABSOLUTE
    _printf_l                                0x00000000   Number         0  stubs.o ABSOLUTE
    _printf_lc                               0x00000000   Number         0  stubs.o ABSOLUTE
    _printf_ll                               0x00000000   Number         0  stubs.o ABSOLUTE
    _printf_lld                              0x00000000   Number         0  stubs.o ABSOLUTE
    _printf_lli                              0x00000000   Number         0  stubs.o ABSOLUTE
    _printf_llo                              0x00000000   Number         0  stubs.o ABSOLUTE
    _printf_llu                              0x00000000   Number         0  stubs.o ABSOLUTE
    _printf_llx                              0x00000000   Number         0  stubs.o ABSOLUTE
    _printf_longlong_dec                     0x00000000   Number         0  stubs.o ABSOLUTE
    _printf_longlong_hex                     0x00000000   Number         0  stubs.o ABSOLUTE
    _printf_longlong_oct                     0x00000000   Number         0  stubs.o ABSOLUTE
    _printf_ls                               0x00000000   Number         0  stubs.o ABSOLUTE
    _printf_mbtowc                           0x00000000   Number         0  stubs.o ABSOLUTE
    _printf_n                                0x00000000   Number         0  stubs.o ABSOLUTE
    _printf_o                                0x00000000   Number         0  stubs.o ABSOLUTE
    _printf_p                                0x00000000   Number         0  stubs.o ABSOLUTE
    _printf_percent                          0x00000000   Number         0  stubs.o ABSOLUTE
    _printf_pre_padding                      0x00000000   Number         0  stubs.o ABSOLUTE
    _printf_return_value                     0x00000000   Number         0  stubs.o ABSOLUTE
    _printf_s                                0x00000000   Number         0  stubs.o ABSOLUTE
    _printf_sizespec                         0x00000000   Number         0  stubs.o ABSOLUTE
    _printf_str                              0x00000000   Number         0  stubs.o ABSOLUTE
    _printf_truncate_signed                  0x00000000   Number         0  stubs.o ABSOLUTE
    _printf_truncate_unsigned                0x00000000   Number         0  stubs.o ABSOLUTE
    _printf_u                                0x00000000   Number         0  stubs.o ABSOLUTE
    _printf_wc                               0x00000000   Number         0  stubs.o ABSOLUTE
    _printf_wctomb                           0x00000000   Number         0  stubs.o ABSOLUTE
    _printf_widthprec                        0x00000000   Number         0  stubs.o ABSOLUTE
    _printf_x                                0x00000000   Number         0  stubs.o ABSOLUTE
    __cpp_initialize__aeabi_                  - Undefined Weak Reference
    __cxa_finalize                            - Undefined Weak Reference
    _clock_init                               - Undefined Weak Reference
    _microlib_exit                            - Undefined Weak Reference
    __Vectors_Size                           0x000001ac   Number         0  startup_stm32f427xx.o ABSOLUTE
    __Vectors                                0x08000000   Data           4  startup_stm32f427xx.o(RESET)
    __Vectors_End                            0x080001ac   Data           0  startup_stm32f427xx.o(RESET)
    __main                                   0x080001ad   Thumb Code     0  entry.o(.ARM.Collect$$$$00000000)
    _main_stk                                0x080001ad   Thumb Code     0  entry2.o(.ARM.Collect$$$$00000001)
    _main_scatterload                        0x080001b1   Thumb Code     0  entry5.o(.ARM.Collect$$$$00000004)
    __main_after_scatterload                 0x080001b5   Thumb Code     0  entry5.o(.ARM.Collect$$$$00000004)
    _main_clock                              0x080001b5   Thumb Code     0  entry7b.o(.ARM.Collect$$$$00000008)
    _main_cpp_init                           0x080001b5   Thumb Code     0  entry8b.o(.ARM.Collect$$$$0000000A)
    _main_init                               0x080001b5   Thumb Code     0  entry9a.o(.ARM.Collect$$$$0000000B)
    __rt_final_cpp                           0x080001bd   Thumb Code     0  entry10a.o(.ARM.Collect$$$$0000000D)
    __rt_final_exit                          0x080001bd   Thumb Code     0  entry11a.o(.ARM.Collect$$$$0000000F)
    Reset_Handler                            0x080001c1   Thumb Code     8  startup_stm32f427xx.o(.text)
    SysTick_Handler                          0x080001d9   Thumb Code     2  startup_stm32f427xx.o(.text)
    ADC_IRQHandler                           0x080001db   Thumb Code     0  startup_stm32f427xx.o(.text)
    CAN1_RX1_IRQHandler                      0x080001db   Thumb Code     0  startup_stm32f427xx.o(.text)
    CAN1_SCE_IRQHandler                      0x080001db   Thumb Code     0  startup_stm32f427xx.o(.text)
    CAN2_RX1_IRQHandler                      0x080001db   Thumb Code     0  startup_stm32f427xx.o(.text)
    CAN2_SCE_IRQHandler                      0x080001db   Thumb Code     0  startup_stm32f427xx.o(.text)
    DCMI_IRQHandler                          0x080001db   Thumb Code     0  startup_stm32f427xx.o(.text)
    DMA1_Stream0_IRQHandler                  0x080001db   Thumb Code     0  startup_stm32f427xx.o(.text)
    DMA1_Stream1_IRQHandler                  0x080001db   Thumb Code     0  startup_stm32f427xx.o(.text)
    DMA1_Stream2_IRQHandler                  0x080001db   Thumb Code     0  startup_stm32f427xx.o(.text)
    DMA1_Stream3_IRQHandler                  0x080001db   Thumb Code     0  startup_stm32f427xx.o(.text)
    DMA1_Stream4_IRQHandler                  0x080001db   Thumb Code     0  startup_stm32f427xx.o(.text)
    DMA1_Stream5_IRQHandler                  0x080001db   Thumb Code     0  startup_stm32f427xx.o(.text)
    DMA1_Stream6_IRQHandler                  0x080001db   Thumb Code     0  startup_stm32f427xx.o(.text)
    DMA1_Stream7_IRQHandler                  0x080001db   Thumb Code     0  startup_stm32f427xx.o(.text)
    DMA2D_IRQHandler                         0x080001db   Thumb Code     0  startup_stm32f427xx.o(.text)
    DMA2_Stream0_IRQHandler                  0x080001db   Thumb Code     0  startup_stm32f427xx.o(.text)
    DMA2_Stream1_IRQHandler                  0x080001db   Thumb Code     0  startup_stm32f427xx.o(.text)
    DMA2_Stream2_IRQHandler                  0x080001db   Thumb Code     0  startup_stm32f427xx.o(.text)
    DMA2_Stream3_IRQHandler                  0x080001db   Thumb Code     0  startup_stm32f427xx.o(.text)
    DMA2_Stream4_IRQHandler                  0x080001db   Thumb Code     0  startup_stm32f427xx.o(.text)
    DMA2_Stream5_IRQHandler                  0x080001db   Thumb Code     0  startup_stm32f427xx.o(.text)
    DMA2_Stream6_IRQHandler                  0x080001db   Thumb Code     0  startup_stm32f427xx.o(.text)
    DMA2_Stream7_IRQHandler                  0x080001db   Thumb Code     0  startup_stm32f427xx.o(.text)
    ETH_IRQHandler                           0x080001db   Thumb Code     0  startup_stm32f427xx.o(.text)
    ETH_WKUP_IRQHandler                      0x080001db   Thumb Code     0  startup_stm32f427xx.o(.text)
    EXTI0_IRQHandler                         0x080001db   Thumb Code     0  startup_stm32f427xx.o(.text)
    EXTI15_10_IRQHandler                     0x080001db   Thumb Code     0  startup_stm32f427xx.o(.text)
    EXTI1_IRQHandler                         0x080001db   Thumb Code     0  startup_stm32f427xx.o(.text)
    EXTI2_IRQHandler                         0x080001db   Thumb Code     0  startup_stm32f427xx.o(.text)
    EXTI3_IRQHandler                         0x080001db   Thumb Code     0  startup_stm32f427xx.o(.text)
    EXTI4_IRQHandler                         0x080001db   Thumb Code     0  startup_stm32f427xx.o(.text)
    EXTI9_5_IRQHandler                       0x080001db   Thumb Code     0  startup_stm32f427xx.o(.text)
    FLASH_IRQHandler                         0x080001db   Thumb Code     0  startup_stm32f427xx.o(.text)
    FMC_IRQHandler                           0x080001db   Thumb Code     0  startup_stm32f427xx.o(.text)
    FPU_IRQHandler                           0x080001db   Thumb Code     0  startup_stm32f427xx.o(.text)
    HASH_RNG_IRQHandler                      0x080001db   Thumb Code     0  startup_stm32f427xx.o(.text)
    I2C1_ER_IRQHandler                       0x080001db   Thumb Code     0  startup_stm32f427xx.o(.text)
    I2C1_EV_IRQHandler                       0x080001db   Thumb Code     0  startup_stm32f427xx.o(.text)
    I2C2_ER_IRQHandler                       0x080001db   Thumb Code     0  startup_stm32f427xx.o(.text)
    I2C2_EV_IRQHandler                       0x080001db   Thumb Code     0  startup_stm32f427xx.o(.text)
    I2C3_ER_IRQHandler                       0x080001db   Thumb Code     0  startup_stm32f427xx.o(.text)
    I2C3_EV_IRQHandler                       0x080001db   Thumb Code     0  startup_stm32f427xx.o(.text)
    OTG_FS_IRQHandler                        0x080001db   Thumb Code     0  startup_stm32f427xx.o(.text)
    OTG_FS_WKUP_IRQHandler                   0x080001db   Thumb Code     0  startup_stm32f427xx.o(.text)
    OTG_HS_EP1_IN_IRQHandler                 0x080001db   Thumb Code     0  startup_stm32f427xx.o(.text)
    OTG_HS_EP1_OUT_IRQHandler                0x080001db   Thumb Code     0  startup_stm32f427xx.o(.text)
    OTG_HS_IRQHandler                        0x080001db   Thumb Code     0  startup_stm32f427xx.o(.text)
    OTG_HS_WKUP_IRQHandler                   0x080001db   Thumb Code     0  startup_stm32f427xx.o(.text)
    PVD_IRQHandler                           0x080001db   Thumb Code     0  startup_stm32f427xx.o(.text)
    RCC_IRQHandler                           0x080001db   Thumb Code     0  startup_stm32f427xx.o(.text)
    RTC_Alarm_IRQHandler                     0x080001db   Thumb Code     0  startup_stm32f427xx.o(.text)
    RTC_WKUP_IRQHandler                      0x080001db   Thumb Code     0  startup_stm32f427xx.o(.text)
    SAI1_IRQHandler                          0x080001db   Thumb Code     0  startup_stm32f427xx.o(.text)
    SDIO_IRQHandler                          0x080001db   Thumb Code     0  startup_stm32f427xx.o(.text)
    SPI1_IRQHandler                          0x080001db   Thumb Code     0  startup_stm32f427xx.o(.text)
    SPI2_IRQHandler                          0x080001db   Thumb Code     0  startup_stm32f427xx.o(.text)
    SPI3_IRQHandler                          0x080001db   Thumb Code     0  startup_stm32f427xx.o(.text)
    SPI4_IRQHandler                          0x080001db   Thumb Code     0  startup_stm32f427xx.o(.text)
    SPI5_IRQHandler                          0x080001db   Thumb Code     0  startup_stm32f427xx.o(.text)
    SPI6_IRQHandler                          0x080001db   Thumb Code     0  startup_stm32f427xx.o(.text)
    TAMP_STAMP_IRQHandler                    0x080001db   Thumb Code     0  startup_stm32f427xx.o(.text)
    TIM1_BRK_TIM9_IRQHandler                 0x080001db   Thumb Code     0  startup_stm32f427xx.o(.text)
    TIM1_CC_IRQHandler                       0x080001db   Thumb Code     0  startup_stm32f427xx.o(.text)
    TIM1_TRG_COM_TIM11_IRQHandler            0x080001db   Thumb Code     0  startup_stm32f427xx.o(.text)
    TIM1_UP_TIM10_IRQHandler                 0x080001db   Thumb Code     0  startup_stm32f427xx.o(.text)
    TIM3_IRQHandler                          0x080001db   Thumb Code     0  startup_stm32f427xx.o(.text)
    TIM4_IRQHandler                          0x080001db   Thumb Code     0  startup_stm32f427xx.o(.text)
    TIM5_IRQHandler                          0x080001db   Thumb Code     0  startup_stm32f427xx.o(.text)
    TIM7_IRQHandler                          0x080001db   Thumb Code     0  startup_stm32f427xx.o(.text)
    TIM8_BRK_TIM12_IRQHandler                0x080001db   Thumb Code     0  startup_stm32f427xx.o(.text)
    TIM8_CC_IRQHandler                       0x080001db   Thumb Code     0  startup_stm32f427xx.o(.text)
    TIM8_TRG_COM_TIM14_IRQHandler            0x080001db   Thumb Code     0  startup_stm32f427xx.o(.text)
    TIM8_UP_TIM13_IRQHandler                 0x080001db   Thumb Code     0  startup_stm32f427xx.o(.text)
    UART4_IRQHandler                         0x080001db   Thumb Code     0  startup_stm32f427xx.o(.text)
    UART5_IRQHandler                         0x080001db   Thumb Code     0  startup_stm32f427xx.o(.text)
    UART7_IRQHandler                         0x080001db   Thumb Code     0  startup_stm32f427xx.o(.text)
    UART8_IRQHandler                         0x080001db   Thumb Code     0  startup_stm32f427xx.o(.text)
    WWDG_IRQHandler                          0x080001db   Thumb Code     0  startup_stm32f427xx.o(.text)
    __aeabi_memcpy                           0x080001e5   Thumb Code    36  memcpya.o(.text)
    __aeabi_memcpy4                          0x080001e5   Thumb Code     0  memcpya.o(.text)
    __aeabi_memcpy8                          0x080001e5   Thumb Code     0  memcpya.o(.text)
    __aeabi_memset                           0x08000209   Thumb Code    14  memseta.o(.text)
    __aeabi_memset4                          0x08000209   Thumb Code     0  memseta.o(.text)
    __aeabi_memset8                          0x08000209   Thumb Code     0  memseta.o(.text)
    __aeabi_memclr                           0x08000217   Thumb Code     4  memseta.o(.text)
    __aeabi_memclr4                          0x08000217   Thumb Code     0  memseta.o(.text)
    __aeabi_memclr8                          0x08000217   Thumb Code     0  memseta.o(.text)
    _memset$wrapper                          0x0800021b   Thumb Code    18  memseta.o(.text)
    __scatterload                            0x0800022d   Thumb Code    28  init.o(.text)
    __scatterload_rt2                        0x0800022d   Thumb Code     0  init.o(.text)
    __decompress                             0x08000251   Thumb Code     0  __dczerorl2.o(.text)
    __decompress1                            0x08000251   Thumb Code    86  __dczerorl2.o(.text)
    Act_Init                                 0x080002a9   Thumb Code    36  act.o(i.Act_Init)
    Act_Proc                                 0x080002d5   Thumb Code   166  act.o(i.Act_Proc)
    App_Init                                 0x08000391   Thumb Code    42  app.o(i.App_Init)
    App_Proc                                 0x080003bb   Thumb Code    26  app.o(i.App_Proc)
    Bsp_Config                               0x080003d5   Thumb Code    64  bsp.o(i.Bsp_Config)
    BtmRxCallback                            0x08000419   Thumb Code     4  com_srv.o(i.BtmRxCallback)
    Btm_Config                               0x0800041d   Thumb Code    94  btm.o(i.Btm_Config)
    Btm_Proc                                 0x0800048d   Thumb Code     6  com.o(i.Btm_Proc)
    Btm_Read                                 0x08000495   Thumb Code    28  btm.o(i.Btm_Read)
    Btm_ReadByte                             0x080004b1   Thumb Code    60  btm.o(i.Btm_ReadByte)
    Btm_RxCnt                                0x080004f5   Thumb Code     6  btm.o(i.Btm_RxCnt)
    Btm_WriteByte                            0x08000501   Thumb Code    50  btm.o(i.Btm_WriteByte)
    Btn_Config                               0x0800053d   Thumb Code     6  btn.o(i.Btn_Config)
    BusFault_Handler                         0x08000549   Thumb Code     2  stm32f4xx_it.o(i.BusFault_Handler)
    CAN1_RX0_IRQHandler                      0x0800054d   Thumb Code    58  can1.o(i.CAN1_RX0_IRQHandler)
    CAN1_TX_IRQHandler                       0x08000591   Thumb Code    30  can1.o(i.CAN1_TX_IRQHandler)
    CAN2_RX0_IRQHandler                      0x080005b5   Thumb Code    58  can2.o(i.CAN2_RX0_IRQHandler)
    CAN2_TX_IRQHandler                       0x080005f9   Thumb Code    30  can2.o(i.CAN2_TX_IRQHandler)
    CAN_ClearFlag                            0x0800061d   Thumb Code    44  stm32f4xx_can.o(i.CAN_ClearFlag)
    CAN_ClearITPendingBit                    0x0800064d   Thumb Code   116  stm32f4xx_can.o(i.CAN_ClearITPendingBit)
    CAN_Config                               0x080006c5   Thumb Code    98  stm32util.o(i.CAN_Config)
    CAN_FilterInit                           0x08000731   Thumb Code   194  stm32f4xx_can.o(i.CAN_FilterInit)
    CAN_Filter_Config                        0x080007fd   Thumb Code    54  stm32util.o(i.CAN_Filter_Config)
    CAN_GetITStatus                          0x08000835   Thumb Code   162  stm32f4xx_can.o(i.CAN_GetITStatus)
    CAN_ITConfig                             0x080008dd   Thumb Code    16  stm32f4xx_can.o(i.CAN_ITConfig)
    CAN_Init                                 0x080008ed   Thumb Code   232  stm32f4xx_can.o(i.CAN_Init)
    CAN_Receive                              0x080009d5   Thumb Code   144  stm32f4xx_can.o(i.CAN_Receive)
    CAN_Transmit                             0x08000a65   Thumb Code   164  stm32f4xx_can.o(i.CAN_Transmit)
    CM_Cmd                                   0x08000b09   Thumb Code    78  motor.o(i.CM_Cmd)
    CRC16Calc                                0x08000b59   Thumb Code    44  crc16.o(i.CRC16Calc)
    CRC16Check                               0x08000b89   Thumb Code    48  crc16.o(i.CRC16Check)
    CS_Set                                   0x08000bb9   Thumb Code     6  sys.o(i.CS_Set)
    Can1RxCallback                           0x08000bbf   Thumb Code     4  can_srv.o(i.Can1RxCallback)
    Can1_Config                              0x08000bc5   Thumb Code   102  can1.o(i.Can1_Config)
    Can2RxCallback                           0x08000c35   Thumb Code     4  can_srv.o(i.Can2RxCallback)
    Can2_Config                              0x08000c39   Thumb Code   104  can2.o(i.Can2_Config)
    Can_Init                                 0x08000ca9   Thumb Code    44  can.o(i.Can_Init)
    Can_Proc                                 0x08000cd9   Thumb Code   168  can.o(i.Can_Proc)
    Cci_Init                                 0x08000d8d   Thumb Code     2  cci.o(i.Cci_Init)
    Cci_Proc                                 0x08000d91   Thumb Code   186  cci.o(i.Cci_Proc)
    Cfg_GetFlag                              0x08000e59   Thumb Code     8  cfg.o(i.Cfg_GetFlag)
    Cfg_Init                                 0x08000e65   Thumb Code   212  cfg.o(i.Cfg_Init)
    Cfg_IsSynced                             0x08000f41   Thumb Code     6  cfg.o(i.Cfg_IsSynced)
    Cfg_Load                                 0x08000f4d   Thumb Code     6  cfg.o(i.Cfg_Load)
    Clk_GetMsTick                            0x08001011   Thumb Code    14  clk.o(i.Clk_GetMsTick)
    Clk_Init                                 0x08001025   Thumb Code     8  clk.o(i.Clk_Init)
    Clk_Spin                                 0x08001031   Thumb Code    10  clk.o(i.Clk_Spin)
    Cmd_Init                                 0x08001041   Thumb Code    90  cmd.o(i.Cmd_Init)
    Cmd_Proc                                 0x080010a5   Thumb Code   214  cmd.o(i.Cmd_Proc)
    Com_Init                                 0x08001185   Thumb Code    14  com.o(i.Com_Init)
    Com_Proc                                 0x08001199   Thumb Code   142  com.o(i.Com_Proc)
    Ctl_Init                                 0x08001245   Thumb Code   152  ctl.o(i.Ctl_Init)
    Ctl_Proc                                 0x080012e9   Thumb Code    82  ctl.o(i.Ctl_Proc)
    DBUS_Dec                                 0x0800134d   Thumb Code    24  dbus.o(i.DBUS_Dec)
    DBUS_Rst                                 0x08001365   Thumb Code    20  dbus.o(i.DBUS_Rst)
    DMA_Cmd                                  0x08001379   Thumb Code    20  stm32f4xx_dma.o(i.DMA_Cmd)
    DMA_Config                               0x0800138d   Thumb Code   100  stm32util.o(i.DMA_Config)
    DMA_DoubleBufferModeCmd                  0x080013f9   Thumb Code    20  stm32f4xx_dma.o(i.DMA_DoubleBufferModeCmd)
    DMA_DoubleBufferModeConfig               0x0800140d   Thumb Code    22  stm32f4xx_dma.o(i.DMA_DoubleBufferModeConfig)
    DMA_GetCurrDataCounter                   0x08001423   Thumb Code     6  stm32f4xx_dma.o(i.DMA_GetCurrDataCounter)
    DMA_GetCurrentMemoryTarget               0x08001429   Thumb Code    14  stm32f4xx_dma.o(i.DMA_GetCurrentMemoryTarget)
    DMA_Init                                 0x08001439   Thumb Code    80  stm32f4xx_dma.o(i.DMA_Init)
    DbiRxCallback                            0x0800148d   Thumb Code     4  com_srv.o(i.DbiRxCallback)
    Dbi_Config                               0x08001491   Thumb Code    94  dbi.o(i.Dbi_Config)
    Dbi_Proc                                 0x08001501   Thumb Code     6  com.o(i.Dbi_Proc)
    Dbi_Read                                 0x08001509   Thumb Code    28  dbi.o(i.Dbi_Read)
    Dbi_ReadByte                             0x08001525   Thumb Code    60  dbi.o(i.Dbi_ReadByte)
    Dbi_RxCnt                                0x08001569   Thumb Code     6  dbi.o(i.Dbi_RxCnt)
    Dbi_WriteByte                            0x08001575   Thumb Code    50  dbi.o(i.Dbi_WriteByte)
    Dci_Init                                 0x080015b1   Thumb Code    20  dci.o(i.Dci_Init)
    Dci_Proc                                 0x080015c9   Thumb Code    72  dci.o(i.Dci_Proc)
    DebugMon_Handler                         0x08001619   Thumb Code     2  stm32f4xx_it.o(i.DebugMon_Handler)
    Ekf_Init                                 0x0800161b   Thumb Code     8  ekf.o(i.Ekf_Init)
    Ekf_Proc                                 0x08001623   Thumb Code    74  ekf.o(i.Ekf_Proc)
    Ekf_Reset                                0x0800166d   Thumb Code    22  ekf.o(i.Ekf_Reset)
    Ekf_SetE                                 0x08001689   Thumb Code     6  ekf.o(i.Ekf_SetE)
    FIFO_Flush                               0x0800168f   Thumb Code    22  fifo.o(i.FIFO_Flush)
    FIFO_GetFree                             0x080016a5   Thumb Code     8  fifo.o(i.FIFO_GetFree)
    FIFO_GetUsed                             0x080016ad   Thumb Code     4  fifo.o(i.FIFO_GetUsed)
    FIFO_Init                                0x080016b1   Thumb Code     8  fifo.o(i.FIFO_Init)
    FIFO_IsEmpty                             0x080016b9   Thumb Code    12  fifo.o(i.FIFO_IsEmpty)
    FIFO_IsFull                              0x080016c5   Thumb Code    16  fifo.o(i.FIFO_IsFull)
    FIFO_Peek                                0x080016d5   Thumb Code    40  fifo.o(i.FIFO_Peek)
    FIFO_Pop                                 0x080016fd   Thumb Code    52  fifo.o(i.FIFO_Pop)
    FIFO_Push                                0x08001731   Thumb Code    58  fifo.o(i.FIFO_Push)
    FS_Clr                                   0x0800176b   Thumb Code     4  sys.o(i.FS_Clr)
    FS_Cpy                                   0x0800176f   Thumb Code     4  sys.o(i.FS_Cpy)
    FS_Det                                   0x08001773   Thumb Code     4  sys.o(i.FS_Det)
    FS_Get                                   0x08001777   Thumb Code     4  sys.o(i.FS_Get)
    Flag_Clr                                 0x0800177b   Thumb Code     8  fun.o(i.Flag_Clr)
    Flag_Cpy                                 0x08001783   Thumb Code    38  fun.o(i.Flag_Cpy)
    Flag_Det                                 0x080017a9   Thumb Code    14  fun.o(i.Flag_Det)
    Flag_Get                                 0x080017b7   Thumb Code     6  fun.o(i.Flag_Get)
    Flash_Read                               0x080017bd   Thumb Code    22  flash.o(i.Flash_Read)
    Fos_Read                                 0x080017d5   Thumb Code    10  fos.o(i.Fos_Read)
    GM_Cmd                                   0x080017e5   Thumb Code    72  motor.o(i.GM_Cmd)
    GPIO_AF                                  0x0800182d   Thumb Code    40  stm32util.o(i.GPIO_AF)
    GPIO_Config                              0x08001855   Thumb Code   236  stm32util.o(i.GPIO_Config)
    GPIO_In                                  0x0800196d   Thumb Code    16  stm32util.o(i.GPIO_In)
    GPIO_Init                                0x0800197d   Thumb Code   162  stm32f4xx_gpio.o(i.GPIO_Init)
    GPIO_Out                                 0x08001a1f   Thumb Code    18  stm32util.o(i.GPIO_Out)
    GPIO_PinAFConfig                         0x08001a31   Thumb Code    32  stm32f4xx_gpio.o(i.GPIO_PinAFConfig)
    GPIO_ReadOutputDataBit                   0x08001a51   Thumb Code    14  stm32f4xx_gpio.o(i.GPIO_ReadOutputDataBit)
    GPIO_ResetBits                           0x08001a5f   Thumb Code     4  stm32f4xx_gpio.o(i.GPIO_ResetBits)
    GPIO_SetBits                             0x08001a63   Thumb Code     4  stm32f4xx_gpio.o(i.GPIO_SetBits)
    GS_Set                                   0x08001a67   Thumb Code     6  sys.o(i.GS_Set)
    GetSwitchEvent                           0x08001d09   Thumb Code    22  rci.o(i.GetSwitchEvent)
    GetSwitchEvents                          0x08001d25   Thumb Code    22  rci.o(i.GetSwitchEvents)
    GetSwitchState                           0x08001d3d   Thumb Code    50  rci.o(i.GetSwitchState)
    GetSwitchStates                          0x08001d75   Thumb Code    22  rci.o(i.GetSwitchStates)
    HCP_Dec                                  0x08001d8b   Thumb Code    30  hcp.o(i.HCP_Dec)
    HCP_Rst                                  0x08001da9   Thumb Code    28  hcp.o(i.HCP_Rst)
    HardFault_Handler                        0x08001dc5   Thumb Code     2  stm32f4xx_it.o(i.HardFault_Handler)
    Hci_Init                                 0x08001dc9   Thumb Code    78  hci.o(i.Hci_Init)
    Hci_Proc                                 0x08001e21   Thumb Code    24  hci.o(i.Hci_Proc)
    Ini_GetFlag                              0x08001e45   Thumb Code     8  ini.o(i.Ini_GetFlag)
    Ini_Init                                 0x08001e51   Thumb Code     8  ini.o(i.Ini_Init)
    Ini_IsDone                               0x08001e5d   Thumb Code     6  ini.o(i.Ini_IsDone)
    Ini_Proc                                 0x08001e65   Thumb Code    98  ini.o(i.Ini_Proc)
    Ios_Init                                 0x08001ed5   Thumb Code    18  ios.o(i.Ios_Init)
    Ios_Read                                 0x08001ef1   Thumb Code    94  ios.o(i.Ios_Read)
    Ios_ReadByte                             0x08001f4f   Thumb Code    54  ios.o(i.Ios_ReadByte)
    Ios_SetIn                                0x08001f85   Thumb Code    10  ios.o(i.Ios_SetIn)
    Ios_SetOut                               0x08001f95   Thumb Code    10  ios.o(i.Ios_SetOut)
    Ios_WriteByte                            0x08001fa5   Thumb Code    24  ios.o(i.Ios_WriteByte)
    KOS_Boot                                 0x08001fbd   Thumb Code    30  kos.o(i.KOS_Boot)
    Led_Config                               0x08001fe1   Thumb Code    40  led.o(i.Led_Config)
    MS_Set                                   0x08002011   Thumb Code     6  sys.o(i.MS_Set)
    Maf_Init                                 0x08002017   Thumb Code     8  maf.o(i.Maf_Init)
    Maf_Proc                                 0x0800201f   Thumb Code    66  maf.o(i.Maf_Proc)
    Maf_Reset                                0x08002061   Thumb Code    28  maf.o(i.Maf_Reset)
    Mec_Config                               0x08002081   Thumb Code     6  mec.o(i.Mec_Config)
    Mec_Decomp                               0x0800208d   Thumb Code    10  mec.o(i.Mec_Decomp)
    Mec_Init                                 0x0800209d   Thumb Code    10  mec.o(i.Mec_Init)
    Mec_Synthe                               0x080020ad   Thumb Code    10  mec.o(i.Mec_Synthe)
    Mecanum_Config                           0x080020bd   Thumb Code    50  mecanum.o(i.Mecanum_Config)
    Mecanum_Decomp                           0x080020ef   Thumb Code   142  mecanum.o(i.Mecanum_Decomp)
    Mecanum_Synthe                           0x0800217d   Thumb Code   114  mecanum.o(i.Mecanum_Synthe)
    MemManage_Handler                        0x080021ef   Thumb Code     2  stm32f4xx_it.o(i.MemManage_Handler)
    Motor_Process                            0x080021f1   Thumb Code   316  can.o(i.Motor_Process)
    Motor_Ready                              0x0800234d   Thumb Code    14  can.o(i.Motor_Ready)
    Motor_Reset                              0x0800235d   Thumb Code    78  can.o(i.Motor_Reset)
    Msg_Pop                                  0x080023b1   Thumb Code   106  msg.o(i.Msg_Pop)
    NMI_Handler                              0x0800241b   Thumb Code     2  stm32f4xx_it.o(i.NMI_Handler)
    NVIC_Config                              0x0800241d   Thumb Code    28  stm32util.o(i.NVIC_Config)
    NVIC_Init                                0x08002439   Thumb Code    96  misc.o(i.NVIC_Init)
    NVIC_PriorityGroupConfig                 0x0800249d   Thumb Code    10  misc.o(i.NVIC_PriorityGroupConfig)
    Odo_Init                                 0x080024b1   Thumb Code   190  odo.o(i.Odo_Init)
    Odo_Proc                                 0x08002579   Thumb Code   286  odo.o(i.Odo_Proc)
    PID_Calc                                 0x080026ad   Thumb Code   218  pid.o(i.PID_Calc)
    PID_Config                               0x0800278d   Thumb Code     6  pid.o(i.PID_Config)
    PID_Reset                                0x080027b1   Thumb Code    14  pid.o(i.PID_Reset)
    PWM_Bind                                 0x080027c5   Thumb Code  5436  stm32util.o(i.PWM_Bind)
    PendSV_Handler                           0x08003d09   Thumb Code     2  stm32f4xx_it.o(i.PendSV_Handler)
    Pwm_Config                               0x08003d0d   Thumb Code    66  pwm.o(i.Pwm_Config)
    RCC_AHB1PeriphClockCmd                   0x08003d59   Thumb Code    18  stm32f4xx_rcc.o(i.RCC_AHB1PeriphClockCmd)
    RCC_APB1PeriphClockCmd                   0x08003d71   Thumb Code    18  stm32f4xx_rcc.o(i.RCC_APB1PeriphClockCmd)
    RCC_APB2PeriphClockCmd                   0x08003d89   Thumb Code    18  stm32f4xx_rcc.o(i.RCC_APB2PeriphClockCmd)
    RCC_GetClocksFreq                        0x08003da1   Thumb Code   132  stm32f4xx_rcc.o(i.RCC_GetClocksFreq)
    RCP_Dec                                  0x08003e35   Thumb Code    78  rcp.o(i.RCP_Dec)
    RCP_Rst                                  0x08003e85   Thumb Code    38  rcp.o(i.RCP_Rst)
    Rci_Init                                 0x08003ead   Thumb Code    36  rci.o(i.Rci_Init)
    Rci_Proc                                 0x08003ed5   Thumb Code    18  rci.o(i.Rci_Proc)
    RcvCallback                              0x08003ee7   Thumb Code     4  rcv_srv.o(i.RcvCallback)
    Rcv_Config                               0x08003eed   Thumb Code   126  rcv.o(i.Rcv_Config)
    Rcv_Proc                                 0x08003f81   Thumb Code    28  dci.o(i.Rcv_Proc)
    Rmp_Calc                                 0x08003fa1   Thumb Code    40  rmp.o(i.Rmp_Calc)
    Rmp_Config                               0x08003fc9   Thumb Code     4  rmp.o(i.Rmp_Config)
    Rmp_Reset                                0x08003fed   Thumb Code     6  rmp.o(i.Rmp_Reset)
    SVC_Handler                              0x08003ff3   Thumb Code     2  stm32f4xx_it.o(i.SVC_Handler)
    Sch_Arrange                              0x08003ff5   Thumb Code    58  sch.o(i.Sch_Arrange)
    Sch_Init                                 0x08004035   Thumb Code    22  sch.o(i.Sch_Init)
    Sch_Proc                                 0x08004051   Thumb Code    38  sch.o(i.Sch_Proc)
    SyncTimCallback                          0x0800414d   Thumb Code     4  tim_srv.o(i.SyncTimCallback)
    SyncTim_Config                           0x08004151   Thumb Code    38  tim.o(i.SyncTim_Config)
    SyncTim_Start                            0x0800417d   Thumb Code    34  tim.o(i.SyncTim_Start)
    SystemInit                               0x080041a5   Thumb Code    74  system_stm32f4xx.o(i.SystemInit)
    TIM2_IRQHandler                          0x08004201   Thumb Code    42  tim.o(i.TIM2_IRQHandler)
    TIM6_DAC_IRQHandler                      0x0800422d   Thumb Code    42  tim.o(i.TIM6_DAC_IRQHandler)
    TIM_ARRPreloadConfig                     0x0800425d   Thumb Code    20  stm32f4xx_tim.o(i.TIM_ARRPreloadConfig)
    TIM_ClearFlag                            0x08004271   Thumb Code     6  stm32f4xx_tim.o(i.TIM_ClearFlag)
    TIM_ClearITPendingBit                    0x08004277   Thumb Code     6  stm32f4xx_tim.o(i.TIM_ClearITPendingBit)
    TIM_Cmd                                  0x0800427d   Thumb Code    20  stm32f4xx_tim.o(i.TIM_Cmd)
    TIM_Config                               0x08004291   Thumb Code   276  stm32util.o(i.TIM_Config)
    TIM_GetITStatus                          0x080043d5   Thumb Code    24  stm32f4xx_tim.o(i.TIM_GetITStatus)
    TIM_ITConfig                             0x080043ed   Thumb Code    16  stm32f4xx_tim.o(i.TIM_ITConfig)
    TIM_OC1Init                              0x080043fd   Thumb Code    88  stm32f4xx_tim.o(i.TIM_OC1Init)
    TIM_OC1PreloadConfig                     0x0800445d   Thumb Code    12  stm32f4xx_tim.o(i.TIM_OC1PreloadConfig)
    TIM_OC2Init                              0x08004469   Thumb Code   120  stm32f4xx_tim.o(i.TIM_OC2Init)
    TIM_OC2PreloadConfig                     0x080044e9   Thumb Code    20  stm32f4xx_tim.o(i.TIM_OC2PreloadConfig)
    TIM_OC3Init                              0x080044fd   Thumb Code   116  stm32f4xx_tim.o(i.TIM_OC3Init)
    TIM_OC3PreloadConfig                     0x08004579   Thumb Code    12  stm32f4xx_tim.o(i.TIM_OC3PreloadConfig)
    TIM_OC4Init                              0x08004585   Thumb Code    88  stm32f4xx_tim.o(i.TIM_OC4Init)
    TIM_OC4PreloadConfig                     0x080045e5   Thumb Code    20  stm32f4xx_tim.o(i.TIM_OC4PreloadConfig)
    TIM_OC_Config                            0x080045f9   Thumb Code   130  stm32util.o(i.TIM_OC_Config)
    TIM_TimeBaseInit                         0x0800467d   Thumb Code    96  stm32f4xx_tim.o(i.TIM_TimeBaseInit)
    TickTimCallback                          0x080046f9   Thumb Code     4  tim_srv.o(i.TickTimCallback)
    TickTim_Config                           0x080046fd   Thumb Code    36  tim.o(i.TickTim_Config)
    TickTim_Start                            0x08004721   Thumb Code    34  tim.o(i.TickTim_Start)
    Tim_Config                               0x08004743   Thumb Code    14  tim.o(i.Tim_Config)
    Tim_Start                                0x08004751   Thumb Code    14  tim.o(i.Tim_Start)
    TtyRxCallback                            0x0800475f   Thumb Code     4  com_srv.o(i.TtyRxCallback)
    Tty_Config                               0x08004765   Thumb Code    94  tty.o(i.Tty_Config)
    Tty_Proc                                 0x080047d5   Thumb Code     6  com.o(i.Tty_Proc)
    Tty_Read                                 0x080047dd   Thumb Code    28  tty.o(i.Tty_Read)
    Tty_ReadByte                             0x080047f9   Thumb Code    60  tty.o(i.Tty_ReadByte)
    Tty_RxCnt                                0x0800483d   Thumb Code     6  tty.o(i.Tty_RxCnt)
    Tty_WriteByte                            0x08004849   Thumb Code    50  tty.o(i.Tty_WriteByte)
    USART1_IRQHandler                        0x08004885   Thumb Code   104  rcv.o(i.USART1_IRQHandler)
    USART2_IRQHandler                        0x080048f9   Thumb Code   142  btm.o(i.USART2_IRQHandler)
    USART3_IRQHandler                        0x08004991   Thumb Code   142  dbi.o(i.USART3_IRQHandler)
    USART6_IRQHandler                        0x08004a29   Thumb Code   142  tty.o(i.USART6_IRQHandler)
    USART_Bind                               0x08004ac1   Thumb Code  3544  stm32util.o(i.USART_Bind)
    USART_Cmd                                0x080058a1   Thumb Code    20  stm32f4xx_usart.o(i.USART_Cmd)
    USART_Config                             0x080058b5   Thumb Code   366  stm32util.o(i.USART_Config)
    USART_DMACmd                             0x08005a45   Thumb Code    16  stm32f4xx_usart.o(i.USART_DMACmd)
    USART_GetITStatus                        0x08005a55   Thumb Code    62  stm32f4xx_usart.o(i.USART_GetITStatus)
    USART_ITConfig                           0x08005a93   Thumb Code    48  stm32f4xx_usart.o(i.USART_ITConfig)
    USART_Init                               0x08005ac5   Thumb Code   164  stm32f4xx_usart.o(i.USART_Init)
    USART_ReceiveData                        0x08005b71   Thumb Code     8  stm32f4xx_usart.o(i.USART_ReceiveData)
    USART_SendData                           0x08005b79   Thumb Code     8  stm32f4xx_usart.o(i.USART_SendData)
    Upd_Init                                 0x08005b81   Thumb Code    14  upd.o(i.Upd_Init)
    Upd_Proc                                 0x08005b8f   Thumb Code    54  upd.o(i.Upd_Proc)
    UsageFault_Handler                       0x08005bc5   Thumb Code     2  stm32f4xx_it.o(i.UsageFault_Handler)
    VCBUS_Proc                               0x08005bc9   Thumb Code    42  aci.o(i.VCBUS_Proc)
    VDBUS_Proc                               0x08005bfd   Thumb Code    32  aci.o(i.VDBUS_Proc)
    VHC_Proc                                 0x08005c1d   Thumb Code    42  aci.o(i.VHC_Proc)
    VRC_Proc                                 0x08005c51   Thumb Code    42  aci.o(i.VRC_Proc)
    Wdg_Feed                                 0x08005c85   Thumb Code    10  wdg.o(i.Wdg_Feed)
    Wdg_Init                                 0x08005c95   Thumb Code    34  wdg.o(i.Wdg_Init)
    Wdg_IsErrSet                             0x08005cc1   Thumb Code     8  wdg.o(i.Wdg_IsErrSet)
    Wdg_IsOkay                               0x08005ccd   Thumb Code    34  wdg.o(i.Wdg_IsOkay)
    Wdg_Proc                                 0x08005cf1   Thumb Code    58  wdg.o(i.Wdg_Proc)
    Wsm_GetLastWorkingState                  0x08005d35   Thumb Code     6  wsm.o(i.Wsm_GetLastWorkingState)
    Wsm_GetWorkingState                      0x08005d41   Thumb Code     6  wsm.o(i.Wsm_GetWorkingState)
    Wsm_Init                                 0x08005d4d   Thumb Code    10  wsm.o(i.Wsm_Init)
    Wsm_Proc                                 0x08005d5d   Thumb Code   114  wsm.o(i.Wsm_Proc)
    ZGyro_Process                            0x08005dd5   Thumb Code   124  can.o(i.ZGyro_Process)
    ZGyro_Ready                              0x08005e5d   Thumb Code    14  can.o(i.ZGyro_Ready)
    ZGyro_Reset                              0x08005e6d   Thumb Code    36  can.o(i.ZGyro_Reset)
    __scatterload_copy                       0x08005e95   Thumb Code    14  handlers.o(i.__scatterload_copy)
    __scatterload_null                       0x08005ea3   Thumb Code     2  handlers.o(i.__scatterload_null)
    __scatterload_zeroinit                   0x08005ea5   Thumb Code    14  handlers.o(i.__scatterload_zeroinit)
    constrain                                0x08005eb3   Thumb Code    32  fun.o(i.constrain)
    main                                     0x08005ef1   Thumb Code    10  main.o(i.main)
    malloc                                   0x08005efd   Thumb Code    92  malloc.o(i.malloc)
    map                                      0x08005f69   Thumb Code    56  fun.o(i.map)
    WDG                                      0x08006184   Data          64  wdg.o(.constdata)
    msg_header_vrc                           0x080063c4   Data           4  msg.o(.constdata)
    msg_header_vhc                           0x080063c8   Data           4  msg.o(.constdata)
    msg_header_vdbus                         0x080063cc   Data           4  msg.o(.constdata)
    msg_header_vcbus                         0x080063d0   Data           4  msg.o(.constdata)
    Region$$Table$$Base                      0x080063d4   Number         0  anon$$obj.o(Region$$Table)
    Region$$Table$$Limit                     0x080063f4   Number         0  anon$$obj.o(Region$$Table)
    cfg_sync_flag                            0x20000008   Data           1  cfg.o(.data)
    cfg                                      0x2000000c   Data         148  cfg.o(.data)
    CM1SpeedRmp                              0x200000a4   Data           8  ctl.o(.data)
    CM2SpeedRmp                              0x200000ac   Data           8  ctl.o(.data)
    CM3SpeedRmp                              0x200000b4   Data           8  ctl.o(.data)
    CM4SpeedRmp                              0x200000bc   Data           8  ctl.o(.data)
    GMPSpeedRmp                              0x200000c4   Data           8  ctl.o(.data)
    mouseButtonStates                        0x200000cc   Data           2  hci.o(.data)
    mouseButtonEvents                        0x200000ce   Data           2  hci.o(.data)
    _in                                      0x200000e0   Data           4  ios.o(.data)
    _out                                     0x200000e4   Data           4  ios.o(.data)
    switchStates                             0x200000e8   Data           2  rci.o(.data)
    switchEvents                             0x200000ea   Data           2  rci.o(.data)
    lastSwitchStates                         0x200000ee   Data           2  rci.o(.data)
    wdg                                      0x200000fc   Data          64  wdg.o(.data)
    __microlib_freelist                      0x20000150   Data           4  mvars.o(.data)
    __microlib_freelist_initialised          0x20000154   Data           4  mvars.o(.data)
    zgyro                                    0x20000158   Data          44  can.o(.bss)
    motor                                    0x20000184   Data         648  can.o(.bss)
    cmd                                      0x2000040c   Data          40  cmd.o(.bss)
    vdbus                                    0x20000434   Data          22  com.o(.bss)
    vcbus                                    0x2000044c   Data          16  com.o(.bss)
    ctl                                      0x20000670   Data          28  ctl.o(.bss)
    CM1SpeedPID                              0x2000068c   Data          40  ctl.o(.bss)
    CM2SpeedPID                              0x200006b4   Data          40  ctl.o(.bss)
    CM3SpeedPID                              0x200006dc   Data          40  ctl.o(.bss)
    CM4SpeedPID                              0x20000704   Data          40  ctl.o(.bss)
    GMPSpeedPID                              0x2000072c   Data          40  ctl.o(.bss)
    dbus                                     0x20000754   Data          22  dci.o(.bss)
    mecanum                                  0x20000814   Data          20  mec.o(.bss)
    odo                                      0x20000828   Data         100  odo.o(.bss)
    __heap_base                              0x20000f50   Data           0  startup_stm32f427xx.o(HEAP)
    __heap_limit                             0x20001f50   Data           0  startup_stm32f427xx.o(HEAP)
    __initial_sp                             0x20002350   Data           0  startup_stm32f427xx.o(STACK)



==============================================================================

Memory Map of the image

  Image Entry point : 0x080001ad

  Load Region LR_IROM1 (Base: 0x08000000, Size: 0x0000654c, Max: 0x00200000, ABSOLUTE, COMPRESSED[0x00006458])

    Execution Region ER_IROM1 (Base: 0x08000000, Size: 0x000063f4, Max: 0x00200000, ABSOLUTE)

    Base Addr    Size         Type   Attr      Idx    E Section Name        Object

    0x08000000   0x000001ac   Data   RO         8366    RESET               startup_stm32f427xx.o
    0x080001ac   0x00000000   Code   RO         8409  * .ARM.Collect$$$$00000000  mc_w.l(entry.o)
    0x080001ac   0x00000004   Code   RO         8756    .ARM.Collect$$$$00000001  mc_w.l(entry2.o)
    0x080001b0   0x00000004   Code   RO         8759    .ARM.Collect$$$$00000004  mc_w.l(entry5.o)
    0x080001b4   0x00000000   Code   RO         8761    .ARM.Collect$$$$00000008  mc_w.l(entry7b.o)
    0x080001b4   0x00000000   Code   RO         8763    .ARM.Collect$$$$0000000A  mc_w.l(entry8b.o)
    0x080001b4   0x00000008   Code   RO         8764    .ARM.Collect$$$$0000000B  mc_w.l(entry9a.o)
    0x080001bc   0x00000000   Code   RO         8766    .ARM.Collect$$$$0000000D  mc_w.l(entry10a.o)
    0x080001bc   0x00000000   Code   RO         8768    .ARM.Collect$$$$0000000F  mc_w.l(entry11a.o)
    0x080001bc   0x00000004   Code   RO         8757    .ARM.Collect$$$$00002712  mc_w.l(entry2.o)
    0x080001c0   0x00000024   Code   RO         8367    .text               startup_stm32f427xx.o
    0x080001e4   0x00000024   Code   RO         8412    .text               mc_w.l(memcpya.o)
    0x08000208   0x00000024   Code   RO         8414    .text               mc_w.l(memseta.o)
    0x0800022c   0x00000024   Code   RO         8801    .text               mc_w.l(init.o)
    0x08000250   0x00000056   Code   RO         8817    .text               mc_w.l(__dczerorl2.o)
    0x080002a6   0x00000002   PAD
    0x080002a8   0x0000002c   Code   RO          589    i.Act_Init          act.o
    0x080002d4   0x000000bc   Code   RO          590    i.Act_Proc          act.o
    0x08000390   0x0000002a   Code   RO          619    i.App_Init          app.o
    0x080003ba   0x0000001a   Code   RO          620    i.App_Proc          app.o
    0x080003d4   0x00000044   Code   RO         2523    i.Bsp_Config        bsp.o
    0x08000418   0x00000004   Code   RO         2408    i.BtmRxCallback     com_srv.o
    0x0800041c   0x00000070   Code   RO         2547    i.Btm_Config        btm.o
    0x0800048c   0x00000006   Code   RO          944    i.Btm_Proc          com.o
    0x08000492   0x00000002   PAD
    0x08000494   0x0000001c   Code   RO         2549    i.Btm_Read          btm.o
    0x080004b0   0x00000044   Code   RO         2550    i.Btm_ReadByte      btm.o
    0x080004f4   0x0000000c   Code   RO         2551    i.Btm_RxCnt         btm.o
    0x08000500   0x0000003c   Code   RO         2553    i.Btm_WriteByte     btm.o
    0x0800053c   0x0000000c   Code   RO         2615    i.Btn_Config        btn.o
    0x08000548   0x00000002   Code   RO          364    i.BusFault_Handler  stm32f4xx_it.o
    0x0800054a   0x00000002   PAD
    0x0800054c   0x00000044   Code   RO         2639    i.CAN1_RX0_IRQHandler  can1.o
    0x08000590   0x00000024   Code   RO         2640    i.CAN1_TX_IRQHandler  can1.o
    0x080005b4   0x00000044   Code   RO         2675    i.CAN2_RX0_IRQHandler  can2.o
    0x080005f8   0x00000024   Code   RO         2676    i.CAN2_TX_IRQHandler  can2.o
    0x0800061c   0x00000030   Code   RO         3547    i.CAN_ClearFlag     stm32f4xx_can.o
    0x0800064c   0x00000078   Code   RO         3548    i.CAN_ClearITPendingBit  stm32f4xx_can.o
    0x080006c4   0x0000006c   Code   RO         2859    i.CAN_Config        stm32util.o
    0x08000730   0x000000cc   Code   RO         3552    i.CAN_FilterInit    stm32f4xx_can.o
    0x080007fc   0x00000036   Code   RO         2860    i.CAN_Filter_Config  stm32util.o
    0x08000832   0x00000002   PAD
    0x08000834   0x000000a8   Code   RO         3554    i.CAN_GetITStatus   stm32f4xx_can.o
    0x080008dc   0x00000010   Code   RO         3558    i.CAN_ITConfig      stm32f4xx_can.o
    0x080008ec   0x000000e8   Code   RO         3559    i.CAN_Init          stm32f4xx_can.o
    0x080009d4   0x00000090   Code   RO         3562    i.CAN_Receive       stm32f4xx_can.o
    0x08000a64   0x000000a4   Code   RO         3567    i.CAN_Transmit      stm32f4xx_can.o
    0x08000b08   0x0000004e   Code   RO         3171    i.CM_Cmd            motor.o
    0x08000b56   0x00000002   PAD
    0x08000b58   0x00000030   Code   RO         1858    i.CRC16Calc         crc16.o
    0x08000b88   0x00000030   Code   RO         1859    i.CRC16Check        crc16.o
    0x08000bb8   0x00000006   Code   RO         1618    i.CS_Set            sys.o
    0x08000bbe   0x00000004   Code   RO         2387    i.Can1RxCallback    can_srv.o
    0x08000bc2   0x00000002   PAD
    0x08000bc4   0x00000070   Code   RO         2641    i.Can1_Config       can1.o
    0x08000c34   0x00000004   Code   RO         2388    i.Can2RxCallback    can_srv.o
    0x08000c38   0x00000070   Code   RO         2677    i.Can2_Config       can2.o
    0x08000ca8   0x00000030   Code   RO          676    i.Can_Init          can.o
    0x08000cd8   0x000000b4   Code   RO          677    i.Can_Proc          can.o
    0x08000d8c   0x00000002   Code   RO          739    i.Cci_Init          cci.o
    0x08000d8e   0x00000002   PAD
    0x08000d90   0x000000c8   Code   RO          740    i.Cci_Proc          cci.o
    0x08000e58   0x0000000c   Code   RO          770    i.Cfg_GetFlag       cfg.o
    0x08000e64   0x000000dc   Code   RO          772    i.Cfg_Init          cfg.o
    0x08000f40   0x0000000c   Code   RO          773    i.Cfg_IsSynced      cfg.o
    0x08000f4c   0x00000006   Code   RO          774    i.Cfg_Load          cfg.o
    0x08000f52   0x00000002   PAD
    0x08000f54   0x000000b0   Code   RO         1002    i.ChassisVelocityControl  ctl.o
    0x08001004   0x0000000c   Code   RO         3570    i.CheckITStatus     stm32f4xx_can.o
    0x08001010   0x00000014   Code   RO          864    i.Clk_GetMsTick     clk.o
    0x08001024   0x0000000c   Code   RO          866    i.Clk_Init          clk.o
    0x08001030   0x00000010   Code   RO          867    i.Clk_Spin          clk.o
    0x08001040   0x00000064   Code   RO          908    i.Cmd_Init          cmd.o
    0x080010a4   0x000000e0   Code   RO          909    i.Cmd_Proc          cmd.o
    0x08001184   0x00000014   Code   RO          945    i.Com_Init          com.o
    0x08001198   0x000000ac   Code   RO          946    i.Com_Proc          com.o
    0x08001244   0x000000a4   Code   RO         1003    i.Ctl_Init          ctl.o
    0x080012e8   0x00000064   Code   RO         1004    i.Ctl_Proc          ctl.o
    0x0800134c   0x00000018   Code   RO         1883    i.DBUS_Dec          dbus.o
    0x08001364   0x00000014   Code   RO         1885    i.DBUS_Rst          dbus.o
    0x08001378   0x00000014   Code   RO         4327    i.DMA_Cmd           stm32f4xx_dma.o
    0x0800138c   0x0000006c   Code   RO         2861    i.DMA_Config        stm32util.o
    0x080013f8   0x00000014   Code   RO         4329    i.DMA_DoubleBufferModeCmd  stm32f4xx_dma.o
    0x0800140c   0x00000016   Code   RO         4330    i.DMA_DoubleBufferModeConfig  stm32f4xx_dma.o
    0x08001422   0x00000006   Code   RO         4333    i.DMA_GetCurrDataCounter  stm32f4xx_dma.o
    0x08001428   0x0000000e   Code   RO         4334    i.DMA_GetCurrentMemoryTarget  stm32f4xx_dma.o
    0x08001436   0x00000002   PAD
    0x08001438   0x00000054   Code   RO         4339    i.DMA_Init          stm32f4xx_dma.o
    0x0800148c   0x00000004   Code   RO         2409    i.DbiRxCallback     com_srv.o
    0x08001490   0x00000070   Code   RO         2711    i.Dbi_Config        dbi.o
    0x08001500   0x00000006   Code   RO          947    i.Dbi_Proc          com.o
    0x08001506   0x00000002   PAD
    0x08001508   0x0000001c   Code   RO         2713    i.Dbi_Read          dbi.o
    0x08001524   0x00000044   Code   RO         2714    i.Dbi_ReadByte      dbi.o
    0x08001568   0x0000000c   Code   RO         2715    i.Dbi_RxCnt         dbi.o
    0x08001574   0x0000003c   Code   RO         2717    i.Dbi_WriteByte     dbi.o
    0x080015b0   0x00000018   Code   RO         1169    i.Dci_Init          dci.o
    0x080015c8   0x00000050   Code   RO         1170    i.Dci_Proc          dci.o
    0x08001618   0x00000002   Code   RO          365    i.DebugMon_Handler  stm32f4xx_it.o
    0x0800161a   0x00000008   Code   RO         1909    i.Ekf_Init          ekf.o
    0x08001622   0x0000004a   Code   RO         1910    i.Ekf_Proc          ekf.o
    0x0800166c   0x0000001c   Code   RO         1911    i.Ekf_Reset         ekf.o
    0x08001688   0x00000006   Code   RO         1913    i.Ekf_SetE          ekf.o
    0x0800168e   0x00000016   Code   RO         2008    i.FIFO_Flush        fifo.o
    0x080016a4   0x00000008   Code   RO         2009    i.FIFO_GetFree      fifo.o
    0x080016ac   0x00000004   Code   RO         2011    i.FIFO_GetUsed      fifo.o
    0x080016b0   0x00000008   Code   RO         2012    i.FIFO_Init         fifo.o
    0x080016b8   0x0000000c   Code   RO         2013    i.FIFO_IsEmpty      fifo.o
    0x080016c4   0x00000010   Code   RO         2014    i.FIFO_IsFull       fifo.o
    0x080016d4   0x00000028   Code   RO         2015    i.FIFO_Peek         fifo.o
    0x080016fc   0x00000034   Code   RO         2016    i.FIFO_Pop          fifo.o
    0x08001730   0x0000003a   Code   RO         2017    i.FIFO_Push         fifo.o
    0x0800176a   0x00000004   Code   RO         1619    i.FS_Clr            sys.o
    0x0800176e   0x00000004   Code   RO         1620    i.FS_Cpy            sys.o
    0x08001772   0x00000004   Code   RO         1621    i.FS_Det            sys.o
    0x08001776   0x00000004   Code   RO         1622    i.FS_Get            sys.o
    0x0800177a   0x00000008   Code   RO         1238    i.Flag_Clr          fun.o
    0x08001782   0x00000026   Code   RO         1239    i.Flag_Cpy          fun.o
    0x080017a8   0x0000000e   Code   RO         1240    i.Flag_Det          fun.o
    0x080017b6   0x00000006   Code   RO         1241    i.Flag_Get          fun.o
    0x080017bc   0x00000016   Code   RO         3137    i.Flash_Read        flash.o
    0x080017d2   0x00000002   PAD
    0x080017d4   0x00000010   Code   RO         1211    i.Fos_Read          fos.o
    0x080017e4   0x00000048   Code   RO         3172    i.GM_Cmd            motor.o
    0x0800182c   0x00000028   Code   RO         2865    i.GPIO_AF           stm32util.o
    0x08001854   0x00000118   Code   RO         2866    i.GPIO_Config       stm32util.o
    0x0800196c   0x00000010   Code   RO         2867    i.GPIO_In           stm32util.o
    0x0800197c   0x000000a2   Code   RO         5196    i.GPIO_Init         stm32f4xx_gpio.o
    0x08001a1e   0x00000012   Code   RO         2868    i.GPIO_Out          stm32util.o
    0x08001a30   0x00000020   Code   RO         5197    i.GPIO_PinAFConfig  stm32f4xx_gpio.o
    0x08001a50   0x0000000e   Code   RO         5202    i.GPIO_ReadOutputDataBit  stm32f4xx_gpio.o
    0x08001a5e   0x00000004   Code   RO         5203    i.GPIO_ResetBits    stm32f4xx_gpio.o
    0x08001a62   0x00000004   Code   RO         5204    i.GPIO_SetBits      stm32f4xx_gpio.o
    0x08001a66   0x00000006   Code   RO         1625    i.GS_Set            sys.o
    0x08001a6c   0x000000e0   Code   RO         1293    i.GetChassisVelocityRef  hci.o
    0x08001b4c   0x00000090   Code   RO         1551    i.GetChassisVelocityRef  rci.o
    0x08001bdc   0x00000058   Code   RO         1294    i.GetFunctionalStateRef  hci.o
    0x08001c34   0x0000006c   Code   RO         1295    i.GetGrabberVelocityRef  hci.o
    0x08001ca0   0x00000068   Code   RO         1552    i.GetGrabberVelocityRef  rci.o
    0x08001d08   0x0000001c   Code   RO         1553    i.GetSwitchEvent    rci.o
    0x08001d24   0x00000016   Code   RO         1554    i.GetSwitchEvents   rci.o
    0x08001d3a   0x00000002   PAD
    0x08001d3c   0x00000038   Code   RO         1555    i.GetSwitchState    rci.o
    0x08001d74   0x00000016   Code   RO         1556    i.GetSwitchStates   rci.o
    0x08001d8a   0x0000001e   Code   RO         2120    i.HCP_Dec           hcp.o
    0x08001da8   0x0000001c   Code   RO         2122    i.HCP_Rst           hcp.o
    0x08001dc4   0x00000002   Code   RO          366    i.HardFault_Handler  stm32f4xx_it.o
    0x08001dc6   0x00000002   PAD
    0x08001dc8   0x00000058   Code   RO         1296    i.Hci_Init          hci.o
    0x08001e20   0x00000018   Code   RO         1297    i.Hci_Proc          hci.o
    0x08001e38   0x0000000c   Code   RO         1345    i.Ini_Check         ini.o
    0x08001e44   0x0000000c   Code   RO         1346    i.Ini_GetFlag       ini.o
    0x08001e50   0x0000000c   Code   RO         1347    i.Ini_Init          ini.o
    0x08001e5c   0x00000006   Code   RO         1348    i.Ini_IsDone        ini.o
    0x08001e62   0x00000002   PAD
    0x08001e64   0x00000070   Code   RO         1349    i.Ini_Proc          ini.o
    0x08001ed4   0x0000001c   Code   RO         1394    i.Ios_Init          ios.o
    0x08001ef0   0x0000005e   Code   RO         1395    i.Ios_Read          ios.o
    0x08001f4e   0x00000036   Code   RO         1396    i.Ios_ReadByte      ios.o
    0x08001f84   0x00000010   Code   RO         1397    i.Ios_SetIn         ios.o
    0x08001f94   0x00000010   Code   RO         1398    i.Ios_SetOut        ios.o
    0x08001fa4   0x00000018   Code   RO         1400    i.Ios_WriteByte     ios.o
    0x08001fbc   0x00000024   Code   RO          433    i.KOS_Boot          kos.o
    0x08001fe0   0x00000030   Code   RO         2779    i.Led_Config        led.o
    0x08002010   0x00000006   Code   RO         1626    i.MS_Set            sys.o
    0x08002016   0x00000008   Code   RO         2146    i.Maf_Init          maf.o
    0x0800201e   0x00000042   Code   RO         2147    i.Maf_Proc          maf.o
    0x08002060   0x00000020   Code   RO         2148    i.Maf_Reset         maf.o
    0x08002080   0x0000000c   Code   RO         1467    i.Mec_Config        mec.o
    0x0800208c   0x00000010   Code   RO         1468    i.Mec_Decomp        mec.o
    0x0800209c   0x00000010   Code   RO         1469    i.Mec_Init          mec.o
    0x080020ac   0x00000010   Code   RO         1470    i.Mec_Synthe        mec.o
    0x080020bc   0x00000032   Code   RO         2180    i.Mecanum_Config    mecanum.o
    0x080020ee   0x0000008e   Code   RO         2181    i.Mecanum_Decomp    mecanum.o
    0x0800217c   0x00000072   Code   RO         2182    i.Mecanum_Synthe    mecanum.o
    0x080021ee   0x00000002   Code   RO          367    i.MemManage_Handler  stm32f4xx_it.o
    0x080021f0   0x0000015c   Code   RO          678    i.Motor_Process     can.o
    0x0800234c   0x0000000e   Code   RO          679    i.Motor_Ready       can.o
    0x0800235a   0x00000002   PAD
    0x0800235c   0x00000054   Code   RO          680    i.Motor_Reset       can.o
    0x080023b0   0x0000006a   Code   RO         2204    i.Msg_Pop           msg.o
    0x0800241a   0x00000002   Code   RO          368    i.NMI_Handler       stm32f4xx_it.o
    0x0800241c   0x0000001c   Code   RO         2869    i.NVIC_Config       stm32util.o
    0x08002438   0x00000064   Code   RO         3252    i.NVIC_Init         misc.o
    0x0800249c   0x00000014   Code   RO         3253    i.NVIC_PriorityGroupConfig  misc.o
    0x080024b0   0x000000c8   Code   RO         1515    i.Odo_Init          odo.o
    0x08002578   0x00000134   Code   RO         1516    i.Odo_Proc          odo.o
    0x080026ac   0x000000e0   Code   RO         2231    i.PID_Calc          pid.o
    0x0800278c   0x00000006   Code   RO         2232    i.PID_Config        pid.o
    0x08002792   0x00000002   PAD
    0x08002794   0x0000001c   Code   RO         1005    i.PID_Init          ctl.o
    0x080027b0   0x00000014   Code   RO         2233    i.PID_Reset         pid.o
    0x080027c4   0x00001544   Code   RO         2870    i.PWM_Bind          stm32util.o
    0x08003d08   0x00000002   Code   RO          369    i.PendSV_Handler    stm32f4xx_it.o
    0x08003d0a   0x00000002   PAD
    0x08003d0c   0x0000004c   Code   RO         2803    i.Pwm_Config        pwm.o
    0x08003d58   0x00000018   Code   RO         6134    i.RCC_AHB1PeriphClockCmd  stm32f4xx_rcc.o
    0x08003d70   0x00000018   Code   RO         6143    i.RCC_APB1PeriphClockCmd  stm32f4xx_rcc.o
    0x08003d88   0x00000018   Code   RO         6146    i.RCC_APB2PeriphClockCmd  stm32f4xx_rcc.o
    0x08003da0   0x00000094   Code   RO         6155    i.RCC_GetClocksFreq  stm32f4xx_rcc.o
    0x08003e34   0x0000004e   Code   RO         2255    i.RCP_Dec           rcp.o
    0x08003e82   0x00000002   PAD
    0x08003e84   0x00000026   Code   RO         2257    i.RCP_Rst           rcp.o
    0x08003eaa   0x00000002   PAD
    0x08003eac   0x00000028   Code   RO         1557    i.Rci_Init          rci.o
    0x08003ed4   0x00000012   Code   RO         1558    i.Rci_Proc          rci.o
    0x08003ee6   0x00000004   Code   RO         2444    i.RcvCallback       rcv_srv.o
    0x08003eea   0x00000002   PAD
    0x08003eec   0x00000094   Code   RO         2827    i.Rcv_Config        rcv.o
    0x08003f80   0x00000020   Code   RO         1171    i.Rcv_Proc          dci.o
    0x08003fa0   0x00000028   Code   RO         2279    i.Rmp_Calc          rmp.o
    0x08003fc8   0x00000004   Code   RO         2280    i.Rmp_Config        rmp.o
    0x08003fcc   0x00000020   Code   RO         1006    i.Rmp_Init          ctl.o
    0x08003fec   0x00000006   Code   RO         2282    i.Rmp_Reset         rmp.o
    0x08003ff2   0x00000002   Code   RO          370    i.SVC_Handler       stm32f4xx_it.o
    0x08003ff4   0x00000040   Code   RO          469    i.Sch_Arrange       sch.o
    0x08004034   0x0000001c   Code   RO          471    i.Sch_Init          sch.o
    0x08004050   0x0000002c   Code   RO          472    i.Sch_Proc          sch.o
    0x0800407c   0x000000d0   Code   RO         8326    i.SetSysClock       system_stm32f4xx.o
    0x0800414c   0x00000004   Code   RO         2490    i.SyncTimCallback   tim_srv.o
    0x08004150   0x0000002c   Code   RO         2971    i.SyncTim_Config    tim.o
    0x0800417c   0x00000028   Code   RO         2972    i.SyncTim_Start     tim.o
    0x080041a4   0x0000005c   Code   RO         8328    i.SystemInit        system_stm32f4xx.o
    0x08004200   0x0000002a   Code   RO         2974    i.TIM2_IRQHandler   tim.o
    0x0800422a   0x00000002   PAD
    0x0800422c   0x00000030   Code   RO         2975    i.TIM6_DAC_IRQHandler  tim.o
    0x0800425c   0x00000014   Code   RO         7519    i.TIM_ARRPreloadConfig  stm32f4xx_tim.o
    0x08004270   0x00000006   Code   RO         7525    i.TIM_ClearFlag     stm32f4xx_tim.o
    0x08004276   0x00000006   Code   RO         7526    i.TIM_ClearITPendingBit  stm32f4xx_tim.o
    0x0800427c   0x00000014   Code   RO         7531    i.TIM_Cmd           stm32f4xx_tim.o
    0x08004290   0x00000144   Code   RO         2871    i.TIM_Config        stm32util.o
    0x080043d4   0x00000018   Code   RO         7552    i.TIM_GetITStatus   stm32f4xx_tim.o
    0x080043ec   0x00000010   Code   RO         7556    i.TIM_ITConfig      stm32f4xx_tim.o
    0x080043fc   0x00000060   Code   RO         7560    i.TIM_OC1Init       stm32f4xx_tim.o
    0x0800445c   0x0000000c   Code   RO         7563    i.TIM_OC1PreloadConfig  stm32f4xx_tim.o
    0x08004468   0x00000080   Code   RO         7565    i.TIM_OC2Init       stm32f4xx_tim.o
    0x080044e8   0x00000014   Code   RO         7568    i.TIM_OC2PreloadConfig  stm32f4xx_tim.o
    0x080044fc   0x0000007c   Code   RO         7570    i.TIM_OC3Init       stm32f4xx_tim.o
    0x08004578   0x0000000c   Code   RO         7573    i.TIM_OC3PreloadConfig  stm32f4xx_tim.o
    0x08004584   0x00000060   Code   RO         7575    i.TIM_OC4Init       stm32f4xx_tim.o
    0x080045e4   0x00000014   Code   RO         7577    i.TIM_OC4PreloadConfig  stm32f4xx_tim.o
    0x080045f8   0x00000082   Code   RO         2872    i.TIM_OC_Config     stm32util.o
    0x0800467a   0x00000002   PAD
    0x0800467c   0x0000007c   Code   RO         7603    i.TIM_TimeBaseInit  stm32f4xx_tim.o
    0x080046f8   0x00000004   Code   RO         2491    i.TickTimCallback   tim_srv.o
    0x080046fc   0x00000024   Code   RO         2976    i.TickTim_Config    tim.o
    0x08004720   0x00000022   Code   RO         2977    i.TickTim_Start     tim.o
    0x08004742   0x0000000e   Code   RO         2979    i.Tim_Config        tim.o
    0x08004750   0x0000000e   Code   RO         2980    i.Tim_Start         tim.o
    0x0800475e   0x00000004   Code   RO         2410    i.TtyRxCallback     com_srv.o
    0x08004762   0x00000002   PAD
    0x08004764   0x00000070   Code   RO         3050    i.Tty_Config        tty.o
    0x080047d4   0x00000006   Code   RO          948    i.Tty_Proc          com.o
    0x080047da   0x00000002   PAD
    0x080047dc   0x0000001c   Code   RO         3052    i.Tty_Read          tty.o
    0x080047f8   0x00000044   Code   RO         3053    i.Tty_ReadByte      tty.o
    0x0800483c   0x0000000c   Code   RO         3054    i.Tty_RxCnt         tty.o
    0x08004848   0x0000003c   Code   RO         3056    i.Tty_WriteByte     tty.o
    0x08004884   0x00000074   Code   RO         2828    i.USART1_IRQHandler  rcv.o
    0x080048f8   0x00000098   Code   RO         2554    i.USART2_IRQHandler  btm.o
    0x08004990   0x00000098   Code   RO         2718    i.USART3_IRQHandler  dbi.o
    0x08004a28   0x00000098   Code   RO         3057    i.USART6_IRQHandler  tty.o
    0x08004ac0   0x00000de0   Code   RO         2873    i.USART_Bind        stm32util.o
    0x080058a0   0x00000014   Code   RO         8072    i.USART_Cmd         stm32f4xx_usart.o
    0x080058b4   0x00000190   Code   RO         2874    i.USART_Config      stm32util.o
    0x08005a44   0x00000010   Code   RO         8073    i.USART_DMACmd      stm32f4xx_usart.o
    0x08005a54   0x0000003e   Code   RO         8076    i.USART_GetITStatus  stm32f4xx_usart.o
    0x08005a92   0x00000030   Code   RO         8078    i.USART_ITConfig    stm32f4xx_usart.o
    0x08005ac2   0x00000002   PAD
    0x08005ac4   0x000000ac   Code   RO         8079    i.USART_Init        stm32f4xx_usart.o
    0x08005b70   0x00000008   Code   RO         8086    i.USART_ReceiveData  stm32f4xx_usart.o
    0x08005b78   0x00000008   Code   RO         8089    i.USART_SendData    stm32f4xx_usart.o
    0x08005b80   0x0000000e   Code   RO         1681    i.Upd_Init          upd.o
    0x08005b8e   0x00000036   Code   RO         1682    i.Upd_Proc          upd.o
    0x08005bc4   0x00000002   Code   RO          371    i.UsageFault_Handler  stm32f4xx_it.o
    0x08005bc6   0x00000002   PAD
    0x08005bc8   0x00000034   Code   RO          531    i.VCBUS_Proc        aci.o
    0x08005bfc   0x00000020   Code   RO          532    i.VDBUS_Proc        aci.o
    0x08005c1c   0x00000034   Code   RO          533    i.VHC_Proc          aci.o
    0x08005c50   0x00000034   Code   RO          534    i.VRC_Proc          aci.o
    0x08005c84   0x00000010   Code   RO         1708    i.Wdg_Feed          wdg.o
    0x08005c94   0x0000002c   Code   RO         1711    i.Wdg_Init          wdg.o
    0x08005cc0   0x0000000c   Code   RO         1712    i.Wdg_IsErrSet      wdg.o
    0x08005ccc   0x00000022   Code   RO         1713    i.Wdg_IsOkay        wdg.o
    0x08005cee   0x00000002   PAD
    0x08005cf0   0x00000044   Code   RO         1714    i.Wdg_Proc          wdg.o
    0x08005d34   0x0000000c   Code   RO         1763    i.Wsm_GetLastWorkingState  wsm.o
    0x08005d40   0x0000000c   Code   RO         1764    i.Wsm_GetWorkingState  wsm.o
    0x08005d4c   0x00000010   Code   RO         1765    i.Wsm_Init          wsm.o
    0x08005d5c   0x00000078   Code   RO         1766    i.Wsm_Proc          wsm.o
    0x08005dd4   0x00000088   Code   RO          681    i.ZGyro_Process     can.o
    0x08005e5c   0x0000000e   Code   RO          682    i.ZGyro_Ready       can.o
    0x08005e6a   0x00000002   PAD
    0x08005e6c   0x00000028   Code   RO          683    i.ZGyro_Reset       can.o
    0x08005e94   0x0000000e   Code   RO         8811    i.__scatterload_copy  mc_w.l(handlers.o)
    0x08005ea2   0x00000002   Code   RO         8812    i.__scatterload_null  mc_w.l(handlers.o)
    0x08005ea4   0x0000000e   Code   RO         8813    i.__scatterload_zeroinit  mc_w.l(handlers.o)
    0x08005eb2   0x00000020   Code   RO         1244    i.constrain         fun.o
    0x08005ed2   0x00000002   PAD
    0x08005ed4   0x0000001c   Code   RO          473    i.getSchTask        sch.o
    0x08005ef0   0x0000000a   Code   RO            4    i.main              main.o
    0x08005efa   0x00000002   PAD
    0x08005efc   0x0000006c   Code   RO         8682    i.malloc            mc_w.l(malloc.o)
    0x08005f68   0x00000038   Code   RO         1245    i.map               fun.o
    0x08005fa0   0x00000028   Code   RO          474    i.newSchTask        sch.o
    0x08005fc8   0x000001bc   Data   RO          781    .constdata          cfg.o
    0x08006184   0x00000040   Data   RO         1715    .constdata          wdg.o
    0x080061c4   0x00000200   Data   RO         1860    .constdata          crc16.o
    0x080063c4   0x00000004   Data   RO         2206    .constdata          msg.o
    0x080063c8   0x00000004   Data   RO         2207    .constdata          msg.o
    0x080063cc   0x00000004   Data   RO         2208    .constdata          msg.o
    0x080063d0   0x00000004   Data   RO         2209    .constdata          msg.o
    0x080063d4   0x00000020   Data   RO         8809    Region$$Table       anon$$obj.o


    Execution Region RW_IRAM1 (Base: 0x20000000, Size: 0x00002350, Max: 0x00030000, ABSOLUTE, COMPRESSED[0x00000064])

    Base Addr    Size         Type   Attr      Idx    E Section Name        Object

    0x20000000   0x00000008   Data   RW          475    .data               sch.o
    0x20000008   0x00000098   Data   RW          782    .data               cfg.o
    0x200000a0   0x00000004   Data   RW          868    .data               clk.o
    0x200000a4   0x00000028   Data   RW         1008    .data               ctl.o
    0x200000cc   0x00000010   Data   RW         1299    .data               hci.o
    0x200000dc   0x00000004   Data   RW         1350    .data               ini.o
    0x200000e0   0x00000008   Data   RW         1403    .data               ios.o
    0x200000e8   0x00000010   Data   RW         1559    .data               rci.o
    0x200000f8   0x00000044   Data   RW         1716    .data               wdg.o
    0x2000013c   0x00000002   Data   RW         1767    .data               wsm.o
    0x2000013e   0x00000010   Data   RW         6187    .data               stm32f4xx_rcc.o
    0x2000014e   0x00000002   PAD
    0x20000150   0x00000004   Data   RW         8775    .data               mc_w.l(mvars.o)
    0x20000154   0x00000004   Data   RW         8776    .data               mc_w.l(mvars.o)
    0x20000158   0x000002b4   Zero   RW          684    .bss                can.o
    0x2000040c   0x00000028   Zero   RW          910    .bss                cmd.o
    0x20000434   0x0000023c   Zero   RW          949    .bss                com.o
    0x20000670   0x000000e4   Zero   RW         1007    .bss                ctl.o
    0x20000754   0x00000016   Zero   RW         1172    .bss                dci.o
    0x2000076a   0x00000002   PAD
    0x2000076c   0x000000a8   Zero   RW         1298    .bss                hci.o
    0x20000814   0x00000014   Zero   RW         1471    .bss                mec.o
    0x20000828   0x00000064   Zero   RW         1517    .bss                odo.o
    0x2000088c   0x00000228   Zero   RW         2555    .bss                btm.o
    0x20000ab4   0x00000228   Zero   RW         2719    .bss                dbi.o
    0x20000cdc   0x00000048   Zero   RW         2829    .bss                rcv.o
    0x20000d24   0x00000228   Zero   RW         3058    .bss                tty.o
    0x20000f4c   0x00000004   PAD
    0x20000f50   0x00001000   Zero   RW         8365    HEAP                startup_stm32f427xx.o
    0x20001f50   0x00000400   Zero   RW         8364    STACK               startup_stm32f427xx.o


==============================================================================

Image component sizes


      Code (inc. data)   RO Data    RW Data    ZI Data      Debug   Object Name

       188         30          0          0          0       2504   aci.o
       232         30          0          0          0       1366   act.o
        68          0          0          0          0        974   app.o
        68          4          0          0          0        513   bsp.o
       432         52          0          0        552       3859   btm.o
        12          6          0          0          0        429   btn.o
       864         70          0          0        692       6752   can.o
       216         26          0          0          0       1597   can1.o
       216         24          0          0          0       1605   can2.o
         8          0          0          0          0       1290   can_srv.o
       202         14          0          0          0       1242   cci.o
       250         18        444        152          0       5214   cfg.o
        48         16          0          4          0       1486   clk.o
       324         20          0          0         40       1536   cmd.o
       210         36          0          0        572       2953   com.o
        12          0          0          0          0       1428   com_srv.o
        96          4        512          0          0       1789   crc16.o
       500         56          0         40        228       3908   ctl.o
       432         52          0          0        552       3859   dbi.o
        44          0          0          0          0       1370   dbus.o
       136         16          0          0         22       2088   dci.o
       116          6          0          0          0       2377   ekf.o
       220          0          0          0          0       5571   fifo.o
        22          0          0          0          0       1021   flash.o
        16          6          0          0          0        747   fos.o
       154          0          0          0          0       3957   fun.o
       532         64          0         16        168       4712   hci.o
        58          0          0          0          0       1296   hcp.o
       154         26          0          4          0       2773   ini.o
       232         22          0          8          0       3737   ios.o
        36          6          0          0          0        479   kos.o
        48          8          0          0          0        485   led.o
       106          4          0          0          0       1874   maf.o
        10          0          0          0          0     338153   main.o
        60         24          0          0         20       2496   mec.o
       306          0          0          0          0       2135   mecanum.o
       120         14          0          0          0       1563   misc.o
       150          0          0          0          0       1658   motor.o
       106          0         16          0          0       3072   msg.o
       508         32          0          0        100       2436   odo.o
       250         12          0          0          0       2404   pid.o
        76         10          0          0          0        469   pwm.o
       434         58          0         16          0       5549   rci.o
       116          0          0          0          0       1308   rcp.o
       264         34          0          0         72       1581   rcv.o
         4          0          0          0          0        738   rcv_srv.o
        50          0          0          0          0       1792   rmp.o
       204         24          0          8          0       3508   sch.o
        36          8        428          0       5120        840   startup_stm32f427xx.o
      1108         24          0          0          0       7674   stm32f4xx_can.o
       166          4          0          0          0       4974   stm32f4xx_dma.o
       216          0          0          0          0       3660   stm32f4xx_gpio.o
        16          0          0          0          0       3644   stm32f4xx_it.o
       220         34          0         16          0       4871   stm32f4xx_rcc.o
       724         60          0          0          0      11340   stm32f4xx_tim.o
       334          8          0          0          0       5618   stm32f4xx_usart.o
     10502        292          0          0          0      18987   stm32util.o
        34          0          0          0          0       4043   sys.o
       300         36          0          0          0       1569   system_stm32f4xx.o
       272         18          0          0          0       4251   tim.o
         8          0          0          0          0        892   tim_srv.o
       432         52          0          0        552       3859   tty.o
        68          0          0          0          0       1270   upd.o
       174         30         64         68          0       3043   wdg.o
       160         24          0          2          0       2170   wsm.o

    ----------------------------------------------------------------------
     23738       1414       1496        336       8696     528358   Object Totals
         0          0         32          0          0          0   (incl. Generated)
        58          0          0          2          6          0   (incl. Padding)

    ----------------------------------------------------------------------

      Code (inc. data)   RO Data    RW Data    ZI Data      Debug   Library Member Name

        86          0          0          0          0          0   __dczerorl2.o
         0          0          0          0          0          0   entry.o
         0          0          0          0          0          0   entry10a.o
         0          0          0          0          0          0   entry11a.o
         8          4          0          0          0          0   entry2.o
         4          0          0          0          0          0   entry5.o
         0          0          0          0          0          0   entry7b.o
         0          0          0          0          0          0   entry8b.o
         8          4          0          0          0          0   entry9a.o
        30          0          0          0          0          0   handlers.o
        36          8          0          0          0         68   init.o
       108         16          0          0          0         84   malloc.o
        36          0          0          0          0         68   memcpya.o
        36          0          0          0          0        108   memseta.o
         0          0          0          8          0          0   mvars.o

    ----------------------------------------------------------------------
       354         32          0          8          0        328   Library Totals
         2          0          0          0          0          0   (incl. Padding)

    ----------------------------------------------------------------------

      Code (inc. data)   RO Data    RW Data    ZI Data      Debug   Library Name

       352         32          0          8          0        328   mc_w.l

    ----------------------------------------------------------------------
       354         32          0          8          0        328   Library Totals

    ----------------------------------------------------------------------

==============================================================================


      Code (inc. data)   RO Data    RW Data    ZI Data      Debug   

     24092       1446       1496        344       8696     505166   Grand Totals
     24092       1446       1496        100       8696     505166   ELF Image Totals (compressed)
     24092       1446       1496        100          0          0   ROM Totals

==============================================================================

    Total RO  Size (Code + RO Data)                25588 (  24.99kB)
    Total RW  Size (RW Data + ZI Data)              9040 (   8.83kB)
    Total ROM Size (Code + RO Data + RW Data)      25688 (  25.09kB)

==============================================================================

