Component: ARM Compiler 5.06 update 4 (build 422) Tool: armlink [4d35d2]

==============================================================================

Section Cross References

    main.o(i.main) refers to kos.o(i.KOS_Boot) for KOS_Boot
    main.o(i.main) refers to clk.o(i.Clk_GetMsTick) for Clk_GetMsTick
    kos.o(i.KOS_Boot) refers to app.o(i.App_Init) for App_Init
    kos.o(i.KOS_Boot) refers to sch.o(i.Sch_Arrange) for Sch_Arrange
    kos.o(i.KOS_Boot) refers to bsp.o(i.Bsp_Config) for Bsp_Config
    kos.o(i.KOS_Boot) refers to tim.o(i.Tim_Start) for Tim_Start
    kos.o(i.KOS_Boot) refers to app.o(i.App_Proc) for App_Proc
    kos.o(i.KOS_Stop) refers to tim.o(i.Tim_Stop) for Tim_Stop
    sch.o(i.Sch_Arrange) refers to sch.o(i.getSchTask) for getSchTask
    sch.o(i.Sch_Arrange) refers to sch.o(i.newSchTask) for newSchTask
    sch.o(i.Sch_Arrange) refers to sch.o(.data) for .data
    sch.o(i.Sch_Dismiss) refers to sch.o(i.getSchTask) for getSchTask
    sch.o(i.Sch_Dismiss) refers to malloc.o(i.free) for free
    sch.o(i.Sch_Dismiss) refers to sch.o(.data) for .data
    sch.o(i.Sch_Init) refers to clk.o(i.Clk_GetMsTick) for Clk_GetMsTick
    sch.o(i.Sch_Init) refers to sch.o(.data) for .data
    sch.o(i.Sch_Proc) refers to clk.o(i.Clk_GetMsTick) for Clk_GetMsTick
    sch.o(i.Sch_Proc) refers to sch.o(.data) for .data
    sch.o(i.getSchTask) refers to sch.o(.data) for .data
    sch.o(i.newSchTask) refers to malloc.o(i.malloc) for malloc
    sch.o(i.newSchTask) refers to memseta.o(.text) for __aeabi_memclr4
    act.o(i.Act_Init) refers to motor.o(i.CM_Cmd) for CM_Cmd
    act.o(i.Act_Init) refers to motor.o(i.GM_Cmd) for GM_Cmd
    act.o(i.Act_Proc) refers to sys.o(i.FS_Get) for FS_Get
    act.o(i.Act_Proc) refers to stm32f4xx_gpio.o(i.GPIO_ResetBits) for GPIO_ResetBits
    act.o(i.Act_Proc) refers to stm32f4xx_gpio.o(i.GPIO_SetBits) for GPIO_SetBits
    act.o(i.Act_Proc) refers to motor.o(i.CM_Cmd) for CM_Cmd
    act.o(i.Act_Proc) refers to ctl.o(.data) for functionalStateCtl
    act.o(i.Act_Proc) refers to ctl.o(.bss) for mecanumCurrentsCtl
    app.o(i.App_Init) refers to ios.o(i.Ios_Init) for Ios_Init
    app.o(i.App_Init) refers to cfg.o(i.Cfg_Init) for Cfg_Init
    app.o(i.App_Init) refers to act.o(i.Act_Init) for Act_Init
    app.o(i.App_Init) refers to clk.o(i.Clk_Init) for Clk_Init
    app.o(i.App_Init) refers to com.o(i.Com_Init) for Com_Init
    app.o(i.App_Init) refers to wdg.o(i.Wdg_Init) for Wdg_Init
    app.o(i.App_Init) refers to ini.o(i.Ini_Init) for Ini_Init
    app.o(i.App_Init) refers to wsm.o(i.Wsm_Init) for Wsm_Init
    app.o(i.App_Init) refers to upd.o(i.Upd_Init) for Upd_Init
    app.o(i.App_Proc) refers to wdg.o(i.Wdg_Proc) for Wdg_Proc
    app.o(i.App_Proc) refers to ini.o(i.Ini_Proc) for Ini_Proc
    app.o(i.App_Proc) refers to wsm.o(i.Wsm_Proc) for Wsm_Proc
    app.o(i.App_Proc) refers to upd.o(i.Upd_Proc) for Upd_Proc
    can.o(i.Can_Init) refers to can.o(i.Motor_Reset) for Motor_Reset
    can.o(i.Can_Init) refers to can.o(i.ZGyro_Reset) for ZGyro_Reset
    can.o(i.Can_Init) refers to can.o(.bss) for .bss
    can.o(i.Can_Proc) refers to wdg.o(i.Wdg_Feed) for Wdg_Feed
    can.o(i.Can_Proc) refers to can.o(i.ZGyro_Process) for ZGyro_Process
    can.o(i.Can_Proc) refers to can.o(i.Motor_Process) for Motor_Process
    can.o(i.Can_Proc) refers to can.o(.bss) for .bss
    can.o(i.Motor_Process) refers to ekf.o(i.Ekf_Init) for Ekf_Init
    can.o(i.Motor_Process) refers to ekf.o(i.Ekf_SetE) for Ekf_SetE
    can.o(i.Motor_Process) refers to ekf.o(i.Ekf_Proc) for Ekf_Proc
    can.o(i.Motor_Reset) refers to ekf.o(i.Ekf_Reset) for Ekf_Reset
    cfg.o(i.Cfg_ClrFlag) refers to fun.o(i.Flag_Clr) for Flag_Clr
    cfg.o(i.Cfg_ClrFlag) refers to cfg.o(.data) for .data
    cfg.o(i.Cfg_GetFlag) refers to fun.o(i.Flag_Get) for Flag_Get
    cfg.o(i.Cfg_GetFlag) refers to cfg.o(.data) for .data
    cfg.o(i.Cfg_GetVer) refers to fun.o(i.Flag_Get) for Flag_Get
    cfg.o(i.Cfg_GetVer) refers to cfg.o(.data) for .data
    cfg.o(i.Cfg_Init) refers to memcpya.o(.text) for __aeabi_memcpy4
    cfg.o(i.Cfg_Init) refers to cfg.o(i.Cfg_Load) for Cfg_Load
    cfg.o(i.Cfg_Init) refers to cfg.o(i.Cfg_GetFlag) for Cfg_GetFlag
    cfg.o(i.Cfg_Init) refers to cfg.o(.constdata) for .constdata
    cfg.o(i.Cfg_Init) refers to cfg.o(.data) for .data
    cfg.o(i.Cfg_Load) refers to fos.o(i.Fos_Read) for Fos_Read
    cfg.o(i.Cfg_Proc) refers to memcpya.o(.text) for __aeabi_memcpy4
    cfg.o(i.Cfg_Proc) refers to cfg.o(i.Cfg_Save) for Cfg_Save
    cfg.o(i.Cfg_Proc) refers to cfg.o(.constdata) for .constdata
    cfg.o(i.Cfg_Proc) refers to cfg.o(.data) for .data
    cfg.o(i.Cfg_Save) refers to fos.o(i.Fos_Write) for Fos_Write
    cfg.o(i.Cfg_SetFlag) refers to fun.o(i.Flag_Set) for Flag_Set
    cfg.o(i.Cfg_SetFlag) refers to cfg.o(.data) for .data
    cfg.o(i.Cfg_SetVer) refers to fun.o(i.Flag_Set) for Flag_Set
    cfg.o(i.Cfg_SetVer) refers to cfg.o(.data) for .data
[...]
    i.Motor_Reset                            0x08002050   Section        0  can.o(i.Motor_Reset)
    i.NMI_Handler                            0x080020a0   Section        0  stm32f4xx_it.o(i.NMI_Handler)
    i.NVIC_Config                            0x080020a2   Section        0  stm32util.o(i.NVIC_Config)
    i.NVIC_Init                              0x080020c0   Section        0  misc.o(i.NVIC_Init)
    i.NVIC_PriorityGroupConfig               0x08002124   Section        0  misc.o(i.NVIC_PriorityGroupConfig)
    i.Odo_Init                               0x08002138   Section        0  odo.o(i.Odo_Init)
    i.Odo_Proc                               0x080021d0   Section        0  odo.o(i.Odo_Proc)
    i.PID_Calc                               0x080022b0   Section        0  pid.o(i.PID_Calc)
    i.PID_Config                             0x08002390   Section        0  pid.o(i.PID_Config)
    i.PID_Init                               0x08002398   Section        0  ctl.o(i.PID_Init)
    PID_Init                                 0x08002399   Thumb Code    10  ctl.o(i.PID_Init)
    i.PID_Reset                              0x080023a8   Section        0  pid.o(i.PID_Reset)
    i.PWM_Bind                               0x080023bc   Section        0  stm32util.o(i.PWM_Bind)
    i.PendSV_Handler                         0x08003900   Section        0  stm32f4xx_it.o(i.PendSV_Handler)
    i.Pwm_Config                             0x08003904   Section        0  pwm.o(i.Pwm_Config)
    i.RCC_AHB1PeriphClockCmd                 0x08003950   Section        0  stm32f4xx_rcc.o(i.RCC_AHB1PeriphClockCmd)
    i.RCC_APB1PeriphClockCmd                 0x08003968   Section        0  stm32f4xx_rcc.o(i.RCC_APB1PeriphClockCmd)
    i.RCC_APB2PeriphClockCmd                 0x08003980   Section        0  stm32f4xx_rcc.o(i.RCC_APB2PeriphClockCmd)
    i.RCC_GetClocksFreq                      0x08003998   Section        0  stm32f4xx_rcc.o(i.RCC_GetClocksFreq)
    i.RCP_Rst                                0x08003a2c   Section        0  rcp.o(i.RCP_Rst)
    i.Rci_Init                               0x08003a54   Section        0  rci.o(i.Rci_Init)
    i.RcvCallback                            0x08003a7c   Section        0  rcv_srv.o(i.RcvCallback)
    i.Rcv_Config                             0x08003a80   Section        0  rcv.o(i.Rcv_Config)
    i.Rmp_Calc                               0x08003b14   Section        0  rmp.o(i.Rmp_Calc)
    i.Rmp_Config                             0x08003b3c   Section        0  rmp.o(i.Rmp_Config)
    i.Rmp_Init                               0x08003b40   Section        0  ctl.o(i.Rmp_Init)
    Rmp_Init                                 0x08003b41   Thumb Code    10  ctl.o(i.Rmp_Init)
    i.Rmp_Reset                              0x08003b50   Section        0  rmp.o(i.Rmp_Reset)
    i.SVC_Handler                            0x08003b56   Section        0  stm32f4xx_it.o(i.SVC_Handler)
    i.Sch_Arrange                            0x08003b58   Section        0  sch.o(i.Sch_Arrange)
    i.SetSysClock                            0x08003b98   Section        0  system_stm32f4xx.o(i.SetSysClock)
    SetSysClock                              0x08003b99   Thumb Code   190  system_stm32f4xx.o(i.SetSysClock)
    i.SyncTimCallback                        0x08003c68   Section        0  tim_srv.o(i.SyncTimCallback)
    i.SyncTim_Config                         0x08003c84   Section        0  tim.o(i.SyncTim_Config)
    i.SyncTim_Start                          0x08003cb0   Section        0  tim.o(i.SyncTim_Start)
    i.SystemInit                             0x08003cd8   Section        0  system_stm32f4xx.o(i.SystemInit)
    i.TIM2_IRQHandler                        0x08003d34   Section        0  tim.o(i.TIM2_IRQHandler)
    i.TIM6_DAC_IRQHandler                    0x08003d60   Section        0  tim.o(i.TIM6_DAC_IRQHandler)
    i.TIM_ARRPreloadConfig                   0x08003d90   Section        0  stm32f4xx_tim.o(i.TIM_ARRPreloadConfig)
    i.TIM_ClearFlag                          0x08003da4   Section        0  stm32f4xx_tim.o(i.TIM_ClearFlag)
    i.TIM_ClearITPendingBit                  0x08003daa   Section        0  stm32f4xx_tim.o(i.TIM_ClearITPendingBit)
    i.TIM_Cmd                                0x08003db0   Section        0  stm32f4xx_tim.o(i.TIM_Cmd)
    i.TIM_Config                             0x08003dc4   Section        0  stm32util.o(i.TIM_Config)
    i.TIM_GetITStatus                        0x08003f08   Section        0  stm32f4xx_tim.o(i.TIM_GetITStatus)
    i.TIM_ITConfig                           0x08003f20   Section        0  stm32f4xx_tim.o(i.TIM_ITConfig)
    i.TIM_OC1Init                            0x08003f30   Section        0  stm32f4xx_tim.o(i.TIM_OC1Init)
    i.TIM_OC1PreloadConfig                   0x08003f90   Section        0  stm32f4xx_tim.o(i.TIM_OC1PreloadConfig)
    i.TIM_OC2Init                            0x08003f9c   Section        0  stm32f4xx_tim.o(i.TIM_OC2Init)
    i.TIM_OC2PreloadConfig                   0x0800401c   Section        0  stm32f4xx_tim.o(i.TIM_OC2PreloadConfig)
    i.TIM_OC3Init                            0x08004030   Section        0  stm32f4xx_tim.o(i.TIM_OC3Init)
    i.TIM_OC3PreloadConfig                   0x080040ac   Section        0  stm32f4xx_tim.o(i.TIM_OC3PreloadConfig)
    i.TIM_OC4Init                            0x080040b8   Section        0  stm32f4xx_tim.o(i.TIM_OC4Init)
    i.TIM_OC4PreloadConfig                   0x08004118   Section        0  stm32f4xx_tim.o(i.TIM_OC4PreloadConfig)
    i.TIM_OC_Config                          0x0800412c   Section        0  stm32util.o(i.TIM_OC_Config)
    i.TIM_TimeBaseInit                       0x080041b0   Section        0  stm32f4xx_tim.o(i.TIM_TimeBaseInit)
    i.TickTimCallback                        0x0800422c   Section        0  tim_srv.o(i.TickTimCallback)
    i.TickTim_Config                         0x08004230   Section        0  tim.o(i.TickTim_Config)
    i.TickTim_Start                          0x08004254   Section        0  tim.o(i.TickTim_Start)
    i.Tim_Config                             0x08004276   Section        0  tim.o(i.Tim_Config)
    i.Tim_Start                              0x08004284   Section        0  tim.o(i.Tim_Start)
    i.TtyRxCallback                          0x08004292   Section        0  com_srv.o(i.TtyRxCallback)
    i.Tty_Config                             0x08004298   Section        0  tty.o(i.Tty_Config)
    i.Tty_Proc                               0x08004308   Section        0  com.o(i.Tty_Proc)
    i.Tty_ReadByte                           0x08004310   Section        0  tty.o(i.Tty_ReadByte)
    i.USART1_IRQHandler                      0x08004354   Section        0  rcv.o(i.USART1_IRQHandler)
    i.USART2_IRQHandler                      0x080043d8   Section        0  btm.o(i.USART2_IRQHandler)
    i.USART3_IRQHandler                      0x08004470   Section        0  dbi.o(i.USART3_IRQHandler)
    i.USART6_IRQHandler                      0x08004508   Section        0  tty.o(i.USART6_IRQHandler)
    i.USART_Bind                             0x080045a0   Section        0  stm32util.o(i.USART_Bind)
    i.USART_ClearFlag                        0x08005380   Section        0  stm32f4xx_usart.o(i.USART_ClearFlag)
    i.USART_ClearITPendingBit                0x08005386   Section        0  stm32f4xx_usart.o(i.USART_ClearITPendingBit)
    i.USART_Cmd                              0x08005392   Section        0  stm32f4xx_usart.o(i.USART_Cmd)
    i.USART_Config                           0x080053a8   Section        0  stm32util.o(i.USART_Config)
    i.USART_DMACmd                           0x08005538   Section        0  stm32f4xx_usart.o(i.USART_DMACmd)
    i.USART_GetFlagStatus                    0x08005548   Section        0  stm32f4xx_usart.o(i.USART_GetFlagStatus)
    i.USART_GetITStatus                      0x08005556   Section        0  stm32f4xx_usart.o(i.USART_GetITStatus)
    i.USART_ITConfig                         0x08005594   Section        0  stm32f4xx_usart.o(i.USART_ITConfig)
    i.USART_Init                             0x080055c4   Section        0  stm32f4xx_usart.o(i.USART_Init)
    i.USART_ReceiveData                      0x08005670   Section        0  stm32f4xx_usart.o(i.USART_ReceiveData)
    i.USART_SendData                         0x08005678   Section        0  stm32f4xx_usart.o(i.USART_SendData)
    i.Upd_Init                               0x08005680   Section        0  upd.o(i.Upd_Init)
    i.Upd_Proc                               0x0800568e   Section        0  upd.o(i.Upd_Proc)
    i.UsageFault_Handler                     0x080056d2   Section        0  stm32f4xx_it.o(i.UsageFault_Handler)
    i.Wdg_Feed                               0x080056d4   Section        0  wdg.o(i.Wdg_Feed)
    i.Wdg_Init                               0x080056e4   Section        0  wdg.o(i.Wdg_Init)
    i.Wdg_IsErrSet                           0x08005710   Section        0  wdg.o(i.Wdg_IsErrSet)
    i.Wdg_Proc                               0x0800571c   Section        0  wdg.o(i.Wdg_Proc)
    i.Wsm_GetLastWorkingState                0x08005760   Section        0  wsm.o(i.Wsm_GetLastWorkingState)
    i.Wsm_GetWorkingState                    0x0800576c   Section        0  wsm.o(i.Wsm_GetWorkingState)
    i.Wsm_Init                               0x08005778   Section        0  wsm.o(i.Wsm_Init)
    i.Wsm_Proc                               0x08005788   Section        0  wsm.o(i.Wsm_Proc)
    i.ZGyro_Process                          0x080057e4   Section        0  can.o(i.ZGyro_Process)
    i.ZGyro_Ready                            0x0800586c   Section        0  can.o(i.ZGyro_Ready)
    i.ZGyro_Reset                            0x0800587c   Section        0  can.o(i.ZGyro_Reset)
    i.__0printf                              0x080058a4   Section        0  printfa.o(i.__0printf)
    i.__scatterload_copy                     0x080058c4   Section       14  handlers.o(i.__scatterload_copy)
    i.__scatterload_null                     0x080058d2   Section        2  handlers.o(i.__scatterload_null)
    i.__scatterload_zeroinit                 0x080058d4   Section       14  handlers.o(i.__scatterload_zeroinit)
    i._fp_digits                             0x080058e4   Section        0  printfa.o(i._fp_digits)
    _fp_digits                               0x080058e5   Thumb Code   366  printfa.o(i._fp_digits)
    i._printf_core                           0x08005a68   Section        0  printfa.o(i._printf_core)
    _printf_core                             0x08005a69   Thumb Code  1744  printfa.o(i._printf_core)
    i._printf_post_padding                   0x08006144   Section        0  printfa.o(i._printf_post_padding)
    _printf_post_padding                     0x08006145   Thumb Code    36  printfa.o(i._printf_post_padding)
    i._printf_pre_padding                    0x08006168   Section        0  printfa.o(i._printf_pre_padding)
    _printf_pre_padding                      0x08006169   Thumb Code    46  printfa.o(i._printf_pre_padding)
    i.fputc                                  0x08006198   Section        0  ios.o(i.fputc)
    i.getSchTask                             0x080061b0   Section        0  sch.o(i.getSchTask)
    getSchTask                               0x080061b1   Thumb Code    22  sch.o(i.getSchTask)
    i.main                                   0x080061cc   Section        0  main.o(i.main)
    i.malloc                                 0x080061d8   Section        0  malloc.o(i.malloc)
    i.newSchTask                             0x08006244   Section        0  sch.o(i.newSchTask)
    newSchTask                               0x08006245   Thumb Code    40  sch.o(i.newSchTask)
    .constdata                               0x0800626c   Section      296  cfg.o(.constdata)
    .constdata                               0x08006394   Section       48  wdg.o(.constdata)
    .data                                    0x20000000   Section        8  sch.o(.data)
    first                                    0x20000000   Data           4  sch.o(.data)
    last                                     0x20000004   Data           4  sch.o(.data)
    .data                                    0x20000008   Section      148  cfg.o(.data)
    .data                                    0x2000009c   Section        4  clk.o(.data)
    us_tick                                  0x2000009c   Data           4  clk.o(.data)
    .data                                    0x200000a0   Section        4  cmd.o(.data)
    .data                                    0x200000a4   Section       36  ctl.o(.data)
    .data                                    0x200000c8   Section       16  hci.o(.data)
    lastRawMouseButtonStates                 0x200000cc   Data           2  hci.o(.data)
    lastMouseButtonStates                    0x200000ce   Data           2  hci.o(.data)
    mouseButtonPressedCounts                 0x200000d0   Data           8  hci.o(.data)
    .data                                    0x200000d8   Section        4  ini.o(.data)
    iniFlag                                  0x200000d8   Data           4  ini.o(.data)
    .data                                    0x200000dc   Section        8  ios.o(.data)
    .data                                    0x200000e4   Section        4  odo.o(.data)
    .data                                    0x200000e8   Section       16  rci.o(.data)
    lastRawSwitchStates                      0x200000ec   Data           2  rci.o(.data)
    lastSwitchStates                         0x200000ee   Data           2  rci.o(.data)
    switchConfirmCounts                      0x200000f0   Data           8  rci.o(.data)
    .data                                    0x200000f8   Section       52  wdg.o(.data)
    err                                      0x200000f8   Data           4  wdg.o(.data)
    .data                                    0x2000012c   Section        2  wsm.o(.data)
    workingState                             0x2000012c   Data           1  wsm.o(.data)
    lastWorkingState                         0x2000012d   Data           1  wsm.o(.data)
    .data                                    0x2000012e   Section       16  stm32f4xx_rcc.o(.data)
    APBAHBPrescTable                         0x2000012e   Data          16  stm32f4xx_rcc.o(.data)
    .data                                    0x20000140   Section        4  stdout.o(.data)
    .data                                    0x20000144   Section        4  mvars.o(.data)
    .data                                    0x20000148   Section        4  mvars.o(.data)
    .bss                                     0x2000014c   Section      664  can.o(.bss)
    .bss                                     0x200003e4   Section       28  cmd.o(.bss)
    .bss                                     0x20000400   Section      176  ctl.o(.bss)
    .bss                                     0x200004b0   Section       22  dci.o(.bss)
    .bss                                     0x200004c8   Section      168  hci.o(.bss)
    fx                                       0x200004c8   Data          16  hci.o(.bss)
    fy                                       0x200004d8   Data          16  hci.o(.bss)
    fz                                       0x200004e8   Data          16  hci.o(.bss)
    buf                                      0x200004f8   Data         120  hci.o(.bss)
    .bss                                     0x20000570   Section       20  mec.o(.bss)
    .bss                                     0x20000584   Section       72  odo.o(.bss)
    .bss                                     0x200005cc   Section      552  btm.o(.bss)
    rx_fifo                                  0x200005cc   Data          20  btm.o(.bss)
    tx_fifo                                  0x200005e0   Data          20  btm.o(.bss)
    rx_buf                                   0x200005f4   Data         256  btm.o(.bss)
    tx_buf                                   0x200006f4   Data         256  btm.o(.bss)
    .bss                                     0x200007f4   Section      552  dbi.o(.bss)
    rx_fifo                                  0x200007f4   Data          20  dbi.o(.bss)
    tx_fifo                                  0x20000808   Data          20  dbi.o(.bss)
    rx_buf                                   0x2000081c   Data         256  dbi.o(.bss)
    tx_buf                                   0x2000091c   Data         256  dbi.o(.bss)
    .bss                                     0x20000a1c   Section       72  rcv.o(.bss)
    buf                                      0x20000a1c   Data          72  rcv.o(.bss)
    .bss                                     0x20000a64   Section      552  tty.o(.bss)
    rx_fifo                                  0x20000a64   Data          20  tty.o(.bss)
    tx_fifo                                  0x20000a78   Data          20  tty.o(.bss)
    rx_buf                                   0x20000a8c   Data         256  tty.o(.bss)
    tx_buf                                   0x20000b8c   Data         256  tty.o(.bss)
    HEAP                                     0x20000c90   Section     4096  startup_stm32f427xx.o(HEAP)
    STACK                                    0x20001c90   Section     1024  startup_stm32f427xx.o(STACK)

    Global Symbols

    Symbol Name                              Value     Ov Type        Size  Object(Section)

    BuildAttributes$$THM_ISAv4$E$P$D$K$B$S$7EM$VFPi3$EXTD16$VFPS$VFMA$PE$A:L22UL41UL21$X:L11$S22US41US21$IEEE1$IW$USESV6$~STKCKD$USESV7$~SHL$OTIME$ROPI$IEEEX$EBA8$MICROLIB$REQ8$PRES8$EABIv2 0x00000000   Number         0  anon$$obj.o ABSOLUTE
    __ARM_use_no_argv                        0x00000000   Number         0  main.o ABSOLUTE
    _printf_a                                0x00000000   Number         0  stubs.o ABSOLUTE
    _printf_c                                0x00000000   Number         0  stubs.o ABSOLUTE
    _printf_charcount                        0x00000000   Number         0  stubs.o ABSOLUTE
    _printf_d                                0x00000000   Number         0  stubs.o ABSOLUTE
    _printf_e                                0x00000000   Number         0  stubs.o ABSOLUTE
    _printf_f                                0x00000000   Number         0  stubs.o ABSOLUTE
    _printf_flags                            0x00000000   Number         0  stubs.o ABSOLUTE
    _printf_fp_dec                           0x00000000   Number         0  stubs.o ABSOLUTE
    _printf_fp_hex                           0x00000000   Number         0  stubs.o ABSOLUTE
    _printf_g                                0x00000000   Number         0  stubs.o ABSOLUTE
    _printf_i                                0x00000000   Number         0  stubs.o ABSOLUTE
    _printf_int_dec                          0x00000000   Number         0  stubs.o ABSOLUTE
    _printf_l                                0x00000000   Number         0  stubs.o ABSOLUTE
    _printf_lc                               0x00000000   Number         0  stubs.o ABSOLUTE
    _printf_ll                               0x00000000   Number         0  stubs.o ABSOLUTE
    _printf_lld                              0x00000000   Number         0  stubs.o ABSOLUTE
    _printf_lli                              0x00000000   Number         0  stubs.o ABSOLUTE
    _printf_llo                              0x00000000   Number         0  stubs.o ABSOLUTE
    _printf_llu                              0x00000000   Number         0  stubs.o ABSOLUTE
    _printf_llx                              0x00000000   Number         0  stubs.o ABSOLUTE
    _printf_longlong_dec                     0x00000000   Number         0  stubs.o ABSOLUTE
    _printf_longlong_hex                     0x00000000   Number         0  stubs.o ABSOLUTE
    _printf_longlong_oct                     0x00000000   Number         0  stubs.o ABSOLUTE
    _printf_ls                               0x00000000   Number         0  stubs.o ABSOLUTE
    _printf_mbtowc                           0x00000000   Number         0  stubs.o ABSOLUTE
    _printf_n                                0x00000000   Number         0  stubs.o ABSOLUTE
    _printf_o                                0x00000000   Number         0  stubs.o ABSOLUTE
    _printf_p                                0x00000000   Number         0  stubs.o ABSOLUTE
    _printf_percent                          0x00000000   Number         0  stubs.o ABSOLUTE
    _printf_pre_padding                      0x00000000   Number         0  stubs.o ABSOLUTE
    _printf_return_value                     0x00000000   Number         0  stubs.o ABSOLUTE
    _printf_s                                0x00000000   Number         0  stubs.o ABSOLUTE
    _printf_sizespec                         0x00000000   Number         0  stubs.o ABSOLUTE
    _printf_str                              0x00000000   Number         0  stubs.o ABSOLUTE
    _printf_truncate_signed                  0x00000000   Number         0  stubs.o ABSOLUTE
    _printf_truncate_unsigned                0x00000000   Number         0  stubs.o ABSOLUTE
    _printf_u                                0x00000000   Number         0  stubs.o ABSOLUTE
    _printf_wc                               0x00000000   Number         0  stubs.o ABSOLUTE
    _printf_wctomb                           0x00000000   Number         0  stubs.o ABSOLUTE
    _printf_widthprec                        0x00000000   Number         0  stubs.o ABSOLUTE
    _printf_x                                0x00000000   Number         0  stubs.o ABSOLUTE
    __cpp_initialize__aeabi_                  - Undefined Weak Reference
    __cxa_finalize                            - Undefined Weak Reference
    _clock_init                               - Undefined Weak Reference
    _microlib_exit                            - Undefined Weak Reference
    __Vectors_Size                           0x000001ac   Number         0  startup_stm32f427xx.o ABSOLUTE
    __Vectors                                0x08000000   Data           4  startup_stm32f427xx.o(RESET)
    __Vectors_End                            0x080001ac   Data           0  startup_stm32f427xx.o(RESET)
    __main                                   0x080001ad   Thumb Code     0  entry.o(.ARM.Collect$$$$00000000)
    _main_stk                                0x080001ad   Thumb Code     0  entry2.o(.ARM.Collect$$$$00000001)
    _main_scatterload                        0x080001b1   Thumb Code     0  entry5.o(.ARM.Collect$$$$00000004)
    __main_after_scatterload                 0x080001b5   Thumb Code     0  entry5.o(.ARM.Collect$$$$00000004)
    _main_clock                              0x080001b5   Thumb Code     0  entry7b.o(.ARM.Collect$$$$00000008)
    _main_cpp_init                           0x080001b5   Thumb Code     0  entry8b.o(.ARM.Collect$$$$0000000A)
    _main_init                               0x080001b5   Thumb Code     0  entry9a.o(.ARM.Collect$$$$0000000B)
    __rt_final_cpp                           0x080001bd   Thumb Code     0  entry10a.o(.ARM.Collect$$$$0000000D)
    __rt_final_exit                          0x080001bd   Thumb Code     0  entry11a.o(.ARM.Collect$$$$0000000F)
    Reset_Handler                            0x080001c1   Thumb Code     8  startup_stm32f427xx.o(.text)
    SysTick_Handler                          0x080001d9   Thumb Code     2  startup_stm32f427xx.o(.text)
    ADC_IRQHandler                           0x080001db   Thumb Code     0  startup_stm32f427xx.o(.text)
    CAN1_RX1_IRQHandler                      0x080001db   Thumb Code     0  startup_stm32f427xx.o(.text)
    CAN1_SCE_IRQHandler                      0x080001db   Thumb Code     0  startup_stm32f427xx.o(.text)
    CAN2_RX1_IRQHandler                      0x080001db   Thumb Code     0  startup_stm32f427xx.o(.text)
    CAN2_SCE_IRQHandler                      0x080001db   Thumb Code     0  startup_stm32f427xx.o(.text)
    DCMI_IRQHandler                          0x080001db   Thumb Code     0  startup_stm32f427xx.o(.text)
    DMA1_Stream0_IRQHandler                  0x080001db   Thumb Code     0  startup_stm32f427xx.o(.text)
    DMA1_Stream1_IRQHandler                  0x080001db   Thumb Code     0  startup_stm32f427xx.o(.text)
    DMA1_Stream2_IRQHandler                  0x080001db   Thumb Code     0  startup_stm32f427xx.o(.text)
    DMA1_Stream3_IRQHandler                  0x080001db   Thumb Code     0  startup_stm32f427xx.o(.text)
    DMA1_Stream4_IRQHandler                  0x080001db   Thumb Code     0  startup_stm32f427xx.o(.text)
    DMA1_Stream5_IRQHandler                  0x080001db   Thumb Code     0  startup_stm32f427xx.o(.text)
    DMA1_Stream6_IRQHandler                  0x080001db   Thumb Code     0  startup_stm32f427xx.o(.text)
    DMA1_Stream7_IRQHandler                  0x080001db   Thumb Code     0  startup_stm32f427xx.o(.text)
    DMA2D_IRQHandler                         0x080001db   Thumb Code     0  startup_stm32f427xx.o(.text)
    DMA2_Stream0_IRQHandler                  0x080001db   Thumb Code     0  startup_stm32f427xx.o(.text)
    DMA2_Stream1_IRQHandler                  0x080001db   Thumb Code     0  startup_stm32f427xx.o(.text)
    DMA2_Stream2_IRQHandler                  0x080001db   Thumb Code     0  startup_stm32f427xx.o(.text)
    DMA2_Stream3_IRQHandler                  0x080001db   Thumb Code     0  startup_stm32f427xx.o(.text)
    DMA2_Stream4_IRQHandler                  0x080001db   Thumb Code     0  startup_stm32f427xx.o(.text)
    DMA2_Stream5_IRQHandler                  0x080001db   Thumb Code     0  startup_stm32f427xx.o(.text)
    DMA2_Stream6_IRQHandler                  0x080001db   Thumb Code     0  startup_stm32f427xx.o(.text)
    DMA2_Stream7_IRQHandler                  0x080001db   Thumb Code     0  startup_stm32f427xx.o(.text)
    ETH_IRQHandler                           0x080001db   Thumb Code     0  startup_stm32f427xx.o(.text)
    ETH_WKUP_IRQHandler                      0x080001db   Thumb Code     0  startup_stm32f427xx.o(.text)
    EXTI0_IRQHandler                         0x080001db   Thumb Code     0  startup_stm32f427xx.o(.text)
    EXTI15_10_IRQHandler                     0x080001db   Thumb Code     0  startup_stm32f427xx.o(.text)
    EXTI1_IRQHandler                         0x080001db   Thumb Code     0  startup_stm32f427xx.o(.text)
    EXTI2_IRQHandler                         0x080001db   Thumb Code     0  startup_stm32f427xx.o(.text)
    EXTI3_IRQHandler                         0x080001db   Thumb Code     0  startup_stm32f427xx.o(.text)
    EXTI4_IRQHandler                         0x080001db   Thumb Code     0  startup_stm32f427xx.o(.text)
    EXTI9_5_IRQHandler                       0x080001db   Thumb Code     0  startup_stm32f427xx.o(.text)
    FLASH_IRQHandler                         0x080001db   Thumb Code     0  startup_stm32f427xx.o(.text)
    FMC_IRQHandler                           0x080001db   Thumb Code     0  startup_stm32f427xx.o(.text)
    FPU_IRQHandler                           0x080001db   Thumb Code     0  startup_stm32f427xx.o(.text)
    HASH_RNG_IRQHandler                      0x080001db   Thumb Code     0  startup_stm32f427xx.o(.text)
    I2C1_ER_IRQHandler                       0x080001db   Thumb Code     0  startup_stm32f427xx.o(.text)
    I2C1_EV_IRQHandler                       0x080001db   Thumb Code     0  startup_stm32f427xx.o(.text)
    I2C2_ER_IRQHandler                       0x080001db   Thumb Code     0  startup_stm32f427xx.o(.text)
    I2C2_EV_IRQHandler                       0x080001db   Thumb Code     0  startup_stm32f427xx.o(.text)
    I2C3_ER_IRQHandler                       0x080001db   Thumb Code     0  startup_stm32f427xx.o(.text)
    I2C3_EV_IRQHandler                       0x080001db   Thumb Code     0  startup_stm32f427xx.o(.text)
    OTG_FS_IRQHandler                        0x080001db   Thumb Code     0  startup_stm32f427xx.o(.text)
    OTG_FS_WKUP_IRQHandler                   0x080001db   Thumb Code     0  startup_stm32f427xx.o(.text)
    OTG_HS_EP1_IN_IRQHandler                 0x080001db   Thumb Code     0  startup_stm32f427xx.o(.text)
    OTG_HS_EP1_OUT_IRQHandler                0x080001db   Thumb Code     0  startup_stm32f427xx.o(.text)
    OTG_HS_IRQHandler                        0x080001db   Thumb Code     0  startup_stm32f427xx.o(.text)
    OTG_HS_WKUP_IRQHandler                   0x080001db   Thumb Code     0  startup_stm32f427xx.o(.text)
    PVD_IRQHandler                           0x080001db   Thumb Code     0  startup_stm32f427xx.o(.text)
    RCC_IRQHandler                           0x080001db   Thumb Code     0  startup_stm32f427xx.o(.text)
    RTC_Alarm_IRQHandler                     0x080001db   Thumb Code     0  startup_stm32f427xx.o(.text)
    RTC_WKUP_IRQHandler                      0x080001db   Thumb Code     0  startup_stm32f427xx.o(.text)
    SAI1_IRQHandler                          0x080001db   Thumb Code     0  startup_stm32f427xx.o(.text)
    SDIO_IRQHandler                          0x080001db   Thumb Code     0  startup_stm32f427xx.o(.text)
    SPI1_IRQHandler                          0x080001db   Thumb Code     0  startup_stm32f427xx.o(.text)
    SPI2_IRQHandler                          0x080001db   Thumb Code     0  startup_stm32f427xx.o(.text)
    SPI3_IRQHandler                          0x080001db   Thumb Code     0  startup_stm32f427xx.o(.text)
    SPI4_IRQHandler                          0x080001db   Thumb Code     0  startup_stm32f427xx.o(.text)
    SPI5_IRQHandler                          0x080001db   Thumb Code     0  startup_stm32f427xx.o(.text)
    SPI6_IRQHandler                          0x080001db   Thumb Code     0  startup_stm32f427xx.o(.text)
    TAMP_STAMP_IRQHandler                    0x080001db   Thumb Code     0  startup_stm32f427xx.o(.text)
    TIM1_BRK_TIM9_IRQHandler                 0x080001db   Thumb Code     0  startup_stm32f427xx.o(.text)
    TIM1_CC_IRQHandler                       0x080001db   Thumb Code     0  startup_stm32f427xx.o(.text)
    TIM1_TRG_COM_TIM11_IRQHandler            0x080001db   Thumb Code     0  startup_stm32f427xx.o(.text)
    TIM1_UP_TIM10_IRQHandler                 0x080001db   Thumb Code     0  startup_stm32f427xx.o(.text)
    TIM3_IRQHandler                          0x080001db   Thumb Code     0  startup_stm32f427xx.o(.text)
    TIM4_IRQHandler                          0x080001db   Thumb Code     0  startup_stm32f427xx.o(.text)
    TIM5_IRQHandler                          0x080001db   Thumb Code     0  startup_stm32f427xx.o(.text)
    TIM7_IRQHandler                          0x080001db   Thumb Code     0  startup_stm32f427xx.o(.text)
    TIM8_BRK_TIM12_IRQHandler                0x080001db   Thumb Code     0  startup_stm32f427xx.o(.text)
    TIM8_CC_IRQHandler                       0x080001db   Thumb Code     0  startup_stm32f427xx.o(.text)
    TIM8_TRG_COM_TIM14_IRQHandler            0x080001db   Thumb Code     0  startup_stm32f427xx.o(.text)
    TIM8_UP_TIM13_IRQHandler                 0x080001db   Thumb Code     0  startup_stm32f427xx.o(.text)
    UART4_IRQHandler                         0x080001db   Thumb Code     0  startup_stm32f427xx.o(.text)
    UART5_IRQHandler                         0x080001db   Thumb Code     0  startup_stm32f427xx.o(.text)
    UART7_IRQHandler                         0x080001db   Thumb Code     0  startup_stm32f427xx.o(.text)
    UART8_IRQHandler                         0x080001db   Thumb Code     0  startup_stm32f427xx.o(.text)
    WWDG_IRQHandler                          0x080001db   Thumb Code     0  startup_stm32f427xx.o(.text)
    __aeabi_memcpy                           0x080001e5   Thumb Code    36  memcpya.o(.text)
    __aeabi_memcpy4                          0x080001e5   Thumb Code     0  memcpya.o(.text)
    __aeabi_memcpy8                          0x080001e5   Thumb Code     0  memcpya.o(.text)
    __aeabi_memset                           0x08000209   Thumb Code    14  memseta.o(.text)
    __aeabi_memset4                          0x08000209   Thumb Code     0  memseta.o(.text)
    __aeabi_memset8                          0x08000209   Thumb Code     0  memseta.o(.text)
    __aeabi_memclr                           0x08000217   Thumb Code     4  memseta.o(.text)
    __aeabi_memclr4                          0x08000217   Thumb Code     0  memseta.o(.text)
    __aeabi_memclr8                          0x08000217   Thumb Code     0  memseta.o(.text)
    _memset$wrapper                          0x0800021b   Thumb Code    18  memseta.o(.text)
    __aeabi_dmul                             0x0800022d   Thumb Code   228  dmul.o(.text)
    __aeabi_ddiv                             0x08000311   Thumb Code   222  ddiv.o(.text)
    __aeabi_uidiv                            0x080003ef   Thumb Code     0  uidiv.o(.text)
    __aeabi_uidivmod                         0x080003ef   Thumb Code    44  uidiv.o(.text)
    __aeabi_uldivmod                         0x0800041b   Thumb Code    98  uldiv.o(.text)
    __I$use$fp                               0x0800047d   Thumb Code     0  iusefp.o(.text)
    _double_round                            0x0800047d   Thumb Code    30  depilogue.o(.text)
    _double_epilogue                         0x0800049b   Thumb Code   156  depilogue.o(.text)
    __aeabi_dadd                             0x08000537   Thumb Code   322  dadd.o(.text)
    __aeabi_dsub                             0x08000679   Thumb Code     6  dadd.o(.text)
    __aeabi_drsub                            0x0800067f   Thumb Code     6  dadd.o(.text)
    __aeabi_d2ulz                            0x08000685   Thumb Code    48  dfixul.o(.text)
    __aeabi_cdrcmple                         0x080006b5   Thumb Code    48  cdrcmple.o(.text)
    __scatterload                            0x080006e5   Thumb Code    28  init.o(.text)
    __scatterload_rt2                        0x080006e5   Thumb Code     0  init.o(.text)
    __aeabi_llsl                             0x08000709   Thumb Code    30  llshl.o(.text)
    _ll_shift_l                              0x08000709   Thumb Code     0  llshl.o(.text)
    __aeabi_llsr                             0x08000727   Thumb Code    32  llushr.o(.text)
    _ll_ushift_r                             0x08000727   Thumb Code     0  llushr.o(.text)
    __aeabi_lasr                             0x08000747   Thumb Code    36  llsshr.o(.text)
    _ll_sshift_r                             0x08000747   Thumb Code     0  llsshr.o(.text)
    __decompress                             0x0800076b   Thumb Code     0  __dczerorl2.o(.text)
    __decompress1                            0x0800076b   Thumb Code    86  __dczerorl2.o(.text)
    Act_Init                                 0x080007c1   Thumb Code    34  act.o(i.Act_Init)
    Act_Proc                                 0x080007e9   Thumb Code   126  act.o(i.Act_Proc)
    App_Init                                 0x0800087d   Thumb Code    42  app.o(i.App_Init)
    App_Proc                                 0x080008a7   Thumb Code    22  app.o(i.App_Proc)
    Bsp_Config                               0x080008bd   Thumb Code    64  bsp.o(i.Bsp_Config)
    BtmRxCallback                            0x08000901   Thumb Code     4  com_srv.o(i.BtmRxCallback)
    Btm_Config                               0x08000905   Thumb Code    94  btm.o(i.Btm_Config)
    Btm_Proc                                 0x08000975   Thumb Code     6  com.o(i.Btm_Proc)
    Btm_ReadByte                             0x0800097d   Thumb Code    60  btm.o(i.Btm_ReadByte)
    Btn_Config                               0x080009c1   Thumb Code     6  btn.o(i.Btn_Config)
    BusFault_Handler                         0x080009cd   Thumb Code     2  stm32f4xx_it.o(i.BusFault_Handler)
    CAN1_RX0_IRQHandler                      0x080009d1   Thumb Code    58  can1.o(i.CAN1_RX0_IRQHandler)
    CAN1_TX_IRQHandler                       0x08000a15   Thumb Code    30  can1.o(i.CAN1_TX_IRQHandler)
    CAN2_RX0_IRQHandler                      0x08000a39   Thumb Code    58  can2.o(i.CAN2_RX0_IRQHandler)
    CAN2_TX_IRQHandler                       0x08000a7d   Thumb Code    30  can2.o(i.CAN2_TX_IRQHandler)
    CAN_ClearFlag                            0x08000aa1   Thumb Code    44  stm32f4xx_can.o(i.CAN_ClearFlag)
    CAN_ClearITPendingBit                    0x08000ad1   Thumb Code   116  stm32f4xx_can.o(i.CAN_ClearITPendingBit)
    CAN_Config                               0x08000b49   Thumb Code    98  stm32util.o(i.CAN_Config)
    CAN_FilterInit                           0x08000bb5   Thumb Code   194  stm32f4xx_can.o(i.CAN_FilterInit)
    CAN_Filter_Config                        0x08000c81   Thumb Code    54  stm32util.o(i.CAN_Filter_Config)
    CAN_GetITStatus                          0x08000cb9   Thumb Code   162  stm32f4xx_can.o(i.CAN_GetITStatus)
    CAN_ITConfig                             0x08000d61   Thumb Code    16  stm32f4xx_can.o(i.CAN_ITConfig)
    CAN_Init                                 0x08000d71   Thumb Code   232  stm32f4xx_can.o(i.CAN_Init)
    CAN_Receive                              0x08000e59   Thumb Code   144  stm32f4xx_can.o(i.CAN_Receive)
    CAN_Transmit                             0x08000ee9   Thumb Code   164  stm32f4xx_can.o(i.CAN_Transmit)
    CM_Cmd                                   0x08000f8d   Thumb Code    78  motor.o(i.CM_Cmd)
    CS_Set                                   0x08000fdb   Thumb Code     6  sys.o(i.CS_Set)
    Can1RxCallback                           0x08000fe1   Thumb Code     4  can_srv.o(i.Can1RxCallback)
    Can1_Config                              0x08000fe5   Thumb Code   102  can1.o(i.Can1_Config)
    Can2RxCallback                           0x08001055   Thumb Code     4  can_srv.o(i.Can2RxCallback)
    Can2_Config                              0x08001059   Thumb Code   104  can2.o(i.Can2_Config)
    Can_Init                                 0x080010c9   Thumb Code    44  can.o(i.Can_Init)
    Can_Proc                                 0x080010f9   Thumb Code   154  can.o(i.Can_Proc)
    Cfg_GetFlag                              0x0800119d   Thumb Code     8  cfg.o(i.Cfg_GetFlag)
    Cfg_Init                                 0x080011a9   Thumb Code   210  cfg.o(i.Cfg_Init)
    Cfg_Load                                 0x08001285   Thumb Code     6  cfg.o(i.Cfg_Load)
    Clk_GetMsTick                            0x08001349   Thumb Code    14  clk.o(i.Clk_GetMsTick)
    Clk_Init                                 0x0800135d   Thumb Code     8  clk.o(i.Clk_Init)
    Clk_Spin                                 0x08001369   Thumb Code    10  clk.o(i.Clk_Spin)
    Cmd_Init                                 0x08001379   Thumb Code    72  cmd.o(i.Cmd_Init)
    Cmd_Proc                                 0x080013cd   Thumb Code   134  cmd.o(i.Cmd_Proc)
    Com_Init                                 0x0800145d   Thumb Code     2  com.o(i.Com_Init)
    Ctl_Init                                 0x08001461   Thumb Code   168  ctl.o(i.Ctl_Init)
    Ctl_Proc                                 0x08001515   Thumb Code    30  ctl.o(i.Ctl_Proc)
    DBUS_Rst                                 0x0800153d   Thumb Code    20  dbus.o(i.DBUS_Rst)
    DMA_Cmd                                  0x08001551   Thumb Code    20  stm32f4xx_dma.o(i.DMA_Cmd)
    DMA_Config                               0x08001565   Thumb Code   100  stm32util.o(i.DMA_Config)
    DMA_DoubleBufferModeCmd                  0x080015d1   Thumb Code    20  stm32f4xx_dma.o(i.DMA_DoubleBufferModeCmd)
    DMA_DoubleBufferModeConfig               0x080015e5   Thumb Code    22  stm32f4xx_dma.o(i.DMA_DoubleBufferModeConfig)
    DMA_GetCurrDataCounter                   0x080015fb   Thumb Code     6  stm32f4xx_dma.o(i.DMA_GetCurrDataCounter)
    DMA_GetCurrentMemoryTarget               0x08001601   Thumb Code    14  stm32f4xx_dma.o(i.DMA_GetCurrentMemoryTarget)
    DMA_Init                                 0x08001611   Thumb Code    80  stm32f4xx_dma.o(i.DMA_Init)
    DbiRxCallback                            0x08001665   Thumb Code     4  com_srv.o(i.DbiRxCallback)
    Dbi_Config                               0x08001669   Thumb Code    94  dbi.o(i.Dbi_Config)
    Dbi_Proc                                 0x080016d9   Thumb Code     6  com.o(i.Dbi_Proc)
    Dbi_ReadByte                             0x080016e1   Thumb Code    60  dbi.o(i.Dbi_ReadByte)
    Dci_Init                                 0x08001725   Thumb Code    20  dci.o(i.Dci_Init)
    DebugMon_Handler                         0x0800173d   Thumb Code     2  stm32f4xx_it.o(i.DebugMon_Handler)
    Ekf_Init                                 0x0800173f   Thumb Code     8  ekf.o(i.Ekf_Init)
    Ekf_Proc                                 0x08001747   Thumb Code    74  ekf.o(i.Ekf_Proc)
    Ekf_Reset                                0x08001791   Thumb Code    22  ekf.o(i.Ekf_Reset)
    Ekf_SetE                                 0x080017ad   Thumb Code     6  ekf.o(i.Ekf_SetE)
    FIFO_Flush                               0x080017b3   Thumb Code    22  fifo.o(i.FIFO_Flush)
    FIFO_Init                                0x080017c9   Thumb Code     8  fifo.o(i.FIFO_Init)
    FIFO_IsEmpty                             0x080017d1   Thumb Code    12  fifo.o(i.FIFO_IsEmpty)
    FIFO_IsFull                              0x080017dd   Thumb Code    16  fifo.o(i.FIFO_IsFull)
    FIFO_Pop                                 0x080017ed   Thumb Code    52  fifo.o(i.FIFO_Pop)
    FIFO_Push                                0x08001821   Thumb Code    58  fifo.o(i.FIFO_Push)
    FS_Clr                                   0x0800185b   Thumb Code     4  sys.o(i.FS_Clr)
    FS_Cpy                                   0x0800185f   Thumb Code     4  sys.o(i.FS_Cpy)
    FS_Det                                   0x08001863   Thumb Code     4  sys.o(i.FS_Det)
    FS_Get                                   0x08001867   Thumb Code     4  sys.o(i.FS_Get)
    Flag_Clr                                 0x0800186b   Thumb Code     8  fun.o(i.Flag_Clr)
    Flag_Cpy                                 0x08001873   Thumb Code    38  fun.o(i.Flag_Cpy)
    Flag_Det                                 0x08001899   Thumb Code    14  fun.o(i.Flag_Det)
    Flag_Get                                 0x080018a7   Thumb Code     6  fun.o(i.Flag_Get)
    Flash_Read                               0x080018ad   Thumb Code    22  flash.o(i.Flash_Read)
    Fos_Read                                 0x080018c5   Thumb Code    10  fos.o(i.Fos_Read)
    GM_Cmd                                   0x080018d5   Thumb Code    72  motor.o(i.GM_Cmd)
    GPIO_AF                                  0x0800191d   Thumb Code    40  stm32util.o(i.GPIO_AF)
    GPIO_Config                              0x08001945   Thumb Code   236  stm32util.o(i.GPIO_Config)
    GPIO_In                                  0x08001a5d   Thumb Code    16  stm32util.o(i.GPIO_In)
    GPIO_Init                                0x08001a6d   Thumb Code   162  stm32f4xx_gpio.o(i.GPIO_Init)
    GPIO_Out                                 0x08001b0f   Thumb Code    18  stm32util.o(i.GPIO_Out)
    GPIO_PinAFConfig                         0x08001b21   Thumb Code    32  stm32f4xx_gpio.o(i.GPIO_PinAFConfig)
    GPIO_ReadOutputDataBit                   0x08001b41   Thumb Code    14  stm32f4xx_gpio.o(i.GPIO_ReadOutputDataBit)
    GPIO_ResetBits                           0x08001b4f   Thumb Code     4  stm32f4xx_gpio.o(i.GPIO_ResetBits)
    GPIO_SetBits                             0x08001b53   Thumb Code     4  stm32f4xx_gpio.o(i.GPIO_SetBits)
    HCP_Rst                                  0x08001b57   Thumb Code    28  hcp.o(i.HCP_Rst)
    HardFault_Handler                        0x08001b73   Thumb Code     2  stm32f4xx_it.o(i.HardFault_Handler)
    Hci_Init                                 0x08001b75   Thumb Code    78  hci.o(i.Hci_Init)
    Ini_GetFlag                              0x08001bd9   Thumb Code     8  ini.o(i.Ini_GetFlag)
    Ini_Init                                 0x08001be5   Thumb Code     8  ini.o(i.Ini_Init)
    Ini_Proc                                 0x08001bf1   Thumb Code    98  ini.o(i.Ini_Proc)
    Ios_GetByte                              0x08001c61   Thumb Code    54  ios.o(i.Ios_GetByte)
    Ios_Init                                 0x08001c99   Thumb Code    18  ios.o(i.Ios_Init)
    Ios_PutByte                              0x08001cb5   Thumb Code    26  ios.o(i.Ios_PutByte)
    Ios_SetIn                                0x08001cd5   Thumb Code    10  ios.o(i.Ios_SetIn)
    Ios_SetOut                               0x08001ce5   Thumb Code    10  ios.o(i.Ios_SetOut)
    KOS_Boot                                 0x08001cf5   Thumb Code    26  kos.o(i.KOS_Boot)
    Led_Config                               0x08001d15   Thumb Code    40  led.o(i.Led_Config)
    MS_Set                                   0x08001d45   Thumb Code     6  sys.o(i.MS_Set)
    Maf_Init                                 0x08001d4b   Thumb Code     8  maf.o(i.Maf_Init)
    Maf_Reset                                0x08001d55   Thumb Code    28  maf.o(i.Maf_Reset)
    Mec_Config                               0x08001d75   Thumb Code     6  mec.o(i.Mec_Config)
    Mec_Decomp                               0x08001d81   Thumb Code    10  mec.o(i.Mec_Decomp)
    Mec_Init                                 0x08001d91   Thumb Code    10  mec.o(i.Mec_Init)
    Mec_Synthe                               0x08001da1   Thumb Code    10  mec.o(i.Mec_Synthe)
    Mecanum_Config                           0x08001db1   Thumb Code    50  mecanum.o(i.Mecanum_Config)
    Mecanum_Decomp                           0x08001de3   Thumb Code   142  mecanum.o(i.Mecanum_Decomp)
    Mecanum_Synthe                           0x08001e71   Thumb Code   114  mecanum.o(i.Mecanum_Synthe)
    MemManage_Handler                        0x08001ee3   Thumb Code     2  stm32f4xx_it.o(i.MemManage_Handler)
    Motor_Process                            0x08001ee5   Thumb Code   314  can.o(i.Motor_Process)
    Motor_Ready                              0x08002041   Thumb Code    14  can.o(i.Motor_Ready)
    Motor_Reset                              0x08002051   Thumb Code    76  can.o(i.Motor_Reset)
    NMI_Handler                              0x080020a1   Thumb Code     2  stm32f4xx_it.o(i.NMI_Handler)
    NVIC_Config                              0x080020a3   Thumb Code    28  stm32util.o(i.NVIC_Config)
    NVIC_Init                                0x080020c1   Thumb Code    96  misc.o(i.NVIC_Init)
    NVIC_PriorityGroupConfig                 0x08002125   Thumb Code    10  misc.o(i.NVIC_PriorityGroupConfig)
    Odo_Init                                 0x08002139   Thumb Code   140  odo.o(i.Odo_Init)
    Odo_Proc                                 0x080021d1   Thumb Code   202  odo.o(i.Odo_Proc)
    PID_Calc                                 0x080022b1   Thumb Code   218  pid.o(i.PID_Calc)
    PID_Config                               0x08002391   Thumb Code     6  pid.o(i.PID_Config)
    PID_Reset                                0x080023a9   Thumb Code    14  pid.o(i.PID_Reset)
    PWM_Bind                                 0x080023bd   Thumb Code  5436  stm32util.o(i.PWM_Bind)
    PendSV_Handler                           0x08003901   Thumb Code     2  stm32f4xx_it.o(i.PendSV_Handler)
    Pwm_Config                               0x08003905   Thumb Code    66  pwm.o(i.Pwm_Config)
    RCC_AHB1PeriphClockCmd                   0x08003951   Thumb Code    18  stm32f4xx_rcc.o(i.RCC_AHB1PeriphClockCmd)
    RCC_APB1PeriphClockCmd                   0x08003969   Thumb Code    18  stm32f4xx_rcc.o(i.RCC_APB1PeriphClockCmd)
    RCC_APB2PeriphClockCmd                   0x08003981   Thumb Code    18  stm32f4xx_rcc.o(i.RCC_APB2PeriphClockCmd)
    RCC_GetClocksFreq                        0x08003999   Thumb Code   132  stm32f4xx_rcc.o(i.RCC_GetClocksFreq)
    RCP_Rst                                  0x08003a2d   Thumb Code    38  rcp.o(i.RCP_Rst)
    Rci_Init                                 0x08003a55   Thumb Code    36  rci.o(i.Rci_Init)
    RcvCallback                              0x08003a7d   Thumb Code     2  rcv_srv.o(i.RcvCallback)
    Rcv_Config                               0x08003a81   Thumb Code   126  rcv.o(i.Rcv_Config)
    Rmp_Calc                                 0x08003b15   Thumb Code    40  rmp.o(i.Rmp_Calc)
    Rmp_Config                               0x08003b3d   Thumb Code     4  rmp.o(i.Rmp_Config)
    Rmp_Reset                                0x08003b51   Thumb Code     6  rmp.o(i.Rmp_Reset)
    SVC_Handler                              0x08003b57   Thumb Code     2  stm32f4xx_it.o(i.SVC_Handler)
    Sch_Arrange                              0x08003b59   Thumb Code    58  sch.o(i.Sch_Arrange)
    SyncTimCallback                          0x08003c69   Thumb Code     6  tim_srv.o(i.SyncTimCallback)
    SyncTim_Config                           0x08003c85   Thumb Code    38  tim.o(i.SyncTim_Config)
    SyncTim_Start                            0x08003cb1   Thumb Code    34  tim.o(i.SyncTim_Start)
    SystemInit                               0x08003cd9   Thumb Code    74  system_stm32f4xx.o(i.SystemInit)
    TIM2_IRQHandler                          0x08003d35   Thumb Code    42  tim.o(i.TIM2_IRQHandler)
    TIM6_DAC_IRQHandler                      0x08003d61   Thumb Code    42  tim.o(i.TIM6_DAC_IRQHandler)
    TIM_ARRPreloadConfig                     0x08003d91   Thumb Code    20  stm32f4xx_tim.o(i.TIM_ARRPreloadConfig)
    TIM_ClearFlag                            0x08003da5   Thumb Code     6  stm32f4xx_tim.o(i.TIM_ClearFlag)
    TIM_ClearITPendingBit                    0x08003dab   Thumb Code     6  stm32f4xx_tim.o(i.TIM_ClearITPendingBit)
    TIM_Cmd                                  0x08003db1   Thumb Code    20  stm32f4xx_tim.o(i.TIM_Cmd)
    TIM_Config                               0x08003dc5   Thumb Code   276  stm32util.o(i.TIM_Config)
    TIM_GetITStatus                          0x08003f09   Thumb Code    24  stm32f4xx_tim.o(i.TIM_GetITStatus)
    TIM_ITConfig                             0x08003f21   Thumb Code    16  stm32f4xx_tim.o(i.TIM_ITConfig)
    TIM_OC1Init                              0x08003f31   Thumb Code    88  stm32f4xx_tim.o(i.TIM_OC1Init)
    TIM_OC1PreloadConfig                     0x08003f91   Thumb Code    12  stm32f4xx_tim.o(i.TIM_OC1PreloadConfig)
    TIM_OC2Init                              0x08003f9d   Thumb Code   120  stm32f4xx_tim.o(i.TIM_OC2Init)
    TIM_OC2PreloadConfig                     0x0800401d   Thumb Code    20  stm32f4xx_tim.o(i.TIM_OC2PreloadConfig)
    TIM_OC3Init                              0x08004031   Thumb Code   116  stm32f4xx_tim.o(i.TIM_OC3Init)
    TIM_OC3PreloadConfig                     0x080040ad   Thumb Code    12  stm32f4xx_tim.o(i.TIM_OC3PreloadConfig)
    TIM_OC4Init                              0x080040b9   Thumb Code    88  stm32f4xx_tim.o(i.TIM_OC4Init)
    TIM_OC4PreloadConfig                     0x08004119   Thumb Code    20  stm32f4xx_tim.o(i.TIM_OC4PreloadConfig)
    TIM_OC_Config                            0x0800412d   Thumb Code   130  stm32util.o(i.TIM_OC_Config)
    TIM_TimeBaseInit                         0x080041b1   Thumb Code    96  stm32f4xx_tim.o(i.TIM_TimeBaseInit)
    TickTimCallback                          0x0800422d   Thumb Code     4  tim_srv.o(i.TickTimCallback)
    TickTim_Config                           0x08004231   Thumb Code    36  tim.o(i.TickTim_Config)
    TickTim_Start                            0x08004255   Thumb Code    34  tim.o(i.TickTim_Start)
    Tim_Config                               0x08004277   Thumb Code    14  tim.o(i.Tim_Config)
    Tim_Start                                0x08004285   Thumb Code    14  tim.o(i.Tim_Start)
    TtyRxCallback                            0x08004293   Thumb Code     4  com_srv.o(i.TtyRxCallback)
    Tty_Config                               0x08004299   Thumb Code    94  tty.o(i.Tty_Config)
    Tty_Proc                                 0x08004309   Thumb Code     6  com.o(i.Tty_Proc)
    Tty_ReadByte                             0x08004311   Thumb Code    60  tty.o(i.Tty_ReadByte)
    USART1_IRQHandler                        0x08004355   Thumb Code   118  rcv.o(i.USART1_IRQHandler)
    USART2_IRQHandler                        0x080043d9   Thumb Code   142  btm.o(i.USART2_IRQHandler)
    USART3_IRQHandler                        0x08004471   Thumb Code   142  dbi.o(i.USART3_IRQHandler)
    USART6_IRQHandler                        0x08004509   Thumb Code   142  tty.o(i.USART6_IRQHandler)
    USART_Bind                               0x080045a1   Thumb Code  3544  stm32util.o(i.USART_Bind)
    USART_ClearFlag                          0x08005381   Thumb Code     6  stm32f4xx_usart.o(i.USART_ClearFlag)
    USART_ClearITPendingBit                  0x08005387   Thumb Code    12  stm32f4xx_usart.o(i.USART_ClearITPendingBit)
    USART_Cmd                                0x08005393   Thumb Code    20  stm32f4xx_usart.o(i.USART_Cmd)
    USART_Config                             0x080053a9   Thumb Code   366  stm32util.o(i.USART_Config)
    USART_DMACmd                             0x08005539   Thumb Code    16  stm32f4xx_usart.o(i.USART_DMACmd)
    USART_GetFlagStatus                      0x08005549   Thumb Code    14  stm32f4xx_usart.o(i.USART_GetFlagStatus)
    USART_GetITStatus                        0x08005557   Thumb Code    62  stm32f4xx_usart.o(i.USART_GetITStatus)
    USART_ITConfig                           0x08005595   Thumb Code    48  stm32f4xx_usart.o(i.USART_ITConfig)
    USART_Init                               0x080055c5   Thumb Code   164  stm32f4xx_usart.o(i.USART_Init)
    USART_ReceiveData                        0x08005671   Thumb Code     8  stm32f4xx_usart.o(i.USART_ReceiveData)
    USART_SendData                           0x08005679   Thumb Code     8  stm32f4xx_usart.o(i.USART_SendData)
    Upd_Init                                 0x08005681   Thumb Code    14  upd.o(i.Upd_Init)
    Upd_Proc                                 0x0800568f   Thumb Code    68  upd.o(i.Upd_Proc)
    UsageFault_Handler                       0x080056d3   Thumb Code     2  stm32f4xx_it.o(i.UsageFault_Handler)
    Wdg_Feed                                 0x080056d5   Thumb Code    10  wdg.o(i.Wdg_Feed)
    Wdg_Init                                 0x080056e5   Thumb Code    34  wdg.o(i.Wdg_Init)
    Wdg_IsErrSet                             0x08005711   Thumb Code     8  wdg.o(i.Wdg_IsErrSet)
    Wdg_Proc                                 0x0800571d   Thumb Code    58  wdg.o(i.Wdg_Proc)
    Wsm_GetLastWorkingState                  0x08005761   Thumb Code     6  wsm.o(i.Wsm_GetLastWorkingState)
    Wsm_GetWorkingState                      0x0800576d   Thumb Code     6  wsm.o(i.Wsm_GetWorkingState)
    Wsm_Init                                 0x08005779   Thumb Code    10  wsm.o(i.Wsm_Init)
    Wsm_Proc                                 0x08005789   Thumb Code    88  wsm.o(i.Wsm_Proc)
    ZGyro_Process                            0x080057e5   Thumb Code   122  can.o(i.ZGyro_Process)
    ZGyro_Ready                              0x0800586d   Thumb Code    14  can.o(i.ZGyro_Ready)
    ZGyro_Reset                              0x0800587d   Thumb Code    36  can.o(i.ZGyro_Reset)
    __0printf                                0x080058a5   Thumb Code    22  printfa.o(i.__0printf)
    __1printf                                0x080058a5   Thumb Code     0  printfa.o(i.__0printf)
    __2printf                                0x080058a5   Thumb Code     0  printfa.o(i.__0printf)
    __c89printf                              0x080058a5   Thumb Code     0  printfa.o(i.__0printf)
    printf                                   0x080058a5   Thumb Code     0  printfa.o(i.__0printf)
    __scatterload_copy                       0x080058c5   Thumb Code    14  handlers.o(i.__scatterload_copy)
    __scatterload_null                       0x080058d3   Thumb Code     2  handlers.o(i.__scatterload_null)
    __scatterload_zeroinit                   0x080058d5   Thumb Code    14  handlers.o(i.__scatterload_zeroinit)
    fputc                                    0x08006199   Thumb Code    18  ios.o(i.fputc)
    main                                     0x080061cd   Thumb Code    10  main.o(i.main)
    malloc                                   0x080061d9   Thumb Code    92  malloc.o(i.malloc)
    WDG                                      0x08006394   Data          48  wdg.o(.constdata)
    Region$$Table$$Base                      0x080063c4   Number         0  anon$$obj.o(Region$$Table)
    Region$$Table$$Limit                     0x080063e4   Number         0  anon$$obj.o(Region$$Table)
    cfg                                      0x20000008   Data         148  cfg.o(.data)
    functionalStateRef                       0x200000a0   Data           4  cmd.o(.data)
    functionalStateCtl                       0x200000a4   Data           4  ctl.o(.data)
    CM1SpeedRmp                              0x200000a8   Data           8  ctl.o(.data)
    CM2SpeedRmp                              0x200000b0   Data           8  ctl.o(.data)
    CM3SpeedRmp                              0x200000b8   Data           8  ctl.o(.data)
    CM4SpeedRmp                              0x200000c0   Data           8  ctl.o(.data)
    mouseButtonStates                        0x200000c8   Data           2  hci.o(.data)
    mouseButtonEvents                        0x200000ca   Data           2  hci.o(.data)
    _in                                      0x200000dc   Data           4  ios.o(.data)
    _out                                     0x200000e0   Data           4  ios.o(.data)
    functionalStateFdb                       0x200000e4   Data           4  odo.o(.data)
    switchStates                             0x200000e8   Data           2  rci.o(.data)
    switchEvents                             0x200000ea   Data           2  rci.o(.data)
    wdg                                      0x200000fc   Data          48  wdg.o(.data)
    __stdout                                 0x20000140   Data           4  stdout.o(.data)
    __microlib_freelist                      0x20000144   Data           4  mvars.o(.data)
    __microlib_freelist_initialised          0x20000148   Data           4  mvars.o(.data)
    zgyro                                    0x2000014c   Data          40  can.o(.bss)
    motor                                    0x20000174   Data         624  can.o(.bss)
    chassisVelocityRef                       0x200003e4   Data          12  cmd.o(.bss)
    mecanumVelocityRef                       0x200003f0   Data          16  cmd.o(.bss)
    CM1SpeedPID                              0x20000400   Data          40  ctl.o(.bss)
    CM2SpeedPID                              0x20000428   Data          40  ctl.o(.bss)
    CM3SpeedPID                              0x20000450   Data          40  ctl.o(.bss)
    CM4SpeedPID                              0x20000478   Data          40  ctl.o(.bss)
    mecanumCurrentsCtl                       0x200004a0   Data          16  ctl.o(.bss)
    dbus                                     0x200004b0   Data          22  dci.o(.bss)
    mecanum                                  0x20000570   Data          20  mec.o(.bss)
    mecanumPositionFdb                       0x20000584   Data          16  odo.o(.bss)
    mecanumVelocityFdb                       0x20000594   Data          16  odo.o(.bss)
    mecanumCurrentsFdb                       0x200005a4   Data          16  odo.o(.bss)
    chassisPositionFdb                       0x200005b4   Data          12  odo.o(.bss)
    chassisVelocityFdb                       0x200005c0   Data          12  odo.o(.bss)
    __heap_base                              0x20000c90   Data           0  startup_stm32f427xx.o(HEAP)
    __heap_limit                             0x20001c90   Data           0  startup_stm32f427xx.o(HEAP)
    __initial_sp                             0x20002090   Data           0  startup_stm32f427xx.o(STACK)



==============================================================================

Memory Map of the image

  Image Entry point : 0x080001ad

  Load Region LR_IROM1 (Base: 0x08000000, Size: 0x00006530, Max: 0x00200000, ABSOLUTE, COMPRESSED[0x00006448])

    Execution Region ER_IROM1 (Base: 0x08000000, Size: 0x000063e4, Max: 0x00200000, ABSOLUTE)

    Base Addr    Size         Type   Attr      Idx    E Section Name        Object

    0x08000000   0x000001ac   Data   RO         8075    RESET               startup_stm32f427xx.o
    0x080001ac   0x00000000   Code   RO         8118  * .ARM.Collect$$$$00000000  mc_w.l(entry.o)
    0x080001ac   0x00000004   Code   RO         8465    .ARM.Collect$$$$00000001  mc_w.l(entry2.o)
    0x080001b0   0x00000004   Code   RO         8468    .ARM.Collect$$$$00000004  mc_w.l(entry5.o)
    0x080001b4   0x00000000   Code   RO         8470    .ARM.Collect$$$$00000008  mc_w.l(entry7b.o)
    0x080001b4   0x00000000   Code   RO         8472    .ARM.Collect$$$$0000000A  mc_w.l(entry8b.o)
    0x080001b4   0x00000008   Code   RO         8473    .ARM.Collect$$$$0000000B  mc_w.l(entry9a.o)
    0x080001bc   0x00000000   Code   RO         8475    .ARM.Collect$$$$0000000D  mc_w.l(entry10a.o)
    0x080001bc   0x00000000   Code   RO         8477    .ARM.Collect$$$$0000000F  mc_w.l(entry11a.o)
    0x080001bc   0x00000004   Code   RO         8466    .ARM.Collect$$$$00002712  mc_w.l(entry2.o)
    0x080001c0   0x00000024   Code   RO         8076    .text               startup_stm32f427xx.o
    0x080001e4   0x00000024   Code   RO         8121    .text               mc_w.l(memcpya.o)
    0x08000208   0x00000024   Code   RO         8123    .text               mc_w.l(memseta.o)
    0x0800022c   0x000000e4   Code   RO         8418    .text               mf_w.l(dmul.o)
    0x08000310   0x000000de   Code   RO         8420    .text               mf_w.l(ddiv.o)
    0x080003ee   0x0000002c   Code   RO         8480    .text               mc_w.l(uidiv.o)
    0x0800041a   0x00000062   Code   RO         8482    .text               mc_w.l(uldiv.o)
    0x0800047c   0x00000000   Code   RO         8493    .text               mc_w.l(iusefp.o)
    0x0800047c   0x000000ba   Code   RO         8496    .text               mf_w.l(depilogue.o)
    0x08000536   0x0000014e   Code   RO         8498    .text               mf_w.l(dadd.o)
    0x08000684   0x00000030   Code   RO         8504    .text               mf_w.l(dfixul.o)
    0x080006b4   0x00000030   Code   RO         8508    .text               mf_w.l(cdrcmple.o)
    0x080006e4   0x00000024   Code   RO         8510    .text               mc_w.l(init.o)
    0x08000708   0x0000001e   Code   RO         8512    .text               mc_w.l(llshl.o)
    0x08000726   0x00000020   Code   RO         8514    .text               mc_w.l(llushr.o)
    0x08000746   0x00000024   Code   RO         8516    .text               mc_w.l(llsshr.o)
    0x0800076a   0x00000056   Code   RO         8526    .text               mc_w.l(__dczerorl2.o)
    0x080007c0   0x00000028   Code   RO          512    i.Act_Init          act.o
    0x080007e8   0x00000094   Code   RO          513    i.Act_Proc          act.o
    0x0800087c   0x0000002a   Code   RO          542    i.App_Init          app.o
    0x080008a6   0x00000016   Code   RO          543    i.App_Proc          app.o
    0x080008bc   0x00000044   Code   RO         2232    i.Bsp_Config        bsp.o
    0x08000900   0x00000004   Code   RO         2117    i.BtmRxCallback     com_srv.o
    0x08000904   0x00000070   Code   RO         2256    i.Btm_Config        btm.o
    0x08000974   0x00000006   Code   RO          796    i.Btm_Proc          com.o
    0x0800097a   0x00000002   PAD
    0x0800097c   0x00000044   Code   RO         2259    i.Btm_ReadByte      btm.o
    0x080009c0   0x0000000c   Code   RO         2324    i.Btn_Config        btn.o
    0x080009cc   0x00000002   Code   RO          353    i.BusFault_Handler  stm32f4xx_it.o
    0x080009ce   0x00000002   PAD
    0x080009d0   0x00000044   Code   RO         2348    i.CAN1_RX0_IRQHandler  can1.o
    0x08000a14   0x00000024   Code   RO         2349    i.CAN1_TX_IRQHandler  can1.o
    0x08000a38   0x00000044   Code   RO         2384    i.CAN2_RX0_IRQHandler  can2.o
    0x08000a7c   0x00000024   Code   RO         2385    i.CAN2_TX_IRQHandler  can2.o
    0x08000aa0   0x00000030   Code   RO         3256    i.CAN_ClearFlag     stm32f4xx_can.o
    0x08000ad0   0x00000078   Code   RO         3257    i.CAN_ClearITPendingBit  stm32f4xx_can.o
    0x08000b48   0x0000006c   Code   RO         2568    i.CAN_Config        stm32util.o
    0x08000bb4   0x000000cc   Code   RO         3261    i.CAN_FilterInit    stm32f4xx_can.o
    0x08000c80   0x00000036   Code   RO         2569    i.CAN_Filter_Config  stm32util.o
    0x08000cb6   0x00000002   PAD
    0x08000cb8   0x000000a8   Code   RO         3263    i.CAN_GetITStatus   stm32f4xx_can.o
    0x08000d60   0x00000010   Code   RO         3267    i.CAN_ITConfig      stm32f4xx_can.o
    0x08000d70   0x000000e8   Code   RO         3268    i.CAN_Init          stm32f4xx_can.o
    0x08000e58   0x00000090   Code   RO         3271    i.CAN_Receive       stm32f4xx_can.o
    0x08000ee8   0x000000a4   Code   RO         3276    i.CAN_Transmit      stm32f4xx_can.o
    0x08000f8c   0x0000004e   Code   RO         2880    i.CM_Cmd            motor.o
    0x08000fda   0x00000006   Code   RO         1354    i.CS_Set            sys.o
    0x08000fe0   0x00000004   Code   RO         2096    i.Can1RxCallback    can_srv.o
    0x08000fe4   0x00000070   Code   RO         2350    i.Can1_Config       can1.o
    0x08001054   0x00000004   Code   RO         2097    i.Can2RxCallback    can_srv.o
    0x08001058   0x00000070   Code   RO         2386    i.Can2_Config       can2.o
    0x080010c8   0x00000030   Code   RO          569    i.Can_Init          can.o
    0x080010f8   0x000000a4   Code   RO          570    i.Can_Proc          can.o
    0x0800119c   0x0000000c   Code   RO          633    i.Cfg_GetFlag       cfg.o
    0x080011a8   0x000000dc   Code   RO          635    i.Cfg_Init          cfg.o
    0x08001284   0x00000006   Code   RO          636    i.Cfg_Load          cfg.o
    0x0800128a   0x00000002   PAD
    0x0800128c   0x000000b0   Code   RO          848    i.ChassisVelocityControl  ctl.o
    0x0800133c   0x0000000c   Code   RO         3279    i.CheckITStatus     stm32f4xx_can.o
    0x08001348   0x00000014   Code   RO          712    i.Clk_GetMsTick     clk.o
    0x0800135c   0x0000000c   Code   RO          714    i.Clk_Init          clk.o
    0x08001368   0x00000010   Code   RO          715    i.Clk_Spin          clk.o
    0x08001378   0x00000054   Code   RO          756    i.Cmd_Init          cmd.o
    0x080013cc   0x00000090   Code   RO          757    i.Cmd_Proc          cmd.o
    0x0800145c   0x00000002   Code   RO          797    i.Com_Init          com.o
    0x0800145e   0x00000002   PAD
    0x08001460   0x000000b4   Code   RO          849    i.Ctl_Init          ctl.o
    0x08001514   0x00000028   Code   RO          850    i.Ctl_Proc          ctl.o
    0x0800153c   0x00000014   Code   RO         1603    i.DBUS_Rst          dbus.o
    0x08001550   0x00000014   Code   RO         4036    i.DMA_Cmd           stm32f4xx_dma.o
    0x08001564   0x0000006c   Code   RO         2570    i.DMA_Config        stm32util.o
    0x080015d0   0x00000014   Code   RO         4038    i.DMA_DoubleBufferModeCmd  stm32f4xx_dma.o
    0x080015e4   0x00000016   Code   RO         4039    i.DMA_DoubleBufferModeConfig  stm32f4xx_dma.o
    0x080015fa   0x00000006   Code   RO         4042    i.DMA_GetCurrDataCounter  stm32f4xx_dma.o
    0x08001600   0x0000000e   Code   RO         4043    i.DMA_GetCurrentMemoryTarget  stm32f4xx_dma.o
    0x0800160e   0x00000002   PAD
    0x08001610   0x00000054   Code   RO         4048    i.DMA_Init          stm32f4xx_dma.o
    0x08001664   0x00000004   Code   RO         2118    i.DbiRxCallback     com_srv.o
    0x08001668   0x00000070   Code   RO         2420    i.Dbi_Config        dbi.o
    0x080016d8   0x00000006   Code   RO          799    i.Dbi_Proc          com.o
    0x080016de   0x00000002   PAD
    0x080016e0   0x00000044   Code   RO         2423    i.Dbi_ReadByte      dbi.o
    0x08001724   0x00000018   Code   RO          955    i.Dci_Init          dci.o
    0x0800173c   0x00000002   Code   RO          354    i.DebugMon_Handler  stm32f4xx_it.o
    0x0800173e   0x00000008   Code   RO         1627    i.Ekf_Init          ekf.o
    0x08001746   0x0000004a   Code   RO         1628    i.Ekf_Proc          ekf.o
    0x08001790   0x0000001c   Code   RO         1629    i.Ekf_Reset         ekf.o
    0x080017ac   0x00000006   Code   RO         1631    i.Ekf_SetE          ekf.o
    0x080017b2   0x00000016   Code   RO         1726    i.FIFO_Flush        fifo.o
    0x080017c8   0x00000008   Code   RO         1730    i.FIFO_Init         fifo.o
    0x080017d0   0x0000000c   Code   RO         1731    i.FIFO_IsEmpty      fifo.o
    0x080017dc   0x00000010   Code   RO         1732    i.FIFO_IsFull       fifo.o
    0x080017ec   0x00000034   Code   RO         1734    i.FIFO_Pop          fifo.o
    0x08001820   0x0000003a   Code   RO         1735    i.FIFO_Push         fifo.o
    0x0800185a   0x00000004   Code   RO         1355    i.FS_Clr            sys.o
    0x0800185e   0x00000004   Code   RO         1356    i.FS_Cpy            sys.o
    0x08001862   0x00000004   Code   RO         1357    i.FS_Det            sys.o
    0x08001866   0x00000004   Code   RO         1358    i.FS_Get            sys.o
    0x0800186a   0x00000008   Code   RO         1024    i.Flag_Clr          fun.o
    0x08001872   0x00000026   Code   RO         1025    i.Flag_Cpy          fun.o
    0x08001898   0x0000000e   Code   RO         1026    i.Flag_Det          fun.o
    0x080018a6   0x00000006   Code   RO         1027    i.Flag_Get          fun.o
    0x080018ac   0x00000016   Code   RO         2846    i.Flash_Read        flash.o
    0x080018c2   0x00000002   PAD
    0x080018c4   0x00000010   Code   RO          997    i.Fos_Read          fos.o
    0x080018d4   0x00000048   Code   RO         2881    i.GM_Cmd            motor.o
    0x0800191c   0x00000028   Code   RO         2574    i.GPIO_AF           stm32util.o
    0x08001944   0x00000118   Code   RO         2575    i.GPIO_Config       stm32util.o
    0x08001a5c   0x00000010   Code   RO         2576    i.GPIO_In           stm32util.o
    0x08001a6c   0x000000a2   Code   RO         4905    i.GPIO_Init         stm32f4xx_gpio.o
    0x08001b0e   0x00000012   Code   RO         2577    i.GPIO_Out          stm32util.o
    0x08001b20   0x00000020   Code   RO         4906    i.GPIO_PinAFConfig  stm32f4xx_gpio.o
    0x08001b40   0x0000000e   Code   RO         4911    i.GPIO_ReadOutputDataBit  stm32f4xx_gpio.o
    0x08001b4e   0x00000004   Code   RO         4912    i.GPIO_ResetBits    stm32f4xx_gpio.o
    0x08001b52   0x00000004   Code   RO         4913    i.GPIO_SetBits      stm32f4xx_gpio.o
    0x08001b56   0x0000001c   Code   RO         1840    i.HCP_Rst           hcp.o
    0x08001b72   0x00000002   Code   RO          355    i.HardFault_Handler  stm32f4xx_it.o
    0x08001b74   0x00000058   Code   RO         1081    i.Hci_Init          hci.o
    0x08001bcc   0x0000000c   Code   RO         1123    i.Ini_Check         ini.o
    0x08001bd8   0x0000000c   Code   RO         1124    i.Ini_GetFlag       ini.o
    0x08001be4   0x0000000c   Code   RO         1125    i.Ini_Init          ini.o
    0x08001bf0   0x00000070   Code   RO         1126    i.Ini_Proc          ini.o
    0x08001c60   0x00000036   Code   RO         1157    i.Ios_GetByte       ios.o
    0x08001c96   0x00000002   PAD
    0x08001c98   0x0000001c   Code   RO         1158    i.Ios_Init          ios.o
    0x08001cb4   0x00000020   Code   RO         1159    i.Ios_PutByte       ios.o
    0x08001cd4   0x00000010   Code   RO         1160    i.Ios_SetIn         ios.o
    0x08001ce4   0x00000010   Code   RO         1161    i.Ios_SetOut        ios.o
    0x08001cf4   0x00000020   Code   RO          422    i.KOS_Boot          kos.o
    0x08001d14   0x00000030   Code   RO         2488    i.Led_Config        led.o
    0x08001d44   0x00000006   Code   RO         1361    i.MS_Set            sys.o
    0x08001d4a   0x00000008   Code   RO         1864    i.Maf_Init          maf.o
    0x08001d52   0x00000002   PAD
    0x08001d54   0x00000020   Code   RO         1866    i.Maf_Reset         maf.o
    0x08001d74   0x0000000c   Code   RO         1219    i.Mec_Config        mec.o
    0x08001d80   0x00000010   Code   RO         1220    i.Mec_Decomp        mec.o
    0x08001d90   0x00000010   Code   RO         1221    i.Mec_Init          mec.o
    0x08001da0   0x00000010   Code   RO         1222    i.Mec_Synthe        mec.o
    0x08001db0   0x00000032   Code   RO         1898    i.Mecanum_Config    mecanum.o
    0x08001de2   0x0000008e   Code   RO         1899    i.Mecanum_Decomp    mecanum.o
    0x08001e70   0x00000072   Code   RO         1900    i.Mecanum_Synthe    mecanum.o
    0x08001ee2   0x00000002   Code   RO          356    i.MemManage_Handler  stm32f4xx_it.o
    0x08001ee4   0x0000015c   Code   RO          571    i.Motor_Process     can.o
    0x08002040   0x0000000e   Code   RO          572    i.Motor_Ready       can.o
    0x0800204e   0x00000002   PAD
    0x08002050   0x00000050   Code   RO          573    i.Motor_Reset       can.o
    0x080020a0   0x00000002   Code   RO          357    i.NMI_Handler       stm32f4xx_it.o
    0x080020a2   0x0000001c   Code   RO         2578    i.NVIC_Config       stm32util.o
    0x080020be   0x00000002   PAD
    0x080020c0   0x00000064   Code   RO         2961    i.NVIC_Init         misc.o
    0x08002124   0x00000014   Code   RO         2962    i.NVIC_PriorityGroupConfig  misc.o
    0x08002138   0x00000098   Code   RO         1267    i.Odo_Init          odo.o
    0x080021d0   0x000000e0   Code   RO         1268    i.Odo_Proc          odo.o
    0x080022b0   0x000000e0   Code   RO         1940    i.PID_Calc          pid.o
    0x08002390   0x00000006   Code   RO         1941    i.PID_Config        pid.o
    0x08002396   0x00000002   PAD
    0x08002398   0x00000010   Code   RO          851    i.PID_Init          ctl.o
    0x080023a8   0x00000014   Code   RO         1942    i.PID_Reset         pid.o
    0x080023bc   0x00001544   Code   RO         2579    i.PWM_Bind          stm32util.o
    0x08003900   0x00000002   Code   RO          358    i.PendSV_Handler    stm32f4xx_it.o
    0x08003902   0x00000002   PAD
    0x08003904   0x0000004c   Code   RO         2512    i.Pwm_Config        pwm.o
    0x08003950   0x00000018   Code   RO         5843    i.RCC_AHB1PeriphClockCmd  stm32f4xx_rcc.o
    0x08003968   0x00000018   Code   RO         5852    i.RCC_APB1PeriphClockCmd  stm32f4xx_rcc.o
    0x08003980   0x00000018   Code   RO         5855    i.RCC_APB2PeriphClockCmd  stm32f4xx_rcc.o
    0x08003998   0x00000094   Code   RO         5864    i.RCC_GetClocksFreq  stm32f4xx_rcc.o
    0x08003a2c   0x00000026   Code   RO         1966    i.RCP_Rst           rcp.o
    0x08003a52   0x00000002   PAD
    0x08003a54   0x00000028   Code   RO         1307    i.Rci_Init          rci.o
    0x08003a7c   0x00000002   Code   RO         2153    i.RcvCallback       rcv_srv.o
    0x08003a7e   0x00000002   PAD
    0x08003a80   0x00000094   Code   RO         2536    i.Rcv_Config        rcv.o
    0x08003b14   0x00000028   Code   RO         1988    i.Rmp_Calc          rmp.o
    0x08003b3c   0x00000004   Code   RO         1989    i.Rmp_Config        rmp.o
    0x08003b40   0x00000010   Code   RO          852    i.Rmp_Init          ctl.o
    0x08003b50   0x00000006   Code   RO         1991    i.Rmp_Reset         rmp.o
    0x08003b56   0x00000002   Code   RO          359    i.SVC_Handler       stm32f4xx_it.o
    0x08003b58   0x00000040   Code   RO          452    i.Sch_Arrange       sch.o
    0x08003b98   0x000000d0   Code   RO         8035    i.SetSysClock       system_stm32f4xx.o
    0x08003c68   0x0000001c   Code   RO         2199    i.SyncTimCallback   tim_srv.o
    0x08003c84   0x0000002c   Code   RO         2680    i.SyncTim_Config    tim.o
    0x08003cb0   0x00000028   Code   RO         2681    i.SyncTim_Start     tim.o
    0x08003cd8   0x0000005c   Code   RO         8037    i.SystemInit        system_stm32f4xx.o
    0x08003d34   0x0000002a   Code   RO         2683    i.TIM2_IRQHandler   tim.o
    0x08003d5e   0x00000002   PAD
    0x08003d60   0x00000030   Code   RO         2684    i.TIM6_DAC_IRQHandler  tim.o
    0x08003d90   0x00000014   Code   RO         7228    i.TIM_ARRPreloadConfig  stm32f4xx_tim.o
    0x08003da4   0x00000006   Code   RO         7234    i.TIM_ClearFlag     stm32f4xx_tim.o
    0x08003daa   0x00000006   Code   RO         7235    i.TIM_ClearITPendingBit  stm32f4xx_tim.o
    0x08003db0   0x00000014   Code   RO         7240    i.TIM_Cmd           stm32f4xx_tim.o
    0x08003dc4   0x00000144   Code   RO         2580    i.TIM_Config        stm32util.o
    0x08003f08   0x00000018   Code   RO         7261    i.TIM_GetITStatus   stm32f4xx_tim.o
    0x08003f20   0x00000010   Code   RO         7265    i.TIM_ITConfig      stm32f4xx_tim.o
    0x08003f30   0x00000060   Code   RO         7269    i.TIM_OC1Init       stm32f4xx_tim.o
    0x08003f90   0x0000000c   Code   RO         7272    i.TIM_OC1PreloadConfig  stm32f4xx_tim.o
    0x08003f9c   0x00000080   Code   RO         7274    i.TIM_OC2Init       stm32f4xx_tim.o
    0x0800401c   0x00000014   Code   RO         7277    i.TIM_OC2PreloadConfig  stm32f4xx_tim.o
    0x08004030   0x0000007c   Code   RO         7279    i.TIM_OC3Init       stm32f4xx_tim.o
    0x080040ac   0x0000000c   Code   RO         7282    i.TIM_OC3PreloadConfig  stm32f4xx_tim.o
    0x080040b8   0x00000060   Code   RO         7284    i.TIM_OC4Init       stm32f4xx_tim.o
    0x08004118   0x00000014   Code   RO         7286    i.TIM_OC4PreloadConfig  stm32f4xx_tim.o
    0x0800412c   0x00000082   Code   RO         2581    i.TIM_OC_Config     stm32util.o
    0x080041ae   0x00000002   PAD
    0x080041b0   0x0000007c   Code   RO         7312    i.TIM_TimeBaseInit  stm32f4xx_tim.o
    0x0800422c   0x00000004   Code   RO         2200    i.TickTimCallback   tim_srv.o
    0x08004230   0x00000024   Code   RO         2685    i.TickTim_Config    tim.o
    0x08004254   0x00000022   Code   RO         2686    i.TickTim_Start     tim.o
    0x08004276   0x0000000e   Code   RO         2688    i.Tim_Config        tim.o
    0x08004284   0x0000000e   Code   RO         2689    i.Tim_Start         tim.o
    0x08004292   0x00000004   Code   RO         2119    i.TtyRxCallback     com_srv.o
    0x08004296   0x00000002   PAD
    0x08004298   0x00000070   Code   RO         2759    i.Tty_Config        tty.o
    0x08004308   0x00000006   Code   RO          800    i.Tty_Proc          com.o
    0x0800430e   0x00000002   PAD
    0x08004310   0x00000044   Code   RO         2762    i.Tty_ReadByte      tty.o
    0x08004354   0x00000084   Code   RO         2537    i.USART1_IRQHandler  rcv.o
    0x080043d8   0x00000098   Code   RO         2263    i.USART2_IRQHandler  btm.o
    0x08004470   0x00000098   Code   RO         2427    i.USART3_IRQHandler  dbi.o
    0x08004508   0x00000098   Code   RO         2766    i.USART6_IRQHandler  tty.o
    0x080045a0   0x00000de0   Code   RO         2582    i.USART_Bind        stm32util.o
    0x08005380   0x00000006   Code   RO         7777    i.USART_ClearFlag   stm32f4xx_usart.o
    0x08005386   0x0000000c   Code   RO         7778    i.USART_ClearITPendingBit  stm32f4xx_usart.o
    0x08005392   0x00000014   Code   RO         7781    i.USART_Cmd         stm32f4xx_usart.o
    0x080053a6   0x00000002   PAD
    0x080053a8   0x00000190   Code   RO         2583    i.USART_Config      stm32util.o
    0x08005538   0x00000010   Code   RO         7782    i.USART_DMACmd      stm32f4xx_usart.o
    0x08005548   0x0000000e   Code   RO         7784    i.USART_GetFlagStatus  stm32f4xx_usart.o
    0x08005556   0x0000003e   Code   RO         7785    i.USART_GetITStatus  stm32f4xx_usart.o
    0x08005594   0x00000030   Code   RO         7787    i.USART_ITConfig    stm32f4xx_usart.o
    0x080055c4   0x000000ac   Code   RO         7788    i.USART_Init        stm32f4xx_usart.o
    0x08005670   0x00000008   Code   RO         7795    i.USART_ReceiveData  stm32f4xx_usart.o
    0x08005678   0x00000008   Code   RO         7798    i.USART_SendData    stm32f4xx_usart.o
    0x08005680   0x0000000e   Code   RO         1411    i.Upd_Init          upd.o
    0x0800568e   0x00000044   Code   RO         1412    i.Upd_Proc          upd.o
    0x080056d2   0x00000002   Code   RO          360    i.UsageFault_Handler  stm32f4xx_it.o
    0x080056d4   0x00000010   Code   RO         1438    i.Wdg_Feed          wdg.o
    0x080056e4   0x0000002c   Code   RO         1441    i.Wdg_Init          wdg.o
    0x08005710   0x0000000c   Code   RO         1442    i.Wdg_IsErrSet      wdg.o
    0x0800571c   0x00000044   Code   RO         1443    i.Wdg_Proc          wdg.o
    0x08005760   0x0000000c   Code   RO         1487    i.Wsm_GetLastWorkingState  wsm.o
    0x0800576c   0x0000000c   Code   RO         1488    i.Wsm_GetWorkingState  wsm.o
    0x08005778   0x00000010   Code   RO         1489    i.Wsm_Init          wsm.o
    0x08005788   0x0000005c   Code   RO         1490    i.Wsm_Proc          wsm.o
    0x080057e4   0x00000088   Code   RO          574    i.ZGyro_Process     can.o
    0x0800586c   0x0000000e   Code   RO          575    i.ZGyro_Ready       can.o
    0x0800587a   0x00000002   PAD
    0x0800587c   0x00000028   Code   RO          576    i.ZGyro_Reset       can.o
    0x080058a4   0x00000020   Code   RO         8362    i.__0printf         mc_w.l(printfa.o)
    0x080058c4   0x0000000e   Code   RO         8520    i.__scatterload_copy  mc_w.l(handlers.o)
    0x080058d2   0x00000002   Code   RO         8521    i.__scatterload_null  mc_w.l(handlers.o)
    0x080058d4   0x0000000e   Code   RO         8522    i.__scatterload_zeroinit  mc_w.l(handlers.o)
    0x080058e2   0x00000002   PAD
    0x080058e4   0x00000184   Code   RO         8369    i._fp_digits        mc_w.l(printfa.o)
    0x08005a68   0x000006dc   Code   RO         8370    i._printf_core      mc_w.l(printfa.o)
    0x08006144   0x00000024   Code   RO         8371    i._printf_post_padding  mc_w.l(printfa.o)
    0x08006168   0x0000002e   Code   RO         8372    i._printf_pre_padding  mc_w.l(printfa.o)
    0x08006196   0x00000002   PAD
    0x08006198   0x00000018   Code   RO         1163    i.fputc             ios.o
    0x080061b0   0x0000001c   Code   RO          456    i.getSchTask        sch.o
    0x080061cc   0x0000000a   Code   RO            4    i.main              main.o
    0x080061d6   0x00000002   PAD
    0x080061d8   0x0000006c   Code   RO         8391    i.malloc            mc_w.l(malloc.o)
    0x08006244   0x00000028   Code   RO          457    i.newSchTask        sch.o
    0x0800626c   0x00000128   Data   RO          641    .constdata          cfg.o
    0x08006394   0x00000030   Data   RO         1444    .constdata          wdg.o
    0x080063c4   0x00000020   Data   RO         8518    Region$$Table       anon$$obj.o


    Execution Region RW_IRAM1 (Base: 0x20000000, Size: 0x00002090, Max: 0x00030000, ABSOLUTE, COMPRESSED[0x00000064])

    Base Addr    Size         Type   Attr      Idx    E Section Name        Object

    0x20000000   0x00000008   Data   RW          458    .data               sch.o
    0x20000008   0x00000094   Data   RW          642    .data               cfg.o
    0x2000009c   0x00000004   Data   RW          716    .data               clk.o
    0x200000a0   0x00000004   Data   RW          759    .data               cmd.o
    0x200000a4   0x00000024   Data   RW          854    .data               ctl.o
    0x200000c8   0x00000010   Data   RW         1084    .data               hci.o
    0x200000d8   0x00000004   Data   RW         1127    .data               ini.o
    0x200000dc   0x00000008   Data   RW         1164    .data               ios.o
    0x200000e4   0x00000004   Data   RW         1270    .data               odo.o
    0x200000e8   0x00000010   Data   RW         1309    .data               rci.o
    0x200000f8   0x00000034   Data   RW         1445    .data               wdg.o
    0x2000012c   0x00000002   Data   RW         1491    .data               wsm.o
    0x2000012e   0x00000010   Data   RW         5896    .data               stm32f4xx_rcc.o
    0x2000013e   0x00000002   PAD
    0x20000140   0x00000004   Data   RW         8479    .data               mc_w.l(stdout.o)
    0x20000144   0x00000004   Data   RW         8484    .data               mc_w.l(mvars.o)
    0x20000148   0x00000004   Data   RW         8485    .data               mc_w.l(mvars.o)
    0x2000014c   0x00000298   Zero   RW          577    .bss                can.o
    0x200003e4   0x0000001c   Zero   RW          758    .bss                cmd.o
    0x20000400   0x000000b0   Zero   RW          853    .bss                ctl.o
    0x200004b0   0x00000016   Zero   RW          958    .bss                dci.o
    0x200004c6   0x00000002   PAD
    0x200004c8   0x000000a8   Zero   RW         1083    .bss                hci.o
    0x20000570   0x00000014   Zero   RW         1223    .bss                mec.o
    0x20000584   0x00000048   Zero   RW         1269    .bss                odo.o
    0x200005cc   0x00000228   Zero   RW         2264    .bss                btm.o
    0x200007f4   0x00000228   Zero   RW         2428    .bss                dbi.o
    0x20000a1c   0x00000048   Zero   RW         2538    .bss                rcv.o
    0x20000a64   0x00000228   Zero   RW         2767    .bss                tty.o
    0x20000c8c   0x00000004   PAD
    0x20000c90   0x00001000   Zero   RW         8074    HEAP                startup_stm32f427xx.o
    0x20001c90   0x00000400   Zero   RW         8073    STACK               startup_stm32f427xx.o


==============================================================================

Image component sizes


      Code (inc. data)   RO Data    RW Data    ZI Data      Debug   Object Name

       188         28          0          0          0       1314   act.o
        64          0          0          0          0        970   app.o
        68          4          0          0          0        513   bsp.o
       332         36          0          0        552       2340   btm.o
        12          6          0          0          0        429   btn.o
       844         70          0          0        664       6672   can.o
       216         26          0          0          0       1597   can1.o
       216         24          0          0          0       1605   can2.o
         8          0          0          0          0       1290   can_srv.o
       238         14        296        148          0       4473   cfg.o
        48         16          0          4          0       1486   clk.o
       228         22          0          4         28       1301   cmd.o
        20          0          0          0          0       2996   com.o
        12          0          0          0          0       1428   com_srv.o
       428         50          0         36        176       3330   ctl.o
       332         36          0          0        552       2340   dbi.o
        20          0          0          0          0        799   dbus.o
        24          4          0          0         22        662   dci.o
       116          6          0          0          0       2377   ekf.o
       168          0          0          0          0       3837   fifo.o
        22          0          0          0          0       1021   flash.o
        16          6          0          0          0        747   fos.o
        66          0          0          0          0       2687   fun.o
        88         10          0         16        168       2157   hci.o
        28          0          0          0          0        778   hcp.o
       148         26          0          4          0       2300   ini.o
       170         34          0          8          0       3605   ios.o
        32          6          0          0          0        475   kos.o
        48          8          0          0          0        485   led.o
        40          4          0          0          0       1319   maf.o
        10          0          0          0          0     335811   main.o
        60         24          0          0         20       2496   mec.o
       306          0          0          0          0       2135   mecanum.o
       120         14          0          0          0       1563   misc.o
       150          0          0          0          0       1658   motor.o
       376         34          0          4         72       2134   odo.o
       250         12          0          0          0       2404   pid.o
        76         10          0          0          0        469   pwm.o
        40          4          0         16          0       1659   rci.o
        38          0          0          0          0        794   rcp.o
       280         36          0          0         72       1585   rcv.o
         2          0          0          0          0        714   rcv_srv.o
        50          0          0          0          0       1792   rmp.o
       132         12          0          8          0       2418   sch.o
        36          8        428          0       5120        840   startup_stm32f427xx.o
      1108         24          0          0          0       7674   stm32f4xx_can.o
       166          4          0          0          0       4974   stm32f4xx_dma.o
       216          0          0          0          0       3660   stm32f4xx_gpio.o
        16          0          0          0          0       3644   stm32f4xx_it.o
       220         34          0         16          0       4871   stm32f4xx_rcc.o
       724         60          0          0          0      11340   stm32f4xx_tim.o
       366          8          0          0          0       7512   stm32f4xx_usart.o
     10502        292          0          0          0      18987   stm32util.o
        28          0          0          0          0       3494   sys.o
       300         36          0          0          0       1569   system_stm32f4xx.o
       272         18          0          0          0       4251   tim.o
        32         22          0          0          0        892   tim_srv.o
       332         36          0          0        552       2340   tty.o
        82          0          0          0          0       1278   upd.o
       140         30         48         52          0       2530   wdg.o
       132         22          0          2          0       2142   wsm.o

    ----------------------------------------------------------------------
     20848       1176        804        320       8004     496963   Object Totals
         0          0         32          0          0          0   (incl. Generated)
        46          0          0          2          6          0   (incl. Padding)

    ----------------------------------------------------------------------

      Code (inc. data)   RO Data    RW Data    ZI Data      Debug   Library Member Name

        86          0          0          0          0          0   __dczerorl2.o
         0          0          0          0          0          0   entry.o
         0          0          0          0          0          0   entry10a.o
         0          0          0          0          0          0   entry11a.o
         8          4          0          0          0          0   entry2.o
         4          0          0          0          0          0   entry5.o
         0          0          0          0          0          0   entry7b.o
         0          0          0          0          0          0   entry8b.o
         8          4          0          0          0          0   entry9a.o
        30          0          0          0          0          0   handlers.o
        36          8          0          0          0         68   init.o
         0          0          0          0          0          0   iusefp.o
        30          0          0          0          0         68   llshl.o
        36          0          0          0          0         68   llsshr.o
        32          0          0          0          0         68   llushr.o
       108         16          0          0          0         84   malloc.o
        36          0          0          0          0         68   memcpya.o
        36          0          0          0          0        108   memseta.o
         0          0          0          8          0          0   mvars.o
      2258         90          0          0          0        452   printfa.o
         0          0          0          4          0          0   stdout.o
        44          0          0          0          0         80   uidiv.o
        98          0          0          0          0         92   uldiv.o
        48          0          0          0          0         68   cdrcmple.o
       334          0          0          0          0        148   dadd.o
       222          0          0          0          0        100   ddiv.o
       186          0          0          0          0        176   depilogue.o
        48          0          0          0          0         68   dfixul.o
       228          0          0          0          0         96   dmul.o

    ----------------------------------------------------------------------
      3920        122          0         12          0       1812   Library Totals
         4          0          0          0          0          0   (incl. Padding)

    ----------------------------------------------------------------------

      Code (inc. data)   RO Data    RW Data    ZI Data      Debug   Library Name

      2850        122          0         12          0       1156   mc_w.l
      1066          0          0          0          0        656   mf_w.l

    ----------------------------------------------------------------------
      3920        122          0         12          0       1812   Library Totals

    ----------------------------------------------------------------------

==============================================================================


      Code (inc. data)   RO Data    RW Data    ZI Data      Debug   

     24768       1298        804        332       8004     478623   Grand Totals
     24768       1298        804        100       8004     478623   ELF Image Totals (compressed)
     24768       1298        804        100          0          0   ROM Totals

==============================================================================

    Total RO  Size (Code + RO Data)                25572 (  24.97kB)
    Total RW  Size (RW Data + ZI Data)              8336 (   8.14kB)
    Total ROM Size (Code + RO Data + RW Data)      25672 (  25.07kB)

==============================================================================

