Component: ARM Compiler 5.06 update 4 (build 422) Tool: armlink [4d35d2]

==============================================================================

Section Cross References

    main.o(i.main) refers to kos.o(i.KOS_Boot) for KOS_Boot
    main.o(i.main) refers to snd.o(i.Snd_Play) for Snd_Play
    main.o(i.main) refers to delay.o(i.Delay_Ms) for Delay_Ms
    main.o(i.main) refers to snd.o(i.Snd_Stop) for Snd_Stop
    main.o(i.main) refers to clk.o(i.Clk_GetUsTick) for Clk_GetUsTick
    main.o(i.main) refers to mpu6500_drv.o(i.MPU6500_Read) for MPU6500_Read
    main.o(i.main) refers to printf1.o(i.__0printf$1) for __2printf
    main.o(i.main) refers to main.o(.data) for .data
    main.o(i.main) refers to main.o(.bss) for .bss
    kos.o(i.KOS_Boot) refers to app.o(i.App_Init) for App_Init
    kos.o(i.KOS_Boot) refers to sch.o(i.Sch_Init) for Sch_Init
    kos.o(i.KOS_Boot) refers to sch.o(i.Sch_Arrange) for Sch_Arrange
    kos.o(i.KOS_Boot) refers to bsp.o(i.Bsp_Config) for Bsp_Config
    kos.o(i.KOS_Boot) refers to act.o(i.Act_Init) for Act_Init
    kos.o(i.KOS_Boot) refers to tim.o(i.Tim_Start) for Tim_Start
    kos.o(i.KOS_Boot) refers to app.o(i.App_Proc) for App_Proc
    kos.o(i.KOS_Boot) refers to snd.o(i.Snd_Proc) for Snd_Proc
    kos.o(i.KOS_Stop) refers to sch.o(i.Sch_Dismiss) for Sch_Dismiss
    kos.o(i.KOS_Stop) refers to act.o(i.Act_Init) for Act_Init
    kos.o(i.KOS_Stop) refers to app.o(i.App_Proc) for App_Proc
    kos.o(i.KOS_Stop) refers to snd.o(i.Snd_Proc) for Snd_Proc
    sch.o(i.Sch_Arrange) refers to sch.o(i.getSchTask) for getSchTask
    sch.o(i.Sch_Arrange) refers to sch.o(i.newSchTask) for newSchTask
    sch.o(i.Sch_Arrange) refers to sch.o(.data) for .data
    sch.o(i.Sch_Dismiss) refers to sch.o(i.getSchTask) for getSchTask
    sch.o(i.Sch_Dismiss) refers to malloc.o(i.free) for free
    sch.o(i.Sch_Dismiss) refers to sch.o(.data) for .data
    sch.o(i.Sch_Init) refers to sch.o(.data) for .data
    sch.o(i.Sch_Proc) refers to sch.o(.data) for .data
    sch.o(i.getSchTask) refers to sch.o(.data) for .data
    sch.o(i.newSchTask) refers to malloc.o(i.malloc) for malloc
    sch.o(i.newSchTask) refers to memseta.o(.text) for __aeabi_memclr4
    act.o(i.Act_Init) refers to motor.o(i.CM_Cmd) for CM_Cmd
    act.o(i.Act_Init) refers to motor.o(i.GM_Cmd) for GM_Cmd
    act.o(i.Act_Proc) refers to act.o(i.PeriphsStateAct) for PeriphsStateAct
    act.o(i.Act_Proc) refers to motor.o(i.CM_Cmd) for CM_Cmd
    act.o(i.Act_Proc) refers to motor.o(i.GM_Cmd) for GM_Cmd
    act.o(i.Act_Proc) refers to ctl.o(.bss) for ctl
    act.o(i.PeriphsStateAct) refers to sys.o(i.FS_Get) for FS_Get
    act.o(i.PeriphsStateAct) refers to srs.o(i.Srs_Start) for Srs_Start
    act.o(i.PeriphsStateAct) refers to srs.o(i.Srs_Stop) for Srs_Stop
    act.o(i.PeriphsStateAct) refers to ctl.o(.bss) for ctl
    act.o(i.PeriphsStateAct) refers to srs.o(.bss) for srs
    app.o(i.App_Init) refers to ios.o(i.Ios_Init) for Ios_Init
    app.o(i.App_Init) refers to cfg.o(i.Cfg_Init) for Cfg_Init
    app.o(i.App_Init) refers to clk.o(i.Clk_Init) for Clk_Init
    app.o(i.App_Init) refers to mec.o(i.Mec_Init) for Mec_Init
    app.o(i.App_Init) refers to can.o(i.Can_Init) for Can_Init
    app.o(i.App_Init) refers to odo.o(i.Odo_Init) for Odo_Init
    app.o(i.App_Init) refers to cmd.o(i.Cmd_Init) for Cmd_Init
    app.o(i.App_Init) refers to ctl.o(i.Ctl_Init) for Ctl_Init
    app.o(i.App_Init) refers to upl.o(i.Upl_Init) for Upl_Init
    app.o(i.App_Init) refers to dnl.o(i.Dnl_Init) for Dnl_Init
    app.o(i.App_Init) refers to com.o(i.Com_Init) for Com_Init
    app.o(i.App_Init) refers to dci.o(i.Dci_Init) for Dci_Init
    app.o(i.App_Init) refers to cal.o(i.Cal_Init) for Cal_Init
    app.o(i.App_Init) refers to pwr.o(i.Pwr_Init) for Pwr_Init
    app.o(i.App_Init) refers to srs.o(i.Srs_Init) for Srs_Init
    app.o(i.App_Init) refers to snd.o(i.Snd_Init) for Snd_Init
    app.o(i.App_Init) refers to wdg.o(i.Wdg_Init) for Wdg_Init
    app.o(i.App_Init) refers to ini.o(i.Ini_Init) for Ini_Init
    app.o(i.App_Init) refers to wsm.o(i.Wsm_Init) for Wsm_Init
    app.o(i.App_Init) refers to upd.o(i.Upd_Init) for Upd_Init
    app.o(i.App_Proc) refers to wdg.o(i.Wdg_Proc) for Wdg_Proc
    app.o(i.App_Proc) refers to ini.o(i.Ini_Proc) for Ini_Proc
    app.o(i.App_Proc) refers to wsm.o(i.Wsm_Proc) for Wsm_Proc
    app.o(i.App_Proc) refers to upd.o(i.Upd_Proc) for Upd_Proc
    cal.o(i.Cal_ClrFlag) refers to cal.o(.data) for .data
    cal.o(i.Cal_GetFlag) refers to cal.o(.data) for .data
    cal.o(i.Cal_HasFlag) refers to cal.o(.data) for .data
    cal.o(i.Cal_HitFlag) refers to cal.o(.data) for .data
    cal.o(i.Cal_Init) refers to maf.o(i.Maf_Init) for Maf_Init
    cal.o(i.Cal_Init) refers to cal.o(.data) for .data
    cal.o(i.Cal_Init) refers to cal.o(.bss) for .bss
    cal.o(i.Cal_IsDone) refers to cal.o(.data) for .data
    cal.o(i.Cal_Proc) refers to cal.o(i.Cal_ProcGim) for Cal_ProcGim
[...]
    buf                                      0x20000bf0   Data         480  pwr.o(.bss)
    .bss                                     0x20000dd0   Section       16  rci.o(.bss)
    rcf                                      0x20000dd0   Data          16  rci.o(.bss)
    .bss                                     0x20000de0   Section      368  srs.o(.bss)
    .bss                                     0x20000f50   Section      604  upl.o(.bss)
    buf                                      0x20000f50   Data         512  upl.o(.bss)
    fifo                                     0x20001150   Data          20  upl.o(.bss)
    kylinMsg                                 0x20001164   Data          28  upl.o(.bss)
    sr04sMsg                                 0x20001180   Data          12  upl.o(.bss)
    zgyroMsg                                 0x2000118c   Data          10  upl.o(.bss)
    posCalibMsg                              0x20001196   Data          12  upl.o(.bss)
    virtualRC                                0x200011a2   Data          10  upl.o(.bss)
    .bss                                     0x200011ac   Section      552  btm.o(.bss)
    rx_fifo                                  0x200011ac   Data          20  btm.o(.bss)
    tx_fifo                                  0x200011c0   Data          20  btm.o(.bss)
    rx_buf                                   0x200011d4   Data         256  btm.o(.bss)
    tx_buf                                   0x200012d4   Data         256  btm.o(.bss)
    .bss                                     0x200013d4   Section      552  dbi.o(.bss)
    rx_fifo                                  0x200013d4   Data          20  dbi.o(.bss)
    tx_fifo                                  0x200013e8   Data          20  dbi.o(.bss)
    rx_buf                                   0x200013fc   Data         256  dbi.o(.bss)
    tx_buf                                   0x200014fc   Data         256  dbi.o(.bss)
    .bss                                     0x200015fc   Section       72  rcv.o(.bss)
    buf                                      0x200015fc   Data          72  rcv.o(.bss)
    .bss                                     0x20001644   Section       64  stm32util.o(.bss)
    .bss                                     0x20001684   Section      552  tty.o(.bss)
    rx_fifo                                  0x20001684   Data          20  tty.o(.bss)
    tx_fifo                                  0x20001698   Data          20  tty.o(.bss)
    rx_buf                                   0x200016ac   Data         256  tty.o(.bss)
    tx_buf                                   0x200017ac   Data         256  tty.o(.bss)
    HEAP                                     0x200018b0   Section     4096  startup_stm32f427xx.o(HEAP)
    STACK                                    0x200028b0   Section     1024  startup_stm32f427xx.o(STACK)

    Global Symbols

    Symbol Name                              Value     Ov Type        Size  Object(Section)

    BuildAttributes$$THM_ISAv4$E$P$D$K$B$S$7EM$VFPi3$EXTD16$VFPS$VFMA$PE$A:L22UL41UL21$X:L11$S22US41US21$IEEE1$IW$USESV6$~STKCKD$USESV7$~SHL$OTIME$ROPI$IEEEX$EBA8$MICROLIB$REQ8$PRES8$EABIv2 0x00000000   Number         0  anon$$obj.o ABSOLUTE
    __ARM_use_no_argv                        0x00000000   Number         0  main.o ABSOLUTE
    _printf_a                                0x00000000   Number         0  stubs.o ABSOLUTE
    _printf_c                                0x00000000   Number         0  stubs.o ABSOLUTE
    _printf_charcount                        0x00000000   Number         0  stubs.o ABSOLUTE
    _printf_d                                0x00000000   Number         0  stubs.o ABSOLUTE
    _printf_e                                0x00000000   Number         0  stubs.o ABSOLUTE
    _printf_f                                0x00000000   Number         0  stubs.o ABSOLUTE
    _printf_flags                            0x00000000   Number         0  stubs.o ABSOLUTE
    _printf_fp_dec                           0x00000000   Number         0  stubs.o ABSOLUTE
    _printf_fp_hex                           0x00000000   Number         0  stubs.o ABSOLUTE
    _printf_g                                0x00000000   Number         0  stubs.o ABSOLUTE
    _printf_i                                0x00000000   Number         0  stubs.o ABSOLUTE
    _printf_int_dec                          0x00000000   Number         0  stubs.o ABSOLUTE
    _printf_l                                0x00000000   Number         0  stubs.o ABSOLUTE
    _printf_lc                               0x00000000   Number         0  stubs.o ABSOLUTE
    _printf_ll                               0x00000000   Number         0  stubs.o ABSOLUTE
    _printf_lld                              0x00000000   Number         0  stubs.o ABSOLUTE
    _printf_lli                              0x00000000   Number         0  stubs.o ABSOLUTE
    _printf_llo                              0x00000000   Number         0  stubs.o ABSOLUTE
    _printf_llu                              0x00000000   Number         0  stubs.o ABSOLUTE
    _printf_llx                              0x00000000   Number         0  stubs.o ABSOLUTE
    _printf_longlong_dec                     0x00000000   Number         0  stubs.o ABSOLUTE
    _printf_longlong_hex                     0x00000000   Number         0  stubs.o ABSOLUTE
    _printf_longlong_oct                     0x00000000   Number         0  stubs.o ABSOLUTE
    _printf_ls                               0x00000000   Number         0  stubs.o ABSOLUTE
    _printf_mbtowc                           0x00000000   Number         0  stubs.o ABSOLUTE
    _printf_n                                0x00000000   Number         0  stubs.o ABSOLUTE
    _printf_o                                0x00000000   Number         0  stubs.o ABSOLUTE
    _printf_p                                0x00000000   Number         0  stubs.o ABSOLUTE
    _printf_percent                          0x00000000   Number         0  stubs.o ABSOLUTE
    _printf_pre_padding                      0x00000000   Number         0  stubs.o ABSOLUTE
    _printf_return_value                     0x00000000   Number         0  stubs.o ABSOLUTE
    _printf_s                                0x00000000   Number         0  stubs.o ABSOLUTE
    _printf_sizespec                         0x00000000   Number         0  stubs.o ABSOLUTE
    _printf_str                              0x00000000   Number         0  stubs.o ABSOLUTE
    _printf_truncate_signed                  0x00000000   Number         0  stubs.o ABSOLUTE
    _printf_truncate_unsigned                0x00000000   Number         0  stubs.o ABSOLUTE
    _printf_u                                0x00000000   Number         0  stubs.o ABSOLUTE
    _printf_wc                               0x00000000   Number         0  stubs.o ABSOLUTE
    _printf_wctomb                           0x00000000   Number         0  stubs.o ABSOLUTE
    _printf_widthprec                        0x00000000   Number         0  stubs.o ABSOLUTE
    _printf_x                                0x00000000   Number         0  stubs.o ABSOLUTE
    __cpp_initialize__aeabi_                  - Undefined Weak Reference
    __cxa_finalize                            - Undefined Weak Reference
    _clock_init                               - Undefined Weak Reference
    _microlib_exit                            - Undefined Weak Reference
    __Vectors_Size                           0x000001ac   Number         0  startup_stm32f427xx.o ABSOLUTE
    __Vectors                                0x08000000   Data           4  startup_stm32f427xx.o(RESET)
    __Vectors_End                            0x080001ac   Data           0  startup_stm32f427xx.o(RESET)
    __main                                   0x080001ad   Thumb Code     0  entry.o(.ARM.Collect$$$$00000000)
    _main_stk                                0x080001ad   Thumb Code     0  entry2.o(.ARM.Collect$$$$00000001)
    _main_scatterload                        0x080001b1   Thumb Code     0  entry5.o(.ARM.Collect$$$$00000004)
    __main_after_scatterload                 0x080001b5   Thumb Code     0  entry5.o(.ARM.Collect$$$$00000004)
    _main_clock                              0x080001b5   Thumb Code     0  entry7b.o(.ARM.Collect$$$$00000008)
    _main_cpp_init                           0x080001b5   Thumb Code     0  entry8b.o(.ARM.Collect$$$$0000000A)
    _main_init                               0x080001b5   Thumb Code     0  entry9a.o(.ARM.Collect$$$$0000000B)
    __rt_final_cpp                           0x080001bd   Thumb Code     0  entry10a.o(.ARM.Collect$$$$0000000D)
    __rt_final_exit                          0x080001bd   Thumb Code     0  entry11a.o(.ARM.Collect$$$$0000000F)
    Reset_Handler                            0x080001c1   Thumb Code     8  startup_stm32f427xx.o(.text)
    SysTick_Handler                          0x080001d9   Thumb Code     2  startup_stm32f427xx.o(.text)
    ADC_IRQHandler                           0x080001db   Thumb Code     0  startup_stm32f427xx.o(.text)
    CAN1_RX1_IRQHandler                      0x080001db   Thumb Code     0  startup_stm32f427xx.o(.text)
    CAN1_SCE_IRQHandler                      0x080001db   Thumb Code     0  startup_stm32f427xx.o(.text)
    CAN2_RX1_IRQHandler                      0x080001db   Thumb Code     0  startup_stm32f427xx.o(.text)
    CAN2_SCE_IRQHandler                      0x080001db   Thumb Code     0  startup_stm32f427xx.o(.text)
    DCMI_IRQHandler                          0x080001db   Thumb Code     0  startup_stm32f427xx.o(.text)
    DMA1_Stream0_IRQHandler                  0x080001db   Thumb Code     0  startup_stm32f427xx.o(.text)
    DMA1_Stream1_IRQHandler                  0x080001db   Thumb Code     0  startup_stm32f427xx.o(.text)
    DMA1_Stream2_IRQHandler                  0x080001db   Thumb Code     0  startup_stm32f427xx.o(.text)
    DMA1_Stream3_IRQHandler                  0x080001db   Thumb Code     0  startup_stm32f427xx.o(.text)
    DMA1_Stream4_IRQHandler                  0x080001db   Thumb Code     0  startup_stm32f427xx.o(.text)
    DMA1_Stream5_IRQHandler                  0x080001db   Thumb Code     0  startup_stm32f427xx.o(.text)
    DMA1_Stream6_IRQHandler                  0x080001db   Thumb Code     0  startup_stm32f427xx.o(.text)
    DMA1_Stream7_IRQHandler                  0x080001db   Thumb Code     0  startup_stm32f427xx.o(.text)
    DMA2D_IRQHandler                         0x080001db   Thumb Code     0  startup_stm32f427xx.o(.text)
    DMA2_Stream0_IRQHandler                  0x080001db   Thumb Code     0  startup_stm32f427xx.o(.text)
    DMA2_Stream1_IRQHandler                  0x080001db   Thumb Code     0  startup_stm32f427xx.o(.text)
    DMA2_Stream2_IRQHandler                  0x080001db   Thumb Code     0  startup_stm32f427xx.o(.text)
    DMA2_Stream3_IRQHandler                  0x080001db   Thumb Code     0  startup_stm32f427xx.o(.text)
    DMA2_Stream4_IRQHandler                  0x080001db   Thumb Code     0  startup_stm32f427xx.o(.text)
    DMA2_Stream5_IRQHandler                  0x080001db   Thumb Code     0  startup_stm32f427xx.o(.text)
    DMA2_Stream6_IRQHandler                  0x080001db   Thumb Code     0  startup_stm32f427xx.o(.text)
    DMA2_Stream7_IRQHandler                  0x080001db   Thumb Code     0  startup_stm32f427xx.o(.text)
    ETH_IRQHandler                           0x080001db   Thumb Code     0  startup_stm32f427xx.o(.text)
    ETH_WKUP_IRQHandler                      0x080001db   Thumb Code     0  startup_stm32f427xx.o(.text)
    FLASH_IRQHandler                         0x080001db   Thumb Code     0  startup_stm32f427xx.o(.text)
    FMC_IRQHandler                           0x080001db   Thumb Code     0  startup_stm32f427xx.o(.text)
    FPU_IRQHandler                           0x080001db   Thumb Code     0  startup_stm32f427xx.o(.text)
    HASH_RNG_IRQHandler                      0x080001db   Thumb Code     0  startup_stm32f427xx.o(.text)
    I2C1_ER_IRQHandler                       0x080001db   Thumb Code     0  startup_stm32f427xx.o(.text)
    I2C1_EV_IRQHandler                       0x080001db   Thumb Code     0  startup_stm32f427xx.o(.text)
    I2C2_ER_IRQHandler                       0x080001db   Thumb Code     0  startup_stm32f427xx.o(.text)
    I2C2_EV_IRQHandler                       0x080001db   Thumb Code     0  startup_stm32f427xx.o(.text)
    I2C3_ER_IRQHandler                       0x080001db   Thumb Code     0  startup_stm32f427xx.o(.text)
    I2C3_EV_IRQHandler                       0x080001db   Thumb Code     0  startup_stm32f427xx.o(.text)
    OTG_FS_IRQHandler                        0x080001db   Thumb Code     0  startup_stm32f427xx.o(.text)
    OTG_FS_WKUP_IRQHandler                   0x080001db   Thumb Code     0  startup_stm32f427xx.o(.text)
    OTG_HS_EP1_IN_IRQHandler                 0x080001db   Thumb Code     0  startup_stm32f427xx.o(.text)
    OTG_HS_EP1_OUT_IRQHandler                0x080001db   Thumb Code     0  startup_stm32f427xx.o(.text)
    OTG_HS_IRQHandler                        0x080001db   Thumb Code     0  startup_stm32f427xx.o(.text)
    OTG_HS_WKUP_IRQHandler                   0x080001db   Thumb Code     0  startup_stm32f427xx.o(.text)
    PVD_IRQHandler                           0x080001db   Thumb Code     0  startup_stm32f427xx.o(.text)
    RCC_IRQHandler                           0x080001db   Thumb Code     0  startup_stm32f427xx.o(.text)
    RTC_Alarm_IRQHandler                     0x080001db   Thumb Code     0  startup_stm32f427xx.o(.text)
    RTC_WKUP_IRQHandler                      0x080001db   Thumb Code     0  startup_stm32f427xx.o(.text)
    SAI1_IRQHandler                          0x080001db   Thumb Code     0  startup_stm32f427xx.o(.text)
    SDIO_IRQHandler                          0x080001db   Thumb Code     0  startup_stm32f427xx.o(.text)
    SPI1_IRQHandler                          0x080001db   Thumb Code     0  startup_stm32f427xx.o(.text)
    SPI2_IRQHandler                          0x080001db   Thumb Code     0  startup_stm32f427xx.o(.text)
    SPI3_IRQHandler                          0x080001db   Thumb Code     0  startup_stm32f427xx.o(.text)
    SPI4_IRQHandler                          0x080001db   Thumb Code     0  startup_stm32f427xx.o(.text)
    SPI5_IRQHandler                          0x080001db   Thumb Code     0  startup_stm32f427xx.o(.text)
    SPI6_IRQHandler                          0x080001db   Thumb Code     0  startup_stm32f427xx.o(.text)
    TAMP_STAMP_IRQHandler                    0x080001db   Thumb Code     0  startup_stm32f427xx.o(.text)
    TIM1_BRK_TIM9_IRQHandler                 0x080001db   Thumb Code     0  startup_stm32f427xx.o(.text)
    TIM1_CC_IRQHandler                       0x080001db   Thumb Code     0  startup_stm32f427xx.o(.text)
    TIM1_TRG_COM_TIM11_IRQHandler            0x080001db   Thumb Code     0  startup_stm32f427xx.o(.text)
    TIM1_UP_TIM10_IRQHandler                 0x080001db   Thumb Code     0  startup_stm32f427xx.o(.text)
    TIM3_IRQHandler                          0x080001db   Thumb Code     0  startup_stm32f427xx.o(.text)
    TIM4_IRQHandler                          0x080001db   Thumb Code     0  startup_stm32f427xx.o(.text)
    TIM5_IRQHandler                          0x080001db   Thumb Code     0  startup_stm32f427xx.o(.text)
    TIM7_IRQHandler                          0x080001db   Thumb Code     0  startup_stm32f427xx.o(.text)
    TIM8_BRK_TIM12_IRQHandler                0x080001db   Thumb Code     0  startup_stm32f427xx.o(.text)
    TIM8_CC_IRQHandler                       0x080001db   Thumb Code     0  startup_stm32f427xx.o(.text)
    TIM8_TRG_COM_TIM14_IRQHandler            0x080001db   Thumb Code     0  startup_stm32f427xx.o(.text)
    TIM8_UP_TIM13_IRQHandler                 0x080001db   Thumb Code     0  startup_stm32f427xx.o(.text)
    UART4_IRQHandler                         0x080001db   Thumb Code     0  startup_stm32f427xx.o(.text)
    UART5_IRQHandler                         0x080001db   Thumb Code     0  startup_stm32f427xx.o(.text)
    UART7_IRQHandler                         0x080001db   Thumb Code     0  startup_stm32f427xx.o(.text)
    UART8_IRQHandler                         0x080001db   Thumb Code     0  startup_stm32f427xx.o(.text)
    WWDG_IRQHandler                          0x080001db   Thumb Code     0  startup_stm32f427xx.o(.text)
    __aeabi_memcpy                           0x080001e5   Thumb Code    36  memcpya.o(.text)
    __aeabi_memcpy4                          0x080001e5   Thumb Code     0  memcpya.o(.text)
    __aeabi_memcpy8                          0x080001e5   Thumb Code     0  memcpya.o(.text)
    __aeabi_memset                           0x08000209   Thumb Code    14  memseta.o(.text)
    __aeabi_memset4                          0x08000209   Thumb Code     0  memseta.o(.text)
    __aeabi_memset8                          0x08000209   Thumb Code     0  memseta.o(.text)
    __aeabi_memclr                           0x08000217   Thumb Code     4  memseta.o(.text)
    __aeabi_memclr4                          0x08000217   Thumb Code     0  memseta.o(.text)
    __aeabi_memclr8                          0x08000217   Thumb Code     0  memseta.o(.text)
    _memset$wrapper                          0x0800021b   Thumb Code    18  memseta.o(.text)
    __aeabi_uidiv                            0x0800022d   Thumb Code     0  uidiv.o(.text)
    __aeabi_uidivmod                         0x0800022d   Thumb Code    44  uidiv.o(.text)
    __scatterload                            0x08000259   Thumb Code    28  init.o(.text)
    __scatterload_rt2                        0x08000259   Thumb Code     0  init.o(.text)
    __decompress                             0x0800027d   Thumb Code     0  __dczerorl2.o(.text)
    __decompress1                            0x0800027d   Thumb Code    86  __dczerorl2.o(.text)
    Act_Init                                 0x080002d5   Thumb Code    48  act.o(i.Act_Init)
    Act_Proc                                 0x0800030d   Thumb Code   164  act.o(i.Act_Proc)
    App_Init                                 0x080003bd   Thumb Code    86  app.o(i.App_Init)
    App_Proc                                 0x08000413   Thumb Code    22  app.o(i.App_Proc)
    Beep_Config                              0x08000429   Thumb Code    44  beep.o(i.Beep_Config)
    Beep_Sing                                0x0800045d   Thumb Code    28  beep.o(i.Beep_Sing)
    Beep_SingStartupMusic                    0x08000481   Thumb Code    14  beep.o(i.Beep_SingStartupMusic)
    Bsp_Config                               0x08000495   Thumb Code    84  bsp.o(i.Bsp_Config)
    BtmRxCallback                            0x080004ed   Thumb Code     4  com_srv.o(i.BtmRxCallback)
    Btm_Config                               0x080004f1   Thumb Code    94  btm.o(i.Btm_Config)
    Btm_Proc                                 0x08000561   Thumb Code     6  com.o(i.Btm_Proc)
    Btm_PutCh                                0x08000569   Thumb Code    50  btm.o(i.Btm_PutCh)
    Btn_Config                               0x080005a5   Thumb Code     6  btn.o(i.Btn_Config)
    BusFault_Handler                         0x080005b1   Thumb Code     2  stm32f4xx_it.o(i.BusFault_Handler)
    CAN1_RX0_IRQHandler                      0x080005b5   Thumb Code    58  can1.o(i.CAN1_RX0_IRQHandler)
    CAN1_TX_IRQHandler                       0x080005f9   Thumb Code    30  can1.o(i.CAN1_TX_IRQHandler)
    CAN2_RX0_IRQHandler                      0x0800061d   Thumb Code    58  can2.o(i.CAN2_RX0_IRQHandler)
    CAN2_TX_IRQHandler                       0x08000661   Thumb Code    30  can2.o(i.CAN2_TX_IRQHandler)
    CAN_ClearFlag                            0x08000685   Thumb Code    44  stm32f4xx_can.o(i.CAN_ClearFlag)
    CAN_ClearITPendingBit                    0x080006b5   Thumb Code   116  stm32f4xx_can.o(i.CAN_ClearITPendingBit)
    CAN_Config                               0x0800072d   Thumb Code    98  stm32util.o(i.CAN_Config)
    CAN_FilterInit                           0x08000799   Thumb Code   194  stm32f4xx_can.o(i.CAN_FilterInit)
    CAN_Filter_Config                        0x08000865   Thumb Code    54  stm32util.o(i.CAN_Filter_Config)
    CAN_GetITStatus                          0x0800089d   Thumb Code   162  stm32f4xx_can.o(i.CAN_GetITStatus)
    CAN_ITConfig                             0x08000945   Thumb Code    16  stm32f4xx_can.o(i.CAN_ITConfig)
    CAN_Init                                 0x08000955   Thumb Code   232  stm32f4xx_can.o(i.CAN_Init)
    CAN_Receive                              0x08000a3d   Thumb Code   144  stm32f4xx_can.o(i.CAN_Receive)
    CAN_Transmit                             0x08000acd   Thumb Code   164  stm32f4xx_can.o(i.CAN_Transmit)
    CBUS_Init                                0x08000b71   Thumb Code     6  cbus.o(i.CBUS_Init)
    CM_Cmd                                   0x08000b77   Thumb Code    78  motor.o(i.CM_Cmd)
    Cal_Init                                 0x08000bc5   Thumb Code    20  cal.o(i.Cal_Init)
    Cal_IsDone                               0x08000be1   Thumb Code    18  cal.o(i.Cal_IsDone)
    Cal_Proc                                 0x08000bf9   Thumb Code     4  cal.o(i.Cal_Proc)
    Cal_SetFlag                              0x08000d5d   Thumb Code    10  cal.o(i.Cal_SetFlag)
    Can1RxCallback                           0x08000df5   Thumb Code     4  can_srv.o(i.Can1RxCallback)
    Can1_Config                              0x08000df9   Thumb Code   104  can1.o(i.Can1_Config)
    Can2RxCallback                           0x08000e69   Thumb Code     4  can_srv.o(i.Can2RxCallback)
    Can2_Config                              0x08000e6d   Thumb Code   106  can2.o(i.Can2_Config)
    Can_Init                                 0x08000ee1   Thumb Code    40  can.o(i.Can_Init)
    Can_Proc                                 0x08000f0d   Thumb Code   168  can.o(i.Can_Proc)
    Cfg_GetFlag                              0x08000fc1   Thumb Code     8  cfg.o(i.Cfg_GetFlag)
    Cfg_Init                                 0x08000fcd   Thumb Code   252  cfg.o(i.Cfg_Init)
    Cfg_IsSynced                             0x080010d1   Thumb Code    14  cfg.o(i.Cfg_IsSynced)
    Cfg_Load                                 0x080010e5   Thumb Code     6  cfg.o(i.Cfg_Load)
    Cfg_Proc                                 0x080010ed   Thumb Code    22  cfg.o(i.Cfg_Proc)
    Cfg_Save                                 0x08001109   Thumb Code     6  cfg.o(i.Cfg_Save)
    Clk_GetMsTick                            0x080011e1   Thumb Code    16  clk.o(i.Clk_GetMsTick)
    Clk_GetUsTick                            0x080011f1   Thumb Code     8  clk.o(i.Clk_GetUsTick)
    Clk_Init                                 0x080011f9   Thumb Code    16  clk.o(i.Clk_Init)
    Cmd_Init                                 0x0800120d   Thumb Code     8  cmd.o(i.Cmd_Init)
    Cmd_Proc                                 0x08001219   Thumb Code   308  cmd.o(i.Cmd_Proc)
    Com_Init                                 0x08001355   Thumb Code    14  com.o(i.Com_Init)
    Ctl_Init                                 0x080013c9   Thumb Code    98  ctl.o(i.Ctl_Init)
    Ctl_Proc                                 0x08001435   Thumb Code    34  ctl.o(i.Ctl_Proc)
    DBUS_Dec                                 0x080014c9   Thumb Code    24  dbus.o(i.DBUS_Dec)
    DBUS_Init                                0x080014e1   Thumb Code    20  dbus.o(i.DBUS_Init)
    DMA_Cmd                                  0x080014f5   Thumb Code    20  stm32f4xx_dma.o(i.DMA_Cmd)
    DMA_Config                               0x08001509   Thumb Code   100  stm32util.o(i.DMA_Config)
    DMA_DoubleBufferModeCmd                  0x08001575   Thumb Code    20  stm32f4xx_dma.o(i.DMA_DoubleBufferModeCmd)
    DMA_DoubleBufferModeConfig               0x08001589   Thumb Code    22  stm32f4xx_dma.o(i.DMA_DoubleBufferModeConfig)
    DMA_GetCurrDataCounter                   0x0800159f   Thumb Code     6  stm32f4xx_dma.o(i.DMA_GetCurrDataCounter)
    DMA_GetCurrentMemoryTarget               0x080015a5   Thumb Code    14  stm32f4xx_dma.o(i.DMA_GetCurrentMemoryTarget)
    DMA_Init                                 0x080015b5   Thumb Code    80  stm32f4xx_dma.o(i.DMA_Init)
    DbiRxCallback                            0x08001609   Thumb Code     4  com_srv.o(i.DbiRxCallback)
    Dbi_Config                               0x0800160d   Thumb Code    94  dbi.o(i.Dbi_Config)
    Dbi_GetCh                                0x0800167d   Thumb Code    60  dbi.o(i.Dbi_GetCh)
    Dbi_Proc                                 0x080016c1   Thumb Code     6  com.o(i.Dbi_Proc)
    Dbi_PutCh                                0x080016c9   Thumb Code    50  dbi.o(i.Dbi_PutCh)
    Dci_Init                                 0x08001705   Thumb Code    20  dci.o(i.Dci_Init)
    Dci_Proc                                 0x0800171d   Thumb Code    72  dci.o(i.Dci_Proc)
    DebugMon_Handler                         0x08001765   Thumb Code     2  stm32f4xx_it.o(i.DebugMon_Handler)
    Delay_Ms                                 0x08001767   Thumb Code    24  delay.o(i.Delay_Ms)
    Dnl_Init                                 0x08001781   Thumb Code    28  dnl.o(i.Dnl_Init)
    EXTI0_IRQHandler                         0x080017a1   Thumb Code    42  stm32util.o(i.EXTI0_IRQHandler)
    EXTI15_10_IRQHandler                     0x080017d1   Thumb Code   206  stm32util.o(i.EXTI15_10_IRQHandler)
    EXTI1_IRQHandler                         0x080018a5   Thumb Code    42  stm32util.o(i.EXTI1_IRQHandler)
    EXTI2_IRQHandler                         0x080018d5   Thumb Code    42  stm32util.o(i.EXTI2_IRQHandler)
    EXTI3_IRQHandler                         0x08001905   Thumb Code    42  stm32util.o(i.EXTI3_IRQHandler)
    EXTI4_IRQHandler                         0x08001935   Thumb Code    42  stm32util.o(i.EXTI4_IRQHandler)
    EXTI9_5_IRQHandler                       0x08001965   Thumb Code   162  stm32util.o(i.EXTI9_5_IRQHandler)
    EXTI_Bind                                0x08001a0d   Thumb Code   280  stm32util.o(i.EXTI_Bind)
    EXTI_ClearFlag                           0x08001b29   Thumb Code     6  stm32f4xx_exti.o(i.EXTI_ClearFlag)
    EXTI_ClearITPendingBit                   0x08001b35   Thumb Code     6  stm32f4xx_exti.o(i.EXTI_ClearITPendingBit)
    EXTI_Config                              0x08001b41   Thumb Code    40  stm32util.o(i.EXTI_Config)
    EXTI_GetITStatus                         0x08001b69   Thumb Code    16  stm32f4xx_exti.o(i.EXTI_GetITStatus)
    EXTI_Init                                0x08001b7d   Thumb Code   108  stm32f4xx_exti.o(i.EXTI_Init)
    EXTI_SetHandler                          0x08001bed   Thumb Code    12  stm32util.o(i.EXTI_SetHandler)
    Ekf_Init                                 0x08001bfd   Thumb Code     8  ekf.o(i.Ekf_Init)
    Ekf_Proc                                 0x08001c05   Thumb Code    74  ekf.o(i.Ekf_Proc)
    Ekf_Reset                                0x08001c51   Thumb Code    22  ekf.o(i.Ekf_Reset)
    FIFO_Flush                               0x08001c6d   Thumb Code    22  fifo.o(i.FIFO_Flush)
    FIFO_Init                                0x08001c83   Thumb Code     8  fifo.o(i.FIFO_Init)
    FIFO_IsEmpty                             0x08001c8b   Thumb Code    12  fifo.o(i.FIFO_IsEmpty)
    FIFO_IsFull                              0x08001c97   Thumb Code    16  fifo.o(i.FIFO_IsFull)
    FIFO_Pop                                 0x08001ca7   Thumb Code    52  fifo.o(i.FIFO_Pop)
    FIFO_Push                                0x08001cdb   Thumb Code    58  fifo.o(i.FIFO_Push)
    FLASH_DataCacheCmd                       0x08001d15   Thumb Code    22  stm32f4xx_flash.o(i.FLASH_DataCacheCmd)
    FLASH_EraseSector                        0x08001d31   Thumb Code   104  stm32f4xx_flash.o(i.FLASH_EraseSector)
    FLASH_GetStatus                          0x08001d9d   Thumb Code    56  stm32f4xx_flash.o(i.FLASH_GetStatus)
    FLASH_Lock                               0x08001dd9   Thumb Code    12  stm32f4xx_flash.o(i.FLASH_Lock)
    FLASH_ProgramByte                        0x08001de9   Thumb Code    52  stm32f4xx_flash.o(i.FLASH_ProgramByte)
    FLASH_Unlock                             0x08001e21   Thumb Code    22  stm32f4xx_flash.o(i.FLASH_Unlock)
    FLASH_WaitForLastOperation               0x08001e45   Thumb Code    30  stm32f4xx_flash.o(i.FLASH_WaitForLastOperation)
    FS_Cpy                                   0x08001e63   Thumb Code     4  sys.o(i.FS_Cpy)
    FS_Det                                   0x08001e67   Thumb Code     4  sys.o(i.FS_Det)
    FS_Get                                   0x08001e6b   Thumb Code     4  sys.o(i.FS_Get)
    FS_Set                                   0x08001e6f   Thumb Code     4  sys.o(i.FS_Set)
    Flag_Cpy                                 0x08001e73   Thumb Code    38  fun.o(i.Flag_Cpy)
    Flag_Det                                 0x08001e99   Thumb Code    14  fun.o(i.Flag_Det)
    Flag_Get                                 0x08001ea7   Thumb Code     6  fun.o(i.Flag_Get)
    Flag_Set                                 0x08001ead   Thumb Code     8  fun.o(i.Flag_Set)
    Flash_Read                               0x08001f55   Thumb Code    22  flash.o(i.Flash_Read)
    Flash_Write                              0x08001f6d   Thumb Code   122  flash.o(i.Flash_Write)
    Fos_Read                                 0x08001fed   Thumb Code    10  fos.o(i.Fos_Read)
    Fos_Write                                0x08001ffd   Thumb Code    10  fos.o(i.Fos_Write)
    GM_Cmd                                   0x0800200d   Thumb Code    72  motor.o(i.GM_Cmd)
    GPIO_Af                                  0x08002055   Thumb Code    40  stm32util.o(i.GPIO_Af)
    GPIO_Config                              0x0800207d   Thumb Code   236  stm32util.o(i.GPIO_Config)
    GPIO_In                                  0x08002195   Thumb Code    16  stm32util.o(i.GPIO_In)
    GPIO_Init                                0x080021a5   Thumb Code   162  stm32f4xx_gpio.o(i.GPIO_Init)
    GPIO_Out                                 0x08002247   Thumb Code    18  stm32util.o(i.GPIO_Out)
    GPIO_PinAFConfig                         0x08002259   Thumb Code    32  stm32f4xx_gpio.o(i.GPIO_PinAFConfig)
    GPIO_ReadInputDataBit                    0x08002279   Thumb Code    14  stm32f4xx_gpio.o(i.GPIO_ReadInputDataBit)
    GPIO_ReadOutputDataBit                   0x08002287   Thumb Code    14  stm32f4xx_gpio.o(i.GPIO_ReadOutputDataBit)
    GPIO_ResetBits                           0x08002295   Thumb Code     4  stm32f4xx_gpio.o(i.GPIO_ResetBits)
    GPIO_SetBits                             0x08002299   Thumb Code     4  stm32f4xx_gpio.o(i.GPIO_SetBits)
    HardFault_Handler                        0x080028a9   Thumb Code     2  stm32f4xx_it.o(i.HardFault_Handler)
    Hcf_Init                                 0x080028ad   Thumb Code    38  hcf.o(i.Hcf_Init)
    Hcf_Proc                                 0x080028d3   Thumb Code    64  hcf.o(i.Hcf_Proc)
    Hci_Init                                 0x08002915   Thumb Code    48  hci.o(i.Hci_Init)
    Hci_MouseBtn                             0x08002949   Thumb Code    12  hci.o(i.Hci_MouseBtn)
    Hci_PreProc                              0x08002959   Thumb Code     8  hci.o(i.Hci_PreProc)
    Hci_Proc                                 0x08002965   Thumb Code    60  hci.o(i.Hci_Proc)
    Hcp_Dec                                  0x080029a5   Thumb Code    30  hcp.o(i.Hcp_Dec)
    Hcp_Init                                 0x080029c3   Thumb Code    28  hcp.o(i.Hcp_Init)
    Ini_Init                                 0x080029e1   Thumb Code     8  ini.o(i.Ini_Init)
    Ini_IsDone                               0x080029ed   Thumb Code    18  ini.o(i.Ini_IsDone)
    Ini_Proc                                 0x08002a05   Thumb Code   126  ini.o(i.Ini_Proc)
    InsertSort                               0x08002a95   Thumb Code    60  fun.o(i.InsertSort)
    Ios_GetCh                                0x08002ad1   Thumb Code     4  ios.o(i.Ios_GetCh)
    Ios_Init                                 0x08002ad5   Thumb Code    18  ios.o(i.Ios_Init)
    Ios_PutCh                                0x08002af1   Thumb Code    18  ios.o(i.Ios_PutCh)
    Ios_SetIn                                0x08002b05   Thumb Code    10  ios.o(i.Ios_SetIn)
    Ios_SetOut                               0x08002b15   Thumb Code    10  ios.o(i.Ios_SetOut)
    KOS_Boot                                 0x08002b25   Thumb Code    42  kos.o(i.KOS_Boot)
    Key_Config                               0x08002b59   Thumb Code    34  key.o(i.Key_Config)
    Led_Config                               0x08002b85   Thumb Code    40  led.o(i.Led_Config)
    MPU6500_CheckDevice                      0x08002bb5   Thumb Code    42  mpu6500_drv.o(i.MPU6500_CheckDevice)
    MPU6500_Config                           0x08002be1   Thumb Code    14  mpu6500.o(i.MPU6500_Config)
    MPU6500_Init                             0x08002bf1   Thumb Code    60  mpu6500_drv.o(i.MPU6500_Init)
    MPU6500_Read                             0x08002c31   Thumb Code    94  mpu6500_drv.o(i.MPU6500_Read)
    MPU6500_SPI_Read_Reg                     0x08002c91   Thumb Code    80  mpu6500_spi.o(i.MPU6500_SPI_Read_Reg)
    MPU6500_SPI_Write_Reg                    0x08002ced   Thumb Code    66  mpu6500_spi.o(i.MPU6500_SPI_Write_Reg)
    Maf_Init                                 0x08002d3d   Thumb Code     8  maf.o(i.Maf_Init)
    Maf_Proc                                 0x08002d45   Thumb Code    66  maf.o(i.Maf_Proc)
    Maf_Reset                                0x08002d89   Thumb Code    42  maf.o(i.Maf_Reset)
    Mec_Decomp                               0x08002db9   Thumb Code    10  mec.o(i.Mec_Decomp)
    Mec_Init                                 0x08002dc9   Thumb Code    40  mec.o(i.Mec_Init)
    Mec_Synthe                               0x08002df9   Thumb Code    10  mec.o(i.Mec_Synthe)
    Mecanum_Config                           0x08002e09   Thumb Code    42  mecanum.o(i.Mecanum_Config)
    Mecanum_Decomp                           0x08002e33   Thumb Code   142  mecanum.o(i.Mecanum_Decomp)
    Mecanum_Synthe                           0x08002ec1   Thumb Code   114  mecanum.o(i.Mecanum_Synthe)
    Med_Init                                 0x08002f35   Thumb Code    50  med.o(i.Med_Init)
    Med_Proc                                 0x08002f6d   Thumb Code    66  med.o(i.Med_Proc)
    MemManage_Handler                        0x08002faf   Thumb Code     2  stm32f4xx_it.o(i.MemManage_Handler)
    Motor_Process                            0x08002fb1   Thumb Code   286  can.o(i.Motor_Process)
    Motor_Ready                              0x080030f1   Thumb Code    14  can.o(i.Motor_Ready)
    Motor_Reset                              0x080030ff   Thumb Code     6  can.o(i.Motor_Reset)
    NMI_Handler                              0x08003105   Thumb Code     2  stm32f4xx_it.o(i.NMI_Handler)
    NVIC_Config                              0x08003107   Thumb Code    28  stm32util.o(i.NVIC_Config)
    NVIC_Init                                0x08003125   Thumb Code    96  misc.o(i.NVIC_Init)
    NVIC_PriorityGroupConfig                 0x08003189   Thumb Code    10  misc.o(i.NVIC_PriorityGroupConfig)
    Odo_Init                                 0x0800319d   Thumb Code    18  odo.o(i.Odo_Init)
    Odo_Proc                                 0x080031bd   Thumb Code   268  odo.o(i.Odo_Proc)
    PID_Calc                                 0x080032f1   Thumb Code   278  pid.o(i.PID_Calc)
    PID_Config                               0x0800340d   Thumb Code     6  pid.o(i.PID_Config)
    PID_Reset                                0x08003415   Thumb Code    30  pid.o(i.PID_Reset)
    PWM_Bind                                 0x08003439   Thumb Code  5436  stm32util.o(i.PWM_Bind)
    PendSV_Handler                           0x0800497d   Thumb Code     2  stm32f4xx_it.o(i.PendSV_Handler)
    Pwm_Config                               0x08004a6d   Thumb Code    82  pwm.o(i.Pwm_Config)
    Pwr_Init                                 0x08004ac9   Thumb Code    72  pwr.o(i.Pwr_Init)
    Pwr_IsOkay                               0x08004b19   Thumb Code    16  pwr.o(i.Pwr_IsOkay)
    RCC_AHB1PeriphClockCmd                   0x08004b2d   Thumb Code    18  stm32f4xx_rcc.o(i.RCC_AHB1PeriphClockCmd)
    RCC_APB1PeriphClockCmd                   0x08004b45   Thumb Code    18  stm32f4xx_rcc.o(i.RCC_APB1PeriphClockCmd)
    RCC_APB2PeriphClockCmd                   0x08004b5d   Thumb Code    18  stm32f4xx_rcc.o(i.RCC_APB2PeriphClockCmd)
    RCC_GetClocksFreq                        0x08004b75   Thumb Code   132  stm32f4xx_rcc.o(i.RCC_GetClocksFreq)
    Rcf_Init                                 0x08004c09   Thumb Code    40  rcf.o(i.Rcf_Init)
    Rcf_Proc                                 0x08004c31   Thumb Code    64  rcf.o(i.Rcf_Proc)
    Rci_Init                                 0x08004c71   Thumb Code     6  rci.o(i.Rci_Init)
    Rci_PreProc                              0x08004c7d   Thumb Code     8  rci.o(i.Rci_PreProc)
    Rci_Proc                                 0x08004c89   Thumb Code    56  rci.o(i.Rci_Proc)
    Rci_Sw                                   0x08004cc5   Thumb Code    12  rci.o(i.Rci_Sw)
    Rcp_Dec                                  0x08004cd5   Thumb Code    78  rcp.o(i.Rcp_Dec)
    Rcp_Init                                 0x08004d25   Thumb Code    38  rcp.o(i.Rcp_Init)
    RcvCallback                              0x08004d4b   Thumb Code     4  rcv_srv.o(i.RcvCallback)
    Rcv_Config                               0x08004d51   Thumb Code   126  rcv.o(i.Rcv_Config)
    Rcv_Proc                                 0x08004de5   Thumb Code    28  dci.o(i.Rcv_Proc)
    Rmp_Calc                                 0x08004e05   Thumb Code    42  rmp.o(i.Rmp_Calc)
    Rmp_Config                               0x08004e2f   Thumb Code     4  rmp.o(i.Rmp_Config)
    Rmp_Reset                                0x08004e35   Thumb Code    14  rmp.o(i.Rmp_Reset)
    SPI_Bind                                 0x08004e49   Thumb Code  2506  stm32util.o(i.SPI_Bind)
    SPI_Cmd                                  0x08005821   Thumb Code    20  stm32f4xx_spi.o(i.SPI_Cmd)
    SPI_Config                               0x08005835   Thumb Code   166  stm32util.o(i.SPI_Config)
    SPI_Init                                 0x080058f5   Thumb Code    56  stm32f4xx_spi.o(i.SPI_Init)
    SPI_TxRxByte                             0x0800592d   Thumb Code    40  stm32util.o(i.SPI_TxRxByte)
    SR04Callback                             0x08005955   Thumb Code     4  ext_srv.o(i.SR04Callback)
    SR04_Bind                                0x08005959   Thumb Code    28  sr04.o(i.SR04_Bind)
    SR04_Config                              0x08005979   Thumb Code    24  sr04.o(i.SR04_Config)
    SVC_Handler                              0x080059fd   Thumb Code     2  stm32f4xx_it.o(i.SVC_Handler)
    SYSCFG_EXTILineConfig                    0x08005a01   Thumb Code    42  stm32f4xx_syscfg.o(i.SYSCFG_EXTILineConfig)
    Sch_Arrange                              0x08005a31   Thumb Code    58  sch.o(i.Sch_Arrange)
    Sch_Init                                 0x08005a71   Thumb Code    20  sch.o(i.Sch_Init)
    Sch_Proc                                 0x08005a89   Thumb Code    42  sch.o(i.Sch_Proc)
    Snd_Init                                 0x08005b89   Thumb Code    10  snd.o(i.Snd_Init)
    Snd_Play                                 0x08005b99   Thumb Code     8  snd.o(i.Snd_Play)
    Snd_Proc                                 0x08005ba5   Thumb Code    58  snd.o(i.Snd_Proc)
    Snd_Stop                                 0x08005be5   Thumb Code     8  snd.o(i.Snd_Stop)
    Sort                                     0x08005bf1   Thumb Code    44  fun.o(i.Sort)
    Spi5_Config                              0x08005c1d   Thumb Code    74  spi5.o(i.Spi5_Config)
    Sr04_Proc                                0x08005c71   Thumb Code    74  srs.o(i.Sr04_Proc)
    Srs_Fall                                 0x08005cbd   Thumb Code   148  srs.o(i.Srs_Fall)
    Srs_Init                                 0x08005d5d   Thumb Code    18  srs.o(i.Srs_Init)
    Srs_Rise                                 0x08005d71   Thumb Code    68  srs.o(i.Srs_Rise)
    Srs_Start                                0x08005dbd   Thumb Code    52  srs.o(i.Srs_Start)
    Srs_Stop                                 0x08005df5   Thumb Code    22  srs.o(i.Srs_Stop)
    SyncTimCallback                          0x08005e11   Thumb Code     4  tim_srv.o(i.SyncTimCallback)
    SyncTim_Config                           0x08005e15   Thumb Code    38  tim.o(i.SyncTim_Config)
    SyncTim_Start                            0x08005e41   Thumb Code    34  tim.o(i.SyncTim_Start)
    SystemInit                               0x08005e69   Thumb Code    74  system_stm32f4xx.o(i.SystemInit)
    TIM2_IRQHandler                          0x08005ec5   Thumb Code    42  tim.o(i.TIM2_IRQHandler)
    TIM6_DAC_IRQHandler                      0x08005ef1   Thumb Code    42  tim.o(i.TIM6_DAC_IRQHandler)
    TIM_ARRPreloadConfig                     0x08005f21   Thumb Code    20  stm32f4xx_tim.o(i.TIM_ARRPreloadConfig)
    TIM_ClearFlag                            0x08005f35   Thumb Code     6  stm32f4xx_tim.o(i.TIM_ClearFlag)
    TIM_ClearITPendingBit                    0x08005f3b   Thumb Code     6  stm32f4xx_tim.o(i.TIM_ClearITPendingBit)
    TIM_Cmd                                  0x08005f41   Thumb Code    20  stm32f4xx_tim.o(i.TIM_Cmd)
    TIM_Config                               0x08005f55   Thumb Code   276  stm32util.o(i.TIM_Config)
    TIM_GetITStatus                          0x08006099   Thumb Code    24  stm32f4xx_tim.o(i.TIM_GetITStatus)
    TIM_ITConfig                             0x080060b1   Thumb Code    16  stm32f4xx_tim.o(i.TIM_ITConfig)
    TIM_OC1Init                              0x080060c1   Thumb Code    88  stm32f4xx_tim.o(i.TIM_OC1Init)
    TIM_OC1PreloadConfig                     0x08006121   Thumb Code    12  stm32f4xx_tim.o(i.TIM_OC1PreloadConfig)
    TIM_OC2Init                              0x0800612d   Thumb Code   120  stm32f4xx_tim.o(i.TIM_OC2Init)
    TIM_OC2PreloadConfig                     0x080061ad   Thumb Code    20  stm32f4xx_tim.o(i.TIM_OC2PreloadConfig)
    TIM_OC3Init                              0x080061c1   Thumb Code   116  stm32f4xx_tim.o(i.TIM_OC3Init)
    TIM_OC3PreloadConfig                     0x0800623d   Thumb Code    12  stm32f4xx_tim.o(i.TIM_OC3PreloadConfig)
    TIM_OC4Init                              0x08006249   Thumb Code    88  stm32f4xx_tim.o(i.TIM_OC4Init)
    TIM_OC4PreloadConfig                     0x080062a9   Thumb Code    20  stm32f4xx_tim.o(i.TIM_OC4PreloadConfig)
    TIM_OC_Config                            0x080062bd   Thumb Code   130  stm32util.o(i.TIM_OC_Config)
    TIM_TimeBaseInit                         0x08006341   Thumb Code    96  stm32f4xx_tim.o(i.TIM_TimeBaseInit)
    TickTimCallback                          0x080063bd   Thumb Code     2  tim_srv.o(i.TickTimCallback)
    TickTim_Config                           0x080063bf   Thumb Code    46  tim.o(i.TickTim_Config)
    TickTim_Start                            0x080063ed   Thumb Code    34  tim.o(i.TickTim_Start)
    Tim_Config                               0x0800640f   Thumb Code    14  tim.o(i.Tim_Config)
    Tim_Start                                0x0800641d   Thumb Code    14  tim.o(i.Tim_Start)
    TtyRxCallback                            0x0800642b   Thumb Code     4  com_srv.o(i.TtyRxCallback)
    Tty_Config                               0x08006431   Thumb Code    94  tty.o(i.Tty_Config)
    Tty_Proc                                 0x080064a1   Thumb Code     6  com.o(i.Tty_Proc)
    USART1_IRQHandler                        0x080064a9   Thumb Code   104  rcv.o(i.USART1_IRQHandler)
    USART2_IRQHandler                        0x0800651d   Thumb Code   142  btm.o(i.USART2_IRQHandler)
    USART3_IRQHandler                        0x080065b5   Thumb Code   142  dbi.o(i.USART3_IRQHandler)
    USART6_IRQHandler                        0x0800664d   Thumb Code   142  tty.o(i.USART6_IRQHandler)
    USART_Bind                               0x080066e5   Thumb Code  3544  stm32util.o(i.USART_Bind)
    USART_Cmd                                0x080074c5   Thumb Code    20  stm32f4xx_usart.o(i.USART_Cmd)
    USART_Config                             0x080074d9   Thumb Code   366  stm32util.o(i.USART_Config)
    USART_DMACmd                             0x08007669   Thumb Code    16  stm32f4xx_usart.o(i.USART_DMACmd)
    USART_GetITStatus                        0x08007679   Thumb Code    62  stm32f4xx_usart.o(i.USART_GetITStatus)
    USART_ITConfig                           0x080076b7   Thumb Code    48  stm32f4xx_usart.o(i.USART_ITConfig)
    USART_Init                               0x080076e9   Thumb Code   164  stm32f4xx_usart.o(i.USART_Init)
    USART_ReceiveData                        0x08007795   Thumb Code     8  stm32f4xx_usart.o(i.USART_ReceiveData)
    USART_SendData                           0x0800779d   Thumb Code     8  stm32f4xx_usart.o(i.USART_SendData)
    Upd_Init                                 0x080077a5   Thumb Code    48  upd.o(i.Upd_Init)
    Upd_Proc                                 0x080077dd   Thumb Code   102  upd.o(i.Upd_Proc)
    Upl_Init                                 0x08007845   Thumb Code    14  upl.o(i.Upl_Init)
    UsageFault_Handler                       0x08007859   Thumb Code     2  stm32f4xx_it.o(i.UsageFault_Handler)
    Wdg_Feed                                 0x0800785d   Thumb Code    10  wdg.o(i.Wdg_Feed)
    Wdg_HasErr                               0x0800786d   Thumb Code     8  wdg.o(i.Wdg_HasErr)
    Wdg_HitErr                               0x08007879   Thumb Code    16  wdg.o(i.Wdg_HitErr)
    Wdg_Init                                 0x0800788d   Thumb Code    34  wdg.o(i.Wdg_Init)
    Wdg_IsOkay                               0x080078b9   Thumb Code    28  wdg.o(i.Wdg_IsOkay)
    Wdg_Proc                                 0x080078d5   Thumb Code    58  wdg.o(i.Wdg_Proc)
    Wsm_GetLastWs                            0x08007919   Thumb Code     6  wsm.o(i.Wsm_GetLastWs)
    Wsm_GetWs                                0x08007925   Thumb Code     6  wsm.o(i.Wsm_GetWs)
    Wsm_Init                                 0x08007931   Thumb Code    10  wsm.o(i.Wsm_Init)
    Wsm_Proc                                 0x08007941   Thumb Code   218  wsm.o(i.Wsm_Proc)
    ZGyro_Process                            0x08007a21   Thumb Code   128  can.o(i.ZGyro_Process)
    ZGyro_Ready                              0x08007aad   Thumb Code    14  can.o(i.ZGyro_Ready)
    ZGyro_Reset                              0x08007abb   Thumb Code     6  can.o(i.ZGyro_Reset)
    __0printf$1                              0x08007ac1   Thumb Code    22  printf1.o(i.__0printf$1)
    __1printf$1                              0x08007ac1   Thumb Code     0  printf1.o(i.__0printf$1)
    __2printf                                0x08007ac1   Thumb Code     0  printf1.o(i.__0printf$1)
    __scatterload_copy                       0x08007ae1   Thumb Code    14  handlers.o(i.__scatterload_copy)
    __scatterload_null                       0x08007aef   Thumb Code     2  handlers.o(i.__scatterload_null)
    __scatterload_zeroinit                   0x08007af1   Thumb Code    14  handlers.o(i.__scatterload_zeroinit)
    constrain                                0x08007c55   Thumb Code    32  fun.o(i.constrain)
    fputc                                    0x08007c75   Thumb Code    16  ios.o(i.fputc)
    main                                     0x08007ca5   Thumb Code    98  main.o(i.main)
    malloc                                   0x08007d29   Thumb Code    92  malloc.o(i.malloc)
    map                                      0x08007d95   Thumb Code    56  fun.o(i.map)
    BEEP_TONE_TABLE                          0x08008034   Data          42  beep.o(.constdata)
    BEEP_START_UP_MUSIC                      0x0800805e   Data          14  beep.o(.constdata)
    sr04                                     0x08008080   Data          32  sr04.o(.constdata)
    Region$$Table$$Base                      0x080080a0   Number         0  anon$$obj.o(Region$$Table)
    Region$$Table$$Limit                     0x080080c0   Number         0  anon$$obj.o(Region$$Table)
    cfg_sync_flag                            0x20000018   Data           1  cfg.o(.data)
    cfg                                      0x20000019   Data         242  cfg.o(.data)
    _in                                      0x20000124   Data           4  ios.o(.data)
    _out                                     0x20000128   Data           4  ios.o(.data)
    __stdout                                 0x200001b0   Data           4  stdout.o(.data)
    __microlib_freelist                      0x200001b4   Data           4  mvars.o(.data)
    __microlib_freelist_initialised          0x200001b8   Data           4  mvars.o(.data)
    imu_data                                 0x200001bc   Data          14  main.o(.bss)
    zgyro                                    0x200001e8   Data          44  can.o(.bss)
    motor                                    0x20000214   Data         672  can.o(.bss)
    cmd                                      0x200004b4   Data          76  cmd.o(.bss)
    ctl                                      0x20000500   Data          76  ctl.o(.bss)
    pid                                      0x2000054c   Data         480  ctl.o(.bss)
    rmp                                      0x2000072c   Data          12  ctl.o(.bss)
    dbus                                     0x20000738   Data          22  dci.o(.bss)
    odo                                      0x20000acc   Data         100  odo.o(.bss)
    srs                                      0x20000de0   Data         368  srs.o(.bss)
    extiHandlers                             0x20001644   Data          64  stm32util.o(.bss)
    __heap_base                              0x200018b0   Data           0  startup_stm32f427xx.o(HEAP)
    __heap_limit                             0x200028b0   Data           0  startup_stm32f427xx.o(HEAP)
    __initial_sp                             0x20002cb0   Data           0  startup_stm32f427xx.o(STACK)



==============================================================================

Memory Map of the image

  Image Entry point : 0x080001ad

  Load Region LR_IROM1 (Base: 0x08000000, Size: 0x0000827c, Max: 0x00200000, ABSOLUTE, COMPRESSED[0x00008134])

    Execution Region ER_IROM1 (Base: 0x08000000, Size: 0x000080c0, Max: 0x00200000, ABSOLUTE)

    Base Addr    Size         Type   Attr      Idx    E Section Name        Object

    0x08000000   0x000001ac   Data   RO         9745    RESET               startup_stm32f427xx.o
    0x080001ac   0x00000000   Code   RO         9788  * .ARM.Collect$$$$00000000  mc_w.l(entry.o)
    0x080001ac   0x00000004   Code   RO        10135    .ARM.Collect$$$$00000001  mc_w.l(entry2.o)
    0x080001b0   0x00000004   Code   RO        10138    .ARM.Collect$$$$00000004  mc_w.l(entry5.o)
    0x080001b4   0x00000000   Code   RO        10140    .ARM.Collect$$$$00000008  mc_w.l(entry7b.o)
    0x080001b4   0x00000000   Code   RO        10142    .ARM.Collect$$$$0000000A  mc_w.l(entry8b.o)
    0x080001b4   0x00000008   Code   RO        10143    .ARM.Collect$$$$0000000B  mc_w.l(entry9a.o)
    0x080001bc   0x00000000   Code   RO        10145    .ARM.Collect$$$$0000000D  mc_w.l(entry10a.o)
    0x080001bc   0x00000000   Code   RO        10147    .ARM.Collect$$$$0000000F  mc_w.l(entry11a.o)
    0x080001bc   0x00000004   Code   RO        10136    .ARM.Collect$$$$00002712  mc_w.l(entry2.o)
    0x080001c0   0x00000024   Code   RO         9746    .text               startup_stm32f427xx.o
    0x080001e4   0x00000024   Code   RO         9791    .text               mc_w.l(memcpya.o)
    0x08000208   0x00000024   Code   RO         9793    .text               mc_w.l(memseta.o)
    0x0800022c   0x0000002c   Code   RO        10150    .text               mc_w.l(uidiv.o)
    0x08000258   0x00000024   Code   RO        10180    .text               mc_w.l(init.o)
    0x0800027c   0x00000056   Code   RO        10196    .text               mc_w.l(__dczerorl2.o)
    0x080002d2   0x00000002   PAD
    0x080002d4   0x00000038   Code   RO          544    i.Act_Init          act.o
    0x0800030c   0x000000b0   Code   RO          545    i.Act_Proc          act.o
    0x080003bc   0x00000056   Code   RO          579    i.App_Init          app.o
    0x08000412   0x00000016   Code   RO          580    i.App_Proc          app.o
    0x08000428   0x00000034   Code   RO         3159    i.Beep_Config       beep.o
    0x0800045c   0x00000024   Code   RO         3160    i.Beep_Sing         beep.o
    0x08000480   0x00000014   Code   RO         3161    i.Beep_SingStartupMusic  beep.o
    0x08000494   0x00000058   Code   RO         3201    i.Bsp_Config        bsp.o
    0x080004ec   0x00000004   Code   RO         3024    i.BtmRxCallback     com_srv.o
    0x080004f0   0x00000070   Code   RO         3225    i.Btm_Config        btm.o
    0x08000560   0x00000006   Code   RO         1004    i.Btm_Proc          com.o
    0x08000566   0x00000002   PAD
    0x08000568   0x0000003c   Code   RO         3234    i.Btm_PutCh         btm.o
    0x080005a4   0x0000000c   Code   RO         3340    i.Btn_Config        btn.o
    0x080005b0   0x00000002   Code   RO          397    i.BusFault_Handler  stm32f4xx_it.o
    0x080005b2   0x00000002   PAD
    0x080005b4   0x00000044   Code   RO         3364    i.CAN1_RX0_IRQHandler  can1.o
    0x080005f8   0x00000024   Code   RO         3365    i.CAN1_TX_IRQHandler  can1.o
    0x0800061c   0x00000044   Code   RO         3412    i.CAN2_RX0_IRQHandler  can2.o
    0x08000660   0x00000024   Code   RO         3413    i.CAN2_TX_IRQHandler  can2.o
    0x08000684   0x00000030   Code   RO         4884    i.CAN_ClearFlag     stm32f4xx_can.o
    0x080006b4   0x00000078   Code   RO         4885    i.CAN_ClearITPendingBit  stm32f4xx_can.o
    0x0800072c   0x0000006c   Code   RO         3955    i.CAN_Config        stm32util.o
    0x08000798   0x000000cc   Code   RO         4889    i.CAN_FilterInit    stm32f4xx_can.o
    0x08000864   0x00000036   Code   RO         3956    i.CAN_Filter_Config  stm32util.o
    0x0800089a   0x00000002   PAD
    0x0800089c   0x000000a8   Code   RO         4891    i.CAN_GetITStatus   stm32f4xx_can.o
    0x08000944   0x00000010   Code   RO         4895    i.CAN_ITConfig      stm32f4xx_can.o
    0x08000954   0x000000e8   Code   RO         4896    i.CAN_Init          stm32f4xx_can.o
    0x08000a3c   0x00000090   Code   RO         4899    i.CAN_Receive       stm32f4xx_can.o
    0x08000acc   0x000000a4   Code   RO         4904    i.CAN_Transmit      stm32f4xx_can.o
    0x08000b70   0x00000006   Code   RO         2105    i.CBUS_Init         cbus.o
    0x08000b76   0x0000004e   Code   RO         4445    i.CM_Cmd            motor.o
    0x08000bc4   0x0000001c   Code   RO          613    i.Cal_Init          cal.o
    0x08000be0   0x00000018   Code   RO          614    i.Cal_IsDone        cal.o
    0x08000bf8   0x00000004   Code   RO          615    i.Cal_Proc          cal.o
    0x08000bfc   0x00000074   Code   RO          616    i.Cal_ProcGim       cal.o
    0x08000c70   0x000000ec   Code   RO          617    i.Cal_ProcGpe       cal.o
    0x08000d5c   0x00000010   Code   RO          618    i.Cal_SetFlag       cal.o
    0x08000d6c   0x00000044   Code   RO          619    i.Cal_SetGpeh       cal.o
    0x08000db0   0x00000044   Code   RO          620    i.Cal_SetGpel       cal.o
    0x08000df4   0x00000004   Code   RO         3003    i.Can1RxCallback    can_srv.o
    0x08000df8   0x00000070   Code   RO         3366    i.Can1_Config       can1.o
    0x08000e68   0x00000004   Code   RO         3004    i.Can2RxCallback    can_srv.o
    0x08000e6c   0x00000074   Code   RO         3414    i.Can2_Config       can2.o
    0x08000ee0   0x0000002c   Code   RO          699    i.Can_Init          can.o
    0x08000f0c   0x000000b4   Code   RO          700    i.Can_Proc          can.o
    0x08000fc0   0x0000000c   Code   RO          818    i.Cfg_GetFlag       cfg.o
    0x08000fcc   0x00000104   Code   RO          820    i.Cfg_Init          cfg.o
    0x080010d0   0x00000014   Code   RO          821    i.Cfg_IsSynced      cfg.o
    0x080010e4   0x00000006   Code   RO          822    i.Cfg_Load          cfg.o
    0x080010ea   0x00000002   PAD
    0x080010ec   0x0000001c   Code   RO          823    i.Cfg_Proc          cfg.o
    0x08001108   0x00000006   Code   RO          825    i.Cfg_Save          cfg.o
    0x0800110e   0x00000002   PAD
    0x08001110   0x000000c4   Code   RO         1056    i.ChassisStateCtl   ctl.o
    0x080011d4   0x0000000c   Code   RO         4907    i.CheckITStatus     stm32f4xx_can.o
    0x080011e0   0x00000010   Code   RO          912    i.Clk_GetMsTick     clk.o
    0x080011f0   0x00000008   Code   RO          914    i.Clk_GetUsTick     clk.o
    0x080011f8   0x00000014   Code   RO          915    i.Clk_Init          clk.o
    0x0800120c   0x0000000c   Code   RO          962    i.Cmd_Init          cmd.o
    0x08001218   0x0000013c   Code   RO          963    i.Cmd_Proc          cmd.o
    0x08001354   0x0000000e   Code   RO         1005    i.Com_Init          com.o
    0x08001362   0x00000002   PAD
    0x08001364   0x00000064   Code   RO         1057    i.Cpl_Init          ctl.o
    0x080013c8   0x0000006c   Code   RO         1058    i.Ctl_Init          ctl.o
    0x08001434   0x00000030   Code   RO         1059    i.Ctl_Proc          ctl.o
    0x08001464   0x00000064   Code   RO         1061    i.Cvl_Init          ctl.o
    0x080014c8   0x00000018   Code   RO         2161    i.DBUS_Dec          dbus.o
    0x080014e0   0x00000014   Code   RO         2163    i.DBUS_Init         dbus.o
    0x080014f4   0x00000014   Code   RO         5679    i.DMA_Cmd           stm32f4xx_dma.o
    0x08001508   0x0000006c   Code   RO         3957    i.DMA_Config        stm32util.o
    0x08001574   0x00000014   Code   RO         5681    i.DMA_DoubleBufferModeCmd  stm32f4xx_dma.o
    0x08001588   0x00000016   Code   RO         5682    i.DMA_DoubleBufferModeConfig  stm32f4xx_dma.o
    0x0800159e   0x00000006   Code   RO         5685    i.DMA_GetCurrDataCounter  stm32f4xx_dma.o
    0x080015a4   0x0000000e   Code   RO         5686    i.DMA_GetCurrentMemoryTarget  stm32f4xx_dma.o
    0x080015b2   0x00000002   PAD
    0x080015b4   0x00000054   Code   RO         5691    i.DMA_Init          stm32f4xx_dma.o
    0x08001608   0x00000004   Code   RO         3025    i.DbiRxCallback     com_srv.o
    0x0800160c   0x00000070   Code   RO         3460    i.Dbi_Config        dbi.o
    0x0800167c   0x00000044   Code   RO         3461    i.Dbi_GetCh         dbi.o
    0x080016c0   0x00000006   Code   RO         1007    i.Dbi_Proc          com.o
    0x080016c6   0x00000002   PAD
    0x080016c8   0x0000003c   Code   RO         3469    i.Dbi_PutCh         dbi.o
    0x08001704   0x00000018   Code   RO         1134    i.Dci_Init          dci.o
    0x0800171c   0x00000048   Code   RO         1135    i.Dci_Proc          dci.o
    0x08001764   0x00000002   Code   RO          398    i.DebugMon_Handler  stm32f4xx_it.o
    0x08001766   0x00000018   Code   RO         4389    i.Delay_Ms          delay.o
    0x0800177e   0x00000002   PAD
    0x08001780   0x00000020   Code   RO         1176    i.Dnl_Init          dnl.o
    0x080017a0   0x00000030   Code   RO         3958    i.EXTI0_IRQHandler  stm32util.o
    0x080017d0   0x000000d4   Code   RO         3959    i.EXTI15_10_IRQHandler  stm32util.o
    0x080018a4   0x00000030   Code   RO         3960    i.EXTI1_IRQHandler  stm32util.o
    0x080018d4   0x00000030   Code   RO         3961    i.EXTI2_IRQHandler  stm32util.o
    0x08001904   0x00000030   Code   RO         3962    i.EXTI3_IRQHandler  stm32util.o
    0x08001934   0x00000030   Code   RO         3963    i.EXTI4_IRQHandler  stm32util.o
    0x08001964   0x000000a8   Code   RO         3964    i.EXTI9_5_IRQHandler  stm32util.o
    0x08001a0c   0x0000011c   Code   RO         3965    i.EXTI_Bind         stm32util.o
    0x08001b28   0x0000000c   Code   RO         5965    i.EXTI_ClearFlag    stm32f4xx_exti.o
    0x08001b34   0x0000000c   Code   RO         5966    i.EXTI_ClearITPendingBit  stm32f4xx_exti.o
    0x08001b40   0x00000028   Code   RO         3966    i.EXTI_Config       stm32util.o
    0x08001b68   0x00000014   Code   RO         5970    i.EXTI_GetITStatus  stm32f4xx_exti.o
    0x08001b7c   0x00000070   Code   RO         5971    i.EXTI_Init         stm32f4xx_exti.o
    0x08001bec   0x00000010   Code   RO         3967    i.EXTI_SetHandler   stm32util.o
    0x08001bfc   0x00000008   Code   RO         2187    i.Ekf_Init          ekf.o
    0x08001c04   0x0000004a   Code   RO         2188    i.Ekf_Proc          ekf.o
    0x08001c4e   0x00000002   PAD
    0x08001c50   0x0000001c   Code   RO         2189    i.Ekf_Reset         ekf.o
    0x08001c6c   0x00000016   Code   RO         2286    i.FIFO_Flush        fifo.o
    0x08001c82   0x00000008   Code   RO         2290    i.FIFO_Init         fifo.o
    0x08001c8a   0x0000000c   Code   RO         2291    i.FIFO_IsEmpty      fifo.o
    0x08001c96   0x00000010   Code   RO         2292    i.FIFO_IsFull       fifo.o
    0x08001ca6   0x00000034   Code   RO         2294    i.FIFO_Pop          fifo.o
    0x08001cda   0x0000003a   Code   RO         2295    i.FIFO_Push         fifo.o
    0x08001d14   0x0000001c   Code   RO         6032    i.FLASH_DataCacheCmd  stm32f4xx_flash.o
    0x08001d30   0x0000006c   Code   RO         6037    i.FLASH_EraseSector  stm32f4xx_flash.o
    0x08001d9c   0x0000003c   Code   RO         6039    i.FLASH_GetStatus   stm32f4xx_flash.o
    0x08001dd8   0x00000010   Code   RO         6043    i.FLASH_Lock        stm32f4xx_flash.o
    0x08001de8   0x00000038   Code   RO         6064    i.FLASH_ProgramByte  stm32f4xx_flash.o
    0x08001e20   0x00000024   Code   RO         6069    i.FLASH_Unlock      stm32f4xx_flash.o
    0x08001e44   0x0000001e   Code   RO         6070    i.FLASH_WaitForLastOperation  stm32f4xx_flash.o
    0x08001e62   0x00000004   Code   RO         1762    i.FS_Cpy            sys.o
    0x08001e66   0x00000004   Code   RO         1763    i.FS_Det            sys.o
    0x08001e6a   0x00000004   Code   RO         1764    i.FS_Get            sys.o
    0x08001e6e   0x00000004   Code   RO         1765    i.FS_Set            sys.o
    0x08001e72   0x00000026   Code   RO         2363    i.Flag_Cpy          fun.o
    0x08001e98   0x0000000e   Code   RO         2364    i.Flag_Det          fun.o
    0x08001ea6   0x00000006   Code   RO         2365    i.Flag_Get          fun.o
    0x08001eac   0x00000008   Code   RO         2367    i.Flag_Set          fun.o
    0x08001eb4   0x000000a0   Code   RO         4410    i.Flash_GetSector   flash.o
    0x08001f54   0x00000016   Code   RO         4411    i.Flash_Read        flash.o
    0x08001f6a   0x00000002   PAD
    0x08001f6c   0x00000080   Code   RO         4412    i.Flash_Write       flash.o
    0x08001fec   0x00000010   Code   RO         1212    i.Fos_Read          fos.o
    0x08001ffc   0x00000010   Code   RO         1213    i.Fos_Write         fos.o
    0x0800200c   0x00000048   Code   RO         4446    i.GM_Cmd            motor.o
    0x08002054   0x00000028   Code   RO         3969    i.GPIO_Af           stm32util.o
    0x0800207c   0x00000118   Code   RO         3970    i.GPIO_Config       stm32util.o
    0x08002194   0x00000010   Code   RO         3974    i.GPIO_In           stm32util.o
    0x080021a4   0x000000a2   Code   RO         6551    i.GPIO_Init         stm32f4xx_gpio.o
    0x08002246   0x00000012   Code   RO         3975    i.GPIO_Out          stm32util.o
    0x08002258   0x00000020   Code   RO         6552    i.GPIO_PinAFConfig  stm32f4xx_gpio.o
    0x08002278   0x0000000e   Code   RO         6555    i.GPIO_ReadInputDataBit  stm32f4xx_gpio.o
    0x08002286   0x0000000e   Code   RO         6557    i.GPIO_ReadOutputDataBit  stm32f4xx_gpio.o
    0x08002294   0x00000004   Code   RO         6558    i.GPIO_ResetBits    stm32f4xx_gpio.o
    0x08002298   0x00000004   Code   RO         6559    i.GPIO_SetBits      stm32f4xx_gpio.o
    0x0800229c   0x000000f8   Code   RO         1242    i.GetChassisStateRef  hci.o
    0x08002394   0x000000c4   Code   RO         1580    i.GetChassisStateRef  rci.o
    0x08002458   0x0000011c   Code   RO         1475    i.GetFunctionalStateFdb  odo.o
    0x08002574   0x00000100   Code   RO         1243    i.GetGrabberStateRef  hci.o
    0x08002674   0x000000f0   Code   RO         1581    i.GetGrabberStateRef  rci.o
    0x08002764   0x00000064   Code   RO         1062    i.Gpl_Init          ctl.o
    0x080027c8   0x0000007c   Code   RO         1063    i.GrabberStateCtl   ctl.o
    0x08002844   0x00000064   Code   RO         1064    i.Gvl_Init          ctl.o
    0x080028a8   0x00000002   Code   RO          399    i.HardFault_Handler  stm32f4xx_it.o
    0x080028aa   0x00000002   PAD
    0x080028ac   0x00000026   Code   RO         2468    i.Hcf_Init          hcf.o
    0x080028d2   0x00000040   Code   RO         2469    i.Hcf_Proc          hcf.o
    0x08002912   0x00000002   PAD
    0x08002914   0x00000034   Code   RO         1244    i.Hci_Init          hci.o
    0x08002948   0x00000010   Code   RO         1245    i.Hci_MouseBtn      hci.o
    0x08002958   0x0000000c   Code   RO         1246    i.Hci_PreProc       hci.o
    0x08002964   0x00000040   Code   RO         1247    i.Hci_Proc          hci.o
    0x080029a4   0x0000001e   Code   RO         2486    i.Hcp_Dec           hcp.o
    0x080029c2   0x0000001c   Code   RO         2488    i.Hcp_Init          hcp.o
    0x080029de   0x00000002   PAD
    0x080029e0   0x0000000c   Code   RO         1295    i.Ini_Init          ini.o
    0x080029ec   0x00000018   Code   RO         1296    i.Ini_IsDone        ini.o
    0x08002a04   0x00000090   Code   RO         1297    i.Ini_Proc          ini.o
    0x08002a94   0x0000003c   Code   RO         2369    i.InsertSort        fun.o
    0x08002ad0   0x00000004   Code   RO         1345    i.Ios_GetCh         ios.o
    0x08002ad4   0x0000001c   Code   RO         1346    i.Ios_Init          ios.o
    0x08002af0   0x00000012   Code   RO         1347    i.Ios_PutCh         ios.o
    0x08002b02   0x00000002   PAD
    0x08002b04   0x00000010   Code   RO         1350    i.Ios_SetIn         ios.o
    0x08002b14   0x00000010   Code   RO         1351    i.Ios_SetOut        ios.o
    0x08002b24   0x00000034   Code   RO          466    i.KOS_Boot          kos.o
    0x08002b58   0x0000002c   Code   RO         3599    i.Key_Config        key.o
    0x08002b84   0x00000030   Code   RO         3629    i.Led_Config        led.o
    0x08002bb4   0x0000002a   Code   RO         3714    i.MPU6500_CheckDevice  mpu6500_drv.o
    0x08002bde   0x00000002   PAD
    0x08002be0   0x0000000e   Code   RO         3690    i.MPU6500_Config    mpu6500.o
    0x08002bee   0x00000002   PAD
    0x08002bf0   0x00000040   Code   RO         3716    i.MPU6500_Init      mpu6500_drv.o
    0x08002c30   0x0000005e   Code   RO         3717    i.MPU6500_Read      mpu6500_drv.o
    0x08002c8e   0x00000002   PAD
    0x08002c90   0x0000005c   Code   RO         3792    i.MPU6500_SPI_Read_Reg  mpu6500_spi.o
    0x08002cec   0x00000050   Code   RO         3793    i.MPU6500_SPI_Write_Reg  mpu6500_spi.o
    0x08002d3c   0x00000008   Code   RO         2692    i.Maf_Init          maf.o
    0x08002d44   0x00000042   Code   RO         2694    i.Maf_Proc          maf.o
    0x08002d86   0x00000002   PAD
    0x08002d88   0x00000030   Code   RO         2695    i.Maf_Reset         maf.o
    0x08002db8   0x00000010   Code   RO         1432    i.Mec_Decomp        mec.o
    0x08002dc8   0x00000030   Code   RO         1433    i.Mec_Init          mec.o
    0x08002df8   0x00000010   Code   RO         1434    i.Mec_Synthe        mec.o
    0x08002e08   0x0000002a   Code   RO         2732    i.Mecanum_Config    mecanum.o
    0x08002e32   0x0000008e   Code   RO         2733    i.Mecanum_Decomp    mecanum.o
    0x08002ec0   0x00000072   Code   RO         2734    i.Mecanum_Synthe    mecanum.o
    0x08002f32   0x00000002   PAD
    0x08002f34   0x00000038   Code   RO         2758    i.Med_Init          med.o
    0x08002f6c   0x00000042   Code   RO         2759    i.Med_Proc          med.o
    0x08002fae   0x00000002   Code   RO          400    i.MemManage_Handler  stm32f4xx_it.o
    0x08002fb0   0x00000140   Code   RO          703    i.Motor_Process     can.o
    0x080030f0   0x0000000e   Code   RO          704    i.Motor_Ready       can.o
    0x080030fe   0x00000006   Code   RO          705    i.Motor_Reset       can.o
    0x08003104   0x00000002   Code   RO          401    i.NMI_Handler       stm32f4xx_it.o
    0x08003106   0x0000001c   Code   RO         3982    i.NVIC_Config       stm32util.o
    0x08003122   0x00000002   PAD
    0x08003124   0x00000064   Code   RO         4586    i.NVIC_Init         misc.o
    0x08003188   0x00000014   Code   RO         4587    i.NVIC_PriorityGroupConfig  misc.o
    0x0800319c   0x00000020   Code   RO         1476    i.Odo_Init          odo.o
    0x080031bc   0x00000134   Code   RO         1477    i.Odo_Proc          odo.o
    0x080032f0   0x0000011c   Code   RO         2829    i.PID_Calc          pid.o
    0x0800340c   0x00000006   Code   RO         2830    i.PID_Config        pid.o
    0x08003412   0x00000002   PAD
    0x08003414   0x00000024   Code   RO         2831    i.PID_Reset         pid.o
    0x08003438   0x00001544   Code   RO         3983    i.PWM_Bind          stm32util.o
    0x0800497c   0x00000002   Code   RO          402    i.PendSV_Handler    stm32f4xx_it.o
    0x0800497e   0x00000002   PAD
    0x08004980   0x000000ec   Code   RO          546    i.PeriphsStateAct   act.o
    0x08004a6c   0x0000005c   Code   RO         3822    i.Pwm_Config        pwm.o
    0x08004ac8   0x00000050   Code   RO         1524    i.Pwr_Init          pwr.o
    0x08004b18   0x00000014   Code   RO         1525    i.Pwr_IsOkay        pwr.o
    0x08004b2c   0x00000018   Code   RO         7498    i.RCC_AHB1PeriphClockCmd  stm32f4xx_rcc.o
    0x08004b44   0x00000018   Code   RO         7507    i.RCC_APB1PeriphClockCmd  stm32f4xx_rcc.o
    0x08004b5c   0x00000018   Code   RO         7510    i.RCC_APB2PeriphClockCmd  stm32f4xx_rcc.o
    0x08004b74   0x00000094   Code   RO         7519    i.RCC_GetClocksFreq  stm32f4xx_rcc.o
    0x08004c08   0x00000028   Code   RO         2853    i.Rcf_Init          rcf.o
    0x08004c30   0x00000040   Code   RO         2854    i.Rcf_Proc          rcf.o
    0x08004c70   0x0000000c   Code   RO         1582    i.Rci_Init          rci.o
    0x08004c7c   0x0000000c   Code   RO         1584    i.Rci_PreProc       rci.o
    0x08004c88   0x0000003c   Code   RO         1585    i.Rci_Proc          rci.o
    0x08004cc4   0x00000010   Code   RO         1586    i.Rci_Sw            rci.o
    0x08004cd4   0x0000004e   Code   RO         2871    i.Rcp_Dec           rcp.o
    0x08004d22   0x00000002   PAD
    0x08004d24   0x00000026   Code   RO         2873    i.Rcp_Init          rcp.o
    0x08004d4a   0x00000004   Code   RO         3084    i.RcvCallback       rcv_srv.o
    0x08004d4e   0x00000002   PAD
    0x08004d50   0x00000094   Code   RO         3846    i.Rcv_Config        rcv.o
    0x08004de4   0x00000020   Code   RO         1136    i.Rcv_Proc          dci.o
    0x08004e04   0x0000002a   Code   RO         2895    i.Rmp_Calc          rmp.o
    0x08004e2e   0x00000004   Code   RO         2896    i.Rmp_Config        rmp.o
    0x08004e32   0x00000002   PAD
    0x08004e34   0x00000014   Code   RO         2898    i.Rmp_Reset         rmp.o
    0x08004e48   0x000009d8   Code   RO         3984    i.SPI_Bind          stm32util.o
    0x08005820   0x00000014   Code   RO         8671    i.SPI_Cmd           stm32f4xx_spi.o
    0x08005834   0x000000c0   Code   RO         3985    i.SPI_Config        stm32util.o
    0x080058f4   0x00000038   Code   RO         8684    i.SPI_Init          stm32f4xx_spi.o
    0x0800592c   0x00000028   Code   RO         3987    i.SPI_TxRxByte      stm32util.o
    0x08005954   0x00000004   Code   RO         3060    i.SR04Callback      ext_srv.o
    0x08005958   0x00000020   Code   RO         3914    i.SR04_Bind         sr04.o
    0x08005978   0x0000001c   Code   RO         3915    i.SR04_Config       sr04.o
    0x08005994   0x00000068   Code   RO         3916    i.SR04_IRQHandler   sr04.o
    0x080059fc   0x00000002   Code   RO          403    i.SVC_Handler       stm32f4xx_it.o
    0x080059fe   0x00000002   PAD
    0x08005a00   0x00000030   Code   RO         8836    i.SYSCFG_EXTILineConfig  stm32f4xx_syscfg.o
    0x08005a30   0x00000040   Code   RO          493    i.Sch_Arrange       sch.o
    0x08005a70   0x00000018   Code   RO          495    i.Sch_Init          sch.o
    0x08005a88   0x00000030   Code   RO          496    i.Sch_Proc          sch.o
    0x08005ab8   0x000000d0   Code   RO         9705    i.SetSysClock       system_stm32f4xx.o
    0x08005b88   0x00000010   Code   RO         1640    i.Snd_Init          snd.o
    0x08005b98   0x0000000c   Code   RO         1641    i.Snd_Play          snd.o
    0x08005ba4   0x00000040   Code   RO         1642    i.Snd_Proc          snd.o
    0x08005be4   0x0000000c   Code   RO         1643    i.Snd_Stop          snd.o
    0x08005bf0   0x0000002c   Code   RO         2370    i.Sort              fun.o
    0x08005c1c   0x00000054   Code   RO         3890    i.Spi5_Config       spi5.o
    0x08005c70   0x0000004a   Code   RO         1684    i.Sr04_Proc         srs.o
    0x08005cba   0x00000002   PAD
    0x08005cbc   0x000000a0   Code   RO         1685    i.Srs_Fall          srs.o
    0x08005d5c   0x00000012   Code   RO         1687    i.Srs_Init          srs.o
    0x08005d6e   0x00000002   PAD
    0x08005d70   0x0000004c   Code   RO         1689    i.Srs_Rise          srs.o
    0x08005dbc   0x00000038   Code   RO         1690    i.Srs_Start         srs.o
    0x08005df4   0x0000001c   Code   RO         1691    i.Srs_Stop          srs.o
    0x08005e10   0x00000004   Code   RO         3126    i.SyncTimCallback   tim_srv.o
    0x08005e14   0x0000002c   Code   RO         4197    i.SyncTim_Config    tim.o
    0x08005e40   0x00000028   Code   RO         4198    i.SyncTim_Start     tim.o
    0x08005e68   0x0000005c   Code   RO         9707    i.SystemInit        system_stm32f4xx.o
    0x08005ec4   0x0000002a   Code   RO         4200    i.TIM2_IRQHandler   tim.o
    0x08005eee   0x00000002   PAD
    0x08005ef0   0x00000030   Code   RO         4201    i.TIM6_DAC_IRQHandler  tim.o
    0x08005f20   0x00000014   Code   RO         8895    i.TIM_ARRPreloadConfig  stm32f4xx_tim.o
    0x08005f34   0x00000006   Code   RO         8901    i.TIM_ClearFlag     stm32f4xx_tim.o
    0x08005f3a   0x00000006   Code   RO         8902    i.TIM_ClearITPendingBit  stm32f4xx_tim.o
    0x08005f40   0x00000014   Code   RO         8907    i.TIM_Cmd           stm32f4xx_tim.o
    0x08005f54   0x00000144   Code   RO         3988    i.TIM_Config        stm32util.o
    0x08006098   0x00000018   Code   RO         8928    i.TIM_GetITStatus   stm32f4xx_tim.o
    0x080060b0   0x00000010   Code   RO         8932    i.TIM_ITConfig      stm32f4xx_tim.o
    0x080060c0   0x00000060   Code   RO         8936    i.TIM_OC1Init       stm32f4xx_tim.o
    0x08006120   0x0000000c   Code   RO         8939    i.TIM_OC1PreloadConfig  stm32f4xx_tim.o
    0x0800612c   0x00000080   Code   RO         8941    i.TIM_OC2Init       stm32f4xx_tim.o
    0x080061ac   0x00000014   Code   RO         8944    i.TIM_OC2PreloadConfig  stm32f4xx_tim.o
    0x080061c0   0x0000007c   Code   RO         8946    i.TIM_OC3Init       stm32f4xx_tim.o
    0x0800623c   0x0000000c   Code   RO         8949    i.TIM_OC3PreloadConfig  stm32f4xx_tim.o
    0x08006248   0x00000060   Code   RO         8951    i.TIM_OC4Init       stm32f4xx_tim.o
    0x080062a8   0x00000014   Code   RO         8953    i.TIM_OC4PreloadConfig  stm32f4xx_tim.o
    0x080062bc   0x00000082   Code   RO         3989    i.TIM_OC_Config     stm32util.o
    0x0800633e   0x00000002   PAD
    0x08006340   0x0000007c   Code   RO         8979    i.TIM_TimeBaseInit  stm32f4xx_tim.o
    0x080063bc   0x00000002   Code   RO         3127    i.TickTimCallback   tim_srv.o
    0x080063be   0x0000002e   Code   RO         4202    i.TickTim_Config    tim.o
    0x080063ec   0x00000022   Code   RO         4203    i.TickTim_Start     tim.o
    0x0800640e   0x0000000e   Code   RO         4205    i.Tim_Config        tim.o
    0x0800641c   0x0000000e   Code   RO         4206    i.Tim_Start         tim.o
    0x0800642a   0x00000004   Code   RO         3026    i.TtyRxCallback     com_srv.o
    0x0800642e   0x00000002   PAD
    0x08006430   0x00000070   Code   RO         4277    i.Tty_Config        tty.o
    0x080064a0   0x00000006   Code   RO         1008    i.Tty_Proc          com.o
    0x080064a6   0x00000002   PAD
    0x080064a8   0x00000074   Code   RO         3849    i.USART1_IRQHandler  rcv.o
    0x0800651c   0x00000098   Code   RO         3239    i.USART2_IRQHandler  btm.o
    0x080065b4   0x00000098   Code   RO         3474    i.USART3_IRQHandler  dbi.o
    0x0800664c   0x00000098   Code   RO         4291    i.USART6_IRQHandler  tty.o
    0x080066e4   0x00000de0   Code   RO         3990    i.USART_Bind        stm32util.o
    0x080074c4   0x00000014   Code   RO         9448    i.USART_Cmd         stm32f4xx_usart.o
    0x080074d8   0x00000190   Code   RO         3991    i.USART_Config      stm32util.o
    0x08007668   0x00000010   Code   RO         9449    i.USART_DMACmd      stm32f4xx_usart.o
    0x08007678   0x0000003e   Code   RO         9452    i.USART_GetITStatus  stm32f4xx_usart.o
    0x080076b6   0x00000030   Code   RO         9454    i.USART_ITConfig    stm32f4xx_usart.o
    0x080076e6   0x00000002   PAD
    0x080076e8   0x000000ac   Code   RO         9455    i.USART_Init        stm32f4xx_usart.o
    0x08007794   0x00000008   Code   RO         9462    i.USART_ReceiveData  stm32f4xx_usart.o
    0x0800779c   0x00000008   Code   RO         9465    i.USART_SendData    stm32f4xx_usart.o
    0x080077a4   0x00000038   Code   RO         1823    i.Upd_Init          upd.o
    0x080077dc   0x00000066   Code   RO         1824    i.Upd_Proc          upd.o
    0x08007842   0x00000002   PAD
    0x08007844   0x00000014   Code   RO         1853    i.Upl_Init          upl.o
    0x08007858   0x00000002   Code   RO          404    i.UsageFault_Handler  stm32f4xx_it.o
    0x0800785a   0x00000002   PAD
    0x0800785c   0x00000010   Code   RO         1898    i.Wdg_Feed          wdg.o
    0x0800786c   0x0000000c   Code   RO         1901    i.Wdg_HasErr        wdg.o
    0x08007878   0x00000014   Code   RO         1902    i.Wdg_HitErr        wdg.o
    0x0800788c   0x0000002c   Code   RO         1903    i.Wdg_Init          wdg.o
    0x080078b8   0x0000001c   Code   RO         1904    i.Wdg_IsOkay        wdg.o
    0x080078d4   0x00000044   Code   RO         1905    i.Wdg_Proc          wdg.o
    0x08007918   0x0000000c   Code   RO         1957    i.Wsm_GetLastWs     wsm.o
    0x08007924   0x0000000c   Code   RO         1958    i.Wsm_GetWs         wsm.o
    0x08007930   0x00000010   Code   RO         1959    i.Wsm_Init          wsm.o
    0x08007940   0x000000e0   Code   RO         1960    i.Wsm_Proc          wsm.o
    0x08007a20   0x0000008c   Code   RO          706    i.ZGyro_Process     can.o
    0x08007aac   0x0000000e   Code   RO          707    i.ZGyro_Ready       can.o
    0x08007aba   0x00000006   Code   RO          708    i.ZGyro_Reset       can.o
    0x08007ac0   0x00000020   Code   RO         9844    i.__0printf$1       mc_w.l(printf1.o)
    0x08007ae0   0x0000000e   Code   RO        10190    i.__scatterload_copy  mc_w.l(handlers.o)
    0x08007aee   0x00000002   Code   RO        10191    i.__scatterload_null  mc_w.l(handlers.o)
    0x08007af0   0x0000000e   Code   RO        10192    i.__scatterload_zeroinit  mc_w.l(handlers.o)
    0x08007afe   0x00000002   PAD
    0x08007b00   0x00000154   Code   RO         9851    i._printf_core      mc_w.l(printf1.o)
    0x08007c54   0x00000020   Code   RO         2371    i.constrain         fun.o
    0x08007c74   0x00000014   Code   RO         1355    i.fputc             ios.o
    0x08007c88   0x0000001c   Code   RO          497    i.getSchTask        sch.o
    0x08007ca4   0x00000084   Code   RO            4    i.main              main.o
    0x08007d28   0x0000006c   Code   RO        10061    i.malloc            mc_w.l(malloc.o)
    0x08007d94   0x00000038   Code   RO         2372    i.map               fun.o
    0x08007dcc   0x00000028   Code   RO          498    i.newSchTask        sch.o
    0x08007df4   0x000001e6   Data   RO          829    .constdata          cfg.o
    0x08007fda   0x00000002   PAD
    0x08007fdc   0x00000058   Data   RO         1906    .constdata          wdg.o
    0x08008034   0x00000038   Data   RO         3162    .constdata          beep.o
    0x0800806c   0x00000014   Data   RO         3718    .constdata          mpu6500_drv.o
    0x08008080   0x00000020   Data   RO         3917    .constdata          sr04.o
    0x080080a0   0x00000020   Data   RO        10188    Region$$Table       anon$$obj.o


    Execution Region RW_IRAM1 (Base: 0x20000000, Size: 0x00002cb0, Max: 0x00030000, ABSOLUTE, COMPRESSED[0x00000074])

    Base Addr    Size         Type   Attr      Idx    E Section Name        Object

    0x20000000   0x00000004   Data   RW            6    .data               main.o
    0x20000004   0x0000000c   Data   RW          499    .data               sch.o
    0x20000010   0x00000008   Data   RW          622    .data               cal.o
    0x20000018   0x000000f3   Data   RW          830    .data               cfg.o
    0x2000010b   0x00000001   PAD
    0x2000010c   0x00000014   Data   RW          917    .data               clk.o
    0x20000120   0x00000004   Data   RW         1299    .data               ini.o
    0x20000124   0x00000008   Data   RW         1356    .data               ios.o
    0x2000012c   0x00000004   Data   RW         1480    .data               odo.o
    0x20000130   0x00000004   Data   RW         1529    .data               pwr.o
    0x20000134   0x0000000c   Data   RW         1644    .data               snd.o
    0x20000140   0x0000005c   Data   RW         1907    .data               wdg.o
    0x2000019c   0x00000002   Data   RW         1961    .data               wsm.o
    0x2000019e   0x00000010   Data   RW         7551    .data               stm32f4xx_rcc.o
    0x200001ae   0x00000002   PAD
    0x200001b0   0x00000004   Data   RW        10149    .data               mc_w.l(stdout.o)
    0x200001b4   0x00000004   Data   RW        10154    .data               mc_w.l(mvars.o)
    0x200001b8   0x00000004   Data   RW        10155    .data               mc_w.l(mvars.o)
    0x200001bc   0x0000000e   Zero   RW            5    .bss                main.o
    0x200001ca   0x00000002   PAD
    0x200001cc   0x0000001c   Zero   RW          621    .bss                cal.o
    0x200001e8   0x000002cc   Zero   RW          709    .bss                can.o
    0x200004b4   0x0000004c   Zero   RW          965    .bss                cmd.o
    0x20000500   0x00000238   Zero   RW         1065    .bss                ctl.o
    0x20000738   0x00000016   Zero   RW         1137    .bss                dci.o
    0x2000074e   0x00000002   PAD
    0x20000750   0x00000278   Zero   RW         1178    .bss                dnl.o
    0x200009c8   0x000000f0   Zero   RW         1248    .bss                hci.o
    0x20000ab8   0x00000014   Zero   RW         1435    .bss                mec.o
    0x20000acc   0x00000064   Zero   RW         1479    .bss                odo.o
    0x20000b30   0x000002a0   Zero   RW         1528    .bss                pwr.o
    0x20000dd0   0x00000010   Zero   RW         1587    .bss                rci.o
    0x20000de0   0x00000170   Zero   RW         1693    .bss                srs.o
    0x20000f50   0x0000025c   Zero   RW         1858    .bss                upl.o
    0x200011ac   0x00000228   Zero   RW         3240    .bss                btm.o
    0x200013d4   0x00000228   Zero   RW         3475    .bss                dbi.o
    0x200015fc   0x00000048   Zero   RW         3850    .bss                rcv.o
    0x20001644   0x00000040   Zero   RW         3992    .bss                stm32util.o
    0x20001684   0x00000228   Zero   RW         4292    .bss                tty.o
    0x200018ac   0x00000004   PAD
    0x200018b0   0x00001000   Zero   RW         9744    HEAP                startup_stm32f427xx.o
    0x200028b0   0x00000400   Zero   RW         9743    STACK               startup_stm32f427xx.o


==============================================================================

Image component sizes


      Code (inc. data)   RO Data    RW Data    ZI Data      Debug   Object Name

       468         28          0          0          0       2190   act.o
       108          0          0          0          0       1070   app.o
       108         22         56          0          0       3256   beep.o
        88          4          0          0          0        561   bsp.o
       324         38          0          0        552       2419   btm.o
        12          6          0          0          0        457   btn.o
       560        124          0          8         28       4805   cal.o
       724         62          0          0        716       7006   can.o
       216         24          0          0          0       1681   can1.o
       220         26          0          0          0       1689   can2.o
         8          0          0          0          0       1370   can_srv.o
         6          0          0          0          0        776   cbus.o
       332         24        486        243          0       6313   cfg.o
        44          4          0         20          0       1707   clk.o
       328         12          0          0         76       1632   cmd.o
        32          0          0          0          0       1884   com.o
        12          0          0          0          0       1512   com_srv.o
       876         92          0          0        568       5472   ctl.o
       392         46          0          0        552       2967   dbi.o
        44          0          0          0          0       1455   dbus.o
       128          8          0          0         22       2220   dci.o
        24          0          0          0          0        627   delay.o
        32          4          0          0        632       2643   dnl.o
       110          6          0          0          0       1978   ekf.o
         4          0          0          0          0        539   ext_srv.o
       168          0          0          0          0       4013   fifo.o
       310         52          0          0          0       2875   flash.o
        32         12          0          0          0       1339   fos.o
       258          0          0          0          0       5573   fun.o
       102          0          0          0          0       1522   hcf.o
       648         62          0          0        240       4337   hci.o
        58          0          0          0          0       1381   hcp.o
       180         28          0          4          0       1703   ini.o
       102         26          0          8          0       3665   ios.o
        44         10          0          0          0        509   key.o
        52         10          0          0          0        515   kos.o
        48          8          0          0          0        513   led.o
       122          6          0          0          0       1990   maf.o
       132         34          0          4         14     378019   main.o
        80         20          0          0         20       1717   mec.o
       298          0          0          0          0       2231   mecanum.o
       122          6          0          0          0       1486   med.o
       120         14          0          0          0       1647   misc.o
       150          0          0          0          0       1738   motor.o
        14          0          0          0          0        501   mpu6500.o
       200          4         20          0          0       2404   mpu6500_drv.o
       172         26          0          0          0       1867   mpu6500_spi.o
       624         80          0          4        100       3024   odo.o
       326         12          0          0          0       2440   pid.o
        92         10          0          0          0        505   pwm.o
       100         12          0          4        672       1740   pwr.o
       104          0          0          0          0       1546   rcf.o
       536         64          0          0         16       3697   rci.o
       116          0          0          0          0       1393   rcp.o
       264         34          0          0         72       1689   rcv.o
         4          0          0          0          0        794   rcv_srv.o
        66          6          0          0          0       1868   rmp.o
       204         22          0         12          0       3628   sch.o
       104         20          0         12          0       2164   snd.o
        84         10          0          0          0        546   spi5.o
       164         18         32          0          0       3085   sr04.o
       412         30          0          0        368       5070   srs.o
        36          8        428          0       5120        868   startup_stm32f427xx.o
      1108         24          0          0          0       7938   stm32f4xx_can.o
       166          4          0          0          0       5154   stm32f4xx_dma.o
       156         20          0          0          0       2901   stm32f4xx_exti.o
       334         36          0          0          0       5104   stm32f4xx_flash.o
       230          0          0          0          0       4528   stm32f4xx_gpio.o
        16          0          0          0          0       3860   stm32f4xx_it.o
       220         34          0         16          0       5035   stm32f4xx_rcc.o
        76          0          0          0          0       1889   stm32f4xx_spi.o
        48          6          0          0          0        720   stm32f4xx_syscfg.o
       724         60          0          0          0      11772   stm32f4xx_tim.o
       334          8          0          0          0       5834   stm32f4xx_usart.o
     14214        416          0          0         64      38650   stm32util.o
        16          0          0          0          0       2476   sys.o
       300         36          0          0          0       1649   system_stm32f4xx.o
       282         18          0          0          0       4509   tim.o
         6          0          0          0          0        948   tim_srv.o
       264         28          0          0        552       1907   tty.o
       158         14          0          0          0       1150   upd.o
        20          6          0          0        604       1215   upl.o
       188         34         88         92          0       3786   wdg.o
       264         30          0          2          0       2354   wsm.o

    ----------------------------------------------------------------------
     31044       1948       1144        432      10996     627210   Object Totals
         0          0         32          0          0          0   (incl. Generated)
        72          0          2          3          8          0   (incl. Padding)

    ----------------------------------------------------------------------

      Code (inc. data)   RO Data    RW Data    ZI Data      Debug   Library Member Name

        86          0          0          0          0          0   __dczerorl2.o
         0          0          0          0          0          0   entry.o
         0          0          0          0          0          0   entry10a.o
         0          0          0          0          0          0   entry11a.o
         8          4          0          0          0          0   entry2.o
         4          0          0          0          0          0   entry5.o
         0          0          0          0          0          0   entry7b.o
         0          0          0          0          0          0   entry8b.o
         8          4          0          0          0          0   entry9a.o
        30          0          0          0          0          0   handlers.o
        36          8          0          0          0         68   init.o
       108         16          0          0          0         84   malloc.o
        36          0          0          0          0         68   memcpya.o
        36          0          0          0          0        108   memseta.o
         0          0          0          8          0          0   mvars.o
       372         14          0          0          0        184   printf1.o
         0          0          0          4          0          0   stdout.o
        44          0          0          0          0         80   uidiv.o

    ----------------------------------------------------------------------
       772         46          0         12          0        592   Library Totals
         4          0          0          0          0          0   (incl. Padding)

    ----------------------------------------------------------------------

      Code (inc. data)   RO Data    RW Data    ZI Data      Debug   Library Name

       768         46          0         12          0        592   mc_w.l

    ----------------------------------------------------------------------
       772         46          0         12          0        592   Library Totals

    ----------------------------------------------------------------------

==============================================================================


      Code (inc. data)   RO Data    RW Data    ZI Data      Debug   

     31816       1994       1144        444      10996     598778   Grand Totals
     31816       1994       1144        116      10996     598778   ELF Image Totals (compressed)
     31816       1994       1144        116          0          0   ROM Totals

==============================================================================

    Total RO  Size (Code + RO Data)                32960 (  32.19kB)
    Total RW  Size (RW Data + ZI Data)             11440 (  11.17kB)
    Total ROM Size (Code + RO Data + RW Data)      33076 (  32.30kB)

==============================================================================

