Component: ARM Compiler 5.06 update 4 (build 422) Tool: armlink [4d35d2]

==============================================================================

Section Cross References

    main.o(i.main) refers to kos.o(i.KOS_Boot) for KOS_Boot
    main.o(i.main) refers to clk.o(i.Clk_GetMsTick) for Clk_GetMsTick
    main.o(i.main) refers to dbg.o(i.Dbg_Odo) for Dbg_Odo
    kos.o(i.KOS_Boot) refers to app.o(i.App_Init) for App_Init
    kos.o(i.KOS_Boot) refers to sch.o(i.Sch_Arrange) for Sch_Arrange
    kos.o(i.KOS_Boot) refers to sch.o(i.Sch_Init) for Sch_Init
    kos.o(i.KOS_Boot) refers to bsp.o(i.Bsp_Config) for Bsp_Config
    kos.o(i.KOS_Boot) refers to tim.o(i.Tim_Start) for Tim_Start
    kos.o(i.KOS_Boot) refers to app.o(i.App_Proc) for App_Proc
    kos.o(i.KOS_Stop) refers to tim.o(i.Tim_Stop) for Tim_Stop
    kos.o(i.KOS_Stop) refers to act.o(i.Act_Init) for Act_Init
    sch.o(i.Sch_Arrange) refers to sch.o(i.getSchTask) for getSchTask
    sch.o(i.Sch_Arrange) refers to sch.o(i.newSchTask) for newSchTask
    sch.o(i.Sch_Arrange) refers to sch.o(.data) for .data
    sch.o(i.Sch_Dismiss) refers to sch.o(i.getSchTask) for getSchTask
    sch.o(i.Sch_Dismiss) refers to malloc.o(i.free) for free
    sch.o(i.Sch_Dismiss) refers to sch.o(.data) for .data
    sch.o(i.Sch_Init) refers to clk.o(i.Clk_GetMsTick) for Clk_GetMsTick
    sch.o(i.Sch_Init) refers to sch.o(.data) for .data
    sch.o(i.Sch_Proc) refers to clk.o(i.Clk_GetMsTick) for Clk_GetMsTick
    sch.o(i.Sch_Proc) refers to sch.o(.data) for .data
    sch.o(i.getSchTask) refers to sch.o(.data) for .data
    sch.o(i.newSchTask) refers to malloc.o(i.malloc) for malloc
    sch.o(i.newSchTask) refers to memseta.o(.text) for __aeabi_memclr4
    act.o(i.Act_Init) refers to motor.o(i.CM_Cmd) for CM_Cmd
    act.o(i.Act_Init) refers to motor.o(i.GM_Cmd) for GM_Cmd
    act.o(i.Act_Proc) refers to sys.o(i.FS_Get) for FS_Get
    act.o(i.Act_Proc) refers to stm32f4xx_gpio.o(i.GPIO_ResetBits) for GPIO_ResetBits
    act.o(i.Act_Proc) refers to stm32f4xx_gpio.o(i.GPIO_SetBits) for GPIO_SetBits
    act.o(i.Act_Proc) refers to motor.o(i.CM_Cmd) for CM_Cmd
    act.o(i.Act_Proc) refers to ctl.o(.bss) for ctl
    app.o(i.App_Init) refers to ios.o(i.Ios_Init) for Ios_Init
    app.o(i.App_Init) refers to cfg.o(i.Cfg_Init) for Cfg_Init
    app.o(i.App_Init) refers to act.o(i.Act_Init) for Act_Init
    app.o(i.App_Init) refers to clk.o(i.Clk_Init) for Clk_Init
    app.o(i.App_Init) refers to com.o(i.Com_Init) for Com_Init
    app.o(i.App_Init) refers to wdg.o(i.Wdg_Init) for Wdg_Init
    app.o(i.App_Init) refers to ini.o(i.Ini_Init) for Ini_Init
    app.o(i.App_Init) refers to wsm.o(i.Wsm_Init) for Wsm_Init
    app.o(i.App_Init) refers to upd.o(i.Upd_Init) for Upd_Init
    app.o(i.App_Proc) refers to wdg.o(i.Wdg_Proc) for Wdg_Proc
    app.o(i.App_Proc) refers to ini.o(i.Ini_Proc) for Ini_Proc
    app.o(i.App_Proc) refers to wsm.o(i.Wsm_Proc) for Wsm_Proc
    app.o(i.App_Proc) refers to upd.o(i.Upd_Proc) for Upd_Proc
    can.o(i.Can_Init) refers to can.o(i.Motor_Reset) for Motor_Reset
    can.o(i.Can_Init) refers to can.o(i.ZGyro_Reset) for ZGyro_Reset
    can.o(i.Can_Init) refers to can.o(.bss) for .bss
    can.o(i.Can_Proc) refers to wdg.o(i.Wdg_Feed) for Wdg_Feed
    can.o(i.Can_Proc) refers to can.o(i.ZGyro_Process) for ZGyro_Process
    can.o(i.Can_Proc) refers to can.o(i.Motor_Process) for Motor_Process
    can.o(i.Can_Proc) refers to can.o(.bss) for .bss
    can.o(i.Motor_Process) refers to ekf.o(i.Ekf_Init) for Ekf_Init
    can.o(i.Motor_Process) refers to ekf.o(i.Ekf_SetE) for Ekf_SetE
    can.o(i.Motor_Process) refers to ekf.o(i.Ekf_Proc) for Ekf_Proc
    can.o(i.Motor_Reset) refers to ekf.o(i.Ekf_Reset) for Ekf_Reset
    cfg.o(i.Cfg_ClrFlag) refers to fun.o(i.Flag_Clr) for Flag_Clr
    cfg.o(i.Cfg_ClrFlag) refers to cfg.o(.data) for .data
    cfg.o(i.Cfg_GetFlag) refers to fun.o(i.Flag_Get) for Flag_Get
    cfg.o(i.Cfg_GetFlag) refers to cfg.o(.data) for .data
    cfg.o(i.Cfg_GetVer) refers to fun.o(i.Flag_Get) for Flag_Get
    cfg.o(i.Cfg_GetVer) refers to cfg.o(.data) for .data
    cfg.o(i.Cfg_Init) refers to memcpya.o(.text) for __aeabi_memcpy4
    cfg.o(i.Cfg_Init) refers to cfg.o(i.Cfg_Load) for Cfg_Load
    cfg.o(i.Cfg_Init) refers to cfg.o(i.Cfg_GetFlag) for Cfg_GetFlag
    cfg.o(i.Cfg_Init) refers to cfg.o(.constdata) for .constdata
    cfg.o(i.Cfg_Init) refers to cfg.o(.data) for .data
    cfg.o(i.Cfg_Load) refers to fos.o(i.Fos_Read) for Fos_Read
    cfg.o(i.Cfg_Proc) refers to memcpya.o(.text) for __aeabi_memcpy4
    cfg.o(i.Cfg_Proc) refers to cfg.o(i.Cfg_Save) for Cfg_Save
    cfg.o(i.Cfg_Proc) refers to cfg.o(.constdata) for .constdata
    cfg.o(i.Cfg_Proc) refers to cfg.o(.data) for .data
    cfg.o(i.Cfg_Reset) refers to memcpya.o(.text) for __aeabi_memcpy4
    cfg.o(i.Cfg_Reset) refers to cfg.o(i.Cfg_Save) for Cfg_Save
    cfg.o(i.Cfg_Reset) refers to cfg.o(i.Cfg_Load) for Cfg_Load
    cfg.o(i.Cfg_Reset) refers to cfg.o(.constdata) for .constdata
[...]
    i.Rcv_Proc                               0x08003fbc   Section        0  dci.o(i.Rcv_Proc)
    i.Rmp_Calc                               0x08003fdc   Section        0  rmp.o(i.Rmp_Calc)
    i.Rmp_Config                             0x08004004   Section        0  rmp.o(i.Rmp_Config)
    i.Rmp_Init                               0x08004008   Section        0  ctl.o(i.Rmp_Init)
    Rmp_Init                                 0x08004009   Thumb Code    10  ctl.o(i.Rmp_Init)
    i.Rmp_Reset                              0x08004018   Section        0  rmp.o(i.Rmp_Reset)
    i.SVC_Handler                            0x0800401e   Section        0  stm32f4xx_it.o(i.SVC_Handler)
    i.Sch_Arrange                            0x08004020   Section        0  sch.o(i.Sch_Arrange)
    i.Sch_Init                               0x08004060   Section        0  sch.o(i.Sch_Init)
    i.Sch_Proc                               0x0800407c   Section        0  sch.o(i.Sch_Proc)
    i.SetSysClock                            0x080040a8   Section        0  system_stm32f4xx.o(i.SetSysClock)
    SetSysClock                              0x080040a9   Thumb Code   190  system_stm32f4xx.o(i.SetSysClock)
    i.SyncTimCallback                        0x08004178   Section        0  tim_srv.o(i.SyncTimCallback)
    i.SyncTim_Config                         0x0800417c   Section        0  tim.o(i.SyncTim_Config)
    i.SyncTim_Start                          0x080041a8   Section        0  tim.o(i.SyncTim_Start)
    i.SystemInit                             0x080041d0   Section        0  system_stm32f4xx.o(i.SystemInit)
    i.TIM2_IRQHandler                        0x0800422c   Section        0  tim.o(i.TIM2_IRQHandler)
    i.TIM6_DAC_IRQHandler                    0x08004258   Section        0  tim.o(i.TIM6_DAC_IRQHandler)
    i.TIM_ARRPreloadConfig                   0x08004288   Section        0  stm32f4xx_tim.o(i.TIM_ARRPreloadConfig)
    i.TIM_ClearFlag                          0x0800429c   Section        0  stm32f4xx_tim.o(i.TIM_ClearFlag)
    i.TIM_ClearITPendingBit                  0x080042a2   Section        0  stm32f4xx_tim.o(i.TIM_ClearITPendingBit)
    i.TIM_Cmd                                0x080042a8   Section        0  stm32f4xx_tim.o(i.TIM_Cmd)
    i.TIM_Config                             0x080042bc   Section        0  stm32util.o(i.TIM_Config)
    i.TIM_GetITStatus                        0x08004400   Section        0  stm32f4xx_tim.o(i.TIM_GetITStatus)
    i.TIM_ITConfig                           0x08004418   Section        0  stm32f4xx_tim.o(i.TIM_ITConfig)
    i.TIM_OC1Init                            0x08004428   Section        0  stm32f4xx_tim.o(i.TIM_OC1Init)
    i.TIM_OC1PreloadConfig                   0x08004488   Section        0  stm32f4xx_tim.o(i.TIM_OC1PreloadConfig)
    i.TIM_OC2Init                            0x08004494   Section        0  stm32f4xx_tim.o(i.TIM_OC2Init)
    i.TIM_OC2PreloadConfig                   0x08004514   Section        0  stm32f4xx_tim.o(i.TIM_OC2PreloadConfig)
    i.TIM_OC3Init                            0x08004528   Section        0  stm32f4xx_tim.o(i.TIM_OC3Init)
    i.TIM_OC3PreloadConfig                   0x080045a4   Section        0  stm32f4xx_tim.o(i.TIM_OC3PreloadConfig)
    i.TIM_OC4Init                            0x080045b0   Section        0  stm32f4xx_tim.o(i.TIM_OC4Init)
    i.TIM_OC4PreloadConfig                   0x08004610   Section        0  stm32f4xx_tim.o(i.TIM_OC4PreloadConfig)
    i.TIM_OC_Config                          0x08004624   Section        0  stm32util.o(i.TIM_OC_Config)
    i.TIM_TimeBaseInit                       0x080046a8   Section        0  stm32f4xx_tim.o(i.TIM_TimeBaseInit)
    i.TickTimCallback                        0x08004724   Section        0  tim_srv.o(i.TickTimCallback)
    i.TickTim_Config                         0x08004728   Section        0  tim.o(i.TickTim_Config)
    i.TickTim_Start                          0x0800474c   Section        0  tim.o(i.TickTim_Start)
    i.Tim_Config                             0x0800476e   Section        0  tim.o(i.Tim_Config)
    i.Tim_Start                              0x0800477c   Section        0  tim.o(i.Tim_Start)
    i.TtyRxCallback                          0x0800478a   Section        0  com_srv.o(i.TtyRxCallback)
    i.Tty_Config                             0x08004790   Section        0  tty.o(i.Tty_Config)
    i.Tty_Proc                               0x08004800   Section        0  com.o(i.Tty_Proc)
    i.Tty_ReadByte                           0x08004808   Section        0  tty.o(i.Tty_ReadByte)
    i.Tty_WriteByte                          0x0800484c   Section        0  tty.o(i.Tty_WriteByte)
    i.USART1_IRQHandler                      0x08004888   Section        0  rcv.o(i.USART1_IRQHandler)
    i.USART2_IRQHandler                      0x080048fc   Section        0  btm.o(i.USART2_IRQHandler)
    i.USART3_IRQHandler                      0x08004994   Section        0  dbi.o(i.USART3_IRQHandler)
    i.USART6_IRQHandler                      0x08004a2c   Section        0  tty.o(i.USART6_IRQHandler)
    i.USART_Bind                             0x08004ac4   Section        0  stm32util.o(i.USART_Bind)
    i.USART_Cmd                              0x080058a4   Section        0  stm32f4xx_usart.o(i.USART_Cmd)
    i.USART_Config                           0x080058b8   Section        0  stm32util.o(i.USART_Config)
    i.USART_DMACmd                           0x08005a48   Section        0  stm32f4xx_usart.o(i.USART_DMACmd)
    i.USART_GetITStatus                      0x08005a58   Section        0  stm32f4xx_usart.o(i.USART_GetITStatus)
    i.USART_ITConfig                         0x08005a96   Section        0  stm32f4xx_usart.o(i.USART_ITConfig)
    i.USART_Init                             0x08005ac8   Section        0  stm32f4xx_usart.o(i.USART_Init)
    i.USART_ReceiveData                      0x08005b74   Section        0  stm32f4xx_usart.o(i.USART_ReceiveData)
    i.USART_SendData                         0x08005b7c   Section        0  stm32f4xx_usart.o(i.USART_SendData)
    i.Upd_Init                               0x08005b84   Section        0  upd.o(i.Upd_Init)
    i.Upd_Proc                               0x08005b92   Section        0  upd.o(i.Upd_Proc)
    i.UsageFault_Handler                     0x08005bd6   Section        0  stm32f4xx_it.o(i.UsageFault_Handler)
    i.Wdg_Feed                               0x08005bd8   Section        0  wdg.o(i.Wdg_Feed)
    i.Wdg_Init                               0x08005be8   Section        0  wdg.o(i.Wdg_Init)
    i.Wdg_IsErrSet                           0x08005c14   Section        0  wdg.o(i.Wdg_IsErrSet)
    i.Wdg_Proc                               0x08005c20   Section        0  wdg.o(i.Wdg_Proc)
    i.Wsm_GetLastWorkingState                0x08005c64   Section        0  wsm.o(i.Wsm_GetLastWorkingState)
    i.Wsm_GetWorkingState                    0x08005c70   Section        0  wsm.o(i.Wsm_GetWorkingState)
    i.Wsm_Init                               0x08005c7c   Section        0  wsm.o(i.Wsm_Init)
    i.Wsm_Proc                               0x08005c8c   Section        0  wsm.o(i.Wsm_Proc)
    i.ZGyro_Process                          0x08005ce8   Section        0  can.o(i.ZGyro_Process)
    i.ZGyro_Ready                            0x08005d70   Section        0  can.o(i.ZGyro_Ready)
    i.ZGyro_Reset                            0x08005d80   Section        0  can.o(i.ZGyro_Reset)
    i.__0printf                              0x08005da8   Section        0  printfa.o(i.__0printf)
    i.__scatterload_copy                     0x08005dc8   Section       14  handlers.o(i.__scatterload_copy)
    i.__scatterload_null                     0x08005dd6   Section        2  handlers.o(i.__scatterload_null)
    i.__scatterload_zeroinit                 0x08005dd8   Section       14  handlers.o(i.__scatterload_zeroinit)
    i._fp_digits                             0x08005de8   Section        0  printfa.o(i._fp_digits)
    _fp_digits                               0x08005de9   Thumb Code   366  printfa.o(i._fp_digits)
    i._printf_core                           0x08005f6c   Section        0  printfa.o(i._printf_core)
    _printf_core                             0x08005f6d   Thumb Code  1744  printfa.o(i._printf_core)
    i._printf_post_padding                   0x08006648   Section        0  printfa.o(i._printf_post_padding)
    _printf_post_padding                     0x08006649   Thumb Code    36  printfa.o(i._printf_post_padding)
    i._printf_pre_padding                    0x0800666c   Section        0  printfa.o(i._printf_pre_padding)
    _printf_pre_padding                      0x0800666d   Thumb Code    46  printfa.o(i._printf_pre_padding)
    i.constrain                              0x0800669a   Section        0  fun.o(i.constrain)
    i.fputc                                  0x080066bc   Section        0  ios.o(i.fputc)
    i.getSchTask                             0x080066d4   Section        0  sch.o(i.getSchTask)
    getSchTask                               0x080066d5   Thumb Code    22  sch.o(i.getSchTask)
    i.main                                   0x080066f0   Section        0  main.o(i.main)
    i.malloc                                 0x08006710   Section        0  malloc.o(i.malloc)
    i.map                                    0x0800677c   Section        0  fun.o(i.map)
    i.newSchTask                             0x08006796   Section        0  sch.o(i.newSchTask)
    newSchTask                               0x08006797   Thumb Code    40  sch.o(i.newSchTask)
    .constdata                               0x080067c0   Section      444  cfg.o(.constdata)
    .constdata                               0x0800697c   Section       48  wdg.o(.constdata)
    .data                                    0x20000000   Section        8  sch.o(.data)
    first                                    0x20000000   Data           4  sch.o(.data)
    last                                     0x20000004   Data           4  sch.o(.data)
    .data                                    0x20000008   Section      148  cfg.o(.data)
    .data                                    0x2000009c   Section        4  clk.o(.data)
    us_tick                                  0x2000009c   Data           4  clk.o(.data)
    .data                                    0x200000a0   Section       32  ctl.o(.data)
    .data                                    0x200000c0   Section       16  hci.o(.data)
    lastRawMouseButtonStates                 0x200000c4   Data           2  hci.o(.data)
    lastMouseButtonStates                    0x200000c6   Data           2  hci.o(.data)
    mouseButtonPressedCounts                 0x200000c8   Data           8  hci.o(.data)
    .data                                    0x200000d0   Section        4  ini.o(.data)
    iniFlag                                  0x200000d0   Data           4  ini.o(.data)
    .data                                    0x200000d4   Section        8  ios.o(.data)
    .data                                    0x200000dc   Section       16  rci.o(.data)
    lastRawSwitchStates                      0x200000e0   Data           2  rci.o(.data)
    switchConfirmCounts                      0x200000e4   Data           8  rci.o(.data)
    .data                                    0x200000ec   Section       52  wdg.o(.data)
    err                                      0x200000ec   Data           4  wdg.o(.data)
    .data                                    0x20000120   Section        2  wsm.o(.data)
    workingState                             0x20000120   Data           1  wsm.o(.data)
    lastWorkingState                         0x20000121   Data           1  wsm.o(.data)
    .data                                    0x20000122   Section       16  stm32f4xx_rcc.o(.data)
    APBAHBPrescTable                         0x20000122   Data          16  stm32f4xx_rcc.o(.data)
    .data                                    0x20000134   Section        4  stdout.o(.data)
    .data                                    0x20000138   Section        4  mvars.o(.data)
    .data                                    0x2000013c   Section        4  mvars.o(.data)
    .bss                                     0x20000140   Section      692  can.o(.bss)
    .bss                                     0x200003f4   Section       32  cmd.o(.bss)
    .bss                                     0x20000414   Section      180  ctl.o(.bss)
    .bss                                     0x200004c8   Section       22  dci.o(.bss)
    .bss                                     0x200004e0   Section      168  hci.o(.bss)
    fx                                       0x200004e0   Data          16  hci.o(.bss)
    fy                                       0x200004f0   Data          16  hci.o(.bss)
    fz                                       0x20000500   Data          16  hci.o(.bss)
    buf                                      0x20000510   Data         120  hci.o(.bss)
    .bss                                     0x20000588   Section       20  mec.o(.bss)
    .bss                                     0x2000059c   Section       76  odo.o(.bss)
    .bss                                     0x200005e8   Section      552  btm.o(.bss)
    rx_fifo                                  0x200005e8   Data          20  btm.o(.bss)
    tx_fifo                                  0x200005fc   Data          20  btm.o(.bss)
    rx_buf                                   0x20000610   Data         256  btm.o(.bss)
    tx_buf                                   0x20000710   Data         256  btm.o(.bss)
    .bss                                     0x20000810   Section      552  dbi.o(.bss)
    rx_fifo                                  0x20000810   Data          20  dbi.o(.bss)
    tx_fifo                                  0x20000824   Data          20  dbi.o(.bss)
    rx_buf                                   0x20000838   Data         256  dbi.o(.bss)
    tx_buf                                   0x20000938   Data         256  dbi.o(.bss)
    .bss                                     0x20000a38   Section       72  rcv.o(.bss)
    buf                                      0x20000a38   Data          72  rcv.o(.bss)
    .bss                                     0x20000a80   Section      552  tty.o(.bss)
    rx_fifo                                  0x20000a80   Data          20  tty.o(.bss)
    tx_fifo                                  0x20000a94   Data          20  tty.o(.bss)
    rx_buf                                   0x20000aa8   Data         256  tty.o(.bss)
    tx_buf                                   0x20000ba8   Data         256  tty.o(.bss)
    HEAP                                     0x20000ca8   Section     4096  startup_stm32f427xx.o(HEAP)
    STACK                                    0x20001ca8   Section     1024  startup_stm32f427xx.o(STACK)

    Global Symbols

    Symbol Name                              Value     Ov Type        Size  Object(Section)

    BuildAttributes$$THM_ISAv4$E$P$D$K$B$S$7EM$VFPi3$EXTD16$VFPS$VFMA$PE$A:L22UL41UL21$X:L11$S22US41US21$IEEE1$IW$USESV6$~STKCKD$USESV7$~SHL$OTIME$ROPI$IEEEX$EBA8$MICROLIB$REQ8$PRES8$EABIv2 0x00000000   Number         0  anon$$obj.o ABSOLUTE
    __ARM_use_no_argv                        0x00000000   Number         0  main.o ABSOLUTE
    _printf_a                                0x00000000   Number         0  stubs.o ABSOLUTE
    _printf_c                                0x00000000   Number         0  stubs.o ABSOLUTE
    _printf_charcount                        0x00000000   Number         0  stubs.o ABSOLUTE
    _printf_d                                0x00000000   Number         0  stubs.o ABSOLUTE
    _printf_e                                0x00000000   Number         0  stubs.o ABSOLUTE
    _printf_f                                0x00000000   Number         0  stubs.o ABSOLUTE
    _printf_flags                            0x00000000   Number         0  stubs.o ABSOLUTE
    _printf_fp_dec                           0x00000000   Number         0  stubs.o ABSOLUTE
    _printf_fp_hex                           0x00000000   Number         0  stubs.o ABSOLUTE
    _printf_g                                0x00000000   Number         0  stubs.o ABSOLUTE
    _printf_i                                0x00000000   Number         0  stubs.o ABSOLUTE
    _printf_int_dec                          0x00000000   Number         0  stubs.o ABSOLUTE
    _printf_l                                0x00000000   Number         0  stubs.o ABSOLUTE
    _printf_lc                               0x00000000   Number         0  stubs.o ABSOLUTE
    _printf_ll                               0x00000000   Number         0  stubs.o ABSOLUTE
    _printf_lld                              0x00000000   Number         0  stubs.o ABSOLUTE
    _printf_lli                              0x00000000   Number         0  stubs.o ABSOLUTE
    _printf_llo                              0x00000000   Number         0  stubs.o ABSOLUTE
    _printf_llu                              0x00000000   Number         0  stubs.o ABSOLUTE
    _printf_llx                              0x00000000   Number         0  stubs.o ABSOLUTE
    _printf_longlong_dec                     0x00000000   Number         0  stubs.o ABSOLUTE
    _printf_longlong_hex                     0x00000000   Number         0  stubs.o ABSOLUTE
    _printf_longlong_oct                     0x00000000   Number         0  stubs.o ABSOLUTE
    _printf_ls                               0x00000000   Number         0  stubs.o ABSOLUTE
    _printf_mbtowc                           0x00000000   Number         0  stubs.o ABSOLUTE
    _printf_n                                0x00000000   Number         0  stubs.o ABSOLUTE
    _printf_o                                0x00000000   Number         0  stubs.o ABSOLUTE
    _printf_p                                0x00000000   Number         0  stubs.o ABSOLUTE
    _printf_percent                          0x00000000   Number         0  stubs.o ABSOLUTE
    _printf_pre_padding                      0x00000000   Number         0  stubs.o ABSOLUTE
    _printf_return_value                     0x00000000   Number         0  stubs.o ABSOLUTE
    _printf_s                                0x00000000   Number         0  stubs.o ABSOLUTE
    _printf_sizespec                         0x00000000   Number         0  stubs.o ABSOLUTE
    _printf_str                              0x00000000   Number         0  stubs.o ABSOLUTE
    _printf_truncate_signed                  0x00000000   Number         0  stubs.o ABSOLUTE
    _printf_truncate_unsigned                0x00000000   Number         0  stubs.o ABSOLUTE
    _printf_u                                0x00000000   Number         0  stubs.o ABSOLUTE
    _printf_wc                               0x00000000   Number         0  stubs.o ABSOLUTE
    _printf_wctomb                           0x00000000   Number         0  stubs.o ABSOLUTE
    _printf_widthprec                        0x00000000   Number         0  stubs.o ABSOLUTE
    _printf_x                                0x00000000   Number         0  stubs.o ABSOLUTE
    __cpp_initialize__aeabi_                  - Undefined Weak Reference
    __cxa_finalize                            - Undefined Weak Reference
    _clock_init                               - Undefined Weak Reference
    _microlib_exit                            - Undefined Weak Reference
    __Vectors_Size                           0x000001ac   Number         0  startup_stm32f427xx.o ABSOLUTE
    __Vectors                                0x08000000   Data           4  startup_stm32f427xx.o(RESET)
    __Vectors_End                            0x080001ac   Data           0  startup_stm32f427xx.o(RESET)
    __main                                   0x080001ad   Thumb Code     0  entry.o(.ARM.Collect$$$$00000000)
    _main_stk                                0x080001ad   Thumb Code     0  entry2.o(.ARM.Collect$$$$00000001)
    _main_scatterload                        0x080001b1   Thumb Code     0  entry5.o(.ARM.Collect$$$$00000004)
    __main_after_scatterload                 0x080001b5   Thumb Code     0  entry5.o(.ARM.Collect$$$$00000004)
    _main_clock                              0x080001b5   Thumb Code     0  entry7b.o(.ARM.Collect$$$$00000008)
    _main_cpp_init                           0x080001b5   Thumb Code     0  entry8b.o(.ARM.Collect$$$$0000000A)
    _main_init                               0x080001b5   Thumb Code     0  entry9a.o(.ARM.Collect$$$$0000000B)
    __rt_final_cpp                           0x080001bd   Thumb Code     0  entry10a.o(.ARM.Collect$$$$0000000D)
    __rt_final_exit                          0x080001bd   Thumb Code     0  entry11a.o(.ARM.Collect$$$$0000000F)
    Reset_Handler                            0x080001c1   Thumb Code     8  startup_stm32f427xx.o(.text)
    SysTick_Handler                          0x080001d9   Thumb Code     2  startup_stm32f427xx.o(.text)
    ADC_IRQHandler                           0x080001db   Thumb Code     0  startup_stm32f427xx.o(.text)
    CAN1_RX1_IRQHandler                      0x080001db   Thumb Code     0  startup_stm32f427xx.o(.text)
    CAN1_SCE_IRQHandler                      0x080001db   Thumb Code     0  startup_stm32f427xx.o(.text)
    CAN2_RX1_IRQHandler                      0x080001db   Thumb Code     0  startup_stm32f427xx.o(.text)
    CAN2_SCE_IRQHandler                      0x080001db   Thumb Code     0  startup_stm32f427xx.o(.text)
    DCMI_IRQHandler                          0x080001db   Thumb Code     0  startup_stm32f427xx.o(.text)
    DMA1_Stream0_IRQHandler                  0x080001db   Thumb Code     0  startup_stm32f427xx.o(.text)
    DMA1_Stream1_IRQHandler                  0x080001db   Thumb Code     0  startup_stm32f427xx.o(.text)
    DMA1_Stream2_IRQHandler                  0x080001db   Thumb Code     0  startup_stm32f427xx.o(.text)
    DMA1_Stream3_IRQHandler                  0x080001db   Thumb Code     0  startup_stm32f427xx.o(.text)
    DMA1_Stream4_IRQHandler                  0x080001db   Thumb Code     0  startup_stm32f427xx.o(.text)
    DMA1_Stream5_IRQHandler                  0x080001db   Thumb Code     0  startup_stm32f427xx.o(.text)
    DMA1_Stream6_IRQHandler                  0x080001db   Thumb Code     0  startup_stm32f427xx.o(.text)
    DMA1_Stream7_IRQHandler                  0x080001db   Thumb Code     0  startup_stm32f427xx.o(.text)
    DMA2D_IRQHandler                         0x080001db   Thumb Code     0  startup_stm32f427xx.o(.text)
    DMA2_Stream0_IRQHandler                  0x080001db   Thumb Code     0  startup_stm32f427xx.o(.text)
    DMA2_Stream1_IRQHandler                  0x080001db   Thumb Code     0  startup_stm32f427xx.o(.text)
    DMA2_Stream2_IRQHandler                  0x080001db   Thumb Code     0  startup_stm32f427xx.o(.text)
    DMA2_Stream3_IRQHandler                  0x080001db   Thumb Code     0  startup_stm32f427xx.o(.text)
    DMA2_Stream4_IRQHandler                  0x080001db   Thumb Code     0  startup_stm32f427xx.o(.text)
    DMA2_Stream5_IRQHandler                  0x080001db   Thumb Code     0  startup_stm32f427xx.o(.text)
    DMA2_Stream6_IRQHandler                  0x080001db   Thumb Code     0  startup_stm32f427xx.o(.text)
    DMA2_Stream7_IRQHandler                  0x080001db   Thumb Code     0  startup_stm32f427xx.o(.text)
    ETH_IRQHandler                           0x080001db   Thumb Code     0  startup_stm32f427xx.o(.text)
    ETH_WKUP_IRQHandler                      0x080001db   Thumb Code     0  startup_stm32f427xx.o(.text)
    EXTI0_IRQHandler                         0x080001db   Thumb Code     0  startup_stm32f427xx.o(.text)
    EXTI15_10_IRQHandler                     0x080001db   Thumb Code     0  startup_stm32f427xx.o(.text)
    EXTI1_IRQHandler                         0x080001db   Thumb Code     0  startup_stm32f427xx.o(.text)
    EXTI2_IRQHandler                         0x080001db   Thumb Code     0  startup_stm32f427xx.o(.text)
    EXTI3_IRQHandler                         0x080001db   Thumb Code     0  startup_stm32f427xx.o(.text)
    EXTI4_IRQHandler                         0x080001db   Thumb Code     0  startup_stm32f427xx.o(.text)
    EXTI9_5_IRQHandler                       0x080001db   Thumb Code     0  startup_stm32f427xx.o(.text)
    FLASH_IRQHandler                         0x080001db   Thumb Code     0  startup_stm32f427xx.o(.text)
    FMC_IRQHandler                           0x080001db   Thumb Code     0  startup_stm32f427xx.o(.text)
    FPU_IRQHandler                           0x080001db   Thumb Code     0  startup_stm32f427xx.o(.text)
    HASH_RNG_IRQHandler                      0x080001db   Thumb Code     0  startup_stm32f427xx.o(.text)
    I2C1_ER_IRQHandler                       0x080001db   Thumb Code     0  startup_stm32f427xx.o(.text)
    I2C1_EV_IRQHandler                       0x080001db   Thumb Code     0  startup_stm32f427xx.o(.text)
    I2C2_ER_IRQHandler                       0x080001db   Thumb Code     0  startup_stm32f427xx.o(.text)
    I2C2_EV_IRQHandler                       0x080001db   Thumb Code     0  startup_stm32f427xx.o(.text)
    I2C3_ER_IRQHandler                       0x080001db   Thumb Code     0  startup_stm32f427xx.o(.text)
    I2C3_EV_IRQHandler                       0x080001db   Thumb Code     0  startup_stm32f427xx.o(.text)
    OTG_FS_IRQHandler                        0x080001db   Thumb Code     0  startup_stm32f427xx.o(.text)
    OTG_FS_WKUP_IRQHandler                   0x080001db   Thumb Code     0  startup_stm32f427xx.o(.text)
    OTG_HS_EP1_IN_IRQHandler                 0x080001db   Thumb Code     0  startup_stm32f427xx.o(.text)
    OTG_HS_EP1_OUT_IRQHandler                0x080001db   Thumb Code     0  startup_stm32f427xx.o(.text)
    OTG_HS_IRQHandler                        0x080001db   Thumb Code     0  startup_stm32f427xx.o(.text)
    OTG_HS_WKUP_IRQHandler                   0x080001db   Thumb Code     0  startup_stm32f427xx.o(.text)
    PVD_IRQHandler                           0x080001db   Thumb Code     0  startup_stm32f427xx.o(.text)
    RCC_IRQHandler                           0x080001db   Thumb Code     0  startup_stm32f427xx.o(.text)
    RTC_Alarm_IRQHandler                     0x080001db   Thumb Code     0  startup_stm32f427xx.o(.text)
    RTC_WKUP_IRQHandler                      0x080001db   Thumb Code     0  startup_stm32f427xx.o(.text)
    SAI1_IRQHandler                          0x080001db   Thumb Code     0  startup_stm32f427xx.o(.text)
    SDIO_IRQHandler                          0x080001db   Thumb Code     0  startup_stm32f427xx.o(.text)
    SPI1_IRQHandler                          0x080001db   Thumb Code     0  startup_stm32f427xx.o(.text)
    SPI2_IRQHandler                          0x080001db   Thumb Code     0  startup_stm32f427xx.o(.text)
    SPI3_IRQHandler                          0x080001db   Thumb Code     0  startup_stm32f427xx.o(.text)
    SPI4_IRQHandler                          0x080001db   Thumb Code     0  startup_stm32f427xx.o(.text)
    SPI5_IRQHandler                          0x080001db   Thumb Code     0  startup_stm32f427xx.o(.text)
    SPI6_IRQHandler                          0x080001db   Thumb Code     0  startup_stm32f427xx.o(.text)
    TAMP_STAMP_IRQHandler                    0x080001db   Thumb Code     0  startup_stm32f427xx.o(.text)
    TIM1_BRK_TIM9_IRQHandler                 0x080001db   Thumb Code     0  startup_stm32f427xx.o(.text)
    TIM1_CC_IRQHandler                       0x080001db   Thumb Code     0  startup_stm32f427xx.o(.text)
    TIM1_TRG_COM_TIM11_IRQHandler            0x080001db   Thumb Code     0  startup_stm32f427xx.o(.text)
    TIM1_UP_TIM10_IRQHandler                 0x080001db   Thumb Code     0  startup_stm32f427xx.o(.text)
    TIM3_IRQHandler                          0x080001db   Thumb Code     0  startup_stm32f427xx.o(.text)
    TIM4_IRQHandler                          0x080001db   Thumb Code     0  startup_stm32f427xx.o(.text)
    TIM5_IRQHandler                          0x080001db   Thumb Code     0  startup_stm32f427xx.o(.text)
    TIM7_IRQHandler                          0x080001db   Thumb Code     0  startup_stm32f427xx.o(.text)
    TIM8_BRK_TIM12_IRQHandler                0x080001db   Thumb Code     0  startup_stm32f427xx.o(.text)
    TIM8_CC_IRQHandler                       0x080001db   Thumb Code     0  startup_stm32f427xx.o(.text)
    TIM8_TRG_COM_TIM14_IRQHandler            0x080001db   Thumb Code     0  startup_stm32f427xx.o(.text)
    TIM8_UP_TIM13_IRQHandler                 0x080001db   Thumb Code     0  startup_stm32f427xx.o(.text)
    UART4_IRQHandler                         0x080001db   Thumb Code     0  startup_stm32f427xx.o(.text)
    UART5_IRQHandler                         0x080001db   Thumb Code     0  startup_stm32f427xx.o(.text)
    UART7_IRQHandler                         0x080001db   Thumb Code     0  startup_stm32f427xx.o(.text)
    UART8_IRQHandler                         0x080001db   Thumb Code     0  startup_stm32f427xx.o(.text)
    WWDG_IRQHandler                          0x080001db   Thumb Code     0  startup_stm32f427xx.o(.text)
    __aeabi_memcpy                           0x080001e5   Thumb Code    36  memcpya.o(.text)
    __aeabi_memcpy4                          0x080001e5   Thumb Code     0  memcpya.o(.text)
    __aeabi_memcpy8                          0x080001e5   Thumb Code     0  memcpya.o(.text)
    __aeabi_memset                           0x08000209   Thumb Code    14  memseta.o(.text)
    __aeabi_memset4                          0x08000209   Thumb Code     0  memseta.o(.text)
    __aeabi_memset8                          0x08000209   Thumb Code     0  memseta.o(.text)
    __aeabi_memclr                           0x08000217   Thumb Code     4  memseta.o(.text)
    __aeabi_memclr4                          0x08000217   Thumb Code     0  memseta.o(.text)
    __aeabi_memclr8                          0x08000217   Thumb Code     0  memseta.o(.text)
    _memset$wrapper                          0x0800021b   Thumb Code    18  memseta.o(.text)
    __aeabi_dmul                             0x0800022d   Thumb Code   228  dmul.o(.text)
    __aeabi_ddiv                             0x08000311   Thumb Code   222  ddiv.o(.text)
    __aeabi_f2d                              0x080003ef   Thumb Code    38  f2d.o(.text)
    __aeabi_uidiv                            0x08000415   Thumb Code     0  uidiv.o(.text)
    __aeabi_uidivmod                         0x08000415   Thumb Code    44  uidiv.o(.text)
    __aeabi_uldivmod                         0x08000441   Thumb Code    98  uldiv.o(.text)
    __I$use$fp                               0x080004a3   Thumb Code     0  iusefp.o(.text)
    _double_round                            0x080004a3   Thumb Code    30  depilogue.o(.text)
    _double_epilogue                         0x080004c1   Thumb Code   156  depilogue.o(.text)
    __aeabi_dadd                             0x0800055d   Thumb Code   322  dadd.o(.text)
    __aeabi_dsub                             0x0800069f   Thumb Code     6  dadd.o(.text)
    __aeabi_drsub                            0x080006a5   Thumb Code     6  dadd.o(.text)
    __aeabi_d2ulz                            0x080006ab   Thumb Code    48  dfixul.o(.text)
    __aeabi_cdrcmple                         0x080006dd   Thumb Code    48  cdrcmple.o(.text)
    __scatterload                            0x0800070d   Thumb Code    28  init.o(.text)
    __scatterload_rt2                        0x0800070d   Thumb Code     0  init.o(.text)
    __aeabi_llsl                             0x08000731   Thumb Code    30  llshl.o(.text)
    _ll_shift_l                              0x08000731   Thumb Code     0  llshl.o(.text)
    __aeabi_llsr                             0x0800074f   Thumb Code    32  llushr.o(.text)
    _ll_ushift_r                             0x0800074f   Thumb Code     0  llushr.o(.text)
    __aeabi_lasr                             0x0800076f   Thumb Code    36  llsshr.o(.text)
    _ll_sshift_r                             0x0800076f   Thumb Code     0  llsshr.o(.text)
    __decompress                             0x08000793   Thumb Code     0  __dczerorl2.o(.text)
    __decompress1                            0x08000793   Thumb Code    86  __dczerorl2.o(.text)
    Act_Init                                 0x080007e9   Thumb Code    34  act.o(i.Act_Init)
    Act_Proc                                 0x08000811   Thumb Code   126  act.o(i.Act_Proc)
    App_Init                                 0x080008a1   Thumb Code    42  app.o(i.App_Init)
    App_Proc                                 0x080008cb   Thumb Code    22  app.o(i.App_Proc)
    Bsp_Config                               0x080008e1   Thumb Code    64  bsp.o(i.Bsp_Config)
    BtmRxCallback                            0x08000925   Thumb Code     4  com_srv.o(i.BtmRxCallback)
    Btm_Config                               0x08000929   Thumb Code    94  btm.o(i.Btm_Config)
    Btm_Proc                                 0x08000999   Thumb Code     6  com.o(i.Btm_Proc)
    Btm_ReadByte                             0x080009a1   Thumb Code    60  btm.o(i.Btm_ReadByte)
    Btm_WriteByte                            0x080009e5   Thumb Code    50  btm.o(i.Btm_WriteByte)
    Btn_Config                               0x08000a21   Thumb Code     6  btn.o(i.Btn_Config)
    BusFault_Handler                         0x08000a2d   Thumb Code     2  stm32f4xx_it.o(i.BusFault_Handler)
    CAN1_RX0_IRQHandler                      0x08000a31   Thumb Code    58  can1.o(i.CAN1_RX0_IRQHandler)
    CAN1_TX_IRQHandler                       0x08000a75   Thumb Code    30  can1.o(i.CAN1_TX_IRQHandler)
    CAN2_RX0_IRQHandler                      0x08000a99   Thumb Code    58  can2.o(i.CAN2_RX0_IRQHandler)
    CAN2_TX_IRQHandler                       0x08000add   Thumb Code    30  can2.o(i.CAN2_TX_IRQHandler)
    CAN_ClearFlag                            0x08000b01   Thumb Code    44  stm32f4xx_can.o(i.CAN_ClearFlag)
    CAN_ClearITPendingBit                    0x08000b31   Thumb Code   116  stm32f4xx_can.o(i.CAN_ClearITPendingBit)
    CAN_Config                               0x08000ba9   Thumb Code    98  stm32util.o(i.CAN_Config)
    CAN_FilterInit                           0x08000c15   Thumb Code   194  stm32f4xx_can.o(i.CAN_FilterInit)
    CAN_Filter_Config                        0x08000ce1   Thumb Code    54  stm32util.o(i.CAN_Filter_Config)
    CAN_GetITStatus                          0x08000d19   Thumb Code   162  stm32f4xx_can.o(i.CAN_GetITStatus)
    CAN_ITConfig                             0x08000dc1   Thumb Code    16  stm32f4xx_can.o(i.CAN_ITConfig)
    CAN_Init                                 0x08000dd1   Thumb Code   232  stm32f4xx_can.o(i.CAN_Init)
    CAN_Receive                              0x08000eb9   Thumb Code   144  stm32f4xx_can.o(i.CAN_Receive)
    CAN_Transmit                             0x08000f49   Thumb Code   164  stm32f4xx_can.o(i.CAN_Transmit)
    CM_Cmd                                   0x08000fed   Thumb Code    78  motor.o(i.CM_Cmd)
    CS_Set                                   0x0800103b   Thumb Code     6  sys.o(i.CS_Set)
    Can1RxCallback                           0x08001041   Thumb Code     4  can_srv.o(i.Can1RxCallback)
    Can1_Config                              0x08001045   Thumb Code   102  can1.o(i.Can1_Config)
    Can2RxCallback                           0x080010b5   Thumb Code     4  can_srv.o(i.Can2RxCallback)
    Can2_Config                              0x080010b9   Thumb Code   104  can2.o(i.Can2_Config)
    Can_Init                                 0x08001129   Thumb Code    44  can.o(i.Can_Init)
    Can_Proc                                 0x08001159   Thumb Code   168  can.o(i.Can_Proc)
    Cfg_GetFlag                              0x0800120d   Thumb Code     8  cfg.o(i.Cfg_GetFlag)
    Cfg_Init                                 0x08001219   Thumb Code   210  cfg.o(i.Cfg_Init)
    Cfg_Load                                 0x080012f5   Thumb Code     6  cfg.o(i.Cfg_Load)
    Clk_GetMsTick                            0x080013b9   Thumb Code    14  clk.o(i.Clk_GetMsTick)
    Clk_Init                                 0x080013cd   Thumb Code     8  clk.o(i.Clk_Init)
    Clk_Spin                                 0x080013d9   Thumb Code    10  clk.o(i.Clk_Spin)
    Cmd_Init                                 0x080013e9   Thumb Code    74  cmd.o(i.Cmd_Init)
    Cmd_Proc                                 0x0800143d   Thumb Code   134  cmd.o(i.Cmd_Proc)
    Com_Init                                 0x080014cd   Thumb Code     2  com.o(i.Com_Init)
    Ctl_Init                                 0x080014d1   Thumb Code   168  ctl.o(i.Ctl_Init)
    Ctl_Proc                                 0x08001585   Thumb Code    30  ctl.o(i.Ctl_Proc)
    DBUS_Dec                                 0x080015ad   Thumb Code    24  dbus.o(i.DBUS_Dec)
    DBUS_Rst                                 0x080015c5   Thumb Code    20  dbus.o(i.DBUS_Rst)
    DMA_Cmd                                  0x080015d9   Thumb Code    20  stm32f4xx_dma.o(i.DMA_Cmd)
    DMA_Config                               0x080015ed   Thumb Code   100  stm32util.o(i.DMA_Config)
    DMA_DoubleBufferModeCmd                  0x08001659   Thumb Code    20  stm32f4xx_dma.o(i.DMA_DoubleBufferModeCmd)
    DMA_DoubleBufferModeConfig               0x0800166d   Thumb Code    22  stm32f4xx_dma.o(i.DMA_DoubleBufferModeConfig)
    DMA_GetCurrDataCounter                   0x08001683   Thumb Code     6  stm32f4xx_dma.o(i.DMA_GetCurrDataCounter)
    DMA_GetCurrentMemoryTarget               0x08001689   Thumb Code    14  stm32f4xx_dma.o(i.DMA_GetCurrentMemoryTarget)
    DMA_Init                                 0x08001699   Thumb Code    80  stm32f4xx_dma.o(i.DMA_Init)
    Dbg_Odo                                  0x080016ed   Thumb Code   112  dbg.o(i.Dbg_Odo)
    DbiRxCallback                            0x08001795   Thumb Code     4  com_srv.o(i.DbiRxCallback)
    Dbi_Config                               0x08001799   Thumb Code    94  dbi.o(i.Dbi_Config)
    Dbi_Proc                                 0x08001809   Thumb Code     6  com.o(i.Dbi_Proc)
    Dbi_ReadByte                             0x08001811   Thumb Code    60  dbi.o(i.Dbi_ReadByte)
    Dbi_WriteByte                            0x08001855   Thumb Code    50  dbi.o(i.Dbi_WriteByte)
    Dci_Init                                 0x08001891   Thumb Code    20  dci.o(i.Dci_Init)
    Dci_Proc                                 0x080018a9   Thumb Code    72  dci.o(i.Dci_Proc)
    DebugMon_Handler                         0x080018f9   Thumb Code     2  stm32f4xx_it.o(i.DebugMon_Handler)
    Ekf_Init                                 0x080018fb   Thumb Code     8  ekf.o(i.Ekf_Init)
    Ekf_Proc                                 0x08001903   Thumb Code    74  ekf.o(i.Ekf_Proc)
    Ekf_Reset                                0x0800194d   Thumb Code    22  ekf.o(i.Ekf_Reset)
    Ekf_SetE                                 0x08001969   Thumb Code     6  ekf.o(i.Ekf_SetE)
    FIFO_Flush                               0x0800196f   Thumb Code    22  fifo.o(i.FIFO_Flush)
    FIFO_Init                                0x08001985   Thumb Code     8  fifo.o(i.FIFO_Init)
    FIFO_IsEmpty                             0x0800198d   Thumb Code    12  fifo.o(i.FIFO_IsEmpty)
    FIFO_IsFull                              0x08001999   Thumb Code    16  fifo.o(i.FIFO_IsFull)
    FIFO_Pop                                 0x080019a9   Thumb Code    52  fifo.o(i.FIFO_Pop)
    FIFO_Push                                0x080019dd   Thumb Code    58  fifo.o(i.FIFO_Push)
    FS_Clr                                   0x08001a17   Thumb Code     4  sys.o(i.FS_Clr)
    FS_Cpy                                   0x08001a1b   Thumb Code     4  sys.o(i.FS_Cpy)
    FS_Det                                   0x08001a1f   Thumb Code     4  sys.o(i.FS_Det)
    FS_Get                                   0x08001a23   Thumb Code     4  sys.o(i.FS_Get)
    Flag_Clr                                 0x08001a27   Thumb Code     8  fun.o(i.Flag_Clr)
    Flag_Cpy                                 0x08001a2f   Thumb Code    38  fun.o(i.Flag_Cpy)
    Flag_Det                                 0x08001a55   Thumb Code    14  fun.o(i.Flag_Det)
    Flag_Get                                 0x08001a63   Thumb Code     6  fun.o(i.Flag_Get)
    Flash_Read                               0x08001a69   Thumb Code    22  flash.o(i.Flash_Read)
    Fos_Read                                 0x08001a81   Thumb Code    10  fos.o(i.Fos_Read)
    GM_Cmd                                   0x08001a91   Thumb Code    72  motor.o(i.GM_Cmd)
    GPIO_AF                                  0x08001ad9   Thumb Code    40  stm32util.o(i.GPIO_AF)
    GPIO_Config                              0x08001b01   Thumb Code   236  stm32util.o(i.GPIO_Config)
    GPIO_In                                  0x08001c19   Thumb Code    16  stm32util.o(i.GPIO_In)
    GPIO_Init                                0x08001c29   Thumb Code   162  stm32f4xx_gpio.o(i.GPIO_Init)
    GPIO_Out                                 0x08001ccb   Thumb Code    18  stm32util.o(i.GPIO_Out)
    GPIO_PinAFConfig                         0x08001cdd   Thumb Code    32  stm32f4xx_gpio.o(i.GPIO_PinAFConfig)
    GPIO_ReadOutputDataBit                   0x08001cfd   Thumb Code    14  stm32f4xx_gpio.o(i.GPIO_ReadOutputDataBit)
    GPIO_ResetBits                           0x08001d0b   Thumb Code     4  stm32f4xx_gpio.o(i.GPIO_ResetBits)
    GPIO_SetBits                             0x08001d0f   Thumb Code     4  stm32f4xx_gpio.o(i.GPIO_SetBits)
    GetSwitchEvents                          0x08001edd   Thumb Code    30  rci.o(i.GetSwitchEvents)
    GetSwitchStates                          0x08001f01   Thumb Code    60  rci.o(i.GetSwitchStates)
    HCP_Dec                                  0x08001f41   Thumb Code    30  hcp.o(i.HCP_Dec)
    HCP_Rst                                  0x08001f5f   Thumb Code    28  hcp.o(i.HCP_Rst)
    HardFault_Handler                        0x08001f7b   Thumb Code     2  stm32f4xx_it.o(i.HardFault_Handler)
    Hci_Init                                 0x08001f7d   Thumb Code    78  hci.o(i.Hci_Init)
    Hci_Proc                                 0x08001fd5   Thumb Code    18  hci.o(i.Hci_Proc)
    Ini_GetFlag                              0x08001ff5   Thumb Code     8  ini.o(i.Ini_GetFlag)
    Ini_Init                                 0x08002001   Thumb Code     8  ini.o(i.Ini_Init)
    Ini_Proc                                 0x0800200d   Thumb Code    98  ini.o(i.Ini_Proc)
    Ios_GetByte                              0x0800207d   Thumb Code    54  ios.o(i.Ios_GetByte)
    Ios_Init                                 0x080020b5   Thumb Code    18  ios.o(i.Ios_Init)
    Ios_PutByte                              0x080020d1   Thumb Code    24  ios.o(i.Ios_PutByte)
    Ios_SetIn                                0x080020e9   Thumb Code    10  ios.o(i.Ios_SetIn)
    Ios_SetOut                               0x080020f9   Thumb Code    10  ios.o(i.Ios_SetOut)
    KOS_Boot                                 0x08002109   Thumb Code    30  kos.o(i.KOS_Boot)
    Led_Config                               0x0800212d   Thumb Code    40  led.o(i.Led_Config)
    MS_Set                                   0x0800215d   Thumb Code     6  sys.o(i.MS_Set)
    Maf_Init                                 0x08002163   Thumb Code     8  maf.o(i.Maf_Init)
    Maf_Proc                                 0x0800216b   Thumb Code    66  maf.o(i.Maf_Proc)
    Maf_Reset                                0x080021ad   Thumb Code    28  maf.o(i.Maf_Reset)
    Mec_Config                               0x080021cd   Thumb Code     6  mec.o(i.Mec_Config)
    Mec_Decomp                               0x080021d9   Thumb Code    10  mec.o(i.Mec_Decomp)
    Mec_Init                                 0x080021e9   Thumb Code    10  mec.o(i.Mec_Init)
    Mec_Synthe                               0x080021f9   Thumb Code    10  mec.o(i.Mec_Synthe)
    Mecanum_Config                           0x08002209   Thumb Code    50  mecanum.o(i.Mecanum_Config)
    Mecanum_Decomp                           0x0800223b   Thumb Code   142  mecanum.o(i.Mecanum_Decomp)
    Mecanum_Synthe                           0x080022c9   Thumb Code   114  mecanum.o(i.Mecanum_Synthe)
    MemManage_Handler                        0x0800233b   Thumb Code     2  stm32f4xx_it.o(i.MemManage_Handler)
    Motor_Process                            0x0800233d   Thumb Code   316  can.o(i.Motor_Process)
    Motor_Ready                              0x08002499   Thumb Code    14  can.o(i.Motor_Ready)
    Motor_Reset                              0x080024a9   Thumb Code    78  can.o(i.Motor_Reset)
    NMI_Handler                              0x080024fd   Thumb Code     2  stm32f4xx_it.o(i.NMI_Handler)
    NVIC_Config                              0x080024ff   Thumb Code    28  stm32util.o(i.NVIC_Config)
    NVIC_Init                                0x0800251d   Thumb Code    96  misc.o(i.NVIC_Init)
    NVIC_PriorityGroupConfig                 0x08002581   Thumb Code    10  misc.o(i.NVIC_PriorityGroupConfig)
    Odo_Init                                 0x08002595   Thumb Code   142  odo.o(i.Odo_Init)
    Odo_Proc                                 0x0800262d   Thumb Code   200  odo.o(i.Odo_Proc)
    PID_Calc                                 0x08002705   Thumb Code   218  pid.o(i.PID_Calc)
    PID_Config                               0x080027e5   Thumb Code     6  pid.o(i.PID_Config)
    PID_Reset                                0x080027fd   Thumb Code    14  pid.o(i.PID_Reset)
    PWM_Bind                                 0x08002811   Thumb Code  5436  stm32util.o(i.PWM_Bind)
    PendSV_Handler                           0x08003d55   Thumb Code     2  stm32f4xx_it.o(i.PendSV_Handler)
    Pwm_Config                               0x08003d59   Thumb Code    66  pwm.o(i.Pwm_Config)
    RCC_AHB1PeriphClockCmd                   0x08003da5   Thumb Code    18  stm32f4xx_rcc.o(i.RCC_AHB1PeriphClockCmd)
    RCC_APB1PeriphClockCmd                   0x08003dbd   Thumb Code    18  stm32f4xx_rcc.o(i.RCC_APB1PeriphClockCmd)
    RCC_APB2PeriphClockCmd                   0x08003dd5   Thumb Code    18  stm32f4xx_rcc.o(i.RCC_APB2PeriphClockCmd)
    RCC_GetClocksFreq                        0x08003ded   Thumb Code   132  stm32f4xx_rcc.o(i.RCC_GetClocksFreq)
    RCP_Dec                                  0x08003e81   Thumb Code    78  rcp.o(i.RCP_Dec)
    RCP_Rst                                  0x08003ed1   Thumb Code    38  rcp.o(i.RCP_Rst)
    Rci_Init                                 0x08003ef9   Thumb Code    36  rci.o(i.Rci_Init)
    Rci_Proc                                 0x08003f21   Thumb Code     4  rci.o(i.Rci_Proc)
    RcvCallback                              0x08003f25   Thumb Code     4  rcv_srv.o(i.RcvCallback)
    Rcv_Config                               0x08003f29   Thumb Code   126  rcv.o(i.Rcv_Config)
    Rcv_Proc                                 0x08003fbd   Thumb Code    28  dci.o(i.Rcv_Proc)
    Rmp_Calc                                 0x08003fdd   Thumb Code    40  rmp.o(i.Rmp_Calc)
    Rmp_Config                               0x08004005   Thumb Code     4  rmp.o(i.Rmp_Config)
    Rmp_Reset                                0x08004019   Thumb Code     6  rmp.o(i.Rmp_Reset)
    SVC_Handler                              0x0800401f   Thumb Code     2  stm32f4xx_it.o(i.SVC_Handler)
    Sch_Arrange                              0x08004021   Thumb Code    58  sch.o(i.Sch_Arrange)
    Sch_Init                                 0x08004061   Thumb Code    22  sch.o(i.Sch_Init)
    Sch_Proc                                 0x0800407d   Thumb Code    38  sch.o(i.Sch_Proc)
    SyncTimCallback                          0x08004179   Thumb Code     4  tim_srv.o(i.SyncTimCallback)
    SyncTim_Config                           0x0800417d   Thumb Code    38  tim.o(i.SyncTim_Config)
    SyncTim_Start                            0x080041a9   Thumb Code    34  tim.o(i.SyncTim_Start)
    SystemInit                               0x080041d1   Thumb Code    74  system_stm32f4xx.o(i.SystemInit)
    TIM2_IRQHandler                          0x0800422d   Thumb Code    42  tim.o(i.TIM2_IRQHandler)
    TIM6_DAC_IRQHandler                      0x08004259   Thumb Code    42  tim.o(i.TIM6_DAC_IRQHandler)
    TIM_ARRPreloadConfig                     0x08004289   Thumb Code    20  stm32f4xx_tim.o(i.TIM_ARRPreloadConfig)
    TIM_ClearFlag                            0x0800429d   Thumb Code     6  stm32f4xx_tim.o(i.TIM_ClearFlag)
    TIM_ClearITPendingBit                    0x080042a3   Thumb Code     6  stm32f4xx_tim.o(i.TIM_ClearITPendingBit)
    TIM_Cmd                                  0x080042a9   Thumb Code    20  stm32f4xx_tim.o(i.TIM_Cmd)
    TIM_Config                               0x080042bd   Thumb Code   276  stm32util.o(i.TIM_Config)
    TIM_GetITStatus                          0x08004401   Thumb Code    24  stm32f4xx_tim.o(i.TIM_GetITStatus)
    TIM_ITConfig                             0x08004419   Thumb Code    16  stm32f4xx_tim.o(i.TIM_ITConfig)
    TIM_OC1Init                              0x08004429   Thumb Code    88  stm32f4xx_tim.o(i.TIM_OC1Init)
    TIM_OC1PreloadConfig                     0x08004489   Thumb Code    12  stm32f4xx_tim.o(i.TIM_OC1PreloadConfig)
    TIM_OC2Init                              0x08004495   Thumb Code   120  stm32f4xx_tim.o(i.TIM_OC2Init)
    TIM_OC2PreloadConfig                     0x08004515   Thumb Code    20  stm32f4xx_tim.o(i.TIM_OC2PreloadConfig)
    TIM_OC3Init                              0x08004529   Thumb Code   116  stm32f4xx_tim.o(i.TIM_OC3Init)
    TIM_OC3PreloadConfig                     0x080045a5   Thumb Code    12  stm32f4xx_tim.o(i.TIM_OC3PreloadConfig)
    TIM_OC4Init                              0x080045b1   Thumb Code    88  stm32f4xx_tim.o(i.TIM_OC4Init)
    TIM_OC4PreloadConfig                     0x08004611   Thumb Code    20  stm32f4xx_tim.o(i.TIM_OC4PreloadConfig)
    TIM_OC_Config                            0x08004625   Thumb Code   130  stm32util.o(i.TIM_OC_Config)
    TIM_TimeBaseInit                         0x080046a9   Thumb Code    96  stm32f4xx_tim.o(i.TIM_TimeBaseInit)
    TickTimCallback                          0x08004725   Thumb Code     4  tim_srv.o(i.TickTimCallback)
    TickTim_Config                           0x08004729   Thumb Code    36  tim.o(i.TickTim_Config)
    TickTim_Start                            0x0800474d   Thumb Code    34  tim.o(i.TickTim_Start)
    Tim_Config                               0x0800476f   Thumb Code    14  tim.o(i.Tim_Config)
    Tim_Start                                0x0800477d   Thumb Code    14  tim.o(i.Tim_Start)
    TtyRxCallback                            0x0800478b   Thumb Code     4  com_srv.o(i.TtyRxCallback)
    Tty_Config                               0x08004791   Thumb Code    94  tty.o(i.Tty_Config)
    Tty_Proc                                 0x08004801   Thumb Code     6  com.o(i.Tty_Proc)
    Tty_ReadByte                             0x08004809   Thumb Code    60  tty.o(i.Tty_ReadByte)
    Tty_WriteByte                            0x0800484d   Thumb Code    50  tty.o(i.Tty_WriteByte)
    USART1_IRQHandler                        0x08004889   Thumb Code   104  rcv.o(i.USART1_IRQHandler)
    USART2_IRQHandler                        0x080048fd   Thumb Code   142  btm.o(i.USART2_IRQHandler)
    USART3_IRQHandler                        0x08004995   Thumb Code   142  dbi.o(i.USART3_IRQHandler)
    USART6_IRQHandler                        0x08004a2d   Thumb Code   142  tty.o(i.USART6_IRQHandler)
    USART_Bind                               0x08004ac5   Thumb Code  3544  stm32util.o(i.USART_Bind)
    USART_Cmd                                0x080058a5   Thumb Code    20  stm32f4xx_usart.o(i.USART_Cmd)
    USART_Config                             0x080058b9   Thumb Code   366  stm32util.o(i.USART_Config)
    USART_DMACmd                             0x08005a49   Thumb Code    16  stm32f4xx_usart.o(i.USART_DMACmd)
    USART_GetITStatus                        0x08005a59   Thumb Code    62  stm32f4xx_usart.o(i.USART_GetITStatus)
    USART_ITConfig                           0x08005a97   Thumb Code    48  stm32f4xx_usart.o(i.USART_ITConfig)
    USART_Init                               0x08005ac9   Thumb Code   164  stm32f4xx_usart.o(i.USART_Init)
    USART_ReceiveData                        0x08005b75   Thumb Code     8  stm32f4xx_usart.o(i.USART_ReceiveData)
    USART_SendData                           0x08005b7d   Thumb Code     8  stm32f4xx_usart.o(i.USART_SendData)
    Upd_Init                                 0x08005b85   Thumb Code    14  upd.o(i.Upd_Init)
    Upd_Proc                                 0x08005b93   Thumb Code    68  upd.o(i.Upd_Proc)
    UsageFault_Handler                       0x08005bd7   Thumb Code     2  stm32f4xx_it.o(i.UsageFault_Handler)
    Wdg_Feed                                 0x08005bd9   Thumb Code    10  wdg.o(i.Wdg_Feed)
    Wdg_Init                                 0x08005be9   Thumb Code    34  wdg.o(i.Wdg_Init)
    Wdg_IsErrSet                             0x08005c15   Thumb Code     8  wdg.o(i.Wdg_IsErrSet)
    Wdg_Proc                                 0x08005c21   Thumb Code    58  wdg.o(i.Wdg_Proc)
    Wsm_GetLastWorkingState                  0x08005c65   Thumb Code     6  wsm.o(i.Wsm_GetLastWorkingState)
    Wsm_GetWorkingState                      0x08005c71   Thumb Code     6  wsm.o(i.Wsm_GetWorkingState)
    Wsm_Init                                 0x08005c7d   Thumb Code    10  wsm.o(i.Wsm_Init)
    Wsm_Proc                                 0x08005c8d   Thumb Code    88  wsm.o(i.Wsm_Proc)
    ZGyro_Process                            0x08005ce9   Thumb Code   124  can.o(i.ZGyro_Process)
    ZGyro_Ready                              0x08005d71   Thumb Code    14  can.o(i.ZGyro_Ready)
    ZGyro_Reset                              0x08005d81   Thumb Code    36  can.o(i.ZGyro_Reset)
    __0printf                                0x08005da9   Thumb Code    22  printfa.o(i.__0printf)
    __1printf                                0x08005da9   Thumb Code     0  printfa.o(i.__0printf)
    __2printf                                0x08005da9   Thumb Code     0  printfa.o(i.__0printf)
    __c89printf                              0x08005da9   Thumb Code     0  printfa.o(i.__0printf)
    printf                                   0x08005da9   Thumb Code     0  printfa.o(i.__0printf)
    __scatterload_copy                       0x08005dc9   Thumb Code    14  handlers.o(i.__scatterload_copy)
    __scatterload_null                       0x08005dd7   Thumb Code     2  handlers.o(i.__scatterload_null)
    __scatterload_zeroinit                   0x08005dd9   Thumb Code    14  handlers.o(i.__scatterload_zeroinit)
    constrain                                0x0800669b   Thumb Code    32  fun.o(i.constrain)
    fputc                                    0x080066bd   Thumb Code    18  ios.o(i.fputc)
    main                                     0x080066f1   Thumb Code    30  main.o(i.main)
    malloc                                   0x08006711   Thumb Code    92  malloc.o(i.malloc)
    map                                      0x0800677d   Thumb Code    26  fun.o(i.map)
    WDG                                      0x0800697c   Data          48  wdg.o(.constdata)
    Region$$Table$$Base                      0x080069ac   Number         0  anon$$obj.o(Region$$Table)
    Region$$Table$$Limit                     0x080069cc   Number         0  anon$$obj.o(Region$$Table)
    cfg                                      0x20000008   Data         148  cfg.o(.data)
    CM1SpeedRmp                              0x200000a0   Data           8  ctl.o(.data)
    CM2SpeedRmp                              0x200000a8   Data           8  ctl.o(.data)
    CM3SpeedRmp                              0x200000b0   Data           8  ctl.o(.data)
    CM4SpeedRmp                              0x200000b8   Data           8  ctl.o(.data)
    mouseButtonStates                        0x200000c0   Data           2  hci.o(.data)
    mouseButtonEvents                        0x200000c2   Data           2  hci.o(.data)
    _in                                      0x200000d4   Data           4  ios.o(.data)
    _out                                     0x200000d8   Data           4  ios.o(.data)
    switchStates                             0x200000dc   Data           2  rci.o(.data)
    switchEvents                             0x200000de   Data           2  rci.o(.data)
    lastSwitchStates                         0x200000e2   Data           2  rci.o(.data)
    wdg                                      0x200000f0   Data          48  wdg.o(.data)
    __stdout                                 0x20000134   Data           4  stdout.o(.data)
    __microlib_freelist                      0x20000138   Data           4  mvars.o(.data)
    __microlib_freelist_initialised          0x2000013c   Data           4  mvars.o(.data)
    zgyro                                    0x20000140   Data          44  can.o(.bss)
    motor                                    0x2000016c   Data         648  can.o(.bss)
    cmd                                      0x200003f4   Data          32  cmd.o(.bss)
    ctl                                      0x20000414   Data          20  ctl.o(.bss)
    CM1SpeedPID                              0x20000428   Data          40  ctl.o(.bss)
    CM2SpeedPID                              0x20000450   Data          40  ctl.o(.bss)
    CM3SpeedPID                              0x20000478   Data          40  ctl.o(.bss)
    CM4SpeedPID                              0x200004a0   Data          40  ctl.o(.bss)
    dbus                                     0x200004c8   Data          22  dci.o(.bss)
    mecanum                                  0x20000588   Data          20  mec.o(.bss)
    odo                                      0x2000059c   Data          76  odo.o(.bss)
    __heap_base                              0x20000ca8   Data           0  startup_stm32f427xx.o(HEAP)
    __heap_limit                             0x20001ca8   Data           0  startup_stm32f427xx.o(HEAP)
    __initial_sp                             0x200020a8   Data           0  startup_stm32f427xx.o(STACK)



==============================================================================

Memory Map of the image

  Image Entry point : 0x080001ad

  Load Region LR_IROM1 (Base: 0x08000000, Size: 0x00006b0c, Max: 0x00200000, ABSOLUTE, COMPRESSED[0x00006a30])

    Execution Region ER_IROM1 (Base: 0x08000000, Size: 0x000069cc, Max: 0x00200000, ABSOLUTE)

    Base Addr    Size         Type   Attr      Idx    E Section Name        Object

    0x08000000   0x000001ac   Data   RO         8115    RESET               startup_stm32f427xx.o
    0x080001ac   0x00000000   Code   RO         8158  * .ARM.Collect$$$$00000000  mc_w.l(entry.o)
    0x080001ac   0x00000004   Code   RO         8505    .ARM.Collect$$$$00000001  mc_w.l(entry2.o)
    0x080001b0   0x00000004   Code   RO         8508    .ARM.Collect$$$$00000004  mc_w.l(entry5.o)
    0x080001b4   0x00000000   Code   RO         8510    .ARM.Collect$$$$00000008  mc_w.l(entry7b.o)
    0x080001b4   0x00000000   Code   RO         8512    .ARM.Collect$$$$0000000A  mc_w.l(entry8b.o)
    0x080001b4   0x00000008   Code   RO         8513    .ARM.Collect$$$$0000000B  mc_w.l(entry9a.o)
    0x080001bc   0x00000000   Code   RO         8515    .ARM.Collect$$$$0000000D  mc_w.l(entry10a.o)
    0x080001bc   0x00000000   Code   RO         8517    .ARM.Collect$$$$0000000F  mc_w.l(entry11a.o)
    0x080001bc   0x00000004   Code   RO         8506    .ARM.Collect$$$$00002712  mc_w.l(entry2.o)
    0x080001c0   0x00000024   Code   RO         8116    .text               startup_stm32f427xx.o
    0x080001e4   0x00000024   Code   RO         8161    .text               mc_w.l(memcpya.o)
    0x08000208   0x00000024   Code   RO         8163    .text               mc_w.l(memseta.o)
    0x0800022c   0x000000e4   Code   RO         8458    .text               mf_w.l(dmul.o)
    0x08000310   0x000000de   Code   RO         8460    .text               mf_w.l(ddiv.o)
    0x080003ee   0x00000026   Code   RO         8462    .text               mf_w.l(f2d.o)
    0x08000414   0x0000002c   Code   RO         8520    .text               mc_w.l(uidiv.o)
    0x08000440   0x00000062   Code   RO         8522    .text               mc_w.l(uldiv.o)
    0x080004a2   0x00000000   Code   RO         8533    .text               mc_w.l(iusefp.o)
    0x080004a2   0x000000ba   Code   RO         8536    .text               mf_w.l(depilogue.o)
    0x0800055c   0x0000014e   Code   RO         8538    .text               mf_w.l(dadd.o)
    0x080006aa   0x00000030   Code   RO         8544    .text               mf_w.l(dfixul.o)
    0x080006da   0x00000002   PAD
    0x080006dc   0x00000030   Code   RO         8548    .text               mf_w.l(cdrcmple.o)
    0x0800070c   0x00000024   Code   RO         8550    .text               mc_w.l(init.o)
    0x08000730   0x0000001e   Code   RO         8552    .text               mc_w.l(llshl.o)
    0x0800074e   0x00000020   Code   RO         8554    .text               mc_w.l(llushr.o)
    0x0800076e   0x00000024   Code   RO         8556    .text               mc_w.l(llsshr.o)
    0x08000792   0x00000056   Code   RO         8566    .text               mc_w.l(__dczerorl2.o)
    0x080007e8   0x00000028   Code   RO          512    i.Act_Init          act.o
    0x08000810   0x00000090   Code   RO          513    i.Act_Proc          act.o
    0x080008a0   0x0000002a   Code   RO          542    i.App_Init          app.o
    0x080008ca   0x00000016   Code   RO          543    i.App_Proc          app.o
    0x080008e0   0x00000044   Code   RO         2272    i.Bsp_Config        bsp.o
    0x08000924   0x00000004   Code   RO         2157    i.BtmRxCallback     com_srv.o
    0x08000928   0x00000070   Code   RO         2296    i.Btm_Config        btm.o
    0x08000998   0x00000006   Code   RO          801    i.Btm_Proc          com.o
    0x0800099e   0x00000002   PAD
    0x080009a0   0x00000044   Code   RO         2299    i.Btm_ReadByte      btm.o
    0x080009e4   0x0000003c   Code   RO         2302    i.Btm_WriteByte     btm.o
    0x08000a20   0x0000000c   Code   RO         2364    i.Btn_Config        btn.o
    0x08000a2c   0x00000002   Code   RO          353    i.BusFault_Handler  stm32f4xx_it.o
    0x08000a2e   0x00000002   PAD
    0x08000a30   0x00000044   Code   RO         2388    i.CAN1_RX0_IRQHandler  can1.o
    0x08000a74   0x00000024   Code   RO         2389    i.CAN1_TX_IRQHandler  can1.o
    0x08000a98   0x00000044   Code   RO         2424    i.CAN2_RX0_IRQHandler  can2.o
    0x08000adc   0x00000024   Code   RO         2425    i.CAN2_TX_IRQHandler  can2.o
    0x08000b00   0x00000030   Code   RO         3296    i.CAN_ClearFlag     stm32f4xx_can.o
    0x08000b30   0x00000078   Code   RO         3297    i.CAN_ClearITPendingBit  stm32f4xx_can.o
    0x08000ba8   0x0000006c   Code   RO         2608    i.CAN_Config        stm32util.o
    0x08000c14   0x000000cc   Code   RO         3301    i.CAN_FilterInit    stm32f4xx_can.o
    0x08000ce0   0x00000036   Code   RO         2609    i.CAN_Filter_Config  stm32util.o
    0x08000d16   0x00000002   PAD
    0x08000d18   0x000000a8   Code   RO         3303    i.CAN_GetITStatus   stm32f4xx_can.o
    0x08000dc0   0x00000010   Code   RO         3307    i.CAN_ITConfig      stm32f4xx_can.o
    0x08000dd0   0x000000e8   Code   RO         3308    i.CAN_Init          stm32f4xx_can.o
    0x08000eb8   0x00000090   Code   RO         3311    i.CAN_Receive       stm32f4xx_can.o
    0x08000f48   0x000000a4   Code   RO         3316    i.CAN_Transmit      stm32f4xx_can.o
    0x08000fec   0x0000004e   Code   RO         2920    i.CM_Cmd            motor.o
    0x0800103a   0x00000006   Code   RO         1394    i.CS_Set            sys.o
    0x08001040   0x00000004   Code   RO         2136    i.Can1RxCallback    can_srv.o
    0x08001044   0x00000070   Code   RO         2390    i.Can1_Config       can1.o
    0x080010b4   0x00000004   Code   RO         2137    i.Can2RxCallback    can_srv.o
    0x080010b8   0x00000070   Code   RO         2426    i.Can2_Config       can2.o
    0x08001128   0x00000030   Code   RO          569    i.Can_Init          can.o
    0x08001158   0x000000b4   Code   RO          570    i.Can_Proc          can.o
    0x0800120c   0x0000000c   Code   RO          633    i.Cfg_GetFlag       cfg.o
    0x08001218   0x000000dc   Code   RO          635    i.Cfg_Init          cfg.o
    0x080012f4   0x00000006   Code   RO          636    i.Cfg_Load          cfg.o
    0x080012fa   0x00000002   PAD
    0x080012fc   0x000000b0   Code   RO          853    i.ChassisVelocityControl  ctl.o
    0x080013ac   0x0000000c   Code   RO         3319    i.CheckITStatus     stm32f4xx_can.o
    0x080013b8   0x00000014   Code   RO          718    i.Clk_GetMsTick     clk.o
    0x080013cc   0x0000000c   Code   RO          720    i.Clk_Init          clk.o
    0x080013d8   0x00000010   Code   RO          721    i.Clk_Spin          clk.o
    0x080013e8   0x00000054   Code   RO          762    i.Cmd_Init          cmd.o
    0x0800143c   0x00000090   Code   RO          763    i.Cmd_Proc          cmd.o
    0x080014cc   0x00000002   Code   RO          802    i.Com_Init          com.o
    0x080014ce   0x00000002   PAD
    0x080014d0   0x000000b4   Code   RO          854    i.Ctl_Init          ctl.o
    0x08001584   0x00000028   Code   RO          855    i.Ctl_Proc          ctl.o
    0x080015ac   0x00000018   Code   RO         1641    i.DBUS_Dec          dbus.o
    0x080015c4   0x00000014   Code   RO         1643    i.DBUS_Rst          dbus.o
    0x080015d8   0x00000014   Code   RO         4076    i.DMA_Cmd           stm32f4xx_dma.o
    0x080015ec   0x0000006c   Code   RO         2610    i.DMA_Config        stm32util.o
    0x08001658   0x00000014   Code   RO         4078    i.DMA_DoubleBufferModeCmd  stm32f4xx_dma.o
    0x0800166c   0x00000016   Code   RO         4079    i.DMA_DoubleBufferModeConfig  stm32f4xx_dma.o
    0x08001682   0x00000006   Code   RO         4082    i.DMA_GetCurrDataCounter  stm32f4xx_dma.o
    0x08001688   0x0000000e   Code   RO         4083    i.DMA_GetCurrentMemoryTarget  stm32f4xx_dma.o
    0x08001696   0x00000002   PAD
    0x08001698   0x00000054   Code   RO         4088    i.DMA_Init          stm32f4xx_dma.o
    0x080016ec   0x000000a8   Code   RO          911    i.Dbg_Odo           dbg.o
    0x08001794   0x00000004   Code   RO         2158    i.DbiRxCallback     com_srv.o
    0x08001798   0x00000070   Code   RO         2460    i.Dbi_Config        dbi.o
    0x08001808   0x00000006   Code   RO          804    i.Dbi_Proc          com.o
    0x0800180e   0x00000002   PAD
    0x08001810   0x00000044   Code   RO         2463    i.Dbi_ReadByte      dbi.o
    0x08001854   0x0000003c   Code   RO         2466    i.Dbi_WriteByte     dbi.o
    0x08001890   0x00000018   Code   RO          996    i.Dci_Init          dci.o
    0x080018a8   0x00000050   Code   RO          997    i.Dci_Proc          dci.o
    0x080018f8   0x00000002   Code   RO          354    i.DebugMon_Handler  stm32f4xx_it.o
    0x080018fa   0x00000008   Code   RO         1667    i.Ekf_Init          ekf.o
    0x08001902   0x0000004a   Code   RO         1668    i.Ekf_Proc          ekf.o
    0x0800194c   0x0000001c   Code   RO         1669    i.Ekf_Reset         ekf.o
    0x08001968   0x00000006   Code   RO         1671    i.Ekf_SetE          ekf.o
    0x0800196e   0x00000016   Code   RO         1766    i.FIFO_Flush        fifo.o
    0x08001984   0x00000008   Code   RO         1770    i.FIFO_Init         fifo.o
    0x0800198c   0x0000000c   Code   RO         1771    i.FIFO_IsEmpty      fifo.o
    0x08001998   0x00000010   Code   RO         1772    i.FIFO_IsFull       fifo.o
    0x080019a8   0x00000034   Code   RO         1774    i.FIFO_Pop          fifo.o
    0x080019dc   0x0000003a   Code   RO         1775    i.FIFO_Push         fifo.o
    0x08001a16   0x00000004   Code   RO         1395    i.FS_Clr            sys.o
    0x08001a1a   0x00000004   Code   RO         1396    i.FS_Cpy            sys.o
    0x08001a1e   0x00000004   Code   RO         1397    i.FS_Det            sys.o
    0x08001a22   0x00000004   Code   RO         1398    i.FS_Get            sys.o
    0x08001a26   0x00000008   Code   RO         1065    i.Flag_Clr          fun.o
    0x08001a2e   0x00000026   Code   RO         1066    i.Flag_Cpy          fun.o
    0x08001a54   0x0000000e   Code   RO         1067    i.Flag_Det          fun.o
    0x08001a62   0x00000006   Code   RO         1068    i.Flag_Get          fun.o
    0x08001a68   0x00000016   Code   RO         2886    i.Flash_Read        flash.o
    0x08001a7e   0x00000002   PAD
    0x08001a80   0x00000010   Code   RO         1038    i.Fos_Read          fos.o
    0x08001a90   0x00000048   Code   RO         2921    i.GM_Cmd            motor.o
    0x08001ad8   0x00000028   Code   RO         2614    i.GPIO_AF           stm32util.o
    0x08001b00   0x00000118   Code   RO         2615    i.GPIO_Config       stm32util.o
    0x08001c18   0x00000010   Code   RO         2616    i.GPIO_In           stm32util.o
    0x08001c28   0x000000a2   Code   RO         4945    i.GPIO_Init         stm32f4xx_gpio.o
    0x08001cca   0x00000012   Code   RO         2617    i.GPIO_Out          stm32util.o
    0x08001cdc   0x00000020   Code   RO         4946    i.GPIO_PinAFConfig  stm32f4xx_gpio.o
    0x08001cfc   0x0000000e   Code   RO         4951    i.GPIO_ReadOutputDataBit  stm32f4xx_gpio.o
    0x08001d0a   0x00000004   Code   RO         4952    i.GPIO_ResetBits    stm32f4xx_gpio.o
    0x08001d0e   0x00000004   Code   RO         4953    i.GPIO_SetBits      stm32f4xx_gpio.o
    0x08001d12   0x00000002   PAD
    0x08001d14   0x000000e0   Code   RO         1120    i.GetChassisVelocityRef  hci.o
    0x08001df4   0x00000090   Code   RO         1344    i.GetChassisVelocityRef  rci.o
    0x08001e84   0x00000058   Code   RO         1121    i.GetFunctionalStateRef  hci.o
    0x08001edc   0x00000024   Code   RO         1345    i.GetSwitchEvents   rci.o
    0x08001f00   0x00000040   Code   RO         1346    i.GetSwitchStates   rci.o
    0x08001f40   0x0000001e   Code   RO         1878    i.HCP_Dec           hcp.o
    0x08001f5e   0x0000001c   Code   RO         1880    i.HCP_Rst           hcp.o
    0x08001f7a   0x00000002   Code   RO          355    i.HardFault_Handler  stm32f4xx_it.o
    0x08001f7c   0x00000058   Code   RO         1122    i.Hci_Init          hci.o
    0x08001fd4   0x00000012   Code   RO         1123    i.Hci_Proc          hci.o
    0x08001fe6   0x00000002   PAD
    0x08001fe8   0x0000000c   Code   RO         1164    i.Ini_Check         ini.o
    0x08001ff4   0x0000000c   Code   RO         1165    i.Ini_GetFlag       ini.o
    0x08002000   0x0000000c   Code   RO         1166    i.Ini_Init          ini.o
    0x0800200c   0x00000070   Code   RO         1167    i.Ini_Proc          ini.o
    0x0800207c   0x00000036   Code   RO         1198    i.Ios_GetByte       ios.o
    0x080020b2   0x00000002   PAD
    0x080020b4   0x0000001c   Code   RO         1199    i.Ios_Init          ios.o
    0x080020d0   0x00000018   Code   RO         1200    i.Ios_PutByte       ios.o
    0x080020e8   0x00000010   Code   RO         1201    i.Ios_SetIn         ios.o
    0x080020f8   0x00000010   Code   RO         1202    i.Ios_SetOut        ios.o
    0x08002108   0x00000024   Code   RO          422    i.KOS_Boot          kos.o
    0x0800212c   0x00000030   Code   RO         2528    i.Led_Config        led.o
    0x0800215c   0x00000006   Code   RO         1401    i.MS_Set            sys.o
    0x08002162   0x00000008   Code   RO         1904    i.Maf_Init          maf.o
    0x0800216a   0x00000042   Code   RO         1905    i.Maf_Proc          maf.o
    0x080021ac   0x00000020   Code   RO         1906    i.Maf_Reset         maf.o
    0x080021cc   0x0000000c   Code   RO         1260    i.Mec_Config        mec.o
    0x080021d8   0x00000010   Code   RO         1261    i.Mec_Decomp        mec.o
    0x080021e8   0x00000010   Code   RO         1262    i.Mec_Init          mec.o
    0x080021f8   0x00000010   Code   RO         1263    i.Mec_Synthe        mec.o
    0x08002208   0x00000032   Code   RO         1938    i.Mecanum_Config    mecanum.o
    0x0800223a   0x0000008e   Code   RO         1939    i.Mecanum_Decomp    mecanum.o
    0x080022c8   0x00000072   Code   RO         1940    i.Mecanum_Synthe    mecanum.o
    0x0800233a   0x00000002   Code   RO          356    i.MemManage_Handler  stm32f4xx_it.o
    0x0800233c   0x0000015c   Code   RO          571    i.Motor_Process     can.o
    0x08002498   0x0000000e   Code   RO          572    i.Motor_Ready       can.o
    0x080024a6   0x00000002   PAD
    0x080024a8   0x00000054   Code   RO          573    i.Motor_Reset       can.o
    0x080024fc   0x00000002   Code   RO          357    i.NMI_Handler       stm32f4xx_it.o
    0x080024fe   0x0000001c   Code   RO         2618    i.NVIC_Config       stm32util.o
    0x0800251a   0x00000002   PAD
    0x0800251c   0x00000064   Code   RO         3001    i.NVIC_Init         misc.o
    0x08002580   0x00000014   Code   RO         3002    i.NVIC_PriorityGroupConfig  misc.o
    0x08002594   0x00000098   Code   RO         1308    i.Odo_Init          odo.o
    0x0800262c   0x000000d8   Code   RO         1309    i.Odo_Proc          odo.o
    0x08002704   0x000000e0   Code   RO         1980    i.PID_Calc          pid.o
    0x080027e4   0x00000006   Code   RO         1981    i.PID_Config        pid.o
    0x080027ea   0x00000002   PAD
    0x080027ec   0x00000010   Code   RO          856    i.PID_Init          ctl.o
    0x080027fc   0x00000014   Code   RO         1982    i.PID_Reset         pid.o
    0x08002810   0x00001544   Code   RO         2619    i.PWM_Bind          stm32util.o
    0x08003d54   0x00000002   Code   RO          358    i.PendSV_Handler    stm32f4xx_it.o
    0x08003d56   0x00000002   PAD
    0x08003d58   0x0000004c   Code   RO         2552    i.Pwm_Config        pwm.o
    0x08003da4   0x00000018   Code   RO         5883    i.RCC_AHB1PeriphClockCmd  stm32f4xx_rcc.o
    0x08003dbc   0x00000018   Code   RO         5892    i.RCC_APB1PeriphClockCmd  stm32f4xx_rcc.o
    0x08003dd4   0x00000018   Code   RO         5895    i.RCC_APB2PeriphClockCmd  stm32f4xx_rcc.o
    0x08003dec   0x00000094   Code   RO         5904    i.RCC_GetClocksFreq  stm32f4xx_rcc.o
    0x08003e80   0x0000004e   Code   RO         2004    i.RCP_Dec           rcp.o
    0x08003ece   0x00000002   PAD
    0x08003ed0   0x00000026   Code   RO         2006    i.RCP_Rst           rcp.o
    0x08003ef6   0x00000002   PAD
    0x08003ef8   0x00000028   Code   RO         1347    i.Rci_Init          rci.o
    0x08003f20   0x00000004   Code   RO         1348    i.Rci_Proc          rci.o
    0x08003f24   0x00000004   Code   RO         2193    i.RcvCallback       rcv_srv.o
    0x08003f28   0x00000094   Code   RO         2576    i.Rcv_Config        rcv.o
    0x08003fbc   0x00000020   Code   RO          998    i.Rcv_Proc          dci.o
    0x08003fdc   0x00000028   Code   RO         2028    i.Rmp_Calc          rmp.o
    0x08004004   0x00000004   Code   RO         2029    i.Rmp_Config        rmp.o
    0x08004008   0x00000010   Code   RO          857    i.Rmp_Init          ctl.o
    0x08004018   0x00000006   Code   RO         2031    i.Rmp_Reset         rmp.o
    0x0800401e   0x00000002   Code   RO          359    i.SVC_Handler       stm32f4xx_it.o
    0x08004020   0x00000040   Code   RO          452    i.Sch_Arrange       sch.o
    0x08004060   0x0000001c   Code   RO          454    i.Sch_Init          sch.o
    0x0800407c   0x0000002c   Code   RO          455    i.Sch_Proc          sch.o
    0x080040a8   0x000000d0   Code   RO         8075    i.SetSysClock       system_stm32f4xx.o
    0x08004178   0x00000004   Code   RO         2239    i.SyncTimCallback   tim_srv.o
    0x0800417c   0x0000002c   Code   RO         2720    i.SyncTim_Config    tim.o
    0x080041a8   0x00000028   Code   RO         2721    i.SyncTim_Start     tim.o
    0x080041d0   0x0000005c   Code   RO         8077    i.SystemInit        system_stm32f4xx.o
    0x0800422c   0x0000002a   Code   RO         2723    i.TIM2_IRQHandler   tim.o
    0x08004256   0x00000002   PAD
    0x08004258   0x00000030   Code   RO         2724    i.TIM6_DAC_IRQHandler  tim.o
    0x08004288   0x00000014   Code   RO         7268    i.TIM_ARRPreloadConfig  stm32f4xx_tim.o
    0x0800429c   0x00000006   Code   RO         7274    i.TIM_ClearFlag     stm32f4xx_tim.o
    0x080042a2   0x00000006   Code   RO         7275    i.TIM_ClearITPendingBit  stm32f4xx_tim.o
    0x080042a8   0x00000014   Code   RO         7280    i.TIM_Cmd           stm32f4xx_tim.o
    0x080042bc   0x00000144   Code   RO         2620    i.TIM_Config        stm32util.o
    0x08004400   0x00000018   Code   RO         7301    i.TIM_GetITStatus   stm32f4xx_tim.o
    0x08004418   0x00000010   Code   RO         7305    i.TIM_ITConfig      stm32f4xx_tim.o
    0x08004428   0x00000060   Code   RO         7309    i.TIM_OC1Init       stm32f4xx_tim.o
    0x08004488   0x0000000c   Code   RO         7312    i.TIM_OC1PreloadConfig  stm32f4xx_tim.o
    0x08004494   0x00000080   Code   RO         7314    i.TIM_OC2Init       stm32f4xx_tim.o
    0x08004514   0x00000014   Code   RO         7317    i.TIM_OC2PreloadConfig  stm32f4xx_tim.o
    0x08004528   0x0000007c   Code   RO         7319    i.TIM_OC3Init       stm32f4xx_tim.o
    0x080045a4   0x0000000c   Code   RO         7322    i.TIM_OC3PreloadConfig  stm32f4xx_tim.o
    0x080045b0   0x00000060   Code   RO         7324    i.TIM_OC4Init       stm32f4xx_tim.o
    0x08004610   0x00000014   Code   RO         7326    i.TIM_OC4PreloadConfig  stm32f4xx_tim.o
    0x08004624   0x00000082   Code   RO         2621    i.TIM_OC_Config     stm32util.o
    0x080046a6   0x00000002   PAD
    0x080046a8   0x0000007c   Code   RO         7352    i.TIM_TimeBaseInit  stm32f4xx_tim.o
    0x08004724   0x00000004   Code   RO         2240    i.TickTimCallback   tim_srv.o
    0x08004728   0x00000024   Code   RO         2725    i.TickTim_Config    tim.o
    0x0800474c   0x00000022   Code   RO         2726    i.TickTim_Start     tim.o
    0x0800476e   0x0000000e   Code   RO         2728    i.Tim_Config        tim.o
    0x0800477c   0x0000000e   Code   RO         2729    i.Tim_Start         tim.o
    0x0800478a   0x00000004   Code   RO         2159    i.TtyRxCallback     com_srv.o
    0x0800478e   0x00000002   PAD
    0x08004790   0x00000070   Code   RO         2799    i.Tty_Config        tty.o
    0x08004800   0x00000006   Code   RO          805    i.Tty_Proc          com.o
    0x08004806   0x00000002   PAD
    0x08004808   0x00000044   Code   RO         2802    i.Tty_ReadByte      tty.o
    0x0800484c   0x0000003c   Code   RO         2805    i.Tty_WriteByte     tty.o
    0x08004888   0x00000074   Code   RO         2577    i.USART1_IRQHandler  rcv.o
    0x080048fc   0x00000098   Code   RO         2303    i.USART2_IRQHandler  btm.o
    0x08004994   0x00000098   Code   RO         2467    i.USART3_IRQHandler  dbi.o
    0x08004a2c   0x00000098   Code   RO         2806    i.USART6_IRQHandler  tty.o
    0x08004ac4   0x00000de0   Code   RO         2622    i.USART_Bind        stm32util.o
    0x080058a4   0x00000014   Code   RO         7821    i.USART_Cmd         stm32f4xx_usart.o
    0x080058b8   0x00000190   Code   RO         2623    i.USART_Config      stm32util.o
    0x08005a48   0x00000010   Code   RO         7822    i.USART_DMACmd      stm32f4xx_usart.o
    0x08005a58   0x0000003e   Code   RO         7825    i.USART_GetITStatus  stm32f4xx_usart.o
    0x08005a96   0x00000030   Code   RO         7827    i.USART_ITConfig    stm32f4xx_usart.o
    0x08005ac6   0x00000002   PAD
    0x08005ac8   0x000000ac   Code   RO         7828    i.USART_Init        stm32f4xx_usart.o
    0x08005b74   0x00000008   Code   RO         7835    i.USART_ReceiveData  stm32f4xx_usart.o
    0x08005b7c   0x00000008   Code   RO         7838    i.USART_SendData    stm32f4xx_usart.o
    0x08005b84   0x0000000e   Code   RO         1451    i.Upd_Init          upd.o
    0x08005b92   0x00000044   Code   RO         1452    i.Upd_Proc          upd.o
    0x08005bd6   0x00000002   Code   RO          360    i.UsageFault_Handler  stm32f4xx_it.o
    0x08005bd8   0x00000010   Code   RO         1478    i.Wdg_Feed          wdg.o
    0x08005be8   0x0000002c   Code   RO         1481    i.Wdg_Init          wdg.o
    0x08005c14   0x0000000c   Code   RO         1482    i.Wdg_IsErrSet      wdg.o
    0x08005c20   0x00000044   Code   RO         1483    i.Wdg_Proc          wdg.o
    0x08005c64   0x0000000c   Code   RO         1527    i.Wsm_GetLastWorkingState  wsm.o
    0x08005c70   0x0000000c   Code   RO         1528    i.Wsm_GetWorkingState  wsm.o
    0x08005c7c   0x00000010   Code   RO         1529    i.Wsm_Init          wsm.o
    0x08005c8c   0x0000005c   Code   RO         1530    i.Wsm_Proc          wsm.o
    0x08005ce8   0x00000088   Code   RO          574    i.ZGyro_Process     can.o
    0x08005d70   0x0000000e   Code   RO          575    i.ZGyro_Ready       can.o
    0x08005d7e   0x00000002   PAD
    0x08005d80   0x00000028   Code   RO          576    i.ZGyro_Reset       can.o
    0x08005da8   0x00000020   Code   RO         8402    i.__0printf         mc_w.l(printfa.o)
    0x08005dc8   0x0000000e   Code   RO         8560    i.__scatterload_copy  mc_w.l(handlers.o)
    0x08005dd6   0x00000002   Code   RO         8561    i.__scatterload_null  mc_w.l(handlers.o)
    0x08005dd8   0x0000000e   Code   RO         8562    i.__scatterload_zeroinit  mc_w.l(handlers.o)
    0x08005de6   0x00000002   PAD
    0x08005de8   0x00000184   Code   RO         8409    i._fp_digits        mc_w.l(printfa.o)
    0x08005f6c   0x000006dc   Code   RO         8410    i._printf_core      mc_w.l(printfa.o)
    0x08006648   0x00000024   Code   RO         8411    i._printf_post_padding  mc_w.l(printfa.o)
    0x0800666c   0x0000002e   Code   RO         8412    i._printf_pre_padding  mc_w.l(printfa.o)
    0x0800669a   0x00000020   Code   RO         1071    i.constrain         fun.o
    0x080066ba   0x00000002   PAD
    0x080066bc   0x00000018   Code   RO         1204    i.fputc             ios.o
    0x080066d4   0x0000001c   Code   RO          456    i.getSchTask        sch.o
    0x080066f0   0x0000001e   Code   RO            4    i.main              main.o
    0x0800670e   0x00000002   PAD
    0x08006710   0x0000006c   Code   RO         8431    i.malloc            mc_w.l(malloc.o)
    0x0800677c   0x0000001a   Code   RO         1072    i.map               fun.o
    0x08006796   0x00000028   Code   RO          457    i.newSchTask        sch.o
    0x080067be   0x00000002   PAD
    0x080067c0   0x000001bc   Data   RO          642    .constdata          cfg.o
    0x0800697c   0x00000030   Data   RO         1484    .constdata          wdg.o
    0x080069ac   0x00000020   Data   RO         8558    Region$$Table       anon$$obj.o


    Execution Region RW_IRAM1 (Base: 0x20000000, Size: 0x000020a8, Max: 0x00030000, ABSOLUTE, COMPRESSED[0x00000064])

    Base Addr    Size         Type   Attr      Idx    E Section Name        Object

    0x20000000   0x00000008   Data   RW          458    .data               sch.o
    0x20000008   0x00000094   Data   RW          643    .data               cfg.o
    0x2000009c   0x00000004   Data   RW          722    .data               clk.o
    0x200000a0   0x00000020   Data   RW          859    .data               ctl.o
    0x200000c0   0x00000010   Data   RW         1125    .data               hci.o
    0x200000d0   0x00000004   Data   RW         1168    .data               ini.o
    0x200000d4   0x00000008   Data   RW         1205    .data               ios.o
    0x200000dc   0x00000010   Data   RW         1349    .data               rci.o
    0x200000ec   0x00000034   Data   RW         1485    .data               wdg.o
    0x20000120   0x00000002   Data   RW         1531    .data               wsm.o
    0x20000122   0x00000010   Data   RW         5936    .data               stm32f4xx_rcc.o
    0x20000132   0x00000002   PAD
    0x20000134   0x00000004   Data   RW         8519    .data               mc_w.l(stdout.o)
    0x20000138   0x00000004   Data   RW         8524    .data               mc_w.l(mvars.o)
    0x2000013c   0x00000004   Data   RW         8525    .data               mc_w.l(mvars.o)
    0x20000140   0x000002b4   Zero   RW          577    .bss                can.o
    0x200003f4   0x00000020   Zero   RW          764    .bss                cmd.o
    0x20000414   0x000000b4   Zero   RW          858    .bss                ctl.o
    0x200004c8   0x00000016   Zero   RW          999    .bss                dci.o
    0x200004de   0x00000002   PAD
    0x200004e0   0x000000a8   Zero   RW         1124    .bss                hci.o
    0x20000588   0x00000014   Zero   RW         1264    .bss                mec.o
    0x2000059c   0x0000004c   Zero   RW         1310    .bss                odo.o
    0x200005e8   0x00000228   Zero   RW         2304    .bss                btm.o
    0x20000810   0x00000228   Zero   RW         2468    .bss                dbi.o
    0x20000a38   0x00000048   Zero   RW         2578    .bss                rcv.o
    0x20000a80   0x00000228   Zero   RW         2807    .bss                tty.o
    0x20000ca8   0x00001000   Zero   RW         8114    HEAP                startup_stm32f427xx.o
    0x20001ca8   0x00000400   Zero   RW         8113    STACK               startup_stm32f427xx.o


==============================================================================

Image component sizes


      Code (inc. data)   RO Data    RW Data    ZI Data      Debug   Object Name

       184         24          0          0          0       1314   act.o
        64          0          0          0          0        970   app.o
        68          4          0          0          0        513   bsp.o
       392         46          0          0        552       2832   btm.o
        12          6          0          0          0        429   btn.o
       864         70          0          0        692       6768   can.o
       216         26          0          0          0       1597   can1.o
       216         24          0          0          0       1605   can2.o
         8          0          0          0          0       1290   can_srv.o
       238         14        444        148          0       4537   cfg.o
        48         16          0          4          0       1486   clk.o
       228         20          0          0         32       1512   cmd.o
        20          0          0          0          0       2996   com.o
        12          0          0          0          0       1428   com_srv.o
       428         50          0         32        180       3596   ctl.o
       168         56          0          0          0        510   dbg.o
       392         46          0          0        552       2832   dbi.o
        44          0          0          0          0       1370   dbus.o
       136         16          0          0         22       2080   dci.o
       116          6          0          0          0       2377   ekf.o
       168          0          0          0          0       3837   fifo.o
        22          0          0          0          0       1021   flash.o
        16          6          0          0          0        747   fos.o
       124          0          0          0          0       3961   fun.o
       418         38          0         16        168       4192   hci.o
        58          0          0          0          0       1296   hcp.o
       148         26          0          4          0       2300   ini.o
       162         28          0          8          0       3609   ios.o
        36          6          0          0          0        479   kos.o
        48          8          0          0          0        485   led.o
       106          4          0          0          0       1874   maf.o
        30          0          0          0          0     335743   main.o
        60         24          0          0         20       2496   mec.o
       306          0          0          0          0       2135   mecanum.o
       120         14          0          0          0       1563   misc.o
       150          0          0          0          0       1658   motor.o
       368         26          0          0         76       2216   odo.o
       250         12          0          0          0       2404   pid.o
        76         10          0          0          0        469   pwm.o
       288         30          0         16          0       3819   rci.o
       116          0          0          0          0       1308   rcp.o
       264         34          0          0         72       1581   rcv.o
         4          0          0          0          0        738   rcv_srv.o
        50          0          0          0          0       1792   rmp.o
       204         24          0          8          0       3508   sch.o
        36          8        428          0       5120        840   startup_stm32f427xx.o
      1108         24          0          0          0       7674   stm32f4xx_can.o
       166          4          0          0          0       4974   stm32f4xx_dma.o
       216          0          0          0          0       3660   stm32f4xx_gpio.o
        16          0          0          0          0       3644   stm32f4xx_it.o
       220         34          0         16          0       4871   stm32f4xx_rcc.o
       724         60          0          0          0      11340   stm32f4xx_tim.o
       334          8          0          0          0       5618   stm32f4xx_usart.o
     10502        292          0          0          0      18987   stm32util.o
        28          0          0          0          0       3494   sys.o
       300         36          0          0          0       1569   system_stm32f4xx.o
       272         18          0          0          0       4251   tim.o
         8          0          0          0          0        892   tim_srv.o
       392         46          0          0        552       2832   tty.o
        82          0          0          0          0       1278   upd.o
       140         30         48         52          0       2530   wdg.o
       132         22          0          2          0       2142   wsm.o

    ----------------------------------------------------------------------
     22174       1296        952        308       8040     507869   Object Totals
         0          0         32          0          0          0   (incl. Generated)
        52          0          0          2          2          0   (incl. Padding)

    ----------------------------------------------------------------------

      Code (inc. data)   RO Data    RW Data    ZI Data      Debug   Library Member Name

        86          0          0          0          0          0   __dczerorl2.o
         0          0          0          0          0          0   entry.o
         0          0          0          0          0          0   entry10a.o
         0          0          0          0          0          0   entry11a.o
         8          4          0          0          0          0   entry2.o
         4          0          0          0          0          0   entry5.o
         0          0          0          0          0          0   entry7b.o
         0          0          0          0          0          0   entry8b.o
         8          4          0          0          0          0   entry9a.o
        30          0          0          0          0          0   handlers.o
        36          8          0          0          0         68   init.o
         0          0          0          0          0          0   iusefp.o
        30          0          0          0          0         68   llshl.o
        36          0          0          0          0         68   llsshr.o
        32          0          0          0          0         68   llushr.o
       108         16          0          0          0         84   malloc.o
        36          0          0          0          0         68   memcpya.o
        36          0          0          0          0        108   memseta.o
         0          0          0          8          0          0   mvars.o
      2258         90          0          0          0        452   printfa.o
         0          0          0          4          0          0   stdout.o
        44          0          0          0          0         80   uidiv.o
        98          0          0          0          0         92   uldiv.o
        48          0          0          0          0         68   cdrcmple.o
       334          0          0          0          0        148   dadd.o
       222          0          0          0          0        100   ddiv.o
       186          0          0          0          0        176   depilogue.o
        48          0          0          0          0         68   dfixul.o
       228          0          0          0          0         96   dmul.o
        38          0          0          0          0         68   f2d.o

    ----------------------------------------------------------------------
      3958        122          0         12          0       1880   Library Totals
         4          0          0          0          0          0   (incl. Padding)

    ----------------------------------------------------------------------

      Code (inc. data)   RO Data    RW Data    ZI Data      Debug   Library Name

      2850        122          0         12          0       1156   mc_w.l
      1104          0          0          0          0        724   mf_w.l

    ----------------------------------------------------------------------
      3958        122          0         12          0       1880   Library Totals

    ----------------------------------------------------------------------

==============================================================================


      Code (inc. data)   RO Data    RW Data    ZI Data      Debug   

     26132       1418        952        320       8040     487997   Grand Totals
     26132       1418        952        100       8040     487997   ELF Image Totals (compressed)
     26132       1418        952        100          0          0   ROM Totals

==============================================================================

    Total RO  Size (Code + RO Data)                27084 (  26.45kB)
    Total RW  Size (RW Data + ZI Data)              8360 (   8.16kB)
    Total ROM Size (Code + RO Data + RW Data)      27184 (  26.55kB)

==============================================================================

