Component: ARM Compiler 5.06 update 4 (build 422) Tool: armlink [4d35d2]

==============================================================================

Section Cross References

    main.o(i.main) refers to kos.o(i.KOS_Boot) for KOS_Boot
    main.o(i.main) refers to sch.o(i.Sch_Arrange) for Sch_Arrange
    main.o(i.main) refers to clk.o(i.Clk_GetMsTick) for Clk_GetMsTick
    main.o(i.main) refers to f2d.o(.text) for __aeabi_f2d
    main.o(i.main) refers to printfa.o(i.__0printf) for __2printf
    main.o(i.main) refers to main.o(i.task) for task
    main.o(i.main) refers to odo.o(.bss) for odo
    main.o(i.task) refers to stm32f4xx_gpio.o(i.GPIO_ToggleBits) for GPIO_ToggleBits
    kos.o(i.KOS_Boot) refers to app.o(i.App_Init) for App_Init
    kos.o(i.KOS_Boot) refers to sch.o(i.Sch_Init) for Sch_Init
    kos.o(i.KOS_Boot) refers to sch.o(i.Sch_Arrange) for Sch_Arrange
    kos.o(i.KOS_Boot) refers to bsp.o(i.Bsp_Config) for Bsp_Config
    kos.o(i.KOS_Boot) refers to act.o(i.Act_Init) for Act_Init
    kos.o(i.KOS_Boot) refers to tim.o(i.Tim_Start) for Tim_Start
    kos.o(i.KOS_Boot) refers to app.o(i.App_Proc) for App_Proc
    kos.o(i.KOS_Stop) refers to sch.o(i.Sch_Dismiss) for Sch_Dismiss
    kos.o(i.KOS_Stop) refers to act.o(i.Act_Init) for Act_Init
    kos.o(i.KOS_Stop) refers to app.o(i.App_Proc) for App_Proc
    sch.o(i.Sch_Arrange) refers to sch.o(i.getSchTask) for getSchTask
    sch.o(i.Sch_Arrange) refers to sch.o(i.newSchTask) for newSchTask
    sch.o(i.Sch_Arrange) refers to sch.o(.data) for .data
    sch.o(i.Sch_Dismiss) refers to sch.o(i.getSchTask) for getSchTask
    sch.o(i.Sch_Dismiss) refers to malloc.o(i.free) for free
    sch.o(i.Sch_Dismiss) refers to sch.o(.data) for .data
    sch.o(i.Sch_Init) refers to sch.o(.data) for .data
    sch.o(i.Sch_Proc) refers to sch.o(.data) for .data
    sch.o(i.getSchTask) refers to sch.o(.data) for .data
    sch.o(i.newSchTask) refers to malloc.o(i.malloc) for malloc
    sch.o(i.newSchTask) refers to memseta.o(.text) for __aeabi_memclr4
    act.o(i.Act_Init) refers to motor.o(i.CM_Cmd) for CM_Cmd
    act.o(i.Act_Init) refers to motor.o(i.GM_Cmd) for GM_Cmd
    act.o(i.Act_Proc) refers to motor.o(i.CM_Cmd) for CM_Cmd
    act.o(i.Act_Proc) refers to motor.o(i.GM_Cmd) for GM_Cmd
    act.o(i.Act_Proc) refers to ctl.o(.bss) for ctl
    app.o(i.App_Init) refers to ios.o(i.Ios_Init) for Ios_Init
    app.o(i.App_Init) refers to cfg.o(i.Cfg_Init) for Cfg_Init
    app.o(i.App_Init) refers to clk.o(i.Clk_Init) for Clk_Init
    app.o(i.App_Init) refers to com.o(i.Com_Init) for Com_Init
    app.o(i.App_Init) refers to dci.o(i.Dci_Init) for Dci_Init
    app.o(i.App_Init) refers to wdg.o(i.Wdg_Init) for Wdg_Init
    app.o(i.App_Init) refers to ini.o(i.Ini_Init) for Ini_Init
    app.o(i.App_Init) refers to wsm.o(i.Wsm_Init) for Wsm_Init
    app.o(i.App_Init) refers to upd.o(i.Upd_Init) for Upd_Init
    app.o(i.App_Proc) refers to wdg.o(i.Wdg_Proc) for Wdg_Proc
    app.o(i.App_Proc) refers to ini.o(i.Ini_Proc) for Ini_Proc
    app.o(i.App_Proc) refers to wsm.o(i.Wsm_Proc) for Wsm_Proc
    app.o(i.App_Proc) refers to upd.o(i.Upd_Proc) for Upd_Proc
    cal.o(i.Cal_GetFlag) refers to cal.o(.data) for .data
    cal.o(i.Cal_HasFlag) refers to cal.o(.data) for .data
    cal.o(i.Cal_HitFlag) refers to cal.o(.data) for .data
    cal.o(i.Cal_Init) refers to maf.o(i.Maf_Init) for Maf_Init
    cal.o(i.Cal_Init) refers to cal.o(.data) for .data
    cal.o(i.Cal_Init) refers to cal.o(.bss) for .bss
    cal.o(i.Cal_Proc) refers to stm32f4xx_gpio.o(i.GPIO_ReadInputDataBit) for GPIO_ReadInputDataBit
    cal.o(i.Cal_Proc) refers to motor.o(i.GM_Cmd) for GM_Cmd
    cal.o(i.Cal_Proc) refers to maf.o(i.Maf_Proc) for Maf_Proc
    cal.o(i.Cal_Proc) refers to cal.o(i.Cal_SetGph) for Cal_SetGph
    cal.o(i.Cal_Proc) refers to cal.o(i.Cal_SetGpl) for Cal_SetGpl
    cal.o(i.Cal_Proc) refers to cal.o(.data) for .data
    cal.o(i.Cal_Proc) refers to odo.o(.bss) for odo
    cal.o(i.Cal_Proc) refers to cal.o(.bss) for .bss
    cal.o(i.Cal_SetFlag) refers to cal.o(.data) for .data
    cal.o(i.Cal_SetGph) refers to motor.o(i.GM_Cmd) for GM_Cmd
    cal.o(i.Cal_SetGph) refers to maf.o(i.Maf_Reset) for Maf_Reset
    cal.o(i.Cal_SetGph) refers to fun.o(i.Flag_Set) for Flag_Set
    cal.o(i.Cal_SetGph) refers to cal.o(.bss) for .bss
    cal.o(i.Cal_SetGph) refers to cal.o(.data) for .data
    cal.o(i.Cal_SetGph) refers to odo.o(.bss) for odo
    cal.o(i.Cal_SetGph) refers to cfg.o(.data) for cfg
    cal.o(i.Cal_SetGpl) refers to motor.o(i.GM_Cmd) for GM_Cmd
    cal.o(i.Cal_SetGpl) refers to maf.o(i.Maf_Reset) for Maf_Reset
    cal.o(i.Cal_SetGpl) refers to fun.o(i.Flag_Set) for Flag_Set
    cal.o(i.Cal_SetGpl) refers to cal.o(.bss) for .bss
    cal.o(i.Cal_SetGpl) refers to cal.o(.data) for .data
    cal.o(i.Cal_SetGpl) refers to odo.o(.bss) for odo
    cal.o(i.Cal_SetGpl) refers to cfg.o(.data) for cfg
    can.o(i.Can_Init) refers to can.o(i.Motor_Reset) for Motor_Reset
[...]
    i.map                                    0x080071d8   Section        0  fun.o(i.map)
    i.newSchTask                             0x08007210   Section        0  sch.o(i.newSchTask)
    newSchTask                               0x08007211   Thumb Code    40  sch.o(i.newSchTask)
    i.task                                   0x08007238   Section        0  main.o(i.task)
    .constdata                               0x08007248   Section      414  cfg.o(.constdata)
    .constdata                               0x080073e8   Section       68  wdg.o(.constdata)
    CNT                                      0x080073e8   Data          68  wdg.o(.constdata)
    .data                                    0x20000000   Section       12  sch.o(.data)
    tick                                     0x20000000   Data           4  sch.o(.data)
    first                                    0x20000004   Data           4  sch.o(.data)
    last                                     0x20000008   Data           4  sch.o(.data)
    .data                                    0x2000000c   Section        8  cal.o(.data)
    calFlag                                  0x2000000c   Data           4  cal.o(.data)
    gm_startup_delay_cnt                     0x20000010   Data           4  cal.o(.data)
    .data                                    0x20000014   Section      207  cfg.o(.data)
    .data                                    0x200000e4   Section       20  clk.o(.data)
    us_tick                                  0x200000e4   Data           4  clk.o(.data)
    us_temp                                  0x200000e8   Data           4  clk.o(.data)
    ms_tick                                  0x200000ec   Data           4  clk.o(.data)
    ms_temp                                  0x200000f0   Data           4  clk.o(.data)
    sc_tick                                  0x200000f4   Data           4  clk.o(.data)
    .data                                    0x200000f8   Section       48  ctl.o(.data)
    .data                                    0x20000128   Section        4  ini.o(.data)
    iniFlag                                  0x20000128   Data           4  ini.o(.data)
    .data                                    0x2000012c   Section        8  ios.o(.data)
    .data                                    0x20000134   Section        4  odo.o(.data)
    odo_gp_c                                 0x20000134   Data           4  odo.o(.data)
    .data                                    0x20000138   Section       72  wdg.o(.data)
    err                                      0x20000138   Data           4  wdg.o(.data)
    cnt                                      0x2000013c   Data          68  wdg.o(.data)
    .data                                    0x20000180   Section        2  wsm.o(.data)
    workingState                             0x20000180   Data           1  wsm.o(.data)
    lastWorkingState                         0x20000181   Data           1  wsm.o(.data)
    .data                                    0x20000182   Section       16  stm32f4xx_rcc.o(.data)
    APBAHBPrescTable                         0x20000182   Data          16  stm32f4xx_rcc.o(.data)
    .data                                    0x20000194   Section        4  stdout.o(.data)
    .data                                    0x20000198   Section        4  mvars.o(.data)
    .data                                    0x2000019c   Section        4  mvars.o(.data)
    .bss                                     0x200001a0   Section       56  cal.o(.bss)
    maf                                      0x200001a0   Data          16  cal.o(.bss)
    buf                                      0x200001b0   Data          40  cal.o(.bss)
    .bss                                     0x200001d8   Section      692  can.o(.bss)
    .bss                                     0x2000048c   Section       48  cmd.o(.bss)
    .bss                                     0x200004bc   Section      396  ctl.o(.bss)
    .bss                                     0x20000648   Section       22  dci.o(.bss)
    .bss                                     0x20000660   Section      612  dnl.o(.bss)
    buf                                      0x200006ad   Data         512  dnl.o(.bss)
    fifo                                     0x200008b0   Data          20  dnl.o(.bss)
    .bss                                     0x200008c4   Section      240  hci.o(.bss)
    hcf                                      0x200008c4   Data          16  hci.o(.bss)
    maf                                      0x200008d4   Data          64  hci.o(.bss)
    buf                                      0x20000914   Data         160  hci.o(.bss)
    .bss                                     0x200009b4   Section       20  mec.o(.bss)
    mecanum                                  0x200009b4   Data          20  mec.o(.bss)
    .bss                                     0x200009c8   Section      100  odo.o(.bss)
    .bss                                     0x20000a2c   Section       16  rci.o(.bss)
    rcf                                      0x20000a2c   Data          16  rci.o(.bss)
    .bss                                     0x20000a3c   Section      276  upl.o(.bss)
    buf                                      0x20000a3c   Data         256  upl.o(.bss)
    fifo                                     0x20000b3c   Data          20  upl.o(.bss)
    .bss                                     0x20000b50   Section      552  btm.o(.bss)
    rx_fifo                                  0x20000b50   Data          20  btm.o(.bss)
    tx_fifo                                  0x20000b64   Data          20  btm.o(.bss)
    rx_buf                                   0x20000b78   Data         256  btm.o(.bss)
    tx_buf                                   0x20000c78   Data         256  btm.o(.bss)
    .bss                                     0x20000d78   Section      552  dbi.o(.bss)
    rx_fifo                                  0x20000d78   Data          20  dbi.o(.bss)
    tx_fifo                                  0x20000d8c   Data          20  dbi.o(.bss)
    rx_buf                                   0x20000da0   Data         256  dbi.o(.bss)
    tx_buf                                   0x20000ea0   Data         256  dbi.o(.bss)
    .bss                                     0x20000fa0   Section       72  rcv.o(.bss)
    buf                                      0x20000fa0   Data          72  rcv.o(.bss)
    .bss                                     0x20000fe8   Section      552  tty.o(.bss)
    rx_fifo                                  0x20000fe8   Data          20  tty.o(.bss)
    tx_fifo                                  0x20000ffc   Data          20  tty.o(.bss)
    rx_buf                                   0x20001010   Data         256  tty.o(.bss)
    tx_buf                                   0x20001110   Data         256  tty.o(.bss)
    HEAP                                     0x20001210   Section     4096  startup_stm32f427xx.o(HEAP)
    STACK                                    0x20002210   Section     1024  startup_stm32f427xx.o(STACK)

    Global Symbols

    Symbol Name                              Value     Ov Type        Size  Object(Section)

    BuildAttributes$$THM_ISAv4$E$P$D$K$B$S$7EM$VFPi3$EXTD16$VFPS$VFMA$PE$A:L22UL41UL21$X:L11$S22US41US21$IEEE1$IW$USESV6$~STKCKD$USESV7$~SHL$OTIME$ROPI$IEEEX$EBA8$MICROLIB$REQ8$PRES8$EABIv2 0x00000000   Number         0  anon$$obj.o ABSOLUTE
    __ARM_use_no_argv                        0x00000000   Number         0  main.o ABSOLUTE
    _printf_a                                0x00000000   Number         0  stubs.o ABSOLUTE
    _printf_c                                0x00000000   Number         0  stubs.o ABSOLUTE
    _printf_charcount                        0x00000000   Number         0  stubs.o ABSOLUTE
    _printf_d                                0x00000000   Number         0  stubs.o ABSOLUTE
    _printf_e                                0x00000000   Number         0  stubs.o ABSOLUTE
    _printf_f                                0x00000000   Number         0  stubs.o ABSOLUTE
    _printf_flags                            0x00000000   Number         0  stubs.o ABSOLUTE
    _printf_fp_dec                           0x00000000   Number         0  stubs.o ABSOLUTE
    _printf_fp_hex                           0x00000000   Number         0  stubs.o ABSOLUTE
    _printf_g                                0x00000000   Number         0  stubs.o ABSOLUTE
    _printf_i                                0x00000000   Number         0  stubs.o ABSOLUTE
    _printf_int_dec                          0x00000000   Number         0  stubs.o ABSOLUTE
    _printf_l                                0x00000000   Number         0  stubs.o ABSOLUTE
    _printf_lc                               0x00000000   Number         0  stubs.o ABSOLUTE
    _printf_ll                               0x00000000   Number         0  stubs.o ABSOLUTE
    _printf_lld                              0x00000000   Number         0  stubs.o ABSOLUTE
    _printf_lli                              0x00000000   Number         0  stubs.o ABSOLUTE
    _printf_llo                              0x00000000   Number         0  stubs.o ABSOLUTE
    _printf_llu                              0x00000000   Number         0  stubs.o ABSOLUTE
    _printf_llx                              0x00000000   Number         0  stubs.o ABSOLUTE
    _printf_longlong_dec                     0x00000000   Number         0  stubs.o ABSOLUTE
    _printf_longlong_hex                     0x00000000   Number         0  stubs.o ABSOLUTE
    _printf_longlong_oct                     0x00000000   Number         0  stubs.o ABSOLUTE
    _printf_ls                               0x00000000   Number         0  stubs.o ABSOLUTE
    _printf_mbtowc                           0x00000000   Number         0  stubs.o ABSOLUTE
    _printf_n                                0x00000000   Number         0  stubs.o ABSOLUTE
    _printf_o                                0x00000000   Number         0  stubs.o ABSOLUTE
    _printf_p                                0x00000000   Number         0  stubs.o ABSOLUTE
    _printf_percent                          0x00000000   Number         0  stubs.o ABSOLUTE
    _printf_pre_padding                      0x00000000   Number         0  stubs.o ABSOLUTE
    _printf_return_value                     0x00000000   Number         0  stubs.o ABSOLUTE
    _printf_s                                0x00000000   Number         0  stubs.o ABSOLUTE
    _printf_sizespec                         0x00000000   Number         0  stubs.o ABSOLUTE
    _printf_str                              0x00000000   Number         0  stubs.o ABSOLUTE
    _printf_truncate_signed                  0x00000000   Number         0  stubs.o ABSOLUTE
    _printf_truncate_unsigned                0x00000000   Number         0  stubs.o ABSOLUTE
    _printf_u                                0x00000000   Number         0  stubs.o ABSOLUTE
    _printf_wc                               0x00000000   Number         0  stubs.o ABSOLUTE
    _printf_wctomb                           0x00000000   Number         0  stubs.o ABSOLUTE
    _printf_widthprec                        0x00000000   Number         0  stubs.o ABSOLUTE
    _printf_x                                0x00000000   Number         0  stubs.o ABSOLUTE
    __cpp_initialize__aeabi_                  - Undefined Weak Reference
    __cxa_finalize                            - Undefined Weak Reference
    _clock_init                               - Undefined Weak Reference
    _microlib_exit                            - Undefined Weak Reference
    __Vectors_Size                           0x000001ac   Number         0  startup_stm32f427xx.o ABSOLUTE
    __Vectors                                0x08000000   Data           4  startup_stm32f427xx.o(RESET)
    __Vectors_End                            0x080001ac   Data           0  startup_stm32f427xx.o(RESET)
    __main                                   0x080001ad   Thumb Code     0  entry.o(.ARM.Collect$$$$00000000)
    _main_stk                                0x080001ad   Thumb Code     0  entry2.o(.ARM.Collect$$$$00000001)
    _main_scatterload                        0x080001b1   Thumb Code     0  entry5.o(.ARM.Collect$$$$00000004)
    __main_after_scatterload                 0x080001b5   Thumb Code     0  entry5.o(.ARM.Collect$$$$00000004)
    _main_clock                              0x080001b5   Thumb Code     0  entry7b.o(.ARM.Collect$$$$00000008)
    _main_cpp_init                           0x080001b5   Thumb Code     0  entry8b.o(.ARM.Collect$$$$0000000A)
    _main_init                               0x080001b5   Thumb Code     0  entry9a.o(.ARM.Collect$$$$0000000B)
    __rt_final_cpp                           0x080001bd   Thumb Code     0  entry10a.o(.ARM.Collect$$$$0000000D)
    __rt_final_exit                          0x080001bd   Thumb Code     0  entry11a.o(.ARM.Collect$$$$0000000F)
    Reset_Handler                            0x080001c1   Thumb Code     8  startup_stm32f427xx.o(.text)
    SysTick_Handler                          0x080001d9   Thumb Code     2  startup_stm32f427xx.o(.text)
    ADC_IRQHandler                           0x080001db   Thumb Code     0  startup_stm32f427xx.o(.text)
    CAN1_RX1_IRQHandler                      0x080001db   Thumb Code     0  startup_stm32f427xx.o(.text)
    CAN1_SCE_IRQHandler                      0x080001db   Thumb Code     0  startup_stm32f427xx.o(.text)
    CAN2_RX1_IRQHandler                      0x080001db   Thumb Code     0  startup_stm32f427xx.o(.text)
    CAN2_SCE_IRQHandler                      0x080001db   Thumb Code     0  startup_stm32f427xx.o(.text)
    DCMI_IRQHandler                          0x080001db   Thumb Code     0  startup_stm32f427xx.o(.text)
    DMA1_Stream0_IRQHandler                  0x080001db   Thumb Code     0  startup_stm32f427xx.o(.text)
    DMA1_Stream1_IRQHandler                  0x080001db   Thumb Code     0  startup_stm32f427xx.o(.text)
    DMA1_Stream2_IRQHandler                  0x080001db   Thumb Code     0  startup_stm32f427xx.o(.text)
    DMA1_Stream3_IRQHandler                  0x080001db   Thumb Code     0  startup_stm32f427xx.o(.text)
    DMA1_Stream4_IRQHandler                  0x080001db   Thumb Code     0  startup_stm32f427xx.o(.text)
    DMA1_Stream5_IRQHandler                  0x080001db   Thumb Code     0  startup_stm32f427xx.o(.text)
    DMA1_Stream6_IRQHandler                  0x080001db   Thumb Code     0  startup_stm32f427xx.o(.text)
    DMA1_Stream7_IRQHandler                  0x080001db   Thumb Code     0  startup_stm32f427xx.o(.text)
    DMA2D_IRQHandler                         0x080001db   Thumb Code     0  startup_stm32f427xx.o(.text)
    DMA2_Stream0_IRQHandler                  0x080001db   Thumb Code     0  startup_stm32f427xx.o(.text)
    DMA2_Stream1_IRQHandler                  0x080001db   Thumb Code     0  startup_stm32f427xx.o(.text)
    DMA2_Stream2_IRQHandler                  0x080001db   Thumb Code     0  startup_stm32f427xx.o(.text)
    DMA2_Stream3_IRQHandler                  0x080001db   Thumb Code     0  startup_stm32f427xx.o(.text)
    DMA2_Stream4_IRQHandler                  0x080001db   Thumb Code     0  startup_stm32f427xx.o(.text)
    DMA2_Stream5_IRQHandler                  0x080001db   Thumb Code     0  startup_stm32f427xx.o(.text)
    DMA2_Stream6_IRQHandler                  0x080001db   Thumb Code     0  startup_stm32f427xx.o(.text)
    DMA2_Stream7_IRQHandler                  0x080001db   Thumb Code     0  startup_stm32f427xx.o(.text)
    ETH_IRQHandler                           0x080001db   Thumb Code     0  startup_stm32f427xx.o(.text)
    ETH_WKUP_IRQHandler                      0x080001db   Thumb Code     0  startup_stm32f427xx.o(.text)
    EXTI0_IRQHandler                         0x080001db   Thumb Code     0  startup_stm32f427xx.o(.text)
    EXTI15_10_IRQHandler                     0x080001db   Thumb Code     0  startup_stm32f427xx.o(.text)
    EXTI1_IRQHandler                         0x080001db   Thumb Code     0  startup_stm32f427xx.o(.text)
    EXTI2_IRQHandler                         0x080001db   Thumb Code     0  startup_stm32f427xx.o(.text)
    EXTI3_IRQHandler                         0x080001db   Thumb Code     0  startup_stm32f427xx.o(.text)
    EXTI4_IRQHandler                         0x080001db   Thumb Code     0  startup_stm32f427xx.o(.text)
    EXTI9_5_IRQHandler                       0x080001db   Thumb Code     0  startup_stm32f427xx.o(.text)
    FLASH_IRQHandler                         0x080001db   Thumb Code     0  startup_stm32f427xx.o(.text)
    FMC_IRQHandler                           0x080001db   Thumb Code     0  startup_stm32f427xx.o(.text)
    FPU_IRQHandler                           0x080001db   Thumb Code     0  startup_stm32f427xx.o(.text)
    HASH_RNG_IRQHandler                      0x080001db   Thumb Code     0  startup_stm32f427xx.o(.text)
    I2C1_ER_IRQHandler                       0x080001db   Thumb Code     0  startup_stm32f427xx.o(.text)
    I2C1_EV_IRQHandler                       0x080001db   Thumb Code     0  startup_stm32f427xx.o(.text)
    I2C2_ER_IRQHandler                       0x080001db   Thumb Code     0  startup_stm32f427xx.o(.text)
    I2C2_EV_IRQHandler                       0x080001db   Thumb Code     0  startup_stm32f427xx.o(.text)
    I2C3_ER_IRQHandler                       0x080001db   Thumb Code     0  startup_stm32f427xx.o(.text)
    I2C3_EV_IRQHandler                       0x080001db   Thumb Code     0  startup_stm32f427xx.o(.text)
    OTG_FS_IRQHandler                        0x080001db   Thumb Code     0  startup_stm32f427xx.o(.text)
    OTG_FS_WKUP_IRQHandler                   0x080001db   Thumb Code     0  startup_stm32f427xx.o(.text)
    OTG_HS_EP1_IN_IRQHandler                 0x080001db   Thumb Code     0  startup_stm32f427xx.o(.text)
    OTG_HS_EP1_OUT_IRQHandler                0x080001db   Thumb Code     0  startup_stm32f427xx.o(.text)
    OTG_HS_IRQHandler                        0x080001db   Thumb Code     0  startup_stm32f427xx.o(.text)
    OTG_HS_WKUP_IRQHandler                   0x080001db   Thumb Code     0  startup_stm32f427xx.o(.text)
    PVD_IRQHandler                           0x080001db   Thumb Code     0  startup_stm32f427xx.o(.text)
    RCC_IRQHandler                           0x080001db   Thumb Code     0  startup_stm32f427xx.o(.text)
    RTC_Alarm_IRQHandler                     0x080001db   Thumb Code     0  startup_stm32f427xx.o(.text)
    RTC_WKUP_IRQHandler                      0x080001db   Thumb Code     0  startup_stm32f427xx.o(.text)
    SAI1_IRQHandler                          0x080001db   Thumb Code     0  startup_stm32f427xx.o(.text)
    SDIO_IRQHandler                          0x080001db   Thumb Code     0  startup_stm32f427xx.o(.text)
    SPI1_IRQHandler                          0x080001db   Thumb Code     0  startup_stm32f427xx.o(.text)
    SPI2_IRQHandler                          0x080001db   Thumb Code     0  startup_stm32f427xx.o(.text)
    SPI3_IRQHandler                          0x080001db   Thumb Code     0  startup_stm32f427xx.o(.text)
    SPI4_IRQHandler                          0x080001db   Thumb Code     0  startup_stm32f427xx.o(.text)
    SPI5_IRQHandler                          0x080001db   Thumb Code     0  startup_stm32f427xx.o(.text)
    SPI6_IRQHandler                          0x080001db   Thumb Code     0  startup_stm32f427xx.o(.text)
    TAMP_STAMP_IRQHandler                    0x080001db   Thumb Code     0  startup_stm32f427xx.o(.text)
    TIM1_BRK_TIM9_IRQHandler                 0x080001db   Thumb Code     0  startup_stm32f427xx.o(.text)
    TIM1_CC_IRQHandler                       0x080001db   Thumb Code     0  startup_stm32f427xx.o(.text)
    TIM1_TRG_COM_TIM11_IRQHandler            0x080001db   Thumb Code     0  startup_stm32f427xx.o(.text)
    TIM1_UP_TIM10_IRQHandler                 0x080001db   Thumb Code     0  startup_stm32f427xx.o(.text)
    TIM3_IRQHandler                          0x080001db   Thumb Code     0  startup_stm32f427xx.o(.text)
    TIM4_IRQHandler                          0x080001db   Thumb Code     0  startup_stm32f427xx.o(.text)
    TIM5_IRQHandler                          0x080001db   Thumb Code     0  startup_stm32f427xx.o(.text)
    TIM7_IRQHandler                          0x080001db   Thumb Code     0  startup_stm32f427xx.o(.text)
    TIM8_BRK_TIM12_IRQHandler                0x080001db   Thumb Code     0  startup_stm32f427xx.o(.text)
    TIM8_CC_IRQHandler                       0x080001db   Thumb Code     0  startup_stm32f427xx.o(.text)
    TIM8_TRG_COM_TIM14_IRQHandler            0x080001db   Thumb Code     0  startup_stm32f427xx.o(.text)
    TIM8_UP_TIM13_IRQHandler                 0x080001db   Thumb Code     0  startup_stm32f427xx.o(.text)
    UART4_IRQHandler                         0x080001db   Thumb Code     0  startup_stm32f427xx.o(.text)
    UART5_IRQHandler                         0x080001db   Thumb Code     0  startup_stm32f427xx.o(.text)
    UART7_IRQHandler                         0x080001db   Thumb Code     0  startup_stm32f427xx.o(.text)
    UART8_IRQHandler                         0x080001db   Thumb Code     0  startup_stm32f427xx.o(.text)
    WWDG_IRQHandler                          0x080001db   Thumb Code     0  startup_stm32f427xx.o(.text)
    __aeabi_memcpy                           0x080001e5   Thumb Code    36  memcpya.o(.text)
    __aeabi_memcpy4                          0x080001e5   Thumb Code     0  memcpya.o(.text)
    __aeabi_memcpy8                          0x080001e5   Thumb Code     0  memcpya.o(.text)
    __aeabi_memset                           0x08000209   Thumb Code    14  memseta.o(.text)
    __aeabi_memset4                          0x08000209   Thumb Code     0  memseta.o(.text)
    __aeabi_memset8                          0x08000209   Thumb Code     0  memseta.o(.text)
    __aeabi_memclr                           0x08000217   Thumb Code     4  memseta.o(.text)
    __aeabi_memclr4                          0x08000217   Thumb Code     0  memseta.o(.text)
    __aeabi_memclr8                          0x08000217   Thumb Code     0  memseta.o(.text)
    _memset$wrapper                          0x0800021b   Thumb Code    18  memseta.o(.text)
    __aeabi_dmul                             0x0800022d   Thumb Code   228  dmul.o(.text)
    __aeabi_ddiv                             0x08000311   Thumb Code   222  ddiv.o(.text)
    __aeabi_f2d                              0x080003ef   Thumb Code    38  f2d.o(.text)
    __aeabi_uidiv                            0x08000415   Thumb Code     0  uidiv.o(.text)
    __aeabi_uidivmod                         0x08000415   Thumb Code    44  uidiv.o(.text)
    __aeabi_uldivmod                         0x08000441   Thumb Code    98  uldiv.o(.text)
    __I$use$fp                               0x080004a3   Thumb Code     0  iusefp.o(.text)
    _double_round                            0x080004a3   Thumb Code    30  depilogue.o(.text)
    _double_epilogue                         0x080004c1   Thumb Code   156  depilogue.o(.text)
    __aeabi_dadd                             0x0800055d   Thumb Code   322  dadd.o(.text)
    __aeabi_dsub                             0x0800069f   Thumb Code     6  dadd.o(.text)
    __aeabi_drsub                            0x080006a5   Thumb Code     6  dadd.o(.text)
    __aeabi_d2ulz                            0x080006ab   Thumb Code    48  dfixul.o(.text)
    __aeabi_cdrcmple                         0x080006dd   Thumb Code    48  cdrcmple.o(.text)
    __scatterload                            0x0800070d   Thumb Code    28  init.o(.text)
    __scatterload_rt2                        0x0800070d   Thumb Code     0  init.o(.text)
    __aeabi_llsl                             0x08000731   Thumb Code    30  llshl.o(.text)
    _ll_shift_l                              0x08000731   Thumb Code     0  llshl.o(.text)
    __aeabi_llsr                             0x0800074f   Thumb Code    32  llushr.o(.text)
    _ll_ushift_r                             0x0800074f   Thumb Code     0  llushr.o(.text)
    __aeabi_lasr                             0x0800076f   Thumb Code    36  llsshr.o(.text)
    _ll_sshift_r                             0x0800076f   Thumb Code     0  llsshr.o(.text)
    __decompress                             0x08000793   Thumb Code     0  __dczerorl2.o(.text)
    __decompress1                            0x08000793   Thumb Code    86  __dczerorl2.o(.text)
    Act_Init                                 0x080007e9   Thumb Code    48  act.o(i.Act_Init)
    Act_Proc                                 0x08000821   Thumb Code   122  act.o(i.Act_Proc)
    App_Init                                 0x080008a9   Thumb Code    42  app.o(i.App_Init)
    App_Proc                                 0x080008d3   Thumb Code    22  app.o(i.App_Proc)
    Bsp_Config                               0x080008e9   Thumb Code    64  bsp.o(i.Bsp_Config)
    BtmRxCallback                            0x0800092d   Thumb Code     4  com_srv.o(i.BtmRxCallback)
    Btm_Config                               0x08000931   Thumb Code    94  btm.o(i.Btm_Config)
    Btm_GetRxFifoUsed                        0x080009a1   Thumb Code     6  btm.o(i.Btm_GetRxFifoUsed)
    Btm_Proc                                 0x080009ad   Thumb Code     6  com.o(i.Btm_Proc)
    Btm_ReadByte                             0x080009b5   Thumb Code    64  btm.o(i.Btm_ReadByte)
    Btn_Config                               0x080009fd   Thumb Code     6  btn.o(i.Btn_Config)
    BusFault_Handler                         0x08000a09   Thumb Code     2  stm32f4xx_it.o(i.BusFault_Handler)
    CAN1_RX0_IRQHandler                      0x08000a0d   Thumb Code    58  can1.o(i.CAN1_RX0_IRQHandler)
    CAN1_TX_IRQHandler                       0x08000a51   Thumb Code    30  can1.o(i.CAN1_TX_IRQHandler)
    CAN2_RX0_IRQHandler                      0x08000a75   Thumb Code    58  can2.o(i.CAN2_RX0_IRQHandler)
    CAN2_TX_IRQHandler                       0x08000ab9   Thumb Code    30  can2.o(i.CAN2_TX_IRQHandler)
    CAN_ClearFlag                            0x08000add   Thumb Code    44  stm32f4xx_can.o(i.CAN_ClearFlag)
    CAN_ClearITPendingBit                    0x08000b0d   Thumb Code   116  stm32f4xx_can.o(i.CAN_ClearITPendingBit)
    CAN_Config                               0x08000b85   Thumb Code    98  stm32util.o(i.CAN_Config)
    CAN_FilterInit                           0x08000bf1   Thumb Code   194  stm32f4xx_can.o(i.CAN_FilterInit)
    CAN_Filter_Config                        0x08000cbd   Thumb Code    54  stm32util.o(i.CAN_Filter_Config)
    CAN_GetITStatus                          0x08000cf5   Thumb Code   162  stm32f4xx_can.o(i.CAN_GetITStatus)
    CAN_ITConfig                             0x08000d9d   Thumb Code    16  stm32f4xx_can.o(i.CAN_ITConfig)
    CAN_Init                                 0x08000dad   Thumb Code   232  stm32f4xx_can.o(i.CAN_Init)
    CAN_Receive                              0x08000e95   Thumb Code   144  stm32f4xx_can.o(i.CAN_Receive)
    CAN_Transmit                             0x08000f25   Thumb Code   164  stm32f4xx_can.o(i.CAN_Transmit)
    CBUS_Init                                0x08000fc9   Thumb Code     6  cbus.o(i.CBUS_Init)
    CM_Cmd                                   0x08000fcf   Thumb Code    78  motor.o(i.CM_Cmd)
    CS_Set                                   0x0800101d   Thumb Code     6  sys.o(i.CS_Set)
    Cal_Init                                 0x08001025   Thumb Code    20  cal.o(i.Cal_Init)
    Cal_IsDone                               0x08001041   Thumb Code     4  cal.o(i.Cal_IsDone)
    Cal_Proc                                 0x08001045   Thumb Code   210  cal.o(i.Cal_Proc)
    Cal_SetGph                               0x08001135   Thumb Code    46  cal.o(i.Cal_SetGph)
    Cal_SetGpl                               0x08001179   Thumb Code    46  cal.o(i.Cal_SetGpl)
    Can1RxCallback                           0x080011bd   Thumb Code     4  can_srv.o(i.Can1RxCallback)
    Can1_Config                              0x080011c1   Thumb Code   104  can1.o(i.Can1_Config)
    Can2RxCallback                           0x08001231   Thumb Code     4  can_srv.o(i.Can2RxCallback)
    Can2_Config                              0x08001235   Thumb Code   106  can2.o(i.Can2_Config)
    Can_Init                                 0x080012a9   Thumb Code    44  can.o(i.Can_Init)
    Can_Proc                                 0x080012d9   Thumb Code   168  can.o(i.Can_Proc)
    Cfg_GetFlag                              0x0800138d   Thumb Code     8  cfg.o(i.Cfg_GetFlag)
    Cfg_Init                                 0x08001399   Thumb Code   228  cfg.o(i.Cfg_Init)
    Cfg_IsSynced                             0x08001485   Thumb Code    14  cfg.o(i.Cfg_IsSynced)
    Cfg_Load                                 0x08001499   Thumb Code     6  cfg.o(i.Cfg_Load)
    Cfg_Proc                                 0x080014a1   Thumb Code    22  cfg.o(i.Cfg_Proc)
    Cfg_Save                                 0x080014bd   Thumb Code     6  cfg.o(i.Cfg_Save)
    Clk_GetMsTick                            0x08001581   Thumb Code     6  clk.o(i.Clk_GetMsTick)
    Clk_Init                                 0x0800158d   Thumb Code    16  clk.o(i.Clk_Init)
    Clk_Spin                                 0x080015a1   Thumb Code    50  clk.o(i.Clk_Spin)
    Cmd_Init                                 0x080015d9   Thumb Code   102  cmd.o(i.Cmd_Init)
    Cmd_Proc                                 0x08001649   Thumb Code   290  cmd.o(i.Cmd_Proc)
    Com_Init                                 0x08001775   Thumb Code    14  com.o(i.Com_Init)
    Ctl_Init                                 0x08001785   Thumb Code   182  ctl.o(i.Ctl_Init)
    Ctl_Proc                                 0x0800184d   Thumb Code    34  ctl.o(i.Ctl_Proc)
    DBUS_Dec                                 0x080018dd   Thumb Code    24  dbus.o(i.DBUS_Dec)
    DBUS_Init                                0x080018f5   Thumb Code    20  dbus.o(i.DBUS_Init)
    DMA_Cmd                                  0x08001909   Thumb Code    20  stm32f4xx_dma.o(i.DMA_Cmd)
    DMA_Config                               0x0800191d   Thumb Code   100  stm32util.o(i.DMA_Config)
    DMA_DoubleBufferModeCmd                  0x08001989   Thumb Code    20  stm32f4xx_dma.o(i.DMA_DoubleBufferModeCmd)
    DMA_DoubleBufferModeConfig               0x0800199d   Thumb Code    22  stm32f4xx_dma.o(i.DMA_DoubleBufferModeConfig)
    DMA_GetCurrDataCounter                   0x080019b3   Thumb Code     6  stm32f4xx_dma.o(i.DMA_GetCurrDataCounter)
    DMA_GetCurrentMemoryTarget               0x080019b9   Thumb Code    14  stm32f4xx_dma.o(i.DMA_GetCurrentMemoryTarget)
    DMA_Init                                 0x080019c9   Thumb Code    80  stm32f4xx_dma.o(i.DMA_Init)
    DbiRxCallback                            0x08001a1d   Thumb Code     4  com_srv.o(i.DbiRxCallback)
    Dbi_Config                               0x08001a21   Thumb Code    94  dbi.o(i.Dbi_Config)
    Dbi_GetRxFifoUsed                        0x08001a91   Thumb Code     6  dbi.o(i.Dbi_GetRxFifoUsed)
    Dbi_GetTxFifoFree                        0x08001a9d   Thumb Code     6  dbi.o(i.Dbi_GetTxFifoFree)
    Dbi_Proc                                 0x08001aa9   Thumb Code     6  com.o(i.Dbi_Proc)
    Dbi_ReadByte                             0x08001ab1   Thumb Code    64  dbi.o(i.Dbi_ReadByte)
    Dbi_WriteByte                            0x08001af9   Thumb Code    58  dbi.o(i.Dbi_WriteByte)
    Dci_Init                                 0x08001b3d   Thumb Code    20  dci.o(i.Dci_Init)
    Dci_Proc                                 0x08001b55   Thumb Code    60  dci.o(i.Dci_Proc)
    DebugMon_Handler                         0x08001b91   Thumb Code     2  stm32f4xx_it.o(i.DebugMon_Handler)
    Dnl_Init                                 0x08001b95   Thumb Code    36  dnl.o(i.Dnl_Init)
    Ekf_Init                                 0x08001bbd   Thumb Code     8  ekf.o(i.Ekf_Init)
    Ekf_Proc                                 0x08001bc5   Thumb Code    74  ekf.o(i.Ekf_Proc)
    Ekf_Reset                                0x08001c11   Thumb Code    22  ekf.o(i.Ekf_Reset)
    FIFO_Flush                               0x08001c2d   Thumb Code    22  fifo.o(i.FIFO_Flush)
    FIFO_GetFree                             0x08001c43   Thumb Code     8  fifo.o(i.FIFO_GetFree)
    FIFO_GetUsed                             0x08001c4b   Thumb Code     4  fifo.o(i.FIFO_GetUsed)
    FIFO_Init                                0x08001c4f   Thumb Code     8  fifo.o(i.FIFO_Init)
    FIFO_IsEmpty                             0x08001c57   Thumb Code    12  fifo.o(i.FIFO_IsEmpty)
    FIFO_IsFull                              0x08001c63   Thumb Code    16  fifo.o(i.FIFO_IsFull)
    FIFO_Pop                                 0x08001c73   Thumb Code    52  fifo.o(i.FIFO_Pop)
    FIFO_Push                                0x08001ca7   Thumb Code    58  fifo.o(i.FIFO_Push)
    FLASH_DataCacheCmd                       0x08001ce1   Thumb Code    22  stm32f4xx_flash.o(i.FLASH_DataCacheCmd)
    FLASH_EraseSector                        0x08001cfd   Thumb Code   104  stm32f4xx_flash.o(i.FLASH_EraseSector)
    FLASH_GetStatus                          0x08001d69   Thumb Code    56  stm32f4xx_flash.o(i.FLASH_GetStatus)
    FLASH_Lock                               0x08001da5   Thumb Code    12  stm32f4xx_flash.o(i.FLASH_Lock)
    FLASH_ProgramByte                        0x08001db5   Thumb Code    52  stm32f4xx_flash.o(i.FLASH_ProgramByte)
    FLASH_Unlock                             0x08001ded   Thumb Code    22  stm32f4xx_flash.o(i.FLASH_Unlock)
    FLASH_WaitForLastOperation               0x08001e11   Thumb Code    30  stm32f4xx_flash.o(i.FLASH_WaitForLastOperation)
    FS_Clr                                   0x08001e2f   Thumb Code     4  sys.o(i.FS_Clr)
    FS_Cpy                                   0x08001e33   Thumb Code     4  sys.o(i.FS_Cpy)
    FS_Det                                   0x08001e37   Thumb Code     4  sys.o(i.FS_Det)
    Flag_Clr                                 0x08001e3b   Thumb Code     8  fun.o(i.Flag_Clr)
    Flag_Cpy                                 0x08001e43   Thumb Code    38  fun.o(i.Flag_Cpy)
    Flag_Det                                 0x08001e69   Thumb Code    14  fun.o(i.Flag_Det)
    Flag_Get                                 0x08001e77   Thumb Code     6  fun.o(i.Flag_Get)
    Flag_Set                                 0x08001e7d   Thumb Code     8  fun.o(i.Flag_Set)
    Flash_Read                               0x08001f25   Thumb Code    22  flash.o(i.Flash_Read)
    Flash_Write                              0x08001f3d   Thumb Code   122  flash.o(i.Flash_Write)
    Fos_Read                                 0x08001fbd   Thumb Code    10  fos.o(i.Fos_Read)
    Fos_Write                                0x08001fcd   Thumb Code    10  fos.o(i.Fos_Write)
    GM_Cmd                                   0x08001fdd   Thumb Code    72  motor.o(i.GM_Cmd)
    GPIO_AF                                  0x08002025   Thumb Code    40  stm32util.o(i.GPIO_AF)
    GPIO_Config                              0x0800204d   Thumb Code   236  stm32util.o(i.GPIO_Config)
    GPIO_In                                  0x08002165   Thumb Code    16  stm32util.o(i.GPIO_In)
    GPIO_Init                                0x08002175   Thumb Code   162  stm32f4xx_gpio.o(i.GPIO_Init)
    GPIO_Out                                 0x08002217   Thumb Code    18  stm32util.o(i.GPIO_Out)
    GPIO_PinAFConfig                         0x08002229   Thumb Code    32  stm32f4xx_gpio.o(i.GPIO_PinAFConfig)
    GPIO_ReadInputDataBit                    0x08002249   Thumb Code    14  stm32f4xx_gpio.o(i.GPIO_ReadInputDataBit)
    GPIO_ReadOutputDataBit                   0x08002257   Thumb Code    14  stm32f4xx_gpio.o(i.GPIO_ReadOutputDataBit)
    GPIO_ResetBits                           0x08002265   Thumb Code     4  stm32f4xx_gpio.o(i.GPIO_ResetBits)
    GPIO_SetBits                             0x08002269   Thumb Code     4  stm32f4xx_gpio.o(i.GPIO_SetBits)
    GPIO_ToggleBits                          0x0800226d   Thumb Code     8  stm32f4xx_gpio.o(i.GPIO_ToggleBits)
    GS_Set                                   0x08002275   Thumb Code     6  sys.o(i.GS_Set)
    HardFault_Handler                        0x080027c9   Thumb Code     2  stm32f4xx_it.o(i.HardFault_Handler)
    Hcf_Init                                 0x080027cd   Thumb Code    38  hcf.o(i.Hcf_Init)
    Hcf_Proc                                 0x080027f3   Thumb Code    64  hcf.o(i.Hcf_Proc)
    Hci_Init                                 0x08002835   Thumb Code    48  hci.o(i.Hci_Init)
    Hci_MouseBtn                             0x08002869   Thumb Code    12  hci.o(i.Hci_MouseBtn)
    Hci_PreProc                              0x08002879   Thumb Code     8  hci.o(i.Hci_PreProc)
    Hci_Proc                                 0x08002885   Thumb Code    24  hci.o(i.Hci_Proc)
    Hcp_Dec                                  0x0800289d   Thumb Code    30  hcp.o(i.Hcp_Dec)
    Hcp_Init                                 0x080028bb   Thumb Code    28  hcp.o(i.Hcp_Init)
    Ini_Init                                 0x080028d9   Thumb Code     8  ini.o(i.Ini_Init)
    Ini_IsDone                               0x080028e5   Thumb Code    20  ini.o(i.Ini_IsDone)
    Ini_Proc                                 0x080028fd   Thumb Code   126  ini.o(i.Ini_Proc)
    Ios_Init                                 0x0800298d   Thumb Code    18  ios.o(i.Ios_Init)
    Ios_ReadByte                             0x080029a9   Thumb Code    50  ios.o(i.Ios_ReadByte)
    Ios_SetIn                                0x080029dd   Thumb Code    10  ios.o(i.Ios_SetIn)
    Ios_SetOut                               0x080029ed   Thumb Code    10  ios.o(i.Ios_SetOut)
    Ios_WriteByte                            0x080029fd   Thumb Code    22  ios.o(i.Ios_WriteByte)
    KOS_Boot                                 0x08002a15   Thumb Code    34  kos.o(i.KOS_Boot)
    Key_Config                               0x08002a3d   Thumb Code    20  key.o(i.Key_Config)
    Led_Config                               0x08002a55   Thumb Code    40  led.o(i.Led_Config)
    MS_Set                                   0x08002a85   Thumb Code     6  sys.o(i.MS_Set)
    Maf_Init                                 0x08002a8b   Thumb Code     8  maf.o(i.Maf_Init)
    Maf_Proc                                 0x08002a93   Thumb Code    66  maf.o(i.Maf_Proc)
    Maf_Reset                                0x08002ad5   Thumb Code    42  maf.o(i.Maf_Reset)
    Mec_Decomp                               0x08002b05   Thumb Code    10  mec.o(i.Mec_Decomp)
    Mec_Init                                 0x08002b15   Thumb Code    40  mec.o(i.Mec_Init)
    Mec_Synthe                               0x08002b45   Thumb Code    10  mec.o(i.Mec_Synthe)
    Mecanum_Config                           0x08002b55   Thumb Code    42  mecanum.o(i.Mecanum_Config)
    Mecanum_Decomp                           0x08002b7f   Thumb Code   142  mecanum.o(i.Mecanum_Decomp)
    Mecanum_Synthe                           0x08002c0d   Thumb Code   114  mecanum.o(i.Mecanum_Synthe)
    MemManage_Handler                        0x08002c7f   Thumb Code     2  stm32f4xx_it.o(i.MemManage_Handler)
    Motor_Process                            0x08002c81   Thumb Code   288  can.o(i.Motor_Process)
    Motor_Ready                              0x08002dc1   Thumb Code    14  can.o(i.Motor_Ready)
    Motor_Reset                              0x08002dcf   Thumb Code     6  can.o(i.Motor_Reset)
    NMI_Handler                              0x08002dd5   Thumb Code     2  stm32f4xx_it.o(i.NMI_Handler)
    NVIC_Config                              0x08002dd7   Thumb Code    28  stm32util.o(i.NVIC_Config)
    NVIC_Init                                0x08002df5   Thumb Code    96  misc.o(i.NVIC_Init)
    NVIC_PriorityGroupConfig                 0x08002e59   Thumb Code    10  misc.o(i.NVIC_PriorityGroupConfig)
    Odo_Init                                 0x08002e6d   Thumb Code   190  odo.o(i.Odo_Init)
    Odo_Proc                                 0x08002f35   Thumb Code   268  odo.o(i.Odo_Proc)
    PID_Calc                                 0x08003069   Thumb Code   278  pid.o(i.PID_Calc)
    PID_Config                               0x08003185   Thumb Code     6  pid.o(i.PID_Config)
    PID_Reset                                0x0800318d   Thumb Code    30  pid.o(i.PID_Reset)
    PWM_Bind                                 0x080031b1   Thumb Code  5436  stm32util.o(i.PWM_Bind)
    PendSV_Handler                           0x080046f5   Thumb Code     2  stm32f4xx_it.o(i.PendSV_Handler)
    Pwm_Config                               0x080046f9   Thumb Code    66  pwm.o(i.Pwm_Config)
    RCC_AHB1PeriphClockCmd                   0x08004745   Thumb Code    18  stm32f4xx_rcc.o(i.RCC_AHB1PeriphClockCmd)
    RCC_APB1PeriphClockCmd                   0x0800475d   Thumb Code    18  stm32f4xx_rcc.o(i.RCC_APB1PeriphClockCmd)
    RCC_APB2PeriphClockCmd                   0x08004775   Thumb Code    18  stm32f4xx_rcc.o(i.RCC_APB2PeriphClockCmd)
    RCC_GetClocksFreq                        0x0800478d   Thumb Code   132  stm32f4xx_rcc.o(i.RCC_GetClocksFreq)
    Rcf_Init                                 0x08004821   Thumb Code    40  rcf.o(i.Rcf_Init)
    Rcf_Proc                                 0x08004849   Thumb Code    64  rcf.o(i.Rcf_Proc)
    Rci_Init                                 0x08004889   Thumb Code     6  rci.o(i.Rci_Init)
    Rci_PreProc                              0x08004895   Thumb Code     8  rci.o(i.Rci_PreProc)
    Rci_Proc                                 0x080048a1   Thumb Code    18  rci.o(i.Rci_Proc)
    Rci_Sw                                   0x080048b5   Thumb Code    12  rci.o(i.Rci_Sw)
    Rcp_Dec                                  0x080048c5   Thumb Code    78  rcp.o(i.Rcp_Dec)
    Rcp_Init                                 0x08004915   Thumb Code    38  rcp.o(i.Rcp_Init)
    RcvCallback                              0x0800493b   Thumb Code     4  rcv_srv.o(i.RcvCallback)
    Rcv_Config                               0x08004941   Thumb Code   126  rcv.o(i.Rcv_Config)
    Rcv_Proc                                 0x080049d5   Thumb Code    28  dci.o(i.Rcv_Proc)
    Rmp_Calc                                 0x080049f5   Thumb Code    40  rmp.o(i.Rmp_Calc)
    Rmp_Config                               0x08004a1d   Thumb Code     4  rmp.o(i.Rmp_Config)
    Rmp_Reset                                0x08004a3d   Thumb Code     6  rmp.o(i.Rmp_Reset)
    SVC_Handler                              0x08004a43   Thumb Code     2  stm32f4xx_it.o(i.SVC_Handler)
    Sch_Arrange                              0x08004a45   Thumb Code    58  sch.o(i.Sch_Arrange)
    Sch_Init                                 0x08004a85   Thumb Code    20  sch.o(i.Sch_Init)
    Sch_Proc                                 0x08004a9d   Thumb Code    52  sch.o(i.Sch_Proc)
    SyncTimCallback                          0x08004ba5   Thumb Code     4  tim_srv.o(i.SyncTimCallback)
    SyncTim_Config                           0x08004ba9   Thumb Code    38  tim.o(i.SyncTim_Config)
    SyncTim_Start                            0x08004bd5   Thumb Code    34  tim.o(i.SyncTim_Start)
    SystemInit                               0x08004bfd   Thumb Code    74  system_stm32f4xx.o(i.SystemInit)
    TIM2_IRQHandler                          0x08004c59   Thumb Code    42  tim.o(i.TIM2_IRQHandler)
    TIM6_DAC_IRQHandler                      0x08004c85   Thumb Code    42  tim.o(i.TIM6_DAC_IRQHandler)
    TIM_ARRPreloadConfig                     0x08004cb5   Thumb Code    20  stm32f4xx_tim.o(i.TIM_ARRPreloadConfig)
    TIM_ClearFlag                            0x08004cc9   Thumb Code     6  stm32f4xx_tim.o(i.TIM_ClearFlag)
    TIM_ClearITPendingBit                    0x08004ccf   Thumb Code     6  stm32f4xx_tim.o(i.TIM_ClearITPendingBit)
    TIM_Cmd                                  0x08004cd5   Thumb Code    20  stm32f4xx_tim.o(i.TIM_Cmd)
    TIM_Config                               0x08004ce9   Thumb Code   276  stm32util.o(i.TIM_Config)
    TIM_GetITStatus                          0x08004e2d   Thumb Code    24  stm32f4xx_tim.o(i.TIM_GetITStatus)
    TIM_ITConfig                             0x08004e45   Thumb Code    16  stm32f4xx_tim.o(i.TIM_ITConfig)
    TIM_OC1Init                              0x08004e55   Thumb Code    88  stm32f4xx_tim.o(i.TIM_OC1Init)
    TIM_OC1PreloadConfig                     0x08004eb5   Thumb Code    12  stm32f4xx_tim.o(i.TIM_OC1PreloadConfig)
    TIM_OC2Init                              0x08004ec1   Thumb Code   120  stm32f4xx_tim.o(i.TIM_OC2Init)
    TIM_OC2PreloadConfig                     0x08004f41   Thumb Code    20  stm32f4xx_tim.o(i.TIM_OC2PreloadConfig)
    TIM_OC3Init                              0x08004f55   Thumb Code   116  stm32f4xx_tim.o(i.TIM_OC3Init)
    TIM_OC3PreloadConfig                     0x08004fd1   Thumb Code    12  stm32f4xx_tim.o(i.TIM_OC3PreloadConfig)
    TIM_OC4Init                              0x08004fdd   Thumb Code    88  stm32f4xx_tim.o(i.TIM_OC4Init)
    TIM_OC4PreloadConfig                     0x0800503d   Thumb Code    20  stm32f4xx_tim.o(i.TIM_OC4PreloadConfig)
    TIM_OC_Config                            0x08005051   Thumb Code   130  stm32util.o(i.TIM_OC_Config)
    TIM_TimeBaseInit                         0x080050d5   Thumb Code    96  stm32f4xx_tim.o(i.TIM_TimeBaseInit)
    TickTimCallback                          0x08005151   Thumb Code     4  tim_srv.o(i.TickTimCallback)
    TickTim_Config                           0x08005155   Thumb Code    36  tim.o(i.TickTim_Config)
    TickTim_Start                            0x08005179   Thumb Code    34  tim.o(i.TickTim_Start)
    Tim_Config                               0x0800519b   Thumb Code    14  tim.o(i.Tim_Config)
    Tim_Start                                0x080051a9   Thumb Code    14  tim.o(i.Tim_Start)
    TtyRxCallback                            0x080051b7   Thumb Code     4  com_srv.o(i.TtyRxCallback)
    Tty_GetRxFifoUsed                        0x080051bd   Thumb Code     6  tty.o(i.Tty_GetRxFifoUsed)
    Tty_Proc                                 0x080051c9   Thumb Code     6  com.o(i.Tty_Proc)
    Tty_ReadByte                             0x080051d1   Thumb Code    64  tty.o(i.Tty_ReadByte)
    USART1_IRQHandler                        0x08005219   Thumb Code   104  rcv.o(i.USART1_IRQHandler)
    USART2_IRQHandler                        0x0800528d   Thumb Code   142  btm.o(i.USART2_IRQHandler)
    USART3_IRQHandler                        0x08005325   Thumb Code   142  dbi.o(i.USART3_IRQHandler)
    USART6_IRQHandler                        0x080053bd   Thumb Code   142  tty.o(i.USART6_IRQHandler)
    USART_Bind                               0x08005455   Thumb Code  3544  stm32util.o(i.USART_Bind)
    USART_Cmd                                0x08006235   Thumb Code    20  stm32f4xx_usart.o(i.USART_Cmd)
    USART_Config                             0x08006249   Thumb Code   366  stm32util.o(i.USART_Config)
    USART_DMACmd                             0x080063d9   Thumb Code    16  stm32f4xx_usart.o(i.USART_DMACmd)
    USART_GetITStatus                        0x080063e9   Thumb Code    62  stm32f4xx_usart.o(i.USART_GetITStatus)
    USART_ITConfig                           0x08006427   Thumb Code    48  stm32f4xx_usart.o(i.USART_ITConfig)
    USART_Init                               0x08006459   Thumb Code   164  stm32f4xx_usart.o(i.USART_Init)
    USART_ReceiveData                        0x08006505   Thumb Code     8  stm32f4xx_usart.o(i.USART_ReceiveData)
    USART_SendData                           0x0800650d   Thumb Code     8  stm32f4xx_usart.o(i.USART_SendData)
    Upd_Init                                 0x08006515   Thumb Code    18  upd.o(i.Upd_Init)
    Upd_Proc                                 0x08006527   Thumb Code    66  upd.o(i.Upd_Proc)
    Upl_Init                                 0x08006569   Thumb Code    14  upl.o(i.Upl_Init)
    UsageFault_Handler                       0x0800657d   Thumb Code     2  stm32f4xx_it.o(i.UsageFault_Handler)
    Wdg_Feed                                 0x08006581   Thumb Code    10  wdg.o(i.Wdg_Feed)
    Wdg_HasErr                               0x08006591   Thumb Code     8  wdg.o(i.Wdg_HasErr)
    Wdg_HitErr                               0x0800659d   Thumb Code    16  wdg.o(i.Wdg_HitErr)
    Wdg_Init                                 0x080065b1   Thumb Code    34  wdg.o(i.Wdg_Init)
    Wdg_IsOkay                               0x080065dd   Thumb Code    28  wdg.o(i.Wdg_IsOkay)
    Wdg_Proc                                 0x080065f9   Thumb Code    58  wdg.o(i.Wdg_Proc)
    Wsm_GetWs                                0x0800663d   Thumb Code     6  wsm.o(i.Wsm_GetWs)
    Wsm_Init                                 0x08006649   Thumb Code    10  wsm.o(i.Wsm_Init)
    Wsm_Proc                                 0x08006659   Thumb Code   170  wsm.o(i.Wsm_Proc)
    ZGyro_Process                            0x08006709   Thumb Code   126  can.o(i.ZGyro_Process)
    ZGyro_Ready                              0x08006795   Thumb Code    14  can.o(i.ZGyro_Ready)
    ZGyro_Reset                              0x080067a3   Thumb Code     6  can.o(i.ZGyro_Reset)
    __0printf                                0x080067a9   Thumb Code    22  printfa.o(i.__0printf)
    __1printf                                0x080067a9   Thumb Code     0  printfa.o(i.__0printf)
    __2printf                                0x080067a9   Thumb Code     0  printfa.o(i.__0printf)
    __c89printf                              0x080067a9   Thumb Code     0  printfa.o(i.__0printf)
    printf                                   0x080067a9   Thumb Code     0  printfa.o(i.__0printf)
    __scatterload_copy                       0x080067c9   Thumb Code    14  handlers.o(i.__scatterload_copy)
    __scatterload_null                       0x080067d7   Thumb Code     2  handlers.o(i.__scatterload_null)
    __scatterload_zeroinit                   0x080067d9   Thumb Code    14  handlers.o(i.__scatterload_zeroinit)
    constrain                                0x0800709b   Thumb Code    32  fun.o(i.constrain)
    fputc                                    0x080070bd   Thumb Code    16  ios.o(i.fputc)
    main                                     0x080070ed   Thumb Code    92  main.o(i.main)
    malloc                                   0x0800716d   Thumb Code    92  malloc.o(i.malloc)
    map                                      0x080071d9   Thumb Code    56  fun.o(i.map)
    task                                     0x08007239   Thumb Code    10  main.o(i.task)
    Region$$Table$$Base                      0x0800742c   Number         0  anon$$obj.o(Region$$Table)
    Region$$Table$$Limit                     0x0800744c   Number         0  anon$$obj.o(Region$$Table)
    cfg_sync_flag                            0x20000014   Data           1  cfg.o(.data)
    cfg                                      0x20000015   Data         206  cfg.o(.data)
    CM1SpeedRmp                              0x200000f8   Data           8  ctl.o(.data)
    CM2SpeedRmp                              0x20000100   Data           8  ctl.o(.data)
    CM3SpeedRmp                              0x20000108   Data           8  ctl.o(.data)
    CM4SpeedRmp                              0x20000110   Data           8  ctl.o(.data)
    GMESpeedRmp                              0x20000118   Data           8  ctl.o(.data)
    GMCSpeedRmp                              0x20000120   Data           8  ctl.o(.data)
    _in                                      0x2000012c   Data           4  ios.o(.data)
    _out                                     0x20000130   Data           4  ios.o(.data)
    __stdout                                 0x20000194   Data           4  stdout.o(.data)
    __microlib_freelist                      0x20000198   Data           4  mvars.o(.data)
    __microlib_freelist_initialised          0x2000019c   Data           4  mvars.o(.data)
    zgyro                                    0x200001d8   Data          44  can.o(.bss)
    motor                                    0x20000204   Data         648  can.o(.bss)
    cmd                                      0x2000048c   Data          48  cmd.o(.bss)
    ctl                                      0x200004bc   Data          36  ctl.o(.bss)
    CM1SpeedPID                              0x200004e0   Data          60  ctl.o(.bss)
    CM2SpeedPID                              0x2000051c   Data          60  ctl.o(.bss)
    CM3SpeedPID                              0x20000558   Data          60  ctl.o(.bss)
    CM4SpeedPID                              0x20000594   Data          60  ctl.o(.bss)
    GMEAnglePID                              0x200005d0   Data          60  ctl.o(.bss)
    GMESpeedPID                              0x2000060c   Data          60  ctl.o(.bss)
    dbus                                     0x20000648   Data          22  dci.o(.bss)
    vdbus                                    0x20000660   Data          22  dnl.o(.bss)
    vcbus                                    0x20000676   Data          14  dnl.o(.bss)
    pidCalib                                 0x20000684   Data          19  dnl.o(.bss)
    imuCalib                                 0x20000697   Data          12  dnl.o(.bss)
    velCalib                                 0x200006a3   Data          10  dnl.o(.bss)
    odo                                      0x200009c8   Data         100  odo.o(.bss)
    __heap_base                              0x20001210   Data           0  startup_stm32f427xx.o(HEAP)
    __heap_limit                             0x20002210   Data           0  startup_stm32f427xx.o(HEAP)
    __initial_sp                             0x20002610   Data           0  startup_stm32f427xx.o(STACK)



==============================================================================

Memory Map of the image

  Image Entry point : 0x080001ad

  Load Region LR_IROM1 (Base: 0x08000000, Size: 0x000075ec, Max: 0x00200000, ABSOLUTE, COMPRESSED[0x000074b8])

    Execution Region ER_IROM1 (Base: 0x08000000, Size: 0x0000744c, Max: 0x00200000, ABSOLUTE)

    Base Addr    Size         Type   Attr      Idx    E Section Name        Object

    0x08000000   0x000001ac   Data   RO         8979    RESET               startup_stm32f427xx.o
    0x080001ac   0x00000000   Code   RO         9022  * .ARM.Collect$$$$00000000  mc_w.l(entry.o)
    0x080001ac   0x00000004   Code   RO         9369    .ARM.Collect$$$$00000001  mc_w.l(entry2.o)
    0x080001b0   0x00000004   Code   RO         9372    .ARM.Collect$$$$00000004  mc_w.l(entry5.o)
    0x080001b4   0x00000000   Code   RO         9374    .ARM.Collect$$$$00000008  mc_w.l(entry7b.o)
    0x080001b4   0x00000000   Code   RO         9376    .ARM.Collect$$$$0000000A  mc_w.l(entry8b.o)
    0x080001b4   0x00000008   Code   RO         9377    .ARM.Collect$$$$0000000B  mc_w.l(entry9a.o)
    0x080001bc   0x00000000   Code   RO         9379    .ARM.Collect$$$$0000000D  mc_w.l(entry10a.o)
    0x080001bc   0x00000000   Code   RO         9381    .ARM.Collect$$$$0000000F  mc_w.l(entry11a.o)
    0x080001bc   0x00000004   Code   RO         9370    .ARM.Collect$$$$00002712  mc_w.l(entry2.o)
    0x080001c0   0x00000024   Code   RO         8980    .text               startup_stm32f427xx.o
    0x080001e4   0x00000024   Code   RO         9025    .text               mc_w.l(memcpya.o)
    0x08000208   0x00000024   Code   RO         9027    .text               mc_w.l(memseta.o)
    0x0800022c   0x000000e4   Code   RO         9322    .text               mf_w.l(dmul.o)
    0x08000310   0x000000de   Code   RO         9324    .text               mf_w.l(ddiv.o)
    0x080003ee   0x00000026   Code   RO         9326    .text               mf_w.l(f2d.o)
    0x08000414   0x0000002c   Code   RO         9384    .text               mc_w.l(uidiv.o)
    0x08000440   0x00000062   Code   RO         9386    .text               mc_w.l(uldiv.o)
    0x080004a2   0x00000000   Code   RO         9397    .text               mc_w.l(iusefp.o)
    0x080004a2   0x000000ba   Code   RO         9400    .text               mf_w.l(depilogue.o)
    0x0800055c   0x0000014e   Code   RO         9402    .text               mf_w.l(dadd.o)
    0x080006aa   0x00000030   Code   RO         9408    .text               mf_w.l(dfixul.o)
    0x080006da   0x00000002   PAD
    0x080006dc   0x00000030   Code   RO         9412    .text               mf_w.l(cdrcmple.o)
    0x0800070c   0x00000024   Code   RO         9414    .text               mc_w.l(init.o)
    0x08000730   0x0000001e   Code   RO         9416    .text               mc_w.l(llshl.o)
    0x0800074e   0x00000020   Code   RO         9418    .text               mc_w.l(llushr.o)
    0x0800076e   0x00000024   Code   RO         9420    .text               mc_w.l(llsshr.o)
    0x08000792   0x00000056   Code   RO         9430    .text               mc_w.l(__dczerorl2.o)
    0x080007e8   0x00000038   Code   RO          493    i.Act_Init          act.o
    0x08000820   0x00000088   Code   RO          494    i.Act_Proc          act.o
    0x080008a8   0x0000002a   Code   RO          523    i.App_Init          app.o
    0x080008d2   0x00000016   Code   RO          524    i.App_Proc          app.o
    0x080008e8   0x00000044   Code   RO         2923    i.Bsp_Config        bsp.o
    0x0800092c   0x00000004   Code   RO         2824    i.BtmRxCallback     com_srv.o
    0x08000930   0x00000070   Code   RO         2947    i.Btm_Config        btm.o
    0x080009a0   0x0000000c   Code   RO         2950    i.Btm_GetRxFifoUsed  btm.o
    0x080009ac   0x00000006   Code   RO          897    i.Btm_Proc          com.o
    0x080009b2   0x00000002   PAD
    0x080009b4   0x00000048   Code   RO         2957    i.Btm_ReadByte      btm.o
    0x080009fc   0x0000000c   Code   RO         3051    i.Btn_Config        btn.o
    0x08000a08   0x00000002   Code   RO          346    i.BusFault_Handler  stm32f4xx_it.o
    0x08000a0a   0x00000002   PAD
    0x08000a0c   0x00000044   Code   RO         3075    i.CAN1_RX0_IRQHandler  can1.o
    0x08000a50   0x00000024   Code   RO         3076    i.CAN1_TX_IRQHandler  can1.o
    0x08000a74   0x00000044   Code   RO         3123    i.CAN2_RX0_IRQHandler  can2.o
    0x08000ab8   0x00000024   Code   RO         3124    i.CAN2_TX_IRQHandler  can2.o
    0x08000adc   0x00000030   Code   RO         4118    i.CAN_ClearFlag     stm32f4xx_can.o
    0x08000b0c   0x00000078   Code   RO         4119    i.CAN_ClearITPendingBit  stm32f4xx_can.o
    0x08000b84   0x0000006c   Code   RO         3391    i.CAN_Config        stm32util.o
    0x08000bf0   0x000000cc   Code   RO         4123    i.CAN_FilterInit    stm32f4xx_can.o
    0x08000cbc   0x00000036   Code   RO         3392    i.CAN_Filter_Config  stm32util.o
    0x08000cf2   0x00000002   PAD
    0x08000cf4   0x000000a8   Code   RO         4125    i.CAN_GetITStatus   stm32f4xx_can.o
    0x08000d9c   0x00000010   Code   RO         4129    i.CAN_ITConfig      stm32f4xx_can.o
    0x08000dac   0x000000e8   Code   RO         4130    i.CAN_Init          stm32f4xx_can.o
    0x08000e94   0x00000090   Code   RO         4133    i.CAN_Receive       stm32f4xx_can.o
    0x08000f24   0x000000a4   Code   RO         4138    i.CAN_Transmit      stm32f4xx_can.o
    0x08000fc8   0x00000006   Code   RO         1931    i.CBUS_Init         cbus.o
    0x08000fce   0x0000004e   Code   RO         3739    i.CM_Cmd            motor.o
    0x0800101c   0x00000006   Code   RO         1596    i.CS_Set            sys.o
    0x08001022   0x00000002   PAD
    0x08001024   0x0000001c   Code   RO          556    i.Cal_Init          cal.o
    0x08001040   0x00000004   Code   RO          557    i.Cal_IsDone        cal.o
    0x08001044   0x000000f0   Code   RO          558    i.Cal_Proc          cal.o
    0x08001134   0x00000044   Code   RO          560    i.Cal_SetGph        cal.o
    0x08001178   0x00000044   Code   RO          561    i.Cal_SetGpl        cal.o
    0x080011bc   0x00000004   Code   RO         2803    i.Can1RxCallback    can_srv.o
    0x080011c0   0x00000070   Code   RO         3077    i.Can1_Config       can1.o
    0x08001230   0x00000004   Code   RO         2804    i.Can2RxCallback    can_srv.o
    0x08001234   0x00000074   Code   RO         3125    i.Can2_Config       can2.o
    0x080012a8   0x00000030   Code   RO          629    i.Can_Init          can.o
    0x080012d8   0x000000b4   Code   RO          630    i.Can_Proc          can.o
    0x0800138c   0x0000000c   Code   RO          729    i.Cfg_GetFlag       cfg.o
    0x08001398   0x000000ec   Code   RO          731    i.Cfg_Init          cfg.o
    0x08001484   0x00000014   Code   RO          732    i.Cfg_IsSynced      cfg.o
    0x08001498   0x00000006   Code   RO          733    i.Cfg_Load          cfg.o
    0x0800149e   0x00000002   PAD
    0x080014a0   0x0000001c   Code   RO          734    i.Cfg_Proc          cfg.o
    0x080014bc   0x00000006   Code   RO          736    i.Cfg_Save          cfg.o
    0x080014c2   0x00000002   PAD
    0x080014c4   0x000000b0   Code   RO          952    i.ChassisVelocityControl  ctl.o
    0x08001574   0x0000000c   Code   RO         4141    i.CheckITStatus     stm32f4xx_can.o
    0x08001580   0x0000000c   Code   RO          820    i.Clk_GetMsTick     clk.o
    0x0800158c   0x00000014   Code   RO          823    i.Clk_Init          clk.o
    0x080015a0   0x00000038   Code   RO          824    i.Clk_Spin          clk.o
    0x080015d8   0x00000070   Code   RO          861    i.Cmd_Init          cmd.o
    0x08001648   0x0000012c   Code   RO          862    i.Cmd_Proc          cmd.o
    0x08001774   0x0000000e   Code   RO          898    i.Com_Init          com.o
    0x08001782   0x00000002   PAD
    0x08001784   0x000000c8   Code   RO          953    i.Ctl_Init          ctl.o
    0x0800184c   0x0000002c   Code   RO          954    i.Ctl_Proc          ctl.o
    0x08001878   0x00000064   Code   RO          955    i.Cvl_Init          ctl.o
    0x080018dc   0x00000018   Code   RO         1987    i.DBUS_Dec          dbus.o
    0x080018f4   0x00000014   Code   RO         1989    i.DBUS_Init         dbus.o
    0x08001908   0x00000014   Code   RO         4913    i.DMA_Cmd           stm32f4xx_dma.o
    0x0800191c   0x0000006c   Code   RO         3393    i.DMA_Config        stm32util.o
    0x08001988   0x00000014   Code   RO         4915    i.DMA_DoubleBufferModeCmd  stm32f4xx_dma.o
    0x0800199c   0x00000016   Code   RO         4916    i.DMA_DoubleBufferModeConfig  stm32f4xx_dma.o
    0x080019b2   0x00000006   Code   RO         4919    i.DMA_GetCurrDataCounter  stm32f4xx_dma.o
    0x080019b8   0x0000000e   Code   RO         4920    i.DMA_GetCurrentMemoryTarget  stm32f4xx_dma.o
    0x080019c6   0x00000002   PAD
    0x080019c8   0x00000054   Code   RO         4925    i.DMA_Init          stm32f4xx_dma.o
    0x08001a1c   0x00000004   Code   RO         2825    i.DbiRxCallback     com_srv.o
    0x08001a20   0x00000070   Code   RO         3171    i.Dbi_Config        dbi.o
    0x08001a90   0x0000000c   Code   RO         3174    i.Dbi_GetRxFifoUsed  dbi.o
    0x08001a9c   0x0000000c   Code   RO         3175    i.Dbi_GetTxFifoFree  dbi.o
    0x08001aa8   0x00000006   Code   RO          900    i.Dbi_Proc          com.o
    0x08001aae   0x00000002   PAD
    0x08001ab0   0x00000048   Code   RO         3181    i.Dbi_ReadByte      dbi.o
    0x08001af8   0x00000044   Code   RO         3183    i.Dbi_WriteByte     dbi.o
    0x08001b3c   0x00000018   Code   RO         1162    i.Dci_Init          dci.o
    0x08001b54   0x0000003c   Code   RO         1163    i.Dci_Proc          dci.o
    0x08001b90   0x00000002   Code   RO          347    i.DebugMon_Handler  stm32f4xx_it.o
    0x08001b92   0x00000002   PAD
    0x08001b94   0x00000028   Code   RO         1204    i.Dnl_Init          dnl.o
    0x08001bbc   0x00000008   Code   RO         2013    i.Ekf_Init          ekf.o
    0x08001bc4   0x0000004a   Code   RO         2014    i.Ekf_Proc          ekf.o
    0x08001c0e   0x00000002   PAD
    0x08001c10   0x0000001c   Code   RO         2015    i.Ekf_Reset         ekf.o
    0x08001c2c   0x00000016   Code   RO         2112    i.FIFO_Flush        fifo.o
    0x08001c42   0x00000008   Code   RO         2113    i.FIFO_GetFree      fifo.o
    0x08001c4a   0x00000004   Code   RO         2115    i.FIFO_GetUsed      fifo.o
    0x08001c4e   0x00000008   Code   RO         2116    i.FIFO_Init         fifo.o
    0x08001c56   0x0000000c   Code   RO         2117    i.FIFO_IsEmpty      fifo.o
    0x08001c62   0x00000010   Code   RO         2118    i.FIFO_IsFull       fifo.o
    0x08001c72   0x00000034   Code   RO         2120    i.FIFO_Pop          fifo.o
    0x08001ca6   0x0000003a   Code   RO         2121    i.FIFO_Push         fifo.o
    0x08001ce0   0x0000001c   Code   RO         5266    i.FLASH_DataCacheCmd  stm32f4xx_flash.o
    0x08001cfc   0x0000006c   Code   RO         5271    i.FLASH_EraseSector  stm32f4xx_flash.o
    0x08001d68   0x0000003c   Code   RO         5273    i.FLASH_GetStatus   stm32f4xx_flash.o
    0x08001da4   0x00000010   Code   RO         5277    i.FLASH_Lock        stm32f4xx_flash.o
    0x08001db4   0x00000038   Code   RO         5298    i.FLASH_ProgramByte  stm32f4xx_flash.o
    0x08001dec   0x00000024   Code   RO         5303    i.FLASH_Unlock      stm32f4xx_flash.o
    0x08001e10   0x0000001e   Code   RO         5304    i.FLASH_WaitForLastOperation  stm32f4xx_flash.o
    0x08001e2e   0x00000004   Code   RO         1597    i.FS_Clr            sys.o
    0x08001e32   0x00000004   Code   RO         1598    i.FS_Cpy            sys.o
    0x08001e36   0x00000004   Code   RO         1599    i.FS_Det            sys.o
    0x08001e3a   0x00000008   Code   RO         2188    i.Flag_Clr          fun.o
    0x08001e42   0x00000026   Code   RO         2189    i.Flag_Cpy          fun.o
    0x08001e68   0x0000000e   Code   RO         2190    i.Flag_Det          fun.o
    0x08001e76   0x00000006   Code   RO         2191    i.Flag_Get          fun.o
    0x08001e7c   0x00000008   Code   RO         2193    i.Flag_Set          fun.o
    0x08001e84   0x000000a0   Code   RO         3704    i.Flash_GetSector   flash.o
    0x08001f24   0x00000016   Code   RO         3705    i.Flash_Read        flash.o
    0x08001f3a   0x00000002   PAD
    0x08001f3c   0x00000080   Code   RO         3706    i.Flash_Write       flash.o
    0x08001fbc   0x00000010   Code   RO         1246    i.Fos_Read          fos.o
    0x08001fcc   0x00000010   Code   RO         1247    i.Fos_Write         fos.o
    0x08001fdc   0x00000048   Code   RO         3740    i.GM_Cmd            motor.o
    0x08002024   0x00000028   Code   RO         3397    i.GPIO_AF           stm32util.o
    0x0800204c   0x00000118   Code   RO         3398    i.GPIO_Config       stm32util.o
    0x08002164   0x00000010   Code   RO         3399    i.GPIO_In           stm32util.o
    0x08002174   0x000000a2   Code   RO         5785    i.GPIO_Init         stm32f4xx_gpio.o
    0x08002216   0x00000012   Code   RO         3400    i.GPIO_Out          stm32util.o
    0x08002228   0x00000020   Code   RO         5786    i.GPIO_PinAFConfig  stm32f4xx_gpio.o
    0x08002248   0x0000000e   Code   RO         5789    i.GPIO_ReadInputDataBit  stm32f4xx_gpio.o
    0x08002256   0x0000000e   Code   RO         5791    i.GPIO_ReadOutputDataBit  stm32f4xx_gpio.o
    0x08002264   0x00000004   Code   RO         5792    i.GPIO_ResetBits    stm32f4xx_gpio.o
    0x08002268   0x00000004   Code   RO         5793    i.GPIO_SetBits      stm32f4xx_gpio.o
    0x0800226c   0x00000008   Code   RO         5795    i.GPIO_ToggleBits   stm32f4xx_gpio.o
    0x08002274   0x00000006   Code   RO         1603    i.GS_Set            sys.o
    0x0800227a   0x00000002   PAD
    0x0800227c   0x000000f8   Code   RO         1276    i.GetChassisVelocityRef  hci.o
    0x08002374   0x00000098   Code   RO         1539    i.GetChassisVelocityRef  rci.o
    0x0800240c   0x0000007c   Code   RO         1497    i.GetFunctionalStateFdb  odo.o
    0x08002488   0x00000100   Code   RO         1277    i.GetGrabberVelocityRef  hci.o
    0x08002588   0x000000f0   Code   RO         1540    i.GetGrabberVelocityRef  rci.o
    0x08002678   0x00000064   Code   RO          956    i.Gpl_Init          ctl.o
    0x080026dc   0x00000088   Code   RO          957    i.GrabberPositionControl  ctl.o
    0x08002764   0x00000064   Code   RO          958    i.Gvl_Init          ctl.o
    0x080027c8   0x00000002   Code   RO          348    i.HardFault_Handler  stm32f4xx_it.o
    0x080027ca   0x00000002   PAD
    0x080027cc   0x00000026   Code   RO         2294    i.Hcf_Init          hcf.o
    0x080027f2   0x00000040   Code   RO         2295    i.Hcf_Proc          hcf.o
    0x08002832   0x00000002   PAD
    0x08002834   0x00000034   Code   RO         1278    i.Hci_Init          hci.o
    0x08002868   0x00000010   Code   RO         1279    i.Hci_MouseBtn      hci.o
    0x08002878   0x0000000c   Code   RO         1280    i.Hci_PreProc       hci.o
    0x08002884   0x00000018   Code   RO         1281    i.Hci_Proc          hci.o
    0x0800289c   0x0000001e   Code   RO         2312    i.Hcp_Dec           hcp.o
    0x080028ba   0x0000001c   Code   RO         2314    i.Hcp_Init          hcp.o
    0x080028d6   0x00000002   PAD
    0x080028d8   0x0000000c   Code   RO         1329    i.Ini_Init          ini.o
    0x080028e4   0x00000018   Code   RO         1330    i.Ini_IsDone        ini.o
    0x080028fc   0x00000090   Code   RO         1331    i.Ini_Proc          ini.o
    0x0800298c   0x0000001c   Code   RO         1379    i.Ios_Init          ios.o
    0x080029a8   0x00000032   Code   RO         1381    i.Ios_ReadByte      ios.o
    0x080029da   0x00000002   PAD
    0x080029dc   0x00000010   Code   RO         1382    i.Ios_SetIn         ios.o
    0x080029ec   0x00000010   Code   RO         1383    i.Ios_SetOut        ios.o
    0x080029fc   0x00000016   Code   RO         1385    i.Ios_WriteByte     ios.o
    0x08002a12   0x00000002   PAD
    0x08002a14   0x00000028   Code   RO          415    i.KOS_Boot          kos.o
    0x08002a3c   0x00000018   Code   RO         3275    i.Key_Config        key.o
    0x08002a54   0x00000030   Code   RO         3299    i.Led_Config        led.o
    0x08002a84   0x00000006   Code   RO         1604    i.MS_Set            sys.o
    0x08002a8a   0x00000008   Code   RO         2518    i.Maf_Init          maf.o
    0x08002a92   0x00000042   Code   RO         2520    i.Maf_Proc          maf.o
    0x08002ad4   0x00000030   Code   RO         2521    i.Maf_Reset         maf.o
    0x08002b04   0x00000010   Code   RO         1454    i.Mec_Decomp        mec.o
    0x08002b14   0x00000030   Code   RO         1455    i.Mec_Init          mec.o
    0x08002b44   0x00000010   Code   RO         1456    i.Mec_Synthe        mec.o
    0x08002b54   0x0000002a   Code   RO         2558    i.Mecanum_Config    mecanum.o
    0x08002b7e   0x0000008e   Code   RO         2559    i.Mecanum_Decomp    mecanum.o
    0x08002c0c   0x00000072   Code   RO         2560    i.Mecanum_Synthe    mecanum.o
    0x08002c7e   0x00000002   Code   RO          349    i.MemManage_Handler  stm32f4xx_it.o
    0x08002c80   0x00000140   Code   RO          632    i.Motor_Process     can.o
    0x08002dc0   0x0000000e   Code   RO          633    i.Motor_Ready       can.o
    0x08002dce   0x00000006   Code   RO          634    i.Motor_Reset       can.o
    0x08002dd4   0x00000002   Code   RO          350    i.NMI_Handler       stm32f4xx_it.o
    0x08002dd6   0x0000001c   Code   RO         3401    i.NVIC_Config       stm32util.o
    0x08002df2   0x00000002   PAD
    0x08002df4   0x00000064   Code   RO         3820    i.NVIC_Init         misc.o
    0x08002e58   0x00000014   Code   RO         3821    i.NVIC_PriorityGroupConfig  misc.o
    0x08002e6c   0x000000c8   Code   RO         1498    i.Odo_Init          odo.o
    0x08002f34   0x00000134   Code   RO         1499    i.Odo_Proc          odo.o
    0x08003068   0x0000011c   Code   RO         2629    i.PID_Calc          pid.o
    0x08003184   0x00000006   Code   RO         2630    i.PID_Config        pid.o
    0x0800318a   0x00000002   PAD
    0x0800318c   0x00000024   Code   RO         2631    i.PID_Reset         pid.o
    0x080031b0   0x00001544   Code   RO         3402    i.PWM_Bind          stm32util.o
    0x080046f4   0x00000002   Code   RO          351    i.PendSV_Handler    stm32f4xx_it.o
    0x080046f6   0x00000002   PAD
    0x080046f8   0x0000004c   Code   RO         3323    i.Pwm_Config        pwm.o
    0x08004744   0x00000018   Code   RO         6732    i.RCC_AHB1PeriphClockCmd  stm32f4xx_rcc.o
    0x0800475c   0x00000018   Code   RO         6741    i.RCC_APB1PeriphClockCmd  stm32f4xx_rcc.o
    0x08004774   0x00000018   Code   RO         6744    i.RCC_APB2PeriphClockCmd  stm32f4xx_rcc.o
    0x0800478c   0x00000094   Code   RO         6753    i.RCC_GetClocksFreq  stm32f4xx_rcc.o
    0x08004820   0x00000028   Code   RO         2653    i.Rcf_Init          rcf.o
    0x08004848   0x00000040   Code   RO         2654    i.Rcf_Proc          rcf.o
    0x08004888   0x0000000c   Code   RO         1541    i.Rci_Init          rci.o
    0x08004894   0x0000000c   Code   RO         1543    i.Rci_PreProc       rci.o
    0x080048a0   0x00000012   Code   RO         1544    i.Rci_Proc          rci.o
    0x080048b2   0x00000002   PAD
    0x080048b4   0x00000010   Code   RO         1545    i.Rci_Sw            rci.o
    0x080048c4   0x0000004e   Code   RO         2671    i.Rcp_Dec           rcp.o
    0x08004912   0x00000002   PAD
    0x08004914   0x00000026   Code   RO         2673    i.Rcp_Init          rcp.o
    0x0800493a   0x00000004   Code   RO         2860    i.RcvCallback       rcv_srv.o
    0x0800493e   0x00000002   PAD
    0x08004940   0x00000094   Code   RO         3347    i.Rcv_Config        rcv.o
    0x080049d4   0x00000020   Code   RO         1164    i.Rcv_Proc          dci.o
    0x080049f4   0x00000028   Code   RO         2695    i.Rmp_Calc          rmp.o
    0x08004a1c   0x00000004   Code   RO         2696    i.Rmp_Config        rmp.o
    0x08004a20   0x0000001c   Code   RO          959    i.Rmp_Init          ctl.o
    0x08004a3c   0x00000006   Code   RO         2698    i.Rmp_Reset         rmp.o
    0x08004a42   0x00000002   Code   RO          352    i.SVC_Handler       stm32f4xx_it.o
    0x08004a44   0x00000040   Code   RO          442    i.Sch_Arrange       sch.o
    0x08004a84   0x00000018   Code   RO          444    i.Sch_Init          sch.o
    0x08004a9c   0x00000038   Code   RO          445    i.Sch_Proc          sch.o
    0x08004ad4   0x000000d0   Code   RO         8939    i.SetSysClock       system_stm32f4xx.o
    0x08004ba4   0x00000004   Code   RO         2899    i.SyncTimCallback   tim_srv.o
    0x08004ba8   0x0000002c   Code   RO         3503    i.SyncTim_Config    tim.o
    0x08004bd4   0x00000028   Code   RO         3504    i.SyncTim_Start     tim.o
    0x08004bfc   0x0000005c   Code   RO         8941    i.SystemInit        system_stm32f4xx.o
    0x08004c58   0x0000002a   Code   RO         3506    i.TIM2_IRQHandler   tim.o
    0x08004c82   0x00000002   PAD
    0x08004c84   0x00000030   Code   RO         3507    i.TIM6_DAC_IRQHandler  tim.o
    0x08004cb4   0x00000014   Code   RO         8129    i.TIM_ARRPreloadConfig  stm32f4xx_tim.o
    0x08004cc8   0x00000006   Code   RO         8135    i.TIM_ClearFlag     stm32f4xx_tim.o
    0x08004cce   0x00000006   Code   RO         8136    i.TIM_ClearITPendingBit  stm32f4xx_tim.o
    0x08004cd4   0x00000014   Code   RO         8141    i.TIM_Cmd           stm32f4xx_tim.o
    0x08004ce8   0x00000144   Code   RO         3403    i.TIM_Config        stm32util.o
    0x08004e2c   0x00000018   Code   RO         8162    i.TIM_GetITStatus   stm32f4xx_tim.o
    0x08004e44   0x00000010   Code   RO         8166    i.TIM_ITConfig      stm32f4xx_tim.o
    0x08004e54   0x00000060   Code   RO         8170    i.TIM_OC1Init       stm32f4xx_tim.o
    0x08004eb4   0x0000000c   Code   RO         8173    i.TIM_OC1PreloadConfig  stm32f4xx_tim.o
    0x08004ec0   0x00000080   Code   RO         8175    i.TIM_OC2Init       stm32f4xx_tim.o
    0x08004f40   0x00000014   Code   RO         8178    i.TIM_OC2PreloadConfig  stm32f4xx_tim.o
    0x08004f54   0x0000007c   Code   RO         8180    i.TIM_OC3Init       stm32f4xx_tim.o
    0x08004fd0   0x0000000c   Code   RO         8183    i.TIM_OC3PreloadConfig  stm32f4xx_tim.o
    0x08004fdc   0x00000060   Code   RO         8185    i.TIM_OC4Init       stm32f4xx_tim.o
    0x0800503c   0x00000014   Code   RO         8187    i.TIM_OC4PreloadConfig  stm32f4xx_tim.o
    0x08005050   0x00000082   Code   RO         3404    i.TIM_OC_Config     stm32util.o
    0x080050d2   0x00000002   PAD
    0x080050d4   0x0000007c   Code   RO         8213    i.TIM_TimeBaseInit  stm32f4xx_tim.o
    0x08005150   0x00000004   Code   RO         2900    i.TickTimCallback   tim_srv.o
    0x08005154   0x00000024   Code   RO         3508    i.TickTim_Config    tim.o
    0x08005178   0x00000022   Code   RO         3509    i.TickTim_Start     tim.o
    0x0800519a   0x0000000e   Code   RO         3511    i.Tim_Config        tim.o
    0x080051a8   0x0000000e   Code   RO         3512    i.Tim_Start         tim.o
    0x080051b6   0x00000004   Code   RO         2826    i.TtyRxCallback     com_srv.o
    0x080051ba   0x00000002   PAD
    0x080051bc   0x0000000c   Code   RO         3585    i.Tty_GetRxFifoUsed  tty.o
    0x080051c8   0x00000006   Code   RO          901    i.Tty_Proc          com.o
    0x080051ce   0x00000002   PAD
    0x080051d0   0x00000048   Code   RO         3592    i.Tty_ReadByte      tty.o
    0x08005218   0x00000074   Code   RO         3350    i.USART1_IRQHandler  rcv.o
    0x0800528c   0x00000098   Code   RO         2960    i.USART2_IRQHandler  btm.o
    0x08005324   0x00000098   Code   RO         3184    i.USART3_IRQHandler  dbi.o
    0x080053bc   0x00000098   Code   RO         3595    i.USART6_IRQHandler  tty.o
    0x08005454   0x00000de0   Code   RO         3405    i.USART_Bind        stm32util.o
    0x08006234   0x00000014   Code   RO         8682    i.USART_Cmd         stm32f4xx_usart.o
    0x08006248   0x00000190   Code   RO         3406    i.USART_Config      stm32util.o
    0x080063d8   0x00000010   Code   RO         8683    i.USART_DMACmd      stm32f4xx_usart.o
    0x080063e8   0x0000003e   Code   RO         8686    i.USART_GetITStatus  stm32f4xx_usart.o
    0x08006426   0x00000030   Code   RO         8688    i.USART_ITConfig    stm32f4xx_usart.o
    0x08006456   0x00000002   PAD
    0x08006458   0x000000ac   Code   RO         8689    i.USART_Init        stm32f4xx_usart.o
    0x08006504   0x00000008   Code   RO         8696    i.USART_ReceiveData  stm32f4xx_usart.o
    0x0800650c   0x00000008   Code   RO         8699    i.USART_SendData    stm32f4xx_usart.o
    0x08006514   0x00000012   Code   RO         1659    i.Upd_Init          upd.o
    0x08006526   0x00000042   Code   RO         1660    i.Upd_Proc          upd.o
    0x08006568   0x00000014   Code   RO         1689    i.Upl_Init          upl.o
    0x0800657c   0x00000002   Code   RO          353    i.UsageFault_Handler  stm32f4xx_it.o
    0x0800657e   0x00000002   PAD
    0x08006580   0x00000010   Code   RO         1724    i.Wdg_Feed          wdg.o
    0x08006590   0x0000000c   Code   RO         1727    i.Wdg_HasErr        wdg.o
    0x0800659c   0x00000014   Code   RO         1728    i.Wdg_HitErr        wdg.o
    0x080065b0   0x0000002c   Code   RO         1729    i.Wdg_Init          wdg.o
    0x080065dc   0x0000001c   Code   RO         1730    i.Wdg_IsOkay        wdg.o
    0x080065f8   0x00000044   Code   RO         1731    i.Wdg_Proc          wdg.o
    0x0800663c   0x0000000c   Code   RO         1784    i.Wsm_GetWs         wsm.o
    0x08006648   0x00000010   Code   RO         1785    i.Wsm_Init          wsm.o
    0x08006658   0x000000b0   Code   RO         1786    i.Wsm_Proc          wsm.o
    0x08006708   0x0000008c   Code   RO          635    i.ZGyro_Process     can.o
    0x08006794   0x0000000e   Code   RO          636    i.ZGyro_Ready       can.o
    0x080067a2   0x00000006   Code   RO          637    i.ZGyro_Reset       can.o
    0x080067a8   0x00000020   Code   RO         9266    i.__0printf         mc_w.l(printfa.o)
    0x080067c8   0x0000000e   Code   RO         9424    i.__scatterload_copy  mc_w.l(handlers.o)
    0x080067d6   0x00000002   Code   RO         9425    i.__scatterload_null  mc_w.l(handlers.o)
    0x080067d8   0x0000000e   Code   RO         9426    i.__scatterload_zeroinit  mc_w.l(handlers.o)
    0x080067e6   0x00000002   PAD
    0x080067e8   0x00000184   Code   RO         9273    i._fp_digits        mc_w.l(printfa.o)
    0x0800696c   0x000006dc   Code   RO         9274    i._printf_core      mc_w.l(printfa.o)
    0x08007048   0x00000024   Code   RO         9275    i._printf_post_padding  mc_w.l(printfa.o)
    0x0800706c   0x0000002e   Code   RO         9276    i._printf_pre_padding  mc_w.l(printfa.o)
    0x0800709a   0x00000020   Code   RO         2195    i.constrain         fun.o
    0x080070ba   0x00000002   PAD
    0x080070bc   0x00000014   Code   RO         1387    i.fputc             ios.o
    0x080070d0   0x0000001c   Code   RO          446    i.getSchTask        sch.o
    0x080070ec   0x00000080   Code   RO            4    i.main              main.o
    0x0800716c   0x0000006c   Code   RO         9295    i.malloc            mc_w.l(malloc.o)
    0x080071d8   0x00000038   Code   RO         2196    i.map               fun.o
    0x08007210   0x00000028   Code   RO          447    i.newSchTask        sch.o
    0x08007238   0x00000010   Code   RO            5    i.task              main.o
    0x08007248   0x0000019e   Data   RO          740    .constdata          cfg.o
    0x080073e6   0x00000002   PAD
    0x080073e8   0x00000044   Data   RO         1732    .constdata          wdg.o
    0x0800742c   0x00000020   Data   RO         9422    Region$$Table       anon$$obj.o


    Execution Region RW_IRAM1 (Base: 0x20000000, Size: 0x00002610, Max: 0x00030000, ABSOLUTE, COMPRESSED[0x0000006c])

    Base Addr    Size         Type   Attr      Idx    E Section Name        Object

    0x20000000   0x0000000c   Data   RW          448    .data               sch.o
    0x2000000c   0x00000008   Data   RW          563    .data               cal.o
    0x20000014   0x000000cf   Data   RW          741    .data               cfg.o
    0x200000e3   0x00000001   PAD
    0x200000e4   0x00000014   Data   RW          825    .data               clk.o
    0x200000f8   0x00000030   Data   RW          961    .data               ctl.o
    0x20000128   0x00000004   Data   RW         1333    .data               ini.o
    0x2000012c   0x00000008   Data   RW         1388    .data               ios.o
    0x20000134   0x00000004   Data   RW         1501    .data               odo.o
    0x20000138   0x00000048   Data   RW         1733    .data               wdg.o
    0x20000180   0x00000002   Data   RW         1787    .data               wsm.o
    0x20000182   0x00000010   Data   RW         6785    .data               stm32f4xx_rcc.o
    0x20000192   0x00000002   PAD
    0x20000194   0x00000004   Data   RW         9383    .data               mc_w.l(stdout.o)
    0x20000198   0x00000004   Data   RW         9388    .data               mc_w.l(mvars.o)
    0x2000019c   0x00000004   Data   RW         9389    .data               mc_w.l(mvars.o)
    0x200001a0   0x00000038   Zero   RW          562    .bss                cal.o
    0x200001d8   0x000002b4   Zero   RW          638    .bss                can.o
    0x2000048c   0x00000030   Zero   RW          863    .bss                cmd.o
    0x200004bc   0x0000018c   Zero   RW          960    .bss                ctl.o
    0x20000648   0x00000016   Zero   RW         1165    .bss                dci.o
    0x2000065e   0x00000002   PAD
    0x20000660   0x00000264   Zero   RW         1207    .bss                dnl.o
    0x200008c4   0x000000f0   Zero   RW         1282    .bss                hci.o
    0x200009b4   0x00000014   Zero   RW         1457    .bss                mec.o
    0x200009c8   0x00000064   Zero   RW         1500    .bss                odo.o
    0x20000a2c   0x00000010   Zero   RW         1546    .bss                rci.o
    0x20000a3c   0x00000114   Zero   RW         1692    .bss                upl.o
    0x20000b50   0x00000228   Zero   RW         2961    .bss                btm.o
    0x20000d78   0x00000228   Zero   RW         3185    .bss                dbi.o
    0x20000fa0   0x00000048   Zero   RW         3351    .bss                rcv.o
    0x20000fe8   0x00000228   Zero   RW         3596    .bss                tty.o
    0x20001210   0x00001000   Zero   RW         8978    HEAP                startup_stm32f427xx.o
    0x20002210   0x00000400   Zero   RW         8977    STACK               startup_stm32f427xx.o


==============================================================================

Image component sizes


      Code (inc. data)   RO Data    RW Data    ZI Data      Debug   Object Name

       192         22          0          0          0       1294   act.o
        64          0          0          0          0        970   app.o
        68          4          0          0          0        513   bsp.o
       348         42          0          0        552       2868   btm.o
        12          6          0          0          0        429   btn.o
       408         82          0          8         56       3129   cal.o
       728         62          0          0        692       6702   can.o
       216         24          0          0          0       1597   can1.o
       220         26          0          0          0       1605   can2.o
         8          0          0          0          0       1290   can_srv.o
         6          0          0          0          0        724   cbus.o
       308         24        414        207          0       5853   cfg.o
        88         16          0         20          0       1606   clk.o
       412         20          0          0         48       1556   cmd.o
        32          0          0          0          0       1772   com.o
        12          0          0          0          0       1428   com_srv.o
       884         98          0         48        396       5484   ctl.o
         0          0          0          0          0       1268   dbg.o
       428         58          0          0        552       3908   dbi.o
        44          0          0          0          0       1375   dbus.o
       116          8          0          0         22       2056   dci.o
        40          4          0          0        612       1837   dnl.o
       110          6          0          0          0       1870   ekf.o
       180          0          0          0          0       4831   fifo.o
       310         52          0          0          0       2771   flash.o
        32         12          0          0          0       1267   fos.o
       162          0          0          0          0       4413   fun.o
       102          0          0          0          0       1442   hcf.o
       608         58          0          0        240       4077   hci.o
        58          0          0          0          0       1301   hcp.o
       180         26          0          4          0       1591   ini.o
       152         26          0          8          0       3640   ios.o
        24          4          0          0          0        473   key.o
        40          6          0          0          0        483   kos.o
        48          8          0          0          0        485   led.o
       122          6          0          0          0       1882   maf.o
       144         42          0          0          0     359230   main.o
        80         20          0          0         20       1605   mec.o
       298          0          0          0          0       2131   mecanum.o
       120         14          0          0          0       1563   misc.o
       150          0          0          0          0       1658   motor.o
       632         68          0          4        100       2956   odo.o
       326         12          0          0          0       2328   pid.o
        76         10          0          0          0        469   pwm.o
       104          0          0          0          0       1462   rcf.o
       450         56          0          0         16       3425   rci.o
       116          0          0          0          0       1309   rcp.o
       264         34          0          0         72       1581   rcv.o
         4          0          0          0          0        738   rcv_srv.o
        50          0          0          0          0       1792   rmp.o
       212         20          0         12          0       3476   sch.o
        36          8        428          0       5120        840   startup_stm32f427xx.o
      1108         24          0          0          0       7674   stm32f4xx_can.o
       166          4          0          0          0       4974   stm32f4xx_dma.o
       334         36          0          0          0       4888   stm32f4xx_flash.o
       238          0          0          0          0       4922   stm32f4xx_gpio.o
        16          0          0          0          0       3644   stm32f4xx_it.o
       220         34          0         16          0       4871   stm32f4xx_rcc.o
       724         60          0          0          0      11340   stm32f4xx_tim.o
       334          8          0          0          0       5618   stm32f4xx_usart.o
     10502        292          0          0          0      18987   stm32util.o
        30          0          0          0          0       3534   sys.o
       300         36          0          0          0       1569   system_stm32f4xx.o
       272         18          0          0          0       4251   tim.o
         8          0          0          0          0        892   tim_srv.o
       236         24          0          0        552       2355   tty.o
        84          6          0          0          0       1094   upd.o
        20          6          0          0        276       1191   upl.o
       188         34         68         72          0       3570   wdg.o
       204         24          0          2          0       1710   wsm.o

    ----------------------------------------------------------------------
     24870       1590        944        404       9328     553437   Object Totals
         0          0         32          0          0          0   (incl. Generated)
        62          0          2          3          2          0   (incl. Padding)

    ----------------------------------------------------------------------

      Code (inc. data)   RO Data    RW Data    ZI Data      Debug   Library Member Name

        86          0          0          0          0          0   __dczerorl2.o
         0          0          0          0          0          0   entry.o
         0          0          0          0          0          0   entry10a.o
         0          0          0          0          0          0   entry11a.o
         8          4          0          0          0          0   entry2.o
         4          0          0          0          0          0   entry5.o
         0          0          0          0          0          0   entry7b.o
         0          0          0          0          0          0   entry8b.o
         8          4          0          0          0          0   entry9a.o
        30          0          0          0          0          0   handlers.o
        36          8          0          0          0         68   init.o
         0          0          0          0          0          0   iusefp.o
        30          0          0          0          0         68   llshl.o
        36          0          0          0          0         68   llsshr.o
        32          0          0          0          0         68   llushr.o
       108         16          0          0          0         84   malloc.o
        36          0          0          0          0         68   memcpya.o
        36          0          0          0          0        108   memseta.o
         0          0          0          8          0          0   mvars.o
      2258         90          0          0          0        452   printfa.o
         0          0          0          4          0          0   stdout.o
        44          0          0          0          0         80   uidiv.o
        98          0          0          0          0         92   uldiv.o
        48          0          0          0          0         68   cdrcmple.o
       334          0          0          0          0        148   dadd.o
       222          0          0          0          0        100   ddiv.o
       186          0          0          0          0        176   depilogue.o
        48          0          0          0          0         68   dfixul.o
       228          0          0          0          0         96   dmul.o
        38          0          0          0          0         68   f2d.o

    ----------------------------------------------------------------------
      3958        122          0         12          0       1880   Library Totals
         4          0          0          0          0          0   (incl. Padding)

    ----------------------------------------------------------------------

      Code (inc. data)   RO Data    RW Data    ZI Data      Debug   Library Name

      2850        122          0         12          0       1156   mc_w.l
      1104          0          0          0          0        724   mf_w.l

    ----------------------------------------------------------------------
      3958        122          0         12          0       1880   Library Totals

    ----------------------------------------------------------------------

==============================================================================


      Code (inc. data)   RO Data    RW Data    ZI Data      Debug   

     28828       1712        944        416       9328     529865   Grand Totals
     28828       1712        944        108       9328     529865   ELF Image Totals (compressed)
     28828       1712        944        108          0          0   ROM Totals

==============================================================================

    Total RO  Size (Code + RO Data)                29772 (  29.07kB)
    Total RW  Size (RW Data + ZI Data)              9744 (   9.52kB)
    Total ROM Size (Code + RO Data + RW Data)      29880 (  29.18kB)

==============================================================================

