Component: ARM Compiler 5.06 update 1 (build 61) Tool: armlink [4d35a8]

==============================================================================

Section Cross References

    main.o(i.main) refers to kos.o(i.KOS_Boot) for KOS_Boot
    main.o(i.main) refers to bsp.o(i.Bsp_Config) for Bsp_Config
    main.o(i.main) refers to clk.o(i.Clk_GetMsTick) for Clk_GetMsTick
    main.o(i.main) refers to stm32f4xx_gpio.o(i.GPIO_ToggleBits) for GPIO_ToggleBits
    kos.o(i.KOS_Boot) refers to app.o(i.App_Init) for App_Init
    kos.o(i.KOS_Boot) refers to sch.o(i.Sch_Arrange) for Sch_Arrange
    kos.o(i.KOS_Boot) refers to bsp.o(i.Bsp_Config) for Bsp_Config
    kos.o(i.KOS_Boot) refers to tim.o(i.Tim_Start) for Tim_Start
    kos.o(i.KOS_Boot) refers to app.o(i.App_Proc) for App_Proc
    kos.o(i.KOS_Stop) refers to tim.o(i.Tim_Stop) for Tim_Stop
    act.o(i.Act_Init) refers to motor.o(i.CM_Cmd) for CM_Cmd
    act.o(i.Act_Init) refers to motor.o(i.GM_Cmd) for GM_Cmd
    act.o(i.Act_Proc) refers to sys.o(i.FS_Get) for FS_Get
    act.o(i.Act_Proc) refers to stm32f4xx_gpio.o(i.GPIO_ResetBits) for GPIO_ResetBits
    act.o(i.Act_Proc) refers to stm32f4xx_gpio.o(i.GPIO_SetBits) for GPIO_SetBits
    act.o(i.Act_Proc) refers to motor.o(i.CM_Cmd) for CM_Cmd
    act.o(i.Act_Proc) refers to ctl.o(.data) for functionalStateCtl
    act.o(i.Act_Proc) refers to ctl.o(.bss) for mecanumCurrentsCtl
    app.o(i.App_Init) refers to act.o(i.Act_Init) for Act_Init
    app.o(i.App_Init) refers to clk.o(i.Clk_Init) for Clk_Init
    app.o(i.App_Init) refers to cmd.o(i.Cmd_Init) for Cmd_Init
    app.o(i.App_Init) refers to com.o(i.Com_Init) for Com_Init
    app.o(i.App_Init) refers to ctl.o(i.Ctl_Init) for Ctl_Init
    app.o(i.App_Init) refers to ini.o(i.Ini_Proc) for Ini_Proc
    app.o(i.App_Init) refers to odo.o(i.Odo_Init) for Odo_Init
    app.o(i.App_Init) refers to sch.o(i.Sch_Init) for Sch_Init
    app.o(i.App_Init) refers to wdg.o(i.Wdg_Init) for Wdg_Init
    app.o(i.App_Init) refers to wsm.o(i.WSM_Init) for WSM_Init
    app.o(i.App_Proc) refers to wdg.o(i.Wdg_Proc) for Wdg_Proc
    app.o(i.App_Proc) refers to ini.o(i.Ini_Proc) for Ini_Proc
    app.o(i.App_Proc) refers to wsm.o(i.WSM_Proc) for WSM_Proc
    app.o(i.App_Proc) refers to wsm.o(i.WSM_GetWorkingState) for WSM_GetWorkingState
    app.o(i.App_Proc) refers to cmd.o(i.Cmd_Proc) for Cmd_Proc
    app.o(i.App_Proc) refers to odo.o(i.Odo_Proc) for Odo_Proc
    app.o(i.App_Proc) refers to ctl.o(i.Ctl_Proc) for Ctl_Proc
    app.o(i.App_Proc) refers to act.o(i.Act_Proc) for Act_Proc
    can.o(i.Can_Init) refers to gdf.o(i.Gdf_Init) for Gdf_Init
    can.o(i.Can_Init) refers to ekf.o(i.Ekf_Init) for Ekf_Init
    can.o(i.Can_Init) refers to est.o(i.Est_Init) for Est_Init
    can.o(i.Can_Init) refers to can.o(.bss) for .bss
    can.o(i.Can_Proc) refers to wdg.o(i.Wdg_Feed) for Wdg_Feed
    can.o(i.Can_Proc) refers to can.o(i.ZGyro_Proc) for ZGyro_Proc
    can.o(i.Can_Proc) refers to can.o(i.Motor_Proc) for Motor_Proc
    can.o(i.Can_Reset) refers to can.o(i.Motor_Reset) for Motor_Reset
    can.o(i.Can_Reset) refers to can.o(.bss) for .bss
    can.o(i.Motor_Proc) refers to est.o(i.Est_Proc) for Est_Proc
    can.o(i.Motor_Proc) refers to can.o(.bss) for .bss
    can.o(i.Motor_Reset) refers to est.o(i.Est_Reset) for Est_Reset
    can.o(i.Motor_Reset) refers to can.o(.bss) for .bss
    can.o(i.ZGyro_Proc) refers to can.o(.bss) for .bss
    can.o(i.ZGyro_Reset) refers to can.o(.bss) for .bss
    cfg.o(i.Cfg_Init) refers to cfg.o(i.Cfg_Load) for Cfg_Load
    cfg.o(i.Cfg_Init) refers to cfg.o(.data) for .data
    cfg.o(i.Cfg_Load) refers to fos.o(i.Fos_Read) for Fos_Read
    cfg.o(i.Cfg_Proc) refers to cfg.o(i.Cfg_Save) for Cfg_Save
    cfg.o(i.Cfg_Proc) refers to cfg.o(.data) for .data
    cfg.o(i.Cfg_Save) refers to fos.o(i.Fos_Write) for Fos_Write
    clk.o(i.Clk_GetMsTick) refers to clk.o(.data) for .data
    clk.o(i.Clk_GetUsTick) refers to clk.o(.data) for .data
    clk.o(i.Clk_Init) refers to clk.o(.data) for .data
    clk.o(i.Clk_Spin) refers to clk.o(.data) for .data
    cmd.o(i.Cmd_Init) refers to dci.o(i.DCI_Init) for DCI_Init
    cmd.o(i.Cmd_Init) refers to sys.o(i.FS_Clr) for FS_Clr
    cmd.o(i.Cmd_Init) refers to sys.o(i.CS_Set) for CS_Set
    cmd.o(i.Cmd_Init) refers to sys.o(i.MS_Set) for MS_Set
    cmd.o(i.Cmd_Init) refers to cmd.o(.data) for .data
    cmd.o(i.Cmd_Init) refers to cmd.o(.bss) for .bss
    cmd.o(i.Cmd_Proc) refers to dci.o(i.DCI_Proc) for DCI_Proc
    cmd.o(i.Cmd_Proc) refers to mec.o(i.Mec_Decomp) for Mec_Decomp
    cmd.o(i.Cmd_Proc) refers to cmd.o(.bss) for .bss
    cmd.o(i.Cmd_Proc) refers to cfg.o(.data) for cfg
    com.o(i.Tty_Proc) refers to wdg.o(i.Wdg_Feed) for Wdg_Feed
    ctl.o(i.ChassisVelocityControl) refers to pid.o(i.PID_Calc) for PID_Calc
    ctl.o(i.ChassisVelocityControl) refers to ramp.o(i.Ramp_Calc) for Ramp_Calc
    ctl.o(i.ChassisVelocityControl) refers to odo.o(.bss) for mecanumVelocityFdb
[...]
    i.GetChassisVelocityRef                  0x08001cb0   Section        0  rci.o(i.GetChassisVelocityRef)
    GetChassisVelocityRef                    0x08001cb1   Thumb Code   128  rci.o(i.GetChassisVelocityRef)
    i.GetFunctionalStateRef                  0x08001d40   Section        0  hci.o(i.GetFunctionalStateRef)
    GetFunctionalStateRef                    0x08001d41   Thumb Code    84  hci.o(i.GetFunctionalStateRef)
    i.GetSwitchEvents                        0x08001d98   Section        0  rci.o(i.GetSwitchEvents)
    i.GetSwitchStates                        0x08001dbc   Section        0  rci.o(i.GetSwitchStates)
    i.HCI_Init                               0x08001dfc   Section        0  hci.o(i.HCI_Init)
    i.HCI_Proc                               0x08001e54   Section        0  hci.o(i.HCI_Proc)
    i.HCP_Dec                                0x08001e66   Section        0  hcp.o(i.HCP_Dec)
    i.HCP_Rst                                0x08001e84   Section        0  hcp.o(i.HCP_Rst)
    i.Ini_GetFlag                            0x08001e9c   Section        0  ini.o(i.Ini_GetFlag)
    i.Ini_Proc                               0x08001ea8   Section        0  ini.o(i.Ini_Proc)
    i.KOS_Boot                               0x08001f0c   Section        0  kos.o(i.KOS_Boot)
    i.Led_Config                             0x08001f2c   Section        0  led.o(i.Led_Config)
    i.MAFilter_Calc                          0x08001f5c   Section        0  mafilter.o(i.MAFilter_Calc)
    i.MAFilter_Init                          0x08001f9e   Section        0  mafilter.o(i.MAFilter_Init)
    i.MAFilter_Reset                         0x08001fa8   Section        0  mafilter.o(i.MAFilter_Reset)
    i.MS_Set                                 0x08001fc8   Section        0  sys.o(i.MS_Set)
    i.Mec_Decomp                             0x08001fd0   Section        0  mec.o(i.Mec_Decomp)
    i.Mec_Synthe                             0x08001fe0   Section        0  mec.o(i.Mec_Synthe)
    i.Mecanum_Decomp                         0x08001ff0   Section        0  mecanum.o(i.Mecanum_Decomp)
    i.Mecanum_Synthe                         0x0800207e   Section        0  mecanum.o(i.Mecanum_Synthe)
    i.Motor_Proc                             0x080020f0   Section        0  can.o(i.Motor_Proc)
    Motor_Proc                               0x080020f1   Thumb Code   218  can.o(i.Motor_Proc)
    i.NVIC_Config                            0x080021e4   Section        0  stm32util.o(i.NVIC_Config)
    i.NVIC_Init                              0x08002200   Section        0  misc.o(i.NVIC_Init)
    i.NVIC_PriorityGroupConfig               0x08002264   Section        0  misc.o(i.NVIC_PriorityGroupConfig)
    i.Odo_Init                               0x08002278   Section        0  odo.o(i.Odo_Init)
    i.Odo_Proc                               0x08002310   Section        0  odo.o(i.Odo_Proc)
    i.PID_Calc                               0x080023f0   Section        0  pid.o(i.PID_Calc)
    i.PID_Reset                              0x080024d0   Section        0  pid.o(i.PID_Reset)
    i.RCC_AHB1PeriphClockCmd                 0x080024e4   Section        0  stm32f4xx_rcc.o(i.RCC_AHB1PeriphClockCmd)
    i.RCC_APB1PeriphClockCmd                 0x080024fc   Section        0  stm32f4xx_rcc.o(i.RCC_APB1PeriphClockCmd)
    i.RCC_APB2PeriphClockCmd                 0x08002514   Section        0  stm32f4xx_rcc.o(i.RCC_APB2PeriphClockCmd)
    i.RCC_GetClocksFreq                      0x0800252c   Section        0  stm32f4xx_rcc.o(i.RCC_GetClocksFreq)
    i.RCI_Init                               0x080025c0   Section        0  rci.o(i.RCI_Init)
    i.RCI_Proc                               0x080025e8   Section        0  rci.o(i.RCI_Proc)
    i.RCP_Dec                                0x080025ec   Section        0  rcp.o(i.RCP_Dec)
    i.RCP_Rst                                0x0800263c   Section        0  rcp.o(i.RCP_Rst)
    i.Ramp_Calc                              0x08002662   Section        0  ramp.o(i.Ramp_Calc)
    i.Ramp_Reset                             0x0800268a   Section        0  ramp.o(i.Ramp_Reset)
    i.RcvCallback                            0x08002690   Section        0  rcv_srv.o(i.RcvCallback)
    i.Rcv_Config                             0x08002694   Section        0  rcv.o(i.Rcv_Config)
    i.SYSCFG_EXTILineConfig                  0x08002728   Section        0  stm32f4xx_syscfg.o(i.SYSCFG_EXTILineConfig)
    i.Sch_Arrange                            0x08002758   Section        0  sch.o(i.Sch_Arrange)
    i.Sch_Init                               0x0800278c   Section        0  sch.o(i.Sch_Init)
    i.SetSysClock                            0x080027a8   Section        0  system_stm32f4xx.o(i.SetSysClock)
    SetSysClock                              0x080027a9   Thumb Code   190  system_stm32f4xx.o(i.SetSysClock)
    i.SyncTimCallback                        0x08002878   Section        0  tim_srv.o(i.SyncTimCallback)
    i.SyncTim_Config                         0x0800287c   Section        0  tim.o(i.SyncTim_Config)
    i.SyncTim_Start                          0x080028a8   Section        0  tim.o(i.SyncTim_Start)
    i.SystemInit                             0x080028d0   Section        0  system_stm32f4xx.o(i.SystemInit)
    i.TIM2_IRQHandler                        0x0800292c   Section        0  tim.o(i.TIM2_IRQHandler)
    i.TIM6_DAC_IRQHandler                    0x08002958   Section        0  tim.o(i.TIM6_DAC_IRQHandler)
    i.TIM_ARRPreloadConfig                   0x08002988   Section        0  stm32f4xx_tim.o(i.TIM_ARRPreloadConfig)
    i.TIM_ClearFlag                          0x0800299c   Section        0  stm32f4xx_tim.o(i.TIM_ClearFlag)
    i.TIM_ClearITPendingBit                  0x080029a2   Section        0  stm32f4xx_tim.o(i.TIM_ClearITPendingBit)
    i.TIM_Cmd                                0x080029a8   Section        0  stm32f4xx_tim.o(i.TIM_Cmd)
    i.TIM_Config                             0x080029bc   Section        0  stm32util.o(i.TIM_Config)
    i.TIM_GetITStatus                        0x08002b00   Section        0  stm32f4xx_tim.o(i.TIM_GetITStatus)
    i.TIM_ITConfig                           0x08002b18   Section        0  stm32f4xx_tim.o(i.TIM_ITConfig)
    i.TIM_TimeBaseInit                       0x08002b28   Section        0  stm32f4xx_tim.o(i.TIM_TimeBaseInit)
    i.TickTimCallback                        0x08002ba4   Section        0  tim_srv.o(i.TickTimCallback)
    i.TickTim_Config                         0x08002ba8   Section        0  tim.o(i.TickTim_Config)
    i.TickTim_Start                          0x08002bd8   Section        0  tim.o(i.TickTim_Start)
    i.Tim_Config                             0x08002bfa   Section        0  tim.o(i.Tim_Config)
    i.Tim_Start                              0x08002c08   Section        0  tim.o(i.Tim_Start)
    i.TtyRxCallback                          0x08002c16   Section        0  tty_srv.o(i.TtyRxCallback)
    i.Tty_Config                             0x08002c18   Section        0  tty.o(i.Tty_Config)
    i.USART1_IRQHandler                      0x08002c88   Section        0  rcv.o(i.USART1_IRQHandler)
    i.USART2_IRQHandler                      0x08002d04   Section        0  btm.o(i.USART2_IRQHandler)
    i.USART6_IRQHandler                      0x08002d9c   Section        0  tty.o(i.USART6_IRQHandler)
    i.USART_Bind                             0x08002e34   Section        0  stm32util.o(i.USART_Bind)
    i.USART_ClearITPendingBit                0x08003c14   Section        0  stm32f4xx_usart.o(i.USART_ClearITPendingBit)
    i.USART_Cmd                              0x08003c20   Section        0  stm32f4xx_usart.o(i.USART_Cmd)
    i.USART_Config                           0x08003c34   Section        0  stm32util.o(i.USART_Config)
    i.USART_DMACmd                           0x08003dc4   Section        0  stm32f4xx_usart.o(i.USART_DMACmd)
    i.USART_GetITStatus                      0x08003dd4   Section        0  stm32f4xx_usart.o(i.USART_GetITStatus)
    i.USART_ITConfig                         0x08003e12   Section        0  stm32f4xx_usart.o(i.USART_ITConfig)
    i.USART_Init                             0x08003e44   Section        0  stm32f4xx_usart.o(i.USART_Init)
    i.USART_ReceiveData                      0x08003ef0   Section        0  stm32f4xx_usart.o(i.USART_ReceiveData)
    i.USART_SendData                         0x08003ef8   Section        0  stm32f4xx_usart.o(i.USART_SendData)
    i.WSM_GetWorkingState                    0x08003f00   Section        0  wsm.o(i.WSM_GetWorkingState)
    i.WSM_Init                               0x08003f0c   Section        0  wsm.o(i.WSM_Init)
    i.WSM_Proc                               0x08003f1c   Section        0  wsm.o(i.WSM_Proc)
    i.Wdg_Feed                               0x08003f74   Section        0  wdg.o(i.Wdg_Feed)
    i.Wdg_Init                               0x08003f84   Section        0  wdg.o(i.Wdg_Init)
    i.Wdg_IsErrSet                           0x08003fb0   Section        0  wdg.o(i.Wdg_IsErrSet)
    i.Wdg_Proc                               0x08003fc4   Section        0  wdg.o(i.Wdg_Proc)
    i.ZGyro_Proc                             0x08004008   Section        0  can.o(i.ZGyro_Proc)
    ZGyro_Proc                               0x08004009   Thumb Code    92  can.o(i.ZGyro_Proc)
    i.main                                   0x08004070   Section        0  main.o(i.main)
    i.map                                    0x080040a0   Section        0  fun.o(i.map)
    i.newSchTask                             0x080040ba   Section        0  sch.o(i.newSchTask)
    newSchTask                               0x080040bb   Thumb Code    28  sch.o(i.newSchTask)
    x$fpl$fpinit                             0x080040d6   Section       10  fpinit.o(x$fpl$fpinit)
    $v0                                      0x080040d6   Number         0  fpinit.o(x$fpl$fpinit)
    .constdata                               0x080040e0   Section       40  wdg.o(.constdata)
    .data                                    0x20000000   Section      272  cfg.o(.data)
    .data                                    0x20000110   Section        8  clk.o(.data)
    us_tick                                  0x20000110   Data           4  clk.o(.data)
    ms_tick                                  0x20000114   Data           4  clk.o(.data)
    .data                                    0x20000118   Section        4  cmd.o(.data)
    .data                                    0x2000011c   Section       36  ctl.o(.data)
    .data                                    0x20000140   Section       16  hci.o(.data)
    lastRawMouseButtonStates                 0x20000144   Data           2  hci.o(.data)
    lastMouseButtonStates                    0x20000146   Data           2  hci.o(.data)
    mouseButtonPressedCounts                 0x20000148   Data           8  hci.o(.data)
    .data                                    0x20000150   Section        4  ini.o(.data)
    iniFlag                                  0x20000150   Data           4  ini.o(.data)
    .data                                    0x20000154   Section        4  odo.o(.data)
    .data                                    0x20000158   Section       16  rci.o(.data)
    lastRawSwitchStates                      0x2000015c   Data           2  rci.o(.data)
    lastSwitchStates                         0x2000015e   Data           2  rci.o(.data)
    switchConfirmCounts                      0x20000160   Data           8  rci.o(.data)
    .data                                    0x20000168   Section        4  sch.o(.data)
    list                                     0x20000168   Data           4  sch.o(.data)
    .data                                    0x2000016c   Section       44  wdg.o(.data)
    err                                      0x2000016c   Data           4  wdg.o(.data)
    .data                                    0x20000198   Section        2  wsm.o(.data)
    workingState                             0x20000198   Data           1  wsm.o(.data)
    lastWorkingState                         0x20000199   Data           1  wsm.o(.data)
    .data                                    0x2000019a   Section       16  stm32f4xx_rcc.o(.data)
    APBAHBPrescTable                         0x2000019a   Data          16  stm32f4xx_rcc.o(.data)
    .bss                                     0x200001ac   Section     3092  can.o(.bss)
    buf                                      0x20000298   Data        2400  can.o(.bss)
    gdf                                      0x20000bf8   Data         192  can.o(.bss)
    ekf                                      0x20000cb8   Data         144  can.o(.bss)
    est                                      0x20000d48   Data         120  can.o(.bss)
    .bss                                     0x20000dc0   Section       28  cmd.o(.bss)
    .bss                                     0x20000ddc   Section      176  ctl.o(.bss)
    .bss                                     0x20000e8c   Section       40  dci.o(.bss)
    dbuf                                     0x20000e8c   Data          18  dci.o(.bss)
    .bss                                     0x20000eb4   Section      168  hci.o(.bss)
    fx                                       0x20000eb4   Data          16  hci.o(.bss)
    fy                                       0x20000ec4   Data          16  hci.o(.bss)
    fz                                       0x20000ed4   Data          16  hci.o(.bss)
    buf                                      0x20000ee4   Data         120  hci.o(.bss)
    .bss                                     0x20000f5c   Section       20  mec.o(.bss)
    .bss                                     0x20000f70   Section       72  odo.o(.bss)
    .bss                                     0x20000fb8   Section      552  btm.o(.bss)
    rx_fifo                                  0x20000fb8   Data          20  btm.o(.bss)
    tx_fifo                                  0x20000fcc   Data          20  btm.o(.bss)
    rx_buf                                   0x20000fe0   Data         256  btm.o(.bss)
    tx_buf                                   0x200010e0   Data         256  btm.o(.bss)
    .bss                                     0x200011e0   Section       72  rcv.o(.bss)
    buf                                      0x200011e0   Data          72  rcv.o(.bss)
    .bss                                     0x20001228   Section      552  tty.o(.bss)
    rx_fifo                                  0x20001228   Data          20  tty.o(.bss)
    tx_fifo                                  0x2000123c   Data          20  tty.o(.bss)
    rx_buf                                   0x20001250   Data         256  tty.o(.bss)
    tx_buf                                   0x20001350   Data         256  tty.o(.bss)
    .bss                                     0x20001450   Section       96  libspace.o(.bss)
    HEAP                                     0x200014b0   Section     4096  startup_stm32f427xx.o(HEAP)
    Heap_Mem                                 0x200014b0   Data        4096  startup_stm32f427xx.o(HEAP)
    STACK                                    0x200024b0   Section     1024  startup_stm32f427xx.o(STACK)
    Stack_Mem                                0x200024b0   Data        1024  startup_stm32f427xx.o(STACK)
    __initial_sp                             0x200028b0   Data           0  startup_stm32f427xx.o(STACK)

    Global Symbols

    Symbol Name                              Value     Ov Type        Size  Object(Section)

    BuildAttributes$$THM_ISAv4$E$P$D$K$B$S$7EM$VFPi3$EXTD16$VFPS$VFMA$PE$A:L22UL41UL21$X:L11$S22US41US21$IEEE1$IW$USESV6$~STKCKD$USESV7$~SHL$OTIME$ROPI$IEEEX$EBA8$UX$STANDARDLIB$REQ8$PRES8$EABIv2 0x00000000   Number         0  anon$$obj.o ABSOLUTE
    __ARM_use_no_argv                        0x00000000   Number         0  main.o ABSOLUTE
    __ARM_exceptions_init                     - Undefined Weak Reference
    __alloca_initialize                       - Undefined Weak Reference
    __arm_preinit_                            - Undefined Weak Reference
    __cpp_initialize__aeabi_                  - Undefined Weak Reference
    __cxa_finalize                            - Undefined Weak Reference
    __rt_locale                               - Undefined Weak Reference
    __sigvec_lookup                           - Undefined Weak Reference
    __user_heap_extent                        - Undefined Weak Reference
    _atexit_init                              - Undefined Weak Reference
    _call_atexit_fns                          - Undefined Weak Reference
    _clock_init                               - Undefined Weak Reference
    _fp_trap_init                             - Undefined Weak Reference
    _fp_trap_shutdown                         - Undefined Weak Reference
    _get_lc_collate                           - Undefined Weak Reference
    _get_lc_ctype                             - Undefined Weak Reference
    _get_lc_monetary                          - Undefined Weak Reference
    _get_lc_numeric                           - Undefined Weak Reference
    _get_lc_time                              - Undefined Weak Reference
    _getenv_init                              - Undefined Weak Reference
    _handle_redirection                       - Undefined Weak Reference
    _initio                                   - Undefined Weak Reference
    _mutex_acquire                            - Undefined Weak Reference
    _mutex_free                               - Undefined Weak Reference
    _mutex_release                            - Undefined Weak Reference
    _rand_init                                - Undefined Weak Reference
    _signal_finish                            - Undefined Weak Reference
    _signal_init                              - Undefined Weak Reference
    _terminateio                              - Undefined Weak Reference
    __Vectors_Size                           0x000001ac   Number         0  startup_stm32f427xx.o ABSOLUTE
    __Vectors                                0x08000000   Data           4  startup_stm32f427xx.o(RESET)
    __Vectors_End                            0x080001ac   Data           0  startup_stm32f427xx.o(RESET)
    __main                                   0x080001ad   Thumb Code     8  __main.o(!!!main)
    __scatterload                            0x080001b5   Thumb Code     0  __scatter.o(!!!scatter)
    __scatterload_rt2                        0x080001b5   Thumb Code    44  __scatter.o(!!!scatter)
    __scatterload_rt2_thumb_only             0x080001b5   Thumb Code     0  __scatter.o(!!!scatter)
    __scatterload_null                       0x080001c3   Thumb Code     0  __scatter.o(!!!scatter)
    __decompress                             0x080001e9   Thumb Code    90  __dczerorl2.o(!!dczerorl2)
    __decompress1                            0x080001e9   Thumb Code     0  __dczerorl2.o(!!dczerorl2)
    __scatterload_zeroinit                   0x08000245   Thumb Code    28  __scatter_zi.o(!!handler_zi)
    __rt_lib_init                            0x08000261   Thumb Code     0  libinit.o(.ARM.Collect$$libinit$$00000000)
    __rt_lib_init_fp_1                       0x08000263   Thumb Code     0  libinit2.o(.ARM.Collect$$libinit$$00000001)
    __rt_lib_init_heap_2                     0x08000267   Thumb Code     0  libinit2.o(.ARM.Collect$$libinit$$00000005)
    __rt_lib_init_preinit_1                  0x08000267   Thumb Code     0  libinit2.o(.ARM.Collect$$libinit$$00000004)
    __rt_lib_init_alloca_1                   0x0800026f   Thumb Code     0  libinit2.o(.ARM.Collect$$libinit$$0000002E)
    __rt_lib_init_argv_1                     0x0800026f   Thumb Code     0  libinit2.o(.ARM.Collect$$libinit$$0000002C)
    __rt_lib_init_atexit_1                   0x0800026f   Thumb Code     0  libinit2.o(.ARM.Collect$$libinit$$0000001B)
    __rt_lib_init_clock_1                    0x0800026f   Thumb Code     0  libinit2.o(.ARM.Collect$$libinit$$00000021)
    __rt_lib_init_cpp_1                      0x0800026f   Thumb Code     0  libinit2.o(.ARM.Collect$$libinit$$00000032)
    __rt_lib_init_exceptions_1               0x0800026f   Thumb Code     0  libinit2.o(.ARM.Collect$$libinit$$00000030)
    __rt_lib_init_fp_trap_1                  0x0800026f   Thumb Code     0  libinit2.o(.ARM.Collect$$libinit$$0000001F)
    __rt_lib_init_getenv_1                   0x0800026f   Thumb Code     0  libinit2.o(.ARM.Collect$$libinit$$00000023)
    __rt_lib_init_heap_1                     0x0800026f   Thumb Code     0  libinit2.o(.ARM.Collect$$libinit$$0000000A)
    __rt_lib_init_lc_collate_1               0x0800026f   Thumb Code     0  libinit2.o(.ARM.Collect$$libinit$$00000011)
    __rt_lib_init_lc_ctype_1                 0x0800026f   Thumb Code     0  libinit2.o(.ARM.Collect$$libinit$$00000013)
    __rt_lib_init_lc_monetary_1              0x0800026f   Thumb Code     0  libinit2.o(.ARM.Collect$$libinit$$00000015)
    __rt_lib_init_lc_numeric_1               0x0800026f   Thumb Code     0  libinit2.o(.ARM.Collect$$libinit$$00000017)
    __rt_lib_init_lc_time_1                  0x0800026f   Thumb Code     0  libinit2.o(.ARM.Collect$$libinit$$00000019)
    __rt_lib_init_rand_1                     0x0800026f   Thumb Code     0  libinit2.o(.ARM.Collect$$libinit$$0000000E)
    __rt_lib_init_return                     0x0800026f   Thumb Code     0  libinit2.o(.ARM.Collect$$libinit$$00000033)
    __rt_lib_init_signal_1                   0x0800026f   Thumb Code     0  libinit2.o(.ARM.Collect$$libinit$$0000001D)
    __rt_lib_init_stdio_1                    0x0800026f   Thumb Code     0  libinit2.o(.ARM.Collect$$libinit$$00000025)
    __rt_lib_init_user_alloc_1               0x0800026f   Thumb Code     0  libinit2.o(.ARM.Collect$$libinit$$0000000C)
    __rt_lib_shutdown                        0x08000271   Thumb Code     0  libshutdown.o(.ARM.Collect$$libshutdown$$00000000)
    __rt_lib_shutdown_cpp_1                  0x08000273   Thumb Code     0  libshutdown2.o(.ARM.Collect$$libshutdown$$00000002)
    __rt_lib_shutdown_fp_trap_1              0x08000273   Thumb Code     0  libshutdown2.o(.ARM.Collect$$libshutdown$$00000007)
    __rt_lib_shutdown_heap_1                 0x08000273   Thumb Code     0  libshutdown2.o(.ARM.Collect$$libshutdown$$0000000F)
    __rt_lib_shutdown_return                 0x08000273   Thumb Code     0  libshutdown2.o(.ARM.Collect$$libshutdown$$00000010)
    __rt_lib_shutdown_signal_1               0x08000273   Thumb Code     0  libshutdown2.o(.ARM.Collect$$libshutdown$$0000000A)
    __rt_lib_shutdown_stdio_1                0x08000273   Thumb Code     0  libshutdown2.o(.ARM.Collect$$libshutdown$$00000004)
    __rt_lib_shutdown_user_alloc_1           0x08000273   Thumb Code     0  libshutdown2.o(.ARM.Collect$$libshutdown$$0000000C)
    __rt_entry                               0x08000275   Thumb Code     0  __rtentry.o(.ARM.Collect$$rtentry$$00000000)
    __rt_entry_presh_1                       0x08000275   Thumb Code     0  __rtentry2.o(.ARM.Collect$$rtentry$$00000002)
    __rt_entry_sh                            0x08000275   Thumb Code     0  __rtentry4.o(.ARM.Collect$$rtentry$$00000004)
    __rt_entry_li                            0x0800027b   Thumb Code     0  __rtentry2.o(.ARM.Collect$$rtentry$$0000000A)
    __rt_entry_postsh_1                      0x0800027b   Thumb Code     0  __rtentry2.o(.ARM.Collect$$rtentry$$00000009)
    __rt_entry_main                          0x0800027f   Thumb Code     0  __rtentry2.o(.ARM.Collect$$rtentry$$0000000D)
    __rt_entry_postli_1                      0x0800027f   Thumb Code     0  __rtentry2.o(.ARM.Collect$$rtentry$$0000000C)
    __rt_exit                                0x08000287   Thumb Code     0  rtexit.o(.ARM.Collect$$rtexit$$00000000)
    __rt_exit_ls                             0x08000289   Thumb Code     0  rtexit2.o(.ARM.Collect$$rtexit$$00000003)
    __rt_exit_prels_1                        0x08000289   Thumb Code     0  rtexit2.o(.ARM.Collect$$rtexit$$00000002)
    __rt_exit_exit                           0x0800028d   Thumb Code     0  rtexit2.o(.ARM.Collect$$rtexit$$00000004)
    Reset_Handler                            0x08000295   Thumb Code     8  startup_stm32f427xx.o(.text)
    _maybe_terminate_alloc                   0x08000295   Thumb Code     0  maybetermalloc1.o(.emb_text)
    NMI_Handler                              0x0800029d   Thumb Code     2  startup_stm32f427xx.o(.text)
    HardFault_Handler                        0x0800029f   Thumb Code     2  startup_stm32f427xx.o(.text)
    MemManage_Handler                        0x080002a1   Thumb Code     2  startup_stm32f427xx.o(.text)
    BusFault_Handler                         0x080002a3   Thumb Code     2  startup_stm32f427xx.o(.text)
    UsageFault_Handler                       0x080002a5   Thumb Code     2  startup_stm32f427xx.o(.text)
    SVC_Handler                              0x080002a7   Thumb Code     2  startup_stm32f427xx.o(.text)
    DebugMon_Handler                         0x080002a9   Thumb Code     2  startup_stm32f427xx.o(.text)
    PendSV_Handler                           0x080002ab   Thumb Code     2  startup_stm32f427xx.o(.text)
    SysTick_Handler                          0x080002ad   Thumb Code     2  startup_stm32f427xx.o(.text)
    ADC_IRQHandler                           0x080002af   Thumb Code     0  startup_stm32f427xx.o(.text)
    CAN1_RX1_IRQHandler                      0x080002af   Thumb Code     0  startup_stm32f427xx.o(.text)
    CAN1_SCE_IRQHandler                      0x080002af   Thumb Code     0  startup_stm32f427xx.o(.text)
    CAN2_RX1_IRQHandler                      0x080002af   Thumb Code     0  startup_stm32f427xx.o(.text)
    CAN2_SCE_IRQHandler                      0x080002af   Thumb Code     0  startup_stm32f427xx.o(.text)
    DCMI_IRQHandler                          0x080002af   Thumb Code     0  startup_stm32f427xx.o(.text)
    DMA1_Stream0_IRQHandler                  0x080002af   Thumb Code     0  startup_stm32f427xx.o(.text)
    DMA1_Stream1_IRQHandler                  0x080002af   Thumb Code     0  startup_stm32f427xx.o(.text)
    DMA1_Stream2_IRQHandler                  0x080002af   Thumb Code     0  startup_stm32f427xx.o(.text)
    DMA1_Stream3_IRQHandler                  0x080002af   Thumb Code     0  startup_stm32f427xx.o(.text)
    DMA1_Stream4_IRQHandler                  0x080002af   Thumb Code     0  startup_stm32f427xx.o(.text)
    DMA1_Stream5_IRQHandler                  0x080002af   Thumb Code     0  startup_stm32f427xx.o(.text)
    DMA1_Stream6_IRQHandler                  0x080002af   Thumb Code     0  startup_stm32f427xx.o(.text)
    DMA1_Stream7_IRQHandler                  0x080002af   Thumb Code     0  startup_stm32f427xx.o(.text)
    DMA2D_IRQHandler                         0x080002af   Thumb Code     0  startup_stm32f427xx.o(.text)
    DMA2_Stream0_IRQHandler                  0x080002af   Thumb Code     0  startup_stm32f427xx.o(.text)
    DMA2_Stream1_IRQHandler                  0x080002af   Thumb Code     0  startup_stm32f427xx.o(.text)
    DMA2_Stream2_IRQHandler                  0x080002af   Thumb Code     0  startup_stm32f427xx.o(.text)
    DMA2_Stream3_IRQHandler                  0x080002af   Thumb Code     0  startup_stm32f427xx.o(.text)
    DMA2_Stream4_IRQHandler                  0x080002af   Thumb Code     0  startup_stm32f427xx.o(.text)
    DMA2_Stream5_IRQHandler                  0x080002af   Thumb Code     0  startup_stm32f427xx.o(.text)
    DMA2_Stream6_IRQHandler                  0x080002af   Thumb Code     0  startup_stm32f427xx.o(.text)
    DMA2_Stream7_IRQHandler                  0x080002af   Thumb Code     0  startup_stm32f427xx.o(.text)
    ETH_IRQHandler                           0x080002af   Thumb Code     0  startup_stm32f427xx.o(.text)
    ETH_WKUP_IRQHandler                      0x080002af   Thumb Code     0  startup_stm32f427xx.o(.text)
    EXTI0_IRQHandler                         0x080002af   Thumb Code     0  startup_stm32f427xx.o(.text)
    EXTI1_IRQHandler                         0x080002af   Thumb Code     0  startup_stm32f427xx.o(.text)
    EXTI2_IRQHandler                         0x080002af   Thumb Code     0  startup_stm32f427xx.o(.text)
    EXTI3_IRQHandler                         0x080002af   Thumb Code     0  startup_stm32f427xx.o(.text)
    EXTI4_IRQHandler                         0x080002af   Thumb Code     0  startup_stm32f427xx.o(.text)
    EXTI9_5_IRQHandler                       0x080002af   Thumb Code     0  startup_stm32f427xx.o(.text)
    FLASH_IRQHandler                         0x080002af   Thumb Code     0  startup_stm32f427xx.o(.text)
    FMC_IRQHandler                           0x080002af   Thumb Code     0  startup_stm32f427xx.o(.text)
    FPU_IRQHandler                           0x080002af   Thumb Code     0  startup_stm32f427xx.o(.text)
    HASH_RNG_IRQHandler                      0x080002af   Thumb Code     0  startup_stm32f427xx.o(.text)
    I2C1_ER_IRQHandler                       0x080002af   Thumb Code     0  startup_stm32f427xx.o(.text)
    I2C1_EV_IRQHandler                       0x080002af   Thumb Code     0  startup_stm32f427xx.o(.text)
    I2C2_ER_IRQHandler                       0x080002af   Thumb Code     0  startup_stm32f427xx.o(.text)
    I2C2_EV_IRQHandler                       0x080002af   Thumb Code     0  startup_stm32f427xx.o(.text)
    I2C3_ER_IRQHandler                       0x080002af   Thumb Code     0  startup_stm32f427xx.o(.text)
    I2C3_EV_IRQHandler                       0x080002af   Thumb Code     0  startup_stm32f427xx.o(.text)
    OTG_FS_IRQHandler                        0x080002af   Thumb Code     0  startup_stm32f427xx.o(.text)
    OTG_FS_WKUP_IRQHandler                   0x080002af   Thumb Code     0  startup_stm32f427xx.o(.text)
    OTG_HS_EP1_IN_IRQHandler                 0x080002af   Thumb Code     0  startup_stm32f427xx.o(.text)
    OTG_HS_EP1_OUT_IRQHandler                0x080002af   Thumb Code     0  startup_stm32f427xx.o(.text)
    OTG_HS_IRQHandler                        0x080002af   Thumb Code     0  startup_stm32f427xx.o(.text)
    OTG_HS_WKUP_IRQHandler                   0x080002af   Thumb Code     0  startup_stm32f427xx.o(.text)
    PVD_IRQHandler                           0x080002af   Thumb Code     0  startup_stm32f427xx.o(.text)
    RCC_IRQHandler                           0x080002af   Thumb Code     0  startup_stm32f427xx.o(.text)
    RTC_Alarm_IRQHandler                     0x080002af   Thumb Code     0  startup_stm32f427xx.o(.text)
    RTC_WKUP_IRQHandler                      0x080002af   Thumb Code     0  startup_stm32f427xx.o(.text)
    SAI1_IRQHandler                          0x080002af   Thumb Code     0  startup_stm32f427xx.o(.text)
    SDIO_IRQHandler                          0x080002af   Thumb Code     0  startup_stm32f427xx.o(.text)
    SPI1_IRQHandler                          0x080002af   Thumb Code     0  startup_stm32f427xx.o(.text)
    SPI2_IRQHandler                          0x080002af   Thumb Code     0  startup_stm32f427xx.o(.text)
    SPI3_IRQHandler                          0x080002af   Thumb Code     0  startup_stm32f427xx.o(.text)
    SPI4_IRQHandler                          0x080002af   Thumb Code     0  startup_stm32f427xx.o(.text)
    SPI5_IRQHandler                          0x080002af   Thumb Code     0  startup_stm32f427xx.o(.text)
    SPI6_IRQHandler                          0x080002af   Thumb Code     0  startup_stm32f427xx.o(.text)
    TAMP_STAMP_IRQHandler                    0x080002af   Thumb Code     0  startup_stm32f427xx.o(.text)
    TIM1_BRK_TIM9_IRQHandler                 0x080002af   Thumb Code     0  startup_stm32f427xx.o(.text)
    TIM1_CC_IRQHandler                       0x080002af   Thumb Code     0  startup_stm32f427xx.o(.text)
    TIM1_TRG_COM_TIM11_IRQHandler            0x080002af   Thumb Code     0  startup_stm32f427xx.o(.text)
    TIM1_UP_TIM10_IRQHandler                 0x080002af   Thumb Code     0  startup_stm32f427xx.o(.text)
    TIM3_IRQHandler                          0x080002af   Thumb Code     0  startup_stm32f427xx.o(.text)
    TIM4_IRQHandler                          0x080002af   Thumb Code     0  startup_stm32f427xx.o(.text)
    TIM5_IRQHandler                          0x080002af   Thumb Code     0  startup_stm32f427xx.o(.text)
    TIM7_IRQHandler                          0x080002af   Thumb Code     0  startup_stm32f427xx.o(.text)
    TIM8_BRK_TIM12_IRQHandler                0x080002af   Thumb Code     0  startup_stm32f427xx.o(.text)
    TIM8_CC_IRQHandler                       0x080002af   Thumb Code     0  startup_stm32f427xx.o(.text)
    TIM8_TRG_COM_TIM14_IRQHandler            0x080002af   Thumb Code     0  startup_stm32f427xx.o(.text)
    TIM8_UP_TIM13_IRQHandler                 0x080002af   Thumb Code     0  startup_stm32f427xx.o(.text)
    UART4_IRQHandler                         0x080002af   Thumb Code     0  startup_stm32f427xx.o(.text)
    UART5_IRQHandler                         0x080002af   Thumb Code     0  startup_stm32f427xx.o(.text)
    UART7_IRQHandler                         0x080002af   Thumb Code     0  startup_stm32f427xx.o(.text)
    UART8_IRQHandler                         0x080002af   Thumb Code     0  startup_stm32f427xx.o(.text)
    USART3_IRQHandler                        0x080002af   Thumb Code     0  startup_stm32f427xx.o(.text)
    WWDG_IRQHandler                          0x080002af   Thumb Code     0  startup_stm32f427xx.o(.text)
    __user_initial_stackheap                 0x080002b1   Thumb Code     0  startup_stm32f427xx.o(.text)
    malloc                                   0x080002d5   Thumb Code    94  h1_alloc.o(.text)
    free                                     0x08000333   Thumb Code    78  h1_free.o(.text)
    strlen                                   0x08000381   Thumb Code    62  strlen.o(.text)
    __aeabi_memclr                           0x080003bf   Thumb Code     0  rt_memclr.o(.text)
    __rt_memclr                              0x080003bf   Thumb Code    68  rt_memclr.o(.text)
    _memset                                  0x080003c3   Thumb Code     0  rt_memclr.o(.text)
    __aeabi_memclr4                          0x08000403   Thumb Code     0  rt_memclr_w.o(.text)
    __aeabi_memclr8                          0x08000403   Thumb Code     0  rt_memclr_w.o(.text)
    __rt_memclr_w                            0x08000403   Thumb Code    78  rt_memclr_w.o(.text)
    _memset_w                                0x08000407   Thumb Code     0  rt_memclr_w.o(.text)
    __use_two_region_memory                  0x08000451   Thumb Code     2  heapauxi.o(.text)
    __rt_heap_escrow                         0x08000453   Thumb Code     2  heapauxi.o(.text)
    __rt_heap_expand                         0x08000455   Thumb Code     2  heapauxi.o(.text)
    __rt_heap_descriptor                     0x08000459   Thumb Code     8  rt_heap_descriptor_intlibspace.o(.text)
    __use_no_heap                            0x08000461   Thumb Code     2  hguard.o(.text)
    __heap$guard                             0x08000463   Thumb Code     2  hguard.o(.text)
    _terminate_user_alloc                    0x08000465   Thumb Code     2  init_alloc.o(.text)
    _init_user_alloc                         0x08000467   Thumb Code     2  init_alloc.o(.text)
    __Heap_Full                              0x08000469   Thumb Code    34  init_alloc.o(.text)
    __Heap_Broken                            0x0800048b   Thumb Code     6  init_alloc.o(.text)
    _init_alloc                              0x08000491   Thumb Code    94  init_alloc.o(.text)
    __Heap_Initialize                        0x080004ef   Thumb Code    10  h1_init.o(.text)
    __Heap_DescSize                          0x080004f9   Thumb Code     4  h1_init.o(.text)
    __user_libspace                          0x080004fd   Thumb Code     8  libspace.o(.text)
    __user_perproc_libspace                  0x080004fd   Thumb Code     0  libspace.o(.text)
    __user_perthread_libspace                0x080004fd   Thumb Code     0  libspace.o(.text)
    __Heap_ProvideMemory                     0x08000505   Thumb Code    52  h1_extend.o(.text)
    __rt_SIGRTMEM                            0x08000539   Thumb Code    14  defsig_rtmem_outer.o(.text)
    __I$use$semihosting                      0x08000547   Thumb Code     0  use_no_semi.o(.text)
    __use_no_semihosting_swi                 0x08000547   Thumb Code     2  use_no_semi.o(.text)
    __semihosting_library_function           0x08000549   Thumb Code     0  indicate_semi.o(.text)
    __user_setup_stackheap                   0x08000549   Thumb Code    74  sys_stackheap_outer.o(.text)
    exit                                     0x08000593   Thumb Code    18  exit.o(.text)
    __sig_exit                               0x080005a5   Thumb Code    10  defsig_exit.o(.text)
    __rt_SIGRTMEM_inner                      0x080005b1   Thumb Code    22  defsig_rtmem_inner.o(.text)
    _sys_exit                                0x08000601   Thumb Code     8  sys_exit.o(.text)
    __default_signal_display                 0x0800060d   Thumb Code    50  defsig_general.o(.text)
    _ttywrch                                 0x0800063f   Thumb Code    14  sys_wrch.o(.text)
    Act_Init                                 0x0800064d   Thumb Code    34  act.o(i.Act_Init)
    Act_Proc                                 0x08000675   Thumb Code   126  act.o(i.Act_Proc)
    App_Init                                 0x08000709   Thumb Code    46  app.o(i.App_Init)
    App_Proc                                 0x08000737   Thumb Code    48  app.o(i.App_Proc)
    Bsp_Config                               0x08000769   Thumb Code    66  bsp.o(i.Bsp_Config)
    BtmRxCallback                            0x080007c9   Thumb Code     8  btm_srv.o(i.BtmRxCallback)
    Btm_Config                               0x080007d5   Thumb Code    94  btm.o(i.Btm_Config)
    Btm_Print                                0x08000845   Thumb Code    20  btm.o(i.Btm_Print)
    Btm_Write                                0x08000859   Thumb Code    26  btm.o(i.Btm_Write)
    Btm_WriteByte                            0x08000875   Thumb Code    36  btm.o(i.Btm_WriteByte)
    BtnCallback                              0x080008a1   Thumb Code     2  ext_srv.o(i.BtnCallback)
    Btn_Config                               0x080008a5   Thumb Code    24  btn.o(i.Btn_Config)
    CAN1_RX0_IRQHandler                      0x080008c1   Thumb Code    58  can1.o(i.CAN1_RX0_IRQHandler)
    CAN1_TX_IRQHandler                       0x08000905   Thumb Code    30  can1.o(i.CAN1_TX_IRQHandler)
    CAN2_RX0_IRQHandler                      0x08000929   Thumb Code    58  can2.o(i.CAN2_RX0_IRQHandler)
    CAN2_TX_IRQHandler                       0x0800096d   Thumb Code    30  can2.o(i.CAN2_TX_IRQHandler)
    CAN_ClearFlag                            0x08000991   Thumb Code    44  stm32f4xx_can.o(i.CAN_ClearFlag)
    CAN_ClearITPendingBit                    0x080009c1   Thumb Code   116  stm32f4xx_can.o(i.CAN_ClearITPendingBit)
    CAN_Config                               0x08000a39   Thumb Code    98  stm32util.o(i.CAN_Config)
    CAN_FilterInit                           0x08000aa5   Thumb Code   194  stm32f4xx_can.o(i.CAN_FilterInit)
    CAN_Filter_Config                        0x08000b71   Thumb Code    54  stm32util.o(i.CAN_Filter_Config)
    CAN_GetITStatus                          0x08000ba9   Thumb Code   162  stm32f4xx_can.o(i.CAN_GetITStatus)
    CAN_ITConfig                             0x08000c51   Thumb Code    16  stm32f4xx_can.o(i.CAN_ITConfig)
    CAN_Init                                 0x08000c61   Thumb Code   232  stm32f4xx_can.o(i.CAN_Init)
    CAN_Receive                              0x08000d49   Thumb Code   144  stm32f4xx_can.o(i.CAN_Receive)
    CAN_Transmit                             0x08000dd9   Thumb Code   164  stm32f4xx_can.o(i.CAN_Transmit)
    CM_Cmd                                   0x08000e7d   Thumb Code    78  motor.o(i.CM_Cmd)
    CS_Set                                   0x08000ecb   Thumb Code     6  sys.o(i.CS_Set)
    Can1RxCallback                           0x08000ed1   Thumb Code     4  can_srv.o(i.Can1RxCallback)
    Can1_Config                              0x08000ed5   Thumb Code   102  can1.o(i.Can1_Config)
    Can2RxCallback                           0x08000f45   Thumb Code     4  can_srv.o(i.Can2RxCallback)
    Can2_Config                              0x08000f49   Thumb Code   104  can2.o(i.Can2_Config)
    Can_Init                                 0x08000fb9   Thumb Code   122  can.o(i.Can_Init)
    Can_Proc                                 0x08001041   Thumb Code   142  can.o(i.Can_Proc)
    Clk_GetMsTick                            0x0800118d   Thumb Code     6  clk.o(i.Clk_GetMsTick)
    Clk_Init                                 0x08001199   Thumb Code    10  clk.o(i.Clk_Init)
    Clk_Spin                                 0x080011a9   Thumb Code    32  clk.o(i.Clk_Spin)
    Cmd_Init                                 0x080011cd   Thumb Code    72  cmd.o(i.Cmd_Init)
    Cmd_Proc                                 0x08001221   Thumb Code   148  cmd.o(i.Cmd_Proc)
    Com_Init                                 0x080012bd   Thumb Code     2  com.o(i.Com_Init)
    Ctl_Init                                 0x080012c1   Thumb Code   100  ctl.o(i.Ctl_Init)
    Ctl_Proc                                 0x08001331   Thumb Code    66  ctl.o(i.Ctl_Proc)
    DBUS_Dec                                 0x0800137d   Thumb Code    24  dbus.o(i.DBUS_Dec)
    DBUS_Rst                                 0x08001395   Thumb Code    20  dbus.o(i.DBUS_Rst)
    DCI_Init                                 0x080013a9   Thumb Code    20  dci.o(i.DCI_Init)
    DCI_Proc                                 0x080013c1   Thumb Code    66  dci.o(i.DCI_Proc)
    DMA_Cmd                                  0x0800140d   Thumb Code    20  stm32f4xx_dma.o(i.DMA_Cmd)
    DMA_Config                               0x08001421   Thumb Code   102  stm32util.o(i.DMA_Config)
    DMA_DoubleBufferModeCmd                  0x08001491   Thumb Code    20  stm32f4xx_dma.o(i.DMA_DoubleBufferModeCmd)
    DMA_DoubleBufferModeConfig               0x080014a5   Thumb Code    22  stm32f4xx_dma.o(i.DMA_DoubleBufferModeConfig)
    DMA_GetCurrDataCounter                   0x080014bb   Thumb Code     6  stm32f4xx_dma.o(i.DMA_GetCurrDataCounter)
    DMA_GetCurrentMemoryTarget               0x080014c1   Thumb Code    14  stm32f4xx_dma.o(i.DMA_GetCurrentMemoryTarget)
    DMA_Init                                 0x080014d1   Thumb Code    80  stm32f4xx_dma.o(i.DMA_Init)
    EXTI15_10_IRQHandler                     0x08001525   Thumb Code    32  btn.o(i.EXTI15_10_IRQHandler)
    EXTI_Bind                                0x08001545   Thumb Code   192  stm32util.o(i.EXTI_Bind)
    EXTI_ClearITPendingBit                   0x08001609   Thumb Code     6  stm32f4xx_exti.o(i.EXTI_ClearITPendingBit)
    EXTI_Config                              0x08001615   Thumb Code    40  stm32util.o(i.EXTI_Config)
    EXTI_GetITStatus                         0x0800163d   Thumb Code    16  stm32f4xx_exti.o(i.EXTI_GetITStatus)
    EXTI_Init                                0x08001651   Thumb Code   108  stm32f4xx_exti.o(i.EXTI_Init)
    Ekf_Init                                 0x080016c1   Thumb Code     6  ekf.o(i.Ekf_Init)
    Ekf_Proc                                 0x080016c7   Thumb Code    74  ekf.o(i.Ekf_Proc)
    Ekf_Reset                                0x08001711   Thumb Code    22  ekf.o(i.Ekf_Reset)
    Ekf_SetD                                 0x0800172d   Thumb Code     6  ekf.o(i.Ekf_SetD)
    Ekf_SetE                                 0x08001733   Thumb Code     6  ekf.o(i.Ekf_SetE)
    Ekf_SetR                                 0x08001739   Thumb Code     6  ekf.o(i.Ekf_SetR)
    Est_Init                                 0x0800173f   Thumb Code     8  est.o(i.Est_Init)
    Est_Proc                                 0x08001747   Thumb Code   124  est.o(i.Est_Proc)
    Est_Reset                                0x080017c5   Thumb Code    38  est.o(i.Est_Reset)
    FIFO_Flush                               0x080017f5   Thumb Code    22  fifo.o(i.FIFO_Flush)
    FIFO_Init                                0x0800180b   Thumb Code     8  fifo.o(i.FIFO_Init)
    FIFO_IsEmpty                             0x08001813   Thumb Code    12  fifo.o(i.FIFO_IsEmpty)
    FIFO_IsFull                              0x0800181f   Thumb Code    16  fifo.o(i.FIFO_IsFull)
    FIFO_Pop                                 0x0800182f   Thumb Code    52  fifo.o(i.FIFO_Pop)
    FIFO_Push                                0x08001863   Thumb Code    58  fifo.o(i.FIFO_Push)
    FS_Clr                                   0x0800189d   Thumb Code     8  sys.o(i.FS_Clr)
    FS_Get                                   0x080018a5   Thumb Code     6  sys.o(i.FS_Get)
    FS_Set                                   0x080018ab   Thumb Code     8  sys.o(i.FS_Set)
    GM_Cmd                                   0x080018b3   Thumb Code    72  motor.o(i.GM_Cmd)
    GPIO_AF                                  0x080018fb   Thumb Code    36  stm32util.o(i.GPIO_AF)
    GPIO_Config                              0x08001921   Thumb Code   236  stm32util.o(i.GPIO_Config)
    GPIO_In                                  0x08001a39   Thumb Code    16  stm32util.o(i.GPIO_In)
    GPIO_Init                                0x08001a49   Thumb Code   162  stm32f4xx_gpio.o(i.GPIO_Init)
    GPIO_Out                                 0x08001aeb   Thumb Code    18  stm32util.o(i.GPIO_Out)
    GPIO_PinAFConfig                         0x08001afd   Thumb Code    32  stm32f4xx_gpio.o(i.GPIO_PinAFConfig)
    GPIO_ReadOutputDataBit                   0x08001b1d   Thumb Code    14  stm32f4xx_gpio.o(i.GPIO_ReadOutputDataBit)
    GPIO_ResetBits                           0x08001b2b   Thumb Code     4  stm32f4xx_gpio.o(i.GPIO_ResetBits)
    GPIO_SetBits                             0x08001b2f   Thumb Code     4  stm32f4xx_gpio.o(i.GPIO_SetBits)
    GPIO_ToggleBits                          0x08001b33   Thumb Code     8  stm32f4xx_gpio.o(i.GPIO_ToggleBits)
    Gdf_Init                                 0x08001b3b   Thumb Code     8  gdf.o(i.Gdf_Init)
    Gdf_Proc                                 0x08001b43   Thumb Code   122  gdf.o(i.Gdf_Proc)
    Gdf_Reset                                0x08001bbd   Thumb Code    48  gdf.o(i.Gdf_Reset)
    GetSwitchEvents                          0x08001d99   Thumb Code    30  rci.o(i.GetSwitchEvents)
    GetSwitchStates                          0x08001dbd   Thumb Code    60  rci.o(i.GetSwitchStates)
    HCI_Init                                 0x08001dfd   Thumb Code    78  hci.o(i.HCI_Init)
    HCI_Proc                                 0x08001e55   Thumb Code    18  hci.o(i.HCI_Proc)
    HCP_Dec                                  0x08001e67   Thumb Code    30  hcp.o(i.HCP_Dec)
    HCP_Rst                                  0x08001e85   Thumb Code    22  hcp.o(i.HCP_Rst)
    Ini_GetFlag                              0x08001e9d   Thumb Code     8  ini.o(i.Ini_GetFlag)
    Ini_Proc                                 0x08001ea9   Thumb Code    90  ini.o(i.Ini_Proc)
    KOS_Boot                                 0x08001f0d   Thumb Code    28  kos.o(i.KOS_Boot)
    Led_Config                               0x08001f2d   Thumb Code    40  led.o(i.Led_Config)
    MAFilter_Calc                            0x08001f5d   Thumb Code    66  mafilter.o(i.MAFilter_Calc)
    MAFilter_Init                            0x08001f9f   Thumb Code     8  mafilter.o(i.MAFilter_Init)
    MAFilter_Reset                           0x08001fa9   Thumb Code    28  mafilter.o(i.MAFilter_Reset)
    MS_Set                                   0x08001fc9   Thumb Code     6  sys.o(i.MS_Set)
    Mec_Decomp                               0x08001fd1   Thumb Code    10  mec.o(i.Mec_Decomp)
    Mec_Synthe                               0x08001fe1   Thumb Code    10  mec.o(i.Mec_Synthe)
    Mecanum_Decomp                           0x08001ff1   Thumb Code   142  mecanum.o(i.Mecanum_Decomp)
    Mecanum_Synthe                           0x0800207f   Thumb Code   114  mecanum.o(i.Mecanum_Synthe)
    NVIC_Config                              0x080021e5   Thumb Code    28  stm32util.o(i.NVIC_Config)
    NVIC_Init                                0x08002201   Thumb Code    96  misc.o(i.NVIC_Init)
    NVIC_PriorityGroupConfig                 0x08002265   Thumb Code    10  misc.o(i.NVIC_PriorityGroupConfig)
    Odo_Init                                 0x08002279   Thumb Code   140  odo.o(i.Odo_Init)
    Odo_Proc                                 0x08002311   Thumb Code   202  odo.o(i.Odo_Proc)
    PID_Calc                                 0x080023f1   Thumb Code   218  pid.o(i.PID_Calc)
    PID_Reset                                0x080024d1   Thumb Code    14  pid.o(i.PID_Reset)
    RCC_AHB1PeriphClockCmd                   0x080024e5   Thumb Code    18  stm32f4xx_rcc.o(i.RCC_AHB1PeriphClockCmd)
    RCC_APB1PeriphClockCmd                   0x080024fd   Thumb Code    18  stm32f4xx_rcc.o(i.RCC_APB1PeriphClockCmd)
    RCC_APB2PeriphClockCmd                   0x08002515   Thumb Code    18  stm32f4xx_rcc.o(i.RCC_APB2PeriphClockCmd)
    RCC_GetClocksFreq                        0x0800252d   Thumb Code   132  stm32f4xx_rcc.o(i.RCC_GetClocksFreq)
    RCI_Init                                 0x080025c1   Thumb Code    36  rci.o(i.RCI_Init)
    RCI_Proc                                 0x080025e9   Thumb Code     4  rci.o(i.RCI_Proc)
    RCP_Dec                                  0x080025ed   Thumb Code    78  rcp.o(i.RCP_Dec)
    RCP_Rst                                  0x0800263d   Thumb Code    38  rcp.o(i.RCP_Rst)
    Ramp_Calc                                0x08002663   Thumb Code    40  ramp.o(i.Ramp_Calc)
    Ramp_Reset                               0x0800268b   Thumb Code     6  ramp.o(i.Ramp_Reset)
    RcvCallback                              0x08002691   Thumb Code     2  rcv_srv.o(i.RcvCallback)
    Rcv_Config                               0x08002695   Thumb Code   126  rcv.o(i.Rcv_Config)
    SYSCFG_EXTILineConfig                    0x08002729   Thumb Code    42  stm32f4xx_syscfg.o(i.SYSCFG_EXTILineConfig)
    Sch_Arrange                              0x08002759   Thumb Code    48  sch.o(i.Sch_Arrange)
    Sch_Init                                 0x0800278d   Thumb Code    22  sch.o(i.Sch_Init)
    SyncTimCallback                          0x08002879   Thumb Code     2  tim_srv.o(i.SyncTimCallback)
    SyncTim_Config                           0x0800287d   Thumb Code    38  tim.o(i.SyncTim_Config)
    SyncTim_Start                            0x080028a9   Thumb Code    34  tim.o(i.SyncTim_Start)
    SystemInit                               0x080028d1   Thumb Code    74  system_stm32f4xx.o(i.SystemInit)
    TIM2_IRQHandler                          0x0800292d   Thumb Code    42  tim.o(i.TIM2_IRQHandler)
    TIM6_DAC_IRQHandler                      0x08002959   Thumb Code    42  tim.o(i.TIM6_DAC_IRQHandler)
    TIM_ARRPreloadConfig                     0x08002989   Thumb Code    20  stm32f4xx_tim.o(i.TIM_ARRPreloadConfig)
    TIM_ClearFlag                            0x0800299d   Thumb Code     6  stm32f4xx_tim.o(i.TIM_ClearFlag)
    TIM_ClearITPendingBit                    0x080029a3   Thumb Code     6  stm32f4xx_tim.o(i.TIM_ClearITPendingBit)
    TIM_Cmd                                  0x080029a9   Thumb Code    20  stm32f4xx_tim.o(i.TIM_Cmd)
    TIM_Config                               0x080029bd   Thumb Code   276  stm32util.o(i.TIM_Config)
    TIM_GetITStatus                          0x08002b01   Thumb Code    24  stm32f4xx_tim.o(i.TIM_GetITStatus)
    TIM_ITConfig                             0x08002b19   Thumb Code    16  stm32f4xx_tim.o(i.TIM_ITConfig)
    TIM_TimeBaseInit                         0x08002b29   Thumb Code    96  stm32f4xx_tim.o(i.TIM_TimeBaseInit)
    TickTimCallback                          0x08002ba5   Thumb Code     4  tim_srv.o(i.TickTimCallback)
    TickTim_Config                           0x08002ba9   Thumb Code    48  tim.o(i.TickTim_Config)
    TickTim_Start                            0x08002bd9   Thumb Code    34  tim.o(i.TickTim_Start)
    Tim_Config                               0x08002bfb   Thumb Code    14  tim.o(i.Tim_Config)
    Tim_Start                                0x08002c09   Thumb Code    14  tim.o(i.Tim_Start)
    TtyRxCallback                            0x08002c17   Thumb Code     2  tty_srv.o(i.TtyRxCallback)
    Tty_Config                               0x08002c19   Thumb Code    94  tty.o(i.Tty_Config)
    USART1_IRQHandler                        0x08002c89   Thumb Code   110  rcv.o(i.USART1_IRQHandler)
    USART2_IRQHandler                        0x08002d05   Thumb Code   142  btm.o(i.USART2_IRQHandler)
    USART6_IRQHandler                        0x08002d9d   Thumb Code   142  tty.o(i.USART6_IRQHandler)
    USART_Bind                               0x08002e35   Thumb Code  3544  stm32util.o(i.USART_Bind)
    USART_ClearITPendingBit                  0x08003c15   Thumb Code    12  stm32f4xx_usart.o(i.USART_ClearITPendingBit)
    USART_Cmd                                0x08003c21   Thumb Code    20  stm32f4xx_usart.o(i.USART_Cmd)
    USART_Config                             0x08003c35   Thumb Code   366  stm32util.o(i.USART_Config)
    USART_DMACmd                             0x08003dc5   Thumb Code    16  stm32f4xx_usart.o(i.USART_DMACmd)
    USART_GetITStatus                        0x08003dd5   Thumb Code    62  stm32f4xx_usart.o(i.USART_GetITStatus)
    USART_ITConfig                           0x08003e13   Thumb Code    48  stm32f4xx_usart.o(i.USART_ITConfig)
    USART_Init                               0x08003e45   Thumb Code   164  stm32f4xx_usart.o(i.USART_Init)
    USART_ReceiveData                        0x08003ef1   Thumb Code     8  stm32f4xx_usart.o(i.USART_ReceiveData)
    USART_SendData                           0x08003ef9   Thumb Code     8  stm32f4xx_usart.o(i.USART_SendData)
    WSM_GetWorkingState                      0x08003f01   Thumb Code     6  wsm.o(i.WSM_GetWorkingState)
    WSM_Init                                 0x08003f0d   Thumb Code    10  wsm.o(i.WSM_Init)
    WSM_Proc                                 0x08003f1d   Thumb Code    82  wsm.o(i.WSM_Proc)
    Wdg_Feed                                 0x08003f75   Thumb Code    10  wdg.o(i.Wdg_Feed)
    Wdg_Init                                 0x08003f85   Thumb Code    34  wdg.o(i.Wdg_Init)
    Wdg_IsErrSet                             0x08003fb1   Thumb Code    16  wdg.o(i.Wdg_IsErrSet)
    Wdg_Proc                                 0x08003fc5   Thumb Code    58  wdg.o(i.Wdg_Proc)
    main                                     0x08004071   Thumb Code    42  main.o(i.main)
    map                                      0x080040a1   Thumb Code    26  fun.o(i.map)
    _fp_init                                 0x080040d7   Thumb Code    10  fpinit.o(x$fpl$fpinit)
    __fplib_config_fpu_vfp                   0x080040df   Thumb Code     0  fpinit.o(x$fpl$fpinit)
    __fplib_config_pureend_doubles           0x080040df   Thumb Code     0  fpinit.o(x$fpl$fpinit)
    WDG                                      0x080040e0   Data          40  wdg.o(.constdata)
    Region$$Table$$Base                      0x08004108   Number         0  anon$$obj.o(Region$$Table)
    Region$$Table$$Limit                     0x08004128   Number         0  anon$$obj.o(Region$$Table)
    cfg                                      0x20000000   Data         272  cfg.o(.data)
    functionalStateRef                       0x20000118   Data           4  cmd.o(.data)
    functionalStateCtl                       0x2000011c   Data           4  ctl.o(.data)
    CM1SpeedRamp                             0x20000120   Data           8  ctl.o(.data)
    CM2SpeedRamp                             0x20000128   Data           8  ctl.o(.data)
    CM3SpeedRamp                             0x20000130   Data           8  ctl.o(.data)
    CM4SpeedRamp                             0x20000138   Data           8  ctl.o(.data)
    mouseButtonStates                        0x20000140   Data           2  hci.o(.data)
    mouseButtonEvents                        0x20000142   Data           2  hci.o(.data)
    functionalStateFdb                       0x20000154   Data           4  odo.o(.data)
    switchStates                             0x20000158   Data           2  rci.o(.data)
    switchEvents                             0x2000015a   Data           2  rci.o(.data)
    wdg                                      0x20000170   Data          40  wdg.o(.data)
    zgyro                                    0x200001ac   Data          20  can.o(.bss)
    motor                                    0x200001c0   Data         216  can.o(.bss)
    chassisVelocityRef                       0x20000dc0   Data          12  cmd.o(.bss)
    mecanumVelocityRef                       0x20000dcc   Data          16  cmd.o(.bss)
    CM1SpeedPID                              0x20000ddc   Data          40  ctl.o(.bss)
    CM2SpeedPID                              0x20000e04   Data          40  ctl.o(.bss)
    CM3SpeedPID                              0x20000e2c   Data          40  ctl.o(.bss)
    CM4SpeedPID                              0x20000e54   Data          40  ctl.o(.bss)
    mecanumCurrentsCtl                       0x20000e7c   Data          16  ctl.o(.bss)
    dbus                                     0x20000e9e   Data          22  dci.o(.bss)
    mecanum                                  0x20000f5c   Data          20  mec.o(.bss)
    mecanumPositionFdb                       0x20000f70   Data          16  odo.o(.bss)
    mecanumVelocityFdb                       0x20000f80   Data          16  odo.o(.bss)
    mecanumCurrentsFdb                       0x20000f90   Data          16  odo.o(.bss)
    chassisPositionFdb                       0x20000fa0   Data          12  odo.o(.bss)
    chassisVelocityFdb                       0x20000fac   Data          12  odo.o(.bss)
    __libspace_start                         0x20001450   Data          96  libspace.o(.bss)
    __temporary_stack_top$libspace           0x200014b0   Data           0  libspace.o(.bss)



==============================================================================

Memory Map of the image

  Image Entry point : 0x080001ad

  Load Region LR_IROM1 (Base: 0x08000000, Size: 0x000042d4, Max: 0x00200000, ABSOLUTE, COMPRESSED[0x0000417c])

    Execution Region ER_IROM1 (Base: 0x08000000, Size: 0x00004128, Max: 0x00200000, ABSOLUTE)

    Base Addr    Size         Type   Attr      Idx    E Section Name        Object

    0x08000000   0x000001ac   Data   RO         7595    RESET               startup_stm32f427xx.o
    0x080001ac   0x00000008   Code   RO         7674  * !!!main             c_w.l(__main.o)
    0x080001b4   0x00000034   Code   RO         7996    !!!scatter          c_w.l(__scatter.o)
    0x080001e8   0x0000005a   Code   RO         7994    !!dczerorl2         c_w.l(__dczerorl2.o)
    0x08000242   0x00000002   PAD
    0x08000244   0x0000001c   Code   RO         7998    !!handler_zi        c_w.l(__scatter_zi.o)
    0x08000260   0x00000002   Code   RO         7933    .ARM.Collect$$libinit$$00000000  c_w.l(libinit.o)
    0x08000262   0x00000004   Code   RO         7758    .ARM.Collect$$libinit$$00000001  c_w.l(libinit2.o)
    0x08000266   0x00000000   Code   RO         7761    .ARM.Collect$$libinit$$00000004  c_w.l(libinit2.o)
    0x08000266   0x00000008   Code   RO         7762    .ARM.Collect$$libinit$$00000005  c_w.l(libinit2.o)
    0x0800026e   0x00000000   Code   RO         7764    .ARM.Collect$$libinit$$0000000A  c_w.l(libinit2.o)
    0x0800026e   0x00000000   Code   RO         7766    .ARM.Collect$$libinit$$0000000C  c_w.l(libinit2.o)
    0x0800026e   0x00000000   Code   RO         7768    .ARM.Collect$$libinit$$0000000E  c_w.l(libinit2.o)
    0x0800026e   0x00000000   Code   RO         7771    .ARM.Collect$$libinit$$00000011  c_w.l(libinit2.o)
    0x0800026e   0x00000000   Code   RO         7773    .ARM.Collect$$libinit$$00000013  c_w.l(libinit2.o)
    0x0800026e   0x00000000   Code   RO         7775    .ARM.Collect$$libinit$$00000015  c_w.l(libinit2.o)
    0x0800026e   0x00000000   Code   RO         7777    .ARM.Collect$$libinit$$00000017  c_w.l(libinit2.o)
    0x0800026e   0x00000000   Code   RO         7779    .ARM.Collect$$libinit$$00000019  c_w.l(libinit2.o)
    0x0800026e   0x00000000   Code   RO         7781    .ARM.Collect$$libinit$$0000001B  c_w.l(libinit2.o)
    0x0800026e   0x00000000   Code   RO         7783    .ARM.Collect$$libinit$$0000001D  c_w.l(libinit2.o)
    0x0800026e   0x00000000   Code   RO         7785    .ARM.Collect$$libinit$$0000001F  c_w.l(libinit2.o)
    0x0800026e   0x00000000   Code   RO         7787    .ARM.Collect$$libinit$$00000021  c_w.l(libinit2.o)
    0x0800026e   0x00000000   Code   RO         7789    .ARM.Collect$$libinit$$00000023  c_w.l(libinit2.o)
    0x0800026e   0x00000000   Code   RO         7791    .ARM.Collect$$libinit$$00000025  c_w.l(libinit2.o)
    0x0800026e   0x00000000   Code   RO         7795    .ARM.Collect$$libinit$$0000002C  c_w.l(libinit2.o)
    0x0800026e   0x00000000   Code   RO         7797    .ARM.Collect$$libinit$$0000002E  c_w.l(libinit2.o)
    0x0800026e   0x00000000   Code   RO         7799    .ARM.Collect$$libinit$$00000030  c_w.l(libinit2.o)
    0x0800026e   0x00000000   Code   RO         7801    .ARM.Collect$$libinit$$00000032  c_w.l(libinit2.o)
    0x0800026e   0x00000002   Code   RO         7802    .ARM.Collect$$libinit$$00000033  c_w.l(libinit2.o)
    0x08000270   0x00000002   Code   RO         7991    .ARM.Collect$$libshutdown$$00000000  c_w.l(libshutdown.o)
    0x08000272   0x00000000   Code   RO         7947    .ARM.Collect$$libshutdown$$00000002  c_w.l(libshutdown2.o)
    0x08000272   0x00000000   Code   RO         7949    .ARM.Collect$$libshutdown$$00000004  c_w.l(libshutdown2.o)
    0x08000272   0x00000000   Code   RO         7952    .ARM.Collect$$libshutdown$$00000007  c_w.l(libshutdown2.o)
    0x08000272   0x00000000   Code   RO         7955    .ARM.Collect$$libshutdown$$0000000A  c_w.l(libshutdown2.o)
    0x08000272   0x00000000   Code   RO         7957    .ARM.Collect$$libshutdown$$0000000C  c_w.l(libshutdown2.o)
    0x08000272   0x00000000   Code   RO         7960    .ARM.Collect$$libshutdown$$0000000F  c_w.l(libshutdown2.o)
    0x08000272   0x00000002   Code   RO         7961    .ARM.Collect$$libshutdown$$00000010  c_w.l(libshutdown2.o)
    0x08000274   0x00000000   Code   RO         7726    .ARM.Collect$$rtentry$$00000000  c_w.l(__rtentry.o)
    0x08000274   0x00000000   Code   RO         7869    .ARM.Collect$$rtentry$$00000002  c_w.l(__rtentry2.o)
    0x08000274   0x00000006   Code   RO         7881    .ARM.Collect$$rtentry$$00000004  c_w.l(__rtentry4.o)
    0x0800027a   0x00000000   Code   RO         7871    .ARM.Collect$$rtentry$$00000009  c_w.l(__rtentry2.o)
    0x0800027a   0x00000004   Code   RO         7872    .ARM.Collect$$rtentry$$0000000A  c_w.l(__rtentry2.o)
    0x0800027e   0x00000000   Code   RO         7874    .ARM.Collect$$rtentry$$0000000C  c_w.l(__rtentry2.o)
    0x0800027e   0x00000008   Code   RO         7875    .ARM.Collect$$rtentry$$0000000D  c_w.l(__rtentry2.o)
    0x08000286   0x00000002   Code   RO         7936    .ARM.Collect$$rtexit$$00000000  c_w.l(rtexit.o)
    0x08000288   0x00000000   Code   RO         7965    .ARM.Collect$$rtexit$$00000002  c_w.l(rtexit2.o)
    0x08000288   0x00000004   Code   RO         7966    .ARM.Collect$$rtexit$$00000003  c_w.l(rtexit2.o)
    0x0800028c   0x00000006   Code   RO         7967    .ARM.Collect$$rtexit$$00000004  c_w.l(rtexit2.o)
    0x08000292   0x00000002   PAD
    0x08000294   0x00000000   Code   RO         7890    .emb_text           c_w.l(maybetermalloc1.o)
    0x08000294   0x00000040   Code   RO         7596    .text               startup_stm32f427xx.o
    0x080002d4   0x0000005e   Code   RO         7606    .text               c_w.l(h1_alloc.o)
    0x08000332   0x0000004e   Code   RO         7608    .text               c_w.l(h1_free.o)
    0x08000380   0x0000003e   Code   RO         7664    .text               c_w.l(strlen.o)
    0x080003be   0x00000044   Code   RO         7668    .text               c_w.l(rt_memclr.o)
    0x08000402   0x0000004e   Code   RO         7670    .text               c_w.l(rt_memclr_w.o)
    0x08000450   0x00000006   Code   RO         7672    .text               c_w.l(heapauxi.o)
    0x08000456   0x00000002   PAD
    0x08000458   0x00000008   Code   RO         7730    .text               c_w.l(rt_heap_descriptor_intlibspace.o)
    0x08000460   0x00000004   Code   RO         7732    .text               c_w.l(hguard.o)
    0x08000464   0x0000008a   Code   RO         7734    .text               c_w.l(init_alloc.o)
    0x080004ee   0x0000000e   Code   RO         7738    .text               c_w.l(h1_init.o)
    0x080004fc   0x00000008   Code   RO         7865    .text               c_w.l(libspace.o)
    0x08000504   0x00000034   Code   RO         7892    .text               c_w.l(h1_extend.o)
    0x08000538   0x0000000e   Code   RO         7896    .text               c_w.l(defsig_rtmem_outer.o)
    0x08000546   0x00000002   Code   RO         7909    .text               c_w.l(use_no_semi.o)
    0x08000548   0x00000000   Code   RO         7911    .text               c_w.l(indicate_semi.o)
    0x08000548   0x0000004a   Code   RO         7912    .text               c_w.l(sys_stackheap_outer.o)
    0x08000592   0x00000012   Code   RO         7918    .text               c_w.l(exit.o)
    0x080005a4   0x0000000a   Code   RO         7920    .text               c_w.l(defsig_exit.o)
    0x080005ae   0x00000002   PAD
    0x080005b0   0x00000050   Code   RO         7922    .text               c_w.l(defsig_rtmem_inner.o)
    0x08000600   0x0000000c   Code   RO         7934    .text               c_w.l(sys_exit.o)
    0x0800060c   0x00000032   Code   RO         7944    .text               c_w.l(defsig_general.o)
    0x0800063e   0x0000000e   Code   RO         7962    .text               c_w.l(sys_wrch.o)
    0x0800064c   0x00000028   Code   RO          374    i.Act_Init          act.o
    0x08000674   0x00000094   Code   RO          375    i.Act_Proc          act.o
    0x08000708   0x0000002e   Code   RO          414    i.App_Init          app.o
    0x08000736   0x00000030   Code   RO          415    i.App_Proc          app.o
    0x08000766   0x00000002   PAD
    0x08000768   0x00000060   Code   RO         1856    i.Bsp_Config        bsp.o
    0x080007c8   0x0000000c   Code   RO         1703    i.BtmRxCallback     btm_srv.o
    0x080007d4   0x00000070   Code   RO         1880    i.Btm_Config        btm.o
    0x08000844   0x00000014   Code   RO         1881    i.Btm_Print         btm.o
    0x08000858   0x0000001a   Code   RO         1885    i.Btm_Write         btm.o
    0x08000872   0x00000002   PAD
    0x08000874   0x0000002c   Code   RO         1886    i.Btm_WriteByte     btm.o
    0x080008a0   0x00000002   Code   RO         1745    i.BtnCallback       ext_srv.o
    0x080008a2   0x00000002   PAD
    0x080008a4   0x0000001c   Code   RO         1946    i.Btn_Config        btn.o
    0x080008c0   0x00000044   Code   RO         1976    i.CAN1_RX0_IRQHandler  can1.o
    0x08000904   0x00000024   Code   RO         1977    i.CAN1_TX_IRQHandler  can1.o
    0x08000928   0x00000044   Code   RO         2012    i.CAN2_RX0_IRQHandler  can2.o
    0x0800096c   0x00000024   Code   RO         2013    i.CAN2_TX_IRQHandler  can2.o
    0x08000990   0x00000030   Code   RO         2776    i.CAN_ClearFlag     stm32f4xx_can.o
    0x080009c0   0x00000078   Code   RO         2777    i.CAN_ClearITPendingBit  stm32f4xx_can.o
    0x08000a38   0x0000006c   Code   RO         2223    i.CAN_Config        stm32util.o
    0x08000aa4   0x000000cc   Code   RO         2781    i.CAN_FilterInit    stm32f4xx_can.o
    0x08000b70   0x00000036   Code   RO         2224    i.CAN_Filter_Config  stm32util.o
    0x08000ba6   0x00000002   PAD
    0x08000ba8   0x000000a8   Code   RO         2783    i.CAN_GetITStatus   stm32f4xx_can.o
    0x08000c50   0x00000010   Code   RO         2787    i.CAN_ITConfig      stm32f4xx_can.o
    0x08000c60   0x000000e8   Code   RO         2788    i.CAN_Init          stm32f4xx_can.o
    0x08000d48   0x00000090   Code   RO         2791    i.CAN_Receive       stm32f4xx_can.o
    0x08000dd8   0x000000a4   Code   RO         2796    i.CAN_Transmit      stm32f4xx_can.o
    0x08000e7c   0x0000004e   Code   RO         2125    i.CM_Cmd            motor.o
    0x08000eca   0x00000006   Code   RO         1023    i.CS_Set            sys.o
    0x08000ed0   0x00000004   Code   RO         1724    i.Can1RxCallback    can_srv.o
    0x08000ed4   0x00000070   Code   RO         1978    i.Can1_Config       can1.o
    0x08000f44   0x00000004   Code   RO         1725    i.Can2RxCallback    can_srv.o
    0x08000f48   0x00000070   Code   RO         2014    i.Can2_Config       can2.o
    0x08000fb8   0x00000088   Code   RO          441    i.Can_Init          can.o
    0x08001040   0x0000008e   Code   RO          442    i.Can_Proc          can.o
    0x080010ce   0x00000002   PAD
    0x080010d0   0x000000b0   Code   RO          659    i.ChassisVelocityControl  ctl.o
    0x08001180   0x0000000c   Code   RO         2799    i.CheckITStatus     stm32f4xx_can.o
    0x0800118c   0x0000000c   Code   RO          551    i.Clk_GetMsTick     clk.o
    0x08001198   0x00000010   Code   RO          553    i.Clk_Init          clk.o
    0x080011a8   0x00000024   Code   RO          554    i.Clk_Spin          clk.o
    0x080011cc   0x00000054   Code   RO          586    i.Cmd_Init          cmd.o
    0x08001220   0x0000009c   Code   RO          587    i.Cmd_Proc          cmd.o
    0x080012bc   0x00000002   Code   RO          623    i.Com_Init          com.o
    0x080012be   0x00000002   PAD
    0x080012c0   0x00000070   Code   RO          660    i.Ctl_Init          ctl.o
    0x08001330   0x0000004c   Code   RO          661    i.Ctl_Proc          ctl.o
    0x0800137c   0x00000018   Code   RO         1226    i.DBUS_Dec          dbus.o
    0x08001394   0x00000014   Code   RO         1228    i.DBUS_Rst          dbus.o
    0x080013a8   0x00000018   Code   RO          701    i.DCI_Init          dci.o
    0x080013c0   0x0000004c   Code   RO          702    i.DCI_Proc          dci.o
    0x0800140c   0x00000014   Code   RO         3556    i.DMA_Cmd           stm32f4xx_dma.o
    0x08001420   0x00000070   Code   RO         2225    i.DMA_Config        stm32util.o
    0x08001490   0x00000014   Code   RO         3558    i.DMA_DoubleBufferModeCmd  stm32f4xx_dma.o
    0x080014a4   0x00000016   Code   RO         3559    i.DMA_DoubleBufferModeConfig  stm32f4xx_dma.o
    0x080014ba   0x00000006   Code   RO         3562    i.DMA_GetCurrDataCounter  stm32f4xx_dma.o
    0x080014c0   0x0000000e   Code   RO         3563    i.DMA_GetCurrentMemoryTarget  stm32f4xx_dma.o
    0x080014ce   0x00000002   PAD
    0x080014d0   0x00000054   Code   RO         3568    i.DMA_Init          stm32f4xx_dma.o
    0x08001524   0x00000020   Code   RO         1947    i.EXTI15_10_IRQHandler  btn.o
    0x08001544   0x000000c4   Code   RO         2226    i.EXTI_Bind         stm32util.o
    0x08001608   0x0000000c   Code   RO         3840    i.EXTI_ClearITPendingBit  stm32f4xx_exti.o
    0x08001614   0x00000028   Code   RO         2227    i.EXTI_Config       stm32util.o
    0x0800163c   0x00000014   Code   RO         3844    i.EXTI_GetITStatus  stm32f4xx_exti.o
    0x08001650   0x00000070   Code   RO         3845    i.EXTI_Init         stm32f4xx_exti.o
    0x080016c0   0x00000006   Code   RO         1252    i.Ekf_Init          ekf.o
    0x080016c6   0x0000004a   Code   RO         1253    i.Ekf_Proc          ekf.o
    0x08001710   0x0000001c   Code   RO         1254    i.Ekf_Reset         ekf.o
    0x0800172c   0x00000006   Code   RO         1255    i.Ekf_SetD          ekf.o
    0x08001732   0x00000006   Code   RO         1256    i.Ekf_SetE          ekf.o
    0x08001738   0x00000006   Code   RO         1258    i.Ekf_SetR          ekf.o
    0x0800173e   0x00000008   Code   RO         1312    i.Est_Init          est.o
    0x08001746   0x0000007c   Code   RO         1313    i.Est_Proc          est.o
    0x080017c2   0x00000002   PAD
    0x080017c4   0x00000030   Code   RO         1314    i.Est_Reset         est.o
    0x080017f4   0x00000016   Code   RO         1348    i.FIFO_Flush        fifo.o
    0x0800180a   0x00000008   Code   RO         1352    i.FIFO_Init         fifo.o
    0x08001812   0x0000000c   Code   RO         1353    i.FIFO_IsEmpty      fifo.o
    0x0800181e   0x00000010   Code   RO         1354    i.FIFO_IsFull       fifo.o
    0x0800182e   0x00000034   Code   RO         1356    i.FIFO_Pop          fifo.o
    0x08001862   0x0000003a   Code   RO         1357    i.FIFO_Push         fifo.o
    0x0800189c   0x00000008   Code   RO         1024    i.FS_Clr            sys.o
    0x080018a4   0x00000006   Code   RO         1025    i.FS_Get            sys.o
    0x080018aa   0x00000008   Code   RO         1026    i.FS_Set            sys.o
    0x080018b2   0x00000048   Code   RO         2126    i.GM_Cmd            motor.o
    0x080018fa   0x00000024   Code   RO         2229    i.GPIO_AF           stm32util.o
    0x0800191e   0x00000002   PAD
    0x08001920   0x00000118   Code   RO         2230    i.GPIO_Config       stm32util.o
    0x08001a38   0x00000010   Code   RO         2231    i.GPIO_In           stm32util.o
    0x08001a48   0x000000a2   Code   RO         4425    i.GPIO_Init         stm32f4xx_gpio.o
    0x08001aea   0x00000012   Code   RO         2232    i.GPIO_Out          stm32util.o
    0x08001afc   0x00000020   Code   RO         4426    i.GPIO_PinAFConfig  stm32f4xx_gpio.o
    0x08001b1c   0x0000000e   Code   RO         4431    i.GPIO_ReadOutputDataBit  stm32f4xx_gpio.o
    0x08001b2a   0x00000004   Code   RO         4432    i.GPIO_ResetBits    stm32f4xx_gpio.o
    0x08001b2e   0x00000004   Code   RO         4433    i.GPIO_SetBits      stm32f4xx_gpio.o
    0x08001b32   0x00000008   Code   RO         4435    i.GPIO_ToggleBits   stm32f4xx_gpio.o
    0x08001b3a   0x00000008   Code   RO         1426    i.Gdf_Init          gdf.o
    0x08001b42   0x0000007a   Code   RO         1427    i.Gdf_Proc          gdf.o
    0x08001bbc   0x00000038   Code   RO         1428    i.Gdf_Reset         gdf.o
    0x08001bf4   0x000000bc   Code   RO          791    i.GetChassisVelocityRef  hci.o
    0x08001cb0   0x00000090   Code   RO          931    i.GetChassisVelocityRef  rci.o
    0x08001d40   0x00000058   Code   RO          792    i.GetFunctionalStateRef  hci.o
    0x08001d98   0x00000024   Code   RO          932    i.GetSwitchEvents   rci.o
    0x08001dbc   0x00000040   Code   RO          933    i.GetSwitchStates   rci.o
    0x08001dfc   0x00000058   Code   RO          793    i.HCI_Init          hci.o
    0x08001e54   0x00000012   Code   RO          794    i.HCI_Proc          hci.o
    0x08001e66   0x0000001e   Code   RO         1460    i.HCP_Dec           hcp.o
    0x08001e84   0x00000016   Code   RO         1462    i.HCP_Rst           hcp.o
    0x08001e9a   0x00000002   PAD
    0x08001e9c   0x0000000c   Code   RO          835    i.Ini_GetFlag       ini.o
    0x08001ea8   0x00000064   Code   RO          837    i.Ini_Proc          ini.o
    0x08001f0c   0x00000020   Code   RO          344    i.KOS_Boot          kos.o
    0x08001f2c   0x00000030   Code   RO         2101    i.Led_Config        led.o
    0x08001f5c   0x00000042   Code   RO         1484    i.MAFilter_Calc     mafilter.o
    0x08001f9e   0x00000008   Code   RO         1487    i.MAFilter_Init     mafilter.o
    0x08001fa6   0x00000002   PAD
    0x08001fa8   0x00000020   Code   RO         1488    i.MAFilter_Reset    mafilter.o
    0x08001fc8   0x00000006   Code   RO         1028    i.MS_Set            sys.o
    0x08001fce   0x00000002   PAD
    0x08001fd0   0x00000010   Code   RO          862    i.Mec_Decomp        mec.o
    0x08001fe0   0x00000010   Code   RO          863    i.Mec_Synthe        mec.o
    0x08001ff0   0x0000008e   Code   RO         1521    i.Mecanum_Decomp    mecanum.o
    0x0800207e   0x00000072   Code   RO         1522    i.Mecanum_Synthe    mecanum.o
    0x080020f0   0x000000f4   Code   RO          444    i.Motor_Proc        can.o
    0x080021e4   0x0000001c   Code   RO         2233    i.NVIC_Config       stm32util.o
    0x08002200   0x00000064   Code   RO         2481    i.NVIC_Init         misc.o
    0x08002264   0x00000014   Code   RO         2482    i.NVIC_PriorityGroupConfig  misc.o
    0x08002278   0x00000098   Code   RO          894    i.Odo_Init          odo.o
    0x08002310   0x000000e0   Code   RO          895    i.Odo_Proc          odo.o
    0x080023f0   0x000000e0   Code   RO         1544    i.PID_Calc          pid.o
    0x080024d0   0x00000014   Code   RO         1546    i.PID_Reset         pid.o
    0x080024e4   0x00000018   Code   RO         5363    i.RCC_AHB1PeriphClockCmd  stm32f4xx_rcc.o
    0x080024fc   0x00000018   Code   RO         5372    i.RCC_APB1PeriphClockCmd  stm32f4xx_rcc.o
    0x08002514   0x00000018   Code   RO         5375    i.RCC_APB2PeriphClockCmd  stm32f4xx_rcc.o
    0x0800252c   0x00000094   Code   RO         5384    i.RCC_GetClocksFreq  stm32f4xx_rcc.o
    0x080025c0   0x00000028   Code   RO          934    i.RCI_Init          rci.o
    0x080025e8   0x00000004   Code   RO          935    i.RCI_Proc          rci.o
    0x080025ec   0x0000004e   Code   RO         1598    i.RCP_Dec           rcp.o
    0x0800263a   0x00000002   PAD
    0x0800263c   0x00000026   Code   RO         1600    i.RCP_Rst           rcp.o
    0x08002662   0x00000028   Code   RO         1568    i.Ramp_Calc         ramp.o
    0x0800268a   0x00000006   Code   RO         1571    i.Ramp_Reset        ramp.o
    0x08002690   0x00000002   Code   RO         1769    i.RcvCallback       rcv_srv.o
    0x08002692   0x00000002   PAD
    0x08002694   0x00000094   Code   RO         2155    i.Rcv_Config        rcv.o
    0x08002728   0x00000030   Code   RO         6689    i.SYSCFG_EXTILineConfig  stm32f4xx_syscfg.o
    0x08002758   0x00000034   Code   RO          981    i.Sch_Arrange       sch.o
    0x0800278c   0x0000001c   Code   RO          983    i.Sch_Init          sch.o
    0x080027a8   0x000000d0   Code   RO         7555    i.SetSysClock       system_stm32f4xx.o
    0x08002878   0x00000002   Code   RO         1808    i.SyncTimCallback   tim_srv.o
    0x0800287a   0x00000002   PAD
    0x0800287c   0x0000002c   Code   RO         2335    i.SyncTim_Config    tim.o
    0x080028a8   0x00000028   Code   RO         2336    i.SyncTim_Start     tim.o
    0x080028d0   0x0000005c   Code   RO         7557    i.SystemInit        system_stm32f4xx.o
    0x0800292c   0x0000002a   Code   RO         2338    i.TIM2_IRQHandler   tim.o
    0x08002956   0x00000002   PAD
    0x08002958   0x00000030   Code   RO         2339    i.TIM6_DAC_IRQHandler  tim.o
    0x08002988   0x00000014   Code   RO         6748    i.TIM_ARRPreloadConfig  stm32f4xx_tim.o
    0x0800299c   0x00000006   Code   RO         6754    i.TIM_ClearFlag     stm32f4xx_tim.o
    0x080029a2   0x00000006   Code   RO         6755    i.TIM_ClearITPendingBit  stm32f4xx_tim.o
    0x080029a8   0x00000014   Code   RO         6760    i.TIM_Cmd           stm32f4xx_tim.o
    0x080029bc   0x00000144   Code   RO         2235    i.TIM_Config        stm32util.o
    0x08002b00   0x00000018   Code   RO         6781    i.TIM_GetITStatus   stm32f4xx_tim.o
    0x08002b18   0x00000010   Code   RO         6785    i.TIM_ITConfig      stm32f4xx_tim.o
    0x08002b28   0x0000007c   Code   RO         6832    i.TIM_TimeBaseInit  stm32f4xx_tim.o
    0x08002ba4   0x00000004   Code   RO         1809    i.TickTimCallback   tim_srv.o
    0x08002ba8   0x00000030   Code   RO         2340    i.TickTim_Config    tim.o
    0x08002bd8   0x00000022   Code   RO         2341    i.TickTim_Start     tim.o
    0x08002bfa   0x0000000e   Code   RO         2343    i.Tim_Config        tim.o
    0x08002c08   0x0000000e   Code   RO         2344    i.Tim_Start         tim.o
    0x08002c16   0x00000002   Code   RO         1832    i.TtyRxCallback     tty_srv.o
    0x08002c18   0x00000070   Code   RO         2415    i.Tty_Config        tty.o
    0x08002c88   0x0000007c   Code   RO         2156    i.USART1_IRQHandler  rcv.o
    0x08002d04   0x00000098   Code   RO         1887    i.USART2_IRQHandler  btm.o
    0x08002d9c   0x00000098   Code   RO         2422    i.USART6_IRQHandler  tty.o
    0x08002e34   0x00000de0   Code   RO         2237    i.USART_Bind        stm32util.o
    0x08003c14   0x0000000c   Code   RO         7298    i.USART_ClearITPendingBit  stm32f4xx_usart.o
    0x08003c20   0x00000014   Code   RO         7301    i.USART_Cmd         stm32f4xx_usart.o
    0x08003c34   0x00000190   Code   RO         2238    i.USART_Config      stm32util.o
    0x08003dc4   0x00000010   Code   RO         7302    i.USART_DMACmd      stm32f4xx_usart.o
    0x08003dd4   0x0000003e   Code   RO         7305    i.USART_GetITStatus  stm32f4xx_usart.o
    0x08003e12   0x00000030   Code   RO         7307    i.USART_ITConfig    stm32f4xx_usart.o
    0x08003e42   0x00000002   PAD
    0x08003e44   0x000000ac   Code   RO         7308    i.USART_Init        stm32f4xx_usart.o
    0x08003ef0   0x00000008   Code   RO         7315    i.USART_ReceiveData  stm32f4xx_usart.o
    0x08003ef8   0x00000008   Code   RO         7318    i.USART_SendData    stm32f4xx_usart.o
    0x08003f00   0x0000000c   Code   RO         1110    i.WSM_GetWorkingState  wsm.o
    0x08003f0c   0x00000010   Code   RO         1111    i.WSM_Init          wsm.o
    0x08003f1c   0x00000058   Code   RO         1112    i.WSM_Proc          wsm.o
    0x08003f74   0x00000010   Code   RO         1063    i.Wdg_Feed          wdg.o
    0x08003f84   0x0000002c   Code   RO         1066    i.Wdg_Init          wdg.o
    0x08003fb0   0x00000014   Code   RO         1067    i.Wdg_IsErrSet      wdg.o
    0x08003fc4   0x00000044   Code   RO         1068    i.Wdg_Proc          wdg.o
    0x08004008   0x00000068   Code   RO          446    i.ZGyro_Proc        can.o
    0x08004070   0x00000030   Code   RO            4    i.main              main.o
    0x080040a0   0x0000001a   Code   RO          771    i.map               fun.o
    0x080040ba   0x0000001c   Code   RO          986    i.newSchTask        sch.o
    0x080040d6   0x0000000a   Code   RO         7907    x$fpl$fpinit        fz_wm.l(fpinit.o)
    0x080040e0   0x00000028   Data   RO         1069    .constdata          wdg.o
    0x08004108   0x00000020   Data   RO         7992    Region$$Table       anon$$obj.o


    Execution Region RW_IRAM1 (Base: 0x20000000, Size: 0x000028b0, Max: 0x00030000, ABSOLUTE, COMPRESSED[0x00000054])

    Base Addr    Size         Type   Attr      Idx    E Section Name        Object

    0x20000000   0x00000110   Data   RW          501    .data               cfg.o
    0x20000110   0x00000008   Data   RW          555    .data               clk.o
    0x20000118   0x00000004   Data   RW          589    .data               cmd.o
    0x2000011c   0x00000024   Data   RW          663    .data               ctl.o
    0x20000140   0x00000010   Data   RW          796    .data               hci.o
    0x20000150   0x00000004   Data   RW          838    .data               ini.o
    0x20000154   0x00000004   Data   RW          897    .data               odo.o
    0x20000158   0x00000010   Data   RW          936    .data               rci.o
    0x20000168   0x00000004   Data   RW          987    .data               sch.o
    0x2000016c   0x0000002c   Data   RW         1070    .data               wdg.o
    0x20000198   0x00000002   Data   RW         1114    .data               wsm.o
    0x2000019a   0x00000010   Data   RW         5416    .data               stm32f4xx_rcc.o
    0x200001aa   0x00000002   PAD
    0x200001ac   0x00000c14   Zero   RW          448    .bss                can.o
    0x20000dc0   0x0000001c   Zero   RW          588    .bss                cmd.o
    0x20000ddc   0x000000b0   Zero   RW          662    .bss                ctl.o
    0x20000e8c   0x00000028   Zero   RW          704    .bss                dci.o
    0x20000eb4   0x000000a8   Zero   RW          795    .bss                hci.o
    0x20000f5c   0x00000014   Zero   RW          864    .bss                mec.o
    0x20000f70   0x00000048   Zero   RW          896    .bss                odo.o
    0x20000fb8   0x00000228   Zero   RW         1888    .bss                btm.o
    0x200011e0   0x00000048   Zero   RW         2157    .bss                rcv.o
    0x20001228   0x00000228   Zero   RW         2423    .bss                tty.o
    0x20001450   0x00000060   Zero   RW         7866    .bss                c_w.l(libspace.o)
    0x200014b0   0x00001000   Zero   RW         7594    HEAP                startup_stm32f427xx.o
    0x200024b0   0x00000400   Zero   RW         7593    STACK               startup_stm32f427xx.o


==============================================================================

Image component sizes


      Code (inc. data)   RO Data    RW Data    ZI Data      Debug   Object Name

       188         28          0          0          0       1342   act.o
        94          0          0          0          0       1050   app.o
        96         30          0          0          0        525   bsp.o
       354         36          0          0        552       3488   btm.o
        12          4          0          0          0        464   btm_srv.o
        60          4          0          0          0       1016   btn.o
       626         52          0          0       3092       4338   can.o
       216         26          0          0          0       1625   can1.o
       216         24          0          0          0       1633   can2.o
         8          0          0          0          0       1314   can_srv.o
         0          0          0        272          0       3514   cfg.o
        64         16          0          8          0       1566   clk.o
       240         20          0          4         28       1369   cmd.o
         2          0          0          0          0        435   com.o
       364         38          0         36        176       2486   ctl.o
        44          0          0          0          0       1402   dbus.o
       100         14          0          0         40       1533   dci.o
       126          6          0          0          0       3515   ekf.o
       180         10          0          0          0       1978   est.o
         2          0          0          0          0        446   ext_srv.o
       168          0          0          0          0       3889   fifo.o
        26          0          0          0          0        646   fun.o
       186          8          0          0          0       1958   gdf.o
       382         40          0         16        168       4152   hci.o
        52          0          0          0          0       1320   hcp.o
       112         14          0          4          0       1189   ini.o
        32          4          0          0          0        487   kos.o
        48          8          0          0          0        493   led.o
       106          4          0          0          0       2005   mafilter.o
        48          6          0          0          0     336231   main.o
        32         12          0          0         20       1240   mec.o
       256          0          0          0          0       1498   mecanum.o
       120         14          0          0          0       1587   misc.o
       150          0          0          0          0       1682   motor.o
       376         34          0          4         72       2206   odo.o
       244         12          0          0          0       1639   pid.o
        46          0          0          0          0       1337   ramp.o
       288         30          0         16          0       4526   rci.o
       116          0          0          0          0       1332   rcp.o
       272         36          0          0         72       1613   rcv.o
         2          0          0          0          0        730   rcv_srv.o
       108         10          0          4          0       2281   sch.o
        64         26        428          0       5120        860   startup_stm32f427xx.o
      1108         24          0          0          0       7754   stm32f4xx_can.o
       166          4          0          0          0       5034   stm32f4xx_dma.o
       144         14          0          0          0       2264   stm32f4xx_exti.o
       224          0          0          0          0       4302   stm32f4xx_gpio.o
       220         34          0         16          0       4923   stm32f4xx_rcc.o
        48          6          0          0          0        700   stm32f4xx_syscfg.o
       216         28          0          0          0       6064   stm32f4xx_tim.o
       346          8          0          0          0       6332   stm32f4xx_usart.o
      5164        210          0          0          0      14272   stm32util.o
        34          0          0          0          0       3021   sys.o
       300         36          0          0          0       1601   system_stm32f4xx.o
       284         18          0          0          0       4337   tim.o
         6          0          0          0          0        908   tim_srv.o
       264         28          0          0        552       1972   tty.o
         2          0          0          0          0        464   tty_srv.o
       148         30         40         44          0       2638   wdg.o
       116         18          0          2          0       1692   wsm.o

    ----------------------------------------------------------------------
     15050       1024        500        428       9892     478218   Object Totals
         0          0         32          0          0          0   (incl. Generated)
        34          0          0          2          0          0   (incl. Padding)

    ----------------------------------------------------------------------

      Code (inc. data)   RO Data    RW Data    ZI Data      Debug   Library Member Name

        90          0          0          0          0          0   __dczerorl2.o
         8          0          0          0          0         68   __main.o
         0          0          0          0          0          0   __rtentry.o
        12          0          0          0          0          0   __rtentry2.o
         6          0          0          0          0          0   __rtentry4.o
        52          8          0          0          0          0   __scatter.o
        28          0          0          0          0          0   __scatter_zi.o
        10          0          0          0          0         68   defsig_exit.o
        50          0          0          0          0         88   defsig_general.o
        80         58          0          0          0         76   defsig_rtmem_inner.o
        14          0          0          0          0         80   defsig_rtmem_outer.o
        18          0          0          0          0         80   exit.o
        94          0          0          0          0         80   h1_alloc.o
        52          0          0          0          0         68   h1_extend.o
        78          0          0          0          0         80   h1_free.o
        14          0          0          0          0         84   h1_init.o
         6          0          0          0          0        152   heapauxi.o
         4          0          0          0          0        136   hguard.o
         0          0          0          0          0          0   indicate_semi.o
       138          0          0          0          0        168   init_alloc.o
         2          0          0          0          0          0   libinit.o
        14          0          0          0          0          0   libinit2.o
         2          0          0          0          0          0   libshutdown.o
         2          0          0          0          0          0   libshutdown2.o
         8          4          0          0         96         68   libspace.o
         0          0          0          0          0          0   maybetermalloc1.o
         8          4          0          0          0         68   rt_heap_descriptor_intlibspace.o
        68          0          0          0          0         68   rt_memclr.o
        78          0          0          0          0         80   rt_memclr_w.o
         2          0          0          0          0          0   rtexit.o
        10          0          0          0          0          0   rtexit2.o
        62          0          0          0          0         76   strlen.o
        12          4          0          0          0         68   sys_exit.o
        74          0          0          0          0         80   sys_stackheap_outer.o
        14          0          0          0          0         76   sys_wrch.o
         2          0          0          0          0         68   use_no_semi.o
        10          0          0          0          0        116   fpinit.o

    ----------------------------------------------------------------------
      1130         78          0          0         96       1996   Library Totals
         8          0          0          0          0          0   (incl. Padding)

    ----------------------------------------------------------------------

      Code (inc. data)   RO Data    RW Data    ZI Data      Debug   Library Name

      1112         78          0          0         96       1880   c_w.l
        10          0          0          0          0        116   fz_wm.l

    ----------------------------------------------------------------------
      1130         78          0          0         96       1996   Library Totals

    ----------------------------------------------------------------------

==============================================================================


      Code (inc. data)   RO Data    RW Data    ZI Data      Debug   

     16180       1102        500        428       9988     462326   Grand Totals
     16180       1102        500         84       9988     462326   ELF Image Totals (compressed)
     16180       1102        500         84          0          0   ROM Totals

==============================================================================

    Total RO  Size (Code + RO Data)                16680 (  16.29kB)
    Total RW  Size (RW Data + ZI Data)             10416 (  10.17kB)
    Total ROM Size (Code + RO Data + RW Data)      16764 (  16.37kB)

==============================================================================

