Component: ARM Compiler 5.06 update 4 (build 422) Tool: armlink [4d35d2]

==============================================================================

Section Cross References

    main.o(i.main) refers to kos.o(i.KOS_Boot) for KOS_Boot
    main.o(i.main) refers to snd.o(i.Snd_Play) for Snd_Play
    main.o(i.main) refers to delay.o(i.Delay_Ms) for Delay_Ms
    main.o(i.main) refers to snd.o(i.Snd_Stop) for Snd_Stop
    main.o(i.main) refers to main.o(i.vAppTaskCreate) for vAppTaskCreate
    main.o(i.main) refers to tasks.o(i.vTaskStartScheduler) for vTaskStartScheduler
    main.o(i.vAppTaskCreate) refers to tasks.o(i.xTaskCreate) for xTaskCreate
    main.o(i.vAppTaskCreate) refers to main.o(.data) for .data
    main.o(i.vAppTaskCreate) refers to main.o(i.vLedThreadFun) for vLedThreadFun
    main.o(i.vAppTaskCreate) refers to main.o(i.vSrsThreadFun) for vSrsThreadFun
    main.o(i.vAppTaskCreate) refers to main.o(i.vDnlThreadFun) for vDnlThreadFun
    main.o(i.vAppTaskCreate) refers to main.o(i.vUplThreadFun) for vUplThreadFun
    main.o(i.vAppTaskCreate) refers to main.o(i.vDbgThreadFun) for vDbgThreadFun
    main.o(i.vAppTaskCreate) refers to main.o(i.vImuThreadFun) for vImuThreadFun
    main.o(i.vDbgThreadFun) refers to f2d.o(.text) for __aeabi_f2d
    main.o(i.vDbgThreadFun) refers to printfa.o(i.__0printf) for __2printf
    main.o(i.vDbgThreadFun) refers to tasks.o(i.vTaskDelay) for vTaskDelay
    main.o(i.vDbgThreadFun) refers to odo.o(.bss) for odo
    main.o(i.vDnlThreadFun) refers to dnl.o(i.Dnl_Proc) for Dnl_Proc
    main.o(i.vDnlThreadFun) refers to tasks.o(i.vTaskDelay) for vTaskDelay
    main.o(i.vImuThreadFun) refers to tasks.o(i.vTaskDelay) for vTaskDelay
    main.o(i.vLedThreadFun) refers to stm32f4xx_gpio.o(i.GPIO_ToggleBits) for GPIO_ToggleBits
    main.o(i.vLedThreadFun) refers to tasks.o(i.vTaskDelay) for vTaskDelay
    main.o(i.vSrsThreadFun) refers to srs.o(i.Srs_Proc) for Srs_Proc
    main.o(i.vSrsThreadFun) refers to tasks.o(i.vTaskDelay) for vTaskDelay
    main.o(i.vUplThreadFun) refers to upl.o(i.Upl_Proc) for Upl_Proc
    main.o(i.vUplThreadFun) refers to tasks.o(i.vTaskDelay) for vTaskDelay
    kos.o(i.KOS_Boot) refers to app.o(i.App_Init) for App_Init
    kos.o(i.KOS_Boot) refers to sch.o(i.Sch_Init) for Sch_Init
    kos.o(i.KOS_Boot) refers to sch.o(i.Sch_Arrange) for Sch_Arrange
    kos.o(i.KOS_Boot) refers to bsp.o(i.Bsp_Config) for Bsp_Config
    kos.o(i.KOS_Boot) refers to act.o(i.Act_Init) for Act_Init
    kos.o(i.KOS_Boot) refers to tim.o(i.Tim_Start) for Tim_Start
    kos.o(i.KOS_Boot) refers to app.o(i.App_Proc) for App_Proc
    kos.o(i.KOS_Boot) refers to snd.o(i.Snd_Proc) for Snd_Proc
    kos.o(i.KOS_Stop) refers to sch.o(i.Sch_Dismiss) for Sch_Dismiss
    kos.o(i.KOS_Stop) refers to act.o(i.Act_Init) for Act_Init
    kos.o(i.KOS_Stop) refers to app.o(i.App_Proc) for App_Proc
    kos.o(i.KOS_Stop) refers to snd.o(i.Snd_Proc) for Snd_Proc
    sch.o(i.Sch_Arrange) refers to sch.o(i.getSchTask) for getSchTask
    sch.o(i.Sch_Arrange) refers to sch.o(i.newSchTask) for newSchTask
    sch.o(i.Sch_Arrange) refers to sch.o(.data) for .data
    sch.o(i.Sch_Dismiss) refers to sch.o(i.getSchTask) for getSchTask
    sch.o(i.Sch_Dismiss) refers to malloc.o(i.free) for free
    sch.o(i.Sch_Dismiss) refers to sch.o(.data) for .data
    sch.o(i.Sch_Init) refers to sch.o(.data) for .data
    sch.o(i.Sch_Proc) refers to sch.o(.data) for .data
    sch.o(i.getSchTask) refers to sch.o(.data) for .data
    sch.o(i.newSchTask) refers to malloc.o(i.malloc) for malloc
    sch.o(i.newSchTask) refers to memseta.o(.text) for __aeabi_memclr4
    act.o(i.Act_Init) refers to motor.o(i.CM_Cmd) for CM_Cmd
    act.o(i.Act_Init) refers to motor.o(i.GM_Cmd) for GM_Cmd
    act.o(i.Act_Proc) refers to motor.o(i.CM_Cmd) for CM_Cmd
    act.o(i.Act_Proc) refers to motor.o(i.GM_Cmd) for GM_Cmd
    act.o(i.Act_Proc) refers to ctl.o(.bss) for ctl
    app.o(i.App_Init) refers to ios.o(i.Ios_Init) for Ios_Init
    app.o(i.App_Init) refers to cfg.o(i.Cfg_Init) for Cfg_Init
    app.o(i.App_Init) refers to clk.o(i.Clk_Init) for Clk_Init
    app.o(i.App_Init) refers to mec.o(i.Mec_Init) for Mec_Init
    app.o(i.App_Init) refers to can.o(i.Can_Init) for Can_Init
    app.o(i.App_Init) refers to odo.o(i.Odo_Init) for Odo_Init
    app.o(i.App_Init) refers to cmd.o(i.Cmd_Init) for Cmd_Init
    app.o(i.App_Init) refers to ctl.o(i.Ctl_Init) for Ctl_Init
    app.o(i.App_Init) refers to upl.o(i.Upl_Init) for Upl_Init
    app.o(i.App_Init) refers to dnl.o(i.Dnl_Init) for Dnl_Init
    app.o(i.App_Init) refers to com.o(i.Com_Init) for Com_Init
    app.o(i.App_Init) refers to dci.o(i.Dci_Init) for Dci_Init
    app.o(i.App_Init) refers to cal.o(i.Cal_Init) for Cal_Init
    app.o(i.App_Init) refers to pwr.o(i.Pwr_Init) for Pwr_Init
    app.o(i.App_Init) refers to srs.o(i.Srs_Init) for Srs_Init
    app.o(i.App_Init) refers to snd.o(i.Snd_Init) for Snd_Init
    app.o(i.App_Init) refers to wdg.o(i.Wdg_Init) for Wdg_Init
[...]
    Clk_GetUsTick                            0x08001861   Thumb Code     8  clk.o(i.Clk_GetUsTick)
    Clk_Init                                 0x08001869   Thumb Code    16  clk.o(i.Clk_Init)
    Cmd_Init                                 0x0800187d   Thumb Code     8  cmd.o(i.Cmd_Init)
    Cmd_Proc                                 0x08001889   Thumb Code   308  cmd.o(i.Cmd_Proc)
    Com_Init                                 0x080019c5   Thumb Code    14  com.o(i.Com_Init)
    Ctl_Init                                 0x08001a39   Thumb Code    98  ctl.o(i.Ctl_Init)
    Ctl_Proc                                 0x08001aa5   Thumb Code    34  ctl.o(i.Ctl_Proc)
    DBUS_Dec                                 0x08001b39   Thumb Code    24  dbus.o(i.DBUS_Dec)
    DBUS_Init                                0x08001b51   Thumb Code    20  dbus.o(i.DBUS_Init)
    DMA_Cmd                                  0x08001b65   Thumb Code    20  stm32f4xx_dma.o(i.DMA_Cmd)
    DMA_Config                               0x08001b79   Thumb Code   100  stm32util.o(i.DMA_Config)
    DMA_DoubleBufferModeCmd                  0x08001be5   Thumb Code    20  stm32f4xx_dma.o(i.DMA_DoubleBufferModeCmd)
    DMA_DoubleBufferModeConfig               0x08001bf9   Thumb Code    22  stm32f4xx_dma.o(i.DMA_DoubleBufferModeConfig)
    DMA_GetCurrDataCounter                   0x08001c0f   Thumb Code     6  stm32f4xx_dma.o(i.DMA_GetCurrDataCounter)
    DMA_GetCurrentMemoryTarget               0x08001c15   Thumb Code    14  stm32f4xx_dma.o(i.DMA_GetCurrentMemoryTarget)
    DMA_Init                                 0x08001c25   Thumb Code    80  stm32f4xx_dma.o(i.DMA_Init)
    DbiRxCallback                            0x08001c79   Thumb Code     4  com_srv.o(i.DbiRxCallback)
    Dbi_Config                               0x08001c7d   Thumb Code    94  dbi.o(i.Dbi_Config)
    Dbi_GetCh                                0x08001ced   Thumb Code    60  dbi.o(i.Dbi_GetCh)
    Dbi_Proc                                 0x08001d31   Thumb Code     6  com.o(i.Dbi_Proc)
    Dbi_PutCh                                0x08001d39   Thumb Code    50  dbi.o(i.Dbi_PutCh)
    Dci_Init                                 0x08001d75   Thumb Code    20  dci.o(i.Dci_Init)
    Dci_Proc                                 0x08001d8d   Thumb Code    72  dci.o(i.Dci_Proc)
    DebugMon_Handler                         0x08001dd5   Thumb Code     2  stm32f4xx_it.o(i.DebugMon_Handler)
    Delay_Ms                                 0x08001dd7   Thumb Code    24  delay.o(i.Delay_Ms)
    Dnl_Init                                 0x08001df1   Thumb Code    28  dnl.o(i.Dnl_Init)
    Dnl_Proc                                 0x08001e11   Thumb Code   296  dnl.o(i.Dnl_Proc)
    EXTI0_IRQHandler                         0x08001f61   Thumb Code    42  stm32util.o(i.EXTI0_IRQHandler)
    EXTI15_10_IRQHandler                     0x08001f91   Thumb Code   206  stm32util.o(i.EXTI15_10_IRQHandler)
    EXTI1_IRQHandler                         0x08002065   Thumb Code    42  stm32util.o(i.EXTI1_IRQHandler)
    EXTI2_IRQHandler                         0x08002095   Thumb Code    42  stm32util.o(i.EXTI2_IRQHandler)
    EXTI3_IRQHandler                         0x080020c5   Thumb Code    42  stm32util.o(i.EXTI3_IRQHandler)
    EXTI4_IRQHandler                         0x080020f5   Thumb Code    42  stm32util.o(i.EXTI4_IRQHandler)
    EXTI9_5_IRQHandler                       0x08002125   Thumb Code   162  stm32util.o(i.EXTI9_5_IRQHandler)
    EXTI_Bind                                0x080021cd   Thumb Code   280  stm32util.o(i.EXTI_Bind)
    EXTI_ClearFlag                           0x080022e9   Thumb Code     6  stm32f4xx_exti.o(i.EXTI_ClearFlag)
    EXTI_ClearITPendingBit                   0x080022f5   Thumb Code     6  stm32f4xx_exti.o(i.EXTI_ClearITPendingBit)
    EXTI_Config                              0x08002301   Thumb Code    40  stm32util.o(i.EXTI_Config)
    EXTI_GetITStatus                         0x08002329   Thumb Code    16  stm32f4xx_exti.o(i.EXTI_GetITStatus)
    EXTI_Init                                0x0800233d   Thumb Code   108  stm32f4xx_exti.o(i.EXTI_Init)
    EXTI_SetHandler                          0x080023ad   Thumb Code    12  stm32util.o(i.EXTI_SetHandler)
    Ekf_Init                                 0x080023bd   Thumb Code     8  ekf.o(i.Ekf_Init)
    Ekf_Proc                                 0x080023c5   Thumb Code    74  ekf.o(i.Ekf_Proc)
    Ekf_Reset                                0x08002411   Thumb Code    22  ekf.o(i.Ekf_Reset)
    FIFO_Flush                               0x0800242d   Thumb Code    22  fifo.o(i.FIFO_Flush)
    FIFO_GetFree                             0x08002443   Thumb Code     8  fifo.o(i.FIFO_GetFree)
    FIFO_GetSize                             0x0800244b   Thumb Code     4  fifo.o(i.FIFO_GetSize)
    FIFO_GetUsed                             0x0800244f   Thumb Code     4  fifo.o(i.FIFO_GetUsed)
    FIFO_Init                                0x08002453   Thumb Code     8  fifo.o(i.FIFO_Init)
    FIFO_IsEmpty                             0x0800245b   Thumb Code    12  fifo.o(i.FIFO_IsEmpty)
    FIFO_IsFull                              0x08002467   Thumb Code    16  fifo.o(i.FIFO_IsFull)
    FIFO_Peek                                0x08002477   Thumb Code    40  fifo.o(i.FIFO_Peek)
    FIFO_Pop                                 0x0800249f   Thumb Code    52  fifo.o(i.FIFO_Pop)
    FIFO_Push                                0x080024d3   Thumb Code    58  fifo.o(i.FIFO_Push)
    FLASH_DataCacheCmd                       0x0800250d   Thumb Code    22  stm32f4xx_flash.o(i.FLASH_DataCacheCmd)
    FLASH_EraseSector                        0x08002529   Thumb Code   104  stm32f4xx_flash.o(i.FLASH_EraseSector)
    FLASH_GetStatus                          0x08002595   Thumb Code    56  stm32f4xx_flash.o(i.FLASH_GetStatus)
    FLASH_Lock                               0x080025d1   Thumb Code    12  stm32f4xx_flash.o(i.FLASH_Lock)
    FLASH_ProgramByte                        0x080025e1   Thumb Code    52  stm32f4xx_flash.o(i.FLASH_ProgramByte)
    FLASH_Unlock                             0x08002619   Thumb Code    22  stm32f4xx_flash.o(i.FLASH_Unlock)
    FLASH_WaitForLastOperation               0x0800263d   Thumb Code    30  stm32f4xx_flash.o(i.FLASH_WaitForLastOperation)
    FS_Cpy                                   0x0800265b   Thumb Code     4  sys.o(i.FS_Cpy)
    FS_Det                                   0x0800265f   Thumb Code     4  sys.o(i.FS_Det)
    Flag_Cpy                                 0x08002663   Thumb Code    38  fun.o(i.Flag_Cpy)
    Flag_Det                                 0x08002689   Thumb Code    14  fun.o(i.Flag_Det)
    Flag_Get                                 0x08002697   Thumb Code     6  fun.o(i.Flag_Get)
    Flag_Set                                 0x0800269d   Thumb Code     8  fun.o(i.Flag_Set)
    Flash_Read                               0x08002745   Thumb Code    22  flash.o(i.Flash_Read)
    Flash_Write                              0x0800275d   Thumb Code   122  flash.o(i.Flash_Write)
    Fos_Read                                 0x080027dd   Thumb Code    10  fos.o(i.Fos_Read)
    Fos_Write                                0x080027ed   Thumb Code    10  fos.o(i.Fos_Write)
    GM_Cmd                                   0x080027fd   Thumb Code    72  motor.o(i.GM_Cmd)
    GPIO_Af                                  0x08002845   Thumb Code    40  stm32util.o(i.GPIO_Af)
    GPIO_Config                              0x0800286d   Thumb Code   236  stm32util.o(i.GPIO_Config)
    GPIO_In                                  0x08002985   Thumb Code    16  stm32util.o(i.GPIO_In)
    GPIO_Init                                0x08002995   Thumb Code   162  stm32f4xx_gpio.o(i.GPIO_Init)
    GPIO_Out                                 0x08002a37   Thumb Code    18  stm32util.o(i.GPIO_Out)
    GPIO_PinAFConfig                         0x08002a49   Thumb Code    32  stm32f4xx_gpio.o(i.GPIO_PinAFConfig)
    GPIO_ReadInputDataBit                    0x08002a69   Thumb Code    14  stm32f4xx_gpio.o(i.GPIO_ReadInputDataBit)
    GPIO_ReadOutputDataBit                   0x08002a77   Thumb Code    14  stm32f4xx_gpio.o(i.GPIO_ReadOutputDataBit)
    GPIO_ResetBits                           0x08002a85   Thumb Code     4  stm32f4xx_gpio.o(i.GPIO_ResetBits)
    GPIO_SetBits                             0x08002a89   Thumb Code     4  stm32f4xx_gpio.o(i.GPIO_SetBits)
    GPIO_ToggleBits                          0x08002a8d   Thumb Code     8  stm32f4xx_gpio.o(i.GPIO_ToggleBits)
    HardFault_Handler                        0x08003519   Thumb Code     2  stm32f4xx_it.o(i.HardFault_Handler)
    Hcf_Init                                 0x0800351d   Thumb Code    38  hcf.o(i.Hcf_Init)
    Hcf_Proc                                 0x08003543   Thumb Code    64  hcf.o(i.Hcf_Proc)
    Hci_Init                                 0x08003585   Thumb Code    48  hci.o(i.Hci_Init)
    Hci_MouseBtn                             0x080035b9   Thumb Code    12  hci.o(i.Hci_MouseBtn)
    Hci_PreProc                              0x080035c9   Thumb Code     8  hci.o(i.Hci_PreProc)
    Hci_Proc                                 0x080035d5   Thumb Code    24  hci.o(i.Hci_Proc)
    Hcp_Dec                                  0x080035ed   Thumb Code    30  hcp.o(i.Hcp_Dec)
    Hcp_Init                                 0x0800360b   Thumb Code    28  hcp.o(i.Hcp_Init)
    IST8310_AuxCfg                           0x08003627   Thumb Code   168  ist8310_drv.o(i.IST8310_AuxCfg)
    IST8310_Config                           0x080036d1   Thumb Code    14  ist8310.o(i.IST8310_Config)
    IST8310_I2C_Read_Reg                     0x080036df   Thumb Code    98  ist8310_i2c.o(i.IST8310_I2C_Read_Reg)
    IST8310_I2C_Write_Reg                    0x08003741   Thumb Code    86  ist8310_i2c.o(i.IST8310_I2C_Write_Reg)
    IST8310_Init                             0x08003797   Thumb Code   372  ist8310_drv.o(i.IST8310_Init)
    Ini_Init                                 0x0800390d   Thumb Code     8  ini.o(i.Ini_Init)
    Ini_IsDone                               0x08003919   Thumb Code    18  ini.o(i.Ini_IsDone)
    Ini_Proc                                 0x08003931   Thumb Code   126  ini.o(i.Ini_Proc)
    Ios_GetCh                                0x080039c1   Thumb Code     4  ios.o(i.Ios_GetCh)
    Ios_Init                                 0x080039c5   Thumb Code    18  ios.o(i.Ios_Init)
    Ios_PutCh                                0x080039e1   Thumb Code    18  ios.o(i.Ios_PutCh)
    Ios_SetIn                                0x080039f5   Thumb Code    10  ios.o(i.Ios_SetIn)
    Ios_SetOut                               0x08003a05   Thumb Code    10  ios.o(i.Ios_SetOut)
    KOS_Boot                                 0x08003a15   Thumb Code    42  kos.o(i.KOS_Boot)
    Key_Config                               0x08003a49   Thumb Code    34  key.o(i.Key_Config)
    Led_Config                               0x08003a75   Thumb Code    40  led.o(i.Led_Config)
    MPU6500_CheckDevice                      0x08003aa5   Thumb Code    42  mpu6500_drv.o(i.MPU6500_CheckDevice)
    MPU6500_Config                           0x08003ad1   Thumb Code    14  mpu6500.o(i.MPU6500_Config)
    MPU6500_Init                             0x08003ae1   Thumb Code    56  mpu6500_drv.o(i.MPU6500_Init)
    MPU6500_SPI_Read_Reg                     0x08003b1d   Thumb Code    86  mpu6500_spi.o(i.MPU6500_SPI_Read_Reg)
    MPU6500_SPI_Write_Reg                    0x08003b7d   Thumb Code    72  mpu6500_spi.o(i.MPU6500_SPI_Write_Reg)
    Maf_Init                                 0x08003bcd   Thumb Code     8  maf.o(i.Maf_Init)
    Maf_Proc                                 0x08003bd5   Thumb Code    66  maf.o(i.Maf_Proc)
    Maf_Reset                                0x08003c19   Thumb Code    42  maf.o(i.Maf_Reset)
    Mec_Decomp                               0x08003c49   Thumb Code    10  mec.o(i.Mec_Decomp)
    Mec_Init                                 0x08003c59   Thumb Code    40  mec.o(i.Mec_Init)
    Mec_Synthe                               0x08003c89   Thumb Code    10  mec.o(i.Mec_Synthe)
    Mecanum_Config                           0x08003c99   Thumb Code    42  mecanum.o(i.Mecanum_Config)
    Mecanum_Decomp                           0x08003cc3   Thumb Code   142  mecanum.o(i.Mecanum_Decomp)
    Mecanum_Synthe                           0x08003d51   Thumb Code   114  mecanum.o(i.Mecanum_Synthe)
    Med_Init                                 0x08003dc5   Thumb Code    50  med.o(i.Med_Init)
    Med_Proc                                 0x08003dfd   Thumb Code    66  med.o(i.Med_Proc)
    MemManage_Handler                        0x08003e3f   Thumb Code     2  stm32f4xx_it.o(i.MemManage_Handler)
    Motor_Process                            0x08003e41   Thumb Code   286  can.o(i.Motor_Process)
    Motor_Ready                              0x08003f81   Thumb Code    14  can.o(i.Motor_Ready)
    Motor_Reset                              0x08003f8f   Thumb Code     6  can.o(i.Motor_Reset)
    Msg_Pop                                  0x08003f95   Thumb Code   118  msg.o(i.Msg_Pop)
    Msg_Push                                 0x0800400b   Thumb Code    74  msg.o(i.Msg_Push)
    NMI_Handler                              0x08004055   Thumb Code     2  stm32f4xx_it.o(i.NMI_Handler)
    NVIC_Config                              0x08004057   Thumb Code    28  stm32util.o(i.NVIC_Config)
    NVIC_Init                                0x08004075   Thumb Code    96  misc.o(i.NVIC_Init)
    NVIC_PriorityGroupConfig                 0x080040d9   Thumb Code    10  misc.o(i.NVIC_PriorityGroupConfig)
    Odo_Init                                 0x080040ed   Thumb Code    18  odo.o(i.Odo_Init)
    Odo_Proc                                 0x0800410d   Thumb Code   268  odo.o(i.Odo_Proc)
    PID_Calc                                 0x08004241   Thumb Code   278  pid.o(i.PID_Calc)
    PID_Config                               0x0800435d   Thumb Code     6  pid.o(i.PID_Config)
    PID_Reset                                0x08004365   Thumb Code    30  pid.o(i.PID_Reset)
    PWM_Bind                                 0x08004389   Thumb Code  5436  stm32util.o(i.PWM_Bind)
    Pwm_Config                               0x080058cd   Thumb Code    82  pwm.o(i.Pwm_Config)
    Pwr_Init                                 0x08005929   Thumb Code    72  pwr.o(i.Pwr_Init)
    Pwr_IsOkay                               0x08005979   Thumb Code    16  pwr.o(i.Pwr_IsOkay)
    RCC_AHB1PeriphClockCmd                   0x0800598d   Thumb Code    18  stm32f4xx_rcc.o(i.RCC_AHB1PeriphClockCmd)
    RCC_APB1PeriphClockCmd                   0x080059a5   Thumb Code    18  stm32f4xx_rcc.o(i.RCC_APB1PeriphClockCmd)
    RCC_APB2PeriphClockCmd                   0x080059bd   Thumb Code    18  stm32f4xx_rcc.o(i.RCC_APB2PeriphClockCmd)
    RCC_GetClocksFreq                        0x080059d5   Thumb Code   132  stm32f4xx_rcc.o(i.RCC_GetClocksFreq)
    Rcf_Init                                 0x08005a69   Thumb Code    40  rcf.o(i.Rcf_Init)
    Rcf_Proc                                 0x08005a91   Thumb Code    64  rcf.o(i.Rcf_Proc)
    Rci_Init                                 0x08005ad1   Thumb Code     6  rci.o(i.Rci_Init)
    Rci_PreProc                              0x08005add   Thumb Code     8  rci.o(i.Rci_PreProc)
    Rci_Proc                                 0x08005ae9   Thumb Code    18  rci.o(i.Rci_Proc)
    Rci_Sw                                   0x08005afd   Thumb Code    12  rci.o(i.Rci_Sw)
    Rcp_Dec                                  0x08005b0d   Thumb Code    78  rcp.o(i.Rcp_Dec)
    Rcp_Enc                                  0x08005b5b   Thumb Code    64  rcp.o(i.Rcp_Enc)
    Rcp_Init                                 0x08005b9d   Thumb Code    38  rcp.o(i.Rcp_Init)
    RcvCallback                              0x08005bc3   Thumb Code     4  rcv_srv.o(i.RcvCallback)
    Rcv_Config                               0x08005bc9   Thumb Code   126  rcv.o(i.Rcv_Config)
    Rcv_Proc                                 0x08005c5d   Thumb Code    28  dci.o(i.Rcv_Proc)
    Rmp_Calc                                 0x08005c7d   Thumb Code    42  rmp.o(i.Rmp_Calc)
    Rmp_Config                               0x08005ca7   Thumb Code     4  rmp.o(i.Rmp_Config)
    Rmp_Reset                                0x08005cad   Thumb Code    14  rmp.o(i.Rmp_Reset)
    SPI_Bind                                 0x08005cc1   Thumb Code  2506  stm32util.o(i.SPI_Bind)
    SPI_Cmd                                  0x08006699   Thumb Code    20  stm32f4xx_spi.o(i.SPI_Cmd)
    SPI_Config                               0x080066ad   Thumb Code   166  stm32util.o(i.SPI_Config)
    SPI_Init                                 0x0800676d   Thumb Code    56  stm32f4xx_spi.o(i.SPI_Init)
    SPI_TxRxByte                             0x080067a5   Thumb Code    40  stm32util.o(i.SPI_TxRxByte)
    SR04Callback                             0x080067cd   Thumb Code     4  ext_srv.o(i.SR04Callback)
    SR04_Bind                                0x080067d1   Thumb Code    28  sr04.o(i.SR04_Bind)
    SR04_Config                              0x080067f1   Thumb Code    24  sr04.o(i.SR04_Config)
    SYSCFG_EXTILineConfig                    0x08006875   Thumb Code    42  stm32f4xx_syscfg.o(i.SYSCFG_EXTILineConfig)
    Sch_Arrange                              0x080068a5   Thumb Code    58  sch.o(i.Sch_Arrange)
    Sch_Init                                 0x080068e5   Thumb Code    20  sch.o(i.Sch_Init)
    Sch_Proc                                 0x080068fd   Thumb Code    42  sch.o(i.Sch_Proc)
    Snd_Init                                 0x080069fd   Thumb Code    10  snd.o(i.Snd_Init)
    Snd_Play                                 0x08006a0d   Thumb Code     8  snd.o(i.Snd_Play)
    Snd_Proc                                 0x08006a19   Thumb Code    58  snd.o(i.Snd_Proc)
    Snd_Stop                                 0x08006a59   Thumb Code     8  snd.o(i.Snd_Stop)
    Spi5_Config                              0x08006a65   Thumb Code    74  spi5.o(i.Spi5_Config)
    Sr04_Proc                                0x08006ab9   Thumb Code    74  srs.o(i.Sr04_Proc)
    Srs_Fall                                 0x08006b05   Thumb Code   148  srs.o(i.Srs_Fall)
    Srs_Func                                 0x08006ba5   Thumb Code   142  srs.o(i.Srs_Func)
    Srs_Init                                 0x08006c3d   Thumb Code    18  srs.o(i.Srs_Init)
    Srs_Proc                                 0x08006c51   Thumb Code   110  srs.o(i.Srs_Proc)
    Srs_Rise                                 0x08006cc9   Thumb Code    68  srs.o(i.Srs_Rise)
    Srs_Start                                0x08006d15   Thumb Code    52  srs.o(i.Srs_Start)
    Srs_Trig                                 0x08006d4d   Thumb Code    80  srs.o(i.Srs_Trig)
    SyncTimCallback                          0x08006da5   Thumb Code     4  tim_srv.o(i.SyncTimCallback)
    SyncTim_Config                           0x08006da9   Thumb Code    38  tim.o(i.SyncTim_Config)
    SyncTim_Start                            0x08006dd5   Thumb Code    34  tim.o(i.SyncTim_Start)
    SysTick_Handler                          0x08006dfd   Thumb Code    38  port.o(i.SysTick_Handler)
    SystemInit                               0x08006e29   Thumb Code    74  system_stm32f4xx.o(i.SystemInit)
    TIM2_IRQHandler                          0x08006e85   Thumb Code    42  tim.o(i.TIM2_IRQHandler)
    TIM6_DAC_IRQHandler                      0x08006eb1   Thumb Code    42  tim.o(i.TIM6_DAC_IRQHandler)
    TIM_ARRPreloadConfig                     0x08006ee1   Thumb Code    20  stm32f4xx_tim.o(i.TIM_ARRPreloadConfig)
    TIM_ClearFlag                            0x08006ef5   Thumb Code     6  stm32f4xx_tim.o(i.TIM_ClearFlag)
    TIM_ClearITPendingBit                    0x08006efb   Thumb Code     6  stm32f4xx_tim.o(i.TIM_ClearITPendingBit)
    TIM_Cmd                                  0x08006f01   Thumb Code    20  stm32f4xx_tim.o(i.TIM_Cmd)
    TIM_Config                               0x08006f15   Thumb Code   276  stm32util.o(i.TIM_Config)
    TIM_GetITStatus                          0x08007059   Thumb Code    24  stm32f4xx_tim.o(i.TIM_GetITStatus)
    TIM_ITConfig                             0x08007071   Thumb Code    16  stm32f4xx_tim.o(i.TIM_ITConfig)
    TIM_OC1Init                              0x08007081   Thumb Code    88  stm32f4xx_tim.o(i.TIM_OC1Init)
    TIM_OC1PreloadConfig                     0x080070e1   Thumb Code    12  stm32f4xx_tim.o(i.TIM_OC1PreloadConfig)
    TIM_OC2Init                              0x080070ed   Thumb Code   120  stm32f4xx_tim.o(i.TIM_OC2Init)
    TIM_OC2PreloadConfig                     0x0800716d   Thumb Code    20  stm32f4xx_tim.o(i.TIM_OC2PreloadConfig)
    TIM_OC3Init                              0x08007181   Thumb Code   116  stm32f4xx_tim.o(i.TIM_OC3Init)
    TIM_OC3PreloadConfig                     0x080071fd   Thumb Code    12  stm32f4xx_tim.o(i.TIM_OC3PreloadConfig)
    TIM_OC4Init                              0x08007209   Thumb Code    88  stm32f4xx_tim.o(i.TIM_OC4Init)
    TIM_OC4PreloadConfig                     0x08007269   Thumb Code    20  stm32f4xx_tim.o(i.TIM_OC4PreloadConfig)
    TIM_OC_Config                            0x0800727d   Thumb Code   130  stm32util.o(i.TIM_OC_Config)
    TIM_TimeBaseInit                         0x08007301   Thumb Code    96  stm32f4xx_tim.o(i.TIM_TimeBaseInit)
    TickTimCallback                          0x0800737d   Thumb Code     2  tim_srv.o(i.TickTimCallback)
    TickTim_Config                           0x0800737f   Thumb Code    46  tim.o(i.TickTim_Config)
    TickTim_Start                            0x080073ad   Thumb Code    34  tim.o(i.TickTim_Start)
    Tim_Config                               0x080073cf   Thumb Code    14  tim.o(i.Tim_Config)
    Tim_Start                                0x080073dd   Thumb Code    14  tim.o(i.Tim_Start)
    TtyRxCallback                            0x080073eb   Thumb Code     4  com_srv.o(i.TtyRxCallback)
    Tty_Config                               0x080073f1   Thumb Code    94  tty.o(i.Tty_Config)
    Tty_GetCh                                0x08007461   Thumb Code    60  tty.o(i.Tty_GetCh)
    Tty_GetRxFifoFree                        0x080074a5   Thumb Code     6  tty.o(i.Tty_GetRxFifoFree)
    Tty_GetRxFifoSize                        0x080074b1   Thumb Code     6  tty.o(i.Tty_GetRxFifoSize)
    Tty_GetRxFifoUsed                        0x080074bd   Thumb Code     6  tty.o(i.Tty_GetRxFifoUsed)
    Tty_GetTxFifoFree                        0x080074c9   Thumb Code     6  tty.o(i.Tty_GetTxFifoFree)
    Tty_GetTxFifoSize                        0x080074d5   Thumb Code     6  tty.o(i.Tty_GetTxFifoSize)
    Tty_GetTxFifoUsed                        0x080074e1   Thumb Code     6  tty.o(i.Tty_GetTxFifoUsed)
    Tty_Print                                0x080074ed   Thumb Code    28  tty.o(i.Tty_Print)
    Tty_Proc                                 0x08007509   Thumb Code     6  com.o(i.Tty_Proc)
    Tty_PutCh                                0x08007511   Thumb Code    50  tty.o(i.Tty_PutCh)
    Tty_Read                                 0x0800754d   Thumb Code    70  tty.o(i.Tty_Read)
    Tty_ReadByte                             0x0800759d   Thumb Code    64  tty.o(i.Tty_ReadByte)
    Tty_Write                                0x080075e5   Thumb Code    70  tty.o(i.Tty_Write)
    Tty_WriteByte                            0x08007635   Thumb Code    58  tty.o(i.Tty_WriteByte)
    USART1_IRQHandler                        0x08007679   Thumb Code   104  rcv.o(i.USART1_IRQHandler)
    USART2_IRQHandler                        0x080076ed   Thumb Code   142  btm.o(i.USART2_IRQHandler)
    USART3_IRQHandler                        0x08007785   Thumb Code   142  dbi.o(i.USART3_IRQHandler)
    USART6_IRQHandler                        0x0800781d   Thumb Code   142  tty.o(i.USART6_IRQHandler)
    USART_Bind                               0x080078b5   Thumb Code  3544  stm32util.o(i.USART_Bind)
    USART_Cmd                                0x08008695   Thumb Code    20  stm32f4xx_usart.o(i.USART_Cmd)
    USART_Config                             0x080086a9   Thumb Code   366  stm32util.o(i.USART_Config)
    USART_DMACmd                             0x08008839   Thumb Code    16  stm32f4xx_usart.o(i.USART_DMACmd)
    USART_GetITStatus                        0x08008849   Thumb Code    62  stm32f4xx_usart.o(i.USART_GetITStatus)
    USART_ITConfig                           0x08008887   Thumb Code    48  stm32f4xx_usart.o(i.USART_ITConfig)
    USART_Init                               0x080088b9   Thumb Code   164  stm32f4xx_usart.o(i.USART_Init)
    USART_ReceiveData                        0x08008965   Thumb Code     8  stm32f4xx_usart.o(i.USART_ReceiveData)
    USART_SendData                           0x0800896d   Thumb Code     8  stm32f4xx_usart.o(i.USART_SendData)
    Upd_Init                                 0x08008975   Thumb Code    48  upd.o(i.Upd_Init)
    Upd_Proc                                 0x080089ad   Thumb Code   102  upd.o(i.Upd_Proc)
    Upl_Init                                 0x08008a15   Thumb Code    14  upl.o(i.Upl_Init)
    Upl_Proc                                 0x08008a29   Thumb Code   280  upl.o(i.Upl_Proc)
    UsageFault_Handler                       0x08008d75   Thumb Code     2  stm32f4xx_it.o(i.UsageFault_Handler)
    Wdg_Feed                                 0x08008d79   Thumb Code    10  wdg.o(i.Wdg_Feed)
    Wdg_GetErr                               0x08008d89   Thumb Code     6  wdg.o(i.Wdg_GetErr)
    Wdg_HasErr                               0x08008d95   Thumb Code     8  wdg.o(i.Wdg_HasErr)
    Wdg_HitErr                               0x08008da1   Thumb Code    16  wdg.o(i.Wdg_HitErr)
    Wdg_Init                                 0x08008db5   Thumb Code    34  wdg.o(i.Wdg_Init)
    Wdg_IsOkay                               0x08008de1   Thumb Code    28  wdg.o(i.Wdg_IsOkay)
    Wdg_Proc                                 0x08008dfd   Thumb Code    58  wdg.o(i.Wdg_Proc)
    Wsm_GetLastWs                            0x08008e41   Thumb Code     6  wsm.o(i.Wsm_GetLastWs)
    Wsm_GetWs                                0x08008e4d   Thumb Code     6  wsm.o(i.Wsm_GetWs)
    Wsm_Init                                 0x08008e59   Thumb Code    10  wsm.o(i.Wsm_Init)
    Wsm_Proc                                 0x08008e69   Thumb Code   218  wsm.o(i.Wsm_Proc)
    ZGyro_Process                            0x08008f49   Thumb Code   128  can.o(i.ZGyro_Process)
    ZGyro_Ready                              0x08008fd5   Thumb Code    14  can.o(i.ZGyro_Ready)
    ZGyro_Reset                              0x08008fe3   Thumb Code     6  can.o(i.ZGyro_Reset)
    __0printf                                0x08008fe9   Thumb Code    22  printfa.o(i.__0printf)
    __1printf                                0x08008fe9   Thumb Code     0  printfa.o(i.__0printf)
    __2printf                                0x08008fe9   Thumb Code     0  printfa.o(i.__0printf)
    __c89printf                              0x08008fe9   Thumb Code     0  printfa.o(i.__0printf)
    printf                                   0x08008fe9   Thumb Code     0  printfa.o(i.__0printf)
    __scatterload_copy                       0x08009009   Thumb Code    14  handlers.o(i.__scatterload_copy)
    __scatterload_null                       0x08009017   Thumb Code     2  handlers.o(i.__scatterload_null)
    __scatterload_zeroinit                   0x08009019   Thumb Code    14  handlers.o(i.__scatterload_zeroinit)
    constrain                                0x080098db   Thumb Code    32  fun.o(i.constrain)
    fputc                                    0x080098fd   Thumb Code    16  ios.o(i.fputc)
    isort                                    0x0800992d   Thumb Code    60  fun.o(i.isort)
    main                                     0x08009969   Thumb Code    30  main.o(i.main)
    malloc                                   0x08009989   Thumb Code    92  malloc.o(i.malloc)
    map                                      0x080099f5   Thumb Code    56  fun.o(i.map)
    pvPortMalloc                             0x0800a0c1   Thumb Code   170  heap_2.o(i.pvPortMalloc)
    pvTaskIncrementMutexHeldCount            0x0800a179   Thumb Code    18  tasks.o(i.pvTaskIncrementMutexHeldCount)
    pxPortInitialiseStack                    0x0800a191   Thumb Code    40  port.o(i.pxPortInitialiseStack)
    sort                                     0x0800a1bd   Thumb Code    44  fun.o(i.sort)
    uxListRemove                             0x0800a1e9   Thumb Code    36  list.o(i.uxListRemove)
    vListInitialise                          0x0800a395   Thumb Code    22  list.o(i.vListInitialise)
    vListInitialiseItem                      0x0800a3ab   Thumb Code     6  list.o(i.vListInitialiseItem)
    vListInsert                              0x0800a3b1   Thumb Code    48  list.o(i.vListInsert)
    vListInsertEnd                           0x0800a3e1   Thumb Code    24  list.o(i.vListInsertEnd)
    vPortEnterCritical                       0x0800a3f9   Thumb Code    54  port.o(i.vPortEnterCritical)
    vPortExitCritical                        0x0800a439   Thumb Code    34  port.o(i.vPortExitCritical)
    vPortFree                                0x0800a461   Thumb Code    56  heap_2.o(i.vPortFree)
    vPortSetupTimerInterrupt                 0x0800a49d   Thumb Code    26  port.o(i.vPortSetupTimerInterrupt)
    vPortValidateInterruptPriority           0x0800a4bd   Thumb Code    74  port.o(i.vPortValidateInterruptPriority)
    vQueueAddToRegistry                      0x0800a511   Thumb Code    34  queue.o(i.vQueueAddToRegistry)
    vQueueWaitForMessageRestricted           0x0800a539   Thumb Code    68  queue.o(i.vQueueWaitForMessageRestricted)
    vTaskDelay                               0x0800a589   Thumb Code    66  tasks.o(i.vTaskDelay)
    vTaskMissedYield                         0x0800a5d5   Thumb Code     8  tasks.o(i.vTaskMissedYield)
    vTaskPlaceOnEventList                    0x0800a5e1   Thumb Code    44  tasks.o(i.vTaskPlaceOnEventList)
    vTaskPlaceOnEventListRestricted          0x0800a611   Thumb Code    52  tasks.o(i.vTaskPlaceOnEventListRestricted)
    vTaskPriorityInherit                     0x0800a649   Thumb Code   124  tasks.o(i.vTaskPriorityInherit)
    vTaskSetTimeOutState                     0x0800a6cd   Thumb Code    30  tasks.o(i.vTaskSetTimeOutState)
    vTaskStartScheduler                      0x0800a6f1   Thumb Code    94  tasks.o(i.vTaskStartScheduler)
    vTaskSuspendAll                          0x0800a761   Thumb Code    10  tasks.o(i.vTaskSuspendAll)
    vTaskSwitchContext                       0x0800a771   Thumb Code    82  tasks.o(i.vTaskSwitchContext)
    xPortStartScheduler                      0x0800a7d9   Thumb Code   202  port.o(i.xPortStartScheduler)
    xQueueGenericCreate                      0x0800a8b9   Thumb Code    72  queue.o(i.xQueueGenericCreate)
    xQueueGenericReceive                     0x0800a901   Thumb Code   360  queue.o(i.xQueueGenericReceive)
    xQueueGenericReset                       0x0800aa6d   Thumb Code   132  queue.o(i.xQueueGenericReset)
    xQueueGenericSend                        0x0800aaf5   Thumb Code   346  queue.o(i.xQueueGenericSend)
    xQueueGenericSendFromISR                 0x0800ac55   Thumb Code   188  queue.o(i.xQueueGenericSendFromISR)
    xTaskCheckForTimeOut                     0x0800ad11   Thumb Code   102  tasks.o(i.xTaskCheckForTimeOut)
    xTaskCreate                              0x0800ad7d   Thumb Code    86  tasks.o(i.xTaskCreate)
    xTaskGetSchedulerState                   0x0800add5   Thumb Code    22  tasks.o(i.xTaskGetSchedulerState)
    xTaskGetTickCount                        0x0800adf1   Thumb Code     6  tasks.o(i.xTaskGetTickCount)
    xTaskIncrementTick                       0x0800adfd   Thumb Code   192  tasks.o(i.xTaskIncrementTick)
    xTaskPriorityDisinherit                  0x0800aec5   Thumb Code   144  tasks.o(i.xTaskPriorityDisinherit)
    xTaskRemoveFromEventList                 0x0800af5d   Thumb Code   108  tasks.o(i.xTaskRemoveFromEventList)
    xTaskResumeAll                           0x0800afd1   Thumb Code   182  tasks.o(i.xTaskResumeAll)
    xTimerCreateTimerTask                    0x0800b095   Thumb Code    58  timers.o(i.xTimerCreateTimerTask)
    xTimerGenericCommand                     0x0800b0e1   Thumb Code    92  timers.o(i.xTimerGenericCommand)
    msg_head_vrc                             0x0800b580   Data           4  msg.o(.constdata)
    msg_head_vhc                             0x0800b584   Data           4  msg.o(.constdata)
    msg_head_vdbus                           0x0800b588   Data           4  msg.o(.constdata)
    msg_head_vcbus                           0x0800b58c   Data           4  msg.o(.constdata)
    msg_head_zgyro                           0x0800b590   Data           4  msg.o(.constdata)
    msg_head_kylin                           0x0800b594   Data           4  msg.o(.constdata)
    msg_head_pos_calib                       0x0800b598   Data           4  msg.o(.constdata)
    msg_head_sr04s                           0x0800b59c   Data           4  msg.o(.constdata)
    BEEP_TONE_TABLE                          0x0800b5a0   Data          42  beep.o(.constdata)
    BEEP_START_UP_MUSIC                      0x0800b5ca   Data          14  beep.o(.constdata)
    sr04                                     0x0800b5e8   Data          32  sr04.o(.constdata)
    tty                                      0x0800b608   Data          52  tty.o(.constdata)
    Region$$Table$$Base                      0x0800b63c   Number         0  anon$$obj.o(Region$$Table)
    Region$$Table$$Limit                     0x0800b65c   Number         0  anon$$obj.o(Region$$Table)
    cfg_sync_flag                            0x2000002c   Data           1  cfg.o(.data)
    cfg                                      0x2000002d   Data         242  cfg.o(.data)
    _in                                      0x20000138   Data           4  ios.o(.data)
    _out                                     0x2000013c   Data           4  ios.o(.data)
    SystemCoreClock                          0x200001d0   Data           4  system_stm32f4xx.o(.data)
    AHBPrescTable                            0x200001d4   Data          16  system_stm32f4xx.o(.data)
    pxCurrentTCB                             0x200001fc   Data           4  tasks.o(.data)
    __stdout                                 0x20000258   Data           4  stdout.o(.data)
    __microlib_freelist                      0x2000025c   Data           4  mvars.o(.data)
    __microlib_freelist_initialised          0x20000260   Data           4  mvars.o(.data)
    zgyro                                    0x20000280   Data          44  can.o(.bss)
    motor                                    0x200002ac   Data         672  can.o(.bss)
    cmd                                      0x2000054c   Data          76  cmd.o(.bss)
    ctl                                      0x20000598   Data          76  ctl.o(.bss)
    pid                                      0x200005e4   Data         480  ctl.o(.bss)
    rmp                                      0x200007c4   Data          12  ctl.o(.bss)
    dbus                                     0x200007d0   Data          22  dci.o(.bss)
    odo                                      0x20000b64   Data         100  odo.o(.bss)
    srs                                      0x20000e78   Data         368  srs.o(.bss)
    extiHandlers                             0x200016dc   Data          64  stm32util.o(.bss)
    xQueueRegistry                           0x20014544   Data          64  queue.o(.bss)
    __heap_base                              0x20014678   Data           0  startup_stm32f427xx.o(HEAP)
    __heap_limit                             0x20015678   Data           0  startup_stm32f427xx.o(HEAP)
    __initial_sp                             0x20015a78   Data           0  startup_stm32f427xx.o(STACK)



==============================================================================

Memory Map of the image

  Image Entry point : 0x080001ad

  Load Region LR_IROM1 (Base: 0x08000000, Size: 0x0000b8c0, Max: 0x00200000, ABSOLUTE, COMPRESSED[0x0000b6e0])

    Execution Region ER_IROM1 (Base: 0x08000000, Size: 0x0000b65c, Max: 0x00200000, ABSOLUTE)

    Base Addr    Size         Type   Attr      Idx    E Section Name        Object

    0x08000000   0x000001ac   Data   RO         9919    RESET               startup_stm32f427xx.o
    0x080001ac   0x00000000   Code   RO        10785  * .ARM.Collect$$$$00000000  mc_w.l(entry.o)
    0x080001ac   0x00000004   Code   RO        11132    .ARM.Collect$$$$00000001  mc_w.l(entry2.o)
    0x080001b0   0x00000004   Code   RO        11135    .ARM.Collect$$$$00000004  mc_w.l(entry5.o)
    0x080001b4   0x00000000   Code   RO        11137    .ARM.Collect$$$$00000008  mc_w.l(entry7b.o)
    0x080001b4   0x00000000   Code   RO        11139    .ARM.Collect$$$$0000000A  mc_w.l(entry8b.o)
    0x080001b4   0x00000008   Code   RO        11140    .ARM.Collect$$$$0000000B  mc_w.l(entry9a.o)
    0x080001bc   0x00000000   Code   RO        11142    .ARM.Collect$$$$0000000D  mc_w.l(entry10a.o)
    0x080001bc   0x00000000   Code   RO        11144    .ARM.Collect$$$$0000000F  mc_w.l(entry11a.o)
    0x080001bc   0x00000004   Code   RO        11133    .ARM.Collect$$$$00002712  mc_w.l(entry2.o)
    0x080001c0   0x000000b6   Code   RO        10670    .emb_text           port.o
    0x08000276   0x00000002   PAD
    0x08000278   0x00000024   Code   RO         9920    .text               startup_stm32f427xx.o
    0x0800029c   0x00000024   Code   RO        10788    .text               mc_w.l(memcpya.o)
    0x080002c0   0x00000024   Code   RO        10790    .text               mc_w.l(memseta.o)
    0x080002e4   0x0000000e   Code   RO        10792    .text               mc_w.l(strlen.o)
    0x080002f2   0x000000e4   Code   RO        11085    .text               mf_w.l(dmul.o)
    0x080003d6   0x000000de   Code   RO        11087    .text               mf_w.l(ddiv.o)
    0x080004b4   0x00000026   Code   RO        11089    .text               mf_w.l(f2d.o)
    0x080004da   0x0000002c   Code   RO        11147    .text               mc_w.l(uidiv.o)
    0x08000506   0x00000062   Code   RO        11149    .text               mc_w.l(uldiv.o)
    0x08000568   0x00000000   Code   RO        11160    .text               mc_w.l(iusefp.o)
    0x08000568   0x000000ba   Code   RO        11163    .text               mf_w.l(depilogue.o)
    0x08000622   0x0000014e   Code   RO        11165    .text               mf_w.l(dadd.o)
    0x08000770   0x00000030   Code   RO        11171    .text               mf_w.l(dfixul.o)
    0x080007a0   0x00000030   Code   RO        11175    .text               mf_w.l(cdrcmple.o)
    0x080007d0   0x00000024   Code   RO        11177    .text               mc_w.l(init.o)
    0x080007f4   0x0000001e   Code   RO        11179    .text               mc_w.l(llshl.o)
    0x08000812   0x00000020   Code   RO        11181    .text               mc_w.l(llushr.o)
    0x08000832   0x00000024   Code   RO        11183    .text               mc_w.l(llsshr.o)
    0x08000856   0x00000056   Code   RO        11193    .text               mc_w.l(__dczerorl2.o)
    0x080008ac   0x00000038   Code   RO          607    i.Act_Init          act.o
    0x080008e4   0x000000ac   Code   RO          608    i.Act_Proc          act.o
    0x08000990   0x00000056   Code   RO          637    i.App_Init          app.o
    0x080009e6   0x00000016   Code   RO          638    i.App_Proc          app.o
    0x080009fc   0x00000034   Code   RO         3223    i.Beep_Config       beep.o
    0x08000a30   0x00000024   Code   RO         3224    i.Beep_Sing         beep.o
    0x08000a54   0x00000014   Code   RO         3225    i.Beep_SingStartupMusic  beep.o
    0x08000a68   0x0000005c   Code   RO         3265    i.Bsp_Config        bsp.o
    0x08000ac4   0x00000004   Code   RO         3088    i.BtmRxCallback     com_srv.o
    0x08000ac8   0x00000070   Code   RO         3289    i.Btm_Config        btm.o
    0x08000b38   0x00000006   Code   RO         1068    i.Btm_Proc          com.o
    0x08000b3e   0x00000002   PAD
    0x08000b40   0x0000003c   Code   RO         3298    i.Btm_PutCh         btm.o
    0x08000b7c   0x0000000c   Code   RO         3404    i.Btn_Config        btn.o
    0x08000b88   0x00000002   Code   RO          472    i.BusFault_Handler  stm32f4xx_it.o
    0x08000b8a   0x00000002   PAD
    0x08000b8c   0x00000044   Code   RO         3428    i.CAN1_RX0_IRQHandler  can1.o
    0x08000bd0   0x00000024   Code   RO         3429    i.CAN1_TX_IRQHandler  can1.o
    0x08000bf4   0x00000044   Code   RO         3476    i.CAN2_RX0_IRQHandler  can2.o
    0x08000c38   0x00000024   Code   RO         3477    i.CAN2_TX_IRQHandler  can2.o
    0x08000c5c   0x00000030   Code   RO         5058    i.CAN_ClearFlag     stm32f4xx_can.o
    0x08000c8c   0x00000078   Code   RO         5059    i.CAN_ClearITPendingBit  stm32f4xx_can.o
    0x08000d04   0x0000006c   Code   RO         4132    i.CAN_Config        stm32util.o
    0x08000d70   0x000000cc   Code   RO         5063    i.CAN_FilterInit    stm32f4xx_can.o
    0x08000e3c   0x00000036   Code   RO         4133    i.CAN_Filter_Config  stm32util.o
    0x08000e72   0x00000002   PAD
    0x08000e74   0x000000a8   Code   RO         5065    i.CAN_GetITStatus   stm32f4xx_can.o
    0x08000f1c   0x00000010   Code   RO         5069    i.CAN_ITConfig      stm32f4xx_can.o
    0x08000f2c   0x000000e8   Code   RO         5070    i.CAN_Init          stm32f4xx_can.o
    0x08001014   0x00000090   Code   RO         5073    i.CAN_Receive       stm32f4xx_can.o
    0x080010a4   0x000000a4   Code   RO         5078    i.CAN_Transmit      stm32f4xx_can.o
    0x08001148   0x00000006   Code   RO         2169    i.CBUS_Init         cbus.o
    0x0800114e   0x0000004e   Code   RO         4622    i.CM_Cmd            motor.o
    0x0800119c   0x00000022   Code   RO         2181    i.CRC16Append       crc16.o
    0x080011be   0x00000002   PAD
    0x080011c0   0x00000030   Code   RO         2182    i.CRC16Calc         crc16.o
    0x080011f0   0x00000030   Code   RO         2183    i.CRC16Check        crc16.o
    0x08001220   0x0000001c   Code   RO          671    i.Cal_Init          cal.o
    0x0800123c   0x00000018   Code   RO          672    i.Cal_IsDone        cal.o
    0x08001254   0x00000004   Code   RO          673    i.Cal_Proc          cal.o
    0x08001258   0x00000074   Code   RO          674    i.Cal_ProcGim       cal.o
    0x080012cc   0x000000ec   Code   RO          675    i.Cal_ProcGpe       cal.o
    0x080013b8   0x00000010   Code   RO          676    i.Cal_SetFlag       cal.o
    0x080013c8   0x00000044   Code   RO          677    i.Cal_SetGpeh       cal.o
    0x0800140c   0x00000044   Code   RO          678    i.Cal_SetGpel       cal.o
    0x08001450   0x00000004   Code   RO         3067    i.Can1RxCallback    can_srv.o
    0x08001454   0x00000070   Code   RO         3430    i.Can1_Config       can1.o
    0x080014c4   0x00000004   Code   RO         3068    i.Can2RxCallback    can_srv.o
    0x080014c8   0x00000074   Code   RO         3478    i.Can2_Config       can2.o
    0x0800153c   0x0000002c   Code   RO          757    i.Can_Init          can.o
    0x08001568   0x000000b4   Code   RO          758    i.Can_Proc          can.o
    0x0800161c   0x00000012   Code   RO          830    i.Cci_Proc          cci.o
    0x0800162e   0x00000002   PAD
    0x08001630   0x0000000c   Code   RO          876    i.Cfg_GetFlag       cfg.o
    0x0800163c   0x00000104   Code   RO          878    i.Cfg_Init          cfg.o
    0x08001740   0x00000014   Code   RO          879    i.Cfg_IsSynced      cfg.o
    0x08001754   0x00000006   Code   RO          880    i.Cfg_Load          cfg.o
    0x0800175a   0x00000002   PAD
    0x0800175c   0x0000001c   Code   RO          881    i.Cfg_Proc          cfg.o
    0x08001778   0x00000006   Code   RO          883    i.Cfg_Save          cfg.o
    0x0800177e   0x00000002   PAD
    0x08001780   0x000000c4   Code   RO         1120    i.ChassisStateCtl   ctl.o
    0x08001844   0x0000000c   Code   RO         5081    i.CheckITStatus     stm32f4xx_can.o
    0x08001850   0x00000010   Code   RO          971    i.Clk_GetMsTick     clk.o
    0x08001860   0x00000008   Code   RO          973    i.Clk_GetUsTick     clk.o
    0x08001868   0x00000014   Code   RO          974    i.Clk_Init          clk.o
    0x0800187c   0x0000000c   Code   RO         1026    i.Cmd_Init          cmd.o
    0x08001888   0x0000013c   Code   RO         1027    i.Cmd_Proc          cmd.o
    0x080019c4   0x0000000e   Code   RO         1069    i.Com_Init          com.o
    0x080019d2   0x00000002   PAD
    0x080019d4   0x00000064   Code   RO         1121    i.Cpl_Init          ctl.o
    0x08001a38   0x0000006c   Code   RO         1122    i.Ctl_Init          ctl.o
    0x08001aa4   0x00000030   Code   RO         1123    i.Ctl_Proc          ctl.o
    0x08001ad4   0x00000064   Code   RO         1125    i.Cvl_Init          ctl.o
    0x08001b38   0x00000018   Code   RO         2225    i.DBUS_Dec          dbus.o
    0x08001b50   0x00000014   Code   RO         2227    i.DBUS_Init         dbus.o
    0x08001b64   0x00000014   Code   RO         5853    i.DMA_Cmd           stm32f4xx_dma.o
    0x08001b78   0x0000006c   Code   RO         4134    i.DMA_Config        stm32util.o
    0x08001be4   0x00000014   Code   RO         5855    i.DMA_DoubleBufferModeCmd  stm32f4xx_dma.o
    0x08001bf8   0x00000016   Code   RO         5856    i.DMA_DoubleBufferModeConfig  stm32f4xx_dma.o
    0x08001c0e   0x00000006   Code   RO         5859    i.DMA_GetCurrDataCounter  stm32f4xx_dma.o
    0x08001c14   0x0000000e   Code   RO         5860    i.DMA_GetCurrentMemoryTarget  stm32f4xx_dma.o
    0x08001c22   0x00000002   PAD
    0x08001c24   0x00000054   Code   RO         5865    i.DMA_Init          stm32f4xx_dma.o
    0x08001c78   0x00000004   Code   RO         3089    i.DbiRxCallback     com_srv.o
    0x08001c7c   0x00000070   Code   RO         3524    i.Dbi_Config        dbi.o
    0x08001cec   0x00000044   Code   RO         3525    i.Dbi_GetCh         dbi.o
    0x08001d30   0x00000006   Code   RO         1071    i.Dbi_Proc          com.o
    0x08001d36   0x00000002   PAD
    0x08001d38   0x0000003c   Code   RO         3533    i.Dbi_PutCh         dbi.o
    0x08001d74   0x00000018   Code   RO         1198    i.Dci_Init          dci.o
    0x08001d8c   0x00000048   Code   RO         1199    i.Dci_Proc          dci.o
    0x08001dd4   0x00000002   Code   RO          473    i.DebugMon_Handler  stm32f4xx_it.o
    0x08001dd6   0x00000018   Code   RO         4566    i.Delay_Ms          delay.o
    0x08001dee   0x00000002   PAD
    0x08001df0   0x00000020   Code   RO         1240    i.Dnl_Init          dnl.o
    0x08001e10   0x00000150   Code   RO         1241    i.Dnl_Proc          dnl.o
    0x08001f60   0x00000030   Code   RO         4135    i.EXTI0_IRQHandler  stm32util.o
    0x08001f90   0x000000d4   Code   RO         4136    i.EXTI15_10_IRQHandler  stm32util.o
    0x08002064   0x00000030   Code   RO         4137    i.EXTI1_IRQHandler  stm32util.o
    0x08002094   0x00000030   Code   RO         4138    i.EXTI2_IRQHandler  stm32util.o
    0x080020c4   0x00000030   Code   RO         4139    i.EXTI3_IRQHandler  stm32util.o
    0x080020f4   0x00000030   Code   RO         4140    i.EXTI4_IRQHandler  stm32util.o
    0x08002124   0x000000a8   Code   RO         4141    i.EXTI9_5_IRQHandler  stm32util.o
    0x080021cc   0x0000011c   Code   RO         4142    i.EXTI_Bind         stm32util.o
    0x080022e8   0x0000000c   Code   RO         6139    i.EXTI_ClearFlag    stm32f4xx_exti.o
    0x080022f4   0x0000000c   Code   RO         6140    i.EXTI_ClearITPendingBit  stm32f4xx_exti.o
    0x08002300   0x00000028   Code   RO         4143    i.EXTI_Config       stm32util.o
    0x08002328   0x00000014   Code   RO         6144    i.EXTI_GetITStatus  stm32f4xx_exti.o
    0x0800233c   0x00000070   Code   RO         6145    i.EXTI_Init         stm32f4xx_exti.o
    0x080023ac   0x00000010   Code   RO         4144    i.EXTI_SetHandler   stm32util.o
    0x080023bc   0x00000008   Code   RO         2251    i.Ekf_Init          ekf.o
    0x080023c4   0x0000004a   Code   RO         2252    i.Ekf_Proc          ekf.o
    0x0800240e   0x00000002   PAD
    0x08002410   0x0000001c   Code   RO         2253    i.Ekf_Reset         ekf.o
    0x0800242c   0x00000016   Code   RO         2350    i.FIFO_Flush        fifo.o
    0x08002442   0x00000008   Code   RO         2351    i.FIFO_GetFree      fifo.o
    0x0800244a   0x00000004   Code   RO         2352    i.FIFO_GetSize      fifo.o
    0x0800244e   0x00000004   Code   RO         2353    i.FIFO_GetUsed      fifo.o
    0x08002452   0x00000008   Code   RO         2354    i.FIFO_Init         fifo.o
    0x0800245a   0x0000000c   Code   RO         2355    i.FIFO_IsEmpty      fifo.o
    0x08002466   0x00000010   Code   RO         2356    i.FIFO_IsFull       fifo.o
    0x08002476   0x00000028   Code   RO         2357    i.FIFO_Peek         fifo.o
    0x0800249e   0x00000034   Code   RO         2358    i.FIFO_Pop          fifo.o
    0x080024d2   0x0000003a   Code   RO         2359    i.FIFO_Push         fifo.o
    0x0800250c   0x0000001c   Code   RO         6206    i.FLASH_DataCacheCmd  stm32f4xx_flash.o
    0x08002528   0x0000006c   Code   RO         6211    i.FLASH_EraseSector  stm32f4xx_flash.o
    0x08002594   0x0000003c   Code   RO         6213    i.FLASH_GetStatus   stm32f4xx_flash.o
    0x080025d0   0x00000010   Code   RO         6217    i.FLASH_Lock        stm32f4xx_flash.o
    0x080025e0   0x00000038   Code   RO         6238    i.FLASH_ProgramByte  stm32f4xx_flash.o
    0x08002618   0x00000024   Code   RO         6243    i.FLASH_Unlock      stm32f4xx_flash.o
    0x0800263c   0x0000001e   Code   RO         6244    i.FLASH_WaitForLastOperation  stm32f4xx_flash.o
    0x0800265a   0x00000004   Code   RO         1826    i.FS_Cpy            sys.o
    0x0800265e   0x00000004   Code   RO         1827    i.FS_Det            sys.o
    0x08002662   0x00000026   Code   RO         2427    i.Flag_Cpy          fun.o
    0x08002688   0x0000000e   Code   RO         2428    i.Flag_Det          fun.o
    0x08002696   0x00000006   Code   RO         2429    i.Flag_Get          fun.o
    0x0800269c   0x00000008   Code   RO         2431    i.Flag_Set          fun.o
    0x080026a4   0x000000a0   Code   RO         4587    i.Flash_GetSector   flash.o
    0x08002744   0x00000016   Code   RO         4588    i.Flash_Read        flash.o
    0x0800275a   0x00000002   PAD
    0x0800275c   0x00000080   Code   RO         4589    i.Flash_Write       flash.o
    0x080027dc   0x00000010   Code   RO         1276    i.Fos_Read          fos.o
    0x080027ec   0x00000010   Code   RO         1277    i.Fos_Write         fos.o
    0x080027fc   0x00000048   Code   RO         4623    i.GM_Cmd            motor.o
    0x08002844   0x00000028   Code   RO         4146    i.GPIO_Af           stm32util.o
    0x0800286c   0x00000118   Code   RO         4147    i.GPIO_Config       stm32util.o
    0x08002984   0x00000010   Code   RO         4151    i.GPIO_In           stm32util.o
    0x08002994   0x000000a2   Code   RO         6725    i.GPIO_Init         stm32f4xx_gpio.o
    0x08002a36   0x00000012   Code   RO         4152    i.GPIO_Out          stm32util.o
    0x08002a48   0x00000020   Code   RO         6726    i.GPIO_PinAFConfig  stm32f4xx_gpio.o
    0x08002a68   0x0000000e   Code   RO         6729    i.GPIO_ReadInputDataBit  stm32f4xx_gpio.o
    0x08002a76   0x0000000e   Code   RO         6731    i.GPIO_ReadOutputDataBit  stm32f4xx_gpio.o
    0x08002a84   0x00000004   Code   RO         6732    i.GPIO_ResetBits    stm32f4xx_gpio.o
    0x08002a88   0x00000004   Code   RO         6733    i.GPIO_SetBits      stm32f4xx_gpio.o
    0x08002a8c   0x00000008   Code   RO         6735    i.GPIO_ToggleBits   stm32f4xx_gpio.o
    0x08002a94   0x000002a8   Code   RO          831    i.GetChassisStateRef  cci.o
    0x08002d3c   0x000000f8   Code   RO         1306    i.GetChassisStateRef  hci.o
    0x08002e34   0x000000c4   Code   RO         1644    i.GetChassisStateRef  rci.o
    0x08002ef8   0x000000b4   Code   RO         1539    i.GetFunctionalStateFdb  odo.o
    0x08002fac   0x00000238   Code   RO          832    i.GetGrabberStateRef  cci.o
    0x080031e4   0x00000100   Code   RO         1307    i.GetGrabberStateRef  hci.o
    0x080032e4   0x000000f0   Code   RO         1645    i.GetGrabberStateRef  rci.o
    0x080033d4   0x00000064   Code   RO         1126    i.Gpl_Init          ctl.o
    0x08003438   0x0000007c   Code   RO         1127    i.GrabberStateCtl   ctl.o
    0x080034b4   0x00000064   Code   RO         1128    i.Gvl_Init          ctl.o
    0x08003518   0x00000002   Code   RO          474    i.HardFault_Handler  stm32f4xx_it.o
    0x0800351a   0x00000002   PAD
    0x0800351c   0x00000026   Code   RO         2532    i.Hcf_Init          hcf.o
    0x08003542   0x00000040   Code   RO         2533    i.Hcf_Proc          hcf.o
    0x08003582   0x00000002   PAD
    0x08003584   0x00000034   Code   RO         1308    i.Hci_Init          hci.o
    0x080035b8   0x00000010   Code   RO         1309    i.Hci_MouseBtn      hci.o
    0x080035c8   0x0000000c   Code   RO         1310    i.Hci_PreProc       hci.o
    0x080035d4   0x00000018   Code   RO         1311    i.Hci_Proc          hci.o
    0x080035ec   0x0000001e   Code   RO         2550    i.Hcp_Dec           hcp.o
    0x0800360a   0x0000001c   Code   RO         2552    i.Hcp_Init          hcp.o
    0x08003626   0x000000a8   Code   RO         3663    i.IST8310_AuxCfg    ist8310_drv.o
    0x080036ce   0x00000002   PAD
    0x080036d0   0x0000000e   Code   RO         3639    i.IST8310_Config    ist8310.o
    0x080036de   0x00000062   Code   RO         3699    i.IST8310_I2C_Read_Reg  ist8310_i2c.o
    0x08003740   0x00000056   Code   RO         3700    i.IST8310_I2C_Write_Reg  ist8310_i2c.o
    0x08003796   0x00000174   Code   RO         3664    i.IST8310_Init      ist8310_drv.o
    0x0800390a   0x00000002   PAD
    0x0800390c   0x0000000c   Code   RO         1359    i.Ini_Init          ini.o
    0x08003918   0x00000018   Code   RO         1360    i.Ini_IsDone        ini.o
    0x08003930   0x00000090   Code   RO         1361    i.Ini_Proc          ini.o
    0x080039c0   0x00000004   Code   RO         1409    i.Ios_GetCh         ios.o
    0x080039c4   0x0000001c   Code   RO         1410    i.Ios_Init          ios.o
    0x080039e0   0x00000012   Code   RO         1411    i.Ios_PutCh         ios.o
    0x080039f2   0x00000002   PAD
    0x080039f4   0x00000010   Code   RO         1414    i.Ios_SetIn         ios.o
    0x08003a04   0x00000010   Code   RO         1415    i.Ios_SetOut        ios.o
    0x08003a14   0x00000034   Code   RO          529    i.KOS_Boot          kos.o
    0x08003a48   0x0000002c   Code   RO         3764    i.Key_Config        key.o
    0x08003a74   0x00000030   Code   RO         3794    i.Led_Config        led.o
    0x08003aa4   0x0000002a   Code   RO         3879    i.MPU6500_CheckDevice  mpu6500_drv.o
    0x08003ace   0x00000002   PAD
    0x08003ad0   0x0000000e   Code   RO         3855    i.MPU6500_Config    mpu6500.o
    0x08003ade   0x00000002   PAD
    0x08003ae0   0x0000003c   Code   RO         3881    i.MPU6500_Init      mpu6500_drv.o
    0x08003b1c   0x00000060   Code   RO         3969    i.MPU6500_SPI_Read_Reg  mpu6500_spi.o
    0x08003b7c   0x00000050   Code   RO         3970    i.MPU6500_SPI_Write_Reg  mpu6500_spi.o
    0x08003bcc   0x00000008   Code   RO         2756    i.Maf_Init          maf.o
    0x08003bd4   0x00000042   Code   RO         2758    i.Maf_Proc          maf.o
    0x08003c16   0x00000002   PAD
    0x08003c18   0x00000030   Code   RO         2759    i.Maf_Reset         maf.o
    0x08003c48   0x00000010   Code   RO         1496    i.Mec_Decomp        mec.o
    0x08003c58   0x00000030   Code   RO         1497    i.Mec_Init          mec.o
    0x08003c88   0x00000010   Code   RO         1498    i.Mec_Synthe        mec.o
    0x08003c98   0x0000002a   Code   RO         2796    i.Mecanum_Config    mecanum.o
    0x08003cc2   0x0000008e   Code   RO         2797    i.Mecanum_Decomp    mecanum.o
    0x08003d50   0x00000072   Code   RO         2798    i.Mecanum_Synthe    mecanum.o
    0x08003dc2   0x00000002   PAD
    0x08003dc4   0x00000038   Code   RO         2822    i.Med_Init          med.o
    0x08003dfc   0x00000042   Code   RO         2823    i.Med_Proc          med.o
    0x08003e3e   0x00000002   Code   RO          475    i.MemManage_Handler  stm32f4xx_it.o
    0x08003e40   0x00000140   Code   RO          761    i.Motor_Process     can.o
    0x08003f80   0x0000000e   Code   RO          762    i.Motor_Ready       can.o
    0x08003f8e   0x00000006   Code   RO          763    i.Motor_Reset       can.o
    0x08003f94   0x00000076   Code   RO         2850    i.Msg_Pop           msg.o
    0x0800400a   0x0000004a   Code   RO         2851    i.Msg_Push          msg.o
    0x08004054   0x00000002   Code   RO          476    i.NMI_Handler       stm32f4xx_it.o
    0x08004056   0x0000001c   Code   RO         4159    i.NVIC_Config       stm32util.o
    0x08004072   0x00000002   PAD
    0x08004074   0x00000064   Code   RO         4760    i.NVIC_Init         misc.o
    0x080040d8   0x00000014   Code   RO         4761    i.NVIC_PriorityGroupConfig  misc.o
    0x080040ec   0x00000020   Code   RO         1540    i.Odo_Init          odo.o
    0x0800410c   0x00000134   Code   RO         1541    i.Odo_Proc          odo.o
    0x08004240   0x0000011c   Code   RO         2893    i.PID_Calc          pid.o
    0x0800435c   0x00000006   Code   RO         2894    i.PID_Config        pid.o
    0x08004362   0x00000002   PAD
    0x08004364   0x00000024   Code   RO         2895    i.PID_Reset         pid.o
    0x08004388   0x00001544   Code   RO         4160    i.PWM_Bind          stm32util.o
    0x080058cc   0x0000005c   Code   RO         3999    i.Pwm_Config        pwm.o
    0x08005928   0x00000050   Code   RO         1588    i.Pwr_Init          pwr.o
    0x08005978   0x00000014   Code   RO         1589    i.Pwr_IsOkay        pwr.o
    0x0800598c   0x00000018   Code   RO         7672    i.RCC_AHB1PeriphClockCmd  stm32f4xx_rcc.o
    0x080059a4   0x00000018   Code   RO         7681    i.RCC_APB1PeriphClockCmd  stm32f4xx_rcc.o
    0x080059bc   0x00000018   Code   RO         7684    i.RCC_APB2PeriphClockCmd  stm32f4xx_rcc.o
    0x080059d4   0x00000094   Code   RO         7693    i.RCC_GetClocksFreq  stm32f4xx_rcc.o
    0x08005a68   0x00000028   Code   RO         2917    i.Rcf_Init          rcf.o
    0x08005a90   0x00000040   Code   RO         2918    i.Rcf_Proc          rcf.o
    0x08005ad0   0x0000000c   Code   RO         1646    i.Rci_Init          rci.o
    0x08005adc   0x0000000c   Code   RO         1648    i.Rci_PreProc       rci.o
    0x08005ae8   0x00000012   Code   RO         1649    i.Rci_Proc          rci.o
    0x08005afa   0x00000002   PAD
    0x08005afc   0x00000010   Code   RO         1650    i.Rci_Sw            rci.o
    0x08005b0c   0x0000004e   Code   RO         2935    i.Rcp_Dec           rcp.o
    0x08005b5a   0x00000040   Code   RO         2936    i.Rcp_Enc           rcp.o
    0x08005b9a   0x00000002   PAD
    0x08005b9c   0x00000026   Code   RO         2937    i.Rcp_Init          rcp.o
    0x08005bc2   0x00000004   Code   RO         3148    i.RcvCallback       rcv_srv.o
    0x08005bc6   0x00000002   PAD
    0x08005bc8   0x00000094   Code   RO         4023    i.Rcv_Config        rcv.o
    0x08005c5c   0x00000020   Code   RO         1200    i.Rcv_Proc          dci.o
    0x08005c7c   0x0000002a   Code   RO         2959    i.Rmp_Calc          rmp.o
    0x08005ca6   0x00000004   Code   RO         2960    i.Rmp_Config        rmp.o
    0x08005caa   0x00000002   PAD
    0x08005cac   0x00000014   Code   RO         2962    i.Rmp_Reset         rmp.o
    0x08005cc0   0x000009d8   Code   RO         4161    i.SPI_Bind          stm32util.o
    0x08006698   0x00000014   Code   RO         8845    i.SPI_Cmd           stm32f4xx_spi.o
    0x080066ac   0x000000c0   Code   RO         4162    i.SPI_Config        stm32util.o
    0x0800676c   0x00000038   Code   RO         8858    i.SPI_Init          stm32f4xx_spi.o
    0x080067a4   0x00000028   Code   RO         4164    i.SPI_TxRxByte      stm32util.o
    0x080067cc   0x00000004   Code   RO         3124    i.SR04Callback      ext_srv.o
    0x080067d0   0x00000020   Code   RO         4091    i.SR04_Bind         sr04.o
    0x080067f0   0x0000001c   Code   RO         4092    i.SR04_Config       sr04.o
    0x0800680c   0x00000068   Code   RO         4093    i.SR04_IRQHandler   sr04.o
    0x08006874   0x00000030   Code   RO         9010    i.SYSCFG_EXTILineConfig  stm32f4xx_syscfg.o
    0x080068a4   0x00000040   Code   RO          556    i.Sch_Arrange       sch.o
    0x080068e4   0x00000018   Code   RO          558    i.Sch_Init          sch.o
    0x080068fc   0x00000030   Code   RO          559    i.Sch_Proc          sch.o
    0x0800692c   0x000000d0   Code   RO         9879    i.SetSysClock       system_stm32f4xx.o
    0x080069fc   0x00000010   Code   RO         1704    i.Snd_Init          snd.o
    0x08006a0c   0x0000000c   Code   RO         1705    i.Snd_Play          snd.o
    0x08006a18   0x00000040   Code   RO         1706    i.Snd_Proc          snd.o
    0x08006a58   0x0000000c   Code   RO         1707    i.Snd_Stop          snd.o
    0x08006a64   0x00000054   Code   RO         4067    i.Spi5_Config       spi5.o
    0x08006ab8   0x0000004a   Code   RO         1748    i.Sr04_Proc         srs.o
    0x08006b02   0x00000002   PAD
    0x08006b04   0x000000a0   Code   RO         1749    i.Srs_Fall          srs.o
    0x08006ba4   0x00000098   Code   RO         1750    i.Srs_Func          srs.o
    0x08006c3c   0x00000012   Code   RO         1751    i.Srs_Init          srs.o
    0x08006c4e   0x00000002   PAD
    0x08006c50   0x00000078   Code   RO         1752    i.Srs_Proc          srs.o
    0x08006cc8   0x0000004c   Code   RO         1753    i.Srs_Rise          srs.o
    0x08006d14   0x00000038   Code   RO         1754    i.Srs_Start         srs.o
    0x08006d4c   0x00000058   Code   RO         1756    i.Srs_Trig          srs.o
    0x08006da4   0x00000004   Code   RO         3190    i.SyncTimCallback   tim_srv.o
    0x08006da8   0x0000002c   Code   RO         4374    i.SyncTim_Config    tim.o
    0x08006dd4   0x00000028   Code   RO         4375    i.SyncTim_Start     tim.o
    0x08006dfc   0x0000002c   Code   RO        10671    i.SysTick_Handler   port.o
    0x08006e28   0x0000005c   Code   RO         9881    i.SystemInit        system_stm32f4xx.o
    0x08006e84   0x0000002a   Code   RO         4377    i.TIM2_IRQHandler   tim.o
    0x08006eae   0x00000002   PAD
    0x08006eb0   0x00000030   Code   RO         4378    i.TIM6_DAC_IRQHandler  tim.o
    0x08006ee0   0x00000014   Code   RO         9069    i.TIM_ARRPreloadConfig  stm32f4xx_tim.o
    0x08006ef4   0x00000006   Code   RO         9075    i.TIM_ClearFlag     stm32f4xx_tim.o
    0x08006efa   0x00000006   Code   RO         9076    i.TIM_ClearITPendingBit  stm32f4xx_tim.o
    0x08006f00   0x00000014   Code   RO         9081    i.TIM_Cmd           stm32f4xx_tim.o
    0x08006f14   0x00000144   Code   RO         4165    i.TIM_Config        stm32util.o
    0x08007058   0x00000018   Code   RO         9102    i.TIM_GetITStatus   stm32f4xx_tim.o
    0x08007070   0x00000010   Code   RO         9106    i.TIM_ITConfig      stm32f4xx_tim.o
    0x08007080   0x00000060   Code   RO         9110    i.TIM_OC1Init       stm32f4xx_tim.o
    0x080070e0   0x0000000c   Code   RO         9113    i.TIM_OC1PreloadConfig  stm32f4xx_tim.o
    0x080070ec   0x00000080   Code   RO         9115    i.TIM_OC2Init       stm32f4xx_tim.o
    0x0800716c   0x00000014   Code   RO         9118    i.TIM_OC2PreloadConfig  stm32f4xx_tim.o
    0x08007180   0x0000007c   Code   RO         9120    i.TIM_OC3Init       stm32f4xx_tim.o
    0x080071fc   0x0000000c   Code   RO         9123    i.TIM_OC3PreloadConfig  stm32f4xx_tim.o
    0x08007208   0x00000060   Code   RO         9125    i.TIM_OC4Init       stm32f4xx_tim.o
    0x08007268   0x00000014   Code   RO         9127    i.TIM_OC4PreloadConfig  stm32f4xx_tim.o
    0x0800727c   0x00000082   Code   RO         4166    i.TIM_OC_Config     stm32util.o
    0x080072fe   0x00000002   PAD
    0x08007300   0x0000007c   Code   RO         9153    i.TIM_TimeBaseInit  stm32f4xx_tim.o
    0x0800737c   0x00000002   Code   RO         3191    i.TickTimCallback   tim_srv.o
    0x0800737e   0x0000002e   Code   RO         4379    i.TickTim_Config    tim.o
    0x080073ac   0x00000022   Code   RO         4380    i.TickTim_Start     tim.o
    0x080073ce   0x0000000e   Code   RO         4382    i.Tim_Config        tim.o
    0x080073dc   0x0000000e   Code   RO         4383    i.Tim_Start         tim.o
    0x080073ea   0x00000004   Code   RO         3090    i.TtyRxCallback     com_srv.o
    0x080073ee   0x00000002   PAD
    0x080073f0   0x00000070   Code   RO         4454    i.Tty_Config        tty.o
    0x08007460   0x00000044   Code   RO         4455    i.Tty_GetCh         tty.o
    0x080074a4   0x0000000c   Code   RO         4456    i.Tty_GetRxFifoFree  tty.o
    0x080074b0   0x0000000c   Code   RO         4457    i.Tty_GetRxFifoSize  tty.o
    0x080074bc   0x0000000c   Code   RO         4458    i.Tty_GetRxFifoUsed  tty.o
    0x080074c8   0x0000000c   Code   RO         4459    i.Tty_GetTxFifoFree  tty.o
    0x080074d4   0x0000000c   Code   RO         4460    i.Tty_GetTxFifoSize  tty.o
    0x080074e0   0x0000000c   Code   RO         4461    i.Tty_GetTxFifoUsed  tty.o
    0x080074ec   0x0000001c   Code   RO         4462    i.Tty_Print         tty.o
    0x08007508   0x00000006   Code   RO         1072    i.Tty_Proc          com.o
    0x0800750e   0x00000002   PAD
    0x08007510   0x0000003c   Code   RO         4463    i.Tty_PutCh         tty.o
    0x0800754c   0x00000050   Code   RO         4464    i.Tty_Read          tty.o
    0x0800759c   0x00000048   Code   RO         4465    i.Tty_ReadByte      tty.o
    0x080075e4   0x00000050   Code   RO         4466    i.Tty_Write         tty.o
    0x08007634   0x00000044   Code   RO         4467    i.Tty_WriteByte     tty.o
    0x08007678   0x00000074   Code   RO         4026    i.USART1_IRQHandler  rcv.o
    0x080076ec   0x00000098   Code   RO         3303    i.USART2_IRQHandler  btm.o
    0x08007784   0x00000098   Code   RO         3538    i.USART3_IRQHandler  dbi.o
    0x0800781c   0x00000098   Code   RO         4468    i.USART6_IRQHandler  tty.o
    0x080078b4   0x00000de0   Code   RO         4167    i.USART_Bind        stm32util.o
    0x08008694   0x00000014   Code   RO         9622    i.USART_Cmd         stm32f4xx_usart.o
    0x080086a8   0x00000190   Code   RO         4168    i.USART_Config      stm32util.o
    0x08008838   0x00000010   Code   RO         9623    i.USART_DMACmd      stm32f4xx_usart.o
    0x08008848   0x0000003e   Code   RO         9626    i.USART_GetITStatus  stm32f4xx_usart.o
    0x08008886   0x00000030   Code   RO         9628    i.USART_ITConfig    stm32f4xx_usart.o
    0x080088b6   0x00000002   PAD
    0x080088b8   0x000000ac   Code   RO         9629    i.USART_Init        stm32f4xx_usart.o
    0x08008964   0x00000008   Code   RO         9636    i.USART_ReceiveData  stm32f4xx_usart.o
    0x0800896c   0x00000008   Code   RO         9639    i.USART_SendData    stm32f4xx_usart.o
    0x08008974   0x00000038   Code   RO         1887    i.Upd_Init          upd.o
    0x080089ac   0x00000066   Code   RO         1888    i.Upd_Proc          upd.o
    0x08008a12   0x00000002   PAD
    0x08008a14   0x00000014   Code   RO         1917    i.Upl_Init          upl.o
    0x08008a28   0x00000148   Code   RO         1918    i.Upl_Proc          upl.o
    0x08008b70   0x00000108   Code   RO         1919    i.Upl_PushKylinMsg  upl.o
    0x08008c78   0x000000d0   Code   RO         1920    i.Upl_PushPosCalib  upl.o
    0x08008d48   0x0000002c   Code   RO         1921    i.Upl_SendMsg       upl.o
    0x08008d74   0x00000002   Code   RO          477    i.UsageFault_Handler  stm32f4xx_it.o
    0x08008d76   0x00000002   PAD
    0x08008d78   0x00000010   Code   RO         1962    i.Wdg_Feed          wdg.o
    0x08008d88   0x0000000c   Code   RO         1963    i.Wdg_GetErr        wdg.o
    0x08008d94   0x0000000c   Code   RO         1965    i.Wdg_HasErr        wdg.o
    0x08008da0   0x00000014   Code   RO         1966    i.Wdg_HitErr        wdg.o
    0x08008db4   0x0000002c   Code   RO         1967    i.Wdg_Init          wdg.o
    0x08008de0   0x0000001c   Code   RO         1968    i.Wdg_IsOkay        wdg.o
    0x08008dfc   0x00000044   Code   RO         1969    i.Wdg_Proc          wdg.o
    0x08008e40   0x0000000c   Code   RO         2021    i.Wsm_GetLastWs     wsm.o
    0x08008e4c   0x0000000c   Code   RO         2022    i.Wsm_GetWs         wsm.o
    0x08008e58   0x00000010   Code   RO         2023    i.Wsm_Init          wsm.o
    0x08008e68   0x000000e0   Code   RO         2024    i.Wsm_Proc          wsm.o
    0x08008f48   0x0000008c   Code   RO          764    i.ZGyro_Process     can.o
    0x08008fd4   0x0000000e   Code   RO          765    i.ZGyro_Ready       can.o
    0x08008fe2   0x00000006   Code   RO          766    i.ZGyro_Reset       can.o
    0x08008fe8   0x00000020   Code   RO        11029    i.__0printf         mc_w.l(printfa.o)
    0x08009008   0x0000000e   Code   RO        11187    i.__scatterload_copy  mc_w.l(handlers.o)
    0x08009016   0x00000002   Code   RO        11188    i.__scatterload_null  mc_w.l(handlers.o)
    0x08009018   0x0000000e   Code   RO        11189    i.__scatterload_zeroinit  mc_w.l(handlers.o)
    0x08009026   0x00000002   PAD
    0x08009028   0x00000184   Code   RO        11036    i._fp_digits        mc_w.l(printfa.o)
    0x080091ac   0x000006dc   Code   RO        11037    i._printf_core      mc_w.l(printfa.o)
    0x08009888   0x00000024   Code   RO        11038    i._printf_post_padding  mc_w.l(printfa.o)
    0x080098ac   0x0000002e   Code   RO        11039    i._printf_pre_padding  mc_w.l(printfa.o)
    0x080098da   0x00000020   Code   RO         2433    i.constrain         fun.o
    0x080098fa   0x00000002   PAD
    0x080098fc   0x00000014   Code   RO         1419    i.fputc             ios.o
    0x08009910   0x0000001c   Code   RO          560    i.getSchTask        sch.o
    0x0800992c   0x0000003c   Code   RO         2434    i.isort             fun.o
    0x08009968   0x0000001e   Code   RO            4    i.main              main.o
    0x08009986   0x00000002   PAD
    0x08009988   0x0000006c   Code   RO        11058    i.malloc            mc_w.l(malloc.o)
    0x080099f4   0x00000038   Code   RO         2435    i.map               fun.o
    0x08009a2c   0x00000028   Code   RO          561    i.newSchTask        sch.o
    0x08009a54   0x00000070   Code   RO        10263    i.prvAddCurrentTaskToDelayedList  tasks.o
    0x08009ac4   0x000000d0   Code   RO        10264    i.prvAddNewTaskToReadyList  tasks.o
    0x08009b94   0x00000050   Code   RO        10555    i.prvCheckForValidListAndQueue  timers.o
    0x08009be4   0x00000050   Code   RO        10265    i.prvCheckTasksWaitingTermination  tasks.o
    0x08009c34   0x00000026   Code   RO        10102    i.prvCopyDataFromQueue  queue.o
    0x08009c5a   0x0000006c   Code   RO        10103    i.prvCopyDataToQueue  queue.o
    0x08009cc6   0x00000014   Code   RO        10266    i.prvDeleteTCB      tasks.o
    0x08009cda   0x00000002   PAD
    0x08009cdc   0x00000028   Code   RO        10267    i.prvIdleTask       tasks.o
    0x08009d04   0x0000008e   Code   RO        10268    i.prvInitialiseNewTask  tasks.o
    0x08009d92   0x00000002   PAD
    0x08009d94   0x00000038   Code   RO        10556    i.prvInsertTimerInActiveList  timers.o
    0x08009dcc   0x0000001c   Code   RO        10104    i.prvIsQueueEmpty   queue.o
    0x08009de8   0x000000b8   Code   RO        10557    i.prvProcessReceivedCommands  timers.o
    0x08009ea0   0x000000b4   Code   RO        10558    i.prvProcessTimerOrBlockTask  timers.o
    0x08009f54   0x00000020   Code   RO        10269    i.prvResetNextTaskUnblockTime  tasks.o
    0x08009f74   0x00000028   Code   RO        10559    i.prvSampleTimeNow  timers.o
    0x08009f9c   0x0000006c   Code   RO        10560    i.prvSwitchTimerLists  timers.o
    0x0800a008   0x00000028   Code   RO        10672    i.prvTaskExitError  port.o
    0x0800a030   0x00000024   Code   RO        10561    i.prvTimerTask      timers.o
    0x0800a054   0x0000006a   Code   RO        10105    i.prvUnlockQueue    queue.o
    0x0800a0be   0x00000002   PAD
    0x0800a0c0   0x000000b8   Code   RO        10032    i.pvPortMalloc      heap_2.o
    0x0800a178   0x00000018   Code   RO        10271    i.pvTaskIncrementMutexHeldCount  tasks.o
    0x0800a190   0x0000002c   Code   RO        10673    i.pxPortInitialiseStack  port.o
    0x0800a1bc   0x0000002c   Code   RO         2436    i.sort              fun.o
    0x0800a1e8   0x00000024   Code   RO        10065    i.uxListRemove      list.o
    0x0800a20c   0x00000100   Code   RO            5    i.vAppTaskCreate    main.o
    0x0800a30c   0x0000004c   Code   RO            6    i.vDbgThreadFun     main.o
    0x0800a358   0x0000000c   Code   RO            7    i.vDnlThreadFun     main.o
    0x0800a364   0x00000010   Code   RO            8    i.vImuThreadFun     main.o
    0x0800a374   0x00000020   Code   RO            9    i.vLedThreadFun     main.o
    0x0800a394   0x00000016   Code   RO        10066    i.vListInitialise   list.o
    0x0800a3aa   0x00000006   Code   RO        10067    i.vListInitialiseItem  list.o
    0x0800a3b0   0x00000030   Code   RO        10068    i.vListInsert       list.o
    0x0800a3e0   0x00000018   Code   RO        10069    i.vListInsertEnd    list.o
    0x0800a3f8   0x00000040   Code   RO        10675    i.vPortEnterCritical  port.o
    0x0800a438   0x00000028   Code   RO        10676    i.vPortExitCritical  port.o
    0x0800a460   0x0000003c   Code   RO        10033    i.vPortFree         heap_2.o
    0x0800a49c   0x00000020   Code   RO        10677    i.vPortSetupTimerInterrupt  port.o
    0x0800a4bc   0x00000054   Code   RO        10678    i.vPortValidateInterruptPriority  port.o
    0x0800a510   0x00000028   Code   RO        10109    i.vQueueAddToRegistry  queue.o
    0x0800a538   0x00000044   Code   RO        10112    i.vQueueWaitForMessageRestricted  queue.o
    0x0800a57c   0x0000000c   Code   RO           10    i.vSrsThreadFun     main.o
    0x0800a588   0x0000004c   Code   RO        10277    i.vTaskDelay        tasks.o
    0x0800a5d4   0x0000000c   Code   RO        10281    i.vTaskMissedYield  tasks.o
    0x0800a5e0   0x00000030   Code   RO        10283    i.vTaskPlaceOnEventList  tasks.o
    0x0800a610   0x00000038   Code   RO        10284    i.vTaskPlaceOnEventListRestricted  tasks.o
    0x0800a648   0x00000084   Code   RO        10286    i.vTaskPriorityInherit  tasks.o
    0x0800a6cc   0x00000024   Code   RO        10289    i.vTaskSetTimeOutState  tasks.o
    0x0800a6f0   0x00000070   Code   RO        10290    i.vTaskStartScheduler  tasks.o
    0x0800a760   0x00000010   Code   RO        10292    i.vTaskSuspendAll   tasks.o
    0x0800a770   0x0000005c   Code   RO        10293    i.vTaskSwitchContext  tasks.o
    0x0800a7cc   0x0000000c   Code   RO           11    i.vUplThreadFun     main.o
    0x0800a7d8   0x000000e0   Code   RO        10679    i.xPortStartScheduler  port.o
    0x0800a8b8   0x00000048   Code   RO        10115    i.xQueueGenericCreate  queue.o
    0x0800a900   0x0000016c   Code   RO        10116    i.xQueueGenericReceive  queue.o
    0x0800aa6c   0x00000088   Code   RO        10117    i.xQueueGenericReset  queue.o
    0x0800aaf4   0x00000160   Code   RO        10118    i.xQueueGenericSend  queue.o
    0x0800ac54   0x000000bc   Code   RO        10119    i.xQueueGenericSendFromISR  queue.o
    0x0800ad10   0x0000006c   Code   RO        10294    i.xTaskCheckForTimeOut  tasks.o
    0x0800ad7c   0x00000056   Code   RO        10295    i.xTaskCreate       tasks.o
    0x0800add2   0x00000002   PAD
    0x0800add4   0x0000001c   Code   RO        10299    i.xTaskGetSchedulerState  tasks.o
    0x0800adf0   0x0000000c   Code   RO        10300    i.xTaskGetTickCount  tasks.o
    0x0800adfc   0x000000c8   Code   RO        10302    i.xTaskIncrementTick  tasks.o
    0x0800aec4   0x00000098   Code   RO        10305    i.xTaskPriorityDisinherit  tasks.o
    0x0800af5c   0x00000074   Code   RO        10306    i.xTaskRemoveFromEventList  tasks.o
    0x0800afd0   0x000000c4   Code   RO        10308    i.xTaskResumeAll    tasks.o
    0x0800b094   0x0000004c   Code   RO        10565    i.xTimerCreateTimerTask  timers.o
    0x0800b0e0   0x00000060   Code   RO        10566    i.xTimerGenericCommand  timers.o
    0x0800b140   0x000001e6   Data   RO          887    .constdata          cfg.o
    0x0800b326   0x00000002   PAD
    0x0800b328   0x00000058   Data   RO         1970    .constdata          wdg.o
    0x0800b380   0x00000200   Data   RO         2184    .constdata          crc16.o
    0x0800b580   0x00000004   Data   RO         2852    .constdata          msg.o
    0x0800b584   0x00000004   Data   RO         2853    .constdata          msg.o
    0x0800b588   0x00000004   Data   RO         2854    .constdata          msg.o
    0x0800b58c   0x00000004   Data   RO         2855    .constdata          msg.o
    0x0800b590   0x00000004   Data   RO         2856    .constdata          msg.o
    0x0800b594   0x00000004   Data   RO         2864    .constdata          msg.o
    0x0800b598   0x00000004   Data   RO         2870    .constdata          msg.o
    0x0800b59c   0x00000004   Data   RO         2871    .constdata          msg.o
    0x0800b5a0   0x00000038   Data   RO         3226    .constdata          beep.o
    0x0800b5d8   0x00000010   Data   RO         3885    .constdata          mpu6500_drv.o
    0x0800b5e8   0x00000020   Data   RO         4094    .constdata          sr04.o
    0x0800b608   0x00000034   Data   RO         4470    .constdata          tty.o
    0x0800b63c   0x00000020   Data   RO        11185    Region$$Table       anon$$obj.o


    Execution Region RW_IRAM1 (Base: 0x20000000, Size: 0x00015a78, Max: 0x00030000, ABSOLUTE, COMPRESSED[0x00000084])

    Base Addr    Size         Type   Attr      Idx    E Section Name        Object

    0x20000000   0x00000018   Data   RW           12    .data               main.o
    0x20000018   0x0000000c   Data   RW          562    .data               sch.o
    0x20000024   0x00000008   Data   RW          680    .data               cal.o
    0x2000002c   0x000000f3   Data   RW          888    .data               cfg.o
    0x2000011f   0x00000001   PAD
    0x20000120   0x00000014   Data   RW          976    .data               clk.o
    0x20000134   0x00000004   Data   RW         1363    .data               ini.o
    0x20000138   0x00000008   Data   RW         1420    .data               ios.o
    0x20000140   0x00000004   Data   RW         1544    .data               odo.o
    0x20000144   0x00000004   Data   RW         1593    .data               pwr.o
    0x20000148   0x0000000c   Data   RW         1708    .data               snd.o
    0x20000154   0x00000008   Data   RW         1758    .data               srs.o
    0x2000015c   0x00000004   Data   RW         1923    .data               upl.o
    0x20000160   0x0000005c   Data   RW         1971    .data               wdg.o
    0x200001bc   0x00000002   Data   RW         2025    .data               wsm.o
    0x200001be   0x00000010   Data   RW         7725    .data               stm32f4xx_rcc.o
    0x200001ce   0x00000002   PAD
    0x200001d0   0x00000014   Data   RW         9882    .data               system_stm32f4xx.o
    0x200001e4   0x00000018   Data   RW        10037    .data               heap_2.o
    0x200001fc   0x0000003c   Data   RW        10311    .data               tasks.o
    0x20000238   0x00000014   Data   RW        10572    .data               timers.o
    0x2000024c   0x0000000c   Data   RW        10680    .data               port.o
    0x20000258   0x00000004   Data   RW        11146    .data               mc_w.l(stdout.o)
    0x2000025c   0x00000004   Data   RW        11151    .data               mc_w.l(mvars.o)
    0x20000260   0x00000004   Data   RW        11152    .data               mc_w.l(mvars.o)
    0x20000264   0x0000001c   Zero   RW          679    .bss                cal.o
    0x20000280   0x000002cc   Zero   RW          767    .bss                can.o
    0x2000054c   0x0000004c   Zero   RW         1029    .bss                cmd.o
    0x20000598   0x00000238   Zero   RW         1129    .bss                ctl.o
    0x200007d0   0x00000016   Zero   RW         1201    .bss                dci.o
    0x200007e6   0x00000002   PAD
    0x200007e8   0x00000278   Zero   RW         1242    .bss                dnl.o
    0x20000a60   0x000000f0   Zero   RW         1312    .bss                hci.o
    0x20000b50   0x00000014   Zero   RW         1499    .bss                mec.o
    0x20000b64   0x00000064   Zero   RW         1543    .bss                odo.o
    0x20000bc8   0x000002a0   Zero   RW         1592    .bss                pwr.o
    0x20000e68   0x00000010   Zero   RW         1651    .bss                rci.o
    0x20000e78   0x00000170   Zero   RW         1757    .bss                srs.o
    0x20000fe8   0x0000025c   Zero   RW         1922    .bss                upl.o
    0x20001244   0x00000228   Zero   RW         3304    .bss                btm.o
    0x2000146c   0x00000228   Zero   RW         3539    .bss                dbi.o
    0x20001694   0x00000048   Zero   RW         4027    .bss                rcv.o
    0x200016dc   0x00000040   Zero   RW         4169    .bss                stm32util.o
    0x2000171c   0x00000228   Zero   RW         4469    .bss                tty.o
    0x20001944   0x00012c00   Zero   RW        10036    .bss                heap_2.o
    0x20014544   0x00000040   Zero   RW        10127    .bss                queue.o
    0x20014584   0x000000c8   Zero   RW        10310    .bss                tasks.o
    0x2001464c   0x00000028   Zero   RW        10571    .bss                timers.o
    0x20014674   0x00000004   PAD
    0x20014678   0x00001000   Zero   RW         9918    HEAP                startup_stm32f427xx.o
    0x20015678   0x00000400   Zero   RW         9917    STACK               startup_stm32f427xx.o


==============================================================================

Image component sizes


      Code (inc. data)   RO Data    RW Data    ZI Data      Debug   Object Name

       228         20          0          0          0       1382   act.o
       108          0          0          0          0       1070   app.o
       108         22         56          0          0       3256   beep.o
        92          4          0          0          0        565   bsp.o
       324         38          0          0        552       2419   btm.o
        12          6          0          0          0        457   btn.o
       560        124          0          8         28       4805   cal.o
       724         62          0          0        716       7074   can.o
       216         24          0          0          0       1681   can1.o
       220         26          0          0          0       1689   can2.o
         8          0          0          0          0       1370   can_srv.o
         6          0          0          0          0        776   cbus.o
      1266         74          0          0          0       2715   cci.o
       332         24        486        243          0       6313   cfg.o
        44          4          0         20          0       1707   clk.o
       328         12          0          0         76       1632   cmd.o
        32          0          0          0          0       1884   com.o
        12          0          0          0          0       1512   com_srv.o
       130          4        512          0          0       2571   crc16.o
       876         92          0          0        568       5480   ctl.o
       392         46          0          0        552       2967   dbi.o
        44          0          0          0          0       1455   dbus.o
       128          8          0          0         22       2220   dci.o
        24          0          0          0          0        627   delay.o
       368         44          0          0        632       3686   dnl.o
       110          6          0          0          0       1978   ekf.o
         0          0          0          0          0      10308   event_groups.o
         4          0          0          0          0        539   ext_srv.o
       224          0          0          0          0       6350   fifo.o
       310         52          0          0          0       2875   flash.o
        32         12          0          0          0       1339   fos.o
       258          0          0          0          0       5564   fun.o
       102          0          0          0          0       1522   hcf.o
       608         58          0          0        240       4293   hci.o
        58          0          0          0          0       1381   hcp.o
       244         18          0         24      76800       3143   heap_2.o
       180         28          0          4          0       1703   ini.o
       102         26          0          8          0       3665   ios.o
        14          0          0          0          0        501   ist8310.o
       540          0          0          0          0       1532   ist8310_drv.o
       184          0          0          0          0       1779   ist8310_i2c.o
        44         10          0          0          0        509   key.o
        52         10          0          0          0        515   kos.o
        48          8          0          0          0        513   led.o
       136          0          0          0          0       3278   list.o
       122          6          0          0          0       1990   maf.o
       446        150          0         24          0     390212   main.o
        80         20          0          0         20       1717   mec.o
       298          0          0          0          0       2231   mecanum.o
       122          6          0          0          0       1486   med.o
       120         14          0          0          0       1647   misc.o
       150          0          0          0          0       1738   motor.o
        14          0          0          0          0        501   mpu6500.o
       102          4         16          0          0       1705   mpu6500_drv.o
       176         18          0          0          0       1863   mpu6500_spi.o
       192          0         32          0          0      10875   msg.o
       520         74          0          4        100       3024   odo.o
       326         12          0          0          0       2440   pid.o
       754         84          0         12          0      11041   port.o
        92         10          0          0          0        505   pwm.o
       100         12          0          4        672       1740   pwr.o
      1500         20          0          0         64      13369   queue.o
       104          0          0          0          0       1546   rcf.o
       494         60          0          0         16       3653   rci.o
       180          0          0          0          0       1935   rcp.o
       264         34          0          0         72       1689   rcv.o
         4          0          0          0          0        794   rcv_srv.o
        66          6          0          0          0       1868   rmp.o
       204         22          0         12          0       5140   sch.o
       104         20          0         12          0       2164   snd.o
        84         10          0          0          0        546   spi5.o
       164         18         32          0          0       3085   sr04.o
       744         56          0          8        368       6396   srs.o
        36          8        428          0       5120        868   startup_stm32f427xx.o
      1108         24          0          0          0       7938   stm32f4xx_can.o
       166          4          0          0          0       5154   stm32f4xx_dma.o
       156         20          0          0          0       2901   stm32f4xx_exti.o
       334         36          0          0          0       5104   stm32f4xx_flash.o
       238          0          0          0          0       5134   stm32f4xx_gpio.o
        12          0          0          0          0       2905   stm32f4xx_it.o
       220         34          0         16          0       5035   stm32f4xx_rcc.o
        76          0          0          0          0       1889   stm32f4xx_spi.o
        48          6          0          0          0        720   stm32f4xx_syscfg.o
       724         60          0          0          0      11772   stm32f4xx_tim.o
       334          8          0          0          0       5834   stm32f4xx_usart.o
     14214        416          0          0         64      38650   stm32util.o
         8          0          0          0          0       1422   sys.o
       300         36          0         20          0       1945   system_stm32f4xx.o
      2136        182          0         60        200      22259   tasks.o
       282         18          0          0          0       4509   tim.o
         6          0          0          0          0        948   tim_srv.o
       856         80          0         20         40      16887   timers.o
       792        120         52          0        552       9201   tty.o
       158         14          0          0          0       1150   upd.o
       864        114          0          4        604       3550   upl.o
       200         40         88         92          0       4275   wdg.o
       264         30          0          2          0       2354   wsm.o

    ----------------------------------------------------------------------
     40978       2768       1736        600      88084     753904   Object Totals
         0          0         32          0          0          0   (incl. Generated)
        88          0          2          3          6          0   (incl. Padding)

    ----------------------------------------------------------------------

      Code (inc. data)   RO Data    RW Data    ZI Data      Debug   Library Member Name

        86          0          0          0          0          0   __dczerorl2.o
         0          0          0          0          0          0   entry.o
         0          0          0          0          0          0   entry10a.o
         0          0          0          0          0          0   entry11a.o
         8          4          0          0          0          0   entry2.o
         4          0          0          0          0          0   entry5.o
         0          0          0          0          0          0   entry7b.o
         0          0          0          0          0          0   entry8b.o
         8          4          0          0          0          0   entry9a.o
        30          0          0          0          0          0   handlers.o
        36          8          0          0          0         68   init.o
         0          0          0          0          0          0   iusefp.o
        30          0          0          0          0         68   llshl.o
        36          0          0          0          0         68   llsshr.o
        32          0          0          0          0         68   llushr.o
       108         16          0          0          0         84   malloc.o
        36          0          0          0          0         68   memcpya.o
        36          0          0          0          0        108   memseta.o
         0          0          0          8          0          0   mvars.o
      2258         90          0          0          0        452   printfa.o
         0          0          0          4          0          0   stdout.o
        14          0          0          0          0         68   strlen.o
        44          0          0          0          0         80   uidiv.o
        98          0          0          0          0         92   uldiv.o
        48          0          0          0          0         68   cdrcmple.o
       334          0          0          0          0        148   dadd.o
       222          0          0          0          0        100   ddiv.o
       186          0          0          0          0        176   depilogue.o
        48          0          0          0          0         68   dfixul.o
       228          0          0          0          0         96   dmul.o
        38          0          0          0          0         68   f2d.o

    ----------------------------------------------------------------------
      3970        122          0         12          0       1948   Library Totals
         2          0          0          0          0          0   (incl. Padding)

    ----------------------------------------------------------------------

      Code (inc. data)   RO Data    RW Data    ZI Data      Debug   Library Name

      2864        122          0         12          0       1224   mc_w.l
      1104          0          0          0          0        724   mf_w.l

    ----------------------------------------------------------------------
      3970        122          0         12          0       1948   Library Totals

    ----------------------------------------------------------------------

==============================================================================


      Code (inc. data)   RO Data    RW Data    ZI Data      Debug   

     44948       2890       1736        612      88084     715848   Grand Totals
     44948       2890       1736        132      88084     715848   ELF Image Totals (compressed)
     44948       2890       1736        132          0          0   ROM Totals

==============================================================================

    Total RO  Size (Code + RO Data)                46684 (  45.59kB)
    Total RW  Size (RW Data + ZI Data)             88696 (  86.62kB)
    Total ROM Size (Code + RO Data + RW Data)      46816 (  45.72kB)

==============================================================================

