Component: ARM Compiler 5.06 update 4 (build 422) Tool: armlink [4d35d2]

==============================================================================

Section Cross References

    main.o(i.main) refers to kos.o(i.KOS_Boot) for KOS_Boot
    main.o(i.main) refers to srs.o(i.Srs_Proc) for Srs_Proc
    main.o(i.main) refers to dnl.o(i.Dnl_Proc) for Dnl_Proc
    main.o(i.main) refers to clk.o(i.Clk_GetUsTick) for Clk_GetUsTick
    main.o(i.main) refers to upl.o(i.Upl_Proc) for Upl_Proc
    kos.o(i.KOS_Boot) refers to app.o(i.App_Init) for App_Init
    kos.o(i.KOS_Boot) refers to sch.o(i.Sch_Init) for Sch_Init
    kos.o(i.KOS_Boot) refers to sch.o(i.Sch_Arrange) for Sch_Arrange
    kos.o(i.KOS_Boot) refers to bsp.o(i.Bsp_Config) for Bsp_Config
    kos.o(i.KOS_Boot) refers to act.o(i.Act_Init) for Act_Init
    kos.o(i.KOS_Boot) refers to tim.o(i.Tim_Start) for Tim_Start
    kos.o(i.KOS_Boot) refers to app.o(i.App_Proc) for App_Proc
    kos.o(i.KOS_Stop) refers to sch.o(i.Sch_Dismiss) for Sch_Dismiss
    kos.o(i.KOS_Stop) refers to act.o(i.Act_Init) for Act_Init
    kos.o(i.KOS_Stop) refers to app.o(i.App_Proc) for App_Proc
    sch.o(i.Sch_Arrange) refers to sch.o(i.getSchTask) for getSchTask
    sch.o(i.Sch_Arrange) refers to sch.o(i.newSchTask) for newSchTask
    sch.o(i.Sch_Arrange) refers to sch.o(.data) for .data
    sch.o(i.Sch_Dismiss) refers to sch.o(i.getSchTask) for getSchTask
    sch.o(i.Sch_Dismiss) refers to malloc.o(i.free) for free
    sch.o(i.Sch_Dismiss) refers to sch.o(.data) for .data
    sch.o(i.Sch_Init) refers to sch.o(.data) for .data
    sch.o(i.Sch_Proc) refers to sch.o(.data) for .data
    sch.o(i.getSchTask) refers to sch.o(.data) for .data
    sch.o(i.newSchTask) refers to malloc.o(i.malloc) for malloc
    sch.o(i.newSchTask) refers to memseta.o(.text) for __aeabi_memclr4
    act.o(i.Act_Init) refers to motor.o(i.CM_Cmd) for CM_Cmd
    act.o(i.Act_Init) refers to motor.o(i.GM_Cmd) for GM_Cmd
    act.o(i.Act_Proc) refers to motor.o(i.CM_Cmd) for CM_Cmd
    act.o(i.Act_Proc) refers to motor.o(i.GM_Cmd) for GM_Cmd
    act.o(i.Act_Proc) refers to ctl.o(.bss) for ctl
    app.o(i.App_Init) refers to ios.o(i.Ios_Init) for Ios_Init
    app.o(i.App_Init) refers to cfg.o(i.Cfg_Init) for Cfg_Init
    app.o(i.App_Init) refers to clk.o(i.Clk_Init) for Clk_Init
    app.o(i.App_Init) refers to com.o(i.Com_Init) for Com_Init
    app.o(i.App_Init) refers to dci.o(i.Dci_Init) for Dci_Init
    app.o(i.App_Init) refers to srs.o(i.Srs_Init) for Srs_Init
    app.o(i.App_Init) refers to wdg.o(i.Wdg_Init) for Wdg_Init
    app.o(i.App_Init) refers to ini.o(i.Ini_Init) for Ini_Init
    app.o(i.App_Init) refers to wsm.o(i.Wsm_Init) for Wsm_Init
    app.o(i.App_Init) refers to upd.o(i.Upd_Init) for Upd_Init
    app.o(i.App_Proc) refers to wdg.o(i.Wdg_Proc) for Wdg_Proc
    app.o(i.App_Proc) refers to ini.o(i.Ini_Proc) for Ini_Proc
    app.o(i.App_Proc) refers to wsm.o(i.Wsm_Proc) for Wsm_Proc
    app.o(i.App_Proc) refers to upd.o(i.Upd_Proc) for Upd_Proc
    cal.o(i.Cal_ClrFlag) refers to cal.o(.data) for .data
    cal.o(i.Cal_GetFlag) refers to cal.o(.data) for .data
    cal.o(i.Cal_HasFlag) refers to cal.o(.data) for .data
    cal.o(i.Cal_HitFlag) refers to cal.o(.data) for .data
    cal.o(i.Cal_Init) refers to maf.o(i.Maf_Init) for Maf_Init
    cal.o(i.Cal_Init) refers to cal.o(.data) for .data
    cal.o(i.Cal_Init) refers to cal.o(.bss) for .bss
    cal.o(i.Cal_IsDone) refers to cal.o(.data) for .data
    cal.o(i.Cal_Proc) refers to stm32f4xx_gpio.o(i.GPIO_ReadInputDataBit) for GPIO_ReadInputDataBit
    cal.o(i.Cal_Proc) refers to motor.o(i.GM_Cmd) for GM_Cmd
    cal.o(i.Cal_Proc) refers to maf.o(i.Maf_Proc) for Maf_Proc
    cal.o(i.Cal_Proc) refers to cal.o(i.Cal_SetGph) for Cal_SetGph
    cal.o(i.Cal_Proc) refers to cal.o(i.Cal_SetGpl) for Cal_SetGpl
    cal.o(i.Cal_Proc) refers to cal.o(.data) for .data
    cal.o(i.Cal_Proc) refers to odo.o(.bss) for odo
    cal.o(i.Cal_Proc) refers to cal.o(.bss) for .bss
    cal.o(i.Cal_SetFlag) refers to cal.o(.data) for .data
    cal.o(i.Cal_SetGph) refers to motor.o(i.GM_Cmd) for GM_Cmd
    cal.o(i.Cal_SetGph) refers to maf.o(i.Maf_Reset) for Maf_Reset
    cal.o(i.Cal_SetGph) refers to fun.o(i.Flag_Set) for Flag_Set
    cal.o(i.Cal_SetGph) refers to cal.o(.bss) for .bss
    cal.o(i.Cal_SetGph) refers to cal.o(.data) for .data
    cal.o(i.Cal_SetGph) refers to odo.o(.bss) for odo
    cal.o(i.Cal_SetGph) refers to cfg.o(.data) for cfg
    cal.o(i.Cal_SetGpl) refers to motor.o(i.GM_Cmd) for GM_Cmd
    cal.o(i.Cal_SetGpl) refers to maf.o(i.Maf_Reset) for Maf_Reset
    cal.o(i.Cal_SetGpl) refers to fun.o(i.Flag_Set) for Flag_Set
    cal.o(i.Cal_SetGpl) refers to cal.o(.bss) for .bss
    cal.o(i.Cal_SetGpl) refers to cal.o(.data) for .data
    cal.o(i.Cal_SetGpl) refers to odo.o(.bss) for odo
    cal.o(i.Cal_SetGpl) refers to cfg.o(.data) for cfg
    can.o(i.Can_Init) refers to can.o(i.Motor_Reset) for Motor_Reset
[...]
    gm_startup_delay_cnt                     0x20000010   Data           4  cal.o(.data)
    .data                                    0x20000014   Section      243  cfg.o(.data)
    .data                                    0x20000108   Section       20  clk.o(.data)
    us_tick                                  0x20000108   Data           4  clk.o(.data)
    us_temp                                  0x2000010c   Data           4  clk.o(.data)
    ms_tick                                  0x20000110   Data           4  clk.o(.data)
    ms_temp                                  0x20000114   Data           4  clk.o(.data)
    sc_tick                                  0x20000118   Data           4  clk.o(.data)
    .data                                    0x2000011c   Section       48  ctl.o(.data)
    .data                                    0x2000014c   Section        4  ini.o(.data)
    iniFlag                                  0x2000014c   Data           4  ini.o(.data)
    .data                                    0x20000150   Section        8  ios.o(.data)
    .data                                    0x20000158   Section        4  odo.o(.data)
    odo_gp_c                                 0x20000158   Data           4  odo.o(.data)
    .data                                    0x2000015c   Section        4  srs.o(.data)
    sri                                      0x2000015c   Data           4  srs.o(.data)
    .data                                    0x20000160   Section       12  upl.o(.data)
    msgType                                  0x20000160   Data           4  upl.o(.data)
    sr04sMsg                                 0x20000164   Data           8  upl.o(.data)
    .data                                    0x2000016c   Section       84  wdg.o(.data)
    err                                      0x2000016c   Data           4  wdg.o(.data)
    cnt                                      0x20000170   Data          80  wdg.o(.data)
    .data                                    0x200001c0   Section        2  wsm.o(.data)
    workingState                             0x200001c0   Data           1  wsm.o(.data)
    lastWorkingState                         0x200001c1   Data           1  wsm.o(.data)
    .data                                    0x200001c2   Section       16  stm32f4xx_rcc.o(.data)
    APBAHBPrescTable                         0x200001c2   Data          16  stm32f4xx_rcc.o(.data)
    .data                                    0x200001d4   Section        4  mvars.o(.data)
    .data                                    0x200001d8   Section        4  mvars.o(.data)
    .bss                                     0x200001dc   Section       28  cal.o(.bss)
    maf                                      0x200001dc   Data          16  cal.o(.bss)
    buf                                      0x200001ec   Data          12  cal.o(.bss)
    .bss                                     0x200001f8   Section      716  can.o(.bss)
    .bss                                     0x200004c4   Section       76  cmd.o(.bss)
    .bss                                     0x20000510   Section      652  ctl.o(.bss)
    .bss                                     0x2000079c   Section       22  dci.o(.bss)
    .bss                                     0x200007b4   Section      632  dnl.o(.bss)
    kylinMsg                                 0x200007b4   Data          28  dnl.o(.bss)
    vrc                                      0x200007d0   Data          10  dnl.o(.bss)
    vhc                                      0x200007da   Data          16  dnl.o(.bss)
    vdbus                                    0x200007ea   Data          22  dnl.o(.bss)
    cbus                                     0x20000800   Data          24  dnl.o(.bss)
    buf                                      0x20000818   Data         512  dnl.o(.bss)
    fifo                                     0x20000a18   Data          20  dnl.o(.bss)
    .bss                                     0x20000a2c   Section      240  hci.o(.bss)
    hcf                                      0x20000a2c   Data          16  hci.o(.bss)
    maf                                      0x20000a3c   Data          64  hci.o(.bss)
    buf                                      0x20000a7c   Data         160  hci.o(.bss)
    .bss                                     0x20000b1c   Section       20  mec.o(.bss)
    mecanum                                  0x20000b1c   Data          20  mec.o(.bss)
    .bss                                     0x20000b30   Section      100  odo.o(.bss)
    .bss                                     0x20000b94   Section       16  rci.o(.bss)
    rcf                                      0x20000b94   Data          16  rci.o(.bss)
    .bss                                     0x20000ba4   Section       64  srs.o(.bss)
    .bss                                     0x20000be4   Section      582  upl.o(.bss)
    buf                                      0x20000be4   Data         512  upl.o(.bss)
    fifo                                     0x20000de4   Data          20  upl.o(.bss)
    kylinMsg                                 0x20000df8   Data          28  upl.o(.bss)
    zgyroMsg                                 0x20000e14   Data          10  upl.o(.bss)
    posCalibMsg                              0x20000e1e   Data          12  upl.o(.bss)
    .bss                                     0x20000e2c   Section      552  btm.o(.bss)
    rx_fifo                                  0x20000e2c   Data          20  btm.o(.bss)
    tx_fifo                                  0x20000e40   Data          20  btm.o(.bss)
    rx_buf                                   0x20000e54   Data         256  btm.o(.bss)
    tx_buf                                   0x20000f54   Data         256  btm.o(.bss)
    .bss                                     0x20001054   Section      552  dbi.o(.bss)
    rx_fifo                                  0x20001054   Data          20  dbi.o(.bss)
    tx_fifo                                  0x20001068   Data          20  dbi.o(.bss)
    rx_buf                                   0x2000107c   Data         256  dbi.o(.bss)
    tx_buf                                   0x2000117c   Data         256  dbi.o(.bss)
    .bss                                     0x2000127c   Section       72  rcv.o(.bss)
    buf                                      0x2000127c   Data          72  rcv.o(.bss)
    .bss                                     0x200012c4   Section       64  stm32util.o(.bss)
    .bss                                     0x20001304   Section      552  tty.o(.bss)
    rx_fifo                                  0x20001304   Data          20  tty.o(.bss)
    tx_fifo                                  0x20001318   Data          20  tty.o(.bss)
    rx_buf                                   0x2000132c   Data         256  tty.o(.bss)
    tx_buf                                   0x2000142c   Data         256  tty.o(.bss)
    HEAP                                     0x20001530   Section     4096  startup_stm32f427xx.o(HEAP)
    STACK                                    0x20002530   Section     1024  startup_stm32f427xx.o(STACK)

    Global Symbols

    Symbol Name                              Value     Ov Type        Size  Object(Section)

    BuildAttributes$$THM_ISAv4$E$P$D$K$B$S$7EM$VFPi3$EXTD16$VFPS$VFMA$PE$A:L22UL41UL21$X:L11$S22US41US21$IEEE1$IW$USESV6$~STKCKD$USESV7$~SHL$OTIME$ROPI$IEEEX$EBA8$MICROLIB$REQ8$PRES8$EABIv2 0x00000000   Number         0  anon$$obj.o ABSOLUTE
    __ARM_use_no_argv                        0x00000000   Number         0  main.o ABSOLUTE
    __cpp_initialize__aeabi_                  - Undefined Weak Reference
    __cxa_finalize                            - Undefined Weak Reference
    _clock_init                               - Undefined Weak Reference
    _microlib_exit                            - Undefined Weak Reference
    __Vectors_Size                           0x000001ac   Number         0  startup_stm32f427xx.o ABSOLUTE
    __Vectors                                0x08000000   Data           4  startup_stm32f427xx.o(RESET)
    __Vectors_End                            0x080001ac   Data           0  startup_stm32f427xx.o(RESET)
    __main                                   0x080001ad   Thumb Code     0  entry.o(.ARM.Collect$$$$00000000)
    _main_stk                                0x080001ad   Thumb Code     0  entry2.o(.ARM.Collect$$$$00000001)
    _main_scatterload                        0x080001b1   Thumb Code     0  entry5.o(.ARM.Collect$$$$00000004)
    __main_after_scatterload                 0x080001b5   Thumb Code     0  entry5.o(.ARM.Collect$$$$00000004)
    _main_clock                              0x080001b5   Thumb Code     0  entry7b.o(.ARM.Collect$$$$00000008)
    _main_cpp_init                           0x080001b5   Thumb Code     0  entry8b.o(.ARM.Collect$$$$0000000A)
    _main_init                               0x080001b5   Thumb Code     0  entry9a.o(.ARM.Collect$$$$0000000B)
    __rt_final_cpp                           0x080001bd   Thumb Code     0  entry10a.o(.ARM.Collect$$$$0000000D)
    __rt_final_exit                          0x080001bd   Thumb Code     0  entry11a.o(.ARM.Collect$$$$0000000F)
    Reset_Handler                            0x080001c1   Thumb Code     8  startup_stm32f427xx.o(.text)
    SysTick_Handler                          0x080001d9   Thumb Code     2  startup_stm32f427xx.o(.text)
    ADC_IRQHandler                           0x080001db   Thumb Code     0  startup_stm32f427xx.o(.text)
    CAN1_RX1_IRQHandler                      0x080001db   Thumb Code     0  startup_stm32f427xx.o(.text)
    CAN1_SCE_IRQHandler                      0x080001db   Thumb Code     0  startup_stm32f427xx.o(.text)
    CAN2_RX1_IRQHandler                      0x080001db   Thumb Code     0  startup_stm32f427xx.o(.text)
    CAN2_SCE_IRQHandler                      0x080001db   Thumb Code     0  startup_stm32f427xx.o(.text)
    DCMI_IRQHandler                          0x080001db   Thumb Code     0  startup_stm32f427xx.o(.text)
    DMA1_Stream0_IRQHandler                  0x080001db   Thumb Code     0  startup_stm32f427xx.o(.text)
    DMA1_Stream1_IRQHandler                  0x080001db   Thumb Code     0  startup_stm32f427xx.o(.text)
    DMA1_Stream2_IRQHandler                  0x080001db   Thumb Code     0  startup_stm32f427xx.o(.text)
    DMA1_Stream3_IRQHandler                  0x080001db   Thumb Code     0  startup_stm32f427xx.o(.text)
    DMA1_Stream4_IRQHandler                  0x080001db   Thumb Code     0  startup_stm32f427xx.o(.text)
    DMA1_Stream5_IRQHandler                  0x080001db   Thumb Code     0  startup_stm32f427xx.o(.text)
    DMA1_Stream6_IRQHandler                  0x080001db   Thumb Code     0  startup_stm32f427xx.o(.text)
    DMA1_Stream7_IRQHandler                  0x080001db   Thumb Code     0  startup_stm32f427xx.o(.text)
    DMA2D_IRQHandler                         0x080001db   Thumb Code     0  startup_stm32f427xx.o(.text)
    DMA2_Stream0_IRQHandler                  0x080001db   Thumb Code     0  startup_stm32f427xx.o(.text)
    DMA2_Stream1_IRQHandler                  0x080001db   Thumb Code     0  startup_stm32f427xx.o(.text)
    DMA2_Stream2_IRQHandler                  0x080001db   Thumb Code     0  startup_stm32f427xx.o(.text)
    DMA2_Stream3_IRQHandler                  0x080001db   Thumb Code     0  startup_stm32f427xx.o(.text)
    DMA2_Stream4_IRQHandler                  0x080001db   Thumb Code     0  startup_stm32f427xx.o(.text)
    DMA2_Stream5_IRQHandler                  0x080001db   Thumb Code     0  startup_stm32f427xx.o(.text)
    DMA2_Stream6_IRQHandler                  0x080001db   Thumb Code     0  startup_stm32f427xx.o(.text)
    DMA2_Stream7_IRQHandler                  0x080001db   Thumb Code     0  startup_stm32f427xx.o(.text)
    ETH_IRQHandler                           0x080001db   Thumb Code     0  startup_stm32f427xx.o(.text)
    ETH_WKUP_IRQHandler                      0x080001db   Thumb Code     0  startup_stm32f427xx.o(.text)
    FLASH_IRQHandler                         0x080001db   Thumb Code     0  startup_stm32f427xx.o(.text)
    FMC_IRQHandler                           0x080001db   Thumb Code     0  startup_stm32f427xx.o(.text)
    FPU_IRQHandler                           0x080001db   Thumb Code     0  startup_stm32f427xx.o(.text)
    HASH_RNG_IRQHandler                      0x080001db   Thumb Code     0  startup_stm32f427xx.o(.text)
    I2C1_ER_IRQHandler                       0x080001db   Thumb Code     0  startup_stm32f427xx.o(.text)
    I2C1_EV_IRQHandler                       0x080001db   Thumb Code     0  startup_stm32f427xx.o(.text)
    I2C2_ER_IRQHandler                       0x080001db   Thumb Code     0  startup_stm32f427xx.o(.text)
    I2C2_EV_IRQHandler                       0x080001db   Thumb Code     0  startup_stm32f427xx.o(.text)
    I2C3_ER_IRQHandler                       0x080001db   Thumb Code     0  startup_stm32f427xx.o(.text)
    I2C3_EV_IRQHandler                       0x080001db   Thumb Code     0  startup_stm32f427xx.o(.text)
    OTG_FS_IRQHandler                        0x080001db   Thumb Code     0  startup_stm32f427xx.o(.text)
    OTG_FS_WKUP_IRQHandler                   0x080001db   Thumb Code     0  startup_stm32f427xx.o(.text)
    OTG_HS_EP1_IN_IRQHandler                 0x080001db   Thumb Code     0  startup_stm32f427xx.o(.text)
    OTG_HS_EP1_OUT_IRQHandler                0x080001db   Thumb Code     0  startup_stm32f427xx.o(.text)
    OTG_HS_IRQHandler                        0x080001db   Thumb Code     0  startup_stm32f427xx.o(.text)
    OTG_HS_WKUP_IRQHandler                   0x080001db   Thumb Code     0  startup_stm32f427xx.o(.text)
    PVD_IRQHandler                           0x080001db   Thumb Code     0  startup_stm32f427xx.o(.text)
    RCC_IRQHandler                           0x080001db   Thumb Code     0  startup_stm32f427xx.o(.text)
    RTC_Alarm_IRQHandler                     0x080001db   Thumb Code     0  startup_stm32f427xx.o(.text)
    RTC_WKUP_IRQHandler                      0x080001db   Thumb Code     0  startup_stm32f427xx.o(.text)
    SAI1_IRQHandler                          0x080001db   Thumb Code     0  startup_stm32f427xx.o(.text)
    SDIO_IRQHandler                          0x080001db   Thumb Code     0  startup_stm32f427xx.o(.text)
    SPI1_IRQHandler                          0x080001db   Thumb Code     0  startup_stm32f427xx.o(.text)
    SPI2_IRQHandler                          0x080001db   Thumb Code     0  startup_stm32f427xx.o(.text)
    SPI3_IRQHandler                          0x080001db   Thumb Code     0  startup_stm32f427xx.o(.text)
    SPI4_IRQHandler                          0x080001db   Thumb Code     0  startup_stm32f427xx.o(.text)
    SPI5_IRQHandler                          0x080001db   Thumb Code     0  startup_stm32f427xx.o(.text)
    SPI6_IRQHandler                          0x080001db   Thumb Code     0  startup_stm32f427xx.o(.text)
    TAMP_STAMP_IRQHandler                    0x080001db   Thumb Code     0  startup_stm32f427xx.o(.text)
    TIM1_BRK_TIM9_IRQHandler                 0x080001db   Thumb Code     0  startup_stm32f427xx.o(.text)
    TIM1_CC_IRQHandler                       0x080001db   Thumb Code     0  startup_stm32f427xx.o(.text)
    TIM1_TRG_COM_TIM11_IRQHandler            0x080001db   Thumb Code     0  startup_stm32f427xx.o(.text)
    TIM1_UP_TIM10_IRQHandler                 0x080001db   Thumb Code     0  startup_stm32f427xx.o(.text)
    TIM3_IRQHandler                          0x080001db   Thumb Code     0  startup_stm32f427xx.o(.text)
    TIM4_IRQHandler                          0x080001db   Thumb Code     0  startup_stm32f427xx.o(.text)
    TIM5_IRQHandler                          0x080001db   Thumb Code     0  startup_stm32f427xx.o(.text)
    TIM7_IRQHandler                          0x080001db   Thumb Code     0  startup_stm32f427xx.o(.text)
    TIM8_BRK_TIM12_IRQHandler                0x080001db   Thumb Code     0  startup_stm32f427xx.o(.text)
    TIM8_CC_IRQHandler                       0x080001db   Thumb Code     0  startup_stm32f427xx.o(.text)
    TIM8_TRG_COM_TIM14_IRQHandler            0x080001db   Thumb Code     0  startup_stm32f427xx.o(.text)
    TIM8_UP_TIM13_IRQHandler                 0x080001db   Thumb Code     0  startup_stm32f427xx.o(.text)
    UART4_IRQHandler                         0x080001db   Thumb Code     0  startup_stm32f427xx.o(.text)
    UART5_IRQHandler                         0x080001db   Thumb Code     0  startup_stm32f427xx.o(.text)
    UART7_IRQHandler                         0x080001db   Thumb Code     0  startup_stm32f427xx.o(.text)
    UART8_IRQHandler                         0x080001db   Thumb Code     0  startup_stm32f427xx.o(.text)
    WWDG_IRQHandler                          0x080001db   Thumb Code     0  startup_stm32f427xx.o(.text)
    __aeabi_memcpy                           0x080001e5   Thumb Code    36  memcpya.o(.text)
    __aeabi_memcpy4                          0x080001e5   Thumb Code     0  memcpya.o(.text)
    __aeabi_memcpy8                          0x080001e5   Thumb Code     0  memcpya.o(.text)
    __aeabi_memset                           0x08000209   Thumb Code    14  memseta.o(.text)
    __aeabi_memset4                          0x08000209   Thumb Code     0  memseta.o(.text)
    __aeabi_memset8                          0x08000209   Thumb Code     0  memseta.o(.text)
    __aeabi_memclr                           0x08000217   Thumb Code     4  memseta.o(.text)
    __aeabi_memclr4                          0x08000217   Thumb Code     0  memseta.o(.text)
    __aeabi_memclr8                          0x08000217   Thumb Code     0  memseta.o(.text)
    _memset$wrapper                          0x0800021b   Thumb Code    18  memseta.o(.text)
    strlen                                   0x0800022d   Thumb Code    14  strlen.o(.text)
    __scatterload                            0x0800023d   Thumb Code    28  init.o(.text)
    __scatterload_rt2                        0x0800023d   Thumb Code     0  init.o(.text)
    __decompress                             0x08000261   Thumb Code     0  __dczerorl2.o(.text)
    __decompress1                            0x08000261   Thumb Code    86  __dczerorl2.o(.text)
    Act_Init                                 0x080002b9   Thumb Code    48  act.o(i.Act_Init)
    Act_Proc                                 0x080002f1   Thumb Code   122  act.o(i.Act_Proc)
    App_Init                                 0x08000379   Thumb Code    46  app.o(i.App_Init)
    App_Proc                                 0x080003a7   Thumb Code    22  app.o(i.App_Proc)
    Bsp_Config                               0x080003bd   Thumb Code    72  bsp.o(i.Bsp_Config)
    BtmRxCallback                            0x08000409   Thumb Code     4  com_srv.o(i.BtmRxCallback)
    Btm_Config                               0x0800040d   Thumb Code    94  btm.o(i.Btm_Config)
    Btm_Proc                                 0x0800047d   Thumb Code     6  com.o(i.Btm_Proc)
    Btm_PutCh                                0x08000485   Thumb Code    50  btm.o(i.Btm_PutCh)
    Btn_Config                               0x080004c1   Thumb Code     6  btn.o(i.Btn_Config)
    BusFault_Handler                         0x080004cd   Thumb Code     2  stm32f4xx_it.o(i.BusFault_Handler)
    CAN1_RX0_IRQHandler                      0x080004d1   Thumb Code    58  can1.o(i.CAN1_RX0_IRQHandler)
    CAN1_TX_IRQHandler                       0x08000515   Thumb Code    30  can1.o(i.CAN1_TX_IRQHandler)
    CAN2_RX0_IRQHandler                      0x08000539   Thumb Code    58  can2.o(i.CAN2_RX0_IRQHandler)
    CAN2_TX_IRQHandler                       0x0800057d   Thumb Code    30  can2.o(i.CAN2_TX_IRQHandler)
    CAN_ClearFlag                            0x080005a1   Thumb Code    44  stm32f4xx_can.o(i.CAN_ClearFlag)
    CAN_ClearITPendingBit                    0x080005d1   Thumb Code   116  stm32f4xx_can.o(i.CAN_ClearITPendingBit)
    CAN_Config                               0x08000649   Thumb Code    98  stm32util.o(i.CAN_Config)
    CAN_FilterInit                           0x080006b5   Thumb Code   194  stm32f4xx_can.o(i.CAN_FilterInit)
    CAN_Filter_Config                        0x08000781   Thumb Code    54  stm32util.o(i.CAN_Filter_Config)
    CAN_GetITStatus                          0x080007b9   Thumb Code   162  stm32f4xx_can.o(i.CAN_GetITStatus)
    CAN_ITConfig                             0x08000861   Thumb Code    16  stm32f4xx_can.o(i.CAN_ITConfig)
    CAN_Init                                 0x08000871   Thumb Code   232  stm32f4xx_can.o(i.CAN_Init)
    CAN_Receive                              0x08000959   Thumb Code   144  stm32f4xx_can.o(i.CAN_Receive)
    CAN_Transmit                             0x080009e9   Thumb Code   164  stm32f4xx_can.o(i.CAN_Transmit)
    CBUS_Init                                0x08000a8d   Thumb Code     6  cbus.o(i.CBUS_Init)
    CM_Cmd                                   0x08000a93   Thumb Code    78  motor.o(i.CM_Cmd)
    CRC16Append                              0x08000ae1   Thumb Code    34  crc16.o(i.CRC16Append)
    CRC16Calc                                0x08000b05   Thumb Code    44  crc16.o(i.CRC16Calc)
    CRC16Check                               0x08000b35   Thumb Code    48  crc16.o(i.CRC16Check)
    Cal_Init                                 0x08000b65   Thumb Code    20  cal.o(i.Cal_Init)
    Cal_IsDone                               0x08000b81   Thumb Code    10  cal.o(i.Cal_IsDone)
    Cal_Proc                                 0x08000b91   Thumb Code   206  cal.o(i.Cal_Proc)
    Can1RxCallback                           0x08000d05   Thumb Code     4  can_srv.o(i.Can1RxCallback)
    Can1_Config                              0x08000d09   Thumb Code   104  can1.o(i.Can1_Config)
    Can2RxCallback                           0x08000d79   Thumb Code     4  can_srv.o(i.Can2RxCallback)
    Can2_Config                              0x08000d7d   Thumb Code   106  can2.o(i.Can2_Config)
    Can_Init                                 0x08000df1   Thumb Code    40  can.o(i.Can_Init)
    Can_Proc                                 0x08000e1d   Thumb Code   168  can.o(i.Can_Proc)
    Cci_Proc                                 0x08000ed1   Thumb Code    18  cci.o(i.Cci_Proc)
    Cfg_GetFlag                              0x08000ee5   Thumb Code     8  cfg.o(i.Cfg_GetFlag)
    Cfg_Init                                 0x08000ef1   Thumb Code   252  cfg.o(i.Cfg_Init)
    Cfg_IsSynced                             0x08000ff5   Thumb Code    14  cfg.o(i.Cfg_IsSynced)
    Cfg_Load                                 0x08001009   Thumb Code     6  cfg.o(i.Cfg_Load)
    Cfg_Proc                                 0x08001011   Thumb Code    22  cfg.o(i.Cfg_Proc)
    Cfg_Save                                 0x0800102d   Thumb Code     6  cfg.o(i.Cfg_Save)
    Clk_GetUsTick                            0x08001141   Thumb Code     8  clk.o(i.Clk_GetUsTick)
    Clk_Init                                 0x08001149   Thumb Code    16  clk.o(i.Clk_Init)
    Cmd_Init                                 0x0800115d   Thumb Code     8  cmd.o(i.Cmd_Init)
    Cmd_Proc                                 0x08001169   Thumb Code   308  cmd.o(i.Cmd_Proc)
    Com_Init                                 0x080012a5   Thumb Code    14  com.o(i.Com_Init)
    Ctl_Init                                 0x08001319   Thumb Code   146  ctl.o(i.Ctl_Init)
    Ctl_Proc                                 0x080013b9   Thumb Code    34  ctl.o(i.Ctl_Proc)
    DBUS_Dec                                 0x08001449   Thumb Code    24  dbus.o(i.DBUS_Dec)
    DBUS_Init                                0x08001461   Thumb Code    20  dbus.o(i.DBUS_Init)
    DMA_Cmd                                  0x08001475   Thumb Code    20  stm32f4xx_dma.o(i.DMA_Cmd)
    DMA_Config                               0x08001489   Thumb Code   100  stm32util.o(i.DMA_Config)
    DMA_DoubleBufferModeCmd                  0x080014f5   Thumb Code    20  stm32f4xx_dma.o(i.DMA_DoubleBufferModeCmd)
    DMA_DoubleBufferModeConfig               0x08001509   Thumb Code    22  stm32f4xx_dma.o(i.DMA_DoubleBufferModeConfig)
    DMA_GetCurrDataCounter                   0x0800151f   Thumb Code     6  stm32f4xx_dma.o(i.DMA_GetCurrDataCounter)
    DMA_GetCurrentMemoryTarget               0x08001525   Thumb Code    14  stm32f4xx_dma.o(i.DMA_GetCurrentMemoryTarget)
    DMA_Init                                 0x08001535   Thumb Code    80  stm32f4xx_dma.o(i.DMA_Init)
    DbiRxCallback                            0x08001589   Thumb Code     4  com_srv.o(i.DbiRxCallback)
    Dbi_Config                               0x0800158d   Thumb Code    94  dbi.o(i.Dbi_Config)
    Dbi_GetCh                                0x080015fd   Thumb Code    60  dbi.o(i.Dbi_GetCh)
    Dbi_Proc                                 0x08001641   Thumb Code     6  com.o(i.Dbi_Proc)
    Dbi_PutCh                                0x08001649   Thumb Code    50  dbi.o(i.Dbi_PutCh)
    Dci_Init                                 0x08001685   Thumb Code    20  dci.o(i.Dci_Init)
    Dci_Proc                                 0x0800169d   Thumb Code    72  dci.o(i.Dci_Proc)
    DebugMon_Handler                         0x080016e5   Thumb Code     2  stm32f4xx_it.o(i.DebugMon_Handler)
    Dnl_Init                                 0x080016e9   Thumb Code    28  dnl.o(i.Dnl_Init)
    Dnl_Proc                                 0x08001709   Thumb Code   318  dnl.o(i.Dnl_Proc)
    EXTI0_IRQHandler                         0x08001875   Thumb Code    42  stm32util.o(i.EXTI0_IRQHandler)
    EXTI15_10_IRQHandler                     0x080018a5   Thumb Code   206  stm32util.o(i.EXTI15_10_IRQHandler)
    EXTI1_IRQHandler                         0x08001979   Thumb Code    42  stm32util.o(i.EXTI1_IRQHandler)
    EXTI2_IRQHandler                         0x080019a9   Thumb Code    42  stm32util.o(i.EXTI2_IRQHandler)
    EXTI3_IRQHandler                         0x080019d9   Thumb Code    42  stm32util.o(i.EXTI3_IRQHandler)
    EXTI4_IRQHandler                         0x08001a09   Thumb Code    42  stm32util.o(i.EXTI4_IRQHandler)
    EXTI9_5_IRQHandler                       0x08001a39   Thumb Code   162  stm32util.o(i.EXTI9_5_IRQHandler)
    EXTI_Bind                                0x08001ae1   Thumb Code   280  stm32util.o(i.EXTI_Bind)
    EXTI_ClearFlag                           0x08001bfd   Thumb Code     6  stm32f4xx_exti.o(i.EXTI_ClearFlag)
    EXTI_ClearITPendingBit                   0x08001c09   Thumb Code     6  stm32f4xx_exti.o(i.EXTI_ClearITPendingBit)
    EXTI_Config                              0x08001c15   Thumb Code    40  stm32util.o(i.EXTI_Config)
    EXTI_GetITStatus                         0x08001c3d   Thumb Code    16  stm32f4xx_exti.o(i.EXTI_GetITStatus)
    EXTI_Init                                0x08001c51   Thumb Code   108  stm32f4xx_exti.o(i.EXTI_Init)
    EXTI_SetHandler                          0x08001cc1   Thumb Code    12  stm32util.o(i.EXTI_SetHandler)
    Ekf_Init                                 0x08001cd1   Thumb Code     8  ekf.o(i.Ekf_Init)
    Ekf_Proc                                 0x08001cd9   Thumb Code    74  ekf.o(i.Ekf_Proc)
    Ekf_Reset                                0x08001d25   Thumb Code    22  ekf.o(i.Ekf_Reset)
    FIFO_Flush                               0x08001d41   Thumb Code    22  fifo.o(i.FIFO_Flush)
    FIFO_GetFree                             0x08001d57   Thumb Code     8  fifo.o(i.FIFO_GetFree)
    FIFO_GetSize                             0x08001d5f   Thumb Code     4  fifo.o(i.FIFO_GetSize)
    FIFO_GetUsed                             0x08001d63   Thumb Code     4  fifo.o(i.FIFO_GetUsed)
    FIFO_Init                                0x08001d67   Thumb Code     8  fifo.o(i.FIFO_Init)
    FIFO_IsEmpty                             0x08001d6f   Thumb Code    12  fifo.o(i.FIFO_IsEmpty)
    FIFO_IsFull                              0x08001d7b   Thumb Code    16  fifo.o(i.FIFO_IsFull)
    FIFO_Peek                                0x08001d8b   Thumb Code    40  fifo.o(i.FIFO_Peek)
    FIFO_Pop                                 0x08001db3   Thumb Code    52  fifo.o(i.FIFO_Pop)
    FIFO_Push                                0x08001de7   Thumb Code    58  fifo.o(i.FIFO_Push)
    FLASH_DataCacheCmd                       0x08001e21   Thumb Code    22  stm32f4xx_flash.o(i.FLASH_DataCacheCmd)
    FLASH_EraseSector                        0x08001e3d   Thumb Code   104  stm32f4xx_flash.o(i.FLASH_EraseSector)
    FLASH_GetStatus                          0x08001ea9   Thumb Code    56  stm32f4xx_flash.o(i.FLASH_GetStatus)
    FLASH_Lock                               0x08001ee5   Thumb Code    12  stm32f4xx_flash.o(i.FLASH_Lock)
    FLASH_ProgramByte                        0x08001ef5   Thumb Code    52  stm32f4xx_flash.o(i.FLASH_ProgramByte)
    FLASH_Unlock                             0x08001f2d   Thumb Code    22  stm32f4xx_flash.o(i.FLASH_Unlock)
    FLASH_WaitForLastOperation               0x08001f51   Thumb Code    30  stm32f4xx_flash.o(i.FLASH_WaitForLastOperation)
    FS_Cpy                                   0x08001f6f   Thumb Code     4  sys.o(i.FS_Cpy)
    FS_Det                                   0x08001f73   Thumb Code     4  sys.o(i.FS_Det)
    Flag_Cpy                                 0x08001f77   Thumb Code    38  fun.o(i.Flag_Cpy)
    Flag_Det                                 0x08001f9d   Thumb Code    14  fun.o(i.Flag_Det)
    Flag_Get                                 0x08001fab   Thumb Code     6  fun.o(i.Flag_Get)
    Flag_Set                                 0x08001fb1   Thumb Code     8  fun.o(i.Flag_Set)
    Flash_Read                               0x08002059   Thumb Code    22  flash.o(i.Flash_Read)
    Flash_Write                              0x08002071   Thumb Code   122  flash.o(i.Flash_Write)
    Fos_Read                                 0x080020f1   Thumb Code    10  fos.o(i.Fos_Read)
    Fos_Write                                0x08002101   Thumb Code    10  fos.o(i.Fos_Write)
    GM_Cmd                                   0x08002111   Thumb Code    72  motor.o(i.GM_Cmd)
    GPIO_AF                                  0x08002159   Thumb Code    40  stm32util.o(i.GPIO_AF)
    GPIO_Config                              0x08002181   Thumb Code   236  stm32util.o(i.GPIO_Config)
    GPIO_In                                  0x08002299   Thumb Code    16  stm32util.o(i.GPIO_In)
    GPIO_Init                                0x080022a9   Thumb Code   162  stm32f4xx_gpio.o(i.GPIO_Init)
    GPIO_Out                                 0x0800234b   Thumb Code    18  stm32util.o(i.GPIO_Out)
    GPIO_PinAFConfig                         0x0800235d   Thumb Code    32  stm32f4xx_gpio.o(i.GPIO_PinAFConfig)
    GPIO_ReadInputDataBit                    0x0800237d   Thumb Code    14  stm32f4xx_gpio.o(i.GPIO_ReadInputDataBit)
    GPIO_ReadOutputDataBit                   0x0800238b   Thumb Code    14  stm32f4xx_gpio.o(i.GPIO_ReadOutputDataBit)
    GPIO_ResetBits                           0x08002399   Thumb Code     4  stm32f4xx_gpio.o(i.GPIO_ResetBits)
    GPIO_SetBits                             0x0800239d   Thumb Code     4  stm32f4xx_gpio.o(i.GPIO_SetBits)
    GPIO_ToggleBits                          0x080023a1   Thumb Code     8  stm32f4xx_gpio.o(i.GPIO_ToggleBits)
    HardFault_Handler                        0x08002df9   Thumb Code     2  stm32f4xx_it.o(i.HardFault_Handler)
    Hcf_Init                                 0x08002dfd   Thumb Code    38  hcf.o(i.Hcf_Init)
    Hcf_Proc                                 0x08002e23   Thumb Code    64  hcf.o(i.Hcf_Proc)
    Hci_Init                                 0x08002e65   Thumb Code    48  hci.o(i.Hci_Init)
    Hci_MouseBtn                             0x08002e99   Thumb Code    12  hci.o(i.Hci_MouseBtn)
    Hci_PreProc                              0x08002ea9   Thumb Code     8  hci.o(i.Hci_PreProc)
    Hci_Proc                                 0x08002eb5   Thumb Code    24  hci.o(i.Hci_Proc)
    Hcp_Dec                                  0x08002ecd   Thumb Code    30  hcp.o(i.Hcp_Dec)
    Hcp_Init                                 0x08002eeb   Thumb Code    28  hcp.o(i.Hcp_Init)
    Ini_Init                                 0x08002f09   Thumb Code     8  ini.o(i.Ini_Init)
    Ini_IsDone                               0x08002f15   Thumb Code    18  ini.o(i.Ini_IsDone)
    Ini_Proc                                 0x08002f2d   Thumb Code   126  ini.o(i.Ini_Proc)
    Ios_GetCh                                0x08002fbd   Thumb Code     4  ios.o(i.Ios_GetCh)
    Ios_Init                                 0x08002fc1   Thumb Code    18  ios.o(i.Ios_Init)
    Ios_PutCh                                0x08002fdd   Thumb Code    18  ios.o(i.Ios_PutCh)
    Ios_SetIn                                0x08002ff1   Thumb Code    10  ios.o(i.Ios_SetIn)
    Ios_SetOut                               0x08003001   Thumb Code    10  ios.o(i.Ios_SetOut)
    KOS_Boot                                 0x08003011   Thumb Code    34  kos.o(i.KOS_Boot)
    Key_Config                               0x08003039   Thumb Code    20  key.o(i.Key_Config)
    Led_Config                               0x08003051   Thumb Code    40  led.o(i.Led_Config)
    Maf_Init                                 0x08003081   Thumb Code     8  maf.o(i.Maf_Init)
    Maf_Proc                                 0x08003089   Thumb Code    66  maf.o(i.Maf_Proc)
    Maf_Reset                                0x080030cd   Thumb Code    42  maf.o(i.Maf_Reset)
    Mec_Decomp                               0x080030fd   Thumb Code    10  mec.o(i.Mec_Decomp)
    Mec_Init                                 0x0800310d   Thumb Code    40  mec.o(i.Mec_Init)
    Mec_Synthe                               0x0800313d   Thumb Code    10  mec.o(i.Mec_Synthe)
    Mecanum_Config                           0x0800314d   Thumb Code    42  mecanum.o(i.Mecanum_Config)
    Mecanum_Decomp                           0x08003177   Thumb Code   142  mecanum.o(i.Mecanum_Decomp)
    Mecanum_Synthe                           0x08003205   Thumb Code   114  mecanum.o(i.Mecanum_Synthe)
    MemManage_Handler                        0x08003277   Thumb Code     2  stm32f4xx_it.o(i.MemManage_Handler)
    Motor_Process                            0x08003279   Thumb Code   286  can.o(i.Motor_Process)
    Motor_Ready                              0x080033b9   Thumb Code    14  can.o(i.Motor_Ready)
    Motor_Reset                              0x080033c7   Thumb Code     6  can.o(i.Motor_Reset)
    Msg_Pop                                  0x080033cd   Thumb Code   118  msg.o(i.Msg_Pop)
    Msg_Push                                 0x08003443   Thumb Code    74  msg.o(i.Msg_Push)
    NMI_Handler                              0x0800348d   Thumb Code     2  stm32f4xx_it.o(i.NMI_Handler)
    NVIC_Config                              0x0800348f   Thumb Code    28  stm32util.o(i.NVIC_Config)
    NVIC_Init                                0x080034ad   Thumb Code    96  misc.o(i.NVIC_Init)
    NVIC_PriorityGroupConfig                 0x08003511   Thumb Code    10  misc.o(i.NVIC_PriorityGroupConfig)
    Odo_Init                                 0x08003525   Thumb Code    28  odo.o(i.Odo_Init)
    Odo_Proc                                 0x0800354d   Thumb Code   268  odo.o(i.Odo_Proc)
    PID_Calc                                 0x08003681   Thumb Code   278  pid.o(i.PID_Calc)
    PID_Config                               0x0800379d   Thumb Code     6  pid.o(i.PID_Config)
    PID_Reset                                0x080037a5   Thumb Code    30  pid.o(i.PID_Reset)
    PWM_Bind                                 0x080037c9   Thumb Code  5436  stm32util.o(i.PWM_Bind)
    PendSV_Handler                           0x08004d0d   Thumb Code     2  stm32f4xx_it.o(i.PendSV_Handler)
    Pwm_Config                               0x08004d11   Thumb Code    66  pwm.o(i.Pwm_Config)
    RCC_AHB1PeriphClockCmd                   0x08004d5d   Thumb Code    18  stm32f4xx_rcc.o(i.RCC_AHB1PeriphClockCmd)
    RCC_APB1PeriphClockCmd                   0x08004d75   Thumb Code    18  stm32f4xx_rcc.o(i.RCC_APB1PeriphClockCmd)
    RCC_APB2PeriphClockCmd                   0x08004d8d   Thumb Code    18  stm32f4xx_rcc.o(i.RCC_APB2PeriphClockCmd)
    RCC_GetClocksFreq                        0x08004da5   Thumb Code   132  stm32f4xx_rcc.o(i.RCC_GetClocksFreq)
    Rcf_Init                                 0x08004e39   Thumb Code    40  rcf.o(i.Rcf_Init)
    Rcf_Proc                                 0x08004e61   Thumb Code    64  rcf.o(i.Rcf_Proc)
    Rci_Init                                 0x08004ea1   Thumb Code     6  rci.o(i.Rci_Init)
    Rci_PreProc                              0x08004ead   Thumb Code     8  rci.o(i.Rci_PreProc)
    Rci_Proc                                 0x08004eb9   Thumb Code    18  rci.o(i.Rci_Proc)
    Rci_Sw                                   0x08004ecd   Thumb Code    12  rci.o(i.Rci_Sw)
    Rcp_Dec                                  0x08004edd   Thumb Code    78  rcp.o(i.Rcp_Dec)
    Rcp_Init                                 0x08004f2d   Thumb Code    38  rcp.o(i.Rcp_Init)
    RcvCallback                              0x08004f53   Thumb Code     4  rcv_srv.o(i.RcvCallback)
    Rcv_Config                               0x08004f59   Thumb Code   126  rcv.o(i.Rcv_Config)
    Rcv_Proc                                 0x08004fed   Thumb Code    28  dci.o(i.Rcv_Proc)
    Rmp_Calc                                 0x0800500d   Thumb Code    40  rmp.o(i.Rmp_Calc)
    Rmp_Config                               0x08005035   Thumb Code     4  rmp.o(i.Rmp_Config)
    Rmp_Reset                                0x08005055   Thumb Code     6  rmp.o(i.Rmp_Reset)
    SR04Callback                             0x0800505b   Thumb Code     4  ext_srv.o(i.SR04Callback)
    SR04_Bind                                0x08005061   Thumb Code    28  sr04.o(i.SR04_Bind)
    SR04_Config                              0x08005081   Thumb Code    24  sr04.o(i.SR04_Config)
    SVC_Handler                              0x08005119   Thumb Code     2  stm32f4xx_it.o(i.SVC_Handler)
    SYSCFG_EXTILineConfig                    0x0800511d   Thumb Code    42  stm32f4xx_syscfg.o(i.SYSCFG_EXTILineConfig)
    Sch_Arrange                              0x0800514d   Thumb Code    58  sch.o(i.Sch_Arrange)
    Sch_Init                                 0x0800518d   Thumb Code    20  sch.o(i.Sch_Init)
    Sch_Proc                                 0x080051a5   Thumb Code    42  sch.o(i.Sch_Proc)
    Sr04_Proc                                0x080052a5   Thumb Code   102  srs.o(i.Sr04_Proc)
    Srs_Init                                 0x08005315   Thumb Code    36  srs.o(i.Srs_Init)
    Srs_Proc                                 0x08005341   Thumb Code   264  srs.o(i.Srs_Proc)
    SyncTimCallback                          0x08005455   Thumb Code     4  tim_srv.o(i.SyncTimCallback)
    SyncTim_Config                           0x08005459   Thumb Code    38  tim.o(i.SyncTim_Config)
    SyncTim_Start                            0x08005485   Thumb Code    34  tim.o(i.SyncTim_Start)
    SystemInit                               0x080054ad   Thumb Code    74  system_stm32f4xx.o(i.SystemInit)
    TIM2_IRQHandler                          0x08005509   Thumb Code    42  tim.o(i.TIM2_IRQHandler)
    TIM6_DAC_IRQHandler                      0x08005535   Thumb Code    42  tim.o(i.TIM6_DAC_IRQHandler)
    TIM_ARRPreloadConfig                     0x08005565   Thumb Code    20  stm32f4xx_tim.o(i.TIM_ARRPreloadConfig)
    TIM_ClearFlag                            0x08005579   Thumb Code     6  stm32f4xx_tim.o(i.TIM_ClearFlag)
    TIM_ClearITPendingBit                    0x0800557f   Thumb Code     6  stm32f4xx_tim.o(i.TIM_ClearITPendingBit)
    TIM_Cmd                                  0x08005585   Thumb Code    20  stm32f4xx_tim.o(i.TIM_Cmd)
    TIM_Config                               0x08005599   Thumb Code   276  stm32util.o(i.TIM_Config)
    TIM_GetITStatus                          0x080056dd   Thumb Code    24  stm32f4xx_tim.o(i.TIM_GetITStatus)
    TIM_ITConfig                             0x080056f5   Thumb Code    16  stm32f4xx_tim.o(i.TIM_ITConfig)
    TIM_OC1Init                              0x08005705   Thumb Code    88  stm32f4xx_tim.o(i.TIM_OC1Init)
    TIM_OC1PreloadConfig                     0x08005765   Thumb Code    12  stm32f4xx_tim.o(i.TIM_OC1PreloadConfig)
    TIM_OC2Init                              0x08005771   Thumb Code   120  stm32f4xx_tim.o(i.TIM_OC2Init)
    TIM_OC2PreloadConfig                     0x080057f1   Thumb Code    20  stm32f4xx_tim.o(i.TIM_OC2PreloadConfig)
    TIM_OC3Init                              0x08005805   Thumb Code   116  stm32f4xx_tim.o(i.TIM_OC3Init)
    TIM_OC3PreloadConfig                     0x08005881   Thumb Code    12  stm32f4xx_tim.o(i.TIM_OC3PreloadConfig)
    TIM_OC4Init                              0x0800588d   Thumb Code    88  stm32f4xx_tim.o(i.TIM_OC4Init)
    TIM_OC4PreloadConfig                     0x080058ed   Thumb Code    20  stm32f4xx_tim.o(i.TIM_OC4PreloadConfig)
    TIM_OC_Config                            0x08005901   Thumb Code   130  stm32util.o(i.TIM_OC_Config)
    TIM_TimeBaseInit                         0x08005985   Thumb Code    96  stm32f4xx_tim.o(i.TIM_TimeBaseInit)
    TickTimCallback                          0x08005a01   Thumb Code     2  tim_srv.o(i.TickTimCallback)
    TickTim_Config                           0x08005a03   Thumb Code    46  tim.o(i.TickTim_Config)
    TickTim_Start                            0x08005a31   Thumb Code    34  tim.o(i.TickTim_Start)
    Tim_Config                               0x08005a53   Thumb Code    14  tim.o(i.Tim_Config)
    Tim_Start                                0x08005a61   Thumb Code    14  tim.o(i.Tim_Start)
    TtyRxCallback                            0x08005a6f   Thumb Code     4  com_srv.o(i.TtyRxCallback)
    Tty_Config                               0x08005a75   Thumb Code    94  tty.o(i.Tty_Config)
    Tty_GetCh                                0x08005ae5   Thumb Code    60  tty.o(i.Tty_GetCh)
    Tty_GetRxFifoFree                        0x08005b29   Thumb Code     6  tty.o(i.Tty_GetRxFifoFree)
    Tty_GetRxFifoSize                        0x08005b35   Thumb Code     6  tty.o(i.Tty_GetRxFifoSize)
    Tty_GetRxFifoUsed                        0x08005b41   Thumb Code     6  tty.o(i.Tty_GetRxFifoUsed)
    Tty_GetTxFifoFree                        0x08005b4d   Thumb Code     6  tty.o(i.Tty_GetTxFifoFree)
    Tty_GetTxFifoSize                        0x08005b59   Thumb Code     6  tty.o(i.Tty_GetTxFifoSize)
    Tty_GetTxFifoUsed                        0x08005b65   Thumb Code     6  tty.o(i.Tty_GetTxFifoUsed)
    Tty_Print                                0x08005b71   Thumb Code    28  tty.o(i.Tty_Print)
    Tty_Proc                                 0x08005b8d   Thumb Code     6  com.o(i.Tty_Proc)
    Tty_PutCh                                0x08005b95   Thumb Code    50  tty.o(i.Tty_PutCh)
    Tty_Read                                 0x08005bd1   Thumb Code    70  tty.o(i.Tty_Read)
    Tty_ReadByte                             0x08005c21   Thumb Code    64  tty.o(i.Tty_ReadByte)
    Tty_Write                                0x08005c69   Thumb Code    70  tty.o(i.Tty_Write)
    Tty_WriteByte                            0x08005cb9   Thumb Code    58  tty.o(i.Tty_WriteByte)
    USART1_IRQHandler                        0x08005cfd   Thumb Code   104  rcv.o(i.USART1_IRQHandler)
    USART2_IRQHandler                        0x08005d71   Thumb Code   142  btm.o(i.USART2_IRQHandler)
    USART3_IRQHandler                        0x08005e09   Thumb Code   142  dbi.o(i.USART3_IRQHandler)
    USART6_IRQHandler                        0x08005ea1   Thumb Code   142  tty.o(i.USART6_IRQHandler)
    USART_Bind                               0x08005f39   Thumb Code  3544  stm32util.o(i.USART_Bind)
    USART_Cmd                                0x08006d19   Thumb Code    20  stm32f4xx_usart.o(i.USART_Cmd)
    USART_Config                             0x08006d2d   Thumb Code   366  stm32util.o(i.USART_Config)
    USART_DMACmd                             0x08006ebd   Thumb Code    16  stm32f4xx_usart.o(i.USART_DMACmd)
    USART_GetITStatus                        0x08006ecd   Thumb Code    62  stm32f4xx_usart.o(i.USART_GetITStatus)
    USART_ITConfig                           0x08006f0b   Thumb Code    48  stm32f4xx_usart.o(i.USART_ITConfig)
    USART_Init                               0x08006f3d   Thumb Code   164  stm32f4xx_usart.o(i.USART_Init)
    USART_ReceiveData                        0x08006fe9   Thumb Code     8  stm32f4xx_usart.o(i.USART_ReceiveData)
    USART_SendData                           0x08006ff1   Thumb Code     8  stm32f4xx_usart.o(i.USART_SendData)
    Upd_Init                                 0x08006ff9   Thumb Code    18  upd.o(i.Upd_Init)
    Upd_Proc                                 0x0800700b   Thumb Code    86  upd.o(i.Upd_Proc)
    Upl_Init                                 0x08007061   Thumb Code    14  upl.o(i.Upl_Init)
    Upl_Proc                                 0x08007075   Thumb Code   200  upl.o(i.Upl_Proc)
    UsageFault_Handler                       0x08007371   Thumb Code     2  stm32f4xx_it.o(i.UsageFault_Handler)
    Wdg_Feed                                 0x08007375   Thumb Code    10  wdg.o(i.Wdg_Feed)
    Wdg_HasErr                               0x08007385   Thumb Code     8  wdg.o(i.Wdg_HasErr)
    Wdg_HitErr                               0x08007391   Thumb Code    16  wdg.o(i.Wdg_HitErr)
    Wdg_Init                                 0x080073a5   Thumb Code    34  wdg.o(i.Wdg_Init)
    Wdg_IsOkay                               0x080073d1   Thumb Code    28  wdg.o(i.Wdg_IsOkay)
    Wdg_Proc                                 0x080073ed   Thumb Code    58  wdg.o(i.Wdg_Proc)
    Wsm_GetLastWs                            0x08007431   Thumb Code     6  wsm.o(i.Wsm_GetLastWs)
    Wsm_GetWs                                0x0800743d   Thumb Code     6  wsm.o(i.Wsm_GetWs)
    Wsm_Init                                 0x08007449   Thumb Code    10  wsm.o(i.Wsm_Init)
    Wsm_Proc                                 0x08007459   Thumb Code   170  wsm.o(i.Wsm_Proc)
    ZGyro_Process                            0x08007509   Thumb Code   126  can.o(i.ZGyro_Process)
    ZGyro_Ready                              0x08007595   Thumb Code    14  can.o(i.ZGyro_Ready)
    ZGyro_Reset                              0x080075a3   Thumb Code     6  can.o(i.ZGyro_Reset)
    __scatterload_copy                       0x080075a9   Thumb Code    14  handlers.o(i.__scatterload_copy)
    __scatterload_null                       0x080075b7   Thumb Code     2  handlers.o(i.__scatterload_null)
    __scatterload_zeroinit                   0x080075b9   Thumb Code    14  handlers.o(i.__scatterload_zeroinit)
    constrain                                0x080075c7   Thumb Code    32  fun.o(i.constrain)
    main                                     0x08007605   Thumb Code    38  main.o(i.main)
    malloc                                   0x0800762d   Thumb Code    92  malloc.o(i.malloc)
    map                                      0x08007699   Thumb Code    56  fun.o(i.map)
    msg_head_vrc                             0x08007b30   Data           4  msg.o(.constdata)
    msg_head_vhc                             0x08007b34   Data           4  msg.o(.constdata)
    msg_head_vdbus                           0x08007b38   Data           4  msg.o(.constdata)
    msg_head_vcbus                           0x08007b3c   Data           4  msg.o(.constdata)
    msg_head_zgyro                           0x08007b40   Data           4  msg.o(.constdata)
    msg_head_kylin                           0x08007b44   Data           4  msg.o(.constdata)
    msg_head_pos_calib                       0x08007b48   Data           4  msg.o(.constdata)
    msg_head_sr04s                           0x08007b4c   Data           4  msg.o(.constdata)
    sr04                                     0x08007b50   Data          16  sr04.o(.constdata)
    tty                                      0x08007b60   Data          52  tty.o(.constdata)
    Region$$Table$$Base                      0x08007b94   Number         0  anon$$obj.o(Region$$Table)
    Region$$Table$$Limit                     0x08007bb4   Number         0  anon$$obj.o(Region$$Table)
    cfg_sync_flag                            0x20000014   Data           1  cfg.o(.data)
    cfg                                      0x20000015   Data         242  cfg.o(.data)
    CM1SpeedRmp                              0x2000011c   Data           8  ctl.o(.data)
    CM2SpeedRmp                              0x20000124   Data           8  ctl.o(.data)
    CM3SpeedRmp                              0x2000012c   Data           8  ctl.o(.data)
    CM4SpeedRmp                              0x20000134   Data           8  ctl.o(.data)
    GMESpeedRmp                              0x2000013c   Data           8  ctl.o(.data)
    GMCSpeedRmp                              0x20000144   Data           8  ctl.o(.data)
    _in                                      0x20000150   Data           4  ios.o(.data)
    _out                                     0x20000154   Data           4  ios.o(.data)
    __microlib_freelist                      0x200001d4   Data           4  mvars.o(.data)
    __microlib_freelist_initialised          0x200001d8   Data           4  mvars.o(.data)
    zgyro                                    0x200001f8   Data          44  can.o(.bss)
    motor                                    0x20000224   Data         672  can.o(.bss)
    cmd                                      0x200004c4   Data          76  cmd.o(.bss)
    ctl                                      0x20000510   Data          52  ctl.o(.bss)
    CM1AnglePID                              0x20000544   Data          60  ctl.o(.bss)
    CM1SpeedPID                              0x20000580   Data          60  ctl.o(.bss)
    CM2AnglePID                              0x200005bc   Data          60  ctl.o(.bss)
    CM2SpeedPID                              0x200005f8   Data          60  ctl.o(.bss)
    CM3AnglePID                              0x20000634   Data          60  ctl.o(.bss)
    CM3SpeedPID                              0x20000670   Data          60  ctl.o(.bss)
    CM4AnglePID                              0x200006ac   Data          60  ctl.o(.bss)
    CM4SpeedPID                              0x200006e8   Data          60  ctl.o(.bss)
    GMEAnglePID                              0x20000724   Data          60  ctl.o(.bss)
    GMESpeedPID                              0x20000760   Data          60  ctl.o(.bss)
    dbus                                     0x2000079c   Data          22  dci.o(.bss)
    odo                                      0x20000b30   Data         100  odo.o(.bss)
    srs                                      0x20000ba4   Data          64  srs.o(.bss)
    extiHandlers                             0x200012c4   Data          64  stm32util.o(.bss)
    __heap_base                              0x20001530   Data           0  startup_stm32f427xx.o(HEAP)
    __heap_limit                             0x20002530   Data           0  startup_stm32f427xx.o(HEAP)
    __initial_sp                             0x20002930   Data           0  startup_stm32f427xx.o(STACK)



==============================================================================

Memory Map of the image

  Image Entry point : 0x080001ad

  Load Region LR_IROM1 (Base: 0x08000000, Size: 0x00007d90, Max: 0x00200000, ABSOLUTE, COMPRESSED[0x00007c28])

    Execution Region ER_IROM1 (Base: 0x08000000, Size: 0x00007bb4, Max: 0x00200000, ABSOLUTE)

    Base Addr    Size         Type   Attr      Idx    E Section Name        Object

    0x08000000   0x000001ac   Data   RO         9263    RESET               startup_stm32f427xx.o
    0x080001ac   0x00000000   Code   RO         9306  * .ARM.Collect$$$$00000000  mc_w.l(entry.o)
    0x080001ac   0x00000004   Code   RO         9392    .ARM.Collect$$$$00000001  mc_w.l(entry2.o)
    0x080001b0   0x00000004   Code   RO         9395    .ARM.Collect$$$$00000004  mc_w.l(entry5.o)
    0x080001b4   0x00000000   Code   RO         9397    .ARM.Collect$$$$00000008  mc_w.l(entry7b.o)
    0x080001b4   0x00000000   Code   RO         9399    .ARM.Collect$$$$0000000A  mc_w.l(entry8b.o)
    0x080001b4   0x00000008   Code   RO         9400    .ARM.Collect$$$$0000000B  mc_w.l(entry9a.o)
    0x080001bc   0x00000000   Code   RO         9402    .ARM.Collect$$$$0000000D  mc_w.l(entry10a.o)
    0x080001bc   0x00000000   Code   RO         9404    .ARM.Collect$$$$0000000F  mc_w.l(entry11a.o)
    0x080001bc   0x00000004   Code   RO         9393    .ARM.Collect$$$$00002712  mc_w.l(entry2.o)
    0x080001c0   0x00000024   Code   RO         9264    .text               startup_stm32f427xx.o
    0x080001e4   0x00000024   Code   RO         9309    .text               mc_w.l(memcpya.o)
    0x08000208   0x00000024   Code   RO         9311    .text               mc_w.l(memseta.o)
    0x0800022c   0x0000000e   Code   RO         9313    .text               mc_w.l(strlen.o)
    0x0800023a   0x00000002   PAD
    0x0800023c   0x00000024   Code   RO         9428    .text               mc_w.l(init.o)
    0x08000260   0x00000056   Code   RO         9444    .text               mc_w.l(__dczerorl2.o)
    0x080002b6   0x00000002   PAD
    0x080002b8   0x00000038   Code   RO          508    i.Act_Init          act.o
    0x080002f0   0x00000088   Code   RO          509    i.Act_Proc          act.o
    0x08000378   0x0000002e   Code   RO          538    i.App_Init          app.o
    0x080003a6   0x00000016   Code   RO          539    i.App_Proc          app.o
    0x080003bc   0x0000004c   Code   RO         2923    i.Bsp_Config        bsp.o
    0x08000408   0x00000004   Code   RO         2788    i.BtmRxCallback     com_srv.o
    0x0800040c   0x00000070   Code   RO         2947    i.Btm_Config        btm.o
    0x0800047c   0x00000006   Code   RO          941    i.Btm_Proc          com.o
    0x08000482   0x00000002   PAD
    0x08000484   0x0000003c   Code   RO         2956    i.Btm_PutCh         btm.o
    0x080004c0   0x0000000c   Code   RO         3062    i.Btn_Config        btn.o
    0x080004cc   0x00000002   Code   RO          361    i.BusFault_Handler  stm32f4xx_it.o
    0x080004ce   0x00000002   PAD
    0x080004d0   0x00000044   Code   RO         3086    i.CAN1_RX0_IRQHandler  can1.o
    0x08000514   0x00000024   Code   RO         3087    i.CAN1_TX_IRQHandler  can1.o
    0x08000538   0x00000044   Code   RO         3134    i.CAN2_RX0_IRQHandler  can2.o
    0x0800057c   0x00000024   Code   RO         3135    i.CAN2_TX_IRQHandler  can2.o
    0x080005a0   0x00000030   Code   RO         4402    i.CAN_ClearFlag     stm32f4xx_can.o
    0x080005d0   0x00000078   Code   RO         4403    i.CAN_ClearITPendingBit  stm32f4xx_can.o
    0x08000648   0x0000006c   Code   RO         3497    i.CAN_Config        stm32util.o
    0x080006b4   0x000000cc   Code   RO         4407    i.CAN_FilterInit    stm32f4xx_can.o
    0x08000780   0x00000036   Code   RO         3498    i.CAN_Filter_Config  stm32util.o
    0x080007b6   0x00000002   PAD
    0x080007b8   0x000000a8   Code   RO         4409    i.CAN_GetITStatus   stm32f4xx_can.o
    0x08000860   0x00000010   Code   RO         4413    i.CAN_ITConfig      stm32f4xx_can.o
    0x08000870   0x000000e8   Code   RO         4414    i.CAN_Init          stm32f4xx_can.o
    0x08000958   0x00000090   Code   RO         4417    i.CAN_Receive       stm32f4xx_can.o
    0x080009e8   0x000000a4   Code   RO         4422    i.CAN_Transmit      stm32f4xx_can.o
    0x08000a8c   0x00000006   Code   RO         1899    i.CBUS_Init         cbus.o
    0x08000a92   0x0000004e   Code   RO         3963    i.CM_Cmd            motor.o
    0x08000ae0   0x00000022   Code   RO         1911    i.CRC16Append       crc16.o
    0x08000b02   0x00000002   PAD
    0x08000b04   0x00000030   Code   RO         1912    i.CRC16Calc         crc16.o
    0x08000b34   0x00000030   Code   RO         1913    i.CRC16Check        crc16.o
    0x08000b64   0x0000001c   Code   RO          572    i.Cal_Init          cal.o
    0x08000b80   0x00000010   Code   RO          573    i.Cal_IsDone        cal.o
    0x08000b90   0x000000ec   Code   RO          574    i.Cal_Proc          cal.o
    0x08000c7c   0x00000044   Code   RO          576    i.Cal_SetGph        cal.o
    0x08000cc0   0x00000044   Code   RO          577    i.Cal_SetGpl        cal.o
    0x08000d04   0x00000004   Code   RO         2767    i.Can1RxCallback    can_srv.o
    0x08000d08   0x00000070   Code   RO         3088    i.Can1_Config       can1.o
    0x08000d78   0x00000004   Code   RO         2768    i.Can2RxCallback    can_srv.o
    0x08000d7c   0x00000074   Code   RO         3136    i.Can2_Config       can2.o
    0x08000df0   0x0000002c   Code   RO          648    i.Can_Init          can.o
    0x08000e1c   0x000000b4   Code   RO          649    i.Can_Proc          can.o
    0x08000ed0   0x00000012   Code   RO          715    i.Cci_Proc          cci.o
    0x08000ee2   0x00000002   PAD
    0x08000ee4   0x0000000c   Code   RO          761    i.Cfg_GetFlag       cfg.o
    0x08000ef0   0x00000104   Code   RO          763    i.Cfg_Init          cfg.o
    0x08000ff4   0x00000014   Code   RO          764    i.Cfg_IsSynced      cfg.o
    0x08001008   0x00000006   Code   RO          765    i.Cfg_Load          cfg.o
    0x0800100e   0x00000002   PAD
    0x08001010   0x0000001c   Code   RO          766    i.Cfg_Proc          cfg.o
    0x0800102c   0x00000006   Code   RO          768    i.Cfg_Save          cfg.o
    0x08001032   0x00000002   PAD
    0x08001034   0x00000100   Code   RO          993    i.ChassisStateCtl   ctl.o
    0x08001134   0x0000000c   Code   RO         4425    i.CheckITStatus     stm32f4xx_can.o
    0x08001140   0x00000008   Code   RO          857    i.Clk_GetUsTick     clk.o
    0x08001148   0x00000014   Code   RO          858    i.Clk_Init          clk.o
    0x0800115c   0x0000000c   Code   RO          905    i.Cmd_Init          cmd.o
    0x08001168   0x0000013c   Code   RO          906    i.Cmd_Proc          cmd.o
    0x080012a4   0x0000000e   Code   RO          942    i.Com_Init          com.o
    0x080012b2   0x00000002   PAD
    0x080012b4   0x00000064   Code   RO          994    i.Cpl_Init          ctl.o
    0x08001318   0x000000a0   Code   RO          995    i.Ctl_Init          ctl.o
    0x080013b8   0x0000002c   Code   RO          996    i.Ctl_Proc          ctl.o
    0x080013e4   0x00000064   Code   RO          997    i.Cvl_Init          ctl.o
    0x08001448   0x00000018   Code   RO         1955    i.DBUS_Dec          dbus.o
    0x08001460   0x00000014   Code   RO         1957    i.DBUS_Init         dbus.o
    0x08001474   0x00000014   Code   RO         5197    i.DMA_Cmd           stm32f4xx_dma.o
    0x08001488   0x0000006c   Code   RO         3499    i.DMA_Config        stm32util.o
    0x080014f4   0x00000014   Code   RO         5199    i.DMA_DoubleBufferModeCmd  stm32f4xx_dma.o
    0x08001508   0x00000016   Code   RO         5200    i.DMA_DoubleBufferModeConfig  stm32f4xx_dma.o
    0x0800151e   0x00000006   Code   RO         5203    i.DMA_GetCurrDataCounter  stm32f4xx_dma.o
    0x08001524   0x0000000e   Code   RO         5204    i.DMA_GetCurrentMemoryTarget  stm32f4xx_dma.o
    0x08001532   0x00000002   PAD
    0x08001534   0x00000054   Code   RO         5209    i.DMA_Init          stm32f4xx_dma.o
    0x08001588   0x00000004   Code   RO         2789    i.DbiRxCallback     com_srv.o
    0x0800158c   0x00000070   Code   RO         3182    i.Dbi_Config        dbi.o
    0x080015fc   0x00000044   Code   RO         3183    i.Dbi_GetCh         dbi.o
    0x08001640   0x00000006   Code   RO          944    i.Dbi_Proc          com.o
    0x08001646   0x00000002   PAD
    0x08001648   0x0000003c   Code   RO         3191    i.Dbi_PutCh         dbi.o
    0x08001684   0x00000018   Code   RO         1071    i.Dci_Init          dci.o
    0x0800169c   0x00000048   Code   RO         1072    i.Dci_Proc          dci.o
    0x080016e4   0x00000002   Code   RO          362    i.DebugMon_Handler  stm32f4xx_it.o
    0x080016e6   0x00000002   PAD
    0x080016e8   0x00000020   Code   RO         1113    i.Dnl_Init          dnl.o
    0x08001708   0x0000016c   Code   RO         1114    i.Dnl_Proc          dnl.o
    0x08001874   0x00000030   Code   RO         3500    i.EXTI0_IRQHandler  stm32util.o
    0x080018a4   0x000000d4   Code   RO         3501    i.EXTI15_10_IRQHandler  stm32util.o
    0x08001978   0x00000030   Code   RO         3502    i.EXTI1_IRQHandler  stm32util.o
    0x080019a8   0x00000030   Code   RO         3503    i.EXTI2_IRQHandler  stm32util.o
    0x080019d8   0x00000030   Code   RO         3504    i.EXTI3_IRQHandler  stm32util.o
    0x08001a08   0x00000030   Code   RO         3505    i.EXTI4_IRQHandler  stm32util.o
    0x08001a38   0x000000a8   Code   RO         3506    i.EXTI9_5_IRQHandler  stm32util.o
    0x08001ae0   0x0000011c   Code   RO         3507    i.EXTI_Bind         stm32util.o
    0x08001bfc   0x0000000c   Code   RO         5483    i.EXTI_ClearFlag    stm32f4xx_exti.o
    0x08001c08   0x0000000c   Code   RO         5484    i.EXTI_ClearITPendingBit  stm32f4xx_exti.o
    0x08001c14   0x00000028   Code   RO         3508    i.EXTI_Config       stm32util.o
    0x08001c3c   0x00000014   Code   RO         5488    i.EXTI_GetITStatus  stm32f4xx_exti.o
    0x08001c50   0x00000070   Code   RO         5489    i.EXTI_Init         stm32f4xx_exti.o
    0x08001cc0   0x00000010   Code   RO         3509    i.EXTI_SetHandler   stm32util.o
    0x08001cd0   0x00000008   Code   RO         1981    i.Ekf_Init          ekf.o
    0x08001cd8   0x0000004a   Code   RO         1982    i.Ekf_Proc          ekf.o
    0x08001d22   0x00000002   PAD
    0x08001d24   0x0000001c   Code   RO         1983    i.Ekf_Reset         ekf.o
    0x08001d40   0x00000016   Code   RO         2080    i.FIFO_Flush        fifo.o
    0x08001d56   0x00000008   Code   RO         2081    i.FIFO_GetFree      fifo.o
    0x08001d5e   0x00000004   Code   RO         2082    i.FIFO_GetSize      fifo.o
    0x08001d62   0x00000004   Code   RO         2083    i.FIFO_GetUsed      fifo.o
    0x08001d66   0x00000008   Code   RO         2084    i.FIFO_Init         fifo.o
    0x08001d6e   0x0000000c   Code   RO         2085    i.FIFO_IsEmpty      fifo.o
    0x08001d7a   0x00000010   Code   RO         2086    i.FIFO_IsFull       fifo.o
    0x08001d8a   0x00000028   Code   RO         2087    i.FIFO_Peek         fifo.o
    0x08001db2   0x00000034   Code   RO         2088    i.FIFO_Pop          fifo.o
    0x08001de6   0x0000003a   Code   RO         2089    i.FIFO_Push         fifo.o
    0x08001e20   0x0000001c   Code   RO         5550    i.FLASH_DataCacheCmd  stm32f4xx_flash.o
    0x08001e3c   0x0000006c   Code   RO         5555    i.FLASH_EraseSector  stm32f4xx_flash.o
    0x08001ea8   0x0000003c   Code   RO         5557    i.FLASH_GetStatus   stm32f4xx_flash.o
    0x08001ee4   0x00000010   Code   RO         5561    i.FLASH_Lock        stm32f4xx_flash.o
    0x08001ef4   0x00000038   Code   RO         5582    i.FLASH_ProgramByte  stm32f4xx_flash.o
    0x08001f2c   0x00000024   Code   RO         5587    i.FLASH_Unlock      stm32f4xx_flash.o
    0x08001f50   0x0000001e   Code   RO         5588    i.FLASH_WaitForLastOperation  stm32f4xx_flash.o
    0x08001f6e   0x00000004   Code   RO         1556    i.FS_Cpy            sys.o
    0x08001f72   0x00000004   Code   RO         1557    i.FS_Det            sys.o
    0x08001f76   0x00000026   Code   RO         2157    i.Flag_Cpy          fun.o
    0x08001f9c   0x0000000e   Code   RO         2158    i.Flag_Det          fun.o
    0x08001faa   0x00000006   Code   RO         2159    i.Flag_Get          fun.o
    0x08001fb0   0x00000008   Code   RO         2161    i.Flag_Set          fun.o
    0x08001fb8   0x000000a0   Code   RO         3928    i.Flash_GetSector   flash.o
    0x08002058   0x00000016   Code   RO         3929    i.Flash_Read        flash.o
    0x0800206e   0x00000002   PAD
    0x08002070   0x00000080   Code   RO         3930    i.Flash_Write       flash.o
    0x080020f0   0x00000010   Code   RO         1149    i.Fos_Read          fos.o
    0x08002100   0x00000010   Code   RO         1150    i.Fos_Write         fos.o
    0x08002110   0x00000048   Code   RO         3964    i.GM_Cmd            motor.o
    0x08002158   0x00000028   Code   RO         3511    i.GPIO_AF           stm32util.o
    0x08002180   0x00000118   Code   RO         3512    i.GPIO_Config       stm32util.o
    0x08002298   0x00000010   Code   RO         3516    i.GPIO_In           stm32util.o
    0x080022a8   0x000000a2   Code   RO         6069    i.GPIO_Init         stm32f4xx_gpio.o
    0x0800234a   0x00000012   Code   RO         3517    i.GPIO_Out          stm32util.o
    0x0800235c   0x00000020   Code   RO         6070    i.GPIO_PinAFConfig  stm32f4xx_gpio.o
    0x0800237c   0x0000000e   Code   RO         6073    i.GPIO_ReadInputDataBit  stm32f4xx_gpio.o
    0x0800238a   0x0000000e   Code   RO         6075    i.GPIO_ReadOutputDataBit  stm32f4xx_gpio.o
    0x08002398   0x00000004   Code   RO         6076    i.GPIO_ResetBits    stm32f4xx_gpio.o
    0x0800239c   0x00000004   Code   RO         6077    i.GPIO_SetBits      stm32f4xx_gpio.o
    0x080023a0   0x00000008   Code   RO         6079    i.GPIO_ToggleBits   stm32f4xx_gpio.o
    0x080023a8   0x000002a0   Code   RO          716    i.GetChassisStateRef  cci.o
    0x08002648   0x000000f8   Code   RO         1179    i.GetChassisStateRef  hci.o
    0x08002740   0x000000c4   Code   RO         1454    i.GetChassisStateRef  rci.o
    0x08002804   0x0000007c   Code   RO         1412    i.GetFunctionalStateFdb  odo.o
    0x08002880   0x00000238   Code   RO          717    i.GetGrabberStateRef  cci.o
    0x08002ab8   0x00000100   Code   RO         1180    i.GetGrabberStateRef  hci.o
    0x08002bb8   0x000000f0   Code   RO         1455    i.GetGrabberStateRef  rci.o
    0x08002ca8   0x00000064   Code   RO          998    i.Gpl_Init          ctl.o
    0x08002d0c   0x00000088   Code   RO          999    i.GrabberStateCtl   ctl.o
    0x08002d94   0x00000064   Code   RO         1000    i.Gvl_Init          ctl.o
    0x08002df8   0x00000002   Code   RO          363    i.HardFault_Handler  stm32f4xx_it.o
    0x08002dfa   0x00000002   PAD
    0x08002dfc   0x00000026   Code   RO         2262    i.Hcf_Init          hcf.o
    0x08002e22   0x00000040   Code   RO         2263    i.Hcf_Proc          hcf.o
    0x08002e62   0x00000002   PAD
    0x08002e64   0x00000034   Code   RO         1181    i.Hci_Init          hci.o
    0x08002e98   0x00000010   Code   RO         1182    i.Hci_MouseBtn      hci.o
    0x08002ea8   0x0000000c   Code   RO         1183    i.Hci_PreProc       hci.o
    0x08002eb4   0x00000018   Code   RO         1184    i.Hci_Proc          hci.o
    0x08002ecc   0x0000001e   Code   RO         2280    i.Hcp_Dec           hcp.o
    0x08002eea   0x0000001c   Code   RO         2282    i.Hcp_Init          hcp.o
    0x08002f06   0x00000002   PAD
    0x08002f08   0x0000000c   Code   RO         1232    i.Ini_Init          ini.o
    0x08002f14   0x00000018   Code   RO         1233    i.Ini_IsDone        ini.o
    0x08002f2c   0x00000090   Code   RO         1234    i.Ini_Proc          ini.o
    0x08002fbc   0x00000004   Code   RO         1282    i.Ios_GetCh         ios.o
    0x08002fc0   0x0000001c   Code   RO         1283    i.Ios_Init          ios.o
    0x08002fdc   0x00000012   Code   RO         1284    i.Ios_PutCh         ios.o
    0x08002fee   0x00000002   PAD
    0x08002ff0   0x00000010   Code   RO         1287    i.Ios_SetIn         ios.o
    0x08003000   0x00000010   Code   RO         1288    i.Ios_SetOut        ios.o
    0x08003010   0x00000028   Code   RO          430    i.KOS_Boot          kos.o
    0x08003038   0x00000018   Code   RO         3297    i.Key_Config        key.o
    0x08003050   0x00000030   Code   RO         3327    i.Led_Config        led.o
    0x08003080   0x00000008   Code   RO         2486    i.Maf_Init          maf.o
    0x08003088   0x00000042   Code   RO         2488    i.Maf_Proc          maf.o
    0x080030ca   0x00000002   PAD
    0x080030cc   0x00000030   Code   RO         2489    i.Maf_Reset         maf.o
    0x080030fc   0x00000010   Code   RO         1369    i.Mec_Decomp        mec.o
    0x0800310c   0x00000030   Code   RO         1370    i.Mec_Init          mec.o
    0x0800313c   0x00000010   Code   RO         1371    i.Mec_Synthe        mec.o
    0x0800314c   0x0000002a   Code   RO         2526    i.Mecanum_Config    mecanum.o
    0x08003176   0x0000008e   Code   RO         2527    i.Mecanum_Decomp    mecanum.o
    0x08003204   0x00000072   Code   RO         2528    i.Mecanum_Synthe    mecanum.o
    0x08003276   0x00000002   Code   RO          364    i.MemManage_Handler  stm32f4xx_it.o
    0x08003278   0x00000140   Code   RO          651    i.Motor_Process     can.o
    0x080033b8   0x0000000e   Code   RO          652    i.Motor_Ready       can.o
    0x080033c6   0x00000006   Code   RO          653    i.Motor_Reset       can.o
    0x080033cc   0x00000076   Code   RO         2550    i.Msg_Pop           msg.o
    0x08003442   0x0000004a   Code   RO         2551    i.Msg_Push          msg.o
    0x0800348c   0x00000002   Code   RO          365    i.NMI_Handler       stm32f4xx_it.o
    0x0800348e   0x0000001c   Code   RO         3524    i.NVIC_Config       stm32util.o
    0x080034aa   0x00000002   PAD
    0x080034ac   0x00000064   Code   RO         4104    i.NVIC_Init         misc.o
    0x08003510   0x00000014   Code   RO         4105    i.NVIC_PriorityGroupConfig  misc.o
    0x08003524   0x00000028   Code   RO         1413    i.Odo_Init          odo.o
    0x0800354c   0x00000134   Code   RO         1414    i.Odo_Proc          odo.o
    0x08003680   0x0000011c   Code   RO         2593    i.PID_Calc          pid.o
    0x0800379c   0x00000006   Code   RO         2594    i.PID_Config        pid.o
    0x080037a2   0x00000002   PAD
    0x080037a4   0x00000024   Code   RO         2595    i.PID_Reset         pid.o
    0x080037c8   0x00001544   Code   RO         3525    i.PWM_Bind          stm32util.o
    0x08004d0c   0x00000002   Code   RO          366    i.PendSV_Handler    stm32f4xx_it.o
    0x08004d0e   0x00000002   PAD
    0x08004d10   0x0000004c   Code   RO         3388    i.Pwm_Config        pwm.o
    0x08004d5c   0x00000018   Code   RO         7016    i.RCC_AHB1PeriphClockCmd  stm32f4xx_rcc.o
    0x08004d74   0x00000018   Code   RO         7025    i.RCC_APB1PeriphClockCmd  stm32f4xx_rcc.o
    0x08004d8c   0x00000018   Code   RO         7028    i.RCC_APB2PeriphClockCmd  stm32f4xx_rcc.o
    0x08004da4   0x00000094   Code   RO         7037    i.RCC_GetClocksFreq  stm32f4xx_rcc.o
    0x08004e38   0x00000028   Code   RO         2617    i.Rcf_Init          rcf.o
    0x08004e60   0x00000040   Code   RO         2618    i.Rcf_Proc          rcf.o
    0x08004ea0   0x0000000c   Code   RO         1456    i.Rci_Init          rci.o
    0x08004eac   0x0000000c   Code   RO         1458    i.Rci_PreProc       rci.o
    0x08004eb8   0x00000012   Code   RO         1459    i.Rci_Proc          rci.o
    0x08004eca   0x00000002   PAD
    0x08004ecc   0x00000010   Code   RO         1460    i.Rci_Sw            rci.o
    0x08004edc   0x0000004e   Code   RO         2635    i.Rcp_Dec           rcp.o
    0x08004f2a   0x00000002   PAD
    0x08004f2c   0x00000026   Code   RO         2637    i.Rcp_Init          rcp.o
    0x08004f52   0x00000004   Code   RO         2848    i.RcvCallback       rcv_srv.o
    0x08004f56   0x00000002   PAD
    0x08004f58   0x00000094   Code   RO         3412    i.Rcv_Config        rcv.o
    0x08004fec   0x00000020   Code   RO         1073    i.Rcv_Proc          dci.o
    0x0800500c   0x00000028   Code   RO         2659    i.Rmp_Calc          rmp.o
    0x08005034   0x00000004   Code   RO         2660    i.Rmp_Config        rmp.o
    0x08005038   0x0000001c   Code   RO         1001    i.Rmp_Init          ctl.o
    0x08005054   0x00000006   Code   RO         2662    i.Rmp_Reset         rmp.o
    0x0800505a   0x00000004   Code   RO         2824    i.SR04Callback      ext_srv.o
    0x0800505e   0x00000002   PAD
    0x08005060   0x00000020   Code   RO         3456    i.SR04_Bind         sr04.o
    0x08005080   0x0000001c   Code   RO         3457    i.SR04_Config       sr04.o
    0x0800509c   0x0000007c   Code   RO         3458    i.SR04_IRQHandler   sr04.o
    0x08005118   0x00000002   Code   RO          367    i.SVC_Handler       stm32f4xx_it.o
    0x0800511a   0x00000002   PAD
    0x0800511c   0x00000030   Code   RO         8354    i.SYSCFG_EXTILineConfig  stm32f4xx_syscfg.o
    0x0800514c   0x00000040   Code   RO          457    i.Sch_Arrange       sch.o
    0x0800518c   0x00000018   Code   RO          459    i.Sch_Init          sch.o
    0x080051a4   0x00000030   Code   RO          460    i.Sch_Proc          sch.o
    0x080051d4   0x000000d0   Code   RO         9223    i.SetSysClock       system_stm32f4xx.o
    0x080052a4   0x00000070   Code   RO         1514    i.Sr04_Proc         srs.o
    0x08005314   0x0000002c   Code   RO         1515    i.Srs_Init          srs.o
    0x08005340   0x00000114   Code   RO         1516    i.Srs_Proc          srs.o
    0x08005454   0x00000004   Code   RO         2890    i.SyncTimCallback   tim_srv.o
    0x08005458   0x0000002c   Code   RO         3715    i.SyncTim_Config    tim.o
    0x08005484   0x00000028   Code   RO         3716    i.SyncTim_Start     tim.o
    0x080054ac   0x0000005c   Code   RO         9225    i.SystemInit        system_stm32f4xx.o
    0x08005508   0x0000002a   Code   RO         3718    i.TIM2_IRQHandler   tim.o
    0x08005532   0x00000002   PAD
    0x08005534   0x00000030   Code   RO         3719    i.TIM6_DAC_IRQHandler  tim.o
    0x08005564   0x00000014   Code   RO         8413    i.TIM_ARRPreloadConfig  stm32f4xx_tim.o
    0x08005578   0x00000006   Code   RO         8419    i.TIM_ClearFlag     stm32f4xx_tim.o
    0x0800557e   0x00000006   Code   RO         8420    i.TIM_ClearITPendingBit  stm32f4xx_tim.o
    0x08005584   0x00000014   Code   RO         8425    i.TIM_Cmd           stm32f4xx_tim.o
    0x08005598   0x00000144   Code   RO         3526    i.TIM_Config        stm32util.o
    0x080056dc   0x00000018   Code   RO         8446    i.TIM_GetITStatus   stm32f4xx_tim.o
    0x080056f4   0x00000010   Code   RO         8450    i.TIM_ITConfig      stm32f4xx_tim.o
    0x08005704   0x00000060   Code   RO         8454    i.TIM_OC1Init       stm32f4xx_tim.o
    0x08005764   0x0000000c   Code   RO         8457    i.TIM_OC1PreloadConfig  stm32f4xx_tim.o
    0x08005770   0x00000080   Code   RO         8459    i.TIM_OC2Init       stm32f4xx_tim.o
    0x080057f0   0x00000014   Code   RO         8462    i.TIM_OC2PreloadConfig  stm32f4xx_tim.o
    0x08005804   0x0000007c   Code   RO         8464    i.TIM_OC3Init       stm32f4xx_tim.o
    0x08005880   0x0000000c   Code   RO         8467    i.TIM_OC3PreloadConfig  stm32f4xx_tim.o
    0x0800588c   0x00000060   Code   RO         8469    i.TIM_OC4Init       stm32f4xx_tim.o
    0x080058ec   0x00000014   Code   RO         8471    i.TIM_OC4PreloadConfig  stm32f4xx_tim.o
    0x08005900   0x00000082   Code   RO         3527    i.TIM_OC_Config     stm32util.o
    0x08005982   0x00000002   PAD
    0x08005984   0x0000007c   Code   RO         8497    i.TIM_TimeBaseInit  stm32f4xx_tim.o
    0x08005a00   0x00000002   Code   RO         2891    i.TickTimCallback   tim_srv.o
    0x08005a02   0x0000002e   Code   RO         3720    i.TickTim_Config    tim.o
    0x08005a30   0x00000022   Code   RO         3721    i.TickTim_Start     tim.o
    0x08005a52   0x0000000e   Code   RO         3723    i.Tim_Config        tim.o
    0x08005a60   0x0000000e   Code   RO         3724    i.Tim_Start         tim.o
    0x08005a6e   0x00000004   Code   RO         2790    i.TtyRxCallback     com_srv.o
    0x08005a72   0x00000002   PAD
    0x08005a74   0x00000070   Code   RO         3795    i.Tty_Config        tty.o
    0x08005ae4   0x00000044   Code   RO         3796    i.Tty_GetCh         tty.o
    0x08005b28   0x0000000c   Code   RO         3797    i.Tty_GetRxFifoFree  tty.o
    0x08005b34   0x0000000c   Code   RO         3798    i.Tty_GetRxFifoSize  tty.o
    0x08005b40   0x0000000c   Code   RO         3799    i.Tty_GetRxFifoUsed  tty.o
    0x08005b4c   0x0000000c   Code   RO         3800    i.Tty_GetTxFifoFree  tty.o
    0x08005b58   0x0000000c   Code   RO         3801    i.Tty_GetTxFifoSize  tty.o
    0x08005b64   0x0000000c   Code   RO         3802    i.Tty_GetTxFifoUsed  tty.o
    0x08005b70   0x0000001c   Code   RO         3803    i.Tty_Print         tty.o
    0x08005b8c   0x00000006   Code   RO          945    i.Tty_Proc          com.o
    0x08005b92   0x00000002   PAD
    0x08005b94   0x0000003c   Code   RO         3804    i.Tty_PutCh         tty.o
    0x08005bd0   0x00000050   Code   RO         3805    i.Tty_Read          tty.o
    0x08005c20   0x00000048   Code   RO         3806    i.Tty_ReadByte      tty.o
    0x08005c68   0x00000050   Code   RO         3807    i.Tty_Write         tty.o
    0x08005cb8   0x00000044   Code   RO         3808    i.Tty_WriteByte     tty.o
    0x08005cfc   0x00000074   Code   RO         3415    i.USART1_IRQHandler  rcv.o
    0x08005d70   0x00000098   Code   RO         2961    i.USART2_IRQHandler  btm.o
    0x08005e08   0x00000098   Code   RO         3196    i.USART3_IRQHandler  dbi.o
    0x08005ea0   0x00000098   Code   RO         3809    i.USART6_IRQHandler  tty.o
    0x08005f38   0x00000de0   Code   RO         3528    i.USART_Bind        stm32util.o
    0x08006d18   0x00000014   Code   RO         8966    i.USART_Cmd         stm32f4xx_usart.o
    0x08006d2c   0x00000190   Code   RO         3529    i.USART_Config      stm32util.o
    0x08006ebc   0x00000010   Code   RO         8967    i.USART_DMACmd      stm32f4xx_usart.o
    0x08006ecc   0x0000003e   Code   RO         8970    i.USART_GetITStatus  stm32f4xx_usart.o
    0x08006f0a   0x00000030   Code   RO         8972    i.USART_ITConfig    stm32f4xx_usart.o
    0x08006f3a   0x00000002   PAD
    0x08006f3c   0x000000ac   Code   RO         8973    i.USART_Init        stm32f4xx_usart.o
    0x08006fe8   0x00000008   Code   RO         8980    i.USART_ReceiveData  stm32f4xx_usart.o
    0x08006ff0   0x00000008   Code   RO         8983    i.USART_SendData    stm32f4xx_usart.o
    0x08006ff8   0x00000012   Code   RO         1617    i.Upd_Init          upd.o
    0x0800700a   0x00000056   Code   RO         1618    i.Upd_Proc          upd.o
    0x08007060   0x00000014   Code   RO         1647    i.Upl_Init          upl.o
    0x08007074   0x000000f0   Code   RO         1648    i.Upl_Proc          upl.o
    0x08007164   0x0000010c   Code   RO         1649    i.Upl_PushKylinMsg  upl.o
    0x08007270   0x000000d4   Code   RO         1650    i.Upl_PushPosCalib  upl.o
    0x08007344   0x0000002c   Code   RO         1651    i.Upl_SendMsg       upl.o
    0x08007370   0x00000002   Code   RO          368    i.UsageFault_Handler  stm32f4xx_it.o
    0x08007372   0x00000002   PAD
    0x08007374   0x00000010   Code   RO         1692    i.Wdg_Feed          wdg.o
    0x08007384   0x0000000c   Code   RO         1695    i.Wdg_HasErr        wdg.o
    0x08007390   0x00000014   Code   RO         1696    i.Wdg_HitErr        wdg.o
    0x080073a4   0x0000002c   Code   RO         1697    i.Wdg_Init          wdg.o
    0x080073d0   0x0000001c   Code   RO         1698    i.Wdg_IsOkay        wdg.o
    0x080073ec   0x00000044   Code   RO         1699    i.Wdg_Proc          wdg.o
    0x08007430   0x0000000c   Code   RO         1751    i.Wsm_GetLastWs     wsm.o
    0x0800743c   0x0000000c   Code   RO         1752    i.Wsm_GetWs         wsm.o
    0x08007448   0x00000010   Code   RO         1753    i.Wsm_Init          wsm.o
    0x08007458   0x000000b0   Code   RO         1754    i.Wsm_Proc          wsm.o
    0x08007508   0x0000008c   Code   RO          654    i.ZGyro_Process     can.o
    0x08007594   0x0000000e   Code   RO          655    i.ZGyro_Ready       can.o
    0x080075a2   0x00000006   Code   RO          656    i.ZGyro_Reset       can.o
    0x080075a8   0x0000000e   Code   RO         9438    i.__scatterload_copy  mc_w.l(handlers.o)
    0x080075b6   0x00000002   Code   RO         9439    i.__scatterload_null  mc_w.l(handlers.o)
    0x080075b8   0x0000000e   Code   RO         9440    i.__scatterload_zeroinit  mc_w.l(handlers.o)
    0x080075c6   0x00000020   Code   RO         2163    i.constrain         fun.o
    0x080075e6   0x00000002   PAD
    0x080075e8   0x0000001c   Code   RO          461    i.getSchTask        sch.o
    0x08007604   0x00000026   Code   RO            4    i.main              main.o
    0x0800762a   0x00000002   PAD
    0x0800762c   0x0000006c   Code   RO         9318    i.malloc            mc_w.l(malloc.o)
    0x08007698   0x00000038   Code   RO         2164    i.map               fun.o
    0x080076d0   0x00000028   Code   RO          462    i.newSchTask        sch.o
    0x080076f8   0x000001e6   Data   RO          772    .constdata          cfg.o
    0x080078de   0x00000002   PAD
    0x080078e0   0x00000050   Data   RO         1700    .constdata          wdg.o
    0x08007930   0x00000200   Data   RO         1914    .constdata          crc16.o
    0x08007b30   0x00000004   Data   RO         2552    .constdata          msg.o
    0x08007b34   0x00000004   Data   RO         2553    .constdata          msg.o
    0x08007b38   0x00000004   Data   RO         2554    .constdata          msg.o
    0x08007b3c   0x00000004   Data   RO         2555    .constdata          msg.o
    0x08007b40   0x00000004   Data   RO         2556    .constdata          msg.o
    0x08007b44   0x00000004   Data   RO         2564    .constdata          msg.o
    0x08007b48   0x00000004   Data   RO         2570    .constdata          msg.o
    0x08007b4c   0x00000004   Data   RO         2571    .constdata          msg.o
    0x08007b50   0x00000010   Data   RO         3459    .constdata          sr04.o
    0x08007b60   0x00000034   Data   RO         3811    .constdata          tty.o
    0x08007b94   0x00000020   Data   RO         9436    Region$$Table       anon$$obj.o


    Execution Region RW_IRAM1 (Base: 0x20000000, Size: 0x00002930, Max: 0x00030000, ABSOLUTE, COMPRESSED[0x00000074])

    Base Addr    Size         Type   Attr      Idx    E Section Name        Object

    0x20000000   0x0000000c   Data   RW          463    .data               sch.o
    0x2000000c   0x00000008   Data   RW          579    .data               cal.o
    0x20000014   0x000000f3   Data   RW          773    .data               cfg.o
    0x20000107   0x00000001   PAD
    0x20000108   0x00000014   Data   RW          860    .data               clk.o
    0x2000011c   0x00000030   Data   RW         1003    .data               ctl.o
    0x2000014c   0x00000004   Data   RW         1236    .data               ini.o
    0x20000150   0x00000008   Data   RW         1293    .data               ios.o
    0x20000158   0x00000004   Data   RW         1416    .data               odo.o
    0x2000015c   0x00000004   Data   RW         1518    .data               srs.o
    0x20000160   0x0000000c   Data   RW         1653    .data               upl.o
    0x2000016c   0x00000054   Data   RW         1701    .data               wdg.o
    0x200001c0   0x00000002   Data   RW         1755    .data               wsm.o
    0x200001c2   0x00000010   Data   RW         7069    .data               stm32f4xx_rcc.o
    0x200001d2   0x00000002   PAD
    0x200001d4   0x00000004   Data   RW         9406    .data               mc_w.l(mvars.o)
    0x200001d8   0x00000004   Data   RW         9407    .data               mc_w.l(mvars.o)
    0x200001dc   0x0000001c   Zero   RW          578    .bss                cal.o
    0x200001f8   0x000002cc   Zero   RW          657    .bss                can.o
    0x200004c4   0x0000004c   Zero   RW          907    .bss                cmd.o
    0x20000510   0x0000028c   Zero   RW         1002    .bss                ctl.o
    0x2000079c   0x00000016   Zero   RW         1074    .bss                dci.o
    0x200007b2   0x00000002   PAD
    0x200007b4   0x00000278   Zero   RW         1115    .bss                dnl.o
    0x20000a2c   0x000000f0   Zero   RW         1185    .bss                hci.o
    0x20000b1c   0x00000014   Zero   RW         1372    .bss                mec.o
    0x20000b30   0x00000064   Zero   RW         1415    .bss                odo.o
    0x20000b94   0x00000010   Zero   RW         1461    .bss                rci.o
    0x20000ba4   0x00000040   Zero   RW         1517    .bss                srs.o
    0x20000be4   0x00000246   Zero   RW         1652    .bss                upl.o
    0x20000e2a   0x00000002   PAD
    0x20000e2c   0x00000228   Zero   RW         2962    .bss                btm.o
    0x20001054   0x00000228   Zero   RW         3197    .bss                dbi.o
    0x2000127c   0x00000048   Zero   RW         3416    .bss                rcv.o
    0x200012c4   0x00000040   Zero   RW         3530    .bss                stm32util.o
    0x20001304   0x00000228   Zero   RW         3810    .bss                tty.o
    0x2000152c   0x00000004   PAD
    0x20001530   0x00001000   Zero   RW         9262    HEAP                startup_stm32f427xx.o
    0x20002530   0x00000400   Zero   RW         9261    STACK               startup_stm32f427xx.o


==============================================================================

Image component sizes


      Code (inc. data)   RO Data    RW Data    ZI Data      Debug   Object Name

       192         22          0          0          0       1294   act.o
        68          0          0          0          0        974   app.o
        76          4          0          0          0        521   bsp.o
       324         38          0          0        552       2287   btm.o
        12          6          0          0          0        429   btn.o
       416         88          0          8         28       3055   cal.o
       724         64          0          0        716       6694   can.o
       216         24          0          0          0       1597   can1.o
       220         26          0          0          0       1605   can2.o
         8          0          0          0          0       1290   can_srv.o
         6          0          0          0          0        724   cbus.o
      1258         58          0          0          0       2603   cci.o
       332         24        486        243          0       6065   cfg.o
        28          4          0         20          0       1139   clk.o
       328         12          0          0         76       1524   cmd.o
        32          0          0          0          0       1772   com.o
        12          0          0          0          0       1428   com_srv.o
       130          4        512          0          0       2439   crc16.o
      1024        100          0         48        652       6116   ctl.o
       392         46          0          0        552       2811   dbi.o
        44          0          0          0          0       1375   dbus.o
       128          8          0          0         22       2084   dci.o
       396         50          0          0        632       2414   dnl.o
       110          6          0          0          0       1870   ekf.o
         4          0          0          0          0        511   ext_srv.o
       224          0          0          0          0       6066   fifo.o
       310         52          0          0          0       2771   flash.o
        32         12          0          0          0       1267   fos.o
       154          0          0          0          0       3965   fun.o
       102          0          0          0          0       1442   hcf.o
       608         58          0          0        240       4069   hci.o
        58          0          0          0          0       1301   hcp.o
       180         28          0          4          0       1591   ini.o
        82         22          0          8          0       2941   ios.o
        24          4          0          0          0        473   key.o
        40          6          0          0          0        483   kos.o
        48          8          0          0          0        485   led.o
       122          6          0          0          0       1882   maf.o
        38          0          0          0          0     361568   main.o
        80         20          0          0         20       1605   mec.o
       298          0          0          0          0       2131   mecanum.o
       120         14          0          0          0       1563   misc.o
       150          0          0          0          0       1658   motor.o
       192          0         32          0          0      10711   msg.o
       472         70          0          4        100       2880   odo.o
       326         12          0          0          0       2328   pid.o
        76         10          0          0          0        469   pwm.o
       104          0          0          0          0       1462   rcf.o
       494         60          0          0         16       3433   rci.o
       116          0          0          0          0       1309   rcp.o
       264         34          0          0         72       1581   rcv.o
         4          0          0          0          0        742   rcv_srv.o
        50          0          0          0          0       1792   rmp.o
       204         22          0         12          0       3440   sch.o
       184         18         16          0          0       2681   sr04.o
       432         30          0          4         64       3112   srs.o
        36          8        428          0       5120        840   startup_stm32f427xx.o
      1108         24          0          0          0       7674   stm32f4xx_can.o
       166          4          0          0          0       4974   stm32f4xx_dma.o
       156         20          0          0          0       2773   stm32f4xx_exti.o
       334         36          0          0          0       4888   stm32f4xx_flash.o
       238          0          0          0          0       4922   stm32f4xx_gpio.o
        16          0          0          0          0       3644   stm32f4xx_it.o
       220         34          0         16          0       4871   stm32f4xx_rcc.o
        48          6          0          0          0        692   stm32f4xx_syscfg.o
       724         60          0          0          0      11340   stm32f4xx_tim.o
       334          8          0          0          0       5618   stm32f4xx_usart.o
     11462        342          0          0         64      32191   stm32util.o
         8          0          0          0          0       1338   sys.o
       300         36          0          0          0       1569   system_stm32f4xx.o
       282         18          0          0          0       4265   tim.o
         6          0          0          0          0        892   tim_srv.o
       792        120         52          0        552       8741   tty.o
       104          6          0          0          0       1398   upd.o
       784        112          0         12        582       3246   upl.o
       188         34         80         84          0       3570   wdg.o
       216         30          0          2          0       2178   wsm.o

    ----------------------------------------------------------------------
     29658       1968       1640        468      10068     599446   Object Totals
         0          0         32          0          0          0   (incl. Generated)
        68          0          2          3          8          0   (incl. Padding)

    ----------------------------------------------------------------------

      Code (inc. data)   RO Data    RW Data    ZI Data      Debug   Library Member Name

        86          0          0          0          0          0   __dczerorl2.o
         0          0          0          0          0          0   entry.o
         0          0          0          0          0          0   entry10a.o
         0          0          0          0          0          0   entry11a.o
         8          4          0          0          0          0   entry2.o
         4          0          0          0          0          0   entry5.o
         0          0          0          0          0          0   entry7b.o
         0          0          0          0          0          0   entry8b.o
         8          4          0          0          0          0   entry9a.o
        30          0          0          0          0          0   handlers.o
        36          8          0          0          0         68   init.o
       108         16          0          0          0         84   malloc.o
        36          0          0          0          0         68   memcpya.o
        36          0          0          0          0        108   memseta.o
         0          0          0          8          0          0   mvars.o
        14          0          0          0          0         68   strlen.o

    ----------------------------------------------------------------------
       370         32          0          8          0        396   Library Totals
         4          0          0          0          0          0   (incl. Padding)

    ----------------------------------------------------------------------

      Code (inc. data)   RO Data    RW Data    ZI Data      Debug   Library Name

       366         32          0          8          0        396   mc_w.l

    ----------------------------------------------------------------------
       370         32          0          8          0        396   Library Totals

    ----------------------------------------------------------------------

==============================================================================


      Code (inc. data)   RO Data    RW Data    ZI Data      Debug   

     30028       2000       1640        476      10068     571222   Grand Totals
     30028       2000       1640        116      10068     571222   ELF Image Totals (compressed)
     30028       2000       1640        116          0          0   ROM Totals

==============================================================================

    Total RO  Size (Code + RO Data)                31668 (  30.93kB)
    Total RW  Size (RW Data + ZI Data)             10544 (  10.30kB)
    Total ROM Size (Code + RO Data + RW Data)      31784 (  31.04kB)

==============================================================================

