Component: ARM Compiler 5.06 update 4 (build 422) Tool: armlink [4d35d2]

==============================================================================

Section Cross References

    main.o(i.main) refers to kos.o(i.KOS_Boot) for KOS_Boot
    main.o(i.main) refers to snd.o(i.Snd_Play) for Snd_Play
    main.o(i.main) refers to delay.o(i.Delay_Ms) for Delay_Ms
    main.o(i.main) refers to snd.o(i.Snd_Stop) for Snd_Stop
    main.o(i.main) refers to srs.o(i.Srs_Proc) for Srs_Proc
    main.o(i.main) refers to dnl.o(i.Dnl_Proc) for Dnl_Proc
    main.o(i.main) refers to clk.o(i.Clk_GetUsTick) for Clk_GetUsTick
    main.o(i.main) refers to upl.o(i.Upl_Proc) for Upl_Proc
    kos.o(i.KOS_Boot) refers to app.o(i.App_Init) for App_Init
    kos.o(i.KOS_Boot) refers to sch.o(i.Sch_Init) for Sch_Init
    kos.o(i.KOS_Boot) refers to sch.o(i.Sch_Arrange) for Sch_Arrange
    kos.o(i.KOS_Boot) refers to bsp.o(i.Bsp_Config) for Bsp_Config
    kos.o(i.KOS_Boot) refers to act.o(i.Act_Init) for Act_Init
    kos.o(i.KOS_Boot) refers to tim.o(i.Tim_Start) for Tim_Start
    kos.o(i.KOS_Boot) refers to app.o(i.App_Proc) for App_Proc
    kos.o(i.KOS_Boot) refers to snd.o(i.Snd_Proc) for Snd_Proc
    kos.o(i.KOS_Stop) refers to sch.o(i.Sch_Dismiss) for Sch_Dismiss
    kos.o(i.KOS_Stop) refers to act.o(i.Act_Init) for Act_Init
    kos.o(i.KOS_Stop) refers to app.o(i.App_Proc) for App_Proc
    kos.o(i.KOS_Stop) refers to snd.o(i.Snd_Proc) for Snd_Proc
    sch.o(i.Sch_Arrange) refers to sch.o(i.getSchTask) for getSchTask
    sch.o(i.Sch_Arrange) refers to sch.o(i.newSchTask) for newSchTask
    sch.o(i.Sch_Arrange) refers to sch.o(.data) for .data
    sch.o(i.Sch_Dismiss) refers to sch.o(i.getSchTask) for getSchTask
    sch.o(i.Sch_Dismiss) refers to malloc.o(i.free) for free
    sch.o(i.Sch_Dismiss) refers to sch.o(.data) for .data
    sch.o(i.Sch_Init) refers to sch.o(.data) for .data
    sch.o(i.Sch_Proc) refers to sch.o(.data) for .data
    sch.o(i.getSchTask) refers to sch.o(.data) for .data
    sch.o(i.newSchTask) refers to malloc.o(i.malloc) for malloc
    sch.o(i.newSchTask) refers to memseta.o(.text) for __aeabi_memclr4
    act.o(i.Act_Init) refers to motor.o(i.CM_Cmd) for CM_Cmd
    act.o(i.Act_Init) refers to motor.o(i.GM_Cmd) for GM_Cmd
    act.o(i.Act_Proc) refers to motor.o(i.CM_Cmd) for CM_Cmd
    act.o(i.Act_Proc) refers to motor.o(i.GM_Cmd) for GM_Cmd
    act.o(i.Act_Proc) refers to ctl.o(.bss) for ctl
    app.o(i.App_Init) refers to ios.o(i.Ios_Init) for Ios_Init
    app.o(i.App_Init) refers to cfg.o(i.Cfg_Init) for Cfg_Init
    app.o(i.App_Init) refers to clk.o(i.Clk_Init) for Clk_Init
    app.o(i.App_Init) refers to mec.o(i.Mec_Init) for Mec_Init
    app.o(i.App_Init) refers to can.o(i.Can_Init) for Can_Init
    app.o(i.App_Init) refers to odo.o(i.Odo_Init) for Odo_Init
    app.o(i.App_Init) refers to cmd.o(i.Cmd_Init) for Cmd_Init
    app.o(i.App_Init) refers to ctl.o(i.Ctl_Init) for Ctl_Init
    app.o(i.App_Init) refers to upl.o(i.Upl_Init) for Upl_Init
    app.o(i.App_Init) refers to dnl.o(i.Dnl_Init) for Dnl_Init
    app.o(i.App_Init) refers to com.o(i.Com_Init) for Com_Init
    app.o(i.App_Init) refers to dci.o(i.Dci_Init) for Dci_Init
    app.o(i.App_Init) refers to cal.o(i.Cal_Init) for Cal_Init
    app.o(i.App_Init) refers to pwr.o(i.Pwr_Init) for Pwr_Init
    app.o(i.App_Init) refers to srs.o(i.Srs_Init) for Srs_Init
    app.o(i.App_Init) refers to snd.o(i.Snd_Init) for Snd_Init
    app.o(i.App_Init) refers to wdg.o(i.Wdg_Init) for Wdg_Init
    app.o(i.App_Init) refers to ini.o(i.Ini_Init) for Ini_Init
    app.o(i.App_Init) refers to wsm.o(i.Wsm_Init) for Wsm_Init
    app.o(i.App_Init) refers to upd.o(i.Upd_Init) for Upd_Init
    app.o(i.App_Proc) refers to wdg.o(i.Wdg_Proc) for Wdg_Proc
    app.o(i.App_Proc) refers to ini.o(i.Ini_Proc) for Ini_Proc
    app.o(i.App_Proc) refers to wsm.o(i.Wsm_Proc) for Wsm_Proc
    app.o(i.App_Proc) refers to upd.o(i.Upd_Proc) for Upd_Proc
    cal.o(i.Cal_ClrFlag) refers to cal.o(.data) for .data
    cal.o(i.Cal_GetFlag) refers to cal.o(.data) for .data
    cal.o(i.Cal_HasFlag) refers to cal.o(.data) for .data
    cal.o(i.Cal_HitFlag) refers to cal.o(.data) for .data
    cal.o(i.Cal_Init) refers to maf.o(i.Maf_Init) for Maf_Init
    cal.o(i.Cal_Init) refers to cal.o(.data) for .data
    cal.o(i.Cal_Init) refers to cal.o(.bss) for .bss
    cal.o(i.Cal_IsDone) refers to cal.o(.data) for .data
    cal.o(i.Cal_Proc) refers to cal.o(i.Cal_ProcGim) for Cal_ProcGim
    cal.o(i.Cal_ProcGim) refers to cal.o(i.Cal_ProcGpe) for Cal_ProcGpe
    cal.o(i.Cal_ProcGim) refers to fun.o(i.map) for map
    cal.o(i.Cal_ProcGim) refers to cal.o(i.Cal_SetFlag) for Cal_SetFlag
    cal.o(i.Cal_ProcGim) refers to cal.o(.data) for .data
    cal.o(i.Cal_ProcGim) refers to cfg.o(.data) for cfg
    cal.o(i.Cal_ProcGpe) refers to stm32f4xx_gpio.o(i.GPIO_ReadInputDataBit) for GPIO_ReadInputDataBit
    cal.o(i.Cal_ProcGpe) refers to motor.o(i.GM_Cmd) for GM_Cmd
[...]
    lastWorkingState                         0x200001a1   Data           1  wsm.o(.data)
    .data                                    0x200001a2   Section       16  stm32f4xx_rcc.o(.data)
    APBAHBPrescTable                         0x200001a2   Data          16  stm32f4xx_rcc.o(.data)
    .data                                    0x200001b4   Section        4  mvars.o(.data)
    .data                                    0x200001b8   Section        4  mvars.o(.data)
    .bss                                     0x200001bc   Section       28  cal.o(.bss)
    maf                                      0x200001bc   Data          16  cal.o(.bss)
    buf                                      0x200001cc   Data          12  cal.o(.bss)
    .bss                                     0x200001d8   Section      716  can.o(.bss)
    .bss                                     0x200004a4   Section       76  cmd.o(.bss)
    .bss                                     0x200004f0   Section      568  ctl.o(.bss)
    .bss                                     0x20000728   Section       22  dci.o(.bss)
    .bss                                     0x20000740   Section      632  dnl.o(.bss)
    kylinMsg                                 0x20000740   Data          28  dnl.o(.bss)
    vrc                                      0x2000075c   Data          10  dnl.o(.bss)
    vhc                                      0x20000766   Data          16  dnl.o(.bss)
    vdbus                                    0x20000776   Data          22  dnl.o(.bss)
    cbus                                     0x2000078c   Data          24  dnl.o(.bss)
    buf                                      0x200007a4   Data         512  dnl.o(.bss)
    fifo                                     0x200009a4   Data          20  dnl.o(.bss)
    .bss                                     0x200009b8   Section      240  hci.o(.bss)
    hcf                                      0x200009b8   Data          16  hci.o(.bss)
    maf                                      0x200009c8   Data          64  hci.o(.bss)
    buf                                      0x20000a08   Data         160  hci.o(.bss)
    .bss                                     0x20000aa8   Section       20  mec.o(.bss)
    mecanum                                  0x20000aa8   Data          20  mec.o(.bss)
    .bss                                     0x20000abc   Section      100  odo.o(.bss)
    .bss                                     0x20000b20   Section      672  pwr.o(.bss)
    maf                                      0x20000b20   Data         192  pwr.o(.bss)
    buf                                      0x20000be0   Data         480  pwr.o(.bss)
    .bss                                     0x20000dc0   Section       16  rci.o(.bss)
    rcf                                      0x20000dc0   Data          16  rci.o(.bss)
    .bss                                     0x20000dd0   Section      128  srs.o(.bss)
    .bss                                     0x20000e50   Section      604  upl.o(.bss)
    buf                                      0x20000e50   Data         512  upl.o(.bss)
    fifo                                     0x20001050   Data          20  upl.o(.bss)
    kylinMsg                                 0x20001064   Data          28  upl.o(.bss)
    sr04sMsg                                 0x20001080   Data          12  upl.o(.bss)
    zgyroMsg                                 0x2000108c   Data          10  upl.o(.bss)
    posCalibMsg                              0x20001096   Data          12  upl.o(.bss)
    virtualRC                                0x200010a2   Data          10  upl.o(.bss)
    .bss                                     0x200010ac   Section      552  btm.o(.bss)
    rx_fifo                                  0x200010ac   Data          20  btm.o(.bss)
    tx_fifo                                  0x200010c0   Data          20  btm.o(.bss)
    rx_buf                                   0x200010d4   Data         256  btm.o(.bss)
    tx_buf                                   0x200011d4   Data         256  btm.o(.bss)
    .bss                                     0x200012d4   Section      552  dbi.o(.bss)
    rx_fifo                                  0x200012d4   Data          20  dbi.o(.bss)
    tx_fifo                                  0x200012e8   Data          20  dbi.o(.bss)
    rx_buf                                   0x200012fc   Data         256  dbi.o(.bss)
    tx_buf                                   0x200013fc   Data         256  dbi.o(.bss)
    .bss                                     0x200014fc   Section       72  rcv.o(.bss)
    buf                                      0x200014fc   Data          72  rcv.o(.bss)
    .bss                                     0x20001544   Section       64  stm32util.o(.bss)
    .bss                                     0x20001584   Section      552  tty.o(.bss)
    rx_fifo                                  0x20001584   Data          20  tty.o(.bss)
    tx_fifo                                  0x20001598   Data          20  tty.o(.bss)
    rx_buf                                   0x200015ac   Data         256  tty.o(.bss)
    tx_buf                                   0x200016ac   Data         256  tty.o(.bss)
    HEAP                                     0x200017b0   Section     4096  startup_stm32f427xx.o(HEAP)
    STACK                                    0x200027b0   Section     1024  startup_stm32f427xx.o(STACK)

    Global Symbols

    Symbol Name                              Value     Ov Type        Size  Object(Section)

    BuildAttributes$$THM_ISAv4$E$P$D$K$B$S$7EM$VFPi3$EXTD16$VFPS$VFMA$PE$A:L22UL41UL21$X:L11$S22US41US21$IEEE1$IW$USESV6$~STKCKD$USESV7$~SHL$OTIME$ROPI$IEEEX$EBA8$MICROLIB$REQ8$PRES8$EABIv2 0x00000000   Number         0  anon$$obj.o ABSOLUTE
    __ARM_use_no_argv                        0x00000000   Number         0  main.o ABSOLUTE
    __cpp_initialize__aeabi_                  - Undefined Weak Reference
    __cxa_finalize                            - Undefined Weak Reference
    _clock_init                               - Undefined Weak Reference
    _microlib_exit                            - Undefined Weak Reference
    __Vectors_Size                           0x000001ac   Number         0  startup_stm32f427xx.o ABSOLUTE
    __Vectors                                0x08000000   Data           4  startup_stm32f427xx.o(RESET)
    __Vectors_End                            0x080001ac   Data           0  startup_stm32f427xx.o(RESET)
    __main                                   0x080001ad   Thumb Code     0  entry.o(.ARM.Collect$$$$00000000)
    _main_stk                                0x080001ad   Thumb Code     0  entry2.o(.ARM.Collect$$$$00000001)
    _main_scatterload                        0x080001b1   Thumb Code     0  entry5.o(.ARM.Collect$$$$00000004)
    __main_after_scatterload                 0x080001b5   Thumb Code     0  entry5.o(.ARM.Collect$$$$00000004)
    _main_clock                              0x080001b5   Thumb Code     0  entry7b.o(.ARM.Collect$$$$00000008)
    _main_cpp_init                           0x080001b5   Thumb Code     0  entry8b.o(.ARM.Collect$$$$0000000A)
    _main_init                               0x080001b5   Thumb Code     0  entry9a.o(.ARM.Collect$$$$0000000B)
    __rt_final_cpp                           0x080001bd   Thumb Code     0  entry10a.o(.ARM.Collect$$$$0000000D)
    __rt_final_exit                          0x080001bd   Thumb Code     0  entry11a.o(.ARM.Collect$$$$0000000F)
    Reset_Handler                            0x080001c1   Thumb Code     8  startup_stm32f427xx.o(.text)
    SysTick_Handler                          0x080001d9   Thumb Code     2  startup_stm32f427xx.o(.text)
    ADC_IRQHandler                           0x080001db   Thumb Code     0  startup_stm32f427xx.o(.text)
    CAN1_RX1_IRQHandler                      0x080001db   Thumb Code     0  startup_stm32f427xx.o(.text)
    CAN1_SCE_IRQHandler                      0x080001db   Thumb Code     0  startup_stm32f427xx.o(.text)
    CAN2_RX1_IRQHandler                      0x080001db   Thumb Code     0  startup_stm32f427xx.o(.text)
    CAN2_SCE_IRQHandler                      0x080001db   Thumb Code     0  startup_stm32f427xx.o(.text)
    DCMI_IRQHandler                          0x080001db   Thumb Code     0  startup_stm32f427xx.o(.text)
    DMA1_Stream0_IRQHandler                  0x080001db   Thumb Code     0  startup_stm32f427xx.o(.text)
    DMA1_Stream1_IRQHandler                  0x080001db   Thumb Code     0  startup_stm32f427xx.o(.text)
    DMA1_Stream2_IRQHandler                  0x080001db   Thumb Code     0  startup_stm32f427xx.o(.text)
    DMA1_Stream3_IRQHandler                  0x080001db   Thumb Code     0  startup_stm32f427xx.o(.text)
    DMA1_Stream4_IRQHandler                  0x080001db   Thumb Code     0  startup_stm32f427xx.o(.text)
    DMA1_Stream5_IRQHandler                  0x080001db   Thumb Code     0  startup_stm32f427xx.o(.text)
    DMA1_Stream6_IRQHandler                  0x080001db   Thumb Code     0  startup_stm32f427xx.o(.text)
    DMA1_Stream7_IRQHandler                  0x080001db   Thumb Code     0  startup_stm32f427xx.o(.text)
    DMA2D_IRQHandler                         0x080001db   Thumb Code     0  startup_stm32f427xx.o(.text)
    DMA2_Stream0_IRQHandler                  0x080001db   Thumb Code     0  startup_stm32f427xx.o(.text)
    DMA2_Stream1_IRQHandler                  0x080001db   Thumb Code     0  startup_stm32f427xx.o(.text)
    DMA2_Stream2_IRQHandler                  0x080001db   Thumb Code     0  startup_stm32f427xx.o(.text)
    DMA2_Stream3_IRQHandler                  0x080001db   Thumb Code     0  startup_stm32f427xx.o(.text)
    DMA2_Stream4_IRQHandler                  0x080001db   Thumb Code     0  startup_stm32f427xx.o(.text)
    DMA2_Stream5_IRQHandler                  0x080001db   Thumb Code     0  startup_stm32f427xx.o(.text)
    DMA2_Stream6_IRQHandler                  0x080001db   Thumb Code     0  startup_stm32f427xx.o(.text)
    DMA2_Stream7_IRQHandler                  0x080001db   Thumb Code     0  startup_stm32f427xx.o(.text)
    ETH_IRQHandler                           0x080001db   Thumb Code     0  startup_stm32f427xx.o(.text)
    ETH_WKUP_IRQHandler                      0x080001db   Thumb Code     0  startup_stm32f427xx.o(.text)
    FLASH_IRQHandler                         0x080001db   Thumb Code     0  startup_stm32f427xx.o(.text)
    FMC_IRQHandler                           0x080001db   Thumb Code     0  startup_stm32f427xx.o(.text)
    FPU_IRQHandler                           0x080001db   Thumb Code     0  startup_stm32f427xx.o(.text)
    HASH_RNG_IRQHandler                      0x080001db   Thumb Code     0  startup_stm32f427xx.o(.text)
    I2C1_ER_IRQHandler                       0x080001db   Thumb Code     0  startup_stm32f427xx.o(.text)
    I2C1_EV_IRQHandler                       0x080001db   Thumb Code     0  startup_stm32f427xx.o(.text)
    I2C2_ER_IRQHandler                       0x080001db   Thumb Code     0  startup_stm32f427xx.o(.text)
    I2C2_EV_IRQHandler                       0x080001db   Thumb Code     0  startup_stm32f427xx.o(.text)
    I2C3_ER_IRQHandler                       0x080001db   Thumb Code     0  startup_stm32f427xx.o(.text)
    I2C3_EV_IRQHandler                       0x080001db   Thumb Code     0  startup_stm32f427xx.o(.text)
    OTG_FS_IRQHandler                        0x080001db   Thumb Code     0  startup_stm32f427xx.o(.text)
    OTG_FS_WKUP_IRQHandler                   0x080001db   Thumb Code     0  startup_stm32f427xx.o(.text)
    OTG_HS_EP1_IN_IRQHandler                 0x080001db   Thumb Code     0  startup_stm32f427xx.o(.text)
    OTG_HS_EP1_OUT_IRQHandler                0x080001db   Thumb Code     0  startup_stm32f427xx.o(.text)
    OTG_HS_IRQHandler                        0x080001db   Thumb Code     0  startup_stm32f427xx.o(.text)
    OTG_HS_WKUP_IRQHandler                   0x080001db   Thumb Code     0  startup_stm32f427xx.o(.text)
    PVD_IRQHandler                           0x080001db   Thumb Code     0  startup_stm32f427xx.o(.text)
    RCC_IRQHandler                           0x080001db   Thumb Code     0  startup_stm32f427xx.o(.text)
    RTC_Alarm_IRQHandler                     0x080001db   Thumb Code     0  startup_stm32f427xx.o(.text)
    RTC_WKUP_IRQHandler                      0x080001db   Thumb Code     0  startup_stm32f427xx.o(.text)
    SAI1_IRQHandler                          0x080001db   Thumb Code     0  startup_stm32f427xx.o(.text)
    SDIO_IRQHandler                          0x080001db   Thumb Code     0  startup_stm32f427xx.o(.text)
    SPI1_IRQHandler                          0x080001db   Thumb Code     0  startup_stm32f427xx.o(.text)
    SPI2_IRQHandler                          0x080001db   Thumb Code     0  startup_stm32f427xx.o(.text)
    SPI3_IRQHandler                          0x080001db   Thumb Code     0  startup_stm32f427xx.o(.text)
    SPI4_IRQHandler                          0x080001db   Thumb Code     0  startup_stm32f427xx.o(.text)
    SPI5_IRQHandler                          0x080001db   Thumb Code     0  startup_stm32f427xx.o(.text)
    SPI6_IRQHandler                          0x080001db   Thumb Code     0  startup_stm32f427xx.o(.text)
    TAMP_STAMP_IRQHandler                    0x080001db   Thumb Code     0  startup_stm32f427xx.o(.text)
    TIM1_BRK_TIM9_IRQHandler                 0x080001db   Thumb Code     0  startup_stm32f427xx.o(.text)
    TIM1_CC_IRQHandler                       0x080001db   Thumb Code     0  startup_stm32f427xx.o(.text)
    TIM1_TRG_COM_TIM11_IRQHandler            0x080001db   Thumb Code     0  startup_stm32f427xx.o(.text)
    TIM1_UP_TIM10_IRQHandler                 0x080001db   Thumb Code     0  startup_stm32f427xx.o(.text)
    TIM3_IRQHandler                          0x080001db   Thumb Code     0  startup_stm32f427xx.o(.text)
    TIM4_IRQHandler                          0x080001db   Thumb Code     0  startup_stm32f427xx.o(.text)
    TIM5_IRQHandler                          0x080001db   Thumb Code     0  startup_stm32f427xx.o(.text)
    TIM7_IRQHandler                          0x080001db   Thumb Code     0  startup_stm32f427xx.o(.text)
    TIM8_BRK_TIM12_IRQHandler                0x080001db   Thumb Code     0  startup_stm32f427xx.o(.text)
    TIM8_CC_IRQHandler                       0x080001db   Thumb Code     0  startup_stm32f427xx.o(.text)
    TIM8_TRG_COM_TIM14_IRQHandler            0x080001db   Thumb Code     0  startup_stm32f427xx.o(.text)
    TIM8_UP_TIM13_IRQHandler                 0x080001db   Thumb Code     0  startup_stm32f427xx.o(.text)
    UART4_IRQHandler                         0x080001db   Thumb Code     0  startup_stm32f427xx.o(.text)
    UART5_IRQHandler                         0x080001db   Thumb Code     0  startup_stm32f427xx.o(.text)
    UART7_IRQHandler                         0x080001db   Thumb Code     0  startup_stm32f427xx.o(.text)
    UART8_IRQHandler                         0x080001db   Thumb Code     0  startup_stm32f427xx.o(.text)
    WWDG_IRQHandler                          0x080001db   Thumb Code     0  startup_stm32f427xx.o(.text)
    __aeabi_memcpy                           0x080001e5   Thumb Code    36  memcpya.o(.text)
    __aeabi_memcpy4                          0x080001e5   Thumb Code     0  memcpya.o(.text)
    __aeabi_memcpy8                          0x080001e5   Thumb Code     0  memcpya.o(.text)
    __aeabi_memset                           0x08000209   Thumb Code    14  memseta.o(.text)
    __aeabi_memset4                          0x08000209   Thumb Code     0  memseta.o(.text)
    __aeabi_memset8                          0x08000209   Thumb Code     0  memseta.o(.text)
    __aeabi_memclr                           0x08000217   Thumb Code     4  memseta.o(.text)
    __aeabi_memclr4                          0x08000217   Thumb Code     0  memseta.o(.text)
    __aeabi_memclr8                          0x08000217   Thumb Code     0  memseta.o(.text)
    _memset$wrapper                          0x0800021b   Thumb Code    18  memseta.o(.text)
    strlen                                   0x0800022d   Thumb Code    14  strlen.o(.text)
    __scatterload                            0x0800023d   Thumb Code    28  init.o(.text)
    __scatterload_rt2                        0x0800023d   Thumb Code     0  init.o(.text)
    __decompress                             0x08000261   Thumb Code     0  __dczerorl2.o(.text)
    __decompress1                            0x08000261   Thumb Code    86  __dczerorl2.o(.text)
    Act_Init                                 0x080002b9   Thumb Code    48  act.o(i.Act_Init)
    Act_Proc                                 0x080002f1   Thumb Code   122  act.o(i.Act_Proc)
    App_Init                                 0x08000379   Thumb Code    86  app.o(i.App_Init)
    App_Proc                                 0x080003cf   Thumb Code    22  app.o(i.App_Proc)
    Beep_Config                              0x080003e5   Thumb Code    44  beep.o(i.Beep_Config)
    Beep_Sing                                0x08000419   Thumb Code    28  beep.o(i.Beep_Sing)
    Beep_SingStartupMusic                    0x0800043d   Thumb Code    14  beep.o(i.Beep_SingStartupMusic)
    Bsp_Config                               0x08000451   Thumb Code    76  bsp.o(i.Bsp_Config)
    BtmRxCallback                            0x080004a1   Thumb Code     4  com_srv.o(i.BtmRxCallback)
    Btm_Config                               0x080004a5   Thumb Code    94  btm.o(i.Btm_Config)
    Btm_Proc                                 0x08000515   Thumb Code     6  com.o(i.Btm_Proc)
    Btm_PutCh                                0x0800051d   Thumb Code    50  btm.o(i.Btm_PutCh)
    Btn_Config                               0x08000559   Thumb Code     6  btn.o(i.Btn_Config)
    BusFault_Handler                         0x08000565   Thumb Code     2  stm32f4xx_it.o(i.BusFault_Handler)
    CAN1_RX0_IRQHandler                      0x08000569   Thumb Code    58  can1.o(i.CAN1_RX0_IRQHandler)
    CAN1_TX_IRQHandler                       0x080005ad   Thumb Code    30  can1.o(i.CAN1_TX_IRQHandler)
    CAN2_RX0_IRQHandler                      0x080005d1   Thumb Code    58  can2.o(i.CAN2_RX0_IRQHandler)
    CAN2_TX_IRQHandler                       0x08000615   Thumb Code    30  can2.o(i.CAN2_TX_IRQHandler)
    CAN_ClearFlag                            0x08000639   Thumb Code    44  stm32f4xx_can.o(i.CAN_ClearFlag)
    CAN_ClearITPendingBit                    0x08000669   Thumb Code   116  stm32f4xx_can.o(i.CAN_ClearITPendingBit)
    CAN_Config                               0x080006e1   Thumb Code    98  stm32util.o(i.CAN_Config)
    CAN_FilterInit                           0x0800074d   Thumb Code   194  stm32f4xx_can.o(i.CAN_FilterInit)
    CAN_Filter_Config                        0x08000819   Thumb Code    54  stm32util.o(i.CAN_Filter_Config)
    CAN_GetITStatus                          0x08000851   Thumb Code   162  stm32f4xx_can.o(i.CAN_GetITStatus)
    CAN_ITConfig                             0x080008f9   Thumb Code    16  stm32f4xx_can.o(i.CAN_ITConfig)
    CAN_Init                                 0x08000909   Thumb Code   232  stm32f4xx_can.o(i.CAN_Init)
    CAN_Receive                              0x080009f1   Thumb Code   144  stm32f4xx_can.o(i.CAN_Receive)
    CAN_Transmit                             0x08000a81   Thumb Code   164  stm32f4xx_can.o(i.CAN_Transmit)
    CBUS_Init                                0x08000b25   Thumb Code     6  cbus.o(i.CBUS_Init)
    CM_Cmd                                   0x08000b2b   Thumb Code    78  motor.o(i.CM_Cmd)
    CRC16Append                              0x08000b79   Thumb Code    34  crc16.o(i.CRC16Append)
    CRC16Calc                                0x08000b9d   Thumb Code    44  crc16.o(i.CRC16Calc)
    CRC16Check                               0x08000bcd   Thumb Code    48  crc16.o(i.CRC16Check)
    Cal_Init                                 0x08000bfd   Thumb Code    20  cal.o(i.Cal_Init)
    Cal_IsDone                               0x08000c19   Thumb Code    18  cal.o(i.Cal_IsDone)
    Cal_Proc                                 0x08000c31   Thumb Code     4  cal.o(i.Cal_Proc)
    Cal_SetFlag                              0x08000d91   Thumb Code    10  cal.o(i.Cal_SetFlag)
    Can1RxCallback                           0x08000e29   Thumb Code     4  can_srv.o(i.Can1RxCallback)
    Can1_Config                              0x08000e2d   Thumb Code   104  can1.o(i.Can1_Config)
    Can2RxCallback                           0x08000e9d   Thumb Code     4  can_srv.o(i.Can2RxCallback)
    Can2_Config                              0x08000ea1   Thumb Code   106  can2.o(i.Can2_Config)
    Can_Init                                 0x08000f15   Thumb Code    40  can.o(i.Can_Init)
    Can_Proc                                 0x08000f41   Thumb Code   168  can.o(i.Can_Proc)
    Cci_Proc                                 0x08000ff5   Thumb Code    18  cci.o(i.Cci_Proc)
    Cfg_GetFlag                              0x08001009   Thumb Code     8  cfg.o(i.Cfg_GetFlag)
    Cfg_Init                                 0x08001015   Thumb Code   252  cfg.o(i.Cfg_Init)
    Cfg_IsSynced                             0x08001119   Thumb Code    14  cfg.o(i.Cfg_IsSynced)
    Cfg_Load                                 0x0800112d   Thumb Code     6  cfg.o(i.Cfg_Load)
    Cfg_Proc                                 0x08001135   Thumb Code    22  cfg.o(i.Cfg_Proc)
    Cfg_Save                                 0x08001151   Thumb Code     6  cfg.o(i.Cfg_Save)
    Clk_GetMsTick                            0x0800120d   Thumb Code    16  clk.o(i.Clk_GetMsTick)
    Clk_GetUsTick                            0x0800121d   Thumb Code     8  clk.o(i.Clk_GetUsTick)
    Clk_Init                                 0x08001225   Thumb Code    16  clk.o(i.Clk_Init)
    Cmd_Init                                 0x08001239   Thumb Code     8  cmd.o(i.Cmd_Init)
    Cmd_Proc                                 0x08001245   Thumb Code   308  cmd.o(i.Cmd_Proc)
    Com_Init                                 0x08001381   Thumb Code    14  com.o(i.Com_Init)
    Ctl_Init                                 0x080013f5   Thumb Code    98  ctl.o(i.Ctl_Init)
    Ctl_Proc                                 0x08001461   Thumb Code    32  ctl.o(i.Ctl_Proc)
    DBUS_Dec                                 0x080014f1   Thumb Code    24  dbus.o(i.DBUS_Dec)
    DBUS_Init                                0x08001509   Thumb Code    20  dbus.o(i.DBUS_Init)
    DMA_Cmd                                  0x0800151d   Thumb Code    20  stm32f4xx_dma.o(i.DMA_Cmd)
    DMA_Config                               0x08001531   Thumb Code   100  stm32util.o(i.DMA_Config)
    DMA_DoubleBufferModeCmd                  0x0800159d   Thumb Code    20  stm32f4xx_dma.o(i.DMA_DoubleBufferModeCmd)
    DMA_DoubleBufferModeConfig               0x080015b1   Thumb Code    22  stm32f4xx_dma.o(i.DMA_DoubleBufferModeConfig)
    DMA_GetCurrDataCounter                   0x080015c7   Thumb Code     6  stm32f4xx_dma.o(i.DMA_GetCurrDataCounter)
    DMA_GetCurrentMemoryTarget               0x080015cd   Thumb Code    14  stm32f4xx_dma.o(i.DMA_GetCurrentMemoryTarget)
    DMA_Init                                 0x080015dd   Thumb Code    80  stm32f4xx_dma.o(i.DMA_Init)
    DbiRxCallback                            0x08001631   Thumb Code     4  com_srv.o(i.DbiRxCallback)
    Dbi_Config                               0x08001635   Thumb Code    94  dbi.o(i.Dbi_Config)
    Dbi_GetCh                                0x080016a5   Thumb Code    60  dbi.o(i.Dbi_GetCh)
    Dbi_Proc                                 0x080016e9   Thumb Code     6  com.o(i.Dbi_Proc)
    Dbi_PutCh                                0x080016f1   Thumb Code    50  dbi.o(i.Dbi_PutCh)
    Dci_Init                                 0x0800172d   Thumb Code    20  dci.o(i.Dci_Init)
    Dci_Proc                                 0x08001745   Thumb Code    72  dci.o(i.Dci_Proc)
    DebugMon_Handler                         0x0800178d   Thumb Code     2  stm32f4xx_it.o(i.DebugMon_Handler)
    Delay_Ms                                 0x0800178f   Thumb Code    24  delay.o(i.Delay_Ms)
    Dnl_Init                                 0x080017a9   Thumb Code    28  dnl.o(i.Dnl_Init)
    Dnl_Proc                                 0x080017c9   Thumb Code   296  dnl.o(i.Dnl_Proc)
    EXTI0_IRQHandler                         0x08001919   Thumb Code    42  stm32util.o(i.EXTI0_IRQHandler)
    EXTI15_10_IRQHandler                     0x08001949   Thumb Code   206  stm32util.o(i.EXTI15_10_IRQHandler)
    EXTI1_IRQHandler                         0x08001a1d   Thumb Code    42  stm32util.o(i.EXTI1_IRQHandler)
    EXTI2_IRQHandler                         0x08001a4d   Thumb Code    42  stm32util.o(i.EXTI2_IRQHandler)
    EXTI3_IRQHandler                         0x08001a7d   Thumb Code    42  stm32util.o(i.EXTI3_IRQHandler)
    EXTI4_IRQHandler                         0x08001aad   Thumb Code    42  stm32util.o(i.EXTI4_IRQHandler)
    EXTI9_5_IRQHandler                       0x08001add   Thumb Code   162  stm32util.o(i.EXTI9_5_IRQHandler)
    EXTI_Bind                                0x08001b85   Thumb Code   280  stm32util.o(i.EXTI_Bind)
    EXTI_ClearFlag                           0x08001ca1   Thumb Code     6  stm32f4xx_exti.o(i.EXTI_ClearFlag)
    EXTI_ClearITPendingBit                   0x08001cad   Thumb Code     6  stm32f4xx_exti.o(i.EXTI_ClearITPendingBit)
    EXTI_Config                              0x08001cb9   Thumb Code    40  stm32util.o(i.EXTI_Config)
    EXTI_GetITStatus                         0x08001ce1   Thumb Code    16  stm32f4xx_exti.o(i.EXTI_GetITStatus)
    EXTI_Init                                0x08001cf5   Thumb Code   108  stm32f4xx_exti.o(i.EXTI_Init)
    EXTI_SetHandler                          0x08001d65   Thumb Code    12  stm32util.o(i.EXTI_SetHandler)
    Ekf_Init                                 0x08001d75   Thumb Code     8  ekf.o(i.Ekf_Init)
    Ekf_Proc                                 0x08001d7d   Thumb Code    74  ekf.o(i.Ekf_Proc)
    Ekf_Reset                                0x08001dc9   Thumb Code    22  ekf.o(i.Ekf_Reset)
    FIFO_Flush                               0x08001de5   Thumb Code    22  fifo.o(i.FIFO_Flush)
    FIFO_GetFree                             0x08001dfb   Thumb Code     8  fifo.o(i.FIFO_GetFree)
    FIFO_GetSize                             0x08001e03   Thumb Code     4  fifo.o(i.FIFO_GetSize)
    FIFO_GetUsed                             0x08001e07   Thumb Code     4  fifo.o(i.FIFO_GetUsed)
    FIFO_Init                                0x08001e0b   Thumb Code     8  fifo.o(i.FIFO_Init)
    FIFO_IsEmpty                             0x08001e13   Thumb Code    12  fifo.o(i.FIFO_IsEmpty)
    FIFO_IsFull                              0x08001e1f   Thumb Code    16  fifo.o(i.FIFO_IsFull)
    FIFO_Peek                                0x08001e2f   Thumb Code    40  fifo.o(i.FIFO_Peek)
    FIFO_Pop                                 0x08001e57   Thumb Code    52  fifo.o(i.FIFO_Pop)
    FIFO_Push                                0x08001e8b   Thumb Code    58  fifo.o(i.FIFO_Push)
    FLASH_DataCacheCmd                       0x08001ec5   Thumb Code    22  stm32f4xx_flash.o(i.FLASH_DataCacheCmd)
    FLASH_EraseSector                        0x08001ee1   Thumb Code   104  stm32f4xx_flash.o(i.FLASH_EraseSector)
    FLASH_GetStatus                          0x08001f4d   Thumb Code    56  stm32f4xx_flash.o(i.FLASH_GetStatus)
    FLASH_Lock                               0x08001f89   Thumb Code    12  stm32f4xx_flash.o(i.FLASH_Lock)
    FLASH_ProgramByte                        0x08001f99   Thumb Code    52  stm32f4xx_flash.o(i.FLASH_ProgramByte)
    FLASH_Unlock                             0x08001fd1   Thumb Code    22  stm32f4xx_flash.o(i.FLASH_Unlock)
    FLASH_WaitForLastOperation               0x08001ff5   Thumb Code    30  stm32f4xx_flash.o(i.FLASH_WaitForLastOperation)
    FS_Cpy                                   0x08002013   Thumb Code     4  sys.o(i.FS_Cpy)
    FS_Det                                   0x08002017   Thumb Code     4  sys.o(i.FS_Det)
    Flag_Cpy                                 0x0800201b   Thumb Code    38  fun.o(i.Flag_Cpy)
    Flag_Det                                 0x08002041   Thumb Code    14  fun.o(i.Flag_Det)
    Flag_Get                                 0x0800204f   Thumb Code     6  fun.o(i.Flag_Get)
    Flag_Set                                 0x08002055   Thumb Code     8  fun.o(i.Flag_Set)
    Flash_Read                               0x080020fd   Thumb Code    22  flash.o(i.Flash_Read)
    Flash_Write                              0x08002115   Thumb Code   122  flash.o(i.Flash_Write)
    Fos_Read                                 0x08002195   Thumb Code    10  fos.o(i.Fos_Read)
    Fos_Write                                0x080021a5   Thumb Code    10  fos.o(i.Fos_Write)
    GM_Cmd                                   0x080021b5   Thumb Code    72  motor.o(i.GM_Cmd)
    GPIO_Af                                  0x080021fd   Thumb Code    40  stm32util.o(i.GPIO_Af)
    GPIO_Config                              0x08002225   Thumb Code   236  stm32util.o(i.GPIO_Config)
    GPIO_In                                  0x0800233d   Thumb Code    16  stm32util.o(i.GPIO_In)
    GPIO_Init                                0x0800234d   Thumb Code   162  stm32f4xx_gpio.o(i.GPIO_Init)
    GPIO_Out                                 0x080023ef   Thumb Code    18  stm32util.o(i.GPIO_Out)
    GPIO_PinAFConfig                         0x08002401   Thumb Code    32  stm32f4xx_gpio.o(i.GPIO_PinAFConfig)
    GPIO_ReadInputDataBit                    0x08002421   Thumb Code    14  stm32f4xx_gpio.o(i.GPIO_ReadInputDataBit)
    GPIO_ReadOutputDataBit                   0x0800242f   Thumb Code    14  stm32f4xx_gpio.o(i.GPIO_ReadOutputDataBit)
    GPIO_ResetBits                           0x0800243d   Thumb Code     4  stm32f4xx_gpio.o(i.GPIO_ResetBits)
    GPIO_SetBits                             0x08002441   Thumb Code     4  stm32f4xx_gpio.o(i.GPIO_SetBits)
    HardFault_Handler                        0x08002e75   Thumb Code     2  stm32f4xx_it.o(i.HardFault_Handler)
    Hcf_Init                                 0x08002e79   Thumb Code    38  hcf.o(i.Hcf_Init)
    Hcf_Proc                                 0x08002e9f   Thumb Code    64  hcf.o(i.Hcf_Proc)
    Hci_Init                                 0x08002ee1   Thumb Code    48  hci.o(i.Hci_Init)
    Hci_MouseBtn                             0x08002f15   Thumb Code    12  hci.o(i.Hci_MouseBtn)
    Hci_PreProc                              0x08002f25   Thumb Code     8  hci.o(i.Hci_PreProc)
    Hci_Proc                                 0x08002f31   Thumb Code    24  hci.o(i.Hci_Proc)
    Hcp_Dec                                  0x08002f49   Thumb Code    30  hcp.o(i.Hcp_Dec)
    Hcp_Init                                 0x08002f67   Thumb Code    28  hcp.o(i.Hcp_Init)
    Ini_Init                                 0x08002f85   Thumb Code     8  ini.o(i.Ini_Init)
    Ini_IsDone                               0x08002f91   Thumb Code    18  ini.o(i.Ini_IsDone)
    Ini_Proc                                 0x08002fa9   Thumb Code   126  ini.o(i.Ini_Proc)
    Ios_GetCh                                0x08003039   Thumb Code     4  ios.o(i.Ios_GetCh)
    Ios_Init                                 0x0800303d   Thumb Code    18  ios.o(i.Ios_Init)
    Ios_PutCh                                0x08003059   Thumb Code    18  ios.o(i.Ios_PutCh)
    Ios_SetIn                                0x0800306d   Thumb Code    10  ios.o(i.Ios_SetIn)
    Ios_SetOut                               0x0800307d   Thumb Code    10  ios.o(i.Ios_SetOut)
    KOS_Boot                                 0x0800308d   Thumb Code    42  kos.o(i.KOS_Boot)
    Key_Config                               0x080030c1   Thumb Code    20  key.o(i.Key_Config)
    Led_Config                               0x080030d9   Thumb Code    40  led.o(i.Led_Config)
    Maf_Init                                 0x08003109   Thumb Code     8  maf.o(i.Maf_Init)
    Maf_Proc                                 0x08003111   Thumb Code    66  maf.o(i.Maf_Proc)
    Maf_Reset                                0x08003155   Thumb Code    42  maf.o(i.Maf_Reset)
    Mec_Decomp                               0x08003185   Thumb Code    10  mec.o(i.Mec_Decomp)
    Mec_Init                                 0x08003195   Thumb Code    40  mec.o(i.Mec_Init)
    Mec_Synthe                               0x080031c5   Thumb Code    10  mec.o(i.Mec_Synthe)
    Mecanum_Config                           0x080031d5   Thumb Code    42  mecanum.o(i.Mecanum_Config)
    Mecanum_Decomp                           0x080031ff   Thumb Code   142  mecanum.o(i.Mecanum_Decomp)
    Mecanum_Synthe                           0x0800328d   Thumb Code   114  mecanum.o(i.Mecanum_Synthe)
    MemManage_Handler                        0x080032ff   Thumb Code     2  stm32f4xx_it.o(i.MemManage_Handler)
    Motor_Process                            0x08003301   Thumb Code   286  can.o(i.Motor_Process)
    Motor_Ready                              0x08003441   Thumb Code    14  can.o(i.Motor_Ready)
    Motor_Reset                              0x0800344f   Thumb Code     6  can.o(i.Motor_Reset)
    Msg_Pop                                  0x08003455   Thumb Code   118  msg.o(i.Msg_Pop)
    Msg_Push                                 0x080034cb   Thumb Code    74  msg.o(i.Msg_Push)
    NMI_Handler                              0x08003515   Thumb Code     2  stm32f4xx_it.o(i.NMI_Handler)
    NVIC_Config                              0x08003517   Thumb Code    28  stm32util.o(i.NVIC_Config)
    NVIC_Init                                0x08003535   Thumb Code    96  misc.o(i.NVIC_Init)
    NVIC_PriorityGroupConfig                 0x08003599   Thumb Code    10  misc.o(i.NVIC_PriorityGroupConfig)
    Odo_Init                                 0x080035ad   Thumb Code    18  odo.o(i.Odo_Init)
    Odo_Proc                                 0x080035cd   Thumb Code   268  odo.o(i.Odo_Proc)
    PID_Calc                                 0x08003701   Thumb Code   278  pid.o(i.PID_Calc)
    PID_Config                               0x0800381d   Thumb Code     6  pid.o(i.PID_Config)
    PID_Reset                                0x08003825   Thumb Code    30  pid.o(i.PID_Reset)
    PWM_Bind                                 0x08003849   Thumb Code  5436  stm32util.o(i.PWM_Bind)
    PendSV_Handler                           0x08004d8d   Thumb Code     2  stm32f4xx_it.o(i.PendSV_Handler)
    Pwm_Config                               0x08004d91   Thumb Code    66  pwm.o(i.Pwm_Config)
    Pwr_Init                                 0x08004ddd   Thumb Code    72  pwr.o(i.Pwr_Init)
    Pwr_IsOkay                               0x08004e2d   Thumb Code    16  pwr.o(i.Pwr_IsOkay)
    RCC_AHB1PeriphClockCmd                   0x08004e41   Thumb Code    18  stm32f4xx_rcc.o(i.RCC_AHB1PeriphClockCmd)
    RCC_APB1PeriphClockCmd                   0x08004e59   Thumb Code    18  stm32f4xx_rcc.o(i.RCC_APB1PeriphClockCmd)
    RCC_APB2PeriphClockCmd                   0x08004e71   Thumb Code    18  stm32f4xx_rcc.o(i.RCC_APB2PeriphClockCmd)
    RCC_GetClocksFreq                        0x08004e89   Thumb Code   132  stm32f4xx_rcc.o(i.RCC_GetClocksFreq)
    Rcf_Init                                 0x08004f1d   Thumb Code    40  rcf.o(i.Rcf_Init)
    Rcf_Proc                                 0x08004f45   Thumb Code    64  rcf.o(i.Rcf_Proc)
    Rci_Init                                 0x08004f85   Thumb Code     6  rci.o(i.Rci_Init)
    Rci_PreProc                              0x08004f91   Thumb Code     8  rci.o(i.Rci_PreProc)
    Rci_Proc                                 0x08004f9d   Thumb Code    18  rci.o(i.Rci_Proc)
    Rci_Sw                                   0x08004fb1   Thumb Code    12  rci.o(i.Rci_Sw)
    Rcp_Dec                                  0x08004fc1   Thumb Code    78  rcp.o(i.Rcp_Dec)
    Rcp_Enc                                  0x0800500f   Thumb Code    64  rcp.o(i.Rcp_Enc)
    Rcp_Init                                 0x08005051   Thumb Code    38  rcp.o(i.Rcp_Init)
    RcvCallback                              0x08005077   Thumb Code     4  rcv_srv.o(i.RcvCallback)
    Rcv_Config                               0x0800507d   Thumb Code   126  rcv.o(i.Rcv_Config)
    Rcv_Proc                                 0x08005111   Thumb Code    28  dci.o(i.Rcv_Proc)
    Rmp_Calc                                 0x08005131   Thumb Code    42  rmp.o(i.Rmp_Calc)
    Rmp_Config                               0x0800515b   Thumb Code     4  rmp.o(i.Rmp_Config)
    Rmp_Reset                                0x08005161   Thumb Code    14  rmp.o(i.Rmp_Reset)
    SR04Callback                             0x08005175   Thumb Code     4  ext_srv.o(i.SR04Callback)
    SR04_Bind                                0x08005179   Thumb Code    28  sr04.o(i.SR04_Bind)
    SR04_Config                              0x08005199   Thumb Code    24  sr04.o(i.SR04_Config)
    SVC_Handler                              0x08005231   Thumb Code     2  stm32f4xx_it.o(i.SVC_Handler)
    SYSCFG_EXTILineConfig                    0x08005235   Thumb Code    42  stm32f4xx_syscfg.o(i.SYSCFG_EXTILineConfig)
    Sch_Arrange                              0x08005265   Thumb Code    58  sch.o(i.Sch_Arrange)
    Sch_Init                                 0x080052a5   Thumb Code    20  sch.o(i.Sch_Init)
    Sch_Proc                                 0x080052bd   Thumb Code    42  sch.o(i.Sch_Proc)
    Snd_Init                                 0x080053bd   Thumb Code    10  snd.o(i.Snd_Init)
    Snd_Play                                 0x080053cd   Thumb Code     8  snd.o(i.Snd_Play)
    Snd_Proc                                 0x080053d9   Thumb Code    58  snd.o(i.Snd_Proc)
    Snd_Stop                                 0x08005419   Thumb Code     8  snd.o(i.Snd_Stop)
    Sr04_Proc                                0x08005425   Thumb Code   118  srs.o(i.Sr04_Proc)
    Srs_Init                                 0x080054a5   Thumb Code    36  srs.o(i.Srs_Init)
    Srs_Proc                                 0x080054d1   Thumb Code   264  srs.o(i.Srs_Proc)
    SyncTimCallback                          0x080055e5   Thumb Code     4  tim_srv.o(i.SyncTimCallback)
    SyncTim_Config                           0x080055e9   Thumb Code    38  tim.o(i.SyncTim_Config)
    SyncTim_Start                            0x08005615   Thumb Code    34  tim.o(i.SyncTim_Start)
    SystemInit                               0x0800563d   Thumb Code    74  system_stm32f4xx.o(i.SystemInit)
    TIM2_IRQHandler                          0x08005699   Thumb Code    42  tim.o(i.TIM2_IRQHandler)
    TIM6_DAC_IRQHandler                      0x080056c5   Thumb Code    42  tim.o(i.TIM6_DAC_IRQHandler)
    TIM_ARRPreloadConfig                     0x080056f5   Thumb Code    20  stm32f4xx_tim.o(i.TIM_ARRPreloadConfig)
    TIM_ClearFlag                            0x08005709   Thumb Code     6  stm32f4xx_tim.o(i.TIM_ClearFlag)
    TIM_ClearITPendingBit                    0x0800570f   Thumb Code     6  stm32f4xx_tim.o(i.TIM_ClearITPendingBit)
    TIM_Cmd                                  0x08005715   Thumb Code    20  stm32f4xx_tim.o(i.TIM_Cmd)
    TIM_Config                               0x08005729   Thumb Code   276  stm32util.o(i.TIM_Config)
    TIM_GetITStatus                          0x0800586d   Thumb Code    24  stm32f4xx_tim.o(i.TIM_GetITStatus)
    TIM_ITConfig                             0x08005885   Thumb Code    16  stm32f4xx_tim.o(i.TIM_ITConfig)
    TIM_OC1Init                              0x08005895   Thumb Code    88  stm32f4xx_tim.o(i.TIM_OC1Init)
    TIM_OC1PreloadConfig                     0x080058f5   Thumb Code    12  stm32f4xx_tim.o(i.TIM_OC1PreloadConfig)
    TIM_OC2Init                              0x08005901   Thumb Code   120  stm32f4xx_tim.o(i.TIM_OC2Init)
    TIM_OC2PreloadConfig                     0x08005981   Thumb Code    20  stm32f4xx_tim.o(i.TIM_OC2PreloadConfig)
    TIM_OC3Init                              0x08005995   Thumb Code   116  stm32f4xx_tim.o(i.TIM_OC3Init)
    TIM_OC3PreloadConfig                     0x08005a11   Thumb Code    12  stm32f4xx_tim.o(i.TIM_OC3PreloadConfig)
    TIM_OC4Init                              0x08005a1d   Thumb Code    88  stm32f4xx_tim.o(i.TIM_OC4Init)
    TIM_OC4PreloadConfig                     0x08005a7d   Thumb Code    20  stm32f4xx_tim.o(i.TIM_OC4PreloadConfig)
    TIM_OC_Config                            0x08005a91   Thumb Code   130  stm32util.o(i.TIM_OC_Config)
    TIM_TimeBaseInit                         0x08005b15   Thumb Code    96  stm32f4xx_tim.o(i.TIM_TimeBaseInit)
    TickTimCallback                          0x08005b91   Thumb Code     2  tim_srv.o(i.TickTimCallback)
    TickTim_Config                           0x08005b93   Thumb Code    46  tim.o(i.TickTim_Config)
    TickTim_Start                            0x08005bc1   Thumb Code    34  tim.o(i.TickTim_Start)
    Tim_Config                               0x08005be3   Thumb Code    14  tim.o(i.Tim_Config)
    Tim_Start                                0x08005bf1   Thumb Code    14  tim.o(i.Tim_Start)
    TtyRxCallback                            0x08005bff   Thumb Code     4  com_srv.o(i.TtyRxCallback)
    Tty_Config                               0x08005c05   Thumb Code    94  tty.o(i.Tty_Config)
    Tty_GetCh                                0x08005c75   Thumb Code    60  tty.o(i.Tty_GetCh)
    Tty_GetRxFifoFree                        0x08005cb9   Thumb Code     6  tty.o(i.Tty_GetRxFifoFree)
    Tty_GetRxFifoSize                        0x08005cc5   Thumb Code     6  tty.o(i.Tty_GetRxFifoSize)
    Tty_GetRxFifoUsed                        0x08005cd1   Thumb Code     6  tty.o(i.Tty_GetRxFifoUsed)
    Tty_GetTxFifoFree                        0x08005cdd   Thumb Code     6  tty.o(i.Tty_GetTxFifoFree)
    Tty_GetTxFifoSize                        0x08005ce9   Thumb Code     6  tty.o(i.Tty_GetTxFifoSize)
    Tty_GetTxFifoUsed                        0x08005cf5   Thumb Code     6  tty.o(i.Tty_GetTxFifoUsed)
    Tty_Print                                0x08005d01   Thumb Code    28  tty.o(i.Tty_Print)
    Tty_Proc                                 0x08005d1d   Thumb Code     6  com.o(i.Tty_Proc)
    Tty_PutCh                                0x08005d25   Thumb Code    50  tty.o(i.Tty_PutCh)
    Tty_Read                                 0x08005d61   Thumb Code    70  tty.o(i.Tty_Read)
    Tty_ReadByte                             0x08005db1   Thumb Code    64  tty.o(i.Tty_ReadByte)
    Tty_Write                                0x08005df9   Thumb Code    70  tty.o(i.Tty_Write)
    Tty_WriteByte                            0x08005e49   Thumb Code    58  tty.o(i.Tty_WriteByte)
    USART1_IRQHandler                        0x08005e8d   Thumb Code   104  rcv.o(i.USART1_IRQHandler)
    USART2_IRQHandler                        0x08005f01   Thumb Code   142  btm.o(i.USART2_IRQHandler)
    USART3_IRQHandler                        0x08005f99   Thumb Code   142  dbi.o(i.USART3_IRQHandler)
    USART6_IRQHandler                        0x08006031   Thumb Code   142  tty.o(i.USART6_IRQHandler)
    USART_Bind                               0x080060c9   Thumb Code  3544  stm32util.o(i.USART_Bind)
    USART_Cmd                                0x08006ea9   Thumb Code    20  stm32f4xx_usart.o(i.USART_Cmd)
    USART_Config                             0x08006ebd   Thumb Code   366  stm32util.o(i.USART_Config)
    USART_DMACmd                             0x0800704d   Thumb Code    16  stm32f4xx_usart.o(i.USART_DMACmd)
    USART_GetITStatus                        0x0800705d   Thumb Code    62  stm32f4xx_usart.o(i.USART_GetITStatus)
    USART_ITConfig                           0x0800709b   Thumb Code    48  stm32f4xx_usart.o(i.USART_ITConfig)
    USART_Init                               0x080070cd   Thumb Code   164  stm32f4xx_usart.o(i.USART_Init)
    USART_ReceiveData                        0x08007179   Thumb Code     8  stm32f4xx_usart.o(i.USART_ReceiveData)
    USART_SendData                           0x08007181   Thumb Code     8  stm32f4xx_usart.o(i.USART_SendData)
    Upd_Init                                 0x08007189   Thumb Code    48  upd.o(i.Upd_Init)
    Upd_Proc                                 0x080071c1   Thumb Code   102  upd.o(i.Upd_Proc)
    Upl_Init                                 0x08007229   Thumb Code    14  upl.o(i.Upl_Init)
    Upl_Proc                                 0x0800723d   Thumb Code   276  upl.o(i.Upl_Proc)
    UsageFault_Handler                       0x0800758d   Thumb Code     2  stm32f4xx_it.o(i.UsageFault_Handler)
    Wdg_Feed                                 0x08007591   Thumb Code    10  wdg.o(i.Wdg_Feed)
    Wdg_HasErr                               0x080075a1   Thumb Code     8  wdg.o(i.Wdg_HasErr)
    Wdg_HitErr                               0x080075ad   Thumb Code    16  wdg.o(i.Wdg_HitErr)
    Wdg_Init                                 0x080075c1   Thumb Code    34  wdg.o(i.Wdg_Init)
    Wdg_IsOkay                               0x080075ed   Thumb Code    28  wdg.o(i.Wdg_IsOkay)
    Wdg_Proc                                 0x08007609   Thumb Code    58  wdg.o(i.Wdg_Proc)
    Wsm_GetLastWs                            0x0800764d   Thumb Code     6  wsm.o(i.Wsm_GetLastWs)
    Wsm_GetWs                                0x08007659   Thumb Code     6  wsm.o(i.Wsm_GetWs)
    Wsm_Init                                 0x08007665   Thumb Code    10  wsm.o(i.Wsm_Init)
    Wsm_Proc                                 0x08007675   Thumb Code   218  wsm.o(i.Wsm_Proc)
    ZGyro_Process                            0x08007755   Thumb Code   126  can.o(i.ZGyro_Process)
    ZGyro_Ready                              0x080077e1   Thumb Code    14  can.o(i.ZGyro_Ready)
    ZGyro_Reset                              0x080077ef   Thumb Code     6  can.o(i.ZGyro_Reset)
    __scatterload_copy                       0x080077f5   Thumb Code    14  handlers.o(i.__scatterload_copy)
    __scatterload_null                       0x08007803   Thumb Code     2  handlers.o(i.__scatterload_null)
    __scatterload_zeroinit                   0x08007805   Thumb Code    14  handlers.o(i.__scatterload_zeroinit)
    constrain                                0x08007813   Thumb Code    32  fun.o(i.constrain)
    main                                     0x08007851   Thumb Code    54  main.o(i.main)
    malloc                                   0x08007889   Thumb Code    92  malloc.o(i.malloc)
    map                                      0x080078f5   Thumb Code    56  fun.o(i.map)
    msg_head_vrc                             0x08007d94   Data           4  msg.o(.constdata)
    msg_head_vhc                             0x08007d98   Data           4  msg.o(.constdata)
    msg_head_vdbus                           0x08007d9c   Data           4  msg.o(.constdata)
    msg_head_vcbus                           0x08007da0   Data           4  msg.o(.constdata)
    msg_head_zgyro                           0x08007da4   Data           4  msg.o(.constdata)
    msg_head_kylin                           0x08007da8   Data           4  msg.o(.constdata)
    msg_head_pos_calib                       0x08007dac   Data           4  msg.o(.constdata)
    msg_head_sr04s                           0x08007db0   Data           4  msg.o(.constdata)
    BEEP_TONE_TABLE                          0x08007db4   Data          42  beep.o(.constdata)
    BEEP_START_UP_MUSIC                      0x08007dde   Data          14  beep.o(.constdata)
    sr04                                     0x08007dec   Data          32  sr04.o(.constdata)
    tty                                      0x08007e0c   Data          52  tty.o(.constdata)
    Region$$Table$$Base                      0x08007e40   Number         0  anon$$obj.o(Region$$Table)
    Region$$Table$$Limit                     0x08007e60   Number         0  anon$$obj.o(Region$$Table)
    cfg_sync_flag                            0x20000014   Data           1  cfg.o(.data)
    cfg                                      0x20000015   Data         242  cfg.o(.data)
    _in                                      0x20000120   Data           4  ios.o(.data)
    _out                                     0x20000124   Data           4  ios.o(.data)
    __microlib_freelist                      0x200001b4   Data           4  mvars.o(.data)
    __microlib_freelist_initialised          0x200001b8   Data           4  mvars.o(.data)
    zgyro                                    0x200001d8   Data          44  can.o(.bss)
    motor                                    0x20000204   Data         672  can.o(.bss)
    cmd                                      0x200004a4   Data          76  cmd.o(.bss)
    ctl                                      0x200004f0   Data          76  ctl.o(.bss)
    pid                                      0x2000053c   Data         480  ctl.o(.bss)
    rmp                                      0x2000071c   Data          12  ctl.o(.bss)
    dbus                                     0x20000728   Data          22  dci.o(.bss)
    odo                                      0x20000abc   Data         100  odo.o(.bss)
    srs                                      0x20000dd0   Data         128  srs.o(.bss)
    extiHandlers                             0x20001544   Data          64  stm32util.o(.bss)
    __heap_base                              0x200017b0   Data           0  startup_stm32f427xx.o(HEAP)
    __heap_limit                             0x200027b0   Data           0  startup_stm32f427xx.o(HEAP)
    __initial_sp                             0x20002bb0   Data           0  startup_stm32f427xx.o(STACK)



==============================================================================

Memory Map of the image

  Image Entry point : 0x080001ad

  Load Region LR_IROM1 (Base: 0x08000000, Size: 0x0000801c, Max: 0x00200000, ABSOLUTE, COMPRESSED[0x00007ed4])

    Execution Region ER_IROM1 (Base: 0x08000000, Size: 0x00007e60, Max: 0x00200000, ABSOLUTE)

    Base Addr    Size         Type   Attr      Idx    E Section Name        Object

    0x08000000   0x000001ac   Data   RO         9641    RESET               startup_stm32f427xx.o
    0x080001ac   0x00000000   Code   RO         9684  * .ARM.Collect$$$$00000000  mc_w.l(entry.o)
    0x080001ac   0x00000004   Code   RO         9770    .ARM.Collect$$$$00000001  mc_w.l(entry2.o)
    0x080001b0   0x00000004   Code   RO         9773    .ARM.Collect$$$$00000004  mc_w.l(entry5.o)
    0x080001b4   0x00000000   Code   RO         9775    .ARM.Collect$$$$00000008  mc_w.l(entry7b.o)
    0x080001b4   0x00000000   Code   RO         9777    .ARM.Collect$$$$0000000A  mc_w.l(entry8b.o)
    0x080001b4   0x00000008   Code   RO         9778    .ARM.Collect$$$$0000000B  mc_w.l(entry9a.o)
    0x080001bc   0x00000000   Code   RO         9780    .ARM.Collect$$$$0000000D  mc_w.l(entry10a.o)
    0x080001bc   0x00000000   Code   RO         9782    .ARM.Collect$$$$0000000F  mc_w.l(entry11a.o)
    0x080001bc   0x00000004   Code   RO         9771    .ARM.Collect$$$$00002712  mc_w.l(entry2.o)
    0x080001c0   0x00000024   Code   RO         9642    .text               startup_stm32f427xx.o
    0x080001e4   0x00000024   Code   RO         9687    .text               mc_w.l(memcpya.o)
    0x08000208   0x00000024   Code   RO         9689    .text               mc_w.l(memseta.o)
    0x0800022c   0x0000000e   Code   RO         9691    .text               mc_w.l(strlen.o)
    0x0800023a   0x00000002   PAD
    0x0800023c   0x00000024   Code   RO         9806    .text               mc_w.l(init.o)
    0x08000260   0x00000056   Code   RO         9822    .text               mc_w.l(__dczerorl2.o)
    0x080002b6   0x00000002   PAD
    0x080002b8   0x00000038   Code   RO          536    i.Act_Init          act.o
    0x080002f0   0x00000088   Code   RO          537    i.Act_Proc          act.o
    0x08000378   0x00000056   Code   RO          566    i.App_Init          app.o
    0x080003ce   0x00000016   Code   RO          567    i.App_Proc          app.o
    0x080003e4   0x00000034   Code   RO         3062    i.Beep_Config       beep.o
    0x08000418   0x00000024   Code   RO         3063    i.Beep_Sing         beep.o
    0x0800043c   0x00000014   Code   RO         3064    i.Beep_SingStartupMusic  beep.o
    0x08000450   0x00000050   Code   RO         3104    i.Bsp_Config        bsp.o
    0x080004a0   0x00000004   Code   RO         2927    i.BtmRxCallback     com_srv.o
    0x080004a4   0x00000070   Code   RO         3128    i.Btm_Config        btm.o
    0x08000514   0x00000006   Code   RO          985    i.Btm_Proc          com.o
    0x0800051a   0x00000002   PAD
    0x0800051c   0x0000003c   Code   RO         3137    i.Btm_PutCh         btm.o
    0x08000558   0x0000000c   Code   RO         3243    i.Btn_Config        btn.o
    0x08000564   0x00000002   Code   RO          389    i.BusFault_Handler  stm32f4xx_it.o
    0x08000566   0x00000002   PAD
    0x08000568   0x00000044   Code   RO         3267    i.CAN1_RX0_IRQHandler  can1.o
    0x080005ac   0x00000024   Code   RO         3268    i.CAN1_TX_IRQHandler  can1.o
    0x080005d0   0x00000044   Code   RO         3315    i.CAN2_RX0_IRQHandler  can2.o
    0x08000614   0x00000024   Code   RO         3316    i.CAN2_TX_IRQHandler  can2.o
    0x08000638   0x00000030   Code   RO         4780    i.CAN_ClearFlag     stm32f4xx_can.o
    0x08000668   0x00000078   Code   RO         4781    i.CAN_ClearITPendingBit  stm32f4xx_can.o
    0x080006e0   0x0000006c   Code   RO         3852    i.CAN_Config        stm32util.o
    0x0800074c   0x000000cc   Code   RO         4785    i.CAN_FilterInit    stm32f4xx_can.o
    0x08000818   0x00000036   Code   RO         3853    i.CAN_Filter_Config  stm32util.o
    0x0800084e   0x00000002   PAD
    0x08000850   0x000000a8   Code   RO         4787    i.CAN_GetITStatus   stm32f4xx_can.o
    0x080008f8   0x00000010   Code   RO         4791    i.CAN_ITConfig      stm32f4xx_can.o
    0x08000908   0x000000e8   Code   RO         4792    i.CAN_Init          stm32f4xx_can.o
    0x080009f0   0x00000090   Code   RO         4795    i.CAN_Receive       stm32f4xx_can.o
    0x08000a80   0x000000a4   Code   RO         4800    i.CAN_Transmit      stm32f4xx_can.o
    0x08000b24   0x00000006   Code   RO         2038    i.CBUS_Init         cbus.o
    0x08000b2a   0x0000004e   Code   RO         4341    i.CM_Cmd            motor.o
    0x08000b78   0x00000022   Code   RO         2050    i.CRC16Append       crc16.o
    0x08000b9a   0x00000002   PAD
    0x08000b9c   0x00000030   Code   RO         2051    i.CRC16Calc         crc16.o
    0x08000bcc   0x00000030   Code   RO         2052    i.CRC16Check        crc16.o
    0x08000bfc   0x0000001c   Code   RO          600    i.Cal_Init          cal.o
    0x08000c18   0x00000018   Code   RO          601    i.Cal_IsDone        cal.o
    0x08000c30   0x00000004   Code   RO          602    i.Cal_Proc          cal.o
    0x08000c34   0x00000074   Code   RO          603    i.Cal_ProcGim       cal.o
    0x08000ca8   0x000000e8   Code   RO          604    i.Cal_ProcGpe       cal.o
    0x08000d90   0x00000010   Code   RO          605    i.Cal_SetFlag       cal.o
    0x08000da0   0x00000044   Code   RO          606    i.Cal_SetGpeh       cal.o
    0x08000de4   0x00000044   Code   RO          607    i.Cal_SetGpel       cal.o
    0x08000e28   0x00000004   Code   RO         2906    i.Can1RxCallback    can_srv.o
    0x08000e2c   0x00000070   Code   RO         3269    i.Can1_Config       can1.o
    0x08000e9c   0x00000004   Code   RO         2907    i.Can2RxCallback    can_srv.o
    0x08000ea0   0x00000074   Code   RO         3317    i.Can2_Config       can2.o
    0x08000f14   0x0000002c   Code   RO          686    i.Can_Init          can.o
    0x08000f40   0x000000b4   Code   RO          687    i.Can_Proc          can.o
    0x08000ff4   0x00000012   Code   RO          759    i.Cci_Proc          cci.o
    0x08001006   0x00000002   PAD
    0x08001008   0x0000000c   Code   RO          805    i.Cfg_GetFlag       cfg.o
    0x08001014   0x00000104   Code   RO          807    i.Cfg_Init          cfg.o
    0x08001118   0x00000014   Code   RO          808    i.Cfg_IsSynced      cfg.o
    0x0800112c   0x00000006   Code   RO          809    i.Cfg_Load          cfg.o
    0x08001132   0x00000002   PAD
    0x08001134   0x0000001c   Code   RO          810    i.Cfg_Proc          cfg.o
    0x08001150   0x00000006   Code   RO          812    i.Cfg_Save          cfg.o
    0x08001156   0x00000002   PAD
    0x08001158   0x000000a8   Code   RO         1037    i.ChassisStateCtl   ctl.o
    0x08001200   0x0000000c   Code   RO         4803    i.CheckITStatus     stm32f4xx_can.o
    0x0800120c   0x00000010   Code   RO          899    i.Clk_GetMsTick     clk.o
    0x0800121c   0x00000008   Code   RO          901    i.Clk_GetUsTick     clk.o
    0x08001224   0x00000014   Code   RO          902    i.Clk_Init          clk.o
    0x08001238   0x0000000c   Code   RO          949    i.Cmd_Init          cmd.o
    0x08001244   0x0000013c   Code   RO          950    i.Cmd_Proc          cmd.o
    0x08001380   0x0000000e   Code   RO          986    i.Com_Init          com.o
    0x0800138e   0x00000002   PAD
    0x08001390   0x00000064   Code   RO         1038    i.Cpl_Init          ctl.o
    0x080013f4   0x0000006c   Code   RO         1039    i.Ctl_Init          ctl.o
    0x08001460   0x0000002c   Code   RO         1040    i.Ctl_Proc          ctl.o
    0x0800148c   0x00000064   Code   RO         1041    i.Cvl_Init          ctl.o
    0x080014f0   0x00000018   Code   RO         2094    i.DBUS_Dec          dbus.o
    0x08001508   0x00000014   Code   RO         2096    i.DBUS_Init         dbus.o
    0x0800151c   0x00000014   Code   RO         5575    i.DMA_Cmd           stm32f4xx_dma.o
    0x08001530   0x0000006c   Code   RO         3854    i.DMA_Config        stm32util.o
    0x0800159c   0x00000014   Code   RO         5577    i.DMA_DoubleBufferModeCmd  stm32f4xx_dma.o
    0x080015b0   0x00000016   Code   RO         5578    i.DMA_DoubleBufferModeConfig  stm32f4xx_dma.o
    0x080015c6   0x00000006   Code   RO         5581    i.DMA_GetCurrDataCounter  stm32f4xx_dma.o
    0x080015cc   0x0000000e   Code   RO         5582    i.DMA_GetCurrentMemoryTarget  stm32f4xx_dma.o
    0x080015da   0x00000002   PAD
    0x080015dc   0x00000054   Code   RO         5587    i.DMA_Init          stm32f4xx_dma.o
    0x08001630   0x00000004   Code   RO         2928    i.DbiRxCallback     com_srv.o
    0x08001634   0x00000070   Code   RO         3363    i.Dbi_Config        dbi.o
    0x080016a4   0x00000044   Code   RO         3364    i.Dbi_GetCh         dbi.o
    0x080016e8   0x00000006   Code   RO          988    i.Dbi_Proc          com.o
    0x080016ee   0x00000002   PAD
    0x080016f0   0x0000003c   Code   RO         3372    i.Dbi_PutCh         dbi.o
    0x0800172c   0x00000018   Code   RO         1109    i.Dci_Init          dci.o
    0x08001744   0x00000048   Code   RO         1110    i.Dci_Proc          dci.o
    0x0800178c   0x00000002   Code   RO          390    i.DebugMon_Handler  stm32f4xx_it.o
    0x0800178e   0x00000018   Code   RO         4285    i.Delay_Ms          delay.o
    0x080017a6   0x00000002   PAD
    0x080017a8   0x00000020   Code   RO         1151    i.Dnl_Init          dnl.o
    0x080017c8   0x00000150   Code   RO         1152    i.Dnl_Proc          dnl.o
    0x08001918   0x00000030   Code   RO         3855    i.EXTI0_IRQHandler  stm32util.o
    0x08001948   0x000000d4   Code   RO         3856    i.EXTI15_10_IRQHandler  stm32util.o
    0x08001a1c   0x00000030   Code   RO         3857    i.EXTI1_IRQHandler  stm32util.o
    0x08001a4c   0x00000030   Code   RO         3858    i.EXTI2_IRQHandler  stm32util.o
    0x08001a7c   0x00000030   Code   RO         3859    i.EXTI3_IRQHandler  stm32util.o
    0x08001aac   0x00000030   Code   RO         3860    i.EXTI4_IRQHandler  stm32util.o
    0x08001adc   0x000000a8   Code   RO         3861    i.EXTI9_5_IRQHandler  stm32util.o
    0x08001b84   0x0000011c   Code   RO         3862    i.EXTI_Bind         stm32util.o
    0x08001ca0   0x0000000c   Code   RO         5861    i.EXTI_ClearFlag    stm32f4xx_exti.o
    0x08001cac   0x0000000c   Code   RO         5862    i.EXTI_ClearITPendingBit  stm32f4xx_exti.o
    0x08001cb8   0x00000028   Code   RO         3863    i.EXTI_Config       stm32util.o
    0x08001ce0   0x00000014   Code   RO         5866    i.EXTI_GetITStatus  stm32f4xx_exti.o
    0x08001cf4   0x00000070   Code   RO         5867    i.EXTI_Init         stm32f4xx_exti.o
    0x08001d64   0x00000010   Code   RO         3864    i.EXTI_SetHandler   stm32util.o
    0x08001d74   0x00000008   Code   RO         2120    i.Ekf_Init          ekf.o
    0x08001d7c   0x0000004a   Code   RO         2121    i.Ekf_Proc          ekf.o
    0x08001dc6   0x00000002   PAD
    0x08001dc8   0x0000001c   Code   RO         2122    i.Ekf_Reset         ekf.o
    0x08001de4   0x00000016   Code   RO         2219    i.FIFO_Flush        fifo.o
    0x08001dfa   0x00000008   Code   RO         2220    i.FIFO_GetFree      fifo.o
    0x08001e02   0x00000004   Code   RO         2221    i.FIFO_GetSize      fifo.o
    0x08001e06   0x00000004   Code   RO         2222    i.FIFO_GetUsed      fifo.o
    0x08001e0a   0x00000008   Code   RO         2223    i.FIFO_Init         fifo.o
    0x08001e12   0x0000000c   Code   RO         2224    i.FIFO_IsEmpty      fifo.o
    0x08001e1e   0x00000010   Code   RO         2225    i.FIFO_IsFull       fifo.o
    0x08001e2e   0x00000028   Code   RO         2226    i.FIFO_Peek         fifo.o
    0x08001e56   0x00000034   Code   RO         2227    i.FIFO_Pop          fifo.o
    0x08001e8a   0x0000003a   Code   RO         2228    i.FIFO_Push         fifo.o
    0x08001ec4   0x0000001c   Code   RO         5928    i.FLASH_DataCacheCmd  stm32f4xx_flash.o
    0x08001ee0   0x0000006c   Code   RO         5933    i.FLASH_EraseSector  stm32f4xx_flash.o
    0x08001f4c   0x0000003c   Code   RO         5935    i.FLASH_GetStatus   stm32f4xx_flash.o
    0x08001f88   0x00000010   Code   RO         5939    i.FLASH_Lock        stm32f4xx_flash.o
    0x08001f98   0x00000038   Code   RO         5960    i.FLASH_ProgramByte  stm32f4xx_flash.o
    0x08001fd0   0x00000024   Code   RO         5965    i.FLASH_Unlock      stm32f4xx_flash.o
    0x08001ff4   0x0000001e   Code   RO         5966    i.FLASH_WaitForLastOperation  stm32f4xx_flash.o
    0x08002012   0x00000004   Code   RO         1695    i.FS_Cpy            sys.o
    0x08002016   0x00000004   Code   RO         1696    i.FS_Det            sys.o
    0x0800201a   0x00000026   Code   RO         2296    i.Flag_Cpy          fun.o
    0x08002040   0x0000000e   Code   RO         2297    i.Flag_Det          fun.o
    0x0800204e   0x00000006   Code   RO         2298    i.Flag_Get          fun.o
    0x08002054   0x00000008   Code   RO         2300    i.Flag_Set          fun.o
    0x0800205c   0x000000a0   Code   RO         4306    i.Flash_GetSector   flash.o
    0x080020fc   0x00000016   Code   RO         4307    i.Flash_Read        flash.o
    0x08002112   0x00000002   PAD
    0x08002114   0x00000080   Code   RO         4308    i.Flash_Write       flash.o
    0x08002194   0x00000010   Code   RO         1187    i.Fos_Read          fos.o
    0x080021a4   0x00000010   Code   RO         1188    i.Fos_Write         fos.o
    0x080021b4   0x00000048   Code   RO         4342    i.GM_Cmd            motor.o
    0x080021fc   0x00000028   Code   RO         3866    i.GPIO_Af           stm32util.o
    0x08002224   0x00000118   Code   RO         3867    i.GPIO_Config       stm32util.o
    0x0800233c   0x00000010   Code   RO         3871    i.GPIO_In           stm32util.o
    0x0800234c   0x000000a2   Code   RO         6447    i.GPIO_Init         stm32f4xx_gpio.o
    0x080023ee   0x00000012   Code   RO         3872    i.GPIO_Out          stm32util.o
    0x08002400   0x00000020   Code   RO         6448    i.GPIO_PinAFConfig  stm32f4xx_gpio.o
    0x08002420   0x0000000e   Code   RO         6451    i.GPIO_ReadInputDataBit  stm32f4xx_gpio.o
    0x0800242e   0x0000000e   Code   RO         6453    i.GPIO_ReadOutputDataBit  stm32f4xx_gpio.o
    0x0800243c   0x00000004   Code   RO         6454    i.GPIO_ResetBits    stm32f4xx_gpio.o
    0x08002440   0x00000004   Code   RO         6455    i.GPIO_SetBits      stm32f4xx_gpio.o
    0x08002444   0x00000298   Code   RO          760    i.GetChassisStateRef  cci.o
    0x080026dc   0x000000f8   Code   RO         1217    i.GetChassisStateRef  hci.o
    0x080027d4   0x000000c4   Code   RO         1549    i.GetChassisStateRef  rci.o
    0x08002898   0x0000007c   Code   RO         1450    i.GetFunctionalStateFdb  odo.o
    0x08002914   0x00000238   Code   RO          761    i.GetGrabberStateRef  cci.o
    0x08002b4c   0x00000100   Code   RO         1218    i.GetGrabberStateRef  hci.o
    0x08002c4c   0x000000f0   Code   RO         1550    i.GetGrabberStateRef  rci.o
    0x08002d3c   0x00000064   Code   RO         1042    i.Gpl_Init          ctl.o
    0x08002da0   0x00000070   Code   RO         1043    i.GrabberStateCtl   ctl.o
    0x08002e10   0x00000064   Code   RO         1044    i.Gvl_Init          ctl.o
    0x08002e74   0x00000002   Code   RO          391    i.HardFault_Handler  stm32f4xx_it.o
    0x08002e76   0x00000002   PAD
    0x08002e78   0x00000026   Code   RO         2401    i.Hcf_Init          hcf.o
    0x08002e9e   0x00000040   Code   RO         2402    i.Hcf_Proc          hcf.o
    0x08002ede   0x00000002   PAD
    0x08002ee0   0x00000034   Code   RO         1219    i.Hci_Init          hci.o
    0x08002f14   0x00000010   Code   RO         1220    i.Hci_MouseBtn      hci.o
    0x08002f24   0x0000000c   Code   RO         1221    i.Hci_PreProc       hci.o
    0x08002f30   0x00000018   Code   RO         1222    i.Hci_Proc          hci.o
    0x08002f48   0x0000001e   Code   RO         2419    i.Hcp_Dec           hcp.o
    0x08002f66   0x0000001c   Code   RO         2421    i.Hcp_Init          hcp.o
    0x08002f82   0x00000002   PAD
    0x08002f84   0x0000000c   Code   RO         1270    i.Ini_Init          ini.o
    0x08002f90   0x00000018   Code   RO         1271    i.Ini_IsDone        ini.o
    0x08002fa8   0x00000090   Code   RO         1272    i.Ini_Proc          ini.o
    0x08003038   0x00000004   Code   RO         1320    i.Ios_GetCh         ios.o
    0x0800303c   0x0000001c   Code   RO         1321    i.Ios_Init          ios.o
    0x08003058   0x00000012   Code   RO         1322    i.Ios_PutCh         ios.o
    0x0800306a   0x00000002   PAD
    0x0800306c   0x00000010   Code   RO         1325    i.Ios_SetIn         ios.o
    0x0800307c   0x00000010   Code   RO         1326    i.Ios_SetOut        ios.o
    0x0800308c   0x00000034   Code   RO          458    i.KOS_Boot          kos.o
    0x080030c0   0x00000018   Code   RO         3502    i.Key_Config        key.o
    0x080030d8   0x00000030   Code   RO         3532    i.Led_Config        led.o
    0x08003108   0x00000008   Code   RO         2625    i.Maf_Init          maf.o
    0x08003110   0x00000042   Code   RO         2627    i.Maf_Proc          maf.o
    0x08003152   0x00000002   PAD
    0x08003154   0x00000030   Code   RO         2628    i.Maf_Reset         maf.o
    0x08003184   0x00000010   Code   RO         1407    i.Mec_Decomp        mec.o
    0x08003194   0x00000030   Code   RO         1408    i.Mec_Init          mec.o
    0x080031c4   0x00000010   Code   RO         1409    i.Mec_Synthe        mec.o
    0x080031d4   0x0000002a   Code   RO         2665    i.Mecanum_Config    mecanum.o
    0x080031fe   0x0000008e   Code   RO         2666    i.Mecanum_Decomp    mecanum.o
    0x0800328c   0x00000072   Code   RO         2667    i.Mecanum_Synthe    mecanum.o
    0x080032fe   0x00000002   Code   RO          392    i.MemManage_Handler  stm32f4xx_it.o
    0x08003300   0x00000140   Code   RO          690    i.Motor_Process     can.o
    0x08003440   0x0000000e   Code   RO          691    i.Motor_Ready       can.o
    0x0800344e   0x00000006   Code   RO          692    i.Motor_Reset       can.o
    0x08003454   0x00000076   Code   RO         2689    i.Msg_Pop           msg.o
    0x080034ca   0x0000004a   Code   RO         2690    i.Msg_Push          msg.o
    0x08003514   0x00000002   Code   RO          393    i.NMI_Handler       stm32f4xx_it.o
    0x08003516   0x0000001c   Code   RO         3879    i.NVIC_Config       stm32util.o
    0x08003532   0x00000002   PAD
    0x08003534   0x00000064   Code   RO         4482    i.NVIC_Init         misc.o
    0x08003598   0x00000014   Code   RO         4483    i.NVIC_PriorityGroupConfig  misc.o
    0x080035ac   0x00000020   Code   RO         1451    i.Odo_Init          odo.o
    0x080035cc   0x00000134   Code   RO         1452    i.Odo_Proc          odo.o
    0x08003700   0x0000011c   Code   RO         2732    i.PID_Calc          pid.o
    0x0800381c   0x00000006   Code   RO         2733    i.PID_Config        pid.o
    0x08003822   0x00000002   PAD
    0x08003824   0x00000024   Code   RO         2734    i.PID_Reset         pid.o
    0x08003848   0x00001544   Code   RO         3880    i.PWM_Bind          stm32util.o
    0x08004d8c   0x00000002   Code   RO          394    i.PendSV_Handler    stm32f4xx_it.o
    0x08004d8e   0x00000002   PAD
    0x08004d90   0x0000004c   Code   RO         3719    i.Pwm_Config        pwm.o
    0x08004ddc   0x00000050   Code   RO         1493    i.Pwr_Init          pwr.o
    0x08004e2c   0x00000014   Code   RO         1494    i.Pwr_IsOkay        pwr.o
    0x08004e40   0x00000018   Code   RO         7394    i.RCC_AHB1PeriphClockCmd  stm32f4xx_rcc.o
    0x08004e58   0x00000018   Code   RO         7403    i.RCC_APB1PeriphClockCmd  stm32f4xx_rcc.o
    0x08004e70   0x00000018   Code   RO         7406    i.RCC_APB2PeriphClockCmd  stm32f4xx_rcc.o
    0x08004e88   0x00000094   Code   RO         7415    i.RCC_GetClocksFreq  stm32f4xx_rcc.o
    0x08004f1c   0x00000028   Code   RO         2756    i.Rcf_Init          rcf.o
    0x08004f44   0x00000040   Code   RO         2757    i.Rcf_Proc          rcf.o
    0x08004f84   0x0000000c   Code   RO         1551    i.Rci_Init          rci.o
    0x08004f90   0x0000000c   Code   RO         1553    i.Rci_PreProc       rci.o
    0x08004f9c   0x00000012   Code   RO         1554    i.Rci_Proc          rci.o
    0x08004fae   0x00000002   PAD
    0x08004fb0   0x00000010   Code   RO         1555    i.Rci_Sw            rci.o
    0x08004fc0   0x0000004e   Code   RO         2774    i.Rcp_Dec           rcp.o
    0x0800500e   0x00000040   Code   RO         2775    i.Rcp_Enc           rcp.o
    0x0800504e   0x00000002   PAD
    0x08005050   0x00000026   Code   RO         2776    i.Rcp_Init          rcp.o
    0x08005076   0x00000004   Code   RO         2987    i.RcvCallback       rcv_srv.o
    0x0800507a   0x00000002   PAD
    0x0800507c   0x00000094   Code   RO         3743    i.Rcv_Config        rcv.o
    0x08005110   0x00000020   Code   RO         1111    i.Rcv_Proc          dci.o
    0x08005130   0x0000002a   Code   RO         2798    i.Rmp_Calc          rmp.o
    0x0800515a   0x00000004   Code   RO         2799    i.Rmp_Config        rmp.o
    0x0800515e   0x00000002   PAD
    0x08005160   0x00000014   Code   RO         2801    i.Rmp_Reset         rmp.o
    0x08005174   0x00000004   Code   RO         2963    i.SR04Callback      ext_srv.o
    0x08005178   0x00000020   Code   RO         3811    i.SR04_Bind         sr04.o
    0x08005198   0x0000001c   Code   RO         3812    i.SR04_Config       sr04.o
    0x080051b4   0x0000007c   Code   RO         3813    i.SR04_IRQHandler   sr04.o
    0x08005230   0x00000002   Code   RO          395    i.SVC_Handler       stm32f4xx_it.o
    0x08005232   0x00000002   PAD
    0x08005234   0x00000030   Code   RO         8732    i.SYSCFG_EXTILineConfig  stm32f4xx_syscfg.o
    0x08005264   0x00000040   Code   RO          485    i.Sch_Arrange       sch.o
    0x080052a4   0x00000018   Code   RO          487    i.Sch_Init          sch.o
    0x080052bc   0x00000030   Code   RO          488    i.Sch_Proc          sch.o
    0x080052ec   0x000000d0   Code   RO         9601    i.SetSysClock       system_stm32f4xx.o
    0x080053bc   0x00000010   Code   RO         1609    i.Snd_Init          snd.o
    0x080053cc   0x0000000c   Code   RO         1610    i.Snd_Play          snd.o
    0x080053d8   0x00000040   Code   RO         1611    i.Snd_Proc          snd.o
    0x08005418   0x0000000c   Code   RO         1612    i.Snd_Stop          snd.o
    0x08005424   0x00000080   Code   RO         1653    i.Sr04_Proc         srs.o
    0x080054a4   0x0000002c   Code   RO         1654    i.Srs_Init          srs.o
    0x080054d0   0x00000114   Code   RO         1655    i.Srs_Proc          srs.o
    0x080055e4   0x00000004   Code   RO         3029    i.SyncTimCallback   tim_srv.o
    0x080055e8   0x0000002c   Code   RO         4093    i.SyncTim_Config    tim.o
    0x08005614   0x00000028   Code   RO         4094    i.SyncTim_Start     tim.o
    0x0800563c   0x0000005c   Code   RO         9603    i.SystemInit        system_stm32f4xx.o
    0x08005698   0x0000002a   Code   RO         4096    i.TIM2_IRQHandler   tim.o
    0x080056c2   0x00000002   PAD
    0x080056c4   0x00000030   Code   RO         4097    i.TIM6_DAC_IRQHandler  tim.o
    0x080056f4   0x00000014   Code   RO         8791    i.TIM_ARRPreloadConfig  stm32f4xx_tim.o
    0x08005708   0x00000006   Code   RO         8797    i.TIM_ClearFlag     stm32f4xx_tim.o
    0x0800570e   0x00000006   Code   RO         8798    i.TIM_ClearITPendingBit  stm32f4xx_tim.o
    0x08005714   0x00000014   Code   RO         8803    i.TIM_Cmd           stm32f4xx_tim.o
    0x08005728   0x00000144   Code   RO         3885    i.TIM_Config        stm32util.o
    0x0800586c   0x00000018   Code   RO         8824    i.TIM_GetITStatus   stm32f4xx_tim.o
    0x08005884   0x00000010   Code   RO         8828    i.TIM_ITConfig      stm32f4xx_tim.o
    0x08005894   0x00000060   Code   RO         8832    i.TIM_OC1Init       stm32f4xx_tim.o
    0x080058f4   0x0000000c   Code   RO         8835    i.TIM_OC1PreloadConfig  stm32f4xx_tim.o
    0x08005900   0x00000080   Code   RO         8837    i.TIM_OC2Init       stm32f4xx_tim.o
    0x08005980   0x00000014   Code   RO         8840    i.TIM_OC2PreloadConfig  stm32f4xx_tim.o
    0x08005994   0x0000007c   Code   RO         8842    i.TIM_OC3Init       stm32f4xx_tim.o
    0x08005a10   0x0000000c   Code   RO         8845    i.TIM_OC3PreloadConfig  stm32f4xx_tim.o
    0x08005a1c   0x00000060   Code   RO         8847    i.TIM_OC4Init       stm32f4xx_tim.o
    0x08005a7c   0x00000014   Code   RO         8849    i.TIM_OC4PreloadConfig  stm32f4xx_tim.o
    0x08005a90   0x00000082   Code   RO         3886    i.TIM_OC_Config     stm32util.o
    0x08005b12   0x00000002   PAD
    0x08005b14   0x0000007c   Code   RO         8875    i.TIM_TimeBaseInit  stm32f4xx_tim.o
    0x08005b90   0x00000002   Code   RO         3030    i.TickTimCallback   tim_srv.o
    0x08005b92   0x0000002e   Code   RO         4098    i.TickTim_Config    tim.o
    0x08005bc0   0x00000022   Code   RO         4099    i.TickTim_Start     tim.o
    0x08005be2   0x0000000e   Code   RO         4101    i.Tim_Config        tim.o
    0x08005bf0   0x0000000e   Code   RO         4102    i.Tim_Start         tim.o
    0x08005bfe   0x00000004   Code   RO         2929    i.TtyRxCallback     com_srv.o
    0x08005c02   0x00000002   PAD
    0x08005c04   0x00000070   Code   RO         4173    i.Tty_Config        tty.o
    0x08005c74   0x00000044   Code   RO         4174    i.Tty_GetCh         tty.o
    0x08005cb8   0x0000000c   Code   RO         4175    i.Tty_GetRxFifoFree  tty.o
    0x08005cc4   0x0000000c   Code   RO         4176    i.Tty_GetRxFifoSize  tty.o
    0x08005cd0   0x0000000c   Code   RO         4177    i.Tty_GetRxFifoUsed  tty.o
    0x08005cdc   0x0000000c   Code   RO         4178    i.Tty_GetTxFifoFree  tty.o
    0x08005ce8   0x0000000c   Code   RO         4179    i.Tty_GetTxFifoSize  tty.o
    0x08005cf4   0x0000000c   Code   RO         4180    i.Tty_GetTxFifoUsed  tty.o
    0x08005d00   0x0000001c   Code   RO         4181    i.Tty_Print         tty.o
    0x08005d1c   0x00000006   Code   RO          989    i.Tty_Proc          com.o
    0x08005d22   0x00000002   PAD
    0x08005d24   0x0000003c   Code   RO         4182    i.Tty_PutCh         tty.o
    0x08005d60   0x00000050   Code   RO         4183    i.Tty_Read          tty.o
    0x08005db0   0x00000048   Code   RO         4184    i.Tty_ReadByte      tty.o
    0x08005df8   0x00000050   Code   RO         4185    i.Tty_Write         tty.o
    0x08005e48   0x00000044   Code   RO         4186    i.Tty_WriteByte     tty.o
    0x08005e8c   0x00000074   Code   RO         3746    i.USART1_IRQHandler  rcv.o
    0x08005f00   0x00000098   Code   RO         3142    i.USART2_IRQHandler  btm.o
    0x08005f98   0x00000098   Code   RO         3377    i.USART3_IRQHandler  dbi.o
    0x08006030   0x00000098   Code   RO         4187    i.USART6_IRQHandler  tty.o
    0x080060c8   0x00000de0   Code   RO         3887    i.USART_Bind        stm32util.o
    0x08006ea8   0x00000014   Code   RO         9344    i.USART_Cmd         stm32f4xx_usart.o
    0x08006ebc   0x00000190   Code   RO         3888    i.USART_Config      stm32util.o
    0x0800704c   0x00000010   Code   RO         9345    i.USART_DMACmd      stm32f4xx_usart.o
    0x0800705c   0x0000003e   Code   RO         9348    i.USART_GetITStatus  stm32f4xx_usart.o
    0x0800709a   0x00000030   Code   RO         9350    i.USART_ITConfig    stm32f4xx_usart.o
    0x080070ca   0x00000002   PAD
    0x080070cc   0x000000ac   Code   RO         9351    i.USART_Init        stm32f4xx_usart.o
    0x08007178   0x00000008   Code   RO         9358    i.USART_ReceiveData  stm32f4xx_usart.o
    0x08007180   0x00000008   Code   RO         9361    i.USART_SendData    stm32f4xx_usart.o
    0x08007188   0x00000038   Code   RO         1756    i.Upd_Init          upd.o
    0x080071c0   0x00000066   Code   RO         1757    i.Upd_Proc          upd.o
    0x08007226   0x00000002   PAD
    0x08007228   0x00000014   Code   RO         1786    i.Upl_Init          upl.o
    0x0800723c   0x00000144   Code   RO         1787    i.Upl_Proc          upl.o
    0x08007380   0x00000110   Code   RO         1788    i.Upl_PushKylinMsg  upl.o
    0x08007490   0x000000d0   Code   RO         1789    i.Upl_PushPosCalib  upl.o
    0x08007560   0x0000002c   Code   RO         1790    i.Upl_SendMsg       upl.o
    0x0800758c   0x00000002   Code   RO          396    i.UsageFault_Handler  stm32f4xx_it.o
    0x0800758e   0x00000002   PAD
    0x08007590   0x00000010   Code   RO         1831    i.Wdg_Feed          wdg.o
    0x080075a0   0x0000000c   Code   RO         1834    i.Wdg_HasErr        wdg.o
    0x080075ac   0x00000014   Code   RO         1835    i.Wdg_HitErr        wdg.o
    0x080075c0   0x0000002c   Code   RO         1836    i.Wdg_Init          wdg.o
    0x080075ec   0x0000001c   Code   RO         1837    i.Wdg_IsOkay        wdg.o
    0x08007608   0x00000044   Code   RO         1838    i.Wdg_Proc          wdg.o
    0x0800764c   0x0000000c   Code   RO         1890    i.Wsm_GetLastWs     wsm.o
    0x08007658   0x0000000c   Code   RO         1891    i.Wsm_GetWs         wsm.o
    0x08007664   0x00000010   Code   RO         1892    i.Wsm_Init          wsm.o
    0x08007674   0x000000e0   Code   RO         1893    i.Wsm_Proc          wsm.o
    0x08007754   0x0000008c   Code   RO          693    i.ZGyro_Process     can.o
    0x080077e0   0x0000000e   Code   RO          694    i.ZGyro_Ready       can.o
    0x080077ee   0x00000006   Code   RO          695    i.ZGyro_Reset       can.o
    0x080077f4   0x0000000e   Code   RO         9816    i.__scatterload_copy  mc_w.l(handlers.o)
    0x08007802   0x00000002   Code   RO         9817    i.__scatterload_null  mc_w.l(handlers.o)
    0x08007804   0x0000000e   Code   RO         9818    i.__scatterload_zeroinit  mc_w.l(handlers.o)
    0x08007812   0x00000020   Code   RO         2302    i.constrain         fun.o
    0x08007832   0x00000002   PAD
    0x08007834   0x0000001c   Code   RO          489    i.getSchTask        sch.o
    0x08007850   0x00000036   Code   RO            4    i.main              main.o
    0x08007886   0x00000002   PAD
    0x08007888   0x0000006c   Code   RO         9696    i.malloc            mc_w.l(malloc.o)
    0x080078f4   0x00000038   Code   RO         2303    i.map               fun.o
    0x0800792c   0x00000028   Code   RO          490    i.newSchTask        sch.o
    0x08007954   0x000001e6   Data   RO          816    .constdata          cfg.o
    0x08007b3a   0x00000002   PAD
    0x08007b3c   0x00000058   Data   RO         1839    .constdata          wdg.o
    0x08007b94   0x00000200   Data   RO         2053    .constdata          crc16.o
    0x08007d94   0x00000004   Data   RO         2691    .constdata          msg.o
    0x08007d98   0x00000004   Data   RO         2692    .constdata          msg.o
    0x08007d9c   0x00000004   Data   RO         2693    .constdata          msg.o
    0x08007da0   0x00000004   Data   RO         2694    .constdata          msg.o
    0x08007da4   0x00000004   Data   RO         2695    .constdata          msg.o
    0x08007da8   0x00000004   Data   RO         2703    .constdata          msg.o
    0x08007dac   0x00000004   Data   RO         2709    .constdata          msg.o
    0x08007db0   0x00000004   Data   RO         2710    .constdata          msg.o
    0x08007db4   0x00000038   Data   RO         3065    .constdata          beep.o
    0x08007dec   0x00000020   Data   RO         3814    .constdata          sr04.o
    0x08007e0c   0x00000034   Data   RO         4189    .constdata          tty.o
    0x08007e40   0x00000020   Data   RO         9814    Region$$Table       anon$$obj.o


    Execution Region RW_IRAM1 (Base: 0x20000000, Size: 0x00002bb0, Max: 0x00030000, ABSOLUTE, COMPRESSED[0x00000074])

    Base Addr    Size         Type   Attr      Idx    E Section Name        Object

    0x20000000   0x0000000c   Data   RW          491    .data               sch.o
    0x2000000c   0x00000008   Data   RW          609    .data               cal.o
    0x20000014   0x000000f3   Data   RW          817    .data               cfg.o
    0x20000107   0x00000001   PAD
    0x20000108   0x00000014   Data   RW          904    .data               clk.o
    0x2000011c   0x00000004   Data   RW         1274    .data               ini.o
    0x20000120   0x00000008   Data   RW         1331    .data               ios.o
    0x20000128   0x00000004   Data   RW         1454    .data               odo.o
    0x2000012c   0x00000004   Data   RW         1498    .data               pwr.o
    0x20000130   0x0000000c   Data   RW         1613    .data               snd.o
    0x2000013c   0x00000004   Data   RW         1657    .data               srs.o
    0x20000140   0x00000004   Data   RW         1792    .data               upl.o
    0x20000144   0x0000005c   Data   RW         1840    .data               wdg.o
    0x200001a0   0x00000002   Data   RW         1894    .data               wsm.o
    0x200001a2   0x00000010   Data   RW         7447    .data               stm32f4xx_rcc.o
    0x200001b2   0x00000002   PAD
    0x200001b4   0x00000004   Data   RW         9784    .data               mc_w.l(mvars.o)
    0x200001b8   0x00000004   Data   RW         9785    .data               mc_w.l(mvars.o)
    0x200001bc   0x0000001c   Zero   RW          608    .bss                cal.o
    0x200001d8   0x000002cc   Zero   RW          696    .bss                can.o
    0x200004a4   0x0000004c   Zero   RW          951    .bss                cmd.o
    0x200004f0   0x00000238   Zero   RW         1045    .bss                ctl.o
    0x20000728   0x00000016   Zero   RW         1112    .bss                dci.o
    0x2000073e   0x00000002   PAD
    0x20000740   0x00000278   Zero   RW         1153    .bss                dnl.o
    0x200009b8   0x000000f0   Zero   RW         1223    .bss                hci.o
    0x20000aa8   0x00000014   Zero   RW         1410    .bss                mec.o
    0x20000abc   0x00000064   Zero   RW         1453    .bss                odo.o
    0x20000b20   0x000002a0   Zero   RW         1497    .bss                pwr.o
    0x20000dc0   0x00000010   Zero   RW         1556    .bss                rci.o
    0x20000dd0   0x00000080   Zero   RW         1656    .bss                srs.o
    0x20000e50   0x0000025c   Zero   RW         1791    .bss                upl.o
    0x200010ac   0x00000228   Zero   RW         3143    .bss                btm.o
    0x200012d4   0x00000228   Zero   RW         3378    .bss                dbi.o
    0x200014fc   0x00000048   Zero   RW         3747    .bss                rcv.o
    0x20001544   0x00000040   Zero   RW         3889    .bss                stm32util.o
    0x20001584   0x00000228   Zero   RW         4188    .bss                tty.o
    0x200017ac   0x00000004   PAD
    0x200017b0   0x00001000   Zero   RW         9640    HEAP                startup_stm32f427xx.o
    0x200027b0   0x00000400   Zero   RW         9639    STACK               startup_stm32f427xx.o


==============================================================================

Image component sizes


      Code (inc. data)   RO Data    RW Data    ZI Data      Debug   Object Name

       192         22          0          0          0       1294   act.o
       108          0          0          0          0       1014   app.o
       108         22         56          0          0       3096   beep.o
        80          4          0          0          0        525   bsp.o
       324         38          0          0        552       2287   btm.o
        12          6          0          0          0        429   btn.o
       556        122          0          8         28       4529   cal.o
       724         64          0          0        716       6694   can.o
       216         24          0          0          0       1597   can1.o
       220         26          0          0          0       1605   can2.o
         8          0          0          0          0       1290   can_srv.o
         6          0          0          0          0        724   cbus.o
      1250         58          0          0          0       2595   cci.o
       332         24        486        243          0       6065   cfg.o
        44          4          0         20          0       1603   clk.o
       328         12          0          0         76       1524   cmd.o
        32          0          0          0          0       1772   com.o
        12          0          0          0          0       1428   com_srv.o
       130          4        512          0          0       2439   crc16.o
       832         90          0          0        568       5156   ctl.o
       392         46          0          0        552       2811   dbi.o
        44          0          0          0          0       1375   dbus.o
       128          8          0          0         22       2084   dci.o
        24          0          0          0          0        599   delay.o
       368         44          0          0        632       2310   dnl.o
       110          6          0          0          0       1870   ekf.o
         4          0          0          0          0        511   ext_srv.o
       224          0          0          0          0       6066   fifo.o
       310         52          0          0          0       2771   flash.o
        32         12          0          0          0       1267   fos.o
       154          0          0          0          0       3965   fun.o
       102          0          0          0          0       1442   hcf.o
       608         58          0          0        240       4069   hci.o
        58          0          0          0          0       1301   hcp.o
       180         28          0          4          0       1591   ini.o
        82         22          0          8          0       2941   ios.o
        24          4          0          0          0        473   key.o
        52         10          0          0          0        487   kos.o
        48          8          0          0          0        485   led.o
       122          6          0          0          0       1882   maf.o
        54          0          0          0          0     364236   main.o
        80         20          0          0         20       1605   mec.o
       298          0          0          0          0       2131   mecanum.o
       120         14          0          0          0       1563   misc.o
       150          0          0          0          0       1658   motor.o
       192          0         32          0          0      10739   msg.o
       464         72          0          4        100       2840   odo.o
       326         12          0          0          0       2328   pid.o
        76         10          0          0          0        469   pwm.o
       100         12          0          4        672       1636   pwr.o
       104          0          0          0          0       1462   rcf.o
       494         60          0          0         16       3433   rci.o
       180          0          0          0          0       1823   rcp.o
       264         34          0          0         72       1581   rcv.o
         4          0          0          0          0        742   rcv_srv.o
        66          6          0          0          0       1756   rmp.o
       204         22          0         12          0       3440   sch.o
       104         20          0         12          0       2024   snd.o
       184         18         32          0          0       2841   sr04.o
       448         30          0          4        128       3128   srs.o
        36          8        428          0       5120        840   startup_stm32f427xx.o
      1108         24          0          0          0       7674   stm32f4xx_can.o
       166          4          0          0          0       4974   stm32f4xx_dma.o
       156         20          0          0          0       2773   stm32f4xx_exti.o
       334         36          0          0          0       4888   stm32f4xx_flash.o
       230          0          0          0          0       4344   stm32f4xx_gpio.o
        16          0          0          0          0       3644   stm32f4xx_it.o
       220         34          0         16          0       4871   stm32f4xx_rcc.o
        48          6          0          0          0        692   stm32f4xx_syscfg.o
       724         60          0          0          0      11340   stm32f4xx_tim.o
       334          8          0          0          0       5618   stm32f4xx_usart.o
     11462        342          0          0         64      32972   stm32util.o
         8          0          0          0          0       1338   sys.o
       300         36          0          0          0       1569   system_stm32f4xx.o
       282         18          0          0          0       4265   tim.o
         6          0          0          0          0        892   tim_srv.o
       792        120         52          0        552       8741   tty.o
       158         14          0          0          0       1094   upd.o
       868        120          0          4        604       3358   upl.o
       188         34         88         92          0       3570   wdg.o
       264         30          0          2          0       2226   wsm.o

    ----------------------------------------------------------------------
     30262       2068       1720        436      10740     611084   Object Totals
         0          0         32          0          0          0   (incl. Generated)
        70          0          2          3          6          0   (incl. Padding)

    ----------------------------------------------------------------------

      Code (inc. data)   RO Data    RW Data    ZI Data      Debug   Library Member Name

        86          0          0          0          0          0   __dczerorl2.o
         0          0          0          0          0          0   entry.o
         0          0          0          0          0          0   entry10a.o
         0          0          0          0          0          0   entry11a.o
         8          4          0          0          0          0   entry2.o
         4          0          0          0          0          0   entry5.o
         0          0          0          0          0          0   entry7b.o
         0          0          0          0          0          0   entry8b.o
         8          4          0          0          0          0   entry9a.o
        30          0          0          0          0          0   handlers.o
        36          8          0          0          0         68   init.o
       108         16          0          0          0         84   malloc.o
        36          0          0          0          0         68   memcpya.o
        36          0          0          0          0        108   memseta.o
         0          0          0          8          0          0   mvars.o
        14          0          0          0          0         68   strlen.o

    ----------------------------------------------------------------------
       370         32          0          8          0        396   Library Totals
         4          0          0          0          0          0   (incl. Padding)

    ----------------------------------------------------------------------

      Code (inc. data)   RO Data    RW Data    ZI Data      Debug   Library Name

       366         32          0          8          0        396   mc_w.l

    ----------------------------------------------------------------------
       370         32          0          8          0        396   Library Totals

    ----------------------------------------------------------------------

==============================================================================


      Code (inc. data)   RO Data    RW Data    ZI Data      Debug   

     30632       2100       1720        444      10740     581760   Grand Totals
     30632       2100       1720        116      10740     581760   ELF Image Totals (compressed)
     30632       2100       1720        116          0          0   ROM Totals

==============================================================================

    Total RO  Size (Code + RO Data)                32352 (  31.59kB)
    Total RW  Size (RW Data + ZI Data)             11184 (  10.92kB)
    Total ROM Size (Code + RO Data + RW Data)      32468 (  31.71kB)

==============================================================================

