Component: ARM Compiler 5.06 update 4 (build 422) Tool: armlink [4d35d2]

==============================================================================

Section Cross References

    main.o(i.main) refers to kos.o(i.KOS_Boot) for KOS_Boot
    main.o(i.main) refers to sch.o(i.Sch_Arrange) for Sch_Arrange
    main.o(i.main) refers to upl.o(i.Upl_Proc) for Upl_Proc
    main.o(i.main) refers to clk.o(i.Clk_GetMsTick) for Clk_GetMsTick
    main.o(i.main) refers to main.o(i.task) for task
    main.o(i.task) refers to stm32f4xx_gpio.o(i.GPIO_ToggleBits) for GPIO_ToggleBits
    kos.o(i.KOS_Boot) refers to app.o(i.App_Init) for App_Init
    kos.o(i.KOS_Boot) refers to sch.o(i.Sch_Init) for Sch_Init
    kos.o(i.KOS_Boot) refers to sch.o(i.Sch_Arrange) for Sch_Arrange
    kos.o(i.KOS_Boot) refers to bsp.o(i.Bsp_Config) for Bsp_Config
    kos.o(i.KOS_Boot) refers to act.o(i.Act_Init) for Act_Init
    kos.o(i.KOS_Boot) refers to tim.o(i.Tim_Start) for Tim_Start
    kos.o(i.KOS_Boot) refers to app.o(i.App_Proc) for App_Proc
    kos.o(i.KOS_Stop) refers to sch.o(i.Sch_Dismiss) for Sch_Dismiss
    kos.o(i.KOS_Stop) refers to act.o(i.Act_Init) for Act_Init
    kos.o(i.KOS_Stop) refers to app.o(i.App_Proc) for App_Proc
    sch.o(i.Sch_Arrange) refers to sch.o(i.getSchTask) for getSchTask
    sch.o(i.Sch_Arrange) refers to sch.o(i.newSchTask) for newSchTask
    sch.o(i.Sch_Arrange) refers to sch.o(.data) for .data
    sch.o(i.Sch_Dismiss) refers to sch.o(i.getSchTask) for getSchTask
    sch.o(i.Sch_Dismiss) refers to malloc.o(i.free) for free
    sch.o(i.Sch_Dismiss) refers to sch.o(.data) for .data
    sch.o(i.Sch_Init) refers to sch.o(.data) for .data
    sch.o(i.Sch_Proc) refers to sch.o(.data) for .data
    sch.o(i.getSchTask) refers to sch.o(.data) for .data
    sch.o(i.newSchTask) refers to malloc.o(i.malloc) for malloc
    sch.o(i.newSchTask) refers to memseta.o(.text) for __aeabi_memclr4
    act.o(i.Act_Init) refers to motor.o(i.CM_Cmd) for CM_Cmd
    act.o(i.Act_Init) refers to motor.o(i.GM_Cmd) for GM_Cmd
    act.o(i.Act_Proc) refers to motor.o(i.CM_Cmd) for CM_Cmd
    act.o(i.Act_Proc) refers to motor.o(i.GM_Cmd) for GM_Cmd
    act.o(i.Act_Proc) refers to ctl.o(.bss) for ctl
    app.o(i.App_Init) refers to ios.o(i.Ios_Init) for Ios_Init
    app.o(i.App_Init) refers to cfg.o(i.Cfg_Init) for Cfg_Init
    app.o(i.App_Init) refers to clk.o(i.Clk_Init) for Clk_Init
    app.o(i.App_Init) refers to com.o(i.Com_Init) for Com_Init
    app.o(i.App_Init) refers to dci.o(i.Dci_Init) for Dci_Init
    app.o(i.App_Init) refers to wdg.o(i.Wdg_Init) for Wdg_Init
    app.o(i.App_Init) refers to ini.o(i.Ini_Init) for Ini_Init
    app.o(i.App_Init) refers to wsm.o(i.Wsm_Init) for Wsm_Init
    app.o(i.App_Init) refers to upd.o(i.Upd_Init) for Upd_Init
    app.o(i.App_Proc) refers to wdg.o(i.Wdg_Proc) for Wdg_Proc
    app.o(i.App_Proc) refers to ini.o(i.Ini_Proc) for Ini_Proc
    app.o(i.App_Proc) refers to wsm.o(i.Wsm_Proc) for Wsm_Proc
    app.o(i.App_Proc) refers to upd.o(i.Upd_Proc) for Upd_Proc
    cal.o(i.Cal_GetFlag) refers to cal.o(.data) for .data
    cal.o(i.Cal_HasFlag) refers to cal.o(.data) for .data
    cal.o(i.Cal_HitFlag) refers to cal.o(.data) for .data
    cal.o(i.Cal_Init) refers to maf.o(i.Maf_Init) for Maf_Init
    cal.o(i.Cal_Init) refers to cal.o(.data) for .data
    cal.o(i.Cal_Init) refers to cal.o(.bss) for .bss
    cal.o(i.Cal_Proc) refers to stm32f4xx_gpio.o(i.GPIO_ReadInputDataBit) for GPIO_ReadInputDataBit
    cal.o(i.Cal_Proc) refers to motor.o(i.GM_Cmd) for GM_Cmd
    cal.o(i.Cal_Proc) refers to maf.o(i.Maf_Proc) for Maf_Proc
    cal.o(i.Cal_Proc) refers to cal.o(i.Cal_SetGph) for Cal_SetGph
    cal.o(i.Cal_Proc) refers to cal.o(i.Cal_SetGpl) for Cal_SetGpl
    cal.o(i.Cal_Proc) refers to cal.o(.data) for .data
    cal.o(i.Cal_Proc) refers to odo.o(.bss) for odo
    cal.o(i.Cal_Proc) refers to cal.o(.bss) for .bss
    cal.o(i.Cal_SetFlag) refers to cal.o(.data) for .data
    cal.o(i.Cal_SetGph) refers to motor.o(i.GM_Cmd) for GM_Cmd
    cal.o(i.Cal_SetGph) refers to maf.o(i.Maf_Reset) for Maf_Reset
    cal.o(i.Cal_SetGph) refers to fun.o(i.Flag_Set) for Flag_Set
    cal.o(i.Cal_SetGph) refers to cal.o(.bss) for .bss
    cal.o(i.Cal_SetGph) refers to cal.o(.data) for .data
    cal.o(i.Cal_SetGph) refers to odo.o(.bss) for odo
    cal.o(i.Cal_SetGph) refers to cfg.o(.data) for cfg
    cal.o(i.Cal_SetGpl) refers to motor.o(i.GM_Cmd) for GM_Cmd
    cal.o(i.Cal_SetGpl) refers to maf.o(i.Maf_Reset) for Maf_Reset
    cal.o(i.Cal_SetGpl) refers to fun.o(i.Flag_Set) for Flag_Set
    cal.o(i.Cal_SetGpl) refers to cal.o(.bss) for .bss
    cal.o(i.Cal_SetGpl) refers to cal.o(.data) for .data
    cal.o(i.Cal_SetGpl) refers to odo.o(.bss) for odo
    cal.o(i.Cal_SetGpl) refers to cfg.o(.data) for cfg
    can.o(i.Can_Init) refers to can.o(i.Motor_Reset) for Motor_Reset
    can.o(i.Can_Init) refers to can.o(i.ZGyro_Reset) for ZGyro_Reset
    can.o(i.Can_Init) refers to can.o(.bss) for .bss
[...]
    i.ZGyro_Process                          0x08006610   Section        0  can.o(i.ZGyro_Process)
    i.ZGyro_Ready                            0x0800669c   Section        0  can.o(i.ZGyro_Ready)
    i.ZGyro_Reset                            0x080066aa   Section        0  can.o(i.ZGyro_Reset)
    i.__scatterload_copy                     0x080066b0   Section       14  handlers.o(i.__scatterload_copy)
    i.__scatterload_null                     0x080066be   Section        2  handlers.o(i.__scatterload_null)
    i.__scatterload_zeroinit                 0x080066c0   Section       14  handlers.o(i.__scatterload_zeroinit)
    i.constrain                              0x080066ce   Section        0  fun.o(i.constrain)
    i.getSchTask                             0x080066f0   Section        0  sch.o(i.getSchTask)
    getSchTask                               0x080066f1   Thumb Code    22  sch.o(i.getSchTask)
    i.main                                   0x0800670c   Section        0  main.o(i.main)
    i.malloc                                 0x0800672c   Section        0  malloc.o(i.malloc)
    i.map                                    0x08006798   Section        0  fun.o(i.map)
    i.newSchTask                             0x080067d0   Section        0  sch.o(i.newSchTask)
    newSchTask                               0x080067d1   Thumb Code    40  sch.o(i.newSchTask)
    i.task                                   0x080067f8   Section        0  main.o(i.task)
    .constdata                               0x08006808   Section      486  cfg.o(.constdata)
    .constdata                               0x080069f0   Section       68  wdg.o(.constdata)
    CNT                                      0x080069f0   Data          68  wdg.o(.constdata)
    .constdata                               0x08006a34   Section      512  crc16.o(.constdata)
    CRC16Table                               0x08006a34   Data         512  crc16.o(.constdata)
    .constdata                               0x08006c34   Section        4  msg.o(.constdata)
    .constdata                               0x08006c38   Section        4  msg.o(.constdata)
    .constdata                               0x08006c3c   Section        4  msg.o(.constdata)
    .constdata                               0x08006c40   Section        4  msg.o(.constdata)
    .constdata                               0x08006c44   Section        4  msg.o(.constdata)
    .constdata                               0x08006c48   Section        4  msg.o(.constdata)
    .constdata                               0x08006c4c   Section        4  msg.o(.constdata)
    .data                                    0x20000000   Section       12  sch.o(.data)
    tick                                     0x20000000   Data           4  sch.o(.data)
    first                                    0x20000004   Data           4  sch.o(.data)
    last                                     0x20000008   Data           4  sch.o(.data)
    .data                                    0x2000000c   Section        8  cal.o(.data)
    calFlag                                  0x2000000c   Data           4  cal.o(.data)
    gm_startup_delay_cnt                     0x20000010   Data           4  cal.o(.data)
    .data                                    0x20000014   Section      243  cfg.o(.data)
    .data                                    0x20000108   Section       20  clk.o(.data)
    us_tick                                  0x20000108   Data           4  clk.o(.data)
    us_temp                                  0x2000010c   Data           4  clk.o(.data)
    ms_tick                                  0x20000110   Data           4  clk.o(.data)
    ms_temp                                  0x20000114   Data           4  clk.o(.data)
    sc_tick                                  0x20000118   Data           4  clk.o(.data)
    .data                                    0x2000011c   Section       48  ctl.o(.data)
    .data                                    0x2000014c   Section        4  ini.o(.data)
    iniFlag                                  0x2000014c   Data           4  ini.o(.data)
    .data                                    0x20000150   Section        8  ios.o(.data)
    .data                                    0x20000158   Section        4  odo.o(.data)
    odo_gp_c                                 0x20000158   Data           4  odo.o(.data)
    .data                                    0x2000015c   Section        4  upl.o(.data)
    msgType                                  0x2000015c   Data           4  upl.o(.data)
    .data                                    0x20000160   Section       72  wdg.o(.data)
    err                                      0x20000160   Data           4  wdg.o(.data)
    cnt                                      0x20000164   Data          68  wdg.o(.data)
    .data                                    0x200001a8   Section        2  wsm.o(.data)
    workingState                             0x200001a8   Data           1  wsm.o(.data)
    lastWorkingState                         0x200001a9   Data           1  wsm.o(.data)
    .data                                    0x200001aa   Section       16  stm32f4xx_rcc.o(.data)
    APBAHBPrescTable                         0x200001aa   Data          16  stm32f4xx_rcc.o(.data)
    .data                                    0x200001bc   Section        4  mvars.o(.data)
    .data                                    0x200001c0   Section        4  mvars.o(.data)
    .bss                                     0x200001c4   Section       56  cal.o(.bss)
    maf                                      0x200001c4   Data          16  cal.o(.bss)
    buf                                      0x200001d4   Data          40  cal.o(.bss)
    .bss                                     0x200001fc   Section      692  can.o(.bss)
    .bss                                     0x200004b0   Section       76  cmd.o(.bss)
    .bss                                     0x200004fc   Section      652  ctl.o(.bss)
    .bss                                     0x20000788   Section       22  dci.o(.bss)
    .bss                                     0x200007a0   Section      612  dnl.o(.bss)
    buf                                      0x200007ed   Data         512  dnl.o(.bss)
    fifo                                     0x200009f0   Data          20  dnl.o(.bss)
    .bss                                     0x20000a04   Section      240  hci.o(.bss)
    hcf                                      0x20000a04   Data          16  hci.o(.bss)
    maf                                      0x20000a14   Data          64  hci.o(.bss)
    buf                                      0x20000a54   Data         160  hci.o(.bss)
    .bss                                     0x20000af4   Section       20  mec.o(.bss)
    mecanum                                  0x20000af4   Data          20  mec.o(.bss)
    .bss                                     0x20000b08   Section      100  odo.o(.bss)
    .bss                                     0x20000b6c   Section       16  rci.o(.bss)
    rcf                                      0x20000b6c   Data          16  rci.o(.bss)
    .bss                                     0x20000b7c   Section      276  upl.o(.bss)
    buf                                      0x20000b7c   Data         256  upl.o(.bss)
    fifo                                     0x20000c7c   Data          20  upl.o(.bss)
    .bss                                     0x20000c90   Section      552  btm.o(.bss)
    rx_fifo                                  0x20000c90   Data          20  btm.o(.bss)
    tx_fifo                                  0x20000ca4   Data          20  btm.o(.bss)
    rx_buf                                   0x20000cb8   Data         256  btm.o(.bss)
    tx_buf                                   0x20000db8   Data         256  btm.o(.bss)
    .bss                                     0x20000eb8   Section      552  dbi.o(.bss)
    rx_fifo                                  0x20000eb8   Data          20  dbi.o(.bss)
    tx_fifo                                  0x20000ecc   Data          20  dbi.o(.bss)
    rx_buf                                   0x20000ee0   Data         256  dbi.o(.bss)
    tx_buf                                   0x20000fe0   Data         256  dbi.o(.bss)
    .bss                                     0x200010e0   Section       72  rcv.o(.bss)
    buf                                      0x200010e0   Data          72  rcv.o(.bss)
    .bss                                     0x20001128   Section      552  tty.o(.bss)
    rx_fifo                                  0x20001128   Data          20  tty.o(.bss)
    tx_fifo                                  0x2000113c   Data          20  tty.o(.bss)
    rx_buf                                   0x20001150   Data         256  tty.o(.bss)
    tx_buf                                   0x20001250   Data         256  tty.o(.bss)
    HEAP                                     0x20001350   Section     4096  startup_stm32f427xx.o(HEAP)
    STACK                                    0x20002350   Section     1024  startup_stm32f427xx.o(STACK)

    Global Symbols

    Symbol Name                              Value     Ov Type        Size  Object(Section)

    BuildAttributes$$THM_ISAv4$E$P$D$K$B$S$7EM$VFPi3$EXTD16$VFPS$VFMA$PE$A:L22UL41UL21$X:L11$S22US41US21$IEEE1$IW$USESV6$~STKCKD$USESV7$~SHL$OTIME$ROPI$IEEEX$EBA8$MICROLIB$REQ8$PRES8$EABIv2 0x00000000   Number         0  anon$$obj.o ABSOLUTE
    __ARM_use_no_argv                        0x00000000   Number         0  main.o ABSOLUTE
    _printf_a                                0x00000000   Number         0  stubs.o ABSOLUTE
    _printf_c                                0x00000000   Number         0  stubs.o ABSOLUTE
    _printf_charcount                        0x00000000   Number         0  stubs.o ABSOLUTE
    _printf_d                                0x00000000   Number         0  stubs.o ABSOLUTE
    _printf_e                                0x00000000   Number         0  stubs.o ABSOLUTE
    _printf_f                                0x00000000   Number         0  stubs.o ABSOLUTE
    _printf_flags                            0x00000000   Number         0  stubs.o ABSOLUTE
    _printf_fp_dec                           0x00000000   Number         0  stubs.o ABSOLUTE
    _printf_fp_hex                           0x00000000   Number         0  stubs.o ABSOLUTE
    _printf_g                                0x00000000   Number         0  stubs.o ABSOLUTE
    _printf_i                                0x00000000   Number         0  stubs.o ABSOLUTE
    _printf_int_dec                          0x00000000   Number         0  stubs.o ABSOLUTE
    _printf_l                                0x00000000   Number         0  stubs.o ABSOLUTE
    _printf_lc                               0x00000000   Number         0  stubs.o ABSOLUTE
    _printf_ll                               0x00000000   Number         0  stubs.o ABSOLUTE
    _printf_lld                              0x00000000   Number         0  stubs.o ABSOLUTE
    _printf_lli                              0x00000000   Number         0  stubs.o ABSOLUTE
    _printf_llo                              0x00000000   Number         0  stubs.o ABSOLUTE
    _printf_llu                              0x00000000   Number         0  stubs.o ABSOLUTE
    _printf_llx                              0x00000000   Number         0  stubs.o ABSOLUTE
    _printf_longlong_dec                     0x00000000   Number         0  stubs.o ABSOLUTE
    _printf_longlong_hex                     0x00000000   Number         0  stubs.o ABSOLUTE
    _printf_longlong_oct                     0x00000000   Number         0  stubs.o ABSOLUTE
    _printf_ls                               0x00000000   Number         0  stubs.o ABSOLUTE
    _printf_mbtowc                           0x00000000   Number         0  stubs.o ABSOLUTE
    _printf_n                                0x00000000   Number         0  stubs.o ABSOLUTE
    _printf_o                                0x00000000   Number         0  stubs.o ABSOLUTE
    _printf_p                                0x00000000   Number         0  stubs.o ABSOLUTE
    _printf_percent                          0x00000000   Number         0  stubs.o ABSOLUTE
    _printf_pre_padding                      0x00000000   Number         0  stubs.o ABSOLUTE
    _printf_return_value                     0x00000000   Number         0  stubs.o ABSOLUTE
    _printf_s                                0x00000000   Number         0  stubs.o ABSOLUTE
    _printf_sizespec                         0x00000000   Number         0  stubs.o ABSOLUTE
    _printf_str                              0x00000000   Number         0  stubs.o ABSOLUTE
    _printf_truncate_signed                  0x00000000   Number         0  stubs.o ABSOLUTE
    _printf_truncate_unsigned                0x00000000   Number         0  stubs.o ABSOLUTE
    _printf_u                                0x00000000   Number         0  stubs.o ABSOLUTE
    _printf_wc                               0x00000000   Number         0  stubs.o ABSOLUTE
    _printf_wctomb                           0x00000000   Number         0  stubs.o ABSOLUTE
    _printf_widthprec                        0x00000000   Number         0  stubs.o ABSOLUTE
    _printf_x                                0x00000000   Number         0  stubs.o ABSOLUTE
    __cpp_initialize__aeabi_                  - Undefined Weak Reference
    __cxa_finalize                            - Undefined Weak Reference
    _clock_init                               - Undefined Weak Reference
    _microlib_exit                            - Undefined Weak Reference
    __Vectors_Size                           0x000001ac   Number         0  startup_stm32f427xx.o ABSOLUTE
    __Vectors                                0x08000000   Data           4  startup_stm32f427xx.o(RESET)
    __Vectors_End                            0x080001ac   Data           0  startup_stm32f427xx.o(RESET)
    __main                                   0x080001ad   Thumb Code     0  entry.o(.ARM.Collect$$$$00000000)
    _main_stk                                0x080001ad   Thumb Code     0  entry2.o(.ARM.Collect$$$$00000001)
    _main_scatterload                        0x080001b1   Thumb Code     0  entry5.o(.ARM.Collect$$$$00000004)
    __main_after_scatterload                 0x080001b5   Thumb Code     0  entry5.o(.ARM.Collect$$$$00000004)
    _main_clock                              0x080001b5   Thumb Code     0  entry7b.o(.ARM.Collect$$$$00000008)
    _main_cpp_init                           0x080001b5   Thumb Code     0  entry8b.o(.ARM.Collect$$$$0000000A)
    _main_init                               0x080001b5   Thumb Code     0  entry9a.o(.ARM.Collect$$$$0000000B)
    __rt_final_cpp                           0x080001bd   Thumb Code     0  entry10a.o(.ARM.Collect$$$$0000000D)
    __rt_final_exit                          0x080001bd   Thumb Code     0  entry11a.o(.ARM.Collect$$$$0000000F)
    Reset_Handler                            0x080001c1   Thumb Code     8  startup_stm32f427xx.o(.text)
    SysTick_Handler                          0x080001d9   Thumb Code     2  startup_stm32f427xx.o(.text)
    ADC_IRQHandler                           0x080001db   Thumb Code     0  startup_stm32f427xx.o(.text)
    CAN1_RX1_IRQHandler                      0x080001db   Thumb Code     0  startup_stm32f427xx.o(.text)
    CAN1_SCE_IRQHandler                      0x080001db   Thumb Code     0  startup_stm32f427xx.o(.text)
    CAN2_RX1_IRQHandler                      0x080001db   Thumb Code     0  startup_stm32f427xx.o(.text)
    CAN2_SCE_IRQHandler                      0x080001db   Thumb Code     0  startup_stm32f427xx.o(.text)
    DCMI_IRQHandler                          0x080001db   Thumb Code     0  startup_stm32f427xx.o(.text)
    DMA1_Stream0_IRQHandler                  0x080001db   Thumb Code     0  startup_stm32f427xx.o(.text)
    DMA1_Stream1_IRQHandler                  0x080001db   Thumb Code     0  startup_stm32f427xx.o(.text)
    DMA1_Stream2_IRQHandler                  0x080001db   Thumb Code     0  startup_stm32f427xx.o(.text)
    DMA1_Stream3_IRQHandler                  0x080001db   Thumb Code     0  startup_stm32f427xx.o(.text)
    DMA1_Stream4_IRQHandler                  0x080001db   Thumb Code     0  startup_stm32f427xx.o(.text)
    DMA1_Stream5_IRQHandler                  0x080001db   Thumb Code     0  startup_stm32f427xx.o(.text)
    DMA1_Stream6_IRQHandler                  0x080001db   Thumb Code     0  startup_stm32f427xx.o(.text)
    DMA1_Stream7_IRQHandler                  0x080001db   Thumb Code     0  startup_stm32f427xx.o(.text)
    DMA2D_IRQHandler                         0x080001db   Thumb Code     0  startup_stm32f427xx.o(.text)
    DMA2_Stream0_IRQHandler                  0x080001db   Thumb Code     0  startup_stm32f427xx.o(.text)
    DMA2_Stream1_IRQHandler                  0x080001db   Thumb Code     0  startup_stm32f427xx.o(.text)
    DMA2_Stream2_IRQHandler                  0x080001db   Thumb Code     0  startup_stm32f427xx.o(.text)
    DMA2_Stream3_IRQHandler                  0x080001db   Thumb Code     0  startup_stm32f427xx.o(.text)
    DMA2_Stream4_IRQHandler                  0x080001db   Thumb Code     0  startup_stm32f427xx.o(.text)
    DMA2_Stream5_IRQHandler                  0x080001db   Thumb Code     0  startup_stm32f427xx.o(.text)
    DMA2_Stream6_IRQHandler                  0x080001db   Thumb Code     0  startup_stm32f427xx.o(.text)
    DMA2_Stream7_IRQHandler                  0x080001db   Thumb Code     0  startup_stm32f427xx.o(.text)
    ETH_IRQHandler                           0x080001db   Thumb Code     0  startup_stm32f427xx.o(.text)
    ETH_WKUP_IRQHandler                      0x080001db   Thumb Code     0  startup_stm32f427xx.o(.text)
    EXTI0_IRQHandler                         0x080001db   Thumb Code     0  startup_stm32f427xx.o(.text)
    EXTI15_10_IRQHandler                     0x080001db   Thumb Code     0  startup_stm32f427xx.o(.text)
    EXTI1_IRQHandler                         0x080001db   Thumb Code     0  startup_stm32f427xx.o(.text)
    EXTI2_IRQHandler                         0x080001db   Thumb Code     0  startup_stm32f427xx.o(.text)
    EXTI3_IRQHandler                         0x080001db   Thumb Code     0  startup_stm32f427xx.o(.text)
    EXTI4_IRQHandler                         0x080001db   Thumb Code     0  startup_stm32f427xx.o(.text)
    EXTI9_5_IRQHandler                       0x080001db   Thumb Code     0  startup_stm32f427xx.o(.text)
    FLASH_IRQHandler                         0x080001db   Thumb Code     0  startup_stm32f427xx.o(.text)
    FMC_IRQHandler                           0x080001db   Thumb Code     0  startup_stm32f427xx.o(.text)
    FPU_IRQHandler                           0x080001db   Thumb Code     0  startup_stm32f427xx.o(.text)
    HASH_RNG_IRQHandler                      0x080001db   Thumb Code     0  startup_stm32f427xx.o(.text)
    I2C1_ER_IRQHandler                       0x080001db   Thumb Code     0  startup_stm32f427xx.o(.text)
    I2C1_EV_IRQHandler                       0x080001db   Thumb Code     0  startup_stm32f427xx.o(.text)
    I2C2_ER_IRQHandler                       0x080001db   Thumb Code     0  startup_stm32f427xx.o(.text)
    I2C2_EV_IRQHandler                       0x080001db   Thumb Code     0  startup_stm32f427xx.o(.text)
    I2C3_ER_IRQHandler                       0x080001db   Thumb Code     0  startup_stm32f427xx.o(.text)
    I2C3_EV_IRQHandler                       0x080001db   Thumb Code     0  startup_stm32f427xx.o(.text)
    OTG_FS_IRQHandler                        0x080001db   Thumb Code     0  startup_stm32f427xx.o(.text)
    OTG_FS_WKUP_IRQHandler                   0x080001db   Thumb Code     0  startup_stm32f427xx.o(.text)
    OTG_HS_EP1_IN_IRQHandler                 0x080001db   Thumb Code     0  startup_stm32f427xx.o(.text)
    OTG_HS_EP1_OUT_IRQHandler                0x080001db   Thumb Code     0  startup_stm32f427xx.o(.text)
    OTG_HS_IRQHandler                        0x080001db   Thumb Code     0  startup_stm32f427xx.o(.text)
    OTG_HS_WKUP_IRQHandler                   0x080001db   Thumb Code     0  startup_stm32f427xx.o(.text)
    PVD_IRQHandler                           0x080001db   Thumb Code     0  startup_stm32f427xx.o(.text)
    RCC_IRQHandler                           0x080001db   Thumb Code     0  startup_stm32f427xx.o(.text)
    RTC_Alarm_IRQHandler                     0x080001db   Thumb Code     0  startup_stm32f427xx.o(.text)
    RTC_WKUP_IRQHandler                      0x080001db   Thumb Code     0  startup_stm32f427xx.o(.text)
    SAI1_IRQHandler                          0x080001db   Thumb Code     0  startup_stm32f427xx.o(.text)
    SDIO_IRQHandler                          0x080001db   Thumb Code     0  startup_stm32f427xx.o(.text)
    SPI1_IRQHandler                          0x080001db   Thumb Code     0  startup_stm32f427xx.o(.text)
    SPI2_IRQHandler                          0x080001db   Thumb Code     0  startup_stm32f427xx.o(.text)
    SPI3_IRQHandler                          0x080001db   Thumb Code     0  startup_stm32f427xx.o(.text)
    SPI4_IRQHandler                          0x080001db   Thumb Code     0  startup_stm32f427xx.o(.text)
    SPI5_IRQHandler                          0x080001db   Thumb Code     0  startup_stm32f427xx.o(.text)
    SPI6_IRQHandler                          0x080001db   Thumb Code     0  startup_stm32f427xx.o(.text)
    TAMP_STAMP_IRQHandler                    0x080001db   Thumb Code     0  startup_stm32f427xx.o(.text)
    TIM1_BRK_TIM9_IRQHandler                 0x080001db   Thumb Code     0  startup_stm32f427xx.o(.text)
    TIM1_CC_IRQHandler                       0x080001db   Thumb Code     0  startup_stm32f427xx.o(.text)
    TIM1_TRG_COM_TIM11_IRQHandler            0x080001db   Thumb Code     0  startup_stm32f427xx.o(.text)
    TIM1_UP_TIM10_IRQHandler                 0x080001db   Thumb Code     0  startup_stm32f427xx.o(.text)
    TIM3_IRQHandler                          0x080001db   Thumb Code     0  startup_stm32f427xx.o(.text)
    TIM4_IRQHandler                          0x080001db   Thumb Code     0  startup_stm32f427xx.o(.text)
    TIM5_IRQHandler                          0x080001db   Thumb Code     0  startup_stm32f427xx.o(.text)
    TIM7_IRQHandler                          0x080001db   Thumb Code     0  startup_stm32f427xx.o(.text)
    TIM8_BRK_TIM12_IRQHandler                0x080001db   Thumb Code     0  startup_stm32f427xx.o(.text)
    TIM8_CC_IRQHandler                       0x080001db   Thumb Code     0  startup_stm32f427xx.o(.text)
    TIM8_TRG_COM_TIM14_IRQHandler            0x080001db   Thumb Code     0  startup_stm32f427xx.o(.text)
    TIM8_UP_TIM13_IRQHandler                 0x080001db   Thumb Code     0  startup_stm32f427xx.o(.text)
    UART4_IRQHandler                         0x080001db   Thumb Code     0  startup_stm32f427xx.o(.text)
    UART5_IRQHandler                         0x080001db   Thumb Code     0  startup_stm32f427xx.o(.text)
    UART7_IRQHandler                         0x080001db   Thumb Code     0  startup_stm32f427xx.o(.text)
    UART8_IRQHandler                         0x080001db   Thumb Code     0  startup_stm32f427xx.o(.text)
    WWDG_IRQHandler                          0x080001db   Thumb Code     0  startup_stm32f427xx.o(.text)
    __aeabi_memcpy                           0x080001e5   Thumb Code    36  memcpya.o(.text)
    __aeabi_memcpy4                          0x080001e5   Thumb Code     0  memcpya.o(.text)
    __aeabi_memcpy8                          0x080001e5   Thumb Code     0  memcpya.o(.text)
    __aeabi_memset                           0x08000209   Thumb Code    14  memseta.o(.text)
    __aeabi_memset4                          0x08000209   Thumb Code     0  memseta.o(.text)
    __aeabi_memset8                          0x08000209   Thumb Code     0  memseta.o(.text)
    __aeabi_memclr                           0x08000217   Thumb Code     4  memseta.o(.text)
    __aeabi_memclr4                          0x08000217   Thumb Code     0  memseta.o(.text)
    __aeabi_memclr8                          0x08000217   Thumb Code     0  memseta.o(.text)
    _memset$wrapper                          0x0800021b   Thumb Code    18  memseta.o(.text)
    __scatterload                            0x0800022d   Thumb Code    28  init.o(.text)
    __scatterload_rt2                        0x0800022d   Thumb Code     0  init.o(.text)
    __decompress                             0x08000251   Thumb Code     0  __dczerorl2.o(.text)
    __decompress1                            0x08000251   Thumb Code    86  __dczerorl2.o(.text)
    Act_Init                                 0x080002a9   Thumb Code    48  act.o(i.Act_Init)
    Act_Proc                                 0x080002e1   Thumb Code   122  act.o(i.Act_Proc)
    App_Init                                 0x08000369   Thumb Code    42  app.o(i.App_Init)
    App_Proc                                 0x08000393   Thumb Code    22  app.o(i.App_Proc)
    Bsp_Config                               0x080003a9   Thumb Code    68  bsp.o(i.Bsp_Config)
    BtmRxCallback                            0x080003f1   Thumb Code     4  com_srv.o(i.BtmRxCallback)
    Btm_Config                               0x080003f5   Thumb Code    94  btm.o(i.Btm_Config)
    Btm_GetTxFifoFree                        0x08000465   Thumb Code     6  btm.o(i.Btm_GetTxFifoFree)
    Btm_Proc                                 0x08000471   Thumb Code     6  com.o(i.Btm_Proc)
    Btm_PutCh                                0x08000479   Thumb Code    50  btm.o(i.Btm_PutCh)
    Btm_WriteByte                            0x080004b5   Thumb Code    58  btm.o(i.Btm_WriteByte)
    Btn_Config                               0x080004f9   Thumb Code     6  btn.o(i.Btn_Config)
    BusFault_Handler                         0x08000505   Thumb Code     2  stm32f4xx_it.o(i.BusFault_Handler)
    CAN1_RX0_IRQHandler                      0x08000509   Thumb Code    58  can1.o(i.CAN1_RX0_IRQHandler)
    CAN1_TX_IRQHandler                       0x0800054d   Thumb Code    30  can1.o(i.CAN1_TX_IRQHandler)
    CAN2_RX0_IRQHandler                      0x08000571   Thumb Code    58  can2.o(i.CAN2_RX0_IRQHandler)
    CAN2_TX_IRQHandler                       0x080005b5   Thumb Code    30  can2.o(i.CAN2_TX_IRQHandler)
    CAN_ClearFlag                            0x080005d9   Thumb Code    44  stm32f4xx_can.o(i.CAN_ClearFlag)
    CAN_ClearITPendingBit                    0x08000609   Thumb Code   116  stm32f4xx_can.o(i.CAN_ClearITPendingBit)
    CAN_Config                               0x08000681   Thumb Code    98  stm32util.o(i.CAN_Config)
    CAN_FilterInit                           0x080006ed   Thumb Code   194  stm32f4xx_can.o(i.CAN_FilterInit)
    CAN_Filter_Config                        0x080007b9   Thumb Code    54  stm32util.o(i.CAN_Filter_Config)
    CAN_GetITStatus                          0x080007f1   Thumb Code   162  stm32f4xx_can.o(i.CAN_GetITStatus)
    CAN_ITConfig                             0x08000899   Thumb Code    16  stm32f4xx_can.o(i.CAN_ITConfig)
    CAN_Init                                 0x080008a9   Thumb Code   232  stm32f4xx_can.o(i.CAN_Init)
    CAN_Receive                              0x08000991   Thumb Code   144  stm32f4xx_can.o(i.CAN_Receive)
    CAN_Transmit                             0x08000a21   Thumb Code   164  stm32f4xx_can.o(i.CAN_Transmit)
    CBUS_Init                                0x08000ac5   Thumb Code     6  cbus.o(i.CBUS_Init)
    CM_Cmd                                   0x08000acb   Thumb Code    78  motor.o(i.CM_Cmd)
    CRC16Append                              0x08000b19   Thumb Code    34  crc16.o(i.CRC16Append)
    CRC16Calc                                0x08000b3d   Thumb Code    44  crc16.o(i.CRC16Calc)
    CS_Set                                   0x08000b6d   Thumb Code     6  sys.o(i.CS_Set)
    Cal_GetFlag                              0x08000b75   Thumb Code     6  cal.o(i.Cal_GetFlag)
    Cal_Init                                 0x08000b81   Thumb Code    20  cal.o(i.Cal_Init)
    Cal_IsDone                               0x08000b9d   Thumb Code     4  cal.o(i.Cal_IsDone)
    Cal_Proc                                 0x08000ba1   Thumb Code   210  cal.o(i.Cal_Proc)
    Cal_SetGph                               0x08000c91   Thumb Code    46  cal.o(i.Cal_SetGph)
    Cal_SetGpl                               0x08000cd5   Thumb Code    46  cal.o(i.Cal_SetGpl)
    Can1RxCallback                           0x08000d19   Thumb Code     4  can_srv.o(i.Can1RxCallback)
    Can1_Config                              0x08000d1d   Thumb Code   104  can1.o(i.Can1_Config)
    Can2RxCallback                           0x08000d8d   Thumb Code     4  can_srv.o(i.Can2RxCallback)
    Can2_Config                              0x08000d91   Thumb Code   106  can2.o(i.Can2_Config)
    Can_Init                                 0x08000e05   Thumb Code    44  can.o(i.Can_Init)
    Can_Proc                                 0x08000e35   Thumb Code   168  can.o(i.Can_Proc)
    Cfg_GetFlag                              0x08000ee9   Thumb Code     8  cfg.o(i.Cfg_GetFlag)
    Cfg_Init                                 0x08000ef5   Thumb Code   252  cfg.o(i.Cfg_Init)
    Cfg_IsSynced                             0x08000ff9   Thumb Code    14  cfg.o(i.Cfg_IsSynced)
    Cfg_Load                                 0x0800100d   Thumb Code     6  cfg.o(i.Cfg_Load)
    Cfg_Proc                                 0x08001015   Thumb Code    22  cfg.o(i.Cfg_Proc)
    Cfg_Save                                 0x08001031   Thumb Code     6  cfg.o(i.Cfg_Save)
    Clk_GetMsTick                            0x08001135   Thumb Code     6  clk.o(i.Clk_GetMsTick)
    Clk_Init                                 0x08001141   Thumb Code    16  clk.o(i.Clk_Init)
    Clk_Spin                                 0x08001155   Thumb Code    50  clk.o(i.Clk_Spin)
    Cmd_Init                                 0x0800118d   Thumb Code     8  cmd.o(i.Cmd_Init)
    Cmd_Proc                                 0x08001199   Thumb Code   308  cmd.o(i.Cmd_Proc)
    Com_Init                                 0x080012d5   Thumb Code    14  com.o(i.Com_Init)
    Ctl_Init                                 0x08001349   Thumb Code   214  ctl.o(i.Ctl_Init)
    Ctl_Proc                                 0x08001431   Thumb Code    34  ctl.o(i.Ctl_Proc)
    DBUS_Dec                                 0x080014c1   Thumb Code    24  dbus.o(i.DBUS_Dec)
    DBUS_Init                                0x080014d9   Thumb Code    20  dbus.o(i.DBUS_Init)
    DMA_Cmd                                  0x080014ed   Thumb Code    20  stm32f4xx_dma.o(i.DMA_Cmd)
    DMA_Config                               0x08001501   Thumb Code   100  stm32util.o(i.DMA_Config)
    DMA_DoubleBufferModeCmd                  0x0800156d   Thumb Code    20  stm32f4xx_dma.o(i.DMA_DoubleBufferModeCmd)
    DMA_DoubleBufferModeConfig               0x08001581   Thumb Code    22  stm32f4xx_dma.o(i.DMA_DoubleBufferModeConfig)
    DMA_GetCurrDataCounter                   0x08001597   Thumb Code     6  stm32f4xx_dma.o(i.DMA_GetCurrDataCounter)
    DMA_GetCurrentMemoryTarget               0x0800159d   Thumb Code    14  stm32f4xx_dma.o(i.DMA_GetCurrentMemoryTarget)
    DMA_Init                                 0x080015ad   Thumb Code    80  stm32f4xx_dma.o(i.DMA_Init)
    DbiRxCallback                            0x08001601   Thumb Code     4  com_srv.o(i.DbiRxCallback)
    Dbi_Config                               0x08001605   Thumb Code    94  dbi.o(i.Dbi_Config)
    Dbi_GetCh                                0x08001675   Thumb Code    60  dbi.o(i.Dbi_GetCh)
    Dbi_GetTxFifoFree                        0x080016b9   Thumb Code     6  dbi.o(i.Dbi_GetTxFifoFree)
    Dbi_Proc                                 0x080016c5   Thumb Code     6  com.o(i.Dbi_Proc)
    Dbi_PutCh                                0x080016cd   Thumb Code    50  dbi.o(i.Dbi_PutCh)
    Dbi_WriteByte                            0x08001709   Thumb Code    58  dbi.o(i.Dbi_WriteByte)
    Dci_Init                                 0x0800174d   Thumb Code    20  dci.o(i.Dci_Init)
    Dci_Proc                                 0x08001765   Thumb Code    60  dci.o(i.Dci_Proc)
    DebugMon_Handler                         0x080017a1   Thumb Code     2  stm32f4xx_it.o(i.DebugMon_Handler)
    Dnl_Init                                 0x080017a5   Thumb Code    36  dnl.o(i.Dnl_Init)
    Ekf_Init                                 0x080017cd   Thumb Code     8  ekf.o(i.Ekf_Init)
    Ekf_Proc                                 0x080017d5   Thumb Code    74  ekf.o(i.Ekf_Proc)
    Ekf_Reset                                0x08001821   Thumb Code    22  ekf.o(i.Ekf_Reset)
    FIFO_Flush                               0x0800183d   Thumb Code    22  fifo.o(i.FIFO_Flush)
    FIFO_GetFree                             0x08001853   Thumb Code     8  fifo.o(i.FIFO_GetFree)
    FIFO_Init                                0x0800185b   Thumb Code     8  fifo.o(i.FIFO_Init)
    FIFO_IsEmpty                             0x08001863   Thumb Code    12  fifo.o(i.FIFO_IsEmpty)
    FIFO_IsFull                              0x0800186f   Thumb Code    16  fifo.o(i.FIFO_IsFull)
    FIFO_Pop                                 0x0800187f   Thumb Code    52  fifo.o(i.FIFO_Pop)
    FIFO_Push                                0x080018b3   Thumb Code    58  fifo.o(i.FIFO_Push)
    FLASH_DataCacheCmd                       0x080018ed   Thumb Code    22  stm32f4xx_flash.o(i.FLASH_DataCacheCmd)
    FLASH_EraseSector                        0x08001909   Thumb Code   104  stm32f4xx_flash.o(i.FLASH_EraseSector)
    FLASH_GetStatus                          0x08001975   Thumb Code    56  stm32f4xx_flash.o(i.FLASH_GetStatus)
    FLASH_Lock                               0x080019b1   Thumb Code    12  stm32f4xx_flash.o(i.FLASH_Lock)
    FLASH_ProgramByte                        0x080019c1   Thumb Code    52  stm32f4xx_flash.o(i.FLASH_ProgramByte)
    FLASH_Unlock                             0x080019f9   Thumb Code    22  stm32f4xx_flash.o(i.FLASH_Unlock)
    FLASH_WaitForLastOperation               0x08001a1d   Thumb Code    30  stm32f4xx_flash.o(i.FLASH_WaitForLastOperation)
    FS_Clr                                   0x08001a3b   Thumb Code     4  sys.o(i.FS_Clr)
    FS_Cpy                                   0x08001a3f   Thumb Code     4  sys.o(i.FS_Cpy)
    FS_Det                                   0x08001a43   Thumb Code     4  sys.o(i.FS_Det)
    Flag_Clr                                 0x08001a47   Thumb Code     8  fun.o(i.Flag_Clr)
    Flag_Cpy                                 0x08001a4f   Thumb Code    38  fun.o(i.Flag_Cpy)
    Flag_Det                                 0x08001a75   Thumb Code    14  fun.o(i.Flag_Det)
    Flag_Get                                 0x08001a83   Thumb Code     6  fun.o(i.Flag_Get)
    Flag_Set                                 0x08001a89   Thumb Code     8  fun.o(i.Flag_Set)
    Flash_Read                               0x08001b31   Thumb Code    22  flash.o(i.Flash_Read)
    Flash_Write                              0x08001b49   Thumb Code   122  flash.o(i.Flash_Write)
    Fos_Read                                 0x08001bc9   Thumb Code    10  fos.o(i.Fos_Read)
    Fos_Write                                0x08001bd9   Thumb Code    10  fos.o(i.Fos_Write)
    GM_Cmd                                   0x08001be9   Thumb Code    72  motor.o(i.GM_Cmd)
    GPIO_AF                                  0x08001c31   Thumb Code    40  stm32util.o(i.GPIO_AF)
    GPIO_Config                              0x08001c59   Thumb Code   236  stm32util.o(i.GPIO_Config)
    GPIO_In                                  0x08001d71   Thumb Code    16  stm32util.o(i.GPIO_In)
    GPIO_Init                                0x08001d81   Thumb Code   162  stm32f4xx_gpio.o(i.GPIO_Init)
    GPIO_Out                                 0x08001e23   Thumb Code    18  stm32util.o(i.GPIO_Out)
    GPIO_PinAFConfig                         0x08001e35   Thumb Code    32  stm32f4xx_gpio.o(i.GPIO_PinAFConfig)
    GPIO_ReadInputDataBit                    0x08001e55   Thumb Code    14  stm32f4xx_gpio.o(i.GPIO_ReadInputDataBit)
    GPIO_ReadOutputDataBit                   0x08001e63   Thumb Code    14  stm32f4xx_gpio.o(i.GPIO_ReadOutputDataBit)
    GPIO_ResetBits                           0x08001e71   Thumb Code     4  stm32f4xx_gpio.o(i.GPIO_ResetBits)
    GPIO_SetBits                             0x08001e75   Thumb Code     4  stm32f4xx_gpio.o(i.GPIO_SetBits)
    GPIO_ToggleBits                          0x08001e79   Thumb Code     8  stm32f4xx_gpio.o(i.GPIO_ToggleBits)
    GS_Set                                   0x08001e81   Thumb Code     6  sys.o(i.GS_Set)
    HardFault_Handler                        0x08002401   Thumb Code     2  stm32f4xx_it.o(i.HardFault_Handler)
    Hcf_Init                                 0x08002405   Thumb Code    38  hcf.o(i.Hcf_Init)
    Hcf_Proc                                 0x0800242b   Thumb Code    64  hcf.o(i.Hcf_Proc)
    Hci_Init                                 0x0800246d   Thumb Code    48  hci.o(i.Hci_Init)
    Hci_MouseBtn                             0x080024a1   Thumb Code    12  hci.o(i.Hci_MouseBtn)
    Hci_PreProc                              0x080024b1   Thumb Code     8  hci.o(i.Hci_PreProc)
    Hci_Proc                                 0x080024bd   Thumb Code    24  hci.o(i.Hci_Proc)
    Hcp_Dec                                  0x080024d5   Thumb Code    30  hcp.o(i.Hcp_Dec)
    Hcp_Init                                 0x080024f3   Thumb Code    28  hcp.o(i.Hcp_Init)
    Ini_GetFlag                              0x08002511   Thumb Code     6  ini.o(i.Ini_GetFlag)
    Ini_Init                                 0x0800251d   Thumb Code     8  ini.o(i.Ini_Init)
    Ini_IsDone                               0x08002529   Thumb Code    20  ini.o(i.Ini_IsDone)
    Ini_Proc                                 0x08002541   Thumb Code   126  ini.o(i.Ini_Proc)
    Ios_GetCh                                0x080025d1   Thumb Code     4  ios.o(i.Ios_GetCh)
    Ios_Init                                 0x080025d5   Thumb Code    18  ios.o(i.Ios_Init)
    Ios_PutCh                                0x080025f1   Thumb Code    18  ios.o(i.Ios_PutCh)
    Ios_SetIn                                0x08002605   Thumb Code    10  ios.o(i.Ios_SetIn)
    Ios_SetOut                               0x08002615   Thumb Code    10  ios.o(i.Ios_SetOut)
    Ios_WriteByte                            0x08002625   Thumb Code    58  ios.o(i.Ios_WriteByte)
    KOS_Boot                                 0x08002661   Thumb Code    34  kos.o(i.KOS_Boot)
    Key_Config                               0x08002689   Thumb Code    20  key.o(i.Key_Config)
    Led_Config                               0x080026a1   Thumb Code    40  led.o(i.Led_Config)
    MS_Set                                   0x080026d1   Thumb Code     6  sys.o(i.MS_Set)
    Maf_Init                                 0x080026d7   Thumb Code     8  maf.o(i.Maf_Init)
    Maf_Proc                                 0x080026df   Thumb Code    66  maf.o(i.Maf_Proc)
    Maf_Reset                                0x08002721   Thumb Code    42  maf.o(i.Maf_Reset)
    Mec_Decomp                               0x08002751   Thumb Code    10  mec.o(i.Mec_Decomp)
    Mec_Init                                 0x08002761   Thumb Code    40  mec.o(i.Mec_Init)
    Mec_Synthe                               0x08002791   Thumb Code    10  mec.o(i.Mec_Synthe)
    Mecanum_Config                           0x080027a1   Thumb Code    42  mecanum.o(i.Mecanum_Config)
    Mecanum_Decomp                           0x080027cb   Thumb Code   142  mecanum.o(i.Mecanum_Decomp)
    Mecanum_Synthe                           0x08002859   Thumb Code   114  mecanum.o(i.Mecanum_Synthe)
    MemManage_Handler                        0x080028cb   Thumb Code     2  stm32f4xx_it.o(i.MemManage_Handler)
    Motor_Process                            0x080028cd   Thumb Code   288  can.o(i.Motor_Process)
    Motor_Ready                              0x08002a0d   Thumb Code    14  can.o(i.Motor_Ready)
    Motor_Reset                              0x08002a1b   Thumb Code     6  can.o(i.Motor_Reset)
    Msg_Push                                 0x08002a21   Thumb Code    72  msg.o(i.Msg_Push)
    NMI_Handler                              0x08002a69   Thumb Code     2  stm32f4xx_it.o(i.NMI_Handler)
    NVIC_Config                              0x08002a6b   Thumb Code    28  stm32util.o(i.NVIC_Config)
    NVIC_Init                                0x08002a89   Thumb Code    96  misc.o(i.NVIC_Init)
    NVIC_PriorityGroupConfig                 0x08002aed   Thumb Code    10  misc.o(i.NVIC_PriorityGroupConfig)
    Odo_Init                                 0x08002b01   Thumb Code   190  odo.o(i.Odo_Init)
    Odo_Proc                                 0x08002bc9   Thumb Code   268  odo.o(i.Odo_Proc)
    PID_Calc                                 0x08002cfd   Thumb Code   278  pid.o(i.PID_Calc)
    PID_Config                               0x08002e19   Thumb Code     6  pid.o(i.PID_Config)
    PID_Reset                                0x08002e21   Thumb Code    30  pid.o(i.PID_Reset)
    PWM_Bind                                 0x08002e45   Thumb Code  5436  stm32util.o(i.PWM_Bind)
    PendSV_Handler                           0x08004389   Thumb Code     2  stm32f4xx_it.o(i.PendSV_Handler)
    Pwm_Config                               0x0800438d   Thumb Code    66  pwm.o(i.Pwm_Config)
    RCC_AHB1PeriphClockCmd                   0x080043d9   Thumb Code    18  stm32f4xx_rcc.o(i.RCC_AHB1PeriphClockCmd)
    RCC_APB1PeriphClockCmd                   0x080043f1   Thumb Code    18  stm32f4xx_rcc.o(i.RCC_APB1PeriphClockCmd)
    RCC_APB2PeriphClockCmd                   0x08004409   Thumb Code    18  stm32f4xx_rcc.o(i.RCC_APB2PeriphClockCmd)
    RCC_GetClocksFreq                        0x08004421   Thumb Code   132  stm32f4xx_rcc.o(i.RCC_GetClocksFreq)
    Rcf_Init                                 0x080044b5   Thumb Code    40  rcf.o(i.Rcf_Init)
    Rcf_Proc                                 0x080044dd   Thumb Code    64  rcf.o(i.Rcf_Proc)
    Rci_Init                                 0x0800451d   Thumb Code     6  rci.o(i.Rci_Init)
    Rci_PreProc                              0x08004529   Thumb Code     8  rci.o(i.Rci_PreProc)
    Rci_Proc                                 0x08004535   Thumb Code    18  rci.o(i.Rci_Proc)
    Rci_Sw                                   0x08004549   Thumb Code    12  rci.o(i.Rci_Sw)
    Rcp_Dec                                  0x08004559   Thumb Code    78  rcp.o(i.Rcp_Dec)
    Rcp_Init                                 0x080045a9   Thumb Code    38  rcp.o(i.Rcp_Init)
    RcvCallback                              0x080045cf   Thumb Code     4  rcv_srv.o(i.RcvCallback)
    Rcv_Config                               0x080045d5   Thumb Code   126  rcv.o(i.Rcv_Config)
    Rcv_Proc                                 0x08004669   Thumb Code    28  dci.o(i.Rcv_Proc)
    Rmp_Calc                                 0x08004689   Thumb Code    40  rmp.o(i.Rmp_Calc)
    Rmp_Config                               0x080046b1   Thumb Code     4  rmp.o(i.Rmp_Config)
    Rmp_Reset                                0x080046d1   Thumb Code     6  rmp.o(i.Rmp_Reset)
    SVC_Handler                              0x080046d7   Thumb Code     2  stm32f4xx_it.o(i.SVC_Handler)
    Sch_Arrange                              0x080046d9   Thumb Code    58  sch.o(i.Sch_Arrange)
    Sch_Init                                 0x08004719   Thumb Code    20  sch.o(i.Sch_Init)
    Sch_Proc                                 0x08004731   Thumb Code    52  sch.o(i.Sch_Proc)
    SyncTimCallback                          0x08004839   Thumb Code     4  tim_srv.o(i.SyncTimCallback)
    SyncTim_Config                           0x0800483d   Thumb Code    38  tim.o(i.SyncTim_Config)
    SyncTim_Start                            0x08004869   Thumb Code    34  tim.o(i.SyncTim_Start)
    SystemInit                               0x08004891   Thumb Code    74  system_stm32f4xx.o(i.SystemInit)
    TIM2_IRQHandler                          0x080048ed   Thumb Code    42  tim.o(i.TIM2_IRQHandler)
    TIM6_DAC_IRQHandler                      0x08004919   Thumb Code    42  tim.o(i.TIM6_DAC_IRQHandler)
    TIM_ARRPreloadConfig                     0x08004949   Thumb Code    20  stm32f4xx_tim.o(i.TIM_ARRPreloadConfig)
    TIM_ClearFlag                            0x0800495d   Thumb Code     6  stm32f4xx_tim.o(i.TIM_ClearFlag)
    TIM_ClearITPendingBit                    0x08004963   Thumb Code     6  stm32f4xx_tim.o(i.TIM_ClearITPendingBit)
    TIM_Cmd                                  0x08004969   Thumb Code    20  stm32f4xx_tim.o(i.TIM_Cmd)
    TIM_Config                               0x0800497d   Thumb Code   276  stm32util.o(i.TIM_Config)
    TIM_GetITStatus                          0x08004ac1   Thumb Code    24  stm32f4xx_tim.o(i.TIM_GetITStatus)
    TIM_ITConfig                             0x08004ad9   Thumb Code    16  stm32f4xx_tim.o(i.TIM_ITConfig)
    TIM_OC1Init                              0x08004ae9   Thumb Code    88  stm32f4xx_tim.o(i.TIM_OC1Init)
    TIM_OC1PreloadConfig                     0x08004b49   Thumb Code    12  stm32f4xx_tim.o(i.TIM_OC1PreloadConfig)
    TIM_OC2Init                              0x08004b55   Thumb Code   120  stm32f4xx_tim.o(i.TIM_OC2Init)
    TIM_OC2PreloadConfig                     0x08004bd5   Thumb Code    20  stm32f4xx_tim.o(i.TIM_OC2PreloadConfig)
    TIM_OC3Init                              0x08004be9   Thumb Code   116  stm32f4xx_tim.o(i.TIM_OC3Init)
    TIM_OC3PreloadConfig                     0x08004c65   Thumb Code    12  stm32f4xx_tim.o(i.TIM_OC3PreloadConfig)
    TIM_OC4Init                              0x08004c71   Thumb Code    88  stm32f4xx_tim.o(i.TIM_OC4Init)
    TIM_OC4PreloadConfig                     0x08004cd1   Thumb Code    20  stm32f4xx_tim.o(i.TIM_OC4PreloadConfig)
    TIM_OC_Config                            0x08004ce5   Thumb Code   130  stm32util.o(i.TIM_OC_Config)
    TIM_TimeBaseInit                         0x08004d69   Thumb Code    96  stm32f4xx_tim.o(i.TIM_TimeBaseInit)
    TickTimCallback                          0x08004de5   Thumb Code     4  tim_srv.o(i.TickTimCallback)
    TickTim_Config                           0x08004de9   Thumb Code    36  tim.o(i.TickTim_Config)
    TickTim_Start                            0x08004e0d   Thumb Code    34  tim.o(i.TickTim_Start)
    Tim_Config                               0x08004e2f   Thumb Code    14  tim.o(i.Tim_Config)
    Tim_Start                                0x08004e3d   Thumb Code    14  tim.o(i.Tim_Start)
    TtyRxCallback                            0x08004e4b   Thumb Code     4  com_srv.o(i.TtyRxCallback)
    Tty_Config                               0x08004e51   Thumb Code    94  tty.o(i.Tty_Config)
    Tty_GetTxFifoFree                        0x08004ec1   Thumb Code     6  tty.o(i.Tty_GetTxFifoFree)
    Tty_Proc                                 0x08004ecd   Thumb Code     6  com.o(i.Tty_Proc)
    Tty_WriteByte                            0x08004ed5   Thumb Code    58  tty.o(i.Tty_WriteByte)
    USART1_IRQHandler                        0x08004f19   Thumb Code   104  rcv.o(i.USART1_IRQHandler)
    USART2_IRQHandler                        0x08004f8d   Thumb Code   142  btm.o(i.USART2_IRQHandler)
    USART3_IRQHandler                        0x08005025   Thumb Code   142  dbi.o(i.USART3_IRQHandler)
    USART6_IRQHandler                        0x080050bd   Thumb Code   142  tty.o(i.USART6_IRQHandler)
    USART_Bind                               0x08005155   Thumb Code  3544  stm32util.o(i.USART_Bind)
    USART_Cmd                                0x08005f35   Thumb Code    20  stm32f4xx_usart.o(i.USART_Cmd)
    USART_Config                             0x08005f49   Thumb Code   366  stm32util.o(i.USART_Config)
    USART_DMACmd                             0x080060d9   Thumb Code    16  stm32f4xx_usart.o(i.USART_DMACmd)
    USART_GetITStatus                        0x080060e9   Thumb Code    62  stm32f4xx_usart.o(i.USART_GetITStatus)
    USART_ITConfig                           0x08006127   Thumb Code    48  stm32f4xx_usart.o(i.USART_ITConfig)
    USART_Init                               0x08006159   Thumb Code   164  stm32f4xx_usart.o(i.USART_Init)
    USART_ReceiveData                        0x08006205   Thumb Code     8  stm32f4xx_usart.o(i.USART_ReceiveData)
    USART_SendData                           0x0800620d   Thumb Code     8  stm32f4xx_usart.o(i.USART_SendData)
    Upd_Init                                 0x08006215   Thumb Code    18  upd.o(i.Upd_Init)
    Upd_Proc                                 0x08006227   Thumb Code    66  upd.o(i.Upd_Proc)
    Upl_Init                                 0x08006269   Thumb Code    14  upl.o(i.Upl_Init)
    Upl_Proc                                 0x0800627d   Thumb Code   308  upl.o(i.Upl_Proc)
    UsageFault_Handler                       0x08006479   Thumb Code     2  stm32f4xx_it.o(i.UsageFault_Handler)
    Wdg_Feed                                 0x0800647d   Thumb Code    10  wdg.o(i.Wdg_Feed)
    Wdg_GetErr                               0x0800648d   Thumb Code     6  wdg.o(i.Wdg_GetErr)
    Wdg_HasErr                               0x08006499   Thumb Code     8  wdg.o(i.Wdg_HasErr)
    Wdg_HitErr                               0x080064a5   Thumb Code    16  wdg.o(i.Wdg_HitErr)
    Wdg_Init                                 0x080064b9   Thumb Code    34  wdg.o(i.Wdg_Init)
    Wdg_IsOkay                               0x080064e5   Thumb Code    28  wdg.o(i.Wdg_IsOkay)
    Wdg_Proc                                 0x08006501   Thumb Code    58  wdg.o(i.Wdg_Proc)
    Wsm_GetWs                                0x08006545   Thumb Code     6  wsm.o(i.Wsm_GetWs)
    Wsm_Init                                 0x08006551   Thumb Code    10  wsm.o(i.Wsm_Init)
    Wsm_Proc                                 0x08006561   Thumb Code   170  wsm.o(i.Wsm_Proc)
    ZGyro_Process                            0x08006611   Thumb Code   126  can.o(i.ZGyro_Process)
    ZGyro_Ready                              0x0800669d   Thumb Code    14  can.o(i.ZGyro_Ready)
    ZGyro_Reset                              0x080066ab   Thumb Code     6  can.o(i.ZGyro_Reset)
    __scatterload_copy                       0x080066b1   Thumb Code    14  handlers.o(i.__scatterload_copy)
    __scatterload_null                       0x080066bf   Thumb Code     2  handlers.o(i.__scatterload_null)
    __scatterload_zeroinit                   0x080066c1   Thumb Code    14  handlers.o(i.__scatterload_zeroinit)
    constrain                                0x080066cf   Thumb Code    32  fun.o(i.constrain)
    main                                     0x0800670d   Thumb Code    26  main.o(i.main)
    malloc                                   0x0800672d   Thumb Code    92  malloc.o(i.malloc)
    map                                      0x08006799   Thumb Code    56  fun.o(i.map)
    task                                     0x080067f9   Thumb Code    10  main.o(i.task)
    msg_head_vdbus                           0x08006c34   Data           4  msg.o(.constdata)
    msg_head_zgyro                           0x08006c38   Data           4  msg.o(.constdata)
    msg_head_motor                           0x08006c3c   Data           4  msg.o(.constdata)
    msg_head_odome                           0x08006c40   Data           4  msg.o(.constdata)
    msg_head_grasp                           0x08006c44   Data           4  msg.o(.constdata)
    msg_head_statu                           0x08006c48   Data           4  msg.o(.constdata)
    msg_head_calib                           0x08006c4c   Data           4  msg.o(.constdata)
    Region$$Table$$Base                      0x08006c50   Number         0  anon$$obj.o(Region$$Table)
    Region$$Table$$Limit                     0x08006c70   Number         0  anon$$obj.o(Region$$Table)
    cfg_sync_flag                            0x20000014   Data           1  cfg.o(.data)
    cfg                                      0x20000015   Data         242  cfg.o(.data)
    CM1SpeedRmp                              0x2000011c   Data           8  ctl.o(.data)
    CM2SpeedRmp                              0x20000124   Data           8  ctl.o(.data)
    CM3SpeedRmp                              0x2000012c   Data           8  ctl.o(.data)
    CM4SpeedRmp                              0x20000134   Data           8  ctl.o(.data)
    GMESpeedRmp                              0x2000013c   Data           8  ctl.o(.data)
    GMCSpeedRmp                              0x20000144   Data           8  ctl.o(.data)
    _in                                      0x20000150   Data           4  ios.o(.data)
    _out                                     0x20000154   Data           4  ios.o(.data)
    __microlib_freelist                      0x200001bc   Data           4  mvars.o(.data)
    __microlib_freelist_initialised          0x200001c0   Data           4  mvars.o(.data)
    zgyro                                    0x200001fc   Data          44  can.o(.bss)
    motor                                    0x20000228   Data         648  can.o(.bss)
    cmd                                      0x200004b0   Data          76  cmd.o(.bss)
    ctl                                      0x200004fc   Data          52  ctl.o(.bss)
    CM1AnglePID                              0x20000530   Data          60  ctl.o(.bss)
    CM1SpeedPID                              0x2000056c   Data          60  ctl.o(.bss)
    CM2AnglePID                              0x200005a8   Data          60  ctl.o(.bss)
    CM2SpeedPID                              0x200005e4   Data          60  ctl.o(.bss)
    CM3AnglePID                              0x20000620   Data          60  ctl.o(.bss)
    CM3SpeedPID                              0x2000065c   Data          60  ctl.o(.bss)
    CM4AnglePID                              0x20000698   Data          60  ctl.o(.bss)
    CM4SpeedPID                              0x200006d4   Data          60  ctl.o(.bss)
    GMEAnglePID                              0x20000710   Data          60  ctl.o(.bss)
    GMESpeedPID                              0x2000074c   Data          60  ctl.o(.bss)
    dbus                                     0x20000788   Data          22  dci.o(.bss)
    vdbus                                    0x200007a0   Data          22  dnl.o(.bss)
    vcbus                                    0x200007b6   Data          14  dnl.o(.bss)
    pidCalib                                 0x200007c4   Data          19  dnl.o(.bss)
    imuCalib                                 0x200007d7   Data          12  dnl.o(.bss)
    velCalib                                 0x200007e3   Data          10  dnl.o(.bss)
    odo                                      0x20000b08   Data         100  odo.o(.bss)
    __heap_base                              0x20001350   Data           0  startup_stm32f427xx.o(HEAP)
    __heap_limit                             0x20002350   Data           0  startup_stm32f427xx.o(HEAP)
    __initial_sp                             0x20002750   Data           0  startup_stm32f427xx.o(STACK)



==============================================================================

Memory Map of the image

  Image Entry point : 0x080001ad

  Load Region LR_IROM1 (Base: 0x08000000, Size: 0x00006e34, Max: 0x00200000, ABSOLUTE, COMPRESSED[0x00006ce4])

    Execution Region ER_IROM1 (Base: 0x08000000, Size: 0x00006c70, Max: 0x00200000, ABSOLUTE)

    Base Addr    Size         Type   Attr      Idx    E Section Name        Object

    0x08000000   0x000001ac   Data   RO         9014    RESET               startup_stm32f427xx.o
    0x080001ac   0x00000000   Code   RO         9057  * .ARM.Collect$$$$00000000  mc_w.l(entry.o)
    0x080001ac   0x00000004   Code   RO         9404    .ARM.Collect$$$$00000001  mc_w.l(entry2.o)
    0x080001b0   0x00000004   Code   RO         9407    .ARM.Collect$$$$00000004  mc_w.l(entry5.o)
    0x080001b4   0x00000000   Code   RO         9409    .ARM.Collect$$$$00000008  mc_w.l(entry7b.o)
    0x080001b4   0x00000000   Code   RO         9411    .ARM.Collect$$$$0000000A  mc_w.l(entry8b.o)
    0x080001b4   0x00000008   Code   RO         9412    .ARM.Collect$$$$0000000B  mc_w.l(entry9a.o)
    0x080001bc   0x00000000   Code   RO         9414    .ARM.Collect$$$$0000000D  mc_w.l(entry10a.o)
    0x080001bc   0x00000000   Code   RO         9416    .ARM.Collect$$$$0000000F  mc_w.l(entry11a.o)
    0x080001bc   0x00000004   Code   RO         9405    .ARM.Collect$$$$00002712  mc_w.l(entry2.o)
    0x080001c0   0x00000024   Code   RO         9015    .text               startup_stm32f427xx.o
    0x080001e4   0x00000024   Code   RO         9060    .text               mc_w.l(memcpya.o)
    0x08000208   0x00000024   Code   RO         9062    .text               mc_w.l(memseta.o)
    0x0800022c   0x00000024   Code   RO         9449    .text               mc_w.l(init.o)
    0x08000250   0x00000056   Code   RO         9465    .text               mc_w.l(__dczerorl2.o)
    0x080002a6   0x00000002   PAD
    0x080002a8   0x00000038   Code   RO          493    i.Act_Init          act.o
    0x080002e0   0x00000088   Code   RO          494    i.Act_Proc          act.o
    0x08000368   0x0000002a   Code   RO          523    i.App_Init          app.o
    0x08000392   0x00000016   Code   RO          524    i.App_Proc          app.o
    0x080003a8   0x00000048   Code   RO         2940    i.Bsp_Config        bsp.o
    0x080003f0   0x00000004   Code   RO         2841    i.BtmRxCallback     com_srv.o
    0x080003f4   0x00000070   Code   RO         2964    i.Btm_Config        btm.o
    0x08000464   0x0000000c   Code   RO         2969    i.Btm_GetTxFifoFree  btm.o
    0x08000470   0x00000006   Code   RO          897    i.Btm_Proc          com.o
    0x08000476   0x00000002   PAD
    0x08000478   0x0000003c   Code   RO         2973    i.Btm_PutCh         btm.o
    0x080004b4   0x00000044   Code   RO         2977    i.Btm_WriteByte     btm.o
    0x080004f8   0x0000000c   Code   RO         3074    i.Btn_Config        btn.o
    0x08000504   0x00000002   Code   RO          346    i.BusFault_Handler  stm32f4xx_it.o
    0x08000506   0x00000002   PAD
    0x08000508   0x00000044   Code   RO         3098    i.CAN1_RX0_IRQHandler  can1.o
    0x0800054c   0x00000024   Code   RO         3099    i.CAN1_TX_IRQHandler  can1.o
    0x08000570   0x00000044   Code   RO         3146    i.CAN2_RX0_IRQHandler  can2.o
    0x080005b4   0x00000024   Code   RO         3147    i.CAN2_TX_IRQHandler  can2.o
    0x080005d8   0x00000030   Code   RO         4153    i.CAN_ClearFlag     stm32f4xx_can.o
    0x08000608   0x00000078   Code   RO         4154    i.CAN_ClearITPendingBit  stm32f4xx_can.o
    0x08000680   0x0000006c   Code   RO         3420    i.CAN_Config        stm32util.o
    0x080006ec   0x000000cc   Code   RO         4158    i.CAN_FilterInit    stm32f4xx_can.o
    0x080007b8   0x00000036   Code   RO         3421    i.CAN_Filter_Config  stm32util.o
    0x080007ee   0x00000002   PAD
    0x080007f0   0x000000a8   Code   RO         4160    i.CAN_GetITStatus   stm32f4xx_can.o
    0x08000898   0x00000010   Code   RO         4164    i.CAN_ITConfig      stm32f4xx_can.o
    0x080008a8   0x000000e8   Code   RO         4165    i.CAN_Init          stm32f4xx_can.o
    0x08000990   0x00000090   Code   RO         4168    i.CAN_Receive       stm32f4xx_can.o
    0x08000a20   0x000000a4   Code   RO         4173    i.CAN_Transmit      stm32f4xx_can.o
    0x08000ac4   0x00000006   Code   RO         1948    i.CBUS_Init         cbus.o
    0x08000aca   0x0000004e   Code   RO         3774    i.CM_Cmd            motor.o
    0x08000b18   0x00000022   Code   RO         1960    i.CRC16Append       crc16.o
    0x08000b3a   0x00000002   PAD
    0x08000b3c   0x00000030   Code   RO         1961    i.CRC16Calc         crc16.o
    0x08000b6c   0x00000006   Code   RO         1613    i.CS_Set            sys.o
    0x08000b72   0x00000002   PAD
    0x08000b74   0x0000000c   Code   RO          553    i.Cal_GetFlag       cal.o
    0x08000b80   0x0000001c   Code   RO          556    i.Cal_Init          cal.o
    0x08000b9c   0x00000004   Code   RO          557    i.Cal_IsDone        cal.o
    0x08000ba0   0x000000f0   Code   RO          558    i.Cal_Proc          cal.o
    0x08000c90   0x00000044   Code   RO          560    i.Cal_SetGph        cal.o
    0x08000cd4   0x00000044   Code   RO          561    i.Cal_SetGpl        cal.o
    0x08000d18   0x00000004   Code   RO         2820    i.Can1RxCallback    can_srv.o
    0x08000d1c   0x00000070   Code   RO         3100    i.Can1_Config       can1.o
    0x08000d8c   0x00000004   Code   RO         2821    i.Can2RxCallback    can_srv.o
    0x08000d90   0x00000074   Code   RO         3148    i.Can2_Config       can2.o
    0x08000e04   0x00000030   Code   RO          629    i.Can_Init          can.o
    0x08000e34   0x000000b4   Code   RO          630    i.Can_Proc          can.o
    0x08000ee8   0x0000000c   Code   RO          729    i.Cfg_GetFlag       cfg.o
    0x08000ef4   0x00000104   Code   RO          731    i.Cfg_Init          cfg.o
    0x08000ff8   0x00000014   Code   RO          732    i.Cfg_IsSynced      cfg.o
    0x0800100c   0x00000006   Code   RO          733    i.Cfg_Load          cfg.o
    0x08001012   0x00000002   PAD
    0x08001014   0x0000001c   Code   RO          734    i.Cfg_Proc          cfg.o
    0x08001030   0x00000006   Code   RO          736    i.Cfg_Save          cfg.o
    0x08001036   0x00000002   PAD
    0x08001038   0x000000f0   Code   RO          952    i.ChassisVelocityControl  ctl.o
    0x08001128   0x0000000c   Code   RO         4176    i.CheckITStatus     stm32f4xx_can.o
    0x08001134   0x0000000c   Code   RO          820    i.Clk_GetMsTick     clk.o
    0x08001140   0x00000014   Code   RO          823    i.Clk_Init          clk.o
    0x08001154   0x00000038   Code   RO          824    i.Clk_Spin          clk.o
    0x0800118c   0x0000000c   Code   RO          861    i.Cmd_Init          cmd.o
    0x08001198   0x0000013c   Code   RO          862    i.Cmd_Proc          cmd.o
    0x080012d4   0x0000000e   Code   RO          898    i.Com_Init          com.o
    0x080012e2   0x00000002   PAD
    0x080012e4   0x00000064   Code   RO          953    i.Cpl_Init          ctl.o
    0x08001348   0x000000e8   Code   RO          954    i.Ctl_Init          ctl.o
    0x08001430   0x0000002c   Code   RO          955    i.Ctl_Proc          ctl.o
    0x0800145c   0x00000064   Code   RO          956    i.Cvl_Init          ctl.o
    0x080014c0   0x00000018   Code   RO         2004    i.DBUS_Dec          dbus.o
    0x080014d8   0x00000014   Code   RO         2006    i.DBUS_Init         dbus.o
    0x080014ec   0x00000014   Code   RO         4948    i.DMA_Cmd           stm32f4xx_dma.o
    0x08001500   0x0000006c   Code   RO         3422    i.DMA_Config        stm32util.o
    0x0800156c   0x00000014   Code   RO         4950    i.DMA_DoubleBufferModeCmd  stm32f4xx_dma.o
    0x08001580   0x00000016   Code   RO         4951    i.DMA_DoubleBufferModeConfig  stm32f4xx_dma.o
    0x08001596   0x00000006   Code   RO         4954    i.DMA_GetCurrDataCounter  stm32f4xx_dma.o
    0x0800159c   0x0000000e   Code   RO         4955    i.DMA_GetCurrentMemoryTarget  stm32f4xx_dma.o
    0x080015aa   0x00000002   PAD
    0x080015ac   0x00000054   Code   RO         4960    i.DMA_Init          stm32f4xx_dma.o
    0x08001600   0x00000004   Code   RO         2842    i.DbiRxCallback     com_srv.o
    0x08001604   0x00000070   Code   RO         3194    i.Dbi_Config        dbi.o
    0x08001674   0x00000044   Code   RO         3195    i.Dbi_GetCh         dbi.o
    0x080016b8   0x0000000c   Code   RO         3199    i.Dbi_GetTxFifoFree  dbi.o
    0x080016c4   0x00000006   Code   RO          900    i.Dbi_Proc          com.o
    0x080016ca   0x00000002   PAD
    0x080016cc   0x0000003c   Code   RO         3203    i.Dbi_PutCh         dbi.o
    0x08001708   0x00000044   Code   RO         3207    i.Dbi_WriteByte     dbi.o
    0x0800174c   0x00000018   Code   RO         1167    i.Dci_Init          dci.o
    0x08001764   0x0000003c   Code   RO         1168    i.Dci_Proc          dci.o
    0x080017a0   0x00000002   Code   RO          347    i.DebugMon_Handler  stm32f4xx_it.o
    0x080017a2   0x00000002   PAD
    0x080017a4   0x00000028   Code   RO         1209    i.Dnl_Init          dnl.o
    0x080017cc   0x00000008   Code   RO         2030    i.Ekf_Init          ekf.o
    0x080017d4   0x0000004a   Code   RO         2031    i.Ekf_Proc          ekf.o
    0x0800181e   0x00000002   PAD
    0x08001820   0x0000001c   Code   RO         2032    i.Ekf_Reset         ekf.o
    0x0800183c   0x00000016   Code   RO         2129    i.FIFO_Flush        fifo.o
    0x08001852   0x00000008   Code   RO         2130    i.FIFO_GetFree      fifo.o
    0x0800185a   0x00000008   Code   RO         2133    i.FIFO_Init         fifo.o
    0x08001862   0x0000000c   Code   RO         2134    i.FIFO_IsEmpty      fifo.o
    0x0800186e   0x00000010   Code   RO         2135    i.FIFO_IsFull       fifo.o
    0x0800187e   0x00000034   Code   RO         2137    i.FIFO_Pop          fifo.o
    0x080018b2   0x0000003a   Code   RO         2138    i.FIFO_Push         fifo.o
    0x080018ec   0x0000001c   Code   RO         5301    i.FLASH_DataCacheCmd  stm32f4xx_flash.o
    0x08001908   0x0000006c   Code   RO         5306    i.FLASH_EraseSector  stm32f4xx_flash.o
    0x08001974   0x0000003c   Code   RO         5308    i.FLASH_GetStatus   stm32f4xx_flash.o
    0x080019b0   0x00000010   Code   RO         5312    i.FLASH_Lock        stm32f4xx_flash.o
    0x080019c0   0x00000038   Code   RO         5333    i.FLASH_ProgramByte  stm32f4xx_flash.o
    0x080019f8   0x00000024   Code   RO         5338    i.FLASH_Unlock      stm32f4xx_flash.o
    0x08001a1c   0x0000001e   Code   RO         5339    i.FLASH_WaitForLastOperation  stm32f4xx_flash.o
    0x08001a3a   0x00000004   Code   RO         1614    i.FS_Clr            sys.o
    0x08001a3e   0x00000004   Code   RO         1615    i.FS_Cpy            sys.o
    0x08001a42   0x00000004   Code   RO         1616    i.FS_Det            sys.o
    0x08001a46   0x00000008   Code   RO         2205    i.Flag_Clr          fun.o
    0x08001a4e   0x00000026   Code   RO         2206    i.Flag_Cpy          fun.o
    0x08001a74   0x0000000e   Code   RO         2207    i.Flag_Det          fun.o
    0x08001a82   0x00000006   Code   RO         2208    i.Flag_Get          fun.o
    0x08001a88   0x00000008   Code   RO         2210    i.Flag_Set          fun.o
    0x08001a90   0x000000a0   Code   RO         3739    i.Flash_GetSector   flash.o
    0x08001b30   0x00000016   Code   RO         3740    i.Flash_Read        flash.o
    0x08001b46   0x00000002   PAD
    0x08001b48   0x00000080   Code   RO         3741    i.Flash_Write       flash.o
    0x08001bc8   0x00000010   Code   RO         1251    i.Fos_Read          fos.o
    0x08001bd8   0x00000010   Code   RO         1252    i.Fos_Write         fos.o
    0x08001be8   0x00000048   Code   RO         3775    i.GM_Cmd            motor.o
    0x08001c30   0x00000028   Code   RO         3426    i.GPIO_AF           stm32util.o
    0x08001c58   0x00000118   Code   RO         3427    i.GPIO_Config       stm32util.o
    0x08001d70   0x00000010   Code   RO         3428    i.GPIO_In           stm32util.o
    0x08001d80   0x000000a2   Code   RO         5820    i.GPIO_Init         stm32f4xx_gpio.o
    0x08001e22   0x00000012   Code   RO         3429    i.GPIO_Out          stm32util.o
    0x08001e34   0x00000020   Code   RO         5821    i.GPIO_PinAFConfig  stm32f4xx_gpio.o
    0x08001e54   0x0000000e   Code   RO         5824    i.GPIO_ReadInputDataBit  stm32f4xx_gpio.o
    0x08001e62   0x0000000e   Code   RO         5826    i.GPIO_ReadOutputDataBit  stm32f4xx_gpio.o
    0x08001e70   0x00000004   Code   RO         5827    i.GPIO_ResetBits    stm32f4xx_gpio.o
    0x08001e74   0x00000004   Code   RO         5828    i.GPIO_SetBits      stm32f4xx_gpio.o
    0x08001e78   0x00000008   Code   RO         5830    i.GPIO_ToggleBits   stm32f4xx_gpio.o
    0x08001e80   0x00000006   Code   RO         1620    i.GS_Set            sys.o
    0x08001e86   0x00000002   PAD
    0x08001e88   0x000000f8   Code   RO         1281    i.GetChassisVelocityRef  hci.o
    0x08001f80   0x000000c4   Code   RO         1556    i.GetChassisVelocityRef  rci.o
    0x08002044   0x0000007c   Code   RO         1514    i.GetFunctionalStateFdb  odo.o
    0x080020c0   0x00000100   Code   RO         1282    i.GetGrabberVelocityRef  hci.o
    0x080021c0   0x000000f0   Code   RO         1557    i.GetGrabberVelocityRef  rci.o
    0x080022b0   0x00000064   Code   RO          957    i.Gpl_Init          ctl.o
    0x08002314   0x00000088   Code   RO          958    i.GrabberPositionControl  ctl.o
    0x0800239c   0x00000064   Code   RO          959    i.Gvl_Init          ctl.o
    0x08002400   0x00000002   Code   RO          348    i.HardFault_Handler  stm32f4xx_it.o
    0x08002402   0x00000002   PAD
    0x08002404   0x00000026   Code   RO         2311    i.Hcf_Init          hcf.o
    0x0800242a   0x00000040   Code   RO         2312    i.Hcf_Proc          hcf.o
    0x0800246a   0x00000002   PAD
    0x0800246c   0x00000034   Code   RO         1283    i.Hci_Init          hci.o
    0x080024a0   0x00000010   Code   RO         1284    i.Hci_MouseBtn      hci.o
    0x080024b0   0x0000000c   Code   RO         1285    i.Hci_PreProc       hci.o
    0x080024bc   0x00000018   Code   RO         1286    i.Hci_Proc          hci.o
    0x080024d4   0x0000001e   Code   RO         2329    i.Hcp_Dec           hcp.o
    0x080024f2   0x0000001c   Code   RO         2331    i.Hcp_Init          hcp.o
    0x0800250e   0x00000002   PAD
    0x08002510   0x0000000c   Code   RO         1331    i.Ini_GetFlag       ini.o
    0x0800251c   0x0000000c   Code   RO         1334    i.Ini_Init          ini.o
    0x08002528   0x00000018   Code   RO         1335    i.Ini_IsDone        ini.o
    0x08002540   0x00000090   Code   RO         1336    i.Ini_Proc          ini.o
    0x080025d0   0x00000004   Code   RO         1384    i.Ios_GetCh         ios.o
    0x080025d4   0x0000001c   Code   RO         1385    i.Ios_Init          ios.o
    0x080025f0   0x00000012   Code   RO         1386    i.Ios_PutCh         ios.o
    0x08002602   0x00000002   PAD
    0x08002604   0x00000010   Code   RO         1389    i.Ios_SetIn         ios.o
    0x08002614   0x00000010   Code   RO         1390    i.Ios_SetOut        ios.o
    0x08002624   0x0000003a   Code   RO         1392    i.Ios_WriteByte     ios.o
    0x0800265e   0x00000002   PAD
    0x08002660   0x00000028   Code   RO          415    i.KOS_Boot          kos.o
    0x08002688   0x00000018   Code   RO         3304    i.Key_Config        key.o
    0x080026a0   0x00000030   Code   RO         3328    i.Led_Config        led.o
    0x080026d0   0x00000006   Code   RO         1621    i.MS_Set            sys.o
    0x080026d6   0x00000008   Code   RO         2535    i.Maf_Init          maf.o
    0x080026de   0x00000042   Code   RO         2537    i.Maf_Proc          maf.o
    0x08002720   0x00000030   Code   RO         2538    i.Maf_Reset         maf.o
    0x08002750   0x00000010   Code   RO         1471    i.Mec_Decomp        mec.o
    0x08002760   0x00000030   Code   RO         1472    i.Mec_Init          mec.o
    0x08002790   0x00000010   Code   RO         1473    i.Mec_Synthe        mec.o
    0x080027a0   0x0000002a   Code   RO         2575    i.Mecanum_Config    mecanum.o
    0x080027ca   0x0000008e   Code   RO         2576    i.Mecanum_Decomp    mecanum.o
    0x08002858   0x00000072   Code   RO         2577    i.Mecanum_Synthe    mecanum.o
    0x080028ca   0x00000002   Code   RO          349    i.MemManage_Handler  stm32f4xx_it.o
    0x080028cc   0x00000140   Code   RO          632    i.Motor_Process     can.o
    0x08002a0c   0x0000000e   Code   RO          633    i.Motor_Ready       can.o
    0x08002a1a   0x00000006   Code   RO          634    i.Motor_Reset       can.o
    0x08002a20   0x00000048   Code   RO         2601    i.Msg_Push          msg.o
    0x08002a68   0x00000002   Code   RO          350    i.NMI_Handler       stm32f4xx_it.o
    0x08002a6a   0x0000001c   Code   RO         3430    i.NVIC_Config       stm32util.o
    0x08002a86   0x00000002   PAD
    0x08002a88   0x00000064   Code   RO         3855    i.NVIC_Init         misc.o
    0x08002aec   0x00000014   Code   RO         3856    i.NVIC_PriorityGroupConfig  misc.o
    0x08002b00   0x000000c8   Code   RO         1515    i.Odo_Init          odo.o
    0x08002bc8   0x00000134   Code   RO         1516    i.Odo_Proc          odo.o
    0x08002cfc   0x0000011c   Code   RO         2646    i.PID_Calc          pid.o
    0x08002e18   0x00000006   Code   RO         2647    i.PID_Config        pid.o
    0x08002e1e   0x00000002   PAD
    0x08002e20   0x00000024   Code   RO         2648    i.PID_Reset         pid.o
    0x08002e44   0x00001544   Code   RO         3431    i.PWM_Bind          stm32util.o
    0x08004388   0x00000002   Code   RO          351    i.PendSV_Handler    stm32f4xx_it.o
    0x0800438a   0x00000002   PAD
    0x0800438c   0x0000004c   Code   RO         3352    i.Pwm_Config        pwm.o
    0x080043d8   0x00000018   Code   RO         6767    i.RCC_AHB1PeriphClockCmd  stm32f4xx_rcc.o
    0x080043f0   0x00000018   Code   RO         6776    i.RCC_APB1PeriphClockCmd  stm32f4xx_rcc.o
    0x08004408   0x00000018   Code   RO         6779    i.RCC_APB2PeriphClockCmd  stm32f4xx_rcc.o
    0x08004420   0x00000094   Code   RO         6788    i.RCC_GetClocksFreq  stm32f4xx_rcc.o
    0x080044b4   0x00000028   Code   RO         2670    i.Rcf_Init          rcf.o
    0x080044dc   0x00000040   Code   RO         2671    i.Rcf_Proc          rcf.o
    0x0800451c   0x0000000c   Code   RO         1558    i.Rci_Init          rci.o
    0x08004528   0x0000000c   Code   RO         1560    i.Rci_PreProc       rci.o
    0x08004534   0x00000012   Code   RO         1561    i.Rci_Proc          rci.o
    0x08004546   0x00000002   PAD
    0x08004548   0x00000010   Code   RO         1562    i.Rci_Sw            rci.o
    0x08004558   0x0000004e   Code   RO         2688    i.Rcp_Dec           rcp.o
    0x080045a6   0x00000002   PAD
    0x080045a8   0x00000026   Code   RO         2690    i.Rcp_Init          rcp.o
    0x080045ce   0x00000004   Code   RO         2877    i.RcvCallback       rcv_srv.o
    0x080045d2   0x00000002   PAD
    0x080045d4   0x00000094   Code   RO         3376    i.Rcv_Config        rcv.o
    0x08004668   0x00000020   Code   RO         1169    i.Rcv_Proc          dci.o
    0x08004688   0x00000028   Code   RO         2712    i.Rmp_Calc          rmp.o
    0x080046b0   0x00000004   Code   RO         2713    i.Rmp_Config        rmp.o
    0x080046b4   0x0000001c   Code   RO          960    i.Rmp_Init          ctl.o
    0x080046d0   0x00000006   Code   RO         2715    i.Rmp_Reset         rmp.o
    0x080046d6   0x00000002   Code   RO          352    i.SVC_Handler       stm32f4xx_it.o
    0x080046d8   0x00000040   Code   RO          442    i.Sch_Arrange       sch.o
    0x08004718   0x00000018   Code   RO          444    i.Sch_Init          sch.o
    0x08004730   0x00000038   Code   RO          445    i.Sch_Proc          sch.o
    0x08004768   0x000000d0   Code   RO         8974    i.SetSysClock       system_stm32f4xx.o
    0x08004838   0x00000004   Code   RO         2916    i.SyncTimCallback   tim_srv.o
    0x0800483c   0x0000002c   Code   RO         3532    i.SyncTim_Config    tim.o
    0x08004868   0x00000028   Code   RO         3533    i.SyncTim_Start     tim.o
    0x08004890   0x0000005c   Code   RO         8976    i.SystemInit        system_stm32f4xx.o
    0x080048ec   0x0000002a   Code   RO         3535    i.TIM2_IRQHandler   tim.o
    0x08004916   0x00000002   PAD
    0x08004918   0x00000030   Code   RO         3536    i.TIM6_DAC_IRQHandler  tim.o
    0x08004948   0x00000014   Code   RO         8164    i.TIM_ARRPreloadConfig  stm32f4xx_tim.o
    0x0800495c   0x00000006   Code   RO         8170    i.TIM_ClearFlag     stm32f4xx_tim.o
    0x08004962   0x00000006   Code   RO         8171    i.TIM_ClearITPendingBit  stm32f4xx_tim.o
    0x08004968   0x00000014   Code   RO         8176    i.TIM_Cmd           stm32f4xx_tim.o
    0x0800497c   0x00000144   Code   RO         3432    i.TIM_Config        stm32util.o
    0x08004ac0   0x00000018   Code   RO         8197    i.TIM_GetITStatus   stm32f4xx_tim.o
    0x08004ad8   0x00000010   Code   RO         8201    i.TIM_ITConfig      stm32f4xx_tim.o
    0x08004ae8   0x00000060   Code   RO         8205    i.TIM_OC1Init       stm32f4xx_tim.o
    0x08004b48   0x0000000c   Code   RO         8208    i.TIM_OC1PreloadConfig  stm32f4xx_tim.o
    0x08004b54   0x00000080   Code   RO         8210    i.TIM_OC2Init       stm32f4xx_tim.o
    0x08004bd4   0x00000014   Code   RO         8213    i.TIM_OC2PreloadConfig  stm32f4xx_tim.o
    0x08004be8   0x0000007c   Code   RO         8215    i.TIM_OC3Init       stm32f4xx_tim.o
    0x08004c64   0x0000000c   Code   RO         8218    i.TIM_OC3PreloadConfig  stm32f4xx_tim.o
    0x08004c70   0x00000060   Code   RO         8220    i.TIM_OC4Init       stm32f4xx_tim.o
    0x08004cd0   0x00000014   Code   RO         8222    i.TIM_OC4PreloadConfig  stm32f4xx_tim.o
    0x08004ce4   0x00000082   Code   RO         3433    i.TIM_OC_Config     stm32util.o
    0x08004d66   0x00000002   PAD
    0x08004d68   0x0000007c   Code   RO         8248    i.TIM_TimeBaseInit  stm32f4xx_tim.o
    0x08004de4   0x00000004   Code   RO         2917    i.TickTimCallback   tim_srv.o
    0x08004de8   0x00000024   Code   RO         3537    i.TickTim_Config    tim.o
    0x08004e0c   0x00000022   Code   RO         3538    i.TickTim_Start     tim.o
    0x08004e2e   0x0000000e   Code   RO         3540    i.Tim_Config        tim.o
    0x08004e3c   0x0000000e   Code   RO         3541    i.Tim_Start         tim.o
    0x08004e4a   0x00000004   Code   RO         2843    i.TtyRxCallback     com_srv.o
    0x08004e4e   0x00000002   PAD
    0x08004e50   0x00000070   Code   RO         3611    i.Tty_Config        tty.o
    0x08004ec0   0x0000000c   Code   RO         3616    i.Tty_GetTxFifoFree  tty.o
    0x08004ecc   0x00000006   Code   RO          901    i.Tty_Proc          com.o
    0x08004ed2   0x00000002   PAD
    0x08004ed4   0x00000044   Code   RO         3624    i.Tty_WriteByte     tty.o
    0x08004f18   0x00000074   Code   RO         3379    i.USART1_IRQHandler  rcv.o
    0x08004f8c   0x00000098   Code   RO         2978    i.USART2_IRQHandler  btm.o
    0x08005024   0x00000098   Code   RO         3208    i.USART3_IRQHandler  dbi.o
    0x080050bc   0x00000098   Code   RO         3625    i.USART6_IRQHandler  tty.o
    0x08005154   0x00000de0   Code   RO         3434    i.USART_Bind        stm32util.o
    0x08005f34   0x00000014   Code   RO         8717    i.USART_Cmd         stm32f4xx_usart.o
    0x08005f48   0x00000190   Code   RO         3435    i.USART_Config      stm32util.o
    0x080060d8   0x00000010   Code   RO         8718    i.USART_DMACmd      stm32f4xx_usart.o
    0x080060e8   0x0000003e   Code   RO         8721    i.USART_GetITStatus  stm32f4xx_usart.o
    0x08006126   0x00000030   Code   RO         8723    i.USART_ITConfig    stm32f4xx_usart.o
    0x08006156   0x00000002   PAD
    0x08006158   0x000000ac   Code   RO         8724    i.USART_Init        stm32f4xx_usart.o
    0x08006204   0x00000008   Code   RO         8731    i.USART_ReceiveData  stm32f4xx_usart.o
    0x0800620c   0x00000008   Code   RO         8734    i.USART_SendData    stm32f4xx_usart.o
    0x08006214   0x00000012   Code   RO         1676    i.Upd_Init          upd.o
    0x08006226   0x00000042   Code   RO         1677    i.Upd_Proc          upd.o
    0x08006268   0x00000014   Code   RO         1706    i.Upl_Init          upl.o
    0x0800627c   0x00000168   Code   RO         1707    i.Upl_Proc          upl.o
    0x080063e4   0x00000094   Code   RO         1708    i.Upl_PushOdomeMsg  upl.o
    0x08006478   0x00000002   Code   RO          353    i.UsageFault_Handler  stm32f4xx_it.o
    0x0800647a   0x00000002   PAD
    0x0800647c   0x00000010   Code   RO         1741    i.Wdg_Feed          wdg.o
    0x0800648c   0x0000000c   Code   RO         1742    i.Wdg_GetErr        wdg.o
    0x08006498   0x0000000c   Code   RO         1744    i.Wdg_HasErr        wdg.o
    0x080064a4   0x00000014   Code   RO         1745    i.Wdg_HitErr        wdg.o
    0x080064b8   0x0000002c   Code   RO         1746    i.Wdg_Init          wdg.o
    0x080064e4   0x0000001c   Code   RO         1747    i.Wdg_IsOkay        wdg.o
    0x08006500   0x00000044   Code   RO         1748    i.Wdg_Proc          wdg.o
    0x08006544   0x0000000c   Code   RO         1801    i.Wsm_GetWs         wsm.o
    0x08006550   0x00000010   Code   RO         1802    i.Wsm_Init          wsm.o
    0x08006560   0x000000b0   Code   RO         1803    i.Wsm_Proc          wsm.o
    0x08006610   0x0000008c   Code   RO          635    i.ZGyro_Process     can.o
    0x0800669c   0x0000000e   Code   RO          636    i.ZGyro_Ready       can.o
    0x080066aa   0x00000006   Code   RO          637    i.ZGyro_Reset       can.o
    0x080066b0   0x0000000e   Code   RO         9459    i.__scatterload_copy  mc_w.l(handlers.o)
    0x080066be   0x00000002   Code   RO         9460    i.__scatterload_null  mc_w.l(handlers.o)
    0x080066c0   0x0000000e   Code   RO         9461    i.__scatterload_zeroinit  mc_w.l(handlers.o)
    0x080066ce   0x00000020   Code   RO         2212    i.constrain         fun.o
    0x080066ee   0x00000002   PAD
    0x080066f0   0x0000001c   Code   RO          446    i.getSchTask        sch.o
    0x0800670c   0x00000020   Code   RO            4    i.main              main.o
    0x0800672c   0x0000006c   Code   RO         9330    i.malloc            mc_w.l(malloc.o)
    0x08006798   0x00000038   Code   RO         2213    i.map               fun.o
    0x080067d0   0x00000028   Code   RO          447    i.newSchTask        sch.o
    0x080067f8   0x00000010   Code   RO            5    i.task              main.o
    0x08006808   0x000001e6   Data   RO          740    .constdata          cfg.o
    0x080069ee   0x00000002   PAD
    0x080069f0   0x00000044   Data   RO         1749    .constdata          wdg.o
    0x08006a34   0x00000200   Data   RO         1963    .constdata          crc16.o
    0x08006c34   0x00000004   Data   RO         2604    .constdata          msg.o
    0x08006c38   0x00000004   Data   RO         2606    .constdata          msg.o
    0x08006c3c   0x00000004   Data   RO         2608    .constdata          msg.o
    0x08006c40   0x00000004   Data   RO         2609    .constdata          msg.o
    0x08006c44   0x00000004   Data   RO         2610    .constdata          msg.o
    0x08006c48   0x00000004   Data   RO         2611    .constdata          msg.o
    0x08006c4c   0x00000004   Data   RO         2613    .constdata          msg.o
    0x08006c50   0x00000020   Data   RO         9457    Region$$Table       anon$$obj.o


    Execution Region RW_IRAM1 (Base: 0x20000000, Size: 0x00002750, Max: 0x00030000, ABSOLUTE, COMPRESSED[0x00000074])

    Base Addr    Size         Type   Attr      Idx    E Section Name        Object

    0x20000000   0x0000000c   Data   RW          448    .data               sch.o
    0x2000000c   0x00000008   Data   RW          563    .data               cal.o
    0x20000014   0x000000f3   Data   RW          741    .data               cfg.o
    0x20000107   0x00000001   PAD
    0x20000108   0x00000014   Data   RW          825    .data               clk.o
    0x2000011c   0x00000030   Data   RW          962    .data               ctl.o
    0x2000014c   0x00000004   Data   RW         1338    .data               ini.o
    0x20000150   0x00000008   Data   RW         1395    .data               ios.o
    0x20000158   0x00000004   Data   RW         1518    .data               odo.o
    0x2000015c   0x00000004   Data   RW         1710    .data               upl.o
    0x20000160   0x00000048   Data   RW         1750    .data               wdg.o
    0x200001a8   0x00000002   Data   RW         1804    .data               wsm.o
    0x200001aa   0x00000010   Data   RW         6820    .data               stm32f4xx_rcc.o
    0x200001ba   0x00000002   PAD
    0x200001bc   0x00000004   Data   RW         9423    .data               mc_w.l(mvars.o)
    0x200001c0   0x00000004   Data   RW         9424    .data               mc_w.l(mvars.o)
    0x200001c4   0x00000038   Zero   RW          562    .bss                cal.o
    0x200001fc   0x000002b4   Zero   RW          638    .bss                can.o
    0x200004b0   0x0000004c   Zero   RW          863    .bss                cmd.o
    0x200004fc   0x0000028c   Zero   RW          961    .bss                ctl.o
    0x20000788   0x00000016   Zero   RW         1170    .bss                dci.o
    0x2000079e   0x00000002   PAD
    0x200007a0   0x00000264   Zero   RW         1212    .bss                dnl.o
    0x20000a04   0x000000f0   Zero   RW         1287    .bss                hci.o
    0x20000af4   0x00000014   Zero   RW         1474    .bss                mec.o
    0x20000b08   0x00000064   Zero   RW         1517    .bss                odo.o
    0x20000b6c   0x00000010   Zero   RW         1563    .bss                rci.o
    0x20000b7c   0x00000114   Zero   RW         1709    .bss                upl.o
    0x20000c90   0x00000228   Zero   RW         2979    .bss                btm.o
    0x20000eb8   0x00000228   Zero   RW         3209    .bss                dbi.o
    0x200010e0   0x00000048   Zero   RW         3380    .bss                rcv.o
    0x20001128   0x00000228   Zero   RW         3626    .bss                tty.o
    0x20001350   0x00001000   Zero   RW         9013    HEAP                startup_stm32f427xx.o
    0x20002350   0x00000400   Zero   RW         9012    STACK               startup_stm32f427xx.o


==============================================================================

Image component sizes


      Code (inc. data)   RO Data    RW Data    ZI Data      Debug   Object Name

       192         22          0          0          0       1294   act.o
        64          0          0          0          0        970   app.o
        72          4          0          0          0        517   bsp.o
       404         54          0          0        552       3277   btm.o
        12          6          0          0          0        429   btn.o
       420         88          0          8         56       3591   cal.o
       728         62          0          0        692       6702   can.o
       216         24          0          0          0       1597   can1.o
       220         26          0          0          0       1605   can2.o
         8          0          0          0          0       1290   can_srv.o
         6          0          0          0          0        724   cbus.o
       332         24        486        243          0       6053   cfg.o
        88         16          0         20          0       1606   clk.o
       328         12          0          0         76       1524   cmd.o
        32          0          0          0          0       1772   com.o
        12          0          0          0          0       1428   com_srv.o
        82          4        512          0          0       1786   crc16.o
      1080        104          0         48        652       6196   ctl.o
       472         62          0          0        552       3801   dbi.o
        44          0          0          0          0       1375   dbus.o
       116          8          0          0         22       2056   dci.o
        40          4          0          0        612       1837   dnl.o
       110          6          0          0          0       1870   ekf.o
       176          0          0          0          0       4336   fifo.o
       310         52          0          0          0       2771   flash.o
        32         12          0          0          0       1267   fos.o
       162          0          0          0          0       4413   fun.o
       102          0          0          0          0       1442   hcf.o
       608         58          0          0        240       4077   hci.o
        58          0          0          0          0       1301   hcp.o
       192         32          0          4          0       2049   ini.o
       140         22          0          8          0       3617   ios.o
        24          4          0          0          0        473   key.o
        40          6          0          0          0        483   kos.o
        48          8          0          0          0        485   led.o
       122          6          0          0          0       1882   maf.o
        48         12          0          0          0     359214   main.o
        80         20          0          0         20       1605   mec.o
       298          0          0          0          0       2131   mecanum.o
       120         14          0          0          0       1563   misc.o
       150          0          0          0          0       1658   motor.o
        72          0         28          0          0       9195   msg.o
       632         68          0          4        100       2956   odo.o
       326         12          0          0          0       2328   pid.o
        76         10          0          0          0        469   pwm.o
       104          0          0          0          0       1462   rcf.o
       494         60          0          0         16       3445   rci.o
       116          0          0          0          0       1309   rcp.o
       264         34          0          0         72       1581   rcv.o
         4          0          0          0          0        738   rcv_srv.o
        50          0          0          0          0       1792   rmp.o
       212         20          0         12          0       3476   sch.o
        36          8        428          0       5120        840   startup_stm32f427xx.o
      1108         24          0          0          0       7674   stm32f4xx_can.o
       166          4          0          0          0       4974   stm32f4xx_dma.o
       334         36          0          0          0       4888   stm32f4xx_flash.o
       238          0          0          0          0       4922   stm32f4xx_gpio.o
        16          0          0          0          0       3644   stm32f4xx_it.o
       220         34          0         16          0       4871   stm32f4xx_rcc.o
       724         60          0          0          0      11340   stm32f4xx_tim.o
       334          8          0          0          0       5618   stm32f4xx_usart.o
     10502        292          0          0          0      18987   stm32util.o
        30          0          0          0          0       3534   sys.o
       300         36          0          0          0       1569   system_stm32f4xx.o
       272         18          0          0          0       4251   tim.o
         8          0          0          0          0        892   tim_srv.o
       344         44          0          0        552       2789   tty.o
        84          6          0          0          0       1094   upd.o
       528         74          0          4        276       2594   upl.o
       200         40         68         72          0       4031   wdg.o
       204         24          0          2          0       1710   wsm.o

    ----------------------------------------------------------------------
     25850       1684       1556        444       9612     567040   Object Totals
         0          0         32          0          0          0   (incl. Generated)
        64          0          2          3          2          0   (incl. Padding)

    ----------------------------------------------------------------------

      Code (inc. data)   RO Data    RW Data    ZI Data      Debug   Library Member Name

        86          0          0          0          0          0   __dczerorl2.o
         0          0          0          0          0          0   entry.o
         0          0          0          0          0          0   entry10a.o
         0          0          0          0          0          0   entry11a.o
         8          4          0          0          0          0   entry2.o
         4          0          0          0          0          0   entry5.o
         0          0          0          0          0          0   entry7b.o
         0          0          0          0          0          0   entry8b.o
         8          4          0          0          0          0   entry9a.o
        30          0          0          0          0          0   handlers.o
        36          8          0          0          0         68   init.o
       108         16          0          0          0         84   malloc.o
        36          0          0          0          0         68   memcpya.o
        36          0          0          0          0        108   memseta.o
         0          0          0          8          0          0   mvars.o

    ----------------------------------------------------------------------
       354         32          0          8          0        328   Library Totals
         2          0          0          0          0          0   (incl. Padding)

    ----------------------------------------------------------------------

      Code (inc. data)   RO Data    RW Data    ZI Data      Debug   Library Name

       352         32          0          8          0        328   mc_w.l

    ----------------------------------------------------------------------
       354         32          0          8          0        328   Library Totals

    ----------------------------------------------------------------------

==============================================================================


      Code (inc. data)   RO Data    RW Data    ZI Data      Debug   

     26204       1716       1556        452       9612     541748   Grand Totals
     26204       1716       1556        116       9612     541748   ELF Image Totals (compressed)
     26204       1716       1556        116          0          0   ROM Totals

==============================================================================

    Total RO  Size (Code + RO Data)                27760 (  27.11kB)
    Total RW  Size (RW Data + ZI Data)             10064 (   9.83kB)
    Total ROM Size (Code + RO Data + RW Data)      27876 (  27.22kB)

==============================================================================

