Component: ARM Compiler 5.06 update 4 (build 422) Tool: armlink [4d35d2]

==============================================================================

Section Cross References

    main.o(i.main) refers to kos.o(i.KOS_Boot) for KOS_Boot
    main.o(i.main) refers to snd.o(i.Snd_Play) for Snd_Play
    main.o(i.main) refers to delay.o(i.Delay_Ms) for Delay_Ms
    main.o(i.main) refers to snd.o(i.Snd_Stop) for Snd_Stop
    main.o(i.main) refers to srs.o(i.Srs_Proc) for Srs_Proc
    main.o(i.main) refers to dnl.o(i.Dnl_Proc) for Dnl_Proc
    main.o(i.main) refers to clk.o(i.Clk_GetUsTick) for Clk_GetUsTick
    main.o(i.main) refers to upl.o(i.Upl_Proc) for Upl_Proc
    main.o(i.main) refers to mpu6500_drv.o(i.MPU6500_Read) for MPU6500_Read
    main.o(i.main) refers to printf1.o(i.__0printf$1) for __2printf
    main.o(i.main) refers to main.o(.data) for .data
    main.o(i.main) refers to main.o(.bss) for .bss
    kos.o(i.KOS_Boot) refers to app.o(i.App_Init) for App_Init
    kos.o(i.KOS_Boot) refers to sch.o(i.Sch_Init) for Sch_Init
    kos.o(i.KOS_Boot) refers to sch.o(i.Sch_Arrange) for Sch_Arrange
    kos.o(i.KOS_Boot) refers to bsp.o(i.Bsp_Config) for Bsp_Config
    kos.o(i.KOS_Boot) refers to act.o(i.Act_Init) for Act_Init
    kos.o(i.KOS_Boot) refers to tim.o(i.Tim_Start) for Tim_Start
    kos.o(i.KOS_Boot) refers to app.o(i.App_Proc) for App_Proc
    kos.o(i.KOS_Boot) refers to snd.o(i.Snd_Proc) for Snd_Proc
    kos.o(i.KOS_Stop) refers to sch.o(i.Sch_Dismiss) for Sch_Dismiss
    kos.o(i.KOS_Stop) refers to act.o(i.Act_Init) for Act_Init
    kos.o(i.KOS_Stop) refers to app.o(i.App_Proc) for App_Proc
    kos.o(i.KOS_Stop) refers to snd.o(i.Snd_Proc) for Snd_Proc
    sch.o(i.Sch_Arrange) refers to sch.o(i.getSchTask) for getSchTask
    sch.o(i.Sch_Arrange) refers to sch.o(i.newSchTask) for newSchTask
    sch.o(i.Sch_Arrange) refers to sch.o(.data) for .data
    sch.o(i.Sch_Dismiss) refers to sch.o(i.getSchTask) for getSchTask
    sch.o(i.Sch_Dismiss) refers to malloc.o(i.free) for free
    sch.o(i.Sch_Dismiss) refers to sch.o(.data) for .data
    sch.o(i.Sch_Init) refers to sch.o(.data) for .data
    sch.o(i.Sch_Proc) refers to sch.o(.data) for .data
    sch.o(i.getSchTask) refers to sch.o(.data) for .data
    sch.o(i.newSchTask) refers to malloc.o(i.malloc) for malloc
    sch.o(i.newSchTask) refers to memseta.o(.text) for __aeabi_memclr4
    act.o(i.Act_Init) refers to motor.o(i.CM_Cmd) for CM_Cmd
    act.o(i.Act_Init) refers to motor.o(i.GM_Cmd) for GM_Cmd
    act.o(i.Act_Proc) refers to motor.o(i.CM_Cmd) for CM_Cmd
    act.o(i.Act_Proc) refers to motor.o(i.GM_Cmd) for GM_Cmd
    act.o(i.Act_Proc) refers to ctl.o(.bss) for ctl
    app.o(i.App_Init) refers to ios.o(i.Ios_Init) for Ios_Init
    app.o(i.App_Init) refers to cfg.o(i.Cfg_Init) for Cfg_Init
    app.o(i.App_Init) refers to clk.o(i.Clk_Init) for Clk_Init
    app.o(i.App_Init) refers to mec.o(i.Mec_Init) for Mec_Init
    app.o(i.App_Init) refers to can.o(i.Can_Init) for Can_Init
    app.o(i.App_Init) refers to odo.o(i.Odo_Init) for Odo_Init
    app.o(i.App_Init) refers to cmd.o(i.Cmd_Init) for Cmd_Init
    app.o(i.App_Init) refers to ctl.o(i.Ctl_Init) for Ctl_Init
    app.o(i.App_Init) refers to upl.o(i.Upl_Init) for Upl_Init
    app.o(i.App_Init) refers to dnl.o(i.Dnl_Init) for Dnl_Init
    app.o(i.App_Init) refers to com.o(i.Com_Init) for Com_Init
    app.o(i.App_Init) refers to dci.o(i.Dci_Init) for Dci_Init
    app.o(i.App_Init) refers to cal.o(i.Cal_Init) for Cal_Init
    app.o(i.App_Init) refers to pwr.o(i.Pwr_Init) for Pwr_Init
    app.o(i.App_Init) refers to srs.o(i.Srs_Init) for Srs_Init
    app.o(i.App_Init) refers to snd.o(i.Snd_Init) for Snd_Init
    app.o(i.App_Init) refers to wdg.o(i.Wdg_Init) for Wdg_Init
    app.o(i.App_Init) refers to ini.o(i.Ini_Init) for Ini_Init
    app.o(i.App_Init) refers to wsm.o(i.Wsm_Init) for Wsm_Init
    app.o(i.App_Init) refers to upd.o(i.Upd_Init) for Upd_Init
    app.o(i.App_Proc) refers to wdg.o(i.Wdg_Proc) for Wdg_Proc
    app.o(i.App_Proc) refers to ini.o(i.Ini_Proc) for Ini_Proc
    app.o(i.App_Proc) refers to wsm.o(i.Wsm_Proc) for Wsm_Proc
    app.o(i.App_Proc) refers to upd.o(i.Upd_Proc) for Upd_Proc
    cal.o(i.Cal_ClrFlag) refers to cal.o(.data) for .data
    cal.o(i.Cal_GetFlag) refers to cal.o(.data) for .data
    cal.o(i.Cal_HasFlag) refers to cal.o(.data) for .data
    cal.o(i.Cal_HitFlag) refers to cal.o(.data) for .data
    cal.o(i.Cal_Init) refers to maf.o(i.Maf_Init) for Maf_Init
    cal.o(i.Cal_Init) refers to cal.o(.data) for .data
    cal.o(i.Cal_Init) refers to cal.o(.bss) for .bss
    cal.o(i.Cal_IsDone) refers to cal.o(.data) for .data
    cal.o(i.Cal_Proc) refers to cal.o(i.Cal_ProcGim) for Cal_ProcGim
    cal.o(i.Cal_ProcGim) refers to cal.o(i.Cal_ProcGpe) for Cal_ProcGpe
    cal.o(i.Cal_ProcGim) refers to fun.o(i.map) for map
    cal.o(i.Cal_ProcGim) refers to cal.o(i.Cal_SetFlag) for Cal_SetFlag
    cal.o(i.Cal_ProcGim) refers to cal.o(.data) for .data
[...]
    __Vectors_End                            0x080001ac   Data           0  startup_stm32f427xx.o(RESET)
    __main                                   0x080001ad   Thumb Code     0  entry.o(.ARM.Collect$$$$00000000)
    _main_stk                                0x080001ad   Thumb Code     0  entry2.o(.ARM.Collect$$$$00000001)
    _main_scatterload                        0x080001b1   Thumb Code     0  entry5.o(.ARM.Collect$$$$00000004)
    __main_after_scatterload                 0x080001b5   Thumb Code     0  entry5.o(.ARM.Collect$$$$00000004)
    _main_clock                              0x080001b5   Thumb Code     0  entry7b.o(.ARM.Collect$$$$00000008)
    _main_cpp_init                           0x080001b5   Thumb Code     0  entry8b.o(.ARM.Collect$$$$0000000A)
    _main_init                               0x080001b5   Thumb Code     0  entry9a.o(.ARM.Collect$$$$0000000B)
    __rt_final_cpp                           0x080001bd   Thumb Code     0  entry10a.o(.ARM.Collect$$$$0000000D)
    __rt_final_exit                          0x080001bd   Thumb Code     0  entry11a.o(.ARM.Collect$$$$0000000F)
    Reset_Handler                            0x080001c1   Thumb Code     8  startup_stm32f427xx.o(.text)
    SysTick_Handler                          0x080001d9   Thumb Code     2  startup_stm32f427xx.o(.text)
    ADC_IRQHandler                           0x080001db   Thumb Code     0  startup_stm32f427xx.o(.text)
    CAN1_RX1_IRQHandler                      0x080001db   Thumb Code     0  startup_stm32f427xx.o(.text)
    CAN1_SCE_IRQHandler                      0x080001db   Thumb Code     0  startup_stm32f427xx.o(.text)
    CAN2_RX1_IRQHandler                      0x080001db   Thumb Code     0  startup_stm32f427xx.o(.text)
    CAN2_SCE_IRQHandler                      0x080001db   Thumb Code     0  startup_stm32f427xx.o(.text)
    DCMI_IRQHandler                          0x080001db   Thumb Code     0  startup_stm32f427xx.o(.text)
    DMA1_Stream0_IRQHandler                  0x080001db   Thumb Code     0  startup_stm32f427xx.o(.text)
    DMA1_Stream1_IRQHandler                  0x080001db   Thumb Code     0  startup_stm32f427xx.o(.text)
    DMA1_Stream2_IRQHandler                  0x080001db   Thumb Code     0  startup_stm32f427xx.o(.text)
    DMA1_Stream3_IRQHandler                  0x080001db   Thumb Code     0  startup_stm32f427xx.o(.text)
    DMA1_Stream4_IRQHandler                  0x080001db   Thumb Code     0  startup_stm32f427xx.o(.text)
    DMA1_Stream5_IRQHandler                  0x080001db   Thumb Code     0  startup_stm32f427xx.o(.text)
    DMA1_Stream6_IRQHandler                  0x080001db   Thumb Code     0  startup_stm32f427xx.o(.text)
    DMA1_Stream7_IRQHandler                  0x080001db   Thumb Code     0  startup_stm32f427xx.o(.text)
    DMA2D_IRQHandler                         0x080001db   Thumb Code     0  startup_stm32f427xx.o(.text)
    DMA2_Stream0_IRQHandler                  0x080001db   Thumb Code     0  startup_stm32f427xx.o(.text)
    DMA2_Stream1_IRQHandler                  0x080001db   Thumb Code     0  startup_stm32f427xx.o(.text)
    DMA2_Stream2_IRQHandler                  0x080001db   Thumb Code     0  startup_stm32f427xx.o(.text)
    DMA2_Stream3_IRQHandler                  0x080001db   Thumb Code     0  startup_stm32f427xx.o(.text)
    DMA2_Stream4_IRQHandler                  0x080001db   Thumb Code     0  startup_stm32f427xx.o(.text)
    DMA2_Stream5_IRQHandler                  0x080001db   Thumb Code     0  startup_stm32f427xx.o(.text)
    DMA2_Stream6_IRQHandler                  0x080001db   Thumb Code     0  startup_stm32f427xx.o(.text)
    DMA2_Stream7_IRQHandler                  0x080001db   Thumb Code     0  startup_stm32f427xx.o(.text)
    ETH_IRQHandler                           0x080001db   Thumb Code     0  startup_stm32f427xx.o(.text)
    ETH_WKUP_IRQHandler                      0x080001db   Thumb Code     0  startup_stm32f427xx.o(.text)
    FLASH_IRQHandler                         0x080001db   Thumb Code     0  startup_stm32f427xx.o(.text)
    FMC_IRQHandler                           0x080001db   Thumb Code     0  startup_stm32f427xx.o(.text)
    FPU_IRQHandler                           0x080001db   Thumb Code     0  startup_stm32f427xx.o(.text)
    HASH_RNG_IRQHandler                      0x080001db   Thumb Code     0  startup_stm32f427xx.o(.text)
    I2C1_ER_IRQHandler                       0x080001db   Thumb Code     0  startup_stm32f427xx.o(.text)
    I2C1_EV_IRQHandler                       0x080001db   Thumb Code     0  startup_stm32f427xx.o(.text)
    I2C2_ER_IRQHandler                       0x080001db   Thumb Code     0  startup_stm32f427xx.o(.text)
    I2C2_EV_IRQHandler                       0x080001db   Thumb Code     0  startup_stm32f427xx.o(.text)
    I2C3_ER_IRQHandler                       0x080001db   Thumb Code     0  startup_stm32f427xx.o(.text)
    I2C3_EV_IRQHandler                       0x080001db   Thumb Code     0  startup_stm32f427xx.o(.text)
    OTG_FS_IRQHandler                        0x080001db   Thumb Code     0  startup_stm32f427xx.o(.text)
    OTG_FS_WKUP_IRQHandler                   0x080001db   Thumb Code     0  startup_stm32f427xx.o(.text)
    OTG_HS_EP1_IN_IRQHandler                 0x080001db   Thumb Code     0  startup_stm32f427xx.o(.text)
    OTG_HS_EP1_OUT_IRQHandler                0x080001db   Thumb Code     0  startup_stm32f427xx.o(.text)
    OTG_HS_IRQHandler                        0x080001db   Thumb Code     0  startup_stm32f427xx.o(.text)
    OTG_HS_WKUP_IRQHandler                   0x080001db   Thumb Code     0  startup_stm32f427xx.o(.text)
    PVD_IRQHandler                           0x080001db   Thumb Code     0  startup_stm32f427xx.o(.text)
    RCC_IRQHandler                           0x080001db   Thumb Code     0  startup_stm32f427xx.o(.text)
    RTC_Alarm_IRQHandler                     0x080001db   Thumb Code     0  startup_stm32f427xx.o(.text)
    RTC_WKUP_IRQHandler                      0x080001db   Thumb Code     0  startup_stm32f427xx.o(.text)
    SAI1_IRQHandler                          0x080001db   Thumb Code     0  startup_stm32f427xx.o(.text)
    SDIO_IRQHandler                          0x080001db   Thumb Code     0  startup_stm32f427xx.o(.text)
    SPI1_IRQHandler                          0x080001db   Thumb Code     0  startup_stm32f427xx.o(.text)
    SPI2_IRQHandler                          0x080001db   Thumb Code     0  startup_stm32f427xx.o(.text)
    SPI3_IRQHandler                          0x080001db   Thumb Code     0  startup_stm32f427xx.o(.text)
    SPI4_IRQHandler                          0x080001db   Thumb Code     0  startup_stm32f427xx.o(.text)
    SPI5_IRQHandler                          0x080001db   Thumb Code     0  startup_stm32f427xx.o(.text)
    SPI6_IRQHandler                          0x080001db   Thumb Code     0  startup_stm32f427xx.o(.text)
    TAMP_STAMP_IRQHandler                    0x080001db   Thumb Code     0  startup_stm32f427xx.o(.text)
    TIM1_BRK_TIM9_IRQHandler                 0x080001db   Thumb Code     0  startup_stm32f427xx.o(.text)
    TIM1_CC_IRQHandler                       0x080001db   Thumb Code     0  startup_stm32f427xx.o(.text)
    TIM1_TRG_COM_TIM11_IRQHandler            0x080001db   Thumb Code     0  startup_stm32f427xx.o(.text)
    TIM1_UP_TIM10_IRQHandler                 0x080001db   Thumb Code     0  startup_stm32f427xx.o(.text)
    TIM3_IRQHandler                          0x080001db   Thumb Code     0  startup_stm32f427xx.o(.text)
    TIM4_IRQHandler                          0x080001db   Thumb Code     0  startup_stm32f427xx.o(.text)
    TIM5_IRQHandler                          0x080001db   Thumb Code     0  startup_stm32f427xx.o(.text)
    TIM7_IRQHandler                          0x080001db   Thumb Code     0  startup_stm32f427xx.o(.text)
    TIM8_BRK_TIM12_IRQHandler                0x080001db   Thumb Code     0  startup_stm32f427xx.o(.text)
    TIM8_CC_IRQHandler                       0x080001db   Thumb Code     0  startup_stm32f427xx.o(.text)
    TIM8_TRG_COM_TIM14_IRQHandler            0x080001db   Thumb Code     0  startup_stm32f427xx.o(.text)
    TIM8_UP_TIM13_IRQHandler                 0x080001db   Thumb Code     0  startup_stm32f427xx.o(.text)
    UART4_IRQHandler                         0x080001db   Thumb Code     0  startup_stm32f427xx.o(.text)
    UART5_IRQHandler                         0x080001db   Thumb Code     0  startup_stm32f427xx.o(.text)
    UART7_IRQHandler                         0x080001db   Thumb Code     0  startup_stm32f427xx.o(.text)
    UART8_IRQHandler                         0x080001db   Thumb Code     0  startup_stm32f427xx.o(.text)
    WWDG_IRQHandler                          0x080001db   Thumb Code     0  startup_stm32f427xx.o(.text)
    __aeabi_memcpy                           0x080001e5   Thumb Code    36  memcpya.o(.text)
    __aeabi_memcpy4                          0x080001e5   Thumb Code     0  memcpya.o(.text)
    __aeabi_memcpy8                          0x080001e5   Thumb Code     0  memcpya.o(.text)
    __aeabi_memset                           0x08000209   Thumb Code    14  memseta.o(.text)
    __aeabi_memset4                          0x08000209   Thumb Code     0  memseta.o(.text)
    __aeabi_memset8                          0x08000209   Thumb Code     0  memseta.o(.text)
    __aeabi_memclr                           0x08000217   Thumb Code     4  memseta.o(.text)
    __aeabi_memclr4                          0x08000217   Thumb Code     0  memseta.o(.text)
    __aeabi_memclr8                          0x08000217   Thumb Code     0  memseta.o(.text)
    _memset$wrapper                          0x0800021b   Thumb Code    18  memseta.o(.text)
    strlen                                   0x0800022d   Thumb Code    14  strlen.o(.text)
    __aeabi_uidiv                            0x0800023b   Thumb Code     0  uidiv.o(.text)
    __aeabi_uidivmod                         0x0800023b   Thumb Code    44  uidiv.o(.text)
    __scatterload                            0x08000269   Thumb Code    28  init.o(.text)
    __scatterload_rt2                        0x08000269   Thumb Code     0  init.o(.text)
    __decompress                             0x0800028d   Thumb Code     0  __dczerorl2.o(.text)
    __decompress1                            0x0800028d   Thumb Code    86  __dczerorl2.o(.text)
    Act_Init                                 0x080002e5   Thumb Code    48  act.o(i.Act_Init)
    Act_Proc                                 0x0800031d   Thumb Code   160  act.o(i.Act_Proc)
    App_Init                                 0x080003c9   Thumb Code    86  app.o(i.App_Init)
    App_Proc                                 0x0800041f   Thumb Code    22  app.o(i.App_Proc)
    Beep_Config                              0x08000435   Thumb Code    44  beep.o(i.Beep_Config)
    Beep_Sing                                0x08000469   Thumb Code    28  beep.o(i.Beep_Sing)
    Beep_SingStartupMusic                    0x0800048d   Thumb Code    14  beep.o(i.Beep_SingStartupMusic)
    Bsp_Config                               0x080004a1   Thumb Code    84  bsp.o(i.Bsp_Config)
    BtmRxCallback                            0x080004f9   Thumb Code     4  com_srv.o(i.BtmRxCallback)
    Btm_Config                               0x080004fd   Thumb Code    94  btm.o(i.Btm_Config)
    Btm_Proc                                 0x0800056d   Thumb Code     6  com.o(i.Btm_Proc)
    Btm_PutCh                                0x08000575   Thumb Code    50  btm.o(i.Btm_PutCh)
    Btn_Config                               0x080005b1   Thumb Code     6  btn.o(i.Btn_Config)
    BusFault_Handler                         0x080005bd   Thumb Code     2  stm32f4xx_it.o(i.BusFault_Handler)
    CAN1_RX0_IRQHandler                      0x080005c1   Thumb Code    58  can1.o(i.CAN1_RX0_IRQHandler)
    CAN1_TX_IRQHandler                       0x08000605   Thumb Code    30  can1.o(i.CAN1_TX_IRQHandler)
    CAN2_RX0_IRQHandler                      0x08000629   Thumb Code    58  can2.o(i.CAN2_RX0_IRQHandler)
    CAN2_TX_IRQHandler                       0x0800066d   Thumb Code    30  can2.o(i.CAN2_TX_IRQHandler)
    CAN_ClearFlag                            0x08000691   Thumb Code    44  stm32f4xx_can.o(i.CAN_ClearFlag)
    CAN_ClearITPendingBit                    0x080006c1   Thumb Code   116  stm32f4xx_can.o(i.CAN_ClearITPendingBit)
    CAN_Config                               0x08000739   Thumb Code    98  stm32util.o(i.CAN_Config)
    CAN_FilterInit                           0x080007a5   Thumb Code   194  stm32f4xx_can.o(i.CAN_FilterInit)
    CAN_Filter_Config                        0x08000871   Thumb Code    54  stm32util.o(i.CAN_Filter_Config)
    CAN_GetITStatus                          0x080008a9   Thumb Code   162  stm32f4xx_can.o(i.CAN_GetITStatus)
    CAN_ITConfig                             0x08000951   Thumb Code    16  stm32f4xx_can.o(i.CAN_ITConfig)
    CAN_Init                                 0x08000961   Thumb Code   232  stm32f4xx_can.o(i.CAN_Init)
    CAN_Receive                              0x08000a49   Thumb Code   144  stm32f4xx_can.o(i.CAN_Receive)
    CAN_Transmit                             0x08000ad9   Thumb Code   164  stm32f4xx_can.o(i.CAN_Transmit)
    CBUS_Init                                0x08000b7d   Thumb Code     6  cbus.o(i.CBUS_Init)
    CM_Cmd                                   0x08000b83   Thumb Code    78  motor.o(i.CM_Cmd)
    CRC16Append                              0x08000bd1   Thumb Code    34  crc16.o(i.CRC16Append)
    CRC16Calc                                0x08000bf5   Thumb Code    44  crc16.o(i.CRC16Calc)
    CRC16Check                               0x08000c25   Thumb Code    48  crc16.o(i.CRC16Check)
    Cal_Init                                 0x08000c55   Thumb Code    20  cal.o(i.Cal_Init)
    Cal_IsDone                               0x08000c71   Thumb Code    18  cal.o(i.Cal_IsDone)
    Cal_Proc                                 0x08000c89   Thumb Code     4  cal.o(i.Cal_Proc)
    Cal_SetFlag                              0x08000ded   Thumb Code    10  cal.o(i.Cal_SetFlag)
    Can1RxCallback                           0x08000e85   Thumb Code     4  can_srv.o(i.Can1RxCallback)
    Can1_Config                              0x08000e89   Thumb Code   104  can1.o(i.Can1_Config)
    Can2RxCallback                           0x08000ef9   Thumb Code     4  can_srv.o(i.Can2RxCallback)
    Can2_Config                              0x08000efd   Thumb Code   106  can2.o(i.Can2_Config)
    Can_Init                                 0x08000f71   Thumb Code    40  can.o(i.Can_Init)
    Can_Proc                                 0x08000f9d   Thumb Code   168  can.o(i.Can_Proc)
    Cci_Proc                                 0x08001051   Thumb Code    18  cci.o(i.Cci_Proc)
    Cfg_GetFlag                              0x08001065   Thumb Code     8  cfg.o(i.Cfg_GetFlag)
    Cfg_Init                                 0x08001071   Thumb Code   252  cfg.o(i.Cfg_Init)
    Cfg_IsSynced                             0x08001175   Thumb Code    14  cfg.o(i.Cfg_IsSynced)
    Cfg_Load                                 0x08001189   Thumb Code     6  cfg.o(i.Cfg_Load)
    Cfg_Proc                                 0x08001191   Thumb Code    22  cfg.o(i.Cfg_Proc)
    Cfg_Save                                 0x080011ad   Thumb Code     6  cfg.o(i.Cfg_Save)
    Clk_GetMsTick                            0x08001285   Thumb Code    16  clk.o(i.Clk_GetMsTick)
    Clk_GetUsTick                            0x08001295   Thumb Code     8  clk.o(i.Clk_GetUsTick)
    Clk_Init                                 0x0800129d   Thumb Code    16  clk.o(i.Clk_Init)
    Cmd_Init                                 0x080012b1   Thumb Code     8  cmd.o(i.Cmd_Init)
    Cmd_Proc                                 0x080012bd   Thumb Code   308  cmd.o(i.Cmd_Proc)
    Com_Init                                 0x080013f9   Thumb Code    14  com.o(i.Com_Init)
    Ctl_Init                                 0x0800146d   Thumb Code    98  ctl.o(i.Ctl_Init)
    Ctl_Proc                                 0x080014d9   Thumb Code    34  ctl.o(i.Ctl_Proc)
    DBUS_Dec                                 0x0800156d   Thumb Code    24  dbus.o(i.DBUS_Dec)
    DBUS_Init                                0x08001585   Thumb Code    20  dbus.o(i.DBUS_Init)
    DMA_Cmd                                  0x08001599   Thumb Code    20  stm32f4xx_dma.o(i.DMA_Cmd)
    DMA_Config                               0x080015ad   Thumb Code   100  stm32util.o(i.DMA_Config)
    DMA_DoubleBufferModeCmd                  0x08001619   Thumb Code    20  stm32f4xx_dma.o(i.DMA_DoubleBufferModeCmd)
    DMA_DoubleBufferModeConfig               0x0800162d   Thumb Code    22  stm32f4xx_dma.o(i.DMA_DoubleBufferModeConfig)
    DMA_GetCurrDataCounter                   0x08001643   Thumb Code     6  stm32f4xx_dma.o(i.DMA_GetCurrDataCounter)
    DMA_GetCurrentMemoryTarget               0x08001649   Thumb Code    14  stm32f4xx_dma.o(i.DMA_GetCurrentMemoryTarget)
    DMA_Init                                 0x08001659   Thumb Code    80  stm32f4xx_dma.o(i.DMA_Init)
    DbiRxCallback                            0x080016ad   Thumb Code     4  com_srv.o(i.DbiRxCallback)
    Dbi_Config                               0x080016b1   Thumb Code    94  dbi.o(i.Dbi_Config)
    Dbi_GetCh                                0x08001721   Thumb Code    60  dbi.o(i.Dbi_GetCh)
    Dbi_Proc                                 0x08001765   Thumb Code     6  com.o(i.Dbi_Proc)
    Dbi_PutCh                                0x0800176d   Thumb Code    50  dbi.o(i.Dbi_PutCh)
    Dci_Init                                 0x080017a9   Thumb Code    20  dci.o(i.Dci_Init)
    Dci_Proc                                 0x080017c1   Thumb Code    72  dci.o(i.Dci_Proc)
    DebugMon_Handler                         0x08001809   Thumb Code     2  stm32f4xx_it.o(i.DebugMon_Handler)
    Delay_Ms                                 0x0800180b   Thumb Code    24  delay.o(i.Delay_Ms)
    Dnl_Init                                 0x08001825   Thumb Code    28  dnl.o(i.Dnl_Init)
    Dnl_Proc                                 0x08001845   Thumb Code   296  dnl.o(i.Dnl_Proc)
    EXTI0_IRQHandler                         0x08001995   Thumb Code    42  stm32util.o(i.EXTI0_IRQHandler)
    EXTI15_10_IRQHandler                     0x080019c5   Thumb Code   206  stm32util.o(i.EXTI15_10_IRQHandler)
    EXTI1_IRQHandler                         0x08001a99   Thumb Code    42  stm32util.o(i.EXTI1_IRQHandler)
    EXTI2_IRQHandler                         0x08001ac9   Thumb Code    42  stm32util.o(i.EXTI2_IRQHandler)
    EXTI3_IRQHandler                         0x08001af9   Thumb Code    42  stm32util.o(i.EXTI3_IRQHandler)
    EXTI4_IRQHandler                         0x08001b29   Thumb Code    42  stm32util.o(i.EXTI4_IRQHandler)
    EXTI9_5_IRQHandler                       0x08001b59   Thumb Code   162  stm32util.o(i.EXTI9_5_IRQHandler)
    EXTI_Bind                                0x08001c01   Thumb Code   280  stm32util.o(i.EXTI_Bind)
    EXTI_ClearFlag                           0x08001d1d   Thumb Code     6  stm32f4xx_exti.o(i.EXTI_ClearFlag)
    EXTI_ClearITPendingBit                   0x08001d29   Thumb Code     6  stm32f4xx_exti.o(i.EXTI_ClearITPendingBit)
    EXTI_Config                              0x08001d35   Thumb Code    40  stm32util.o(i.EXTI_Config)
    EXTI_GetITStatus                         0x08001d5d   Thumb Code    16  stm32f4xx_exti.o(i.EXTI_GetITStatus)
    EXTI_Init                                0x08001d71   Thumb Code   108  stm32f4xx_exti.o(i.EXTI_Init)
    EXTI_SetHandler                          0x08001de1   Thumb Code    12  stm32util.o(i.EXTI_SetHandler)
    Ekf_Init                                 0x08001df1   Thumb Code     8  ekf.o(i.Ekf_Init)
    Ekf_Proc                                 0x08001df9   Thumb Code    74  ekf.o(i.Ekf_Proc)
    Ekf_Reset                                0x08001e45   Thumb Code    22  ekf.o(i.Ekf_Reset)
    FIFO_Flush                               0x08001e61   Thumb Code    22  fifo.o(i.FIFO_Flush)
    FIFO_GetFree                             0x08001e77   Thumb Code     8  fifo.o(i.FIFO_GetFree)
    FIFO_GetSize                             0x08001e7f   Thumb Code     4  fifo.o(i.FIFO_GetSize)
    FIFO_GetUsed                             0x08001e83   Thumb Code     4  fifo.o(i.FIFO_GetUsed)
    FIFO_Init                                0x08001e87   Thumb Code     8  fifo.o(i.FIFO_Init)
    FIFO_IsEmpty                             0x08001e8f   Thumb Code    12  fifo.o(i.FIFO_IsEmpty)
    FIFO_IsFull                              0x08001e9b   Thumb Code    16  fifo.o(i.FIFO_IsFull)
    FIFO_Peek                                0x08001eab   Thumb Code    40  fifo.o(i.FIFO_Peek)
    FIFO_Pop                                 0x08001ed3   Thumb Code    52  fifo.o(i.FIFO_Pop)
    FIFO_Push                                0x08001f07   Thumb Code    58  fifo.o(i.FIFO_Push)
    FLASH_DataCacheCmd                       0x08001f41   Thumb Code    22  stm32f4xx_flash.o(i.FLASH_DataCacheCmd)
    FLASH_EraseSector                        0x08001f5d   Thumb Code   104  stm32f4xx_flash.o(i.FLASH_EraseSector)
    FLASH_GetStatus                          0x08001fc9   Thumb Code    56  stm32f4xx_flash.o(i.FLASH_GetStatus)
    FLASH_Lock                               0x08002005   Thumb Code    12  stm32f4xx_flash.o(i.FLASH_Lock)
    FLASH_ProgramByte                        0x08002015   Thumb Code    52  stm32f4xx_flash.o(i.FLASH_ProgramByte)
    FLASH_Unlock                             0x0800204d   Thumb Code    22  stm32f4xx_flash.o(i.FLASH_Unlock)
    FLASH_WaitForLastOperation               0x08002071   Thumb Code    30  stm32f4xx_flash.o(i.FLASH_WaitForLastOperation)
    FS_Cpy                                   0x0800208f   Thumb Code     4  sys.o(i.FS_Cpy)
    FS_Det                                   0x08002093   Thumb Code     4  sys.o(i.FS_Det)
    Flag_Cpy                                 0x08002097   Thumb Code    38  fun.o(i.Flag_Cpy)
    Flag_Det                                 0x080020bd   Thumb Code    14  fun.o(i.Flag_Det)
    Flag_Get                                 0x080020cb   Thumb Code     6  fun.o(i.Flag_Get)
    Flag_Set                                 0x080020d1   Thumb Code     8  fun.o(i.Flag_Set)
    Flash_Read                               0x08002179   Thumb Code    22  flash.o(i.Flash_Read)
    Flash_Write                              0x08002191   Thumb Code   122  flash.o(i.Flash_Write)
    Fos_Read                                 0x08002211   Thumb Code    10  fos.o(i.Fos_Read)
    Fos_Write                                0x08002221   Thumb Code    10  fos.o(i.Fos_Write)
    GM_Cmd                                   0x08002231   Thumb Code    72  motor.o(i.GM_Cmd)
    GPIO_Af                                  0x08002279   Thumb Code    40  stm32util.o(i.GPIO_Af)
    GPIO_Config                              0x080022a1   Thumb Code   236  stm32util.o(i.GPIO_Config)
    GPIO_In                                  0x080023b9   Thumb Code    16  stm32util.o(i.GPIO_In)
    GPIO_Init                                0x080023c9   Thumb Code   162  stm32f4xx_gpio.o(i.GPIO_Init)
    GPIO_Out                                 0x0800246b   Thumb Code    18  stm32util.o(i.GPIO_Out)
    GPIO_PinAFConfig                         0x0800247d   Thumb Code    32  stm32f4xx_gpio.o(i.GPIO_PinAFConfig)
    GPIO_ReadInputDataBit                    0x0800249d   Thumb Code    14  stm32f4xx_gpio.o(i.GPIO_ReadInputDataBit)
    GPIO_ReadOutputDataBit                   0x080024ab   Thumb Code    14  stm32f4xx_gpio.o(i.GPIO_ReadOutputDataBit)
    GPIO_ResetBits                           0x080024b9   Thumb Code     4  stm32f4xx_gpio.o(i.GPIO_ResetBits)
    GPIO_SetBits                             0x080024bd   Thumb Code     4  stm32f4xx_gpio.o(i.GPIO_SetBits)
    HardFault_Handler                        0x08002f45   Thumb Code     2  stm32f4xx_it.o(i.HardFault_Handler)
    Hcf_Init                                 0x08002f49   Thumb Code    38  hcf.o(i.Hcf_Init)
    Hcf_Proc                                 0x08002f6f   Thumb Code    64  hcf.o(i.Hcf_Proc)
    Hci_Init                                 0x08002fb1   Thumb Code    48  hci.o(i.Hci_Init)
    Hci_MouseBtn                             0x08002fe5   Thumb Code    12  hci.o(i.Hci_MouseBtn)
    Hci_PreProc                              0x08002ff5   Thumb Code     8  hci.o(i.Hci_PreProc)
    Hci_Proc                                 0x08003001   Thumb Code    24  hci.o(i.Hci_Proc)
    Hcp_Dec                                  0x08003019   Thumb Code    30  hcp.o(i.Hcp_Dec)
    Hcp_Init                                 0x08003037   Thumb Code    28  hcp.o(i.Hcp_Init)
    Ini_Init                                 0x08003055   Thumb Code     8  ini.o(i.Ini_Init)
    Ini_IsDone                               0x08003061   Thumb Code    18  ini.o(i.Ini_IsDone)
    Ini_Proc                                 0x08003079   Thumb Code   126  ini.o(i.Ini_Proc)
    Ios_GetCh                                0x08003109   Thumb Code     4  ios.o(i.Ios_GetCh)
    Ios_Init                                 0x0800310d   Thumb Code    18  ios.o(i.Ios_Init)
    Ios_PutCh                                0x08003129   Thumb Code    18  ios.o(i.Ios_PutCh)
    Ios_SetIn                                0x0800313d   Thumb Code    10  ios.o(i.Ios_SetIn)
    Ios_SetOut                               0x0800314d   Thumb Code    10  ios.o(i.Ios_SetOut)
    KOS_Boot                                 0x0800315d   Thumb Code    42  kos.o(i.KOS_Boot)
    Key_Config                               0x08003191   Thumb Code    34  key.o(i.Key_Config)
    Led_Config                               0x080031bd   Thumb Code    40  led.o(i.Led_Config)
    MPU6500_CheckDevice                      0x080031ed   Thumb Code    42  mpu6500_drv.o(i.MPU6500_CheckDevice)
    MPU6500_Config                           0x08003219   Thumb Code    14  mpu6500.o(i.MPU6500_Config)
    MPU6500_Init                             0x08003229   Thumb Code    60  mpu6500_drv.o(i.MPU6500_Init)
    MPU6500_Read                             0x08003269   Thumb Code    94  mpu6500_drv.o(i.MPU6500_Read)
    MPU6500_SPI_Read_Reg                     0x080032c9   Thumb Code    80  mpu6500_spi.o(i.MPU6500_SPI_Read_Reg)
    MPU6500_SPI_Write_Reg                    0x08003325   Thumb Code    66  mpu6500_spi.o(i.MPU6500_SPI_Write_Reg)
    Maf_Init                                 0x08003375   Thumb Code     8  maf.o(i.Maf_Init)
    Maf_Proc                                 0x0800337d   Thumb Code    66  maf.o(i.Maf_Proc)
    Maf_Reset                                0x080033c1   Thumb Code    42  maf.o(i.Maf_Reset)
    Mec_Decomp                               0x080033f1   Thumb Code    10  mec.o(i.Mec_Decomp)
    Mec_Init                                 0x08003401   Thumb Code    40  mec.o(i.Mec_Init)
    Mec_Synthe                               0x08003431   Thumb Code    10  mec.o(i.Mec_Synthe)
    Mecanum_Config                           0x08003441   Thumb Code    42  mecanum.o(i.Mecanum_Config)
    Mecanum_Decomp                           0x0800346b   Thumb Code   142  mecanum.o(i.Mecanum_Decomp)
    Mecanum_Synthe                           0x080034f9   Thumb Code   114  mecanum.o(i.Mecanum_Synthe)
    Med_Init                                 0x0800356d   Thumb Code    50  med.o(i.Med_Init)
    Med_Proc                                 0x080035a5   Thumb Code    66  med.o(i.Med_Proc)
    MemManage_Handler                        0x080035e7   Thumb Code     2  stm32f4xx_it.o(i.MemManage_Handler)
    Motor_Process                            0x080035e9   Thumb Code   286  can.o(i.Motor_Process)
    Motor_Ready                              0x08003729   Thumb Code    14  can.o(i.Motor_Ready)
    Motor_Reset                              0x08003737   Thumb Code     6  can.o(i.Motor_Reset)
    Msg_Pop                                  0x0800373d   Thumb Code   118  msg.o(i.Msg_Pop)
    Msg_Push                                 0x080037b3   Thumb Code    74  msg.o(i.Msg_Push)
    NMI_Handler                              0x080037fd   Thumb Code     2  stm32f4xx_it.o(i.NMI_Handler)
    NVIC_Config                              0x080037ff   Thumb Code    28  stm32util.o(i.NVIC_Config)
    NVIC_Init                                0x0800381d   Thumb Code    96  misc.o(i.NVIC_Init)
    NVIC_PriorityGroupConfig                 0x08003881   Thumb Code    10  misc.o(i.NVIC_PriorityGroupConfig)
    Odo_Init                                 0x08003895   Thumb Code    18  odo.o(i.Odo_Init)
    Odo_Proc                                 0x080038b5   Thumb Code   268  odo.o(i.Odo_Proc)
    PID_Calc                                 0x080039e9   Thumb Code   278  pid.o(i.PID_Calc)
    PID_Config                               0x08003b05   Thumb Code     6  pid.o(i.PID_Config)
    PID_Reset                                0x08003b0d   Thumb Code    30  pid.o(i.PID_Reset)
    PWM_Bind                                 0x08003b31   Thumb Code  5436  stm32util.o(i.PWM_Bind)
    PendSV_Handler                           0x08005075   Thumb Code     2  stm32f4xx_it.o(i.PendSV_Handler)
    Pwm_Config                               0x08005079   Thumb Code    82  pwm.o(i.Pwm_Config)
    Pwr_Init                                 0x080050d5   Thumb Code    72  pwr.o(i.Pwr_Init)
    Pwr_IsOkay                               0x08005125   Thumb Code    16  pwr.o(i.Pwr_IsOkay)
    RCC_AHB1PeriphClockCmd                   0x08005139   Thumb Code    18  stm32f4xx_rcc.o(i.RCC_AHB1PeriphClockCmd)
    RCC_APB1PeriphClockCmd                   0x08005151   Thumb Code    18  stm32f4xx_rcc.o(i.RCC_APB1PeriphClockCmd)
    RCC_APB2PeriphClockCmd                   0x08005169   Thumb Code    18  stm32f4xx_rcc.o(i.RCC_APB2PeriphClockCmd)
    RCC_GetClocksFreq                        0x08005181   Thumb Code   132  stm32f4xx_rcc.o(i.RCC_GetClocksFreq)
    Rcf_Init                                 0x08005215   Thumb Code    40  rcf.o(i.Rcf_Init)
    Rcf_Proc                                 0x0800523d   Thumb Code    64  rcf.o(i.Rcf_Proc)
    Rci_Init                                 0x0800527d   Thumb Code     6  rci.o(i.Rci_Init)
    Rci_PreProc                              0x08005289   Thumb Code     8  rci.o(i.Rci_PreProc)
    Rci_Proc                                 0x08005295   Thumb Code    18  rci.o(i.Rci_Proc)
    Rci_Sw                                   0x080052a9   Thumb Code    12  rci.o(i.Rci_Sw)
    Rcp_Dec                                  0x080052b9   Thumb Code    78  rcp.o(i.Rcp_Dec)
    Rcp_Enc                                  0x08005307   Thumb Code    64  rcp.o(i.Rcp_Enc)
    Rcp_Init                                 0x08005349   Thumb Code    38  rcp.o(i.Rcp_Init)
    RcvCallback                              0x0800536f   Thumb Code     4  rcv_srv.o(i.RcvCallback)
    Rcv_Config                               0x08005375   Thumb Code   126  rcv.o(i.Rcv_Config)
    Rcv_Proc                                 0x08005409   Thumb Code    28  dci.o(i.Rcv_Proc)
    Rmp_Calc                                 0x08005429   Thumb Code    42  rmp.o(i.Rmp_Calc)
    Rmp_Config                               0x08005453   Thumb Code     4  rmp.o(i.Rmp_Config)
    Rmp_Reset                                0x08005459   Thumb Code    14  rmp.o(i.Rmp_Reset)
    SPI_Bind                                 0x0800546d   Thumb Code  2506  stm32util.o(i.SPI_Bind)
    SPI_Cmd                                  0x08005e45   Thumb Code    20  stm32f4xx_spi.o(i.SPI_Cmd)
    SPI_Config                               0x08005e59   Thumb Code   166  stm32util.o(i.SPI_Config)
    SPI_Init                                 0x08005f19   Thumb Code    56  stm32f4xx_spi.o(i.SPI_Init)
    SPI_TxRxByte                             0x08005f51   Thumb Code    40  stm32util.o(i.SPI_TxRxByte)
    SR04Callback                             0x08005f79   Thumb Code     4  ext_srv.o(i.SR04Callback)
    SR04_Bind                                0x08005f7d   Thumb Code    28  sr04.o(i.SR04_Bind)
    SR04_Config                              0x08005f9d   Thumb Code    24  sr04.o(i.SR04_Config)
    SVC_Handler                              0x08006021   Thumb Code     2  stm32f4xx_it.o(i.SVC_Handler)
    SYSCFG_EXTILineConfig                    0x08006025   Thumb Code    42  stm32f4xx_syscfg.o(i.SYSCFG_EXTILineConfig)
    Sch_Arrange                              0x08006055   Thumb Code    58  sch.o(i.Sch_Arrange)
    Sch_Init                                 0x08006095   Thumb Code    20  sch.o(i.Sch_Init)
    Sch_Proc                                 0x080060ad   Thumb Code    42  sch.o(i.Sch_Proc)
    Snd_Init                                 0x080061ad   Thumb Code    10  snd.o(i.Snd_Init)
    Snd_Play                                 0x080061bd   Thumb Code     8  snd.o(i.Snd_Play)
    Snd_Proc                                 0x080061c9   Thumb Code    58  snd.o(i.Snd_Proc)
    Snd_Stop                                 0x08006209   Thumb Code     8  snd.o(i.Snd_Stop)
    Spi5_Config                              0x08006215   Thumb Code    74  spi5.o(i.Spi5_Config)
    Sr04_Proc                                0x08006269   Thumb Code    74  srs.o(i.Sr04_Proc)
    Srs_Fall                                 0x080062b5   Thumb Code   148  srs.o(i.Srs_Fall)
    Srs_Func                                 0x08006355   Thumb Code   142  srs.o(i.Srs_Func)
    Srs_Init                                 0x080063ed   Thumb Code    18  srs.o(i.Srs_Init)
    Srs_Proc                                 0x08006401   Thumb Code   110  srs.o(i.Srs_Proc)
    Srs_Rise                                 0x08006479   Thumb Code    68  srs.o(i.Srs_Rise)
    Srs_Start                                0x080064c5   Thumb Code    52  srs.o(i.Srs_Start)
    Srs_Trig                                 0x080064fd   Thumb Code    80  srs.o(i.Srs_Trig)
    SyncTimCallback                          0x08006555   Thumb Code     4  tim_srv.o(i.SyncTimCallback)
    SyncTim_Config                           0x08006559   Thumb Code    38  tim.o(i.SyncTim_Config)
    SyncTim_Start                            0x08006585   Thumb Code    34  tim.o(i.SyncTim_Start)
    SystemInit                               0x080065ad   Thumb Code    74  system_stm32f4xx.o(i.SystemInit)
    TIM2_IRQHandler                          0x08006609   Thumb Code    42  tim.o(i.TIM2_IRQHandler)
    TIM6_DAC_IRQHandler                      0x08006635   Thumb Code    42  tim.o(i.TIM6_DAC_IRQHandler)
    TIM_ARRPreloadConfig                     0x08006665   Thumb Code    20  stm32f4xx_tim.o(i.TIM_ARRPreloadConfig)
    TIM_ClearFlag                            0x08006679   Thumb Code     6  stm32f4xx_tim.o(i.TIM_ClearFlag)
    TIM_ClearITPendingBit                    0x0800667f   Thumb Code     6  stm32f4xx_tim.o(i.TIM_ClearITPendingBit)
    TIM_Cmd                                  0x08006685   Thumb Code    20  stm32f4xx_tim.o(i.TIM_Cmd)
    TIM_Config                               0x08006699   Thumb Code   276  stm32util.o(i.TIM_Config)
    TIM_GetITStatus                          0x080067dd   Thumb Code    24  stm32f4xx_tim.o(i.TIM_GetITStatus)
    TIM_ITConfig                             0x080067f5   Thumb Code    16  stm32f4xx_tim.o(i.TIM_ITConfig)
    TIM_OC1Init                              0x08006805   Thumb Code    88  stm32f4xx_tim.o(i.TIM_OC1Init)
    TIM_OC1PreloadConfig                     0x08006865   Thumb Code    12  stm32f4xx_tim.o(i.TIM_OC1PreloadConfig)
    TIM_OC2Init                              0x08006871   Thumb Code   120  stm32f4xx_tim.o(i.TIM_OC2Init)
    TIM_OC2PreloadConfig                     0x080068f1   Thumb Code    20  stm32f4xx_tim.o(i.TIM_OC2PreloadConfig)
    TIM_OC3Init                              0x08006905   Thumb Code   116  stm32f4xx_tim.o(i.TIM_OC3Init)
    TIM_OC3PreloadConfig                     0x08006981   Thumb Code    12  stm32f4xx_tim.o(i.TIM_OC3PreloadConfig)
    TIM_OC4Init                              0x0800698d   Thumb Code    88  stm32f4xx_tim.o(i.TIM_OC4Init)
    TIM_OC4PreloadConfig                     0x080069ed   Thumb Code    20  stm32f4xx_tim.o(i.TIM_OC4PreloadConfig)
    TIM_OC_Config                            0x08006a01   Thumb Code   130  stm32util.o(i.TIM_OC_Config)
    TIM_TimeBaseInit                         0x08006a85   Thumb Code    96  stm32f4xx_tim.o(i.TIM_TimeBaseInit)
    TickTimCallback                          0x08006b01   Thumb Code     2  tim_srv.o(i.TickTimCallback)
    TickTim_Config                           0x08006b03   Thumb Code    46  tim.o(i.TickTim_Config)
    TickTim_Start                            0x08006b31   Thumb Code    34  tim.o(i.TickTim_Start)
    Tim_Config                               0x08006b53   Thumb Code    14  tim.o(i.Tim_Config)
    Tim_Start                                0x08006b61   Thumb Code    14  tim.o(i.Tim_Start)
    TtyRxCallback                            0x08006b6f   Thumb Code     4  com_srv.o(i.TtyRxCallback)
    Tty_Config                               0x08006b75   Thumb Code    94  tty.o(i.Tty_Config)
    Tty_GetCh                                0x08006be5   Thumb Code    60  tty.o(i.Tty_GetCh)
    Tty_GetRxFifoFree                        0x08006c29   Thumb Code     6  tty.o(i.Tty_GetRxFifoFree)
    Tty_GetRxFifoSize                        0x08006c35   Thumb Code     6  tty.o(i.Tty_GetRxFifoSize)
    Tty_GetRxFifoUsed                        0x08006c41   Thumb Code     6  tty.o(i.Tty_GetRxFifoUsed)
    Tty_GetTxFifoFree                        0x08006c4d   Thumb Code     6  tty.o(i.Tty_GetTxFifoFree)
    Tty_GetTxFifoSize                        0x08006c59   Thumb Code     6  tty.o(i.Tty_GetTxFifoSize)
    Tty_GetTxFifoUsed                        0x08006c65   Thumb Code     6  tty.o(i.Tty_GetTxFifoUsed)
    Tty_Print                                0x08006c71   Thumb Code    28  tty.o(i.Tty_Print)
    Tty_Proc                                 0x08006c8d   Thumb Code     6  com.o(i.Tty_Proc)
    Tty_PutCh                                0x08006c95   Thumb Code    50  tty.o(i.Tty_PutCh)
    Tty_Read                                 0x08006cd1   Thumb Code    70  tty.o(i.Tty_Read)
    Tty_ReadByte                             0x08006d21   Thumb Code    64  tty.o(i.Tty_ReadByte)
    Tty_Write                                0x08006d69   Thumb Code    70  tty.o(i.Tty_Write)
    Tty_WriteByte                            0x08006db9   Thumb Code    58  tty.o(i.Tty_WriteByte)
    USART1_IRQHandler                        0x08006dfd   Thumb Code   104  rcv.o(i.USART1_IRQHandler)
    USART2_IRQHandler                        0x08006e71   Thumb Code   142  btm.o(i.USART2_IRQHandler)
    USART3_IRQHandler                        0x08006f09   Thumb Code   142  dbi.o(i.USART3_IRQHandler)
    USART6_IRQHandler                        0x08006fa1   Thumb Code   142  tty.o(i.USART6_IRQHandler)
    USART_Bind                               0x08007039   Thumb Code  3544  stm32util.o(i.USART_Bind)
    USART_Cmd                                0x08007e19   Thumb Code    20  stm32f4xx_usart.o(i.USART_Cmd)
    USART_Config                             0x08007e2d   Thumb Code   366  stm32util.o(i.USART_Config)
    USART_DMACmd                             0x08007fbd   Thumb Code    16  stm32f4xx_usart.o(i.USART_DMACmd)
    USART_GetITStatus                        0x08007fcd   Thumb Code    62  stm32f4xx_usart.o(i.USART_GetITStatus)
    USART_ITConfig                           0x0800800b   Thumb Code    48  stm32f4xx_usart.o(i.USART_ITConfig)
    USART_Init                               0x0800803d   Thumb Code   164  stm32f4xx_usart.o(i.USART_Init)
    USART_ReceiveData                        0x080080e9   Thumb Code     8  stm32f4xx_usart.o(i.USART_ReceiveData)
    USART_SendData                           0x080080f1   Thumb Code     8  stm32f4xx_usart.o(i.USART_SendData)
    Upd_Init                                 0x080080f9   Thumb Code    48  upd.o(i.Upd_Init)
    Upd_Proc                                 0x08008131   Thumb Code   102  upd.o(i.Upd_Proc)
    Upl_Init                                 0x08008199   Thumb Code    14  upl.o(i.Upl_Init)
    Upl_Proc                                 0x080081ad   Thumb Code   280  upl.o(i.Upl_Proc)
    UsageFault_Handler                       0x080084f9   Thumb Code     2  stm32f4xx_it.o(i.UsageFault_Handler)
    Wdg_Feed                                 0x080084fd   Thumb Code    10  wdg.o(i.Wdg_Feed)
    Wdg_GetErr                               0x0800850d   Thumb Code     6  wdg.o(i.Wdg_GetErr)
    Wdg_HasErr                               0x08008519   Thumb Code     8  wdg.o(i.Wdg_HasErr)
    Wdg_HitErr                               0x08008525   Thumb Code    16  wdg.o(i.Wdg_HitErr)
    Wdg_Init                                 0x08008539   Thumb Code    34  wdg.o(i.Wdg_Init)
    Wdg_IsOkay                               0x08008565   Thumb Code    28  wdg.o(i.Wdg_IsOkay)
    Wdg_Proc                                 0x08008581   Thumb Code    58  wdg.o(i.Wdg_Proc)
    Wsm_GetLastWs                            0x080085c5   Thumb Code     6  wsm.o(i.Wsm_GetLastWs)
    Wsm_GetWs                                0x080085d1   Thumb Code     6  wsm.o(i.Wsm_GetWs)
    Wsm_Init                                 0x080085dd   Thumb Code    10  wsm.o(i.Wsm_Init)
    Wsm_Proc                                 0x080085ed   Thumb Code   218  wsm.o(i.Wsm_Proc)
    ZGyro_Process                            0x080086cd   Thumb Code   128  can.o(i.ZGyro_Process)
    ZGyro_Ready                              0x08008759   Thumb Code    14  can.o(i.ZGyro_Ready)
    ZGyro_Reset                              0x08008767   Thumb Code     6  can.o(i.ZGyro_Reset)
    __0printf$1                              0x0800876d   Thumb Code    22  printf1.o(i.__0printf$1)
    __1printf$1                              0x0800876d   Thumb Code     0  printf1.o(i.__0printf$1)
    __2printf                                0x0800876d   Thumb Code     0  printf1.o(i.__0printf$1)
    __scatterload_copy                       0x0800878d   Thumb Code    14  handlers.o(i.__scatterload_copy)
    __scatterload_null                       0x0800879b   Thumb Code     2  handlers.o(i.__scatterload_null)
    __scatterload_zeroinit                   0x0800879d   Thumb Code    14  handlers.o(i.__scatterload_zeroinit)
    constrain                                0x08008901   Thumb Code    32  fun.o(i.constrain)
    fputc                                    0x08008921   Thumb Code    16  ios.o(i.fputc)
    isort                                    0x08008951   Thumb Code    60  fun.o(i.isort)
    main                                     0x0800898d   Thumb Code   124  main.o(i.main)
    malloc                                   0x08008a29   Thumb Code    92  malloc.o(i.malloc)
    map                                      0x08008a95   Thumb Code    56  fun.o(i.map)
    sort                                     0x08008af5   Thumb Code    44  fun.o(i.sort)
    msg_head_vrc                             0x08008f60   Data           4  msg.o(.constdata)
    msg_head_vhc                             0x08008f64   Data           4  msg.o(.constdata)
    msg_head_vdbus                           0x08008f68   Data           4  msg.o(.constdata)
    msg_head_vcbus                           0x08008f6c   Data           4  msg.o(.constdata)
    msg_head_zgyro                           0x08008f70   Data           4  msg.o(.constdata)
    msg_head_kylin                           0x08008f74   Data           4  msg.o(.constdata)
    msg_head_pos_calib                       0x08008f78   Data           4  msg.o(.constdata)
    msg_head_sr04s                           0x08008f7c   Data           4  msg.o(.constdata)
    BEEP_TONE_TABLE                          0x08008f80   Data          42  beep.o(.constdata)
    BEEP_START_UP_MUSIC                      0x08008faa   Data          14  beep.o(.constdata)
    sr04                                     0x08008fcc   Data          32  sr04.o(.constdata)
    tty                                      0x08008fec   Data          52  tty.o(.constdata)
    Region$$Table$$Base                      0x08009020   Number         0  anon$$obj.o(Region$$Table)
    Region$$Table$$Limit                     0x08009040   Number         0  anon$$obj.o(Region$$Table)
    cfg_sync_flag                            0x20000018   Data           1  cfg.o(.data)
    cfg                                      0x20000019   Data         242  cfg.o(.data)
    _in                                      0x20000124   Data           4  ios.o(.data)
    _out                                     0x20000128   Data           4  ios.o(.data)
    __stdout                                 0x200001bc   Data           4  stdout.o(.data)
    __microlib_freelist                      0x200001c0   Data           4  mvars.o(.data)
    __microlib_freelist_initialised          0x200001c4   Data           4  mvars.o(.data)
    imu_data                                 0x200001c8   Data          14  main.o(.bss)
    zgyro                                    0x200001f4   Data          44  can.o(.bss)
    motor                                    0x20000220   Data         672  can.o(.bss)
    cmd                                      0x200004c0   Data          76  cmd.o(.bss)
    ctl                                      0x2000050c   Data          76  ctl.o(.bss)
    pid                                      0x20000558   Data         480  ctl.o(.bss)
    rmp                                      0x20000738   Data          12  ctl.o(.bss)
    dbus                                     0x20000744   Data          22  dci.o(.bss)
    odo                                      0x20000ad8   Data         100  odo.o(.bss)
    srs                                      0x20000dec   Data         368  srs.o(.bss)
    extiHandlers                             0x20001650   Data          64  stm32util.o(.bss)
    __heap_base                              0x200018b8   Data           0  startup_stm32f427xx.o(HEAP)
    __heap_limit                             0x200028b8   Data           0  startup_stm32f427xx.o(HEAP)
    __initial_sp                             0x20002cb8   Data           0  startup_stm32f427xx.o(STACK)



==============================================================================

Memory Map of the image

  Image Entry point : 0x080001ad

  Load Region LR_IROM1 (Base: 0x08000000, Size: 0x00009208, Max: 0x00200000, ABSOLUTE, COMPRESSED[0x000090b8])

    Execution Region ER_IROM1 (Base: 0x08000000, Size: 0x00009040, Max: 0x00200000, ABSOLUTE)

    Base Addr    Size         Type   Attr      Idx    E Section Name        Object

    0x08000000   0x000001ac   Data   RO         9746    RESET               startup_stm32f427xx.o
    0x080001ac   0x00000000   Code   RO         9789  * .ARM.Collect$$$$00000000  mc_w.l(entry.o)
    0x080001ac   0x00000004   Code   RO        10136    .ARM.Collect$$$$00000001  mc_w.l(entry2.o)
    0x080001b0   0x00000004   Code   RO        10139    .ARM.Collect$$$$00000004  mc_w.l(entry5.o)
    0x080001b4   0x00000000   Code   RO        10141    .ARM.Collect$$$$00000008  mc_w.l(entry7b.o)
    0x080001b4   0x00000000   Code   RO        10143    .ARM.Collect$$$$0000000A  mc_w.l(entry8b.o)
    0x080001b4   0x00000008   Code   RO        10144    .ARM.Collect$$$$0000000B  mc_w.l(entry9a.o)
    0x080001bc   0x00000000   Code   RO        10146    .ARM.Collect$$$$0000000D  mc_w.l(entry10a.o)
    0x080001bc   0x00000000   Code   RO        10148    .ARM.Collect$$$$0000000F  mc_w.l(entry11a.o)
    0x080001bc   0x00000004   Code   RO        10137    .ARM.Collect$$$$00002712  mc_w.l(entry2.o)
    0x080001c0   0x00000024   Code   RO         9747    .text               startup_stm32f427xx.o
    0x080001e4   0x00000024   Code   RO         9792    .text               mc_w.l(memcpya.o)
    0x08000208   0x00000024   Code   RO         9794    .text               mc_w.l(memseta.o)
    0x0800022c   0x0000000e   Code   RO         9796    .text               mc_w.l(strlen.o)
    0x0800023a   0x0000002c   Code   RO        10151    .text               mc_w.l(uidiv.o)
    0x08000266   0x00000002   PAD
    0x08000268   0x00000024   Code   RO        10181    .text               mc_w.l(init.o)
    0x0800028c   0x00000056   Code   RO        10197    .text               mc_w.l(__dczerorl2.o)
    0x080002e2   0x00000002   PAD
    0x080002e4   0x00000038   Code   RO          544    i.Act_Init          act.o
    0x0800031c   0x000000ac   Code   RO          545    i.Act_Proc          act.o
    0x080003c8   0x00000056   Code   RO          574    i.App_Init          app.o
    0x0800041e   0x00000016   Code   RO          575    i.App_Proc          app.o
    0x08000434   0x00000034   Code   RO         3157    i.Beep_Config       beep.o
    0x08000468   0x00000024   Code   RO         3158    i.Beep_Sing         beep.o
    0x0800048c   0x00000014   Code   RO         3159    i.Beep_SingStartupMusic  beep.o
    0x080004a0   0x00000058   Code   RO         3199    i.Bsp_Config        bsp.o
    0x080004f8   0x00000004   Code   RO         3022    i.BtmRxCallback     com_srv.o
    0x080004fc   0x00000070   Code   RO         3223    i.Btm_Config        btm.o
    0x0800056c   0x00000006   Code   RO          999    i.Btm_Proc          com.o
    0x08000572   0x00000002   PAD
    0x08000574   0x0000003c   Code   RO         3232    i.Btm_PutCh         btm.o
    0x080005b0   0x0000000c   Code   RO         3338    i.Btn_Config        btn.o
    0x080005bc   0x00000002   Code   RO          397    i.BusFault_Handler  stm32f4xx_it.o
    0x080005be   0x00000002   PAD
    0x080005c0   0x00000044   Code   RO         3362    i.CAN1_RX0_IRQHandler  can1.o
    0x08000604   0x00000024   Code   RO         3363    i.CAN1_TX_IRQHandler  can1.o
    0x08000628   0x00000044   Code   RO         3410    i.CAN2_RX0_IRQHandler  can2.o
    0x0800066c   0x00000024   Code   RO         3411    i.CAN2_TX_IRQHandler  can2.o
    0x08000690   0x00000030   Code   RO         4885    i.CAN_ClearFlag     stm32f4xx_can.o
    0x080006c0   0x00000078   Code   RO         4886    i.CAN_ClearITPendingBit  stm32f4xx_can.o
    0x08000738   0x0000006c   Code   RO         3953    i.CAN_Config        stm32util.o
    0x080007a4   0x000000cc   Code   RO         4890    i.CAN_FilterInit    stm32f4xx_can.o
    0x08000870   0x00000036   Code   RO         3954    i.CAN_Filter_Config  stm32util.o
    0x080008a6   0x00000002   PAD
    0x080008a8   0x000000a8   Code   RO         4892    i.CAN_GetITStatus   stm32f4xx_can.o
    0x08000950   0x00000010   Code   RO         4896    i.CAN_ITConfig      stm32f4xx_can.o
    0x08000960   0x000000e8   Code   RO         4897    i.CAN_Init          stm32f4xx_can.o
    0x08000a48   0x00000090   Code   RO         4900    i.CAN_Receive       stm32f4xx_can.o
    0x08000ad8   0x000000a4   Code   RO         4905    i.CAN_Transmit      stm32f4xx_can.o
    0x08000b7c   0x00000006   Code   RO         2103    i.CBUS_Init         cbus.o
    0x08000b82   0x0000004e   Code   RO         4446    i.CM_Cmd            motor.o
    0x08000bd0   0x00000022   Code   RO         2115    i.CRC16Append       crc16.o
    0x08000bf2   0x00000002   PAD
    0x08000bf4   0x00000030   Code   RO         2116    i.CRC16Calc         crc16.o
    0x08000c24   0x00000030   Code   RO         2117    i.CRC16Check        crc16.o
    0x08000c54   0x0000001c   Code   RO          608    i.Cal_Init          cal.o
    0x08000c70   0x00000018   Code   RO          609    i.Cal_IsDone        cal.o
    0x08000c88   0x00000004   Code   RO          610    i.Cal_Proc          cal.o
    0x08000c8c   0x00000074   Code   RO          611    i.Cal_ProcGim       cal.o
    0x08000d00   0x000000ec   Code   RO          612    i.Cal_ProcGpe       cal.o
    0x08000dec   0x00000010   Code   RO          613    i.Cal_SetFlag       cal.o
    0x08000dfc   0x00000044   Code   RO          614    i.Cal_SetGpeh       cal.o
    0x08000e40   0x00000044   Code   RO          615    i.Cal_SetGpel       cal.o
    0x08000e84   0x00000004   Code   RO         3001    i.Can1RxCallback    can_srv.o
    0x08000e88   0x00000070   Code   RO         3364    i.Can1_Config       can1.o
    0x08000ef8   0x00000004   Code   RO         3002    i.Can2RxCallback    can_srv.o
    0x08000efc   0x00000074   Code   RO         3412    i.Can2_Config       can2.o
    0x08000f70   0x0000002c   Code   RO          694    i.Can_Init          can.o
    0x08000f9c   0x000000b4   Code   RO          695    i.Can_Proc          can.o
    0x08001050   0x00000012   Code   RO          767    i.Cci_Proc          cci.o
    0x08001062   0x00000002   PAD
    0x08001064   0x0000000c   Code   RO          813    i.Cfg_GetFlag       cfg.o
    0x08001070   0x00000104   Code   RO          815    i.Cfg_Init          cfg.o
    0x08001174   0x00000014   Code   RO          816    i.Cfg_IsSynced      cfg.o
    0x08001188   0x00000006   Code   RO          817    i.Cfg_Load          cfg.o
    0x0800118e   0x00000002   PAD
    0x08001190   0x0000001c   Code   RO          818    i.Cfg_Proc          cfg.o
    0x080011ac   0x00000006   Code   RO          820    i.Cfg_Save          cfg.o
    0x080011b2   0x00000002   PAD
    0x080011b4   0x000000c4   Code   RO         1051    i.ChassisStateCtl   ctl.o
    0x08001278   0x0000000c   Code   RO         4908    i.CheckITStatus     stm32f4xx_can.o
    0x08001284   0x00000010   Code   RO          907    i.Clk_GetMsTick     clk.o
    0x08001294   0x00000008   Code   RO          909    i.Clk_GetUsTick     clk.o
    0x0800129c   0x00000014   Code   RO          910    i.Clk_Init          clk.o
    0x080012b0   0x0000000c   Code   RO          957    i.Cmd_Init          cmd.o
    0x080012bc   0x0000013c   Code   RO          958    i.Cmd_Proc          cmd.o
    0x080013f8   0x0000000e   Code   RO         1000    i.Com_Init          com.o
    0x08001406   0x00000002   PAD
    0x08001408   0x00000064   Code   RO         1052    i.Cpl_Init          ctl.o
    0x0800146c   0x0000006c   Code   RO         1053    i.Ctl_Init          ctl.o
    0x080014d8   0x00000030   Code   RO         1054    i.Ctl_Proc          ctl.o
    0x08001508   0x00000064   Code   RO         1056    i.Cvl_Init          ctl.o
    0x0800156c   0x00000018   Code   RO         2159    i.DBUS_Dec          dbus.o
    0x08001584   0x00000014   Code   RO         2161    i.DBUS_Init         dbus.o
    0x08001598   0x00000014   Code   RO         5680    i.DMA_Cmd           stm32f4xx_dma.o
    0x080015ac   0x0000006c   Code   RO         3955    i.DMA_Config        stm32util.o
    0x08001618   0x00000014   Code   RO         5682    i.DMA_DoubleBufferModeCmd  stm32f4xx_dma.o
    0x0800162c   0x00000016   Code   RO         5683    i.DMA_DoubleBufferModeConfig  stm32f4xx_dma.o
    0x08001642   0x00000006   Code   RO         5686    i.DMA_GetCurrDataCounter  stm32f4xx_dma.o
    0x08001648   0x0000000e   Code   RO         5687    i.DMA_GetCurrentMemoryTarget  stm32f4xx_dma.o
    0x08001656   0x00000002   PAD
    0x08001658   0x00000054   Code   RO         5692    i.DMA_Init          stm32f4xx_dma.o
    0x080016ac   0x00000004   Code   RO         3023    i.DbiRxCallback     com_srv.o
    0x080016b0   0x00000070   Code   RO         3458    i.Dbi_Config        dbi.o
    0x08001720   0x00000044   Code   RO         3459    i.Dbi_GetCh         dbi.o
    0x08001764   0x00000006   Code   RO         1002    i.Dbi_Proc          com.o
    0x0800176a   0x00000002   PAD
    0x0800176c   0x0000003c   Code   RO         3467    i.Dbi_PutCh         dbi.o
    0x080017a8   0x00000018   Code   RO         1132    i.Dci_Init          dci.o
    0x080017c0   0x00000048   Code   RO         1133    i.Dci_Proc          dci.o
    0x08001808   0x00000002   Code   RO          398    i.DebugMon_Handler  stm32f4xx_it.o
    0x0800180a   0x00000018   Code   RO         4387    i.Delay_Ms          delay.o
    0x08001822   0x00000002   PAD
    0x08001824   0x00000020   Code   RO         1174    i.Dnl_Init          dnl.o
    0x08001844   0x00000150   Code   RO         1175    i.Dnl_Proc          dnl.o
    0x08001994   0x00000030   Code   RO         3956    i.EXTI0_IRQHandler  stm32util.o
    0x080019c4   0x000000d4   Code   RO         3957    i.EXTI15_10_IRQHandler  stm32util.o
    0x08001a98   0x00000030   Code   RO         3958    i.EXTI1_IRQHandler  stm32util.o
    0x08001ac8   0x00000030   Code   RO         3959    i.EXTI2_IRQHandler  stm32util.o
    0x08001af8   0x00000030   Code   RO         3960    i.EXTI3_IRQHandler  stm32util.o
    0x08001b28   0x00000030   Code   RO         3961    i.EXTI4_IRQHandler  stm32util.o
    0x08001b58   0x000000a8   Code   RO         3962    i.EXTI9_5_IRQHandler  stm32util.o
    0x08001c00   0x0000011c   Code   RO         3963    i.EXTI_Bind         stm32util.o
    0x08001d1c   0x0000000c   Code   RO         5966    i.EXTI_ClearFlag    stm32f4xx_exti.o
    0x08001d28   0x0000000c   Code   RO         5967    i.EXTI_ClearITPendingBit  stm32f4xx_exti.o
    0x08001d34   0x00000028   Code   RO         3964    i.EXTI_Config       stm32util.o
    0x08001d5c   0x00000014   Code   RO         5971    i.EXTI_GetITStatus  stm32f4xx_exti.o
    0x08001d70   0x00000070   Code   RO         5972    i.EXTI_Init         stm32f4xx_exti.o
    0x08001de0   0x00000010   Code   RO         3965    i.EXTI_SetHandler   stm32util.o
    0x08001df0   0x00000008   Code   RO         2185    i.Ekf_Init          ekf.o
    0x08001df8   0x0000004a   Code   RO         2186    i.Ekf_Proc          ekf.o
    0x08001e42   0x00000002   PAD
    0x08001e44   0x0000001c   Code   RO         2187    i.Ekf_Reset         ekf.o
    0x08001e60   0x00000016   Code   RO         2284    i.FIFO_Flush        fifo.o
    0x08001e76   0x00000008   Code   RO         2285    i.FIFO_GetFree      fifo.o
    0x08001e7e   0x00000004   Code   RO         2286    i.FIFO_GetSize      fifo.o
    0x08001e82   0x00000004   Code   RO         2287    i.FIFO_GetUsed      fifo.o
    0x08001e86   0x00000008   Code   RO         2288    i.FIFO_Init         fifo.o
    0x08001e8e   0x0000000c   Code   RO         2289    i.FIFO_IsEmpty      fifo.o
    0x08001e9a   0x00000010   Code   RO         2290    i.FIFO_IsFull       fifo.o
    0x08001eaa   0x00000028   Code   RO         2291    i.FIFO_Peek         fifo.o
    0x08001ed2   0x00000034   Code   RO         2292    i.FIFO_Pop          fifo.o
    0x08001f06   0x0000003a   Code   RO         2293    i.FIFO_Push         fifo.o
    0x08001f40   0x0000001c   Code   RO         6033    i.FLASH_DataCacheCmd  stm32f4xx_flash.o
    0x08001f5c   0x0000006c   Code   RO         6038    i.FLASH_EraseSector  stm32f4xx_flash.o
    0x08001fc8   0x0000003c   Code   RO         6040    i.FLASH_GetStatus   stm32f4xx_flash.o
    0x08002004   0x00000010   Code   RO         6044    i.FLASH_Lock        stm32f4xx_flash.o
    0x08002014   0x00000038   Code   RO         6065    i.FLASH_ProgramByte  stm32f4xx_flash.o
    0x0800204c   0x00000024   Code   RO         6070    i.FLASH_Unlock      stm32f4xx_flash.o
    0x08002070   0x0000001e   Code   RO         6071    i.FLASH_WaitForLastOperation  stm32f4xx_flash.o
    0x0800208e   0x00000004   Code   RO         1760    i.FS_Cpy            sys.o
    0x08002092   0x00000004   Code   RO         1761    i.FS_Det            sys.o
    0x08002096   0x00000026   Code   RO         2361    i.Flag_Cpy          fun.o
    0x080020bc   0x0000000e   Code   RO         2362    i.Flag_Det          fun.o
    0x080020ca   0x00000006   Code   RO         2363    i.Flag_Get          fun.o
    0x080020d0   0x00000008   Code   RO         2365    i.Flag_Set          fun.o
    0x080020d8   0x000000a0   Code   RO         4411    i.Flash_GetSector   flash.o
    0x08002178   0x00000016   Code   RO         4412    i.Flash_Read        flash.o
    0x0800218e   0x00000002   PAD
    0x08002190   0x00000080   Code   RO         4413    i.Flash_Write       flash.o
    0x08002210   0x00000010   Code   RO         1210    i.Fos_Read          fos.o
    0x08002220   0x00000010   Code   RO         1211    i.Fos_Write         fos.o
    0x08002230   0x00000048   Code   RO         4447    i.GM_Cmd            motor.o
    0x08002278   0x00000028   Code   RO         3967    i.GPIO_Af           stm32util.o
    0x080022a0   0x00000118   Code   RO         3968    i.GPIO_Config       stm32util.o
    0x080023b8   0x00000010   Code   RO         3972    i.GPIO_In           stm32util.o
    0x080023c8   0x000000a2   Code   RO         6552    i.GPIO_Init         stm32f4xx_gpio.o
    0x0800246a   0x00000012   Code   RO         3973    i.GPIO_Out          stm32util.o
    0x0800247c   0x00000020   Code   RO         6553    i.GPIO_PinAFConfig  stm32f4xx_gpio.o
    0x0800249c   0x0000000e   Code   RO         6556    i.GPIO_ReadInputDataBit  stm32f4xx_gpio.o
    0x080024aa   0x0000000e   Code   RO         6558    i.GPIO_ReadOutputDataBit  stm32f4xx_gpio.o
    0x080024b8   0x00000004   Code   RO         6559    i.GPIO_ResetBits    stm32f4xx_gpio.o
    0x080024bc   0x00000004   Code   RO         6560    i.GPIO_SetBits      stm32f4xx_gpio.o
    0x080024c0   0x000002a8   Code   RO          768    i.GetChassisStateRef  cci.o
    0x08002768   0x000000f8   Code   RO         1240    i.GetChassisStateRef  hci.o
    0x08002860   0x000000c4   Code   RO         1578    i.GetChassisStateRef  rci.o
    0x08002924   0x000000b4   Code   RO         1473    i.GetFunctionalStateFdb  odo.o
    0x080029d8   0x00000238   Code   RO          769    i.GetGrabberStateRef  cci.o
    0x08002c10   0x00000100   Code   RO         1241    i.GetGrabberStateRef  hci.o
    0x08002d10   0x000000f0   Code   RO         1579    i.GetGrabberStateRef  rci.o
    0x08002e00   0x00000064   Code   RO         1057    i.Gpl_Init          ctl.o
    0x08002e64   0x0000007c   Code   RO         1058    i.GrabberStateCtl   ctl.o
    0x08002ee0   0x00000064   Code   RO         1059    i.Gvl_Init          ctl.o
    0x08002f44   0x00000002   Code   RO          399    i.HardFault_Handler  stm32f4xx_it.o
    0x08002f46   0x00000002   PAD
    0x08002f48   0x00000026   Code   RO         2466    i.Hcf_Init          hcf.o
    0x08002f6e   0x00000040   Code   RO         2467    i.Hcf_Proc          hcf.o
    0x08002fae   0x00000002   PAD
    0x08002fb0   0x00000034   Code   RO         1242    i.Hci_Init          hci.o
    0x08002fe4   0x00000010   Code   RO         1243    i.Hci_MouseBtn      hci.o
    0x08002ff4   0x0000000c   Code   RO         1244    i.Hci_PreProc       hci.o
    0x08003000   0x00000018   Code   RO         1245    i.Hci_Proc          hci.o
    0x08003018   0x0000001e   Code   RO         2484    i.Hcp_Dec           hcp.o
    0x08003036   0x0000001c   Code   RO         2486    i.Hcp_Init          hcp.o
    0x08003052   0x00000002   PAD
    0x08003054   0x0000000c   Code   RO         1293    i.Ini_Init          ini.o
    0x08003060   0x00000018   Code   RO         1294    i.Ini_IsDone        ini.o
    0x08003078   0x00000090   Code   RO         1295    i.Ini_Proc          ini.o
    0x08003108   0x00000004   Code   RO         1343    i.Ios_GetCh         ios.o
    0x0800310c   0x0000001c   Code   RO         1344    i.Ios_Init          ios.o
    0x08003128   0x00000012   Code   RO         1345    i.Ios_PutCh         ios.o
    0x0800313a   0x00000002   PAD
    0x0800313c   0x00000010   Code   RO         1348    i.Ios_SetIn         ios.o
    0x0800314c   0x00000010   Code   RO         1349    i.Ios_SetOut        ios.o
    0x0800315c   0x00000034   Code   RO          466    i.KOS_Boot          kos.o
    0x08003190   0x0000002c   Code   RO         3597    i.Key_Config        key.o
    0x080031bc   0x00000030   Code   RO         3627    i.Led_Config        led.o
    0x080031ec   0x0000002a   Code   RO         3712    i.MPU6500_CheckDevice  mpu6500_drv.o
    0x08003216   0x00000002   PAD
    0x08003218   0x0000000e   Code   RO         3688    i.MPU6500_Config    mpu6500.o
    0x08003226   0x00000002   PAD
    0x08003228   0x00000040   Code   RO         3714    i.MPU6500_Init      mpu6500_drv.o
    0x08003268   0x0000005e   Code   RO         3715    i.MPU6500_Read      mpu6500_drv.o
    0x080032c6   0x00000002   PAD
    0x080032c8   0x0000005c   Code   RO         3790    i.MPU6500_SPI_Read_Reg  mpu6500_spi.o
    0x08003324   0x00000050   Code   RO         3791    i.MPU6500_SPI_Write_Reg  mpu6500_spi.o
    0x08003374   0x00000008   Code   RO         2690    i.Maf_Init          maf.o
    0x0800337c   0x00000042   Code   RO         2692    i.Maf_Proc          maf.o
    0x080033be   0x00000002   PAD
    0x080033c0   0x00000030   Code   RO         2693    i.Maf_Reset         maf.o
    0x080033f0   0x00000010   Code   RO         1430    i.Mec_Decomp        mec.o
    0x08003400   0x00000030   Code   RO         1431    i.Mec_Init          mec.o
    0x08003430   0x00000010   Code   RO         1432    i.Mec_Synthe        mec.o
    0x08003440   0x0000002a   Code   RO         2730    i.Mecanum_Config    mecanum.o
    0x0800346a   0x0000008e   Code   RO         2731    i.Mecanum_Decomp    mecanum.o
    0x080034f8   0x00000072   Code   RO         2732    i.Mecanum_Synthe    mecanum.o
    0x0800356a   0x00000002   PAD
    0x0800356c   0x00000038   Code   RO         2756    i.Med_Init          med.o
    0x080035a4   0x00000042   Code   RO         2757    i.Med_Proc          med.o
    0x080035e6   0x00000002   Code   RO          400    i.MemManage_Handler  stm32f4xx_it.o
    0x080035e8   0x00000140   Code   RO          698    i.Motor_Process     can.o
    0x08003728   0x0000000e   Code   RO          699    i.Motor_Ready       can.o
    0x08003736   0x00000006   Code   RO          700    i.Motor_Reset       can.o
    0x0800373c   0x00000076   Code   RO         2784    i.Msg_Pop           msg.o
    0x080037b2   0x0000004a   Code   RO         2785    i.Msg_Push          msg.o
    0x080037fc   0x00000002   Code   RO          401    i.NMI_Handler       stm32f4xx_it.o
    0x080037fe   0x0000001c   Code   RO         3980    i.NVIC_Config       stm32util.o
    0x0800381a   0x00000002   PAD
    0x0800381c   0x00000064   Code   RO         4587    i.NVIC_Init         misc.o
    0x08003880   0x00000014   Code   RO         4588    i.NVIC_PriorityGroupConfig  misc.o
    0x08003894   0x00000020   Code   RO         1474    i.Odo_Init          odo.o
    0x080038b4   0x00000134   Code   RO         1475    i.Odo_Proc          odo.o
    0x080039e8   0x0000011c   Code   RO         2827    i.PID_Calc          pid.o
    0x08003b04   0x00000006   Code   RO         2828    i.PID_Config        pid.o
    0x08003b0a   0x00000002   PAD
    0x08003b0c   0x00000024   Code   RO         2829    i.PID_Reset         pid.o
    0x08003b30   0x00001544   Code   RO         3981    i.PWM_Bind          stm32util.o
    0x08005074   0x00000002   Code   RO          402    i.PendSV_Handler    stm32f4xx_it.o
    0x08005076   0x00000002   PAD
    0x08005078   0x0000005c   Code   RO         3820    i.Pwm_Config        pwm.o
    0x080050d4   0x00000050   Code   RO         1522    i.Pwr_Init          pwr.o
    0x08005124   0x00000014   Code   RO         1523    i.Pwr_IsOkay        pwr.o
    0x08005138   0x00000018   Code   RO         7499    i.RCC_AHB1PeriphClockCmd  stm32f4xx_rcc.o
    0x08005150   0x00000018   Code   RO         7508    i.RCC_APB1PeriphClockCmd  stm32f4xx_rcc.o
    0x08005168   0x00000018   Code   RO         7511    i.RCC_APB2PeriphClockCmd  stm32f4xx_rcc.o
    0x08005180   0x00000094   Code   RO         7520    i.RCC_GetClocksFreq  stm32f4xx_rcc.o
    0x08005214   0x00000028   Code   RO         2851    i.Rcf_Init          rcf.o
    0x0800523c   0x00000040   Code   RO         2852    i.Rcf_Proc          rcf.o
    0x0800527c   0x0000000c   Code   RO         1580    i.Rci_Init          rci.o
    0x08005288   0x0000000c   Code   RO         1582    i.Rci_PreProc       rci.o
    0x08005294   0x00000012   Code   RO         1583    i.Rci_Proc          rci.o
    0x080052a6   0x00000002   PAD
    0x080052a8   0x00000010   Code   RO         1584    i.Rci_Sw            rci.o
    0x080052b8   0x0000004e   Code   RO         2869    i.Rcp_Dec           rcp.o
    0x08005306   0x00000040   Code   RO         2870    i.Rcp_Enc           rcp.o
    0x08005346   0x00000002   PAD
    0x08005348   0x00000026   Code   RO         2871    i.Rcp_Init          rcp.o
    0x0800536e   0x00000004   Code   RO         3082    i.RcvCallback       rcv_srv.o
    0x08005372   0x00000002   PAD
    0x08005374   0x00000094   Code   RO         3844    i.Rcv_Config        rcv.o
    0x08005408   0x00000020   Code   RO         1134    i.Rcv_Proc          dci.o
    0x08005428   0x0000002a   Code   RO         2893    i.Rmp_Calc          rmp.o
    0x08005452   0x00000004   Code   RO         2894    i.Rmp_Config        rmp.o
    0x08005456   0x00000002   PAD
    0x08005458   0x00000014   Code   RO         2896    i.Rmp_Reset         rmp.o
    0x0800546c   0x000009d8   Code   RO         3982    i.SPI_Bind          stm32util.o
    0x08005e44   0x00000014   Code   RO         8672    i.SPI_Cmd           stm32f4xx_spi.o
    0x08005e58   0x000000c0   Code   RO         3983    i.SPI_Config        stm32util.o
    0x08005f18   0x00000038   Code   RO         8685    i.SPI_Init          stm32f4xx_spi.o
    0x08005f50   0x00000028   Code   RO         3985    i.SPI_TxRxByte      stm32util.o
    0x08005f78   0x00000004   Code   RO         3058    i.SR04Callback      ext_srv.o
    0x08005f7c   0x00000020   Code   RO         3912    i.SR04_Bind         sr04.o
    0x08005f9c   0x0000001c   Code   RO         3913    i.SR04_Config       sr04.o
    0x08005fb8   0x00000068   Code   RO         3914    i.SR04_IRQHandler   sr04.o
    0x08006020   0x00000002   Code   RO          403    i.SVC_Handler       stm32f4xx_it.o
    0x08006022   0x00000002   PAD
    0x08006024   0x00000030   Code   RO         8837    i.SYSCFG_EXTILineConfig  stm32f4xx_syscfg.o
    0x08006054   0x00000040   Code   RO          493    i.Sch_Arrange       sch.o
    0x08006094   0x00000018   Code   RO          495    i.Sch_Init          sch.o
    0x080060ac   0x00000030   Code   RO          496    i.Sch_Proc          sch.o
    0x080060dc   0x000000d0   Code   RO         9706    i.SetSysClock       system_stm32f4xx.o
    0x080061ac   0x00000010   Code   RO         1638    i.Snd_Init          snd.o
    0x080061bc   0x0000000c   Code   RO         1639    i.Snd_Play          snd.o
    0x080061c8   0x00000040   Code   RO         1640    i.Snd_Proc          snd.o
    0x08006208   0x0000000c   Code   RO         1641    i.Snd_Stop          snd.o
    0x08006214   0x00000054   Code   RO         3888    i.Spi5_Config       spi5.o
    0x08006268   0x0000004a   Code   RO         1682    i.Sr04_Proc         srs.o
    0x080062b2   0x00000002   PAD
    0x080062b4   0x000000a0   Code   RO         1683    i.Srs_Fall          srs.o
    0x08006354   0x00000098   Code   RO         1684    i.Srs_Func          srs.o
    0x080063ec   0x00000012   Code   RO         1685    i.Srs_Init          srs.o
    0x080063fe   0x00000002   PAD
    0x08006400   0x00000078   Code   RO         1686    i.Srs_Proc          srs.o
    0x08006478   0x0000004c   Code   RO         1687    i.Srs_Rise          srs.o
    0x080064c4   0x00000038   Code   RO         1688    i.Srs_Start         srs.o
    0x080064fc   0x00000058   Code   RO         1690    i.Srs_Trig          srs.o
    0x08006554   0x00000004   Code   RO         3124    i.SyncTimCallback   tim_srv.o
    0x08006558   0x0000002c   Code   RO         4195    i.SyncTim_Config    tim.o
    0x08006584   0x00000028   Code   RO         4196    i.SyncTim_Start     tim.o
    0x080065ac   0x0000005c   Code   RO         9708    i.SystemInit        system_stm32f4xx.o
    0x08006608   0x0000002a   Code   RO         4198    i.TIM2_IRQHandler   tim.o
    0x08006632   0x00000002   PAD
    0x08006634   0x00000030   Code   RO         4199    i.TIM6_DAC_IRQHandler  tim.o
    0x08006664   0x00000014   Code   RO         8896    i.TIM_ARRPreloadConfig  stm32f4xx_tim.o
    0x08006678   0x00000006   Code   RO         8902    i.TIM_ClearFlag     stm32f4xx_tim.o
    0x0800667e   0x00000006   Code   RO         8903    i.TIM_ClearITPendingBit  stm32f4xx_tim.o
    0x08006684   0x00000014   Code   RO         8908    i.TIM_Cmd           stm32f4xx_tim.o
    0x08006698   0x00000144   Code   RO         3986    i.TIM_Config        stm32util.o
    0x080067dc   0x00000018   Code   RO         8929    i.TIM_GetITStatus   stm32f4xx_tim.o
    0x080067f4   0x00000010   Code   RO         8933    i.TIM_ITConfig      stm32f4xx_tim.o
    0x08006804   0x00000060   Code   RO         8937    i.TIM_OC1Init       stm32f4xx_tim.o
    0x08006864   0x0000000c   Code   RO         8940    i.TIM_OC1PreloadConfig  stm32f4xx_tim.o
    0x08006870   0x00000080   Code   RO         8942    i.TIM_OC2Init       stm32f4xx_tim.o
    0x080068f0   0x00000014   Code   RO         8945    i.TIM_OC2PreloadConfig  stm32f4xx_tim.o
    0x08006904   0x0000007c   Code   RO         8947    i.TIM_OC3Init       stm32f4xx_tim.o
    0x08006980   0x0000000c   Code   RO         8950    i.TIM_OC3PreloadConfig  stm32f4xx_tim.o
    0x0800698c   0x00000060   Code   RO         8952    i.TIM_OC4Init       stm32f4xx_tim.o
    0x080069ec   0x00000014   Code   RO         8954    i.TIM_OC4PreloadConfig  stm32f4xx_tim.o
    0x08006a00   0x00000082   Code   RO         3987    i.TIM_OC_Config     stm32util.o
    0x08006a82   0x00000002   PAD
    0x08006a84   0x0000007c   Code   RO         8980    i.TIM_TimeBaseInit  stm32f4xx_tim.o
    0x08006b00   0x00000002   Code   RO         3125    i.TickTimCallback   tim_srv.o
    0x08006b02   0x0000002e   Code   RO         4200    i.TickTim_Config    tim.o
    0x08006b30   0x00000022   Code   RO         4201    i.TickTim_Start     tim.o
    0x08006b52   0x0000000e   Code   RO         4203    i.Tim_Config        tim.o
    0x08006b60   0x0000000e   Code   RO         4204    i.Tim_Start         tim.o
    0x08006b6e   0x00000004   Code   RO         3024    i.TtyRxCallback     com_srv.o
    0x08006b72   0x00000002   PAD
    0x08006b74   0x00000070   Code   RO         4275    i.Tty_Config        tty.o
    0x08006be4   0x00000044   Code   RO         4276    i.Tty_GetCh         tty.o
    0x08006c28   0x0000000c   Code   RO         4277    i.Tty_GetRxFifoFree  tty.o
    0x08006c34   0x0000000c   Code   RO         4278    i.Tty_GetRxFifoSize  tty.o
    0x08006c40   0x0000000c   Code   RO         4279    i.Tty_GetRxFifoUsed  tty.o
    0x08006c4c   0x0000000c   Code   RO         4280    i.Tty_GetTxFifoFree  tty.o
    0x08006c58   0x0000000c   Code   RO         4281    i.Tty_GetTxFifoSize  tty.o
    0x08006c64   0x0000000c   Code   RO         4282    i.Tty_GetTxFifoUsed  tty.o
    0x08006c70   0x0000001c   Code   RO         4283    i.Tty_Print         tty.o
    0x08006c8c   0x00000006   Code   RO         1003    i.Tty_Proc          com.o
    0x08006c92   0x00000002   PAD
    0x08006c94   0x0000003c   Code   RO         4284    i.Tty_PutCh         tty.o
    0x08006cd0   0x00000050   Code   RO         4285    i.Tty_Read          tty.o
    0x08006d20   0x00000048   Code   RO         4286    i.Tty_ReadByte      tty.o
    0x08006d68   0x00000050   Code   RO         4287    i.Tty_Write         tty.o
    0x08006db8   0x00000044   Code   RO         4288    i.Tty_WriteByte     tty.o
    0x08006dfc   0x00000074   Code   RO         3847    i.USART1_IRQHandler  rcv.o
    0x08006e70   0x00000098   Code   RO         3237    i.USART2_IRQHandler  btm.o
    0x08006f08   0x00000098   Code   RO         3472    i.USART3_IRQHandler  dbi.o
    0x08006fa0   0x00000098   Code   RO         4289    i.USART6_IRQHandler  tty.o
    0x08007038   0x00000de0   Code   RO         3988    i.USART_Bind        stm32util.o
    0x08007e18   0x00000014   Code   RO         9449    i.USART_Cmd         stm32f4xx_usart.o
    0x08007e2c   0x00000190   Code   RO         3989    i.USART_Config      stm32util.o
    0x08007fbc   0x00000010   Code   RO         9450    i.USART_DMACmd      stm32f4xx_usart.o
    0x08007fcc   0x0000003e   Code   RO         9453    i.USART_GetITStatus  stm32f4xx_usart.o
    0x0800800a   0x00000030   Code   RO         9455    i.USART_ITConfig    stm32f4xx_usart.o
    0x0800803a   0x00000002   PAD
    0x0800803c   0x000000ac   Code   RO         9456    i.USART_Init        stm32f4xx_usart.o
    0x080080e8   0x00000008   Code   RO         9463    i.USART_ReceiveData  stm32f4xx_usart.o
    0x080080f0   0x00000008   Code   RO         9466    i.USART_SendData    stm32f4xx_usart.o
    0x080080f8   0x00000038   Code   RO         1821    i.Upd_Init          upd.o
    0x08008130   0x00000066   Code   RO         1822    i.Upd_Proc          upd.o
    0x08008196   0x00000002   PAD
    0x08008198   0x00000014   Code   RO         1851    i.Upl_Init          upl.o
    0x080081ac   0x00000148   Code   RO         1852    i.Upl_Proc          upl.o
    0x080082f4   0x00000108   Code   RO         1853    i.Upl_PushKylinMsg  upl.o
    0x080083fc   0x000000d0   Code   RO         1854    i.Upl_PushPosCalib  upl.o
    0x080084cc   0x0000002c   Code   RO         1855    i.Upl_SendMsg       upl.o
    0x080084f8   0x00000002   Code   RO          404    i.UsageFault_Handler  stm32f4xx_it.o
    0x080084fa   0x00000002   PAD
    0x080084fc   0x00000010   Code   RO         1896    i.Wdg_Feed          wdg.o
    0x0800850c   0x0000000c   Code   RO         1897    i.Wdg_GetErr        wdg.o
    0x08008518   0x0000000c   Code   RO         1899    i.Wdg_HasErr        wdg.o
    0x08008524   0x00000014   Code   RO         1900    i.Wdg_HitErr        wdg.o
    0x08008538   0x0000002c   Code   RO         1901    i.Wdg_Init          wdg.o
    0x08008564   0x0000001c   Code   RO         1902    i.Wdg_IsOkay        wdg.o
    0x08008580   0x00000044   Code   RO         1903    i.Wdg_Proc          wdg.o
    0x080085c4   0x0000000c   Code   RO         1955    i.Wsm_GetLastWs     wsm.o
    0x080085d0   0x0000000c   Code   RO         1956    i.Wsm_GetWs         wsm.o
    0x080085dc   0x00000010   Code   RO         1957    i.Wsm_Init          wsm.o
    0x080085ec   0x000000e0   Code   RO         1958    i.Wsm_Proc          wsm.o
    0x080086cc   0x0000008c   Code   RO          701    i.ZGyro_Process     can.o
    0x08008758   0x0000000e   Code   RO          702    i.ZGyro_Ready       can.o
    0x08008766   0x00000006   Code   RO          703    i.ZGyro_Reset       can.o
    0x0800876c   0x00000020   Code   RO         9845    i.__0printf$1       mc_w.l(printf1.o)
    0x0800878c   0x0000000e   Code   RO        10191    i.__scatterload_copy  mc_w.l(handlers.o)
    0x0800879a   0x00000002   Code   RO        10192    i.__scatterload_null  mc_w.l(handlers.o)
    0x0800879c   0x0000000e   Code   RO        10193    i.__scatterload_zeroinit  mc_w.l(handlers.o)
    0x080087aa   0x00000002   PAD
    0x080087ac   0x00000154   Code   RO         9852    i._printf_core      mc_w.l(printf1.o)
    0x08008900   0x00000020   Code   RO         2367    i.constrain         fun.o
    0x08008920   0x00000014   Code   RO         1353    i.fputc             ios.o
    0x08008934   0x0000001c   Code   RO          497    i.getSchTask        sch.o
    0x08008950   0x0000003c   Code   RO         2368    i.isort             fun.o
    0x0800898c   0x0000009c   Code   RO            4    i.main              main.o
    0x08008a28   0x0000006c   Code   RO        10062    i.malloc            mc_w.l(malloc.o)
    0x08008a94   0x00000038   Code   RO         2369    i.map               fun.o
    0x08008acc   0x00000028   Code   RO          498    i.newSchTask        sch.o
    0x08008af4   0x0000002c   Code   RO         2370    i.sort              fun.o
    0x08008b20   0x000001e6   Data   RO          824    .constdata          cfg.o
    0x08008d06   0x00000002   PAD
    0x08008d08   0x00000058   Data   RO         1904    .constdata          wdg.o
    0x08008d60   0x00000200   Data   RO         2118    .constdata          crc16.o
    0x08008f60   0x00000004   Data   RO         2786    .constdata          msg.o
    0x08008f64   0x00000004   Data   RO         2787    .constdata          msg.o
    0x08008f68   0x00000004   Data   RO         2788    .constdata          msg.o
    0x08008f6c   0x00000004   Data   RO         2789    .constdata          msg.o
    0x08008f70   0x00000004   Data   RO         2790    .constdata          msg.o
    0x08008f74   0x00000004   Data   RO         2798    .constdata          msg.o
    0x08008f78   0x00000004   Data   RO         2804    .constdata          msg.o
    0x08008f7c   0x00000004   Data   RO         2805    .constdata          msg.o
    0x08008f80   0x00000038   Data   RO         3160    .constdata          beep.o
    0x08008fb8   0x00000014   Data   RO         3716    .constdata          mpu6500_drv.o
    0x08008fcc   0x00000020   Data   RO         3915    .constdata          sr04.o
    0x08008fec   0x00000034   Data   RO         4291    .constdata          tty.o
    0x08009020   0x00000020   Data   RO        10189    Region$$Table       anon$$obj.o


    Execution Region RW_IRAM1 (Base: 0x20000000, Size: 0x00002cb8, Max: 0x00030000, ABSOLUTE, COMPRESSED[0x00000078])

    Base Addr    Size         Type   Attr      Idx    E Section Name        Object

    0x20000000   0x00000004   Data   RW            6    .data               main.o
    0x20000004   0x0000000c   Data   RW          499    .data               sch.o
    0x20000010   0x00000008   Data   RW          617    .data               cal.o
    0x20000018   0x000000f3   Data   RW          825    .data               cfg.o
    0x2000010b   0x00000001   PAD
    0x2000010c   0x00000014   Data   RW          912    .data               clk.o
    0x20000120   0x00000004   Data   RW         1297    .data               ini.o
    0x20000124   0x00000008   Data   RW         1354    .data               ios.o
    0x2000012c   0x00000004   Data   RW         1478    .data               odo.o
    0x20000130   0x00000004   Data   RW         1527    .data               pwr.o
    0x20000134   0x0000000c   Data   RW         1642    .data               snd.o
    0x20000140   0x00000008   Data   RW         1692    .data               srs.o
    0x20000148   0x00000004   Data   RW         1857    .data               upl.o
    0x2000014c   0x0000005c   Data   RW         1905    .data               wdg.o
    0x200001a8   0x00000002   Data   RW         1959    .data               wsm.o
    0x200001aa   0x00000010   Data   RW         7552    .data               stm32f4xx_rcc.o
    0x200001ba   0x00000002   PAD
    0x200001bc   0x00000004   Data   RW        10150    .data               mc_w.l(stdout.o)
    0x200001c0   0x00000004   Data   RW        10155    .data               mc_w.l(mvars.o)
    0x200001c4   0x00000004   Data   RW        10156    .data               mc_w.l(mvars.o)
    0x200001c8   0x0000000e   Zero   RW            5    .bss                main.o
    0x200001d6   0x00000002   PAD
    0x200001d8   0x0000001c   Zero   RW          616    .bss                cal.o
    0x200001f4   0x000002cc   Zero   RW          704    .bss                can.o
    0x200004c0   0x0000004c   Zero   RW          960    .bss                cmd.o
    0x2000050c   0x00000238   Zero   RW         1060    .bss                ctl.o
    0x20000744   0x00000016   Zero   RW         1135    .bss                dci.o
    0x2000075a   0x00000002   PAD
    0x2000075c   0x00000278   Zero   RW         1176    .bss                dnl.o
    0x200009d4   0x000000f0   Zero   RW         1246    .bss                hci.o
    0x20000ac4   0x00000014   Zero   RW         1433    .bss                mec.o
    0x20000ad8   0x00000064   Zero   RW         1477    .bss                odo.o
    0x20000b3c   0x000002a0   Zero   RW         1526    .bss                pwr.o
    0x20000ddc   0x00000010   Zero   RW         1585    .bss                rci.o
    0x20000dec   0x00000170   Zero   RW         1691    .bss                srs.o
    0x20000f5c   0x0000025c   Zero   RW         1856    .bss                upl.o
    0x200011b8   0x00000228   Zero   RW         3238    .bss                btm.o
    0x200013e0   0x00000228   Zero   RW         3473    .bss                dbi.o
    0x20001608   0x00000048   Zero   RW         3848    .bss                rcv.o
    0x20001650   0x00000040   Zero   RW         3990    .bss                stm32util.o
    0x20001690   0x00000228   Zero   RW         4290    .bss                tty.o
    0x200018b8   0x00001000   Zero   RW         9745    HEAP                startup_stm32f427xx.o
    0x200028b8   0x00000400   Zero   RW         9744    STACK               startup_stm32f427xx.o


==============================================================================

Image component sizes


      Code (inc. data)   RO Data    RW Data    ZI Data      Debug   Object Name

       228         20          0          0          0       1382   act.o
       108          0          0          0          0       1070   app.o
       108         22         56          0          0       3256   beep.o
        88          4          0          0          0        561   bsp.o
       324         38          0          0        552       2419   btm.o
        12          6          0          0          0        457   btn.o
       560        124          0          8         28       4805   cal.o
       724         62          0          0        716       7074   can.o
       216         24          0          0          0       1681   can1.o
       220         26          0          0          0       1689   can2.o
         8          0          0          0          0       1370   can_srv.o
         6          0          0          0          0        776   cbus.o
      1266         74          0          0          0       2715   cci.o
       332         24        486        243          0       6313   cfg.o
        44          4          0         20          0       1707   clk.o
       328         12          0          0         76       1632   cmd.o
        32          0          0          0          0       1884   com.o
        12          0          0          0          0       1512   com_srv.o
       130          4        512          0          0       2571   crc16.o
       876         92          0          0        568       5480   ctl.o
       392         46          0          0        552       2967   dbi.o
        44          0          0          0          0       1455   dbus.o
       128          8          0          0         22       2220   dci.o
        24          0          0          0          0        619   delay.o
       368         44          0          0        632       3686   dnl.o
       110          6          0          0          0       1978   ekf.o
         4          0          0          0          0        539   ext_srv.o
       224          0          0          0          0       6350   fifo.o
       310         52          0          0          0       2875   flash.o
        32         12          0          0          0       1339   fos.o
       258          0          0          0          0       5564   fun.o
       102          0          0          0          0       1522   hcf.o
       608         58          0          0        240       4293   hci.o
        58          0          0          0          0       1381   hcp.o
       180         28          0          4          0       1703   ini.o
       102         26          0          8          0       3665   ios.o
        44         10          0          0          0        509   key.o
        52         10          0          0          0        515   kos.o
        48          8          0          0          0        513   led.o
       122          6          0          0          0       1990   maf.o
       156         32          0          4         14     378043   main.o
        80         20          0          0         20       1717   mec.o
       298          0          0          0          0       2231   mecanum.o
       122          6          0          0          0       1486   med.o
       120         14          0          0          0       1647   misc.o
       150          0          0          0          0       1738   motor.o
        14          0          0          0          0        501   mpu6500.o
       200          4         20          0          0       2404   mpu6500_drv.o
       172         26          0          0          0       1867   mpu6500_spi.o
       192          0         32          0          0      10875   msg.o
       520         74          0          4        100       3024   odo.o
       326         12          0          0          0       2440   pid.o
        92         10          0          0          0        505   pwm.o
       100         12          0          4        672       1740   pwr.o
       104          0          0          0          0       1546   rcf.o
       494         60          0          0         16       3653   rci.o
       180          0          0          0          0       1935   rcp.o
       264         34          0          0         72       1689   rcv.o
         4          0          0          0          0        794   rcv_srv.o
        66          6          0          0          0       1868   rmp.o
       204         22          0         12          0       3628   sch.o
       104         20          0         12          0       2164   snd.o
        84         10          0          0          0        546   spi5.o
       164         18         32          0          0       3085   sr04.o
       744         56          0          8        368       6396   srs.o
        36          8        428          0       5120        860   startup_stm32f427xx.o
      1108         24          0          0          0       7938   stm32f4xx_can.o
       166          4          0          0          0       5154   stm32f4xx_dma.o
       156         20          0          0          0       2901   stm32f4xx_exti.o
       334         36          0          0          0       5104   stm32f4xx_flash.o
       230          0          0          0          0       4528   stm32f4xx_gpio.o
        16          0          0          0          0       3860   stm32f4xx_it.o
       220         34          0         16          0       5035   stm32f4xx_rcc.o
        76          0          0          0          0       1889   stm32f4xx_spi.o
        48          6          0          0          0        720   stm32f4xx_syscfg.o
       724         60          0          0          0      11772   stm32f4xx_tim.o
       334          8          0          0          0       5834   stm32f4xx_usart.o
     14214        416          0          0         64      38650   stm32util.o
         8          0          0          0          0       1422   sys.o
       300         36          0          0          0       1649   system_stm32f4xx.o
       282         18          0          0          0       4509   tim.o
         6          0          0          0          0        948   tim_srv.o
       792        120         52          0        552       9201   tty.o
       158         14          0          0          0       1150   upd.o
       864        114          0          4        604       3546   upl.o
       200         40         88         92          0       4275   wdg.o
       264         30          0          2          0       2354   wsm.o

    ----------------------------------------------------------------------
     34400       2274       1740        444      10992     656858   Object Totals
         0          0         32          0          0          0   (incl. Generated)
        78          0          2          3          4          0   (incl. Padding)

    ----------------------------------------------------------------------

      Code (inc. data)   RO Data    RW Data    ZI Data      Debug   Library Member Name

        86          0          0          0          0          0   __dczerorl2.o
         0          0          0          0          0          0   entry.o
         0          0          0          0          0          0   entry10a.o
         0          0          0          0          0          0   entry11a.o
         8          4          0          0          0          0   entry2.o
         4          0          0          0          0          0   entry5.o
         0          0          0          0          0          0   entry7b.o
         0          0          0          0          0          0   entry8b.o
         8          4          0          0          0          0   entry9a.o
        30          0          0          0          0          0   handlers.o
        36          8          0          0          0         68   init.o
       108         16          0          0          0         84   malloc.o
        36          0          0          0          0         68   memcpya.o
        36          0          0          0          0        108   memseta.o
         0          0          0          8          0          0   mvars.o
       372         14          0          0          0        184   printf1.o
         0          0          0          4          0          0   stdout.o
        14          0          0          0          0         68   strlen.o
        44          0          0          0          0         80   uidiv.o

    ----------------------------------------------------------------------
       788         46          0         12          0        660   Library Totals
         6          0          0          0          0          0   (incl. Padding)

    ----------------------------------------------------------------------

      Code (inc. data)   RO Data    RW Data    ZI Data      Debug   Library Name

       782         46          0         12          0        660   mc_w.l

    ----------------------------------------------------------------------
       788         46          0         12          0        660   Library Totals

    ----------------------------------------------------------------------

==============================================================================


      Code (inc. data)   RO Data    RW Data    ZI Data      Debug   

     35188       2320       1740        456      10992     625394   Grand Totals
     35188       2320       1740        120      10992     625394   ELF Image Totals (compressed)
     35188       2320       1740        120          0          0   ROM Totals

==============================================================================

    Total RO  Size (Code + RO Data)                36928 (  36.06kB)
    Total RW  Size (RW Data + ZI Data)             11448 (  11.18kB)
    Total ROM Size (Code + RO Data + RW Data)      37048 (  36.18kB)

==============================================================================

