Component: ARM Compiler 5.06 update 1 (build 61) Tool: armlink [4d35a8]

==============================================================================

Section Cross References

    main.o(i.main) refers to bsp.o(i.Bsp_Config) for Bsp_Config
    main.o(i.main) refers to clk.o(i.Clk_GetMsTick) for Clk_GetMsTick
    main.o(i.main) refers to stm32f4xx_gpio.o(i.GPIO_ToggleBits) for GPIO_ToggleBits
    act.o(i.Act_Init) refers to motor.o(i.CM_Cmd) for CM_Cmd
    act.o(i.Act_Init) refers to motor.o(i.GM_Cmd) for GM_Cmd
    act.o(i.Act_Proc) refers to sys.o(i.FS_Get) for FS_Get
    act.o(i.Act_Proc) refers to stm32f4xx_gpio.o(i.GPIO_ResetBits) for GPIO_ResetBits
    act.o(i.Act_Proc) refers to stm32f4xx_gpio.o(i.GPIO_SetBits) for GPIO_SetBits
    act.o(i.Act_Proc) refers to motor.o(i.CM_Cmd) for CM_Cmd
    act.o(i.Act_Proc) refers to ctl.o(.data) for functionalStateCtl
    act.o(i.Act_Proc) refers to ctl.o(.bss) for mecanumCurrentsCtl
    app.o(i.App_Boot) refers to bsp.o(i.Bsp_Config) for Bsp_Config
    app.o(i.App_Boot) refers to app.o(i.App_Init) for App_Init
    app.o(i.App_Boot) refers to tim.o(i.Tim_Start) for Tim_Start
    app.o(i.App_Init) refers to act.o(i.Act_Init) for Act_Init
    app.o(i.App_Init) refers to clk.o(i.Clk_Init) for Clk_Init
    app.o(i.App_Init) refers to cmd.o(i.Cmd_Init) for Cmd_Init
    app.o(i.App_Init) refers to com.o(i.Com_Init) for Com_Init
    app.o(i.App_Init) refers to ctl.o(i.Ctl_Init) for Ctl_Init
    app.o(i.App_Init) refers to odo.o(i.Odo_Init) for Odo_Init
    app.o(i.App_Init) refers to wdg.o(i.Wdg_Init) for Wdg_Init
    app.o(i.App_Proc) refers to wdg.o(i.Wdg_Proc) for Wdg_Proc
    app.o(i.App_Proc) refers to cmd.o(i.Cmd_Proc) for Cmd_Proc
    app.o(i.App_Proc) refers to odo.o(i.Odo_Proc) for Odo_Proc
    app.o(i.App_Proc) refers to ctl.o(i.Ctl_Proc) for Ctl_Proc
    app.o(i.App_Proc) refers to act.o(i.Act_Proc) for Act_Proc
    can.o(i.Can_Init) refers to gdf.o(i.Gdf_Init) for Gdf_Init
    can.o(i.Can_Init) refers to ekf.o(i.Ekf_Init) for Ekf_Init
    can.o(i.Can_Init) refers to est.o(i.Est_Init) for Est_Init
    can.o(i.Can_Init) refers to can.o(.bss) for .bss
    can.o(i.Can_Proc) refers to wdg.o(i.Wdg_Feed) for Wdg_Feed
    can.o(i.Can_Proc) refers to can.o(i.ZGyro_Proc) for ZGyro_Proc
    can.o(i.Can_Proc) refers to can.o(i.Motor_Proc) for Motor_Proc
    can.o(i.Can_Reset) refers to can.o(i.Motor_Reset) for Motor_Reset
    can.o(i.Can_Reset) refers to can.o(.bss) for .bss
    can.o(i.Motor_Proc) refers to est.o(i.Est_Proc) for Est_Proc
    can.o(i.Motor_Proc) refers to can.o(.bss) for .bss
    can.o(i.Motor_Reset) refers to est.o(i.Est_Reset) for Est_Reset
    can.o(i.Motor_Reset) refers to can.o(.bss) for .bss
    can.o(i.ZGyro_Proc) refers to can.o(.bss) for .bss
    can.o(i.ZGyro_Reset) refers to can.o(.bss) for .bss
    cfg.o(i.Cfg_Init) refers to cfg.o(i.Cfg_Load) for Cfg_Load
    cfg.o(i.Cfg_Init) refers to cfg.o(.data) for .data
    cfg.o(i.Cfg_Load) refers to fos.o(i.Fos_Read) for Fos_Read
    cfg.o(i.Cfg_Proc) refers to cfg.o(i.Cfg_Save) for Cfg_Save
    cfg.o(i.Cfg_Proc) refers to cfg.o(.data) for .data
    cfg.o(i.Cfg_Save) refers to fos.o(i.Fos_Write) for Fos_Write
    clk.o(i.Clk_GetMsTick) refers to clk.o(.data) for .data
    clk.o(i.Clk_GetUsTick) refers to clk.o(.data) for .data
    clk.o(i.Clk_Init) refers to clk.o(.data) for .data
    clk.o(i.Clk_Spin) refers to clk.o(.data) for .data
    cmd.o(i.Cmd_Init) refers to dci.o(i.DCI_Init) for DCI_Init
    cmd.o(i.Cmd_Init) refers to sys.o(i.FS_Clr) for FS_Clr
    cmd.o(i.Cmd_Init) refers to sys.o(i.CS_Set) for CS_Set
    cmd.o(i.Cmd_Init) refers to sys.o(i.MS_Set) for MS_Set
    cmd.o(i.Cmd_Init) refers to cmd.o(.data) for .data
    cmd.o(i.Cmd_Init) refers to cmd.o(.bss) for .bss
    cmd.o(i.Cmd_Proc) refers to dci.o(i.DCI_Proc) for DCI_Proc
    cmd.o(i.Cmd_Proc) refers to mec.o(i.Mec_Decomp) for Mec_Decomp
    cmd.o(i.Cmd_Proc) refers to cmd.o(.bss) for .bss
    cmd.o(i.Cmd_Proc) refers to cfg.o(.data) for cfg
    com.o(i.Tty_Proc) refers to wdg.o(i.Wdg_Feed) for Wdg_Feed
    ctl.o(i.ChassisVelocityControl) refers to pid.o(i.PID_Reset) for PID_Reset
    ctl.o(i.ChassisVelocityControl) refers to ramp.o(i.Ramp_Reset) for Ramp_Reset
    ctl.o(i.ChassisVelocityControl) refers to sys.o(i.MS_Set) for MS_Set
    ctl.o(i.ChassisVelocityControl) refers to pid.o(i.PID_Calc) for PID_Calc
    ctl.o(i.ChassisVelocityControl) refers to ramp.o(i.Ramp_Calc) for Ramp_Calc
    ctl.o(i.ChassisVelocityControl) refers to ctl.o(.data) for .data
    ctl.o(i.ChassisVelocityControl) refers to ctl.o(.bss) for .bss
    ctl.o(i.ChassisVelocityControl) refers to odo.o(.bss) for mecanumVelocityFdb
    ctl.o(i.ChassisVelocityControl) refers to cmd.o(.bss) for mecanumVelocityRef
    ctl.o(i.Ctl_Init) refers to sys.o(i.FS_Clr) for FS_Clr
    ctl.o(i.Ctl_Init) refers to sys.o(i.MS_Set) for MS_Set
    ctl.o(i.Ctl_Init) refers to pid.o(i.PID_Reset) for PID_Reset
    ctl.o(i.Ctl_Init) refers to ramp.o(i.Ramp_Reset) for Ramp_Reset
[...]
    ..\..\asp\src\crc16.c                    0x00000000   Number         0  crc16.o ABSOLUTE
    ..\..\asp\src\dbus.c                     0x00000000   Number         0  dbus.o ABSOLUTE
    ..\..\asp\src\ekf.c                      0x00000000   Number         0  ekf.o ABSOLUTE
    ..\..\asp\src\est.c                      0x00000000   Number         0  est.o ABSOLUTE
    ..\..\asp\src\fifo.c                     0x00000000   Number         0  fifo.o ABSOLUTE
    ..\..\asp\src\gdf.c                      0x00000000   Number         0  gdf.o ABSOLUTE
    ..\..\asp\src\hcp.c                      0x00000000   Number         0  hcp.o ABSOLUTE
    ..\..\asp\src\mafilter.c                 0x00000000   Number         0  mafilter.o ABSOLUTE
    ..\..\asp\src\mecanum.c                  0x00000000   Number         0  mecanum.o ABSOLUTE
    ..\..\asp\src\pid.c                      0x00000000   Number         0  pid.o ABSOLUTE
    ..\..\asp\src\ramp.c                     0x00000000   Number         0  ramp.o ABSOLUTE
    ..\..\asp\src\rcp.c                      0x00000000   Number         0  rcp.o ABSOLUTE
    ..\..\asp\src\stack.c                    0x00000000   Number         0  stack.o ABSOLUTE
    ..\..\bsp\src\bsp.c                      0x00000000   Number         0  bsp.o ABSOLUTE
    ..\..\bsp\src\btm.c                      0x00000000   Number         0  btm.o ABSOLUTE
    ..\..\bsp\src\btn.c                      0x00000000   Number         0  btn.o ABSOLUTE
    ..\..\bsp\src\can1.c                     0x00000000   Number         0  can1.o ABSOLUTE
    ..\..\bsp\src\can2.c                     0x00000000   Number         0  can2.o ABSOLUTE
    ..\..\bsp\src\delay.c                    0x00000000   Number         0  delay.o ABSOLUTE
    ..\..\bsp\src\flash.c                    0x00000000   Number         0  flash.o ABSOLUTE
    ..\..\bsp\src\led.c                      0x00000000   Number         0  led.o ABSOLUTE
    ..\..\bsp\src\motor.c                    0x00000000   Number         0  motor.o ABSOLUTE
    ..\..\bsp\src\rcv.c                      0x00000000   Number         0  rcv.o ABSOLUTE
    ..\..\bsp\src\retarget.c                 0x00000000   Number         0  retarget.o ABSOLUTE
    ..\..\bsp\src\stm32util.c                0x00000000   Number         0  stm32util.o ABSOLUTE
    ..\..\bsp\src\tim.c                      0x00000000   Number         0  tim.o ABSOLUTE
    ..\..\bsp\src\tty.c                      0x00000000   Number         0  tty.o ABSOLUTE
    ..\..\srv\src\btm_srv.c                  0x00000000   Number         0  btm_srv.o ABSOLUTE
    ..\..\srv\src\can_srv.c                  0x00000000   Number         0  can_srv.o ABSOLUTE
    ..\..\srv\src\ext_srv.c                  0x00000000   Number         0  ext_srv.o ABSOLUTE
    ..\..\srv\src\rcv_srv.c                  0x00000000   Number         0  rcv_srv.o ABSOLUTE
    ..\..\srv\src\srv.c                      0x00000000   Number         0  srv.o ABSOLUTE
    ..\..\srv\src\tim_srv.c                  0x00000000   Number         0  tim_srv.o ABSOLUTE
    ..\..\srv\src\tty_srv.c                  0x00000000   Number         0  tty_srv.o ABSOLUTE
    ..\..\stl\StdPeriph_Driver\src\misc.c    0x00000000   Number         0  misc.o ABSOLUTE
    ..\..\stl\StdPeriph_Driver\src\stm32f4xx_adc.c 0x00000000   Number         0  stm32f4xx_adc.o ABSOLUTE
    ..\..\stl\StdPeriph_Driver\src\stm32f4xx_can.c 0x00000000   Number         0  stm32f4xx_can.o ABSOLUTE
    ..\..\stl\StdPeriph_Driver\src\stm32f4xx_cec.c 0x00000000   Number         0  stm32f4xx_cec.o ABSOLUTE
    ..\..\stl\StdPeriph_Driver\src\stm32f4xx_crc.c 0x00000000   Number         0  stm32f4xx_crc.o ABSOLUTE
    ..\..\stl\StdPeriph_Driver\src\stm32f4xx_cryp.c 0x00000000   Number         0  stm32f4xx_cryp.o ABSOLUTE
    ..\..\stl\StdPeriph_Driver\src\stm32f4xx_cryp_aes.c 0x00000000   Number         0  stm32f4xx_cryp_aes.o ABSOLUTE
    ..\..\stl\StdPeriph_Driver\src\stm32f4xx_cryp_des.c 0x00000000   Number         0  stm32f4xx_cryp_des.o ABSOLUTE
    ..\..\stl\StdPeriph_Driver\src\stm32f4xx_cryp_tdes.c 0x00000000   Number         0  stm32f4xx_cryp_tdes.o ABSOLUTE
    ..\..\stl\StdPeriph_Driver\src\stm32f4xx_dac.c 0x00000000   Number         0  stm32f4xx_dac.o ABSOLUTE
    ..\..\stl\StdPeriph_Driver\src\stm32f4xx_dbgmcu.c 0x00000000   Number         0  stm32f4xx_dbgmcu.o ABSOLUTE
    ..\..\stl\StdPeriph_Driver\src\stm32f4xx_dcmi.c 0x00000000   Number         0  stm32f4xx_dcmi.o ABSOLUTE
    ..\..\stl\StdPeriph_Driver\src\stm32f4xx_dfsdm.c 0x00000000   Number         0  stm32f4xx_dfsdm.o ABSOLUTE
    ..\..\stl\StdPeriph_Driver\src\stm32f4xx_dma.c 0x00000000   Number         0  stm32f4xx_dma.o ABSOLUTE
    ..\..\stl\StdPeriph_Driver\src\stm32f4xx_dma2d.c 0x00000000   Number         0  stm32f4xx_dma2d.o ABSOLUTE
    ..\..\stl\StdPeriph_Driver\src\stm32f4xx_dsi.c 0x00000000   Number         0  stm32f4xx_dsi.o ABSOLUTE
    ..\..\stl\StdPeriph_Driver\src\stm32f4xx_exti.c 0x00000000   Number         0  stm32f4xx_exti.o ABSOLUTE
    ..\..\stl\StdPeriph_Driver\src\stm32f4xx_flash.c 0x00000000   Number         0  stm32f4xx_flash.o ABSOLUTE
    ..\..\stl\StdPeriph_Driver\src\stm32f4xx_flash_ramfunc.c 0x00000000   Number         0  stm32f4xx_flash_ramfunc.o ABSOLUTE
    ..\..\stl\StdPeriph_Driver\src\stm32f4xx_fmc.c 0x00000000   Number         0  stm32f4xx_fmc.o ABSOLUTE
    ..\..\stl\StdPeriph_Driver\src\stm32f4xx_fmip2c.c 0x00000000   Number         0  stm32f4xx_fmip2c.o ABSOLUTE
    ..\..\stl\StdPeriph_Driver\src\stm32f4xx_fsmc.c 0x00000000   Number         0  stm32f4xx_fsmc.o ABSOLUTE
    ..\..\stl\StdPeriph_Driver\src\stm32f4xx_gpio.c 0x00000000   Number         0  stm32f4xx_gpio.o ABSOLUTE
    ..\..\stl\StdPeriph_Driver\src\stm32f4xx_hash.c 0x00000000   Number         0  stm32f4xx_hash.o ABSOLUTE
    ..\..\stl\StdPeriph_Driver\src\stm32f4xx_hash_md5.c 0x00000000   Number         0  stm32f4xx_hash_md5.o ABSOLUTE
    ..\..\stl\StdPeriph_Driver\src\stm32f4xx_hash_sha1.c 0x00000000   Number         0  stm32f4xx_hash_sha1.o ABSOLUTE
    ..\..\stl\StdPeriph_Driver\src\stm32f4xx_i2c.c 0x00000000   Number         0  stm32f4xx_i2c.o ABSOLUTE
    ..\..\stl\StdPeriph_Driver\src\stm32f4xx_iwdg.c 0x00000000   Number         0  stm32f4xx_iwdg.o ABSOLUTE
    ..\..\stl\StdPeriph_Driver\src\stm32f4xx_lptim.c 0x00000000   Number         0  stm32f4xx_lptim.o ABSOLUTE
    ..\..\stl\StdPeriph_Driver\src\stm32f4xx_ltdc.c 0x00000000   Number         0  stm32f4xx_ltdc.o ABSOLUTE
    ..\..\stl\StdPeriph_Driver\src\stm32f4xx_pwr.c 0x00000000   Number         0  stm32f4xx_pwr.o ABSOLUTE
    ..\..\stl\StdPeriph_Driver\src\stm32f4xx_qspi.c 0x00000000   Number         0  stm32f4xx_qspi.o ABSOLUTE
    ..\..\stl\StdPeriph_Driver\src\stm32f4xx_rcc.c 0x00000000   Number         0  stm32f4xx_rcc.o ABSOLUTE
    ..\..\stl\StdPeriph_Driver\src\stm32f4xx_rng.c 0x00000000   Number         0  stm32f4xx_rng.o ABSOLUTE
    ..\..\stl\StdPeriph_Driver\src\stm32f4xx_rtc.c 0x00000000   Number         0  stm32f4xx_rtc.o ABSOLUTE
    ..\..\stl\StdPeriph_Driver\src\stm32f4xx_sai.c 0x00000000   Number         0  stm32f4xx_sai.o ABSOLUTE
    ..\..\stl\StdPeriph_Driver\src\stm32f4xx_sdio.c 0x00000000   Number         0  stm32f4xx_sdio.o ABSOLUTE
    ..\..\stl\StdPeriph_Driver\src\stm32f4xx_spdifrx.c 0x00000000   Number         0  stm32f4xx_spdifrx.o ABSOLUTE
    ..\..\stl\StdPeriph_Driver\src\stm32f4xx_spi.c 0x00000000   Number         0  stm32f4xx_spi.o ABSOLUTE
    ..\..\stl\StdPeriph_Driver\src\stm32f4xx_syscfg.c 0x00000000   Number         0  stm32f4xx_syscfg.o ABSOLUTE
    ..\..\stl\StdPeriph_Driver\src\stm32f4xx_tim.c 0x00000000   Number         0  stm32f4xx_tim.o ABSOLUTE
    ..\..\stl\StdPeriph_Driver\src\stm32f4xx_usart.c 0x00000000   Number         0  stm32f4xx_usart.o ABSOLUTE
    ..\..\stl\StdPeriph_Driver\src\stm32f4xx_wwdg.c 0x00000000   Number         0  stm32f4xx_wwdg.o ABSOLUTE
    ..\..\stl\src\system_stm32f4xx.c         0x00000000   Number         0  system_stm32f4xx.o ABSOLUTE
    ..\..\usr\src\main.c                     0x00000000   Number         0  main.o ABSOLUTE
    ..\\..\\app\\src\\act.c                  0x00000000   Number         0  act.o ABSOLUTE
    ..\\..\\app\\src\\app.c                  0x00000000   Number         0  app.o ABSOLUTE
    ..\\..\\app\\src\\cfg.c                  0x00000000   Number         0  cfg.o ABSOLUTE
    ..\\..\\app\\src\\cmd.c                  0x00000000   Number         0  cmd.o ABSOLUTE
    ..\\..\\app\\src\\com.c                  0x00000000   Number         0  com.o ABSOLUTE
    ..\\..\\app\\src\\ctl.c                  0x00000000   Number         0  ctl.o ABSOLUTE
    ..\\..\\app\\src\\dci.c                  0x00000000   Number         0  dci.o ABSOLUTE
    ..\\..\\app\\src\\fos.c                  0x00000000   Number         0  fos.o ABSOLUTE
    ..\\..\\app\\src\\hci.c                  0x00000000   Number         0  hci.o ABSOLUTE
    ..\\..\\app\\src\\odo.c                  0x00000000   Number         0  odo.o ABSOLUTE
    ..\\..\\app\\src\\rci.c                  0x00000000   Number         0  rci.o ABSOLUTE
    ..\\..\\bsp\\src\\bsp.c                  0x00000000   Number         0  bsp.o ABSOLUTE
    ..\\..\\bsp\\src\\btm.c                  0x00000000   Number         0  btm.o ABSOLUTE
    ..\\..\\bsp\\src\\btn.c                  0x00000000   Number         0  btn.o ABSOLUTE
    ..\\..\\bsp\\src\\can1.c                 0x00000000   Number         0  can1.o ABSOLUTE
    ..\\..\\bsp\\src\\can2.c                 0x00000000   Number         0  can2.o ABSOLUTE
    ..\\..\\bsp\\src\\flash.c                0x00000000   Number         0  flash.o ABSOLUTE
    ..\\..\\bsp\\src\\led.c                  0x00000000   Number         0  led.o ABSOLUTE
    ..\\..\\bsp\\src\\motor.c                0x00000000   Number         0  motor.o ABSOLUTE
    ..\\..\\bsp\\src\\rcv.c                  0x00000000   Number         0  rcv.o ABSOLUTE
    ..\\..\\bsp\\src\\stm32util.c            0x00000000   Number         0  stm32util.o ABSOLUTE
    ..\\..\\bsp\\src\\tim.c                  0x00000000   Number         0  tim.o ABSOLUTE
    ..\\..\\bsp\\src\\tty.c                  0x00000000   Number         0  tty.o ABSOLUTE
    ..\\..\\srv\\src\\btm_srv.c              0x00000000   Number         0  btm_srv.o ABSOLUTE
    ..\\..\\srv\\src\\ext_srv.c              0x00000000   Number         0  ext_srv.o ABSOLUTE
    ..\\..\\srv\\src\\rcv_srv.c              0x00000000   Number         0  rcv_srv.o ABSOLUTE
    ..\\..\\srv\\src\\srv.c                  0x00000000   Number         0  srv.o ABSOLUTE
    ..\\..\\srv\\src\\tty_srv.c              0x00000000   Number         0  tty_srv.o ABSOLUTE
    ..\\..\\stl\\StdPeriph_Driver\\src\\misc.c 0x00000000   Number         0  misc.o ABSOLUTE
    ..\\..\\stl\\StdPeriph_Driver\\src\\stm32f4xx_adc.c 0x00000000   Number         0  stm32f4xx_adc.o ABSOLUTE
    ..\\..\\stl\\StdPeriph_Driver\\src\\stm32f4xx_can.c 0x00000000   Number         0  stm32f4xx_can.o ABSOLUTE
    ..\\..\\stl\\StdPeriph_Driver\\src\\stm32f4xx_cec.c 0x00000000   Number         0  stm32f4xx_cec.o ABSOLUTE
    ..\\..\\stl\\StdPeriph_Driver\\src\\stm32f4xx_crc.c 0x00000000   Number         0  stm32f4xx_crc.o ABSOLUTE
    ..\\..\\stl\\StdPeriph_Driver\\src\\stm32f4xx_cryp.c 0x00000000   Number         0  stm32f4xx_cryp.o ABSOLUTE
    ..\\..\\stl\\StdPeriph_Driver\\src\\stm32f4xx_cryp_aes.c 0x00000000   Number         0  stm32f4xx_cryp_aes.o ABSOLUTE
    ..\\..\\stl\\StdPeriph_Driver\\src\\stm32f4xx_cryp_des.c 0x00000000   Number         0  stm32f4xx_cryp_des.o ABSOLUTE
    ..\\..\\stl\\StdPeriph_Driver\\src\\stm32f4xx_cryp_tdes.c 0x00000000   Number         0  stm32f4xx_cryp_tdes.o ABSOLUTE
    ..\\..\\stl\\StdPeriph_Driver\\src\\stm32f4xx_dac.c 0x00000000   Number         0  stm32f4xx_dac.o ABSOLUTE
    ..\\..\\stl\\StdPeriph_Driver\\src\\stm32f4xx_dbgmcu.c 0x00000000   Number         0  stm32f4xx_dbgmcu.o ABSOLUTE
    ..\\..\\stl\\StdPeriph_Driver\\src\\stm32f4xx_dcmi.c 0x00000000   Number         0  stm32f4xx_dcmi.o ABSOLUTE
    ..\\..\\stl\\StdPeriph_Driver\\src\\stm32f4xx_dfsdm.c 0x00000000   Number         0  stm32f4xx_dfsdm.o ABSOLUTE
    ..\\..\\stl\\StdPeriph_Driver\\src\\stm32f4xx_dma.c 0x00000000   Number         0  stm32f4xx_dma.o ABSOLUTE
    ..\\..\\stl\\StdPeriph_Driver\\src\\stm32f4xx_dma2d.c 0x00000000   Number         0  stm32f4xx_dma2d.o ABSOLUTE
    ..\\..\\stl\\StdPeriph_Driver\\src\\stm32f4xx_dsi.c 0x00000000   Number         0  stm32f4xx_dsi.o ABSOLUTE
    ..\\..\\stl\\StdPeriph_Driver\\src\\stm32f4xx_exti.c 0x00000000   Number         0  stm32f4xx_exti.o ABSOLUTE
    ..\\..\\stl\\StdPeriph_Driver\\src\\stm32f4xx_flash.c 0x00000000   Number         0  stm32f4xx_flash.o ABSOLUTE
    ..\\..\\stl\\StdPeriph_Driver\\src\\stm32f4xx_flash_ramfunc.c 0x00000000   Number         0  stm32f4xx_flash_ramfunc.o ABSOLUTE
    ..\\..\\stl\\StdPeriph_Driver\\src\\stm32f4xx_fmc.c 0x00000000   Number         0  stm32f4xx_fmc.o ABSOLUTE
    ..\\..\\stl\\StdPeriph_Driver\\src\\stm32f4xx_fmip2c.c 0x00000000   Number         0  stm32f4xx_fmip2c.o ABSOLUTE
    ..\\..\\stl\\StdPeriph_Driver\\src\\stm32f4xx_fsmc.c 0x00000000   Number         0  stm32f4xx_fsmc.o ABSOLUTE
    ..\\..\\stl\\StdPeriph_Driver\\src\\stm32f4xx_gpio.c 0x00000000   Number         0  stm32f4xx_gpio.o ABSOLUTE
    ..\\..\\stl\\StdPeriph_Driver\\src\\stm32f4xx_hash.c 0x00000000   Number         0  stm32f4xx_hash.o ABSOLUTE
    ..\\..\\stl\\StdPeriph_Driver\\src\\stm32f4xx_hash_md5.c 0x00000000   Number         0  stm32f4xx_hash_md5.o ABSOLUTE
    ..\\..\\stl\\StdPeriph_Driver\\src\\stm32f4xx_hash_sha1.c 0x00000000   Number         0  stm32f4xx_hash_sha1.o ABSOLUTE
    ..\\..\\stl\\StdPeriph_Driver\\src\\stm32f4xx_i2c.c 0x00000000   Number         0  stm32f4xx_i2c.o ABSOLUTE
    ..\\..\\stl\\StdPeriph_Driver\\src\\stm32f4xx_iwdg.c 0x00000000   Number         0  stm32f4xx_iwdg.o ABSOLUTE
    ..\\..\\stl\\StdPeriph_Driver\\src\\stm32f4xx_lptim.c 0x00000000   Number         0  stm32f4xx_lptim.o ABSOLUTE
    ..\\..\\stl\\StdPeriph_Driver\\src\\stm32f4xx_ltdc.c 0x00000000   Number         0  stm32f4xx_ltdc.o ABSOLUTE
    ..\\..\\stl\\StdPeriph_Driver\\src\\stm32f4xx_pwr.c 0x00000000   Number         0  stm32f4xx_pwr.o ABSOLUTE
    ..\\..\\stl\\StdPeriph_Driver\\src\\stm32f4xx_qspi.c 0x00000000   Number         0  stm32f4xx_qspi.o ABSOLUTE
    ..\\..\\stl\\StdPeriph_Driver\\src\\stm32f4xx_rcc.c 0x00000000   Number         0  stm32f4xx_rcc.o ABSOLUTE
    ..\\..\\stl\\StdPeriph_Driver\\src\\stm32f4xx_rng.c 0x00000000   Number         0  stm32f4xx_rng.o ABSOLUTE
    ..\\..\\stl\\StdPeriph_Driver\\src\\stm32f4xx_rtc.c 0x00000000   Number         0  stm32f4xx_rtc.o ABSOLUTE
    ..\\..\\stl\\StdPeriph_Driver\\src\\stm32f4xx_sai.c 0x00000000   Number         0  stm32f4xx_sai.o ABSOLUTE
    ..\\..\\stl\\StdPeriph_Driver\\src\\stm32f4xx_sdio.c 0x00000000   Number         0  stm32f4xx_sdio.o ABSOLUTE
    ..\\..\\stl\\StdPeriph_Driver\\src\\stm32f4xx_spdifrx.c 0x00000000   Number         0  stm32f4xx_spdifrx.o ABSOLUTE
    ..\\..\\stl\\StdPeriph_Driver\\src\\stm32f4xx_spi.c 0x00000000   Number         0  stm32f4xx_spi.o ABSOLUTE
    ..\\..\\stl\\StdPeriph_Driver\\src\\stm32f4xx_syscfg.c 0x00000000   Number         0  stm32f4xx_syscfg.o ABSOLUTE
    ..\\..\\stl\\StdPeriph_Driver\\src\\stm32f4xx_tim.c 0x00000000   Number         0  stm32f4xx_tim.o ABSOLUTE
    ..\\..\\stl\\StdPeriph_Driver\\src\\stm32f4xx_usart.c 0x00000000   Number         0  stm32f4xx_usart.o ABSOLUTE
    ..\\..\\stl\\StdPeriph_Driver\\src\\stm32f4xx_wwdg.c 0x00000000   Number         0  stm32f4xx_wwdg.o ABSOLUTE
    ..\\..\\stl\\src\\arm\\startup_stm32f427xx.s 0x00000000   Number         0  startup_stm32f427xx.o ABSOLUTE
    ..\\..\\stl\\src\\system_stm32f4xx.c     0x00000000   Number         0  system_stm32f4xx.o ABSOLUTE
    ..\\..\\usr\\src\\main.c                 0x00000000   Number         0  main.o ABSOLUTE
    dc.s                                     0x00000000   Number         0  dc.o ABSOLUTE
    RESET                                    0x08000000   Section      428  startup_stm32f427xx.o(RESET)
    !!!main                                  0x080001ac   Section        8  __main.o(!!!main)
    !!!scatter                               0x080001b4   Section       52  __scatter.o(!!!scatter)
    !!handler_copy                           0x080001e8   Section       26  __scatter_copy.o(!!handler_copy)
    !!handler_zi                             0x08000204   Section       28  __scatter_zi.o(!!handler_zi)
    .ARM.Collect$$libinit$$00000000          0x08000220   Section        2  libinit.o(.ARM.Collect$$libinit$$00000000)
    .ARM.Collect$$libinit$$00000001          0x08000222   Section        4  libinit2.o(.ARM.Collect$$libinit$$00000001)
    .ARM.Collect$$libinit$$00000004          0x08000226   Section        0  libinit2.o(.ARM.Collect$$libinit$$00000004)
    .ARM.Collect$$libinit$$0000000A          0x08000226   Section        0  libinit2.o(.ARM.Collect$$libinit$$0000000A)
    .ARM.Collect$$libinit$$0000000C          0x08000226   Section        0  libinit2.o(.ARM.Collect$$libinit$$0000000C)
    .ARM.Collect$$libinit$$0000000E          0x08000226   Section        0  libinit2.o(.ARM.Collect$$libinit$$0000000E)
    .ARM.Collect$$libinit$$00000011          0x08000226   Section        0  libinit2.o(.ARM.Collect$$libinit$$00000011)
    .ARM.Collect$$libinit$$00000013          0x08000226   Section        0  libinit2.o(.ARM.Collect$$libinit$$00000013)
    .ARM.Collect$$libinit$$00000015          0x08000226   Section        0  libinit2.o(.ARM.Collect$$libinit$$00000015)
    .ARM.Collect$$libinit$$00000017          0x08000226   Section        0  libinit2.o(.ARM.Collect$$libinit$$00000017)
    .ARM.Collect$$libinit$$00000019          0x08000226   Section        0  libinit2.o(.ARM.Collect$$libinit$$00000019)
    .ARM.Collect$$libinit$$0000001B          0x08000226   Section        0  libinit2.o(.ARM.Collect$$libinit$$0000001B)
    .ARM.Collect$$libinit$$0000001D          0x08000226   Section        0  libinit2.o(.ARM.Collect$$libinit$$0000001D)
    .ARM.Collect$$libinit$$0000001F          0x08000226   Section        0  libinit2.o(.ARM.Collect$$libinit$$0000001F)
    .ARM.Collect$$libinit$$00000021          0x08000226   Section        0  libinit2.o(.ARM.Collect$$libinit$$00000021)
    .ARM.Collect$$libinit$$00000023          0x08000226   Section        0  libinit2.o(.ARM.Collect$$libinit$$00000023)
    .ARM.Collect$$libinit$$00000025          0x08000226   Section        0  libinit2.o(.ARM.Collect$$libinit$$00000025)
    .ARM.Collect$$libinit$$0000002C          0x08000226   Section        0  libinit2.o(.ARM.Collect$$libinit$$0000002C)
    .ARM.Collect$$libinit$$0000002E          0x08000226   Section        0  libinit2.o(.ARM.Collect$$libinit$$0000002E)
    .ARM.Collect$$libinit$$00000030          0x08000226   Section        0  libinit2.o(.ARM.Collect$$libinit$$00000030)
    .ARM.Collect$$libinit$$00000032          0x08000226   Section        0  libinit2.o(.ARM.Collect$$libinit$$00000032)
    .ARM.Collect$$libinit$$00000033          0x08000226   Section        2  libinit2.o(.ARM.Collect$$libinit$$00000033)
    .ARM.Collect$$libshutdown$$00000000      0x08000228   Section        2  libshutdown.o(.ARM.Collect$$libshutdown$$00000000)
    .ARM.Collect$$libshutdown$$00000002      0x0800022a   Section        0  libshutdown2.o(.ARM.Collect$$libshutdown$$00000002)
    .ARM.Collect$$libshutdown$$00000004      0x0800022a   Section        0  libshutdown2.o(.ARM.Collect$$libshutdown$$00000004)
    .ARM.Collect$$libshutdown$$00000007      0x0800022a   Section        0  libshutdown2.o(.ARM.Collect$$libshutdown$$00000007)
    .ARM.Collect$$libshutdown$$0000000A      0x0800022a   Section        0  libshutdown2.o(.ARM.Collect$$libshutdown$$0000000A)
    .ARM.Collect$$libshutdown$$0000000C      0x0800022a   Section        0  libshutdown2.o(.ARM.Collect$$libshutdown$$0000000C)
    .ARM.Collect$$libshutdown$$0000000F      0x0800022a   Section        0  libshutdown2.o(.ARM.Collect$$libshutdown$$0000000F)
    .ARM.Collect$$libshutdown$$00000010      0x0800022a   Section        2  libshutdown2.o(.ARM.Collect$$libshutdown$$00000010)
    .ARM.Collect$$rtentry$$00000000          0x0800022c   Section        0  __rtentry.o(.ARM.Collect$$rtentry$$00000000)
    .ARM.Collect$$rtentry$$00000002          0x0800022c   Section        0  __rtentry2.o(.ARM.Collect$$rtentry$$00000002)
    .ARM.Collect$$rtentry$$00000004          0x0800022c   Section        6  __rtentry4.o(.ARM.Collect$$rtentry$$00000004)
    .ARM.Collect$$rtentry$$00000009          0x08000232   Section        0  __rtentry2.o(.ARM.Collect$$rtentry$$00000009)
    .ARM.Collect$$rtentry$$0000000A          0x08000232   Section        4  __rtentry2.o(.ARM.Collect$$rtentry$$0000000A)
    .ARM.Collect$$rtentry$$0000000C          0x08000236   Section        0  __rtentry2.o(.ARM.Collect$$rtentry$$0000000C)
    .ARM.Collect$$rtentry$$0000000D          0x08000236   Section        8  __rtentry2.o(.ARM.Collect$$rtentry$$0000000D)
    .ARM.Collect$$rtexit$$00000000           0x0800023e   Section        2  rtexit.o(.ARM.Collect$$rtexit$$00000000)
    .ARM.Collect$$rtexit$$00000002           0x08000240   Section        0  rtexit2.o(.ARM.Collect$$rtexit$$00000002)
    .ARM.Collect$$rtexit$$00000003           0x08000240   Section        4  rtexit2.o(.ARM.Collect$$rtexit$$00000003)
    .ARM.Collect$$rtexit$$00000004           0x08000244   Section        6  rtexit2.o(.ARM.Collect$$rtexit$$00000004)
    .text                                    0x0800024c   Section       64  startup_stm32f427xx.o(.text)
    $v0                                      0x0800024c   Number         0  startup_stm32f427xx.o(.text)
    .text                                    0x0800028c   Section        0  strlen.o(.text)
    .text                                    0x080002ca   Section       68  rt_memclr.o(.text)
    .text                                    0x0800030e   Section       78  rt_memclr_w.o(.text)
    .text                                    0x0800035c   Section        0  heapauxi.o(.text)
    .text                                    0x08000364   Section        8  libspace.o(.text)
    .text                                    0x0800036c   Section        2  use_no_semi.o(.text)
    .text                                    0x0800036e   Section        0  indicate_semi.o(.text)
    .text                                    0x0800036e   Section       74  sys_stackheap_outer.o(.text)
    .text                                    0x080003b8   Section        0  exit.o(.text)
    .text                                    0x080003cc   Section        0  sys_exit.o(.text)
    i.Bsp_Config                             0x080003d8   Section        0  bsp.o(i.Bsp_Config)
    i.BtmRxCallback                          0x08000438   Section        0  btm_srv.o(i.BtmRxCallback)
    i.Btm_Config                             0x08000444   Section        0  btm.o(i.Btm_Config)
    i.Btm_Print                              0x080004b4   Section        0  btm.o(i.Btm_Print)
    i.Btm_Write                              0x080004c8   Section        0  btm.o(i.Btm_Write)
    i.Btm_WriteByte                          0x080004e4   Section        0  btm.o(i.Btm_WriteByte)
    i.BtnCallback                            0x08000510   Section        0  ext_srv.o(i.BtnCallback)
    i.Btn_Config                             0x08000514   Section        0  btn.o(i.Btn_Config)
    i.CAN1_RX0_IRQHandler                    0x08000530   Section        0  can1.o(i.CAN1_RX0_IRQHandler)
    i.CAN1_TX_IRQHandler                     0x08000574   Section        0  can1.o(i.CAN1_TX_IRQHandler)
    i.CAN2_RX0_IRQHandler                    0x08000598   Section        0  can2.o(i.CAN2_RX0_IRQHandler)
    i.CAN2_TX_IRQHandler                     0x080005dc   Section        0  can2.o(i.CAN2_TX_IRQHandler)
    i.CAN_ClearFlag                          0x08000600   Section        0  stm32f4xx_can.o(i.CAN_ClearFlag)
    i.CAN_ClearITPendingBit                  0x08000630   Section        0  stm32f4xx_can.o(i.CAN_ClearITPendingBit)
    i.CAN_Config                             0x080006a8   Section        0  stm32util.o(i.CAN_Config)
    i.CAN_FilterInit                         0x08000714   Section        0  stm32f4xx_can.o(i.CAN_FilterInit)
    i.CAN_Filter_Config                      0x080007e0   Section        0  stm32util.o(i.CAN_Filter_Config)
    i.CAN_GetITStatus                        0x08000818   Section        0  stm32f4xx_can.o(i.CAN_GetITStatus)
    i.CAN_ITConfig                           0x080008c0   Section        0  stm32f4xx_can.o(i.CAN_ITConfig)
    i.CAN_Init                               0x080008d0   Section        0  stm32f4xx_can.o(i.CAN_Init)
    i.CAN_Receive                            0x080009b8   Section        0  stm32f4xx_can.o(i.CAN_Receive)
    i.Can1RxCallback                         0x08000a48   Section        0  can_srv.o(i.Can1RxCallback)
    i.Can1_Config                            0x08000a4c   Section        0  can1.o(i.Can1_Config)
    i.Can2RxCallback                         0x08000abc   Section        0  can_srv.o(i.Can2RxCallback)
    i.Can2_Config                            0x08000ac0   Section        0  can2.o(i.Can2_Config)
    i.Can_Proc                               0x08000b30   Section        0  can.o(i.Can_Proc)
    i.CheckITStatus                          0x08000bbe   Section        0  stm32f4xx_can.o(i.CheckITStatus)
    CheckITStatus                            0x08000bbf   Thumb Code    12  stm32f4xx_can.o(i.CheckITStatus)
    i.Clk_GetMsTick                          0x08000bcc   Section        0  clk.o(i.Clk_GetMsTick)
    i.Clk_Spin                               0x08000bd8   Section        0  clk.o(i.Clk_Spin)
    i.DMA_Cmd                                0x08000bfc   Section        0  stm32f4xx_dma.o(i.DMA_Cmd)
    i.DMA_Config                             0x08000c10   Section        0  stm32util.o(i.DMA_Config)
    i.DMA_DoubleBufferModeCmd                0x08000c80   Section        0  stm32f4xx_dma.o(i.DMA_DoubleBufferModeCmd)
    i.DMA_DoubleBufferModeConfig             0x08000c94   Section        0  stm32f4xx_dma.o(i.DMA_DoubleBufferModeConfig)
    i.DMA_GetCurrDataCounter                 0x08000caa   Section        0  stm32f4xx_dma.o(i.DMA_GetCurrDataCounter)
    i.DMA_GetCurrentMemoryTarget             0x08000cb0   Section        0  stm32f4xx_dma.o(i.DMA_GetCurrentMemoryTarget)
    i.DMA_Init                               0x08000cc0   Section        0  stm32f4xx_dma.o(i.DMA_Init)
    i.EXTI15_10_IRQHandler                   0x08000d14   Section        0  btn.o(i.EXTI15_10_IRQHandler)
    i.EXTI_Bind                              0x08000d34   Section        0  stm32util.o(i.EXTI_Bind)
    i.EXTI_ClearITPendingBit                 0x08000df8   Section        0  stm32f4xx_exti.o(i.EXTI_ClearITPendingBit)
    i.EXTI_Config                            0x08000e04   Section        0  stm32util.o(i.EXTI_Config)
    i.EXTI_GetITStatus                       0x08000e2c   Section        0  stm32f4xx_exti.o(i.EXTI_GetITStatus)
    i.EXTI_Init                              0x08000e40   Section        0  stm32f4xx_exti.o(i.EXTI_Init)
    i.Ekf_Proc                               0x08000eb0   Section        0  ekf.o(i.Ekf_Proc)
    i.Ekf_SetD                               0x08000efa   Section        0  ekf.o(i.Ekf_SetD)
    i.Ekf_SetE                               0x08000f00   Section        0  ekf.o(i.Ekf_SetE)
    i.Ekf_SetR                               0x08000f06   Section        0  ekf.o(i.Ekf_SetR)
    i.Est_Proc                               0x08000f0c   Section        0  est.o(i.Est_Proc)
    i.FIFO_Flush                             0x08000f88   Section        0  fifo.o(i.FIFO_Flush)
    i.FIFO_Init                              0x08000f9e   Section        0  fifo.o(i.FIFO_Init)
    i.FIFO_IsEmpty                           0x08000fa6   Section        0  fifo.o(i.FIFO_IsEmpty)
    i.FIFO_IsFull                            0x08000fb2   Section        0  fifo.o(i.FIFO_IsFull)
    i.FIFO_Pop                               0x08000fc2   Section        0  fifo.o(i.FIFO_Pop)
    i.FIFO_Push                              0x08000ff6   Section        0  fifo.o(i.FIFO_Push)
    i.GPIO_AF                                0x08001030   Section        0  stm32util.o(i.GPIO_AF)
    i.GPIO_Config                            0x08001054   Section        0  stm32util.o(i.GPIO_Config)
    i.GPIO_In                                0x0800116c   Section        0  stm32util.o(i.GPIO_In)
    i.GPIO_Init                              0x0800117c   Section        0  stm32f4xx_gpio.o(i.GPIO_Init)
    i.GPIO_Out                               0x0800121e   Section        0  stm32util.o(i.GPIO_Out)
    i.GPIO_PinAFConfig                       0x08001230   Section        0  stm32f4xx_gpio.o(i.GPIO_PinAFConfig)
    i.GPIO_ResetBits                         0x08001250   Section        0  stm32f4xx_gpio.o(i.GPIO_ResetBits)
    i.GPIO_SetBits                           0x08001254   Section        0  stm32f4xx_gpio.o(i.GPIO_SetBits)
    i.GPIO_ToggleBits                        0x08001258   Section        0  stm32f4xx_gpio.o(i.GPIO_ToggleBits)
    i.Gdf_Proc                               0x08001260   Section        0  gdf.o(i.Gdf_Proc)
    i.Led_Config                             0x080012dc   Section        0  led.o(i.Led_Config)
    i.Motor_Proc                             0x0800130c   Section        0  can.o(i.Motor_Proc)
    Motor_Proc                               0x0800130d   Thumb Code   218  can.o(i.Motor_Proc)
    i.NVIC_Config                            0x08001400   Section        0  stm32util.o(i.NVIC_Config)
    i.NVIC_Init                              0x0800141c   Section        0  misc.o(i.NVIC_Init)
    i.NVIC_PriorityGroupConfig               0x08001480   Section        0  misc.o(i.NVIC_PriorityGroupConfig)
    i.RCC_AHB1PeriphClockCmd                 0x08001494   Section        0  stm32f4xx_rcc.o(i.RCC_AHB1PeriphClockCmd)
    i.RCC_APB1PeriphClockCmd                 0x080014ac   Section        0  stm32f4xx_rcc.o(i.RCC_APB1PeriphClockCmd)
    i.RCC_APB2PeriphClockCmd                 0x080014c4   Section        0  stm32f4xx_rcc.o(i.RCC_APB2PeriphClockCmd)
    i.RCC_GetClocksFreq                      0x080014dc   Section        0  stm32f4xx_rcc.o(i.RCC_GetClocksFreq)
    i.RcvCallback                            0x08001570   Section        0  rcv_srv.o(i.RcvCallback)
    i.Rcv_Config                             0x08001574   Section        0  rcv.o(i.Rcv_Config)
    i.SYSCFG_EXTILineConfig                  0x08001608   Section        0  stm32f4xx_syscfg.o(i.SYSCFG_EXTILineConfig)
    i.SetSysClock                            0x08001638   Section        0  system_stm32f4xx.o(i.SetSysClock)
    SetSysClock                              0x08001639   Thumb Code   190  system_stm32f4xx.o(i.SetSysClock)
    i.SyncTimCallback                        0x08001708   Section        0  tim_srv.o(i.SyncTimCallback)
    i.SyncTim_Config                         0x0800170c   Section        0  tim.o(i.SyncTim_Config)
    i.SyncTim_Start                          0x08001738   Section        0  tim.o(i.SyncTim_Start)
    i.SystemInit                             0x08001760   Section        0  system_stm32f4xx.o(i.SystemInit)
    i.TIM2_IRQHandler                        0x080017bc   Section        0  tim.o(i.TIM2_IRQHandler)
    i.TIM6_DAC_IRQHandler                    0x080017e8   Section        0  tim.o(i.TIM6_DAC_IRQHandler)
    i.TIM_ARRPreloadConfig                   0x08001818   Section        0  stm32f4xx_tim.o(i.TIM_ARRPreloadConfig)
    i.TIM_ClearFlag                          0x0800182c   Section        0  stm32f4xx_tim.o(i.TIM_ClearFlag)
    i.TIM_ClearITPendingBit                  0x08001832   Section        0  stm32f4xx_tim.o(i.TIM_ClearITPendingBit)
    i.TIM_Cmd                                0x08001838   Section        0  stm32f4xx_tim.o(i.TIM_Cmd)
    i.TIM_Config                             0x0800184c   Section        0  stm32util.o(i.TIM_Config)
    i.TIM_GetITStatus                        0x08001990   Section        0  stm32f4xx_tim.o(i.TIM_GetITStatus)
    i.TIM_ITConfig                           0x080019a8   Section        0  stm32f4xx_tim.o(i.TIM_ITConfig)
    i.TIM_TimeBaseInit                       0x080019b8   Section        0  stm32f4xx_tim.o(i.TIM_TimeBaseInit)
    i.TickTimCallback                        0x08001a34   Section        0  tim_srv.o(i.TickTimCallback)
    i.TickTim_Config                         0x08001a38   Section        0  tim.o(i.TickTim_Config)
    i.TickTim_Start                          0x08001a68   Section        0  tim.o(i.TickTim_Start)
    i.Tim_Config                             0x08001a8a   Section        0  tim.o(i.Tim_Config)
    i.Tim_Start                              0x08001a98   Section        0  tim.o(i.Tim_Start)
    i.TtyRxCallback                          0x08001aa6   Section        0  tty_srv.o(i.TtyRxCallback)
    i.Tty_Config                             0x08001aa8   Section        0  tty.o(i.Tty_Config)
    i.USART1_IRQHandler                      0x08001b18   Section        0  rcv.o(i.USART1_IRQHandler)
    i.USART2_IRQHandler                      0x08001b94   Section        0  btm.o(i.USART2_IRQHandler)
    i.USART6_IRQHandler                      0x08001c2c   Section        0  tty.o(i.USART6_IRQHandler)
    i.USART_Bind                             0x08001cc4   Section        0  stm32util.o(i.USART_Bind)
    i.USART_ClearITPendingBit                0x08002aa4   Section        0  stm32f4xx_usart.o(i.USART_ClearITPendingBit)
    i.USART_Cmd                              0x08002ab0   Section        0  stm32f4xx_usart.o(i.USART_Cmd)
    i.USART_Config                           0x08002ac4   Section        0  stm32util.o(i.USART_Config)
    i.USART_DMACmd                           0x08002c54   Section        0  stm32f4xx_usart.o(i.USART_DMACmd)
    i.USART_GetITStatus                      0x08002c64   Section        0  stm32f4xx_usart.o(i.USART_GetITStatus)
    i.USART_ITConfig                         0x08002ca2   Section        0  stm32f4xx_usart.o(i.USART_ITConfig)
    i.USART_Init                             0x08002cd4   Section        0  stm32f4xx_usart.o(i.USART_Init)
    i.USART_ReceiveData                      0x08002d80   Section        0  stm32f4xx_usart.o(i.USART_ReceiveData)
    i.USART_SendData                         0x08002d88   Section        0  stm32f4xx_usart.o(i.USART_SendData)
    i.Wdg_Feed                               0x08002d90   Section        0  wdg.o(i.Wdg_Feed)
    i.ZGyro_Proc                             0x08002da0   Section        0  can.o(i.ZGyro_Proc)
    ZGyro_Proc                               0x08002da1   Thumb Code    92  can.o(i.ZGyro_Proc)
    i.main                                   0x08002e08   Section        0  main.o(i.main)
    x$fpl$fpinit                             0x08002e34   Section       10  fpinit.o(x$fpl$fpinit)
    $v0                                      0x08002e34   Number         0  fpinit.o(x$fpl$fpinit)
    .data                                    0x20000000   Section        8  clk.o(.data)
    us_tick                                  0x20000000   Data           4  clk.o(.data)
    ms_tick                                  0x20000004   Data           4  clk.o(.data)
    .data                                    0x20000008   Section       44  wdg.o(.data)
    .data                                    0x20000034   Section       16  stm32f4xx_rcc.o(.data)
    APBAHBPrescTable                         0x20000034   Data          16  stm32f4xx_rcc.o(.data)
    .bss                                     0x20000044   Section     3092  can.o(.bss)
    buf                                      0x20000130   Data        2400  can.o(.bss)
    gdf                                      0x20000a90   Data         192  can.o(.bss)
    ekf                                      0x20000b50   Data         144  can.o(.bss)
    est                                      0x20000be0   Data         120  can.o(.bss)
    .bss                                     0x20000c58   Section      552  btm.o(.bss)
    rx_fifo                                  0x20000c58   Data          20  btm.o(.bss)
    tx_fifo                                  0x20000c6c   Data          20  btm.o(.bss)
    rx_buf                                   0x20000c80   Data         256  btm.o(.bss)
    tx_buf                                   0x20000d80   Data         256  btm.o(.bss)
    .bss                                     0x20000e80   Section       72  rcv.o(.bss)
    buf                                      0x20000e80   Data          72  rcv.o(.bss)
    .bss                                     0x20000ec8   Section      552  tty.o(.bss)
    rx_fifo                                  0x20000ec8   Data          20  tty.o(.bss)
    tx_fifo                                  0x20000edc   Data          20  tty.o(.bss)
    rx_buf                                   0x20000ef0   Data         256  tty.o(.bss)
    tx_buf                                   0x20000ff0   Data         256  tty.o(.bss)
    .bss                                     0x200010f0   Section       96  libspace.o(.bss)
    HEAP                                     0x20001150   Section     4096  startup_stm32f427xx.o(HEAP)
    Heap_Mem                                 0x20001150   Data        4096  startup_stm32f427xx.o(HEAP)
    STACK                                    0x20002150   Section     1024  startup_stm32f427xx.o(STACK)
    Stack_Mem                                0x20002150   Data        1024  startup_stm32f427xx.o(STACK)
    __initial_sp                             0x20002550   Data           0  startup_stm32f427xx.o(STACK)

    Global Symbols

    Symbol Name                              Value     Ov Type        Size  Object(Section)

    BuildAttributes$$THM_ISAv4$E$P$D$K$B$S$7EM$VFPi3$EXTD16$VFPS$VFMA$PE$A:L22UL41UL21$X:L11$S22US41US21$IEEE1$IW$USESV6$~STKCKD$USESV7$~SHL$OTIME$ROPI$IEEEX$EBA8$UX$STANDARDLIB$REQ8$PRES8$EABIv2 0x00000000   Number         0  anon$$obj.o ABSOLUTE
    __ARM_use_no_argv                        0x00000000   Number         0  main.o ABSOLUTE
    __ARM_exceptions_init                     - Undefined Weak Reference
    __alloca_initialize                       - Undefined Weak Reference
    __arm_preinit_                            - Undefined Weak Reference
    __cpp_initialize__aeabi_                  - Undefined Weak Reference
    __cxa_finalize                            - Undefined Weak Reference
    __rt_locale                               - Undefined Weak Reference
    __sigvec_lookup                           - Undefined Weak Reference
    __user_heap_extent                        - Undefined Weak Reference
    _atexit_init                              - Undefined Weak Reference
    _call_atexit_fns                          - Undefined Weak Reference
    _clock_init                               - Undefined Weak Reference
    _fp_trap_init                             - Undefined Weak Reference
    _fp_trap_shutdown                         - Undefined Weak Reference
    _get_lc_collate                           - Undefined Weak Reference
    _get_lc_ctype                             - Undefined Weak Reference
    _get_lc_monetary                          - Undefined Weak Reference
    _get_lc_numeric                           - Undefined Weak Reference
    _get_lc_time                              - Undefined Weak Reference
    _getenv_init                              - Undefined Weak Reference
    _handle_redirection                       - Undefined Weak Reference
    _initio                                   - Undefined Weak Reference
    _mutex_acquire                            - Undefined Weak Reference
    _mutex_free                               - Undefined Weak Reference
    _mutex_release                            - Undefined Weak Reference
    _rand_init                                - Undefined Weak Reference
    _signal_finish                            - Undefined Weak Reference
    _signal_init                              - Undefined Weak Reference
    _terminateio                              - Undefined Weak Reference
    __Vectors_Size                           0x000001ac   Number         0  startup_stm32f427xx.o ABSOLUTE
    __Vectors                                0x08000000   Data           4  startup_stm32f427xx.o(RESET)
    __Vectors_End                            0x080001ac   Data           0  startup_stm32f427xx.o(RESET)
    __main                                   0x080001ad   Thumb Code     8  __main.o(!!!main)
    __scatterload                            0x080001b5   Thumb Code     0  __scatter.o(!!!scatter)
    __scatterload_rt2                        0x080001b5   Thumb Code    44  __scatter.o(!!!scatter)
    __scatterload_rt2_thumb_only             0x080001b5   Thumb Code     0  __scatter.o(!!!scatter)
    __scatterload_null                       0x080001c3   Thumb Code     0  __scatter.o(!!!scatter)
    __scatterload_copy                       0x080001e9   Thumb Code    26  __scatter_copy.o(!!handler_copy)
    __scatterload_zeroinit                   0x08000205   Thumb Code    28  __scatter_zi.o(!!handler_zi)
    __rt_lib_init                            0x08000221   Thumb Code     0  libinit.o(.ARM.Collect$$libinit$$00000000)
    __rt_lib_init_fp_1                       0x08000223   Thumb Code     0  libinit2.o(.ARM.Collect$$libinit$$00000001)
    __rt_lib_init_alloca_1                   0x08000227   Thumb Code     0  libinit2.o(.ARM.Collect$$libinit$$0000002E)
    __rt_lib_init_argv_1                     0x08000227   Thumb Code     0  libinit2.o(.ARM.Collect$$libinit$$0000002C)
    __rt_lib_init_atexit_1                   0x08000227   Thumb Code     0  libinit2.o(.ARM.Collect$$libinit$$0000001B)
    __rt_lib_init_clock_1                    0x08000227   Thumb Code     0  libinit2.o(.ARM.Collect$$libinit$$00000021)
    __rt_lib_init_cpp_1                      0x08000227   Thumb Code     0  libinit2.o(.ARM.Collect$$libinit$$00000032)
    __rt_lib_init_exceptions_1               0x08000227   Thumb Code     0  libinit2.o(.ARM.Collect$$libinit$$00000030)
    __rt_lib_init_fp_trap_1                  0x08000227   Thumb Code     0  libinit2.o(.ARM.Collect$$libinit$$0000001F)
    __rt_lib_init_getenv_1                   0x08000227   Thumb Code     0  libinit2.o(.ARM.Collect$$libinit$$00000023)
    __rt_lib_init_heap_1                     0x08000227   Thumb Code     0  libinit2.o(.ARM.Collect$$libinit$$0000000A)
    __rt_lib_init_lc_collate_1               0x08000227   Thumb Code     0  libinit2.o(.ARM.Collect$$libinit$$00000011)
    __rt_lib_init_lc_ctype_1                 0x08000227   Thumb Code     0  libinit2.o(.ARM.Collect$$libinit$$00000013)
    __rt_lib_init_lc_monetary_1              0x08000227   Thumb Code     0  libinit2.o(.ARM.Collect$$libinit$$00000015)
    __rt_lib_init_lc_numeric_1               0x08000227   Thumb Code     0  libinit2.o(.ARM.Collect$$libinit$$00000017)
    __rt_lib_init_lc_time_1                  0x08000227   Thumb Code     0  libinit2.o(.ARM.Collect$$libinit$$00000019)
    __rt_lib_init_preinit_1                  0x08000227   Thumb Code     0  libinit2.o(.ARM.Collect$$libinit$$00000004)
    __rt_lib_init_rand_1                     0x08000227   Thumb Code     0  libinit2.o(.ARM.Collect$$libinit$$0000000E)
    __rt_lib_init_return                     0x08000227   Thumb Code     0  libinit2.o(.ARM.Collect$$libinit$$00000033)
    __rt_lib_init_signal_1                   0x08000227   Thumb Code     0  libinit2.o(.ARM.Collect$$libinit$$0000001D)
    __rt_lib_init_stdio_1                    0x08000227   Thumb Code     0  libinit2.o(.ARM.Collect$$libinit$$00000025)
    __rt_lib_init_user_alloc_1               0x08000227   Thumb Code     0  libinit2.o(.ARM.Collect$$libinit$$0000000C)
    __rt_lib_shutdown                        0x08000229   Thumb Code     0  libshutdown.o(.ARM.Collect$$libshutdown$$00000000)
    __rt_lib_shutdown_cpp_1                  0x0800022b   Thumb Code     0  libshutdown2.o(.ARM.Collect$$libshutdown$$00000002)
    __rt_lib_shutdown_fp_trap_1              0x0800022b   Thumb Code     0  libshutdown2.o(.ARM.Collect$$libshutdown$$00000007)
    __rt_lib_shutdown_heap_1                 0x0800022b   Thumb Code     0  libshutdown2.o(.ARM.Collect$$libshutdown$$0000000F)
    __rt_lib_shutdown_return                 0x0800022b   Thumb Code     0  libshutdown2.o(.ARM.Collect$$libshutdown$$00000010)
    __rt_lib_shutdown_signal_1               0x0800022b   Thumb Code     0  libshutdown2.o(.ARM.Collect$$libshutdown$$0000000A)
    __rt_lib_shutdown_stdio_1                0x0800022b   Thumb Code     0  libshutdown2.o(.ARM.Collect$$libshutdown$$00000004)
    __rt_lib_shutdown_user_alloc_1           0x0800022b   Thumb Code     0  libshutdown2.o(.ARM.Collect$$libshutdown$$0000000C)
    __rt_entry                               0x0800022d   Thumb Code     0  __rtentry.o(.ARM.Collect$$rtentry$$00000000)
    __rt_entry_presh_1                       0x0800022d   Thumb Code     0  __rtentry2.o(.ARM.Collect$$rtentry$$00000002)
    __rt_entry_sh                            0x0800022d   Thumb Code     0  __rtentry4.o(.ARM.Collect$$rtentry$$00000004)
    __rt_entry_li                            0x08000233   Thumb Code     0  __rtentry2.o(.ARM.Collect$$rtentry$$0000000A)
    __rt_entry_postsh_1                      0x08000233   Thumb Code     0  __rtentry2.o(.ARM.Collect$$rtentry$$00000009)
    __rt_entry_main                          0x08000237   Thumb Code     0  __rtentry2.o(.ARM.Collect$$rtentry$$0000000D)
    __rt_entry_postli_1                      0x08000237   Thumb Code     0  __rtentry2.o(.ARM.Collect$$rtentry$$0000000C)
    __rt_exit                                0x0800023f   Thumb Code     0  rtexit.o(.ARM.Collect$$rtexit$$00000000)
    __rt_exit_ls                             0x08000241   Thumb Code     0  rtexit2.o(.ARM.Collect$$rtexit$$00000003)
    __rt_exit_prels_1                        0x08000241   Thumb Code     0  rtexit2.o(.ARM.Collect$$rtexit$$00000002)
    __rt_exit_exit                           0x08000245   Thumb Code     0  rtexit2.o(.ARM.Collect$$rtexit$$00000004)
    Reset_Handler                            0x0800024d   Thumb Code     8  startup_stm32f427xx.o(.text)
    NMI_Handler                              0x08000255   Thumb Code     2  startup_stm32f427xx.o(.text)
    HardFault_Handler                        0x08000257   Thumb Code     2  startup_stm32f427xx.o(.text)
    MemManage_Handler                        0x08000259   Thumb Code     2  startup_stm32f427xx.o(.text)
    BusFault_Handler                         0x0800025b   Thumb Code     2  startup_stm32f427xx.o(.text)
    UsageFault_Handler                       0x0800025d   Thumb Code     2  startup_stm32f427xx.o(.text)
    SVC_Handler                              0x0800025f   Thumb Code     2  startup_stm32f427xx.o(.text)
    DebugMon_Handler                         0x08000261   Thumb Code     2  startup_stm32f427xx.o(.text)
    PendSV_Handler                           0x08000263   Thumb Code     2  startup_stm32f427xx.o(.text)
    SysTick_Handler                          0x08000265   Thumb Code     2  startup_stm32f427xx.o(.text)
    ADC_IRQHandler                           0x08000267   Thumb Code     0  startup_stm32f427xx.o(.text)
    CAN1_RX1_IRQHandler                      0x08000267   Thumb Code     0  startup_stm32f427xx.o(.text)
    CAN1_SCE_IRQHandler                      0x08000267   Thumb Code     0  startup_stm32f427xx.o(.text)
    CAN2_RX1_IRQHandler                      0x08000267   Thumb Code     0  startup_stm32f427xx.o(.text)
    CAN2_SCE_IRQHandler                      0x08000267   Thumb Code     0  startup_stm32f427xx.o(.text)
    DCMI_IRQHandler                          0x08000267   Thumb Code     0  startup_stm32f427xx.o(.text)
    DMA1_Stream0_IRQHandler                  0x08000267   Thumb Code     0  startup_stm32f427xx.o(.text)
    DMA1_Stream1_IRQHandler                  0x08000267   Thumb Code     0  startup_stm32f427xx.o(.text)
    DMA1_Stream2_IRQHandler                  0x08000267   Thumb Code     0  startup_stm32f427xx.o(.text)
    DMA1_Stream3_IRQHandler                  0x08000267   Thumb Code     0  startup_stm32f427xx.o(.text)
    DMA1_Stream4_IRQHandler                  0x08000267   Thumb Code     0  startup_stm32f427xx.o(.text)
    DMA1_Stream5_IRQHandler                  0x08000267   Thumb Code     0  startup_stm32f427xx.o(.text)
    DMA1_Stream6_IRQHandler                  0x08000267   Thumb Code     0  startup_stm32f427xx.o(.text)
    DMA1_Stream7_IRQHandler                  0x08000267   Thumb Code     0  startup_stm32f427xx.o(.text)
    DMA2D_IRQHandler                         0x08000267   Thumb Code     0  startup_stm32f427xx.o(.text)
    DMA2_Stream0_IRQHandler                  0x08000267   Thumb Code     0  startup_stm32f427xx.o(.text)
    DMA2_Stream1_IRQHandler                  0x08000267   Thumb Code     0  startup_stm32f427xx.o(.text)
    DMA2_Stream2_IRQHandler                  0x08000267   Thumb Code     0  startup_stm32f427xx.o(.text)
    DMA2_Stream3_IRQHandler                  0x08000267   Thumb Code     0  startup_stm32f427xx.o(.text)
    DMA2_Stream4_IRQHandler                  0x08000267   Thumb Code     0  startup_stm32f427xx.o(.text)
    DMA2_Stream5_IRQHandler                  0x08000267   Thumb Code     0  startup_stm32f427xx.o(.text)
    DMA2_Stream6_IRQHandler                  0x08000267   Thumb Code     0  startup_stm32f427xx.o(.text)
    DMA2_Stream7_IRQHandler                  0x08000267   Thumb Code     0  startup_stm32f427xx.o(.text)
    ETH_IRQHandler                           0x08000267   Thumb Code     0  startup_stm32f427xx.o(.text)
    ETH_WKUP_IRQHandler                      0x08000267   Thumb Code     0  startup_stm32f427xx.o(.text)
    EXTI0_IRQHandler                         0x08000267   Thumb Code     0  startup_stm32f427xx.o(.text)
    EXTI1_IRQHandler                         0x08000267   Thumb Code     0  startup_stm32f427xx.o(.text)
    EXTI2_IRQHandler                         0x08000267   Thumb Code     0  startup_stm32f427xx.o(.text)
    EXTI3_IRQHandler                         0x08000267   Thumb Code     0  startup_stm32f427xx.o(.text)
    EXTI4_IRQHandler                         0x08000267   Thumb Code     0  startup_stm32f427xx.o(.text)
    EXTI9_5_IRQHandler                       0x08000267   Thumb Code     0  startup_stm32f427xx.o(.text)
    FLASH_IRQHandler                         0x08000267   Thumb Code     0  startup_stm32f427xx.o(.text)
    FMC_IRQHandler                           0x08000267   Thumb Code     0  startup_stm32f427xx.o(.text)
    FPU_IRQHandler                           0x08000267   Thumb Code     0  startup_stm32f427xx.o(.text)
    HASH_RNG_IRQHandler                      0x08000267   Thumb Code     0  startup_stm32f427xx.o(.text)
    I2C1_ER_IRQHandler                       0x08000267   Thumb Code     0  startup_stm32f427xx.o(.text)
    I2C1_EV_IRQHandler                       0x08000267   Thumb Code     0  startup_stm32f427xx.o(.text)
    I2C2_ER_IRQHandler                       0x08000267   Thumb Code     0  startup_stm32f427xx.o(.text)
    I2C2_EV_IRQHandler                       0x08000267   Thumb Code     0  startup_stm32f427xx.o(.text)
    I2C3_ER_IRQHandler                       0x08000267   Thumb Code     0  startup_stm32f427xx.o(.text)
    I2C3_EV_IRQHandler                       0x08000267   Thumb Code     0  startup_stm32f427xx.o(.text)
    OTG_FS_IRQHandler                        0x08000267   Thumb Code     0  startup_stm32f427xx.o(.text)
    OTG_FS_WKUP_IRQHandler                   0x08000267   Thumb Code     0  startup_stm32f427xx.o(.text)
    OTG_HS_EP1_IN_IRQHandler                 0x08000267   Thumb Code     0  startup_stm32f427xx.o(.text)
    OTG_HS_EP1_OUT_IRQHandler                0x08000267   Thumb Code     0  startup_stm32f427xx.o(.text)
    OTG_HS_IRQHandler                        0x08000267   Thumb Code     0  startup_stm32f427xx.o(.text)
    OTG_HS_WKUP_IRQHandler                   0x08000267   Thumb Code     0  startup_stm32f427xx.o(.text)
    PVD_IRQHandler                           0x08000267   Thumb Code     0  startup_stm32f427xx.o(.text)
    RCC_IRQHandler                           0x08000267   Thumb Code     0  startup_stm32f427xx.o(.text)
    RTC_Alarm_IRQHandler                     0x08000267   Thumb Code     0  startup_stm32f427xx.o(.text)
    RTC_WKUP_IRQHandler                      0x08000267   Thumb Code     0  startup_stm32f427xx.o(.text)
    SAI1_IRQHandler                          0x08000267   Thumb Code     0  startup_stm32f427xx.o(.text)
    SDIO_IRQHandler                          0x08000267   Thumb Code     0  startup_stm32f427xx.o(.text)
    SPI1_IRQHandler                          0x08000267   Thumb Code     0  startup_stm32f427xx.o(.text)
    SPI2_IRQHandler                          0x08000267   Thumb Code     0  startup_stm32f427xx.o(.text)
    SPI3_IRQHandler                          0x08000267   Thumb Code     0  startup_stm32f427xx.o(.text)
    SPI4_IRQHandler                          0x08000267   Thumb Code     0  startup_stm32f427xx.o(.text)
    SPI5_IRQHandler                          0x08000267   Thumb Code     0  startup_stm32f427xx.o(.text)
    SPI6_IRQHandler                          0x08000267   Thumb Code     0  startup_stm32f427xx.o(.text)
    TAMP_STAMP_IRQHandler                    0x08000267   Thumb Code     0  startup_stm32f427xx.o(.text)
    TIM1_BRK_TIM9_IRQHandler                 0x08000267   Thumb Code     0  startup_stm32f427xx.o(.text)
    TIM1_CC_IRQHandler                       0x08000267   Thumb Code     0  startup_stm32f427xx.o(.text)
    TIM1_TRG_COM_TIM11_IRQHandler            0x08000267   Thumb Code     0  startup_stm32f427xx.o(.text)
    TIM1_UP_TIM10_IRQHandler                 0x08000267   Thumb Code     0  startup_stm32f427xx.o(.text)
    TIM3_IRQHandler                          0x08000267   Thumb Code     0  startup_stm32f427xx.o(.text)
    TIM4_IRQHandler                          0x08000267   Thumb Code     0  startup_stm32f427xx.o(.text)
    TIM5_IRQHandler                          0x08000267   Thumb Code     0  startup_stm32f427xx.o(.text)
    TIM7_IRQHandler                          0x08000267   Thumb Code     0  startup_stm32f427xx.o(.text)
    TIM8_BRK_TIM12_IRQHandler                0x08000267   Thumb Code     0  startup_stm32f427xx.o(.text)
    TIM8_CC_IRQHandler                       0x08000267   Thumb Code     0  startup_stm32f427xx.o(.text)
    TIM8_TRG_COM_TIM14_IRQHandler            0x08000267   Thumb Code     0  startup_stm32f427xx.o(.text)
    TIM8_UP_TIM13_IRQHandler                 0x08000267   Thumb Code     0  startup_stm32f427xx.o(.text)
    UART4_IRQHandler                         0x08000267   Thumb Code     0  startup_stm32f427xx.o(.text)
    UART5_IRQHandler                         0x08000267   Thumb Code     0  startup_stm32f427xx.o(.text)
    UART7_IRQHandler                         0x08000267   Thumb Code     0  startup_stm32f427xx.o(.text)
    UART8_IRQHandler                         0x08000267   Thumb Code     0  startup_stm32f427xx.o(.text)
    USART3_IRQHandler                        0x08000267   Thumb Code     0  startup_stm32f427xx.o(.text)
    WWDG_IRQHandler                          0x08000267   Thumb Code     0  startup_stm32f427xx.o(.text)
    __user_initial_stackheap                 0x08000269   Thumb Code     0  startup_stm32f427xx.o(.text)
    strlen                                   0x0800028d   Thumb Code    62  strlen.o(.text)
    __aeabi_memclr                           0x080002cb   Thumb Code     0  rt_memclr.o(.text)
    __rt_memclr                              0x080002cb   Thumb Code    68  rt_memclr.o(.text)
    _memset                                  0x080002cf   Thumb Code     0  rt_memclr.o(.text)
    __aeabi_memclr4                          0x0800030f   Thumb Code     0  rt_memclr_w.o(.text)
    __aeabi_memclr8                          0x0800030f   Thumb Code     0  rt_memclr_w.o(.text)
    __rt_memclr_w                            0x0800030f   Thumb Code    78  rt_memclr_w.o(.text)
    _memset_w                                0x08000313   Thumb Code     0  rt_memclr_w.o(.text)
    __use_two_region_memory                  0x0800035d   Thumb Code     2  heapauxi.o(.text)
    __rt_heap_escrow                         0x0800035f   Thumb Code     2  heapauxi.o(.text)
    __rt_heap_expand                         0x08000361   Thumb Code     2  heapauxi.o(.text)
    __user_libspace                          0x08000365   Thumb Code     8  libspace.o(.text)
    __user_perproc_libspace                  0x08000365   Thumb Code     0  libspace.o(.text)
    __user_perthread_libspace                0x08000365   Thumb Code     0  libspace.o(.text)
    __I$use$semihosting                      0x0800036d   Thumb Code     0  use_no_semi.o(.text)
    __use_no_semihosting_swi                 0x0800036d   Thumb Code     2  use_no_semi.o(.text)
    __semihosting_library_function           0x0800036f   Thumb Code     0  indicate_semi.o(.text)
    __user_setup_stackheap                   0x0800036f   Thumb Code    74  sys_stackheap_outer.o(.text)
    exit                                     0x080003b9   Thumb Code    18  exit.o(.text)
    _sys_exit                                0x080003cd   Thumb Code     8  sys_exit.o(.text)
    Bsp_Config                               0x080003d9   Thumb Code    66  bsp.o(i.Bsp_Config)
    BtmRxCallback                            0x08000439   Thumb Code     8  btm_srv.o(i.BtmRxCallback)
    Btm_Config                               0x08000445   Thumb Code    94  btm.o(i.Btm_Config)
    Btm_Print                                0x080004b5   Thumb Code    20  btm.o(i.Btm_Print)
    Btm_Write                                0x080004c9   Thumb Code    26  btm.o(i.Btm_Write)
    Btm_WriteByte                            0x080004e5   Thumb Code    36  btm.o(i.Btm_WriteByte)
    BtnCallback                              0x08000511   Thumb Code     2  ext_srv.o(i.BtnCallback)
    Btn_Config                               0x08000515   Thumb Code    24  btn.o(i.Btn_Config)
    CAN1_RX0_IRQHandler                      0x08000531   Thumb Code    58  can1.o(i.CAN1_RX0_IRQHandler)
    CAN1_TX_IRQHandler                       0x08000575   Thumb Code    30  can1.o(i.CAN1_TX_IRQHandler)
    CAN2_RX0_IRQHandler                      0x08000599   Thumb Code    58  can2.o(i.CAN2_RX0_IRQHandler)
    CAN2_TX_IRQHandler                       0x080005dd   Thumb Code    30  can2.o(i.CAN2_TX_IRQHandler)
    CAN_ClearFlag                            0x08000601   Thumb Code    44  stm32f4xx_can.o(i.CAN_ClearFlag)
    CAN_ClearITPendingBit                    0x08000631   Thumb Code   116  stm32f4xx_can.o(i.CAN_ClearITPendingBit)
    CAN_Config                               0x080006a9   Thumb Code    98  stm32util.o(i.CAN_Config)
    CAN_FilterInit                           0x08000715   Thumb Code   194  stm32f4xx_can.o(i.CAN_FilterInit)
    CAN_Filter_Config                        0x080007e1   Thumb Code    54  stm32util.o(i.CAN_Filter_Config)
    CAN_GetITStatus                          0x08000819   Thumb Code   162  stm32f4xx_can.o(i.CAN_GetITStatus)
    CAN_ITConfig                             0x080008c1   Thumb Code    16  stm32f4xx_can.o(i.CAN_ITConfig)
    CAN_Init                                 0x080008d1   Thumb Code   232  stm32f4xx_can.o(i.CAN_Init)
    CAN_Receive                              0x080009b9   Thumb Code   144  stm32f4xx_can.o(i.CAN_Receive)
    Can1RxCallback                           0x08000a49   Thumb Code     4  can_srv.o(i.Can1RxCallback)
    Can1_Config                              0x08000a4d   Thumb Code   102  can1.o(i.Can1_Config)
    Can2RxCallback                           0x08000abd   Thumb Code     4  can_srv.o(i.Can2RxCallback)
    Can2_Config                              0x08000ac1   Thumb Code   104  can2.o(i.Can2_Config)
    Can_Proc                                 0x08000b31   Thumb Code   142  can.o(i.Can_Proc)
    Clk_GetMsTick                            0x08000bcd   Thumb Code     6  clk.o(i.Clk_GetMsTick)
    Clk_Spin                                 0x08000bd9   Thumb Code    32  clk.o(i.Clk_Spin)
    DMA_Cmd                                  0x08000bfd   Thumb Code    20  stm32f4xx_dma.o(i.DMA_Cmd)
    DMA_Config                               0x08000c11   Thumb Code   102  stm32util.o(i.DMA_Config)
    DMA_DoubleBufferModeCmd                  0x08000c81   Thumb Code    20  stm32f4xx_dma.o(i.DMA_DoubleBufferModeCmd)
    DMA_DoubleBufferModeConfig               0x08000c95   Thumb Code    22  stm32f4xx_dma.o(i.DMA_DoubleBufferModeConfig)
    DMA_GetCurrDataCounter                   0x08000cab   Thumb Code     6  stm32f4xx_dma.o(i.DMA_GetCurrDataCounter)
    DMA_GetCurrentMemoryTarget               0x08000cb1   Thumb Code    14  stm32f4xx_dma.o(i.DMA_GetCurrentMemoryTarget)
    DMA_Init                                 0x08000cc1   Thumb Code    80  stm32f4xx_dma.o(i.DMA_Init)
    EXTI15_10_IRQHandler                     0x08000d15   Thumb Code    32  btn.o(i.EXTI15_10_IRQHandler)
    EXTI_Bind                                0x08000d35   Thumb Code   192  stm32util.o(i.EXTI_Bind)
    EXTI_ClearITPendingBit                   0x08000df9   Thumb Code     6  stm32f4xx_exti.o(i.EXTI_ClearITPendingBit)
    EXTI_Config                              0x08000e05   Thumb Code    40  stm32util.o(i.EXTI_Config)
    EXTI_GetITStatus                         0x08000e2d   Thumb Code    16  stm32f4xx_exti.o(i.EXTI_GetITStatus)
    EXTI_Init                                0x08000e41   Thumb Code   108  stm32f4xx_exti.o(i.EXTI_Init)
    Ekf_Proc                                 0x08000eb1   Thumb Code    74  ekf.o(i.Ekf_Proc)
    Ekf_SetD                                 0x08000efb   Thumb Code     6  ekf.o(i.Ekf_SetD)
    Ekf_SetE                                 0x08000f01   Thumb Code     6  ekf.o(i.Ekf_SetE)
    Ekf_SetR                                 0x08000f07   Thumb Code     6  ekf.o(i.Ekf_SetR)
    Est_Proc                                 0x08000f0d   Thumb Code   124  est.o(i.Est_Proc)
    FIFO_Flush                               0x08000f89   Thumb Code    22  fifo.o(i.FIFO_Flush)
    FIFO_Init                                0x08000f9f   Thumb Code     8  fifo.o(i.FIFO_Init)
    FIFO_IsEmpty                             0x08000fa7   Thumb Code    12  fifo.o(i.FIFO_IsEmpty)
    FIFO_IsFull                              0x08000fb3   Thumb Code    16  fifo.o(i.FIFO_IsFull)
    FIFO_Pop                                 0x08000fc3   Thumb Code    52  fifo.o(i.FIFO_Pop)
    FIFO_Push                                0x08000ff7   Thumb Code    58  fifo.o(i.FIFO_Push)
    GPIO_AF                                  0x08001031   Thumb Code    36  stm32util.o(i.GPIO_AF)
    GPIO_Config                              0x08001055   Thumb Code   236  stm32util.o(i.GPIO_Config)
    GPIO_In                                  0x0800116d   Thumb Code    16  stm32util.o(i.GPIO_In)
    GPIO_Init                                0x0800117d   Thumb Code   162  stm32f4xx_gpio.o(i.GPIO_Init)
    GPIO_Out                                 0x0800121f   Thumb Code    18  stm32util.o(i.GPIO_Out)
    GPIO_PinAFConfig                         0x08001231   Thumb Code    32  stm32f4xx_gpio.o(i.GPIO_PinAFConfig)
    GPIO_ResetBits                           0x08001251   Thumb Code     4  stm32f4xx_gpio.o(i.GPIO_ResetBits)
    GPIO_SetBits                             0x08001255   Thumb Code     4  stm32f4xx_gpio.o(i.GPIO_SetBits)
    GPIO_ToggleBits                          0x08001259   Thumb Code     8  stm32f4xx_gpio.o(i.GPIO_ToggleBits)
    Gdf_Proc                                 0x08001261   Thumb Code   122  gdf.o(i.Gdf_Proc)
    Led_Config                               0x080012dd   Thumb Code    40  led.o(i.Led_Config)
    NVIC_Config                              0x08001401   Thumb Code    28  stm32util.o(i.NVIC_Config)
    NVIC_Init                                0x0800141d   Thumb Code    96  misc.o(i.NVIC_Init)
    NVIC_PriorityGroupConfig                 0x08001481   Thumb Code    10  misc.o(i.NVIC_PriorityGroupConfig)
    RCC_AHB1PeriphClockCmd                   0x08001495   Thumb Code    18  stm32f4xx_rcc.o(i.RCC_AHB1PeriphClockCmd)
    RCC_APB1PeriphClockCmd                   0x080014ad   Thumb Code    18  stm32f4xx_rcc.o(i.RCC_APB1PeriphClockCmd)
    RCC_APB2PeriphClockCmd                   0x080014c5   Thumb Code    18  stm32f4xx_rcc.o(i.RCC_APB2PeriphClockCmd)
    RCC_GetClocksFreq                        0x080014dd   Thumb Code   132  stm32f4xx_rcc.o(i.RCC_GetClocksFreq)
    RcvCallback                              0x08001571   Thumb Code     2  rcv_srv.o(i.RcvCallback)
    Rcv_Config                               0x08001575   Thumb Code   126  rcv.o(i.Rcv_Config)
    SYSCFG_EXTILineConfig                    0x08001609   Thumb Code    42  stm32f4xx_syscfg.o(i.SYSCFG_EXTILineConfig)
    SyncTimCallback                          0x08001709   Thumb Code     2  tim_srv.o(i.SyncTimCallback)
    SyncTim_Config                           0x0800170d   Thumb Code    38  tim.o(i.SyncTim_Config)
    SyncTim_Start                            0x08001739   Thumb Code    34  tim.o(i.SyncTim_Start)
    SystemInit                               0x08001761   Thumb Code    74  system_stm32f4xx.o(i.SystemInit)
    TIM2_IRQHandler                          0x080017bd   Thumb Code    42  tim.o(i.TIM2_IRQHandler)
    TIM6_DAC_IRQHandler                      0x080017e9   Thumb Code    42  tim.o(i.TIM6_DAC_IRQHandler)
    TIM_ARRPreloadConfig                     0x08001819   Thumb Code    20  stm32f4xx_tim.o(i.TIM_ARRPreloadConfig)
    TIM_ClearFlag                            0x0800182d   Thumb Code     6  stm32f4xx_tim.o(i.TIM_ClearFlag)
    TIM_ClearITPendingBit                    0x08001833   Thumb Code     6  stm32f4xx_tim.o(i.TIM_ClearITPendingBit)
    TIM_Cmd                                  0x08001839   Thumb Code    20  stm32f4xx_tim.o(i.TIM_Cmd)
    TIM_Config                               0x0800184d   Thumb Code   276  stm32util.o(i.TIM_Config)
    TIM_GetITStatus                          0x08001991   Thumb Code    24  stm32f4xx_tim.o(i.TIM_GetITStatus)
    TIM_ITConfig                             0x080019a9   Thumb Code    16  stm32f4xx_tim.o(i.TIM_ITConfig)
    TIM_TimeBaseInit                         0x080019b9   Thumb Code    96  stm32f4xx_tim.o(i.TIM_TimeBaseInit)
    TickTimCallback                          0x08001a35   Thumb Code     4  tim_srv.o(i.TickTimCallback)
    TickTim_Config                           0x08001a39   Thumb Code    48  tim.o(i.TickTim_Config)
    TickTim_Start                            0x08001a69   Thumb Code    34  tim.o(i.TickTim_Start)
    Tim_Config                               0x08001a8b   Thumb Code    14  tim.o(i.Tim_Config)
    Tim_Start                                0x08001a99   Thumb Code    14  tim.o(i.Tim_Start)
    TtyRxCallback                            0x08001aa7   Thumb Code     2  tty_srv.o(i.TtyRxCallback)
    Tty_Config                               0x08001aa9   Thumb Code    94  tty.o(i.Tty_Config)
    USART1_IRQHandler                        0x08001b19   Thumb Code   110  rcv.o(i.USART1_IRQHandler)
    USART2_IRQHandler                        0x08001b95   Thumb Code   142  btm.o(i.USART2_IRQHandler)
    USART6_IRQHandler                        0x08001c2d   Thumb Code   142  tty.o(i.USART6_IRQHandler)
    USART_Bind                               0x08001cc5   Thumb Code  3544  stm32util.o(i.USART_Bind)
    USART_ClearITPendingBit                  0x08002aa5   Thumb Code    12  stm32f4xx_usart.o(i.USART_ClearITPendingBit)
    USART_Cmd                                0x08002ab1   Thumb Code    20  stm32f4xx_usart.o(i.USART_Cmd)
    USART_Config                             0x08002ac5   Thumb Code   366  stm32util.o(i.USART_Config)
    USART_DMACmd                             0x08002c55   Thumb Code    16  stm32f4xx_usart.o(i.USART_DMACmd)
    USART_GetITStatus                        0x08002c65   Thumb Code    62  stm32f4xx_usart.o(i.USART_GetITStatus)
    USART_ITConfig                           0x08002ca3   Thumb Code    48  stm32f4xx_usart.o(i.USART_ITConfig)
    USART_Init                               0x08002cd5   Thumb Code   164  stm32f4xx_usart.o(i.USART_Init)
    USART_ReceiveData                        0x08002d81   Thumb Code     8  stm32f4xx_usart.o(i.USART_ReceiveData)
    USART_SendData                           0x08002d89   Thumb Code     8  stm32f4xx_usart.o(i.USART_SendData)
    Wdg_Feed                                 0x08002d91   Thumb Code    10  wdg.o(i.Wdg_Feed)
    main                                     0x08002e09   Thumb Code    38  main.o(i.main)
    _fp_init                                 0x08002e35   Thumb Code    10  fpinit.o(x$fpl$fpinit)
    __fplib_config_fpu_vfp                   0x08002e3d   Thumb Code     0  fpinit.o(x$fpl$fpinit)
    __fplib_config_pureend_doubles           0x08002e3d   Thumb Code     0  fpinit.o(x$fpl$fpinit)
    Region$$Table$$Base                      0x08002e40   Number         0  anon$$obj.o(Region$$Table)
    Region$$Table$$Limit                     0x08002e60   Number         0  anon$$obj.o(Region$$Table)
    err                                      0x20000008   Data           4  wdg.o(.data)
    wdg                                      0x2000000c   Data          40  wdg.o(.data)
    zgyro                                    0x20000044   Data          20  can.o(.bss)
    motor                                    0x20000058   Data         216  can.o(.bss)
    __libspace_start                         0x200010f0   Data          96  libspace.o(.bss)
    __temporary_stack_top$libspace           0x20001150   Data           0  libspace.o(.bss)



==============================================================================

Memory Map of the image

  Image Entry point : 0x080001ad

  Load Region LR_IROM1 (Base: 0x08000000, Size: 0x00002ea4, Max: 0x00200000, ABSOLUTE)

    Execution Region ER_IROM1 (Base: 0x08000000, Size: 0x00002e60, Max: 0x00200000, ABSOLUTE)

    Base Addr    Size         Type   Attr      Idx    E Section Name        Object

    0x08000000   0x000001ac   Data   RO         7537    RESET               startup_stm32f427xx.o
    0x080001ac   0x00000008   Code   RO         7616  * !!!main             c_w.l(__main.o)
    0x080001b4   0x00000034   Code   RO         7936    !!!scatter          c_w.l(__scatter.o)
    0x080001e8   0x0000001a   Code   RO         7938    !!handler_copy      c_w.l(__scatter_copy.o)
    0x08000202   0x00000002   PAD
    0x08000204   0x0000001c   Code   RO         7940    !!handler_zi        c_w.l(__scatter_zi.o)
    0x08000220   0x00000002   Code   RO         7875    .ARM.Collect$$libinit$$00000000  c_w.l(libinit.o)
    0x08000222   0x00000004   Code   RO         7700    .ARM.Collect$$libinit$$00000001  c_w.l(libinit2.o)
    0x08000226   0x00000000   Code   RO         7703    .ARM.Collect$$libinit$$00000004  c_w.l(libinit2.o)
    0x08000226   0x00000000   Code   RO         7706    .ARM.Collect$$libinit$$0000000A  c_w.l(libinit2.o)
    0x08000226   0x00000000   Code   RO         7708    .ARM.Collect$$libinit$$0000000C  c_w.l(libinit2.o)
    0x08000226   0x00000000   Code   RO         7710    .ARM.Collect$$libinit$$0000000E  c_w.l(libinit2.o)
    0x08000226   0x00000000   Code   RO         7713    .ARM.Collect$$libinit$$00000011  c_w.l(libinit2.o)
    0x08000226   0x00000000   Code   RO         7715    .ARM.Collect$$libinit$$00000013  c_w.l(libinit2.o)
    0x08000226   0x00000000   Code   RO         7717    .ARM.Collect$$libinit$$00000015  c_w.l(libinit2.o)
    0x08000226   0x00000000   Code   RO         7719    .ARM.Collect$$libinit$$00000017  c_w.l(libinit2.o)
    0x08000226   0x00000000   Code   RO         7721    .ARM.Collect$$libinit$$00000019  c_w.l(libinit2.o)
    0x08000226   0x00000000   Code   RO         7723    .ARM.Collect$$libinit$$0000001B  c_w.l(libinit2.o)
    0x08000226   0x00000000   Code   RO         7725    .ARM.Collect$$libinit$$0000001D  c_w.l(libinit2.o)
    0x08000226   0x00000000   Code   RO         7727    .ARM.Collect$$libinit$$0000001F  c_w.l(libinit2.o)
    0x08000226   0x00000000   Code   RO         7729    .ARM.Collect$$libinit$$00000021  c_w.l(libinit2.o)
    0x08000226   0x00000000   Code   RO         7731    .ARM.Collect$$libinit$$00000023  c_w.l(libinit2.o)
    0x08000226   0x00000000   Code   RO         7733    .ARM.Collect$$libinit$$00000025  c_w.l(libinit2.o)
    0x08000226   0x00000000   Code   RO         7737    .ARM.Collect$$libinit$$0000002C  c_w.l(libinit2.o)
    0x08000226   0x00000000   Code   RO         7739    .ARM.Collect$$libinit$$0000002E  c_w.l(libinit2.o)
    0x08000226   0x00000000   Code   RO         7741    .ARM.Collect$$libinit$$00000030  c_w.l(libinit2.o)
    0x08000226   0x00000000   Code   RO         7743    .ARM.Collect$$libinit$$00000032  c_w.l(libinit2.o)
    0x08000226   0x00000002   Code   RO         7744    .ARM.Collect$$libinit$$00000033  c_w.l(libinit2.o)
    0x08000228   0x00000002   Code   RO         7933    .ARM.Collect$$libshutdown$$00000000  c_w.l(libshutdown.o)
    0x0800022a   0x00000000   Code   RO         7889    .ARM.Collect$$libshutdown$$00000002  c_w.l(libshutdown2.o)
    0x0800022a   0x00000000   Code   RO         7891    .ARM.Collect$$libshutdown$$00000004  c_w.l(libshutdown2.o)
    0x0800022a   0x00000000   Code   RO         7894    .ARM.Collect$$libshutdown$$00000007  c_w.l(libshutdown2.o)
    0x0800022a   0x00000000   Code   RO         7897    .ARM.Collect$$libshutdown$$0000000A  c_w.l(libshutdown2.o)
    0x0800022a   0x00000000   Code   RO         7899    .ARM.Collect$$libshutdown$$0000000C  c_w.l(libshutdown2.o)
    0x0800022a   0x00000000   Code   RO         7902    .ARM.Collect$$libshutdown$$0000000F  c_w.l(libshutdown2.o)
    0x0800022a   0x00000002   Code   RO         7903    .ARM.Collect$$libshutdown$$00000010  c_w.l(libshutdown2.o)
    0x0800022c   0x00000000   Code   RO         7668    .ARM.Collect$$rtentry$$00000000  c_w.l(__rtentry.o)
    0x0800022c   0x00000000   Code   RO         7811    .ARM.Collect$$rtentry$$00000002  c_w.l(__rtentry2.o)
    0x0800022c   0x00000006   Code   RO         7823    .ARM.Collect$$rtentry$$00000004  c_w.l(__rtentry4.o)
    0x08000232   0x00000000   Code   RO         7813    .ARM.Collect$$rtentry$$00000009  c_w.l(__rtentry2.o)
    0x08000232   0x00000004   Code   RO         7814    .ARM.Collect$$rtentry$$0000000A  c_w.l(__rtentry2.o)
    0x08000236   0x00000000   Code   RO         7816    .ARM.Collect$$rtentry$$0000000C  c_w.l(__rtentry2.o)
    0x08000236   0x00000008   Code   RO         7817    .ARM.Collect$$rtentry$$0000000D  c_w.l(__rtentry2.o)
    0x0800023e   0x00000002   Code   RO         7878    .ARM.Collect$$rtexit$$00000000  c_w.l(rtexit.o)
    0x08000240   0x00000000   Code   RO         7907    .ARM.Collect$$rtexit$$00000002  c_w.l(rtexit2.o)
    0x08000240   0x00000004   Code   RO         7908    .ARM.Collect$$rtexit$$00000003  c_w.l(rtexit2.o)
    0x08000244   0x00000006   Code   RO         7909    .ARM.Collect$$rtexit$$00000004  c_w.l(rtexit2.o)
    0x0800024a   0x00000002   PAD
    0x0800024c   0x00000040   Code   RO         7538    .text               startup_stm32f427xx.o
    0x0800028c   0x0000003e   Code   RO         7606    .text               c_w.l(strlen.o)
    0x080002ca   0x00000044   Code   RO         7610    .text               c_w.l(rt_memclr.o)
    0x0800030e   0x0000004e   Code   RO         7612    .text               c_w.l(rt_memclr_w.o)
    0x0800035c   0x00000006   Code   RO         7614    .text               c_w.l(heapauxi.o)
    0x08000362   0x00000002   PAD
    0x08000364   0x00000008   Code   RO         7807    .text               c_w.l(libspace.o)
    0x0800036c   0x00000002   Code   RO         7851    .text               c_w.l(use_no_semi.o)
    0x0800036e   0x00000000   Code   RO         7853    .text               c_w.l(indicate_semi.o)
    0x0800036e   0x0000004a   Code   RO         7854    .text               c_w.l(sys_stackheap_outer.o)
    0x080003b8   0x00000012   Code   RO         7860    .text               c_w.l(exit.o)
    0x080003ca   0x00000002   PAD
    0x080003cc   0x0000000c   Code   RO         7876    .text               c_w.l(sys_exit.o)
    0x080003d8   0x00000060   Code   RO         1798    i.Bsp_Config        bsp.o
    0x08000438   0x0000000c   Code   RO         1645    i.BtmRxCallback     btm_srv.o
    0x08000444   0x00000070   Code   RO         1822    i.Btm_Config        btm.o
    0x080004b4   0x00000014   Code   RO         1823    i.Btm_Print         btm.o
    0x080004c8   0x0000001a   Code   RO         1827    i.Btm_Write         btm.o
    0x080004e2   0x00000002   PAD
    0x080004e4   0x0000002c   Code   RO         1828    i.Btm_WriteByte     btm.o
    0x08000510   0x00000002   Code   RO         1687    i.BtnCallback       ext_srv.o
    0x08000512   0x00000002   PAD
    0x08000514   0x0000001c   Code   RO         1888    i.Btn_Config        btn.o
    0x08000530   0x00000044   Code   RO         1918    i.CAN1_RX0_IRQHandler  can1.o
    0x08000574   0x00000024   Code   RO         1919    i.CAN1_TX_IRQHandler  can1.o
    0x08000598   0x00000044   Code   RO         1954    i.CAN2_RX0_IRQHandler  can2.o
    0x080005dc   0x00000024   Code   RO         1955    i.CAN2_TX_IRQHandler  can2.o
    0x08000600   0x00000030   Code   RO         2718    i.CAN_ClearFlag     stm32f4xx_can.o
    0x08000630   0x00000078   Code   RO         2719    i.CAN_ClearITPendingBit  stm32f4xx_can.o
    0x080006a8   0x0000006c   Code   RO         2165    i.CAN_Config        stm32util.o
    0x08000714   0x000000cc   Code   RO         2723    i.CAN_FilterInit    stm32f4xx_can.o
    0x080007e0   0x00000036   Code   RO         2166    i.CAN_Filter_Config  stm32util.o
    0x08000816   0x00000002   PAD
    0x08000818   0x000000a8   Code   RO         2725    i.CAN_GetITStatus   stm32f4xx_can.o
    0x080008c0   0x00000010   Code   RO         2729    i.CAN_ITConfig      stm32f4xx_can.o
    0x080008d0   0x000000e8   Code   RO         2730    i.CAN_Init          stm32f4xx_can.o
    0x080009b8   0x00000090   Code   RO         2733    i.CAN_Receive       stm32f4xx_can.o
    0x08000a48   0x00000004   Code   RO         1666    i.Can1RxCallback    can_srv.o
    0x08000a4c   0x00000070   Code   RO         1920    i.Can1_Config       can1.o
    0x08000abc   0x00000004   Code   RO         1667    i.Can2RxCallback    can_srv.o
    0x08000ac0   0x00000070   Code   RO         1956    i.Can2_Config       can2.o
    0x08000b30   0x0000008e   Code   RO          412    i.Can_Proc          can.o
    0x08000bbe   0x0000000c   Code   RO         2741    i.CheckITStatus     stm32f4xx_can.o
    0x08000bca   0x00000002   PAD
    0x08000bcc   0x0000000c   Code   RO          521    i.Clk_GetMsTick     clk.o
    0x08000bd8   0x00000024   Code   RO          524    i.Clk_Spin          clk.o
    0x08000bfc   0x00000014   Code   RO         3498    i.DMA_Cmd           stm32f4xx_dma.o
    0x08000c10   0x00000070   Code   RO         2167    i.DMA_Config        stm32util.o
    0x08000c80   0x00000014   Code   RO         3500    i.DMA_DoubleBufferModeCmd  stm32f4xx_dma.o
    0x08000c94   0x00000016   Code   RO         3501    i.DMA_DoubleBufferModeConfig  stm32f4xx_dma.o
    0x08000caa   0x00000006   Code   RO         3504    i.DMA_GetCurrDataCounter  stm32f4xx_dma.o
    0x08000cb0   0x0000000e   Code   RO         3505    i.DMA_GetCurrentMemoryTarget  stm32f4xx_dma.o
    0x08000cbe   0x00000002   PAD
    0x08000cc0   0x00000054   Code   RO         3510    i.DMA_Init          stm32f4xx_dma.o
    0x08000d14   0x00000020   Code   RO         1889    i.EXTI15_10_IRQHandler  btn.o
    0x08000d34   0x000000c4   Code   RO         2168    i.EXTI_Bind         stm32util.o
    0x08000df8   0x0000000c   Code   RO         3782    i.EXTI_ClearITPendingBit  stm32f4xx_exti.o
    0x08000e04   0x00000028   Code   RO         2169    i.EXTI_Config       stm32util.o
    0x08000e2c   0x00000014   Code   RO         3786    i.EXTI_GetITStatus  stm32f4xx_exti.o
    0x08000e40   0x00000070   Code   RO         3787    i.EXTI_Init         stm32f4xx_exti.o
    0x08000eb0   0x0000004a   Code   RO         1195    i.Ekf_Proc          ekf.o
    0x08000efa   0x00000006   Code   RO         1197    i.Ekf_SetD          ekf.o
    0x08000f00   0x00000006   Code   RO         1198    i.Ekf_SetE          ekf.o
    0x08000f06   0x00000006   Code   RO         1200    i.Ekf_SetR          ekf.o
    0x08000f0c   0x0000007c   Code   RO         1255    i.Est_Proc          est.o
    0x08000f88   0x00000016   Code   RO         1290    i.FIFO_Flush        fifo.o
    0x08000f9e   0x00000008   Code   RO         1294    i.FIFO_Init         fifo.o
    0x08000fa6   0x0000000c   Code   RO         1295    i.FIFO_IsEmpty      fifo.o
    0x08000fb2   0x00000010   Code   RO         1296    i.FIFO_IsFull       fifo.o
    0x08000fc2   0x00000034   Code   RO         1298    i.FIFO_Pop          fifo.o
    0x08000ff6   0x0000003a   Code   RO         1299    i.FIFO_Push         fifo.o
    0x08001030   0x00000024   Code   RO         2171    i.GPIO_AF           stm32util.o
    0x08001054   0x00000118   Code   RO         2172    i.GPIO_Config       stm32util.o
    0x0800116c   0x00000010   Code   RO         2173    i.GPIO_In           stm32util.o
    0x0800117c   0x000000a2   Code   RO         4367    i.GPIO_Init         stm32f4xx_gpio.o
    0x0800121e   0x00000012   Code   RO         2174    i.GPIO_Out          stm32util.o
    0x08001230   0x00000020   Code   RO         4368    i.GPIO_PinAFConfig  stm32f4xx_gpio.o
    0x08001250   0x00000004   Code   RO         4374    i.GPIO_ResetBits    stm32f4xx_gpio.o
    0x08001254   0x00000004   Code   RO         4375    i.GPIO_SetBits      stm32f4xx_gpio.o
    0x08001258   0x00000008   Code   RO         4377    i.GPIO_ToggleBits   stm32f4xx_gpio.o
    0x08001260   0x0000007a   Code   RO         1369    i.Gdf_Proc          gdf.o
    0x080012da   0x00000002   PAD
    0x080012dc   0x00000030   Code   RO         2043    i.Led_Config        led.o
    0x0800130c   0x000000f4   Code   RO          414    i.Motor_Proc        can.o
    0x08001400   0x0000001c   Code   RO         2175    i.NVIC_Config       stm32util.o
    0x0800141c   0x00000064   Code   RO         2423    i.NVIC_Init         misc.o
    0x08001480   0x00000014   Code   RO         2424    i.NVIC_PriorityGroupConfig  misc.o
    0x08001494   0x00000018   Code   RO         5305    i.RCC_AHB1PeriphClockCmd  stm32f4xx_rcc.o
    0x080014ac   0x00000018   Code   RO         5314    i.RCC_APB1PeriphClockCmd  stm32f4xx_rcc.o
    0x080014c4   0x00000018   Code   RO         5317    i.RCC_APB2PeriphClockCmd  stm32f4xx_rcc.o
    0x080014dc   0x00000094   Code   RO         5326    i.RCC_GetClocksFreq  stm32f4xx_rcc.o
    0x08001570   0x00000002   Code   RO         1711    i.RcvCallback       rcv_srv.o
    0x08001572   0x00000002   PAD
    0x08001574   0x00000094   Code   RO         2097    i.Rcv_Config        rcv.o
    0x08001608   0x00000030   Code   RO         6631    i.SYSCFG_EXTILineConfig  stm32f4xx_syscfg.o
    0x08001638   0x000000d0   Code   RO         7497    i.SetSysClock       system_stm32f4xx.o
    0x08001708   0x00000002   Code   RO         1750    i.SyncTimCallback   tim_srv.o
    0x0800170a   0x00000002   PAD
    0x0800170c   0x0000002c   Code   RO         2277    i.SyncTim_Config    tim.o
    0x08001738   0x00000028   Code   RO         2278    i.SyncTim_Start     tim.o
    0x08001760   0x0000005c   Code   RO         7499    i.SystemInit        system_stm32f4xx.o
    0x080017bc   0x0000002a   Code   RO         2280    i.TIM2_IRQHandler   tim.o
    0x080017e6   0x00000002   PAD
    0x080017e8   0x00000030   Code   RO         2281    i.TIM6_DAC_IRQHandler  tim.o
    0x08001818   0x00000014   Code   RO         6690    i.TIM_ARRPreloadConfig  stm32f4xx_tim.o
    0x0800182c   0x00000006   Code   RO         6696    i.TIM_ClearFlag     stm32f4xx_tim.o
    0x08001832   0x00000006   Code   RO         6697    i.TIM_ClearITPendingBit  stm32f4xx_tim.o
    0x08001838   0x00000014   Code   RO         6702    i.TIM_Cmd           stm32f4xx_tim.o
    0x0800184c   0x00000144   Code   RO         2177    i.TIM_Config        stm32util.o
    0x08001990   0x00000018   Code   RO         6723    i.TIM_GetITStatus   stm32f4xx_tim.o
    0x080019a8   0x00000010   Code   RO         6727    i.TIM_ITConfig      stm32f4xx_tim.o
    0x080019b8   0x0000007c   Code   RO         6774    i.TIM_TimeBaseInit  stm32f4xx_tim.o
    0x08001a34   0x00000004   Code   RO         1751    i.TickTimCallback   tim_srv.o
    0x08001a38   0x00000030   Code   RO         2282    i.TickTim_Config    tim.o
    0x08001a68   0x00000022   Code   RO         2283    i.TickTim_Start     tim.o
    0x08001a8a   0x0000000e   Code   RO         2285    i.Tim_Config        tim.o
    0x08001a98   0x0000000e   Code   RO         2286    i.Tim_Start         tim.o
    0x08001aa6   0x00000002   Code   RO         1774    i.TtyRxCallback     tty_srv.o
    0x08001aa8   0x00000070   Code   RO         2357    i.Tty_Config        tty.o
    0x08001b18   0x0000007c   Code   RO         2098    i.USART1_IRQHandler  rcv.o
    0x08001b94   0x00000098   Code   RO         1829    i.USART2_IRQHandler  btm.o
    0x08001c2c   0x00000098   Code   RO         2364    i.USART6_IRQHandler  tty.o
    0x08001cc4   0x00000de0   Code   RO         2179    i.USART_Bind        stm32util.o
    0x08002aa4   0x0000000c   Code   RO         7240    i.USART_ClearITPendingBit  stm32f4xx_usart.o
    0x08002ab0   0x00000014   Code   RO         7243    i.USART_Cmd         stm32f4xx_usart.o
    0x08002ac4   0x00000190   Code   RO         2180    i.USART_Config      stm32util.o
    0x08002c54   0x00000010   Code   RO         7244    i.USART_DMACmd      stm32f4xx_usart.o
    0x08002c64   0x0000003e   Code   RO         7247    i.USART_GetITStatus  stm32f4xx_usart.o
    0x08002ca2   0x00000030   Code   RO         7249    i.USART_ITConfig    stm32f4xx_usart.o
    0x08002cd2   0x00000002   PAD
    0x08002cd4   0x000000ac   Code   RO         7250    i.USART_Init        stm32f4xx_usart.o
    0x08002d80   0x00000008   Code   RO         7257    i.USART_ReceiveData  stm32f4xx_usart.o
    0x08002d88   0x00000008   Code   RO         7260    i.USART_SendData    stm32f4xx_usart.o
    0x08002d90   0x00000010   Code   RO         1043    i.Wdg_Feed          wdg.o
    0x08002da0   0x00000068   Code   RO          416    i.ZGyro_Proc        can.o
    0x08002e08   0x0000002c   Code   RO            4    i.main              main.o
    0x08002e34   0x0000000a   Code   RO         7849    x$fpl$fpinit        fz_wm.l(fpinit.o)
    0x08002e3e   0x00000002   PAD
    0x08002e40   0x00000020   Data   RO         7934    Region$$Table       anon$$obj.o


    Execution Region RW_IRAM1 (Base: 0x20000000, Size: 0x00002550, Max: 0x00030000, ABSOLUTE)

    Base Addr    Size         Type   Attr      Idx    E Section Name        Object

    0x20000000   0x00000008   Data   RW          525    .data               clk.o
    0x20000008   0x0000002c   Data   RW         1050    .data               wdg.o
    0x20000034   0x00000010   Data   RW         5358    .data               stm32f4xx_rcc.o
    0x20000044   0x00000c14   Zero   RW          418    .bss                can.o
    0x20000c58   0x00000228   Zero   RW         1830    .bss                btm.o
    0x20000e80   0x00000048   Zero   RW         2099    .bss                rcv.o
    0x20000ec8   0x00000228   Zero   RW         2365    .bss                tty.o
    0x200010f0   0x00000060   Zero   RW         7808    .bss                c_w.l(libspace.o)
    0x20001150   0x00001000   Zero   RW         7536    HEAP                startup_stm32f427xx.o
    0x20002150   0x00000400   Zero   RW         7535    STACK               startup_stm32f427xx.o


==============================================================================

Image component sizes


      Code (inc. data)   RO Data    RW Data    ZI Data      Debug   Object Name

        96         30          0          0          0        525   bsp.o
       354         36          0          0        552       3488   btm.o
        12          4          0          0          0        464   btm_srv.o
        60          4          0          0          0       1016   btn.o
       490         38          0          0       3092       3775   can.o
       216         26          0          0          0       1625   can1.o
       216         24          0          0          0       1633   can2.o
         8          0          0          0          0       1314   can_srv.o
        48         10          0          8          0       1123   clk.o
        92          0          0          0          0       2456   ekf.o
       124          0          0          0          0        959   est.o
         2          0          0          0          0        446   ext_srv.o
       168          0          0          0          0       3889   fifo.o
       122          0          0          0          0        879   gdf.o
        48          8          0          0          0        493   led.o
        44          6          0          0          0     330443   main.o
       120         14          0          0          0       1587   misc.o
       272         36          0          0         72       1613   rcv.o
         2          0          0          0          0        730   rcv_srv.o
        64         26        428          0       5120        860   startup_stm32f427xx.o
       944         24          0          0          0       6895   stm32f4xx_can.o
       166          4          0          0          0       5034   stm32f4xx_dma.o
       144         14          0          0          0       2264   stm32f4xx_exti.o
       210          0          0          0          0       3609   stm32f4xx_gpio.o
       220         34          0         16          0       4923   stm32f4xx_rcc.o
        48          6          0          0          0        700   stm32f4xx_syscfg.o
       216         28          0          0          0       6064   stm32f4xx_tim.o
       346          8          0          0          0       6332   stm32f4xx_usart.o
      5164        210          0          0          0      14272   stm32util.o
       300         36          0          0          0       1601   system_stm32f4xx.o
       284         18          0          0          0       4337   tim.o
         6          0          0          0          0        908   tim_srv.o
       264         28          0          0        552       1972   tty.o
         2          0          0          0          0        464   tty_srv.o
        16          6          0         44          0       1009   wdg.o

    ----------------------------------------------------------------------
     10908        678        460         68       9388     419702   Object Totals
         0          0         32          0          0          0   (incl. Generated)
        20          0          0          0          0          0   (incl. Padding)

    ----------------------------------------------------------------------

      Code (inc. data)   RO Data    RW Data    ZI Data      Debug   Library Member Name

         8          0          0          0          0         68   __main.o
         0          0          0          0          0          0   __rtentry.o
        12          0          0          0          0          0   __rtentry2.o
         6          0          0          0          0          0   __rtentry4.o
        52          8          0          0          0          0   __scatter.o
        26          0          0          0          0          0   __scatter_copy.o
        28          0          0          0          0          0   __scatter_zi.o
        18          0          0          0          0         80   exit.o
         6          0          0          0          0        152   heapauxi.o
         0          0          0          0          0          0   indicate_semi.o
         2          0          0          0          0          0   libinit.o
         6          0          0          0          0          0   libinit2.o
         2          0          0          0          0          0   libshutdown.o
         2          0          0          0          0          0   libshutdown2.o
         8          4          0          0         96         68   libspace.o
        68          0          0          0          0         68   rt_memclr.o
        78          0          0          0          0         80   rt_memclr_w.o
         2          0          0          0          0          0   rtexit.o
        10          0          0          0          0          0   rtexit2.o
        62          0          0          0          0         76   strlen.o
        12          4          0          0          0         68   sys_exit.o
        74          0          0          0          0         80   sys_stackheap_outer.o
         2          0          0          0          0         68   use_no_semi.o
        10          0          0          0          0        116   fpinit.o

    ----------------------------------------------------------------------
       504         16          0          0         96        924   Library Totals
        10          0          0          0          0          0   (incl. Padding)

    ----------------------------------------------------------------------

      Code (inc. data)   RO Data    RW Data    ZI Data      Debug   Library Name

       484         16          0          0         96        808   c_w.l
        10          0          0          0          0        116   fz_wm.l

    ----------------------------------------------------------------------
       504         16          0          0         96        924   Library Totals

    ----------------------------------------------------------------------

==============================================================================


      Code (inc. data)   RO Data    RW Data    ZI Data      Debug   

     11412        694        460         68       9484     410014   Grand Totals
     11412        694        460         68       9484     410014   ELF Image Totals
     11412        694        460         68          0          0   ROM Totals

==============================================================================

    Total RO  Size (Code + RO Data)                11872 (  11.59kB)
    Total RW  Size (RW Data + ZI Data)              9552 (   9.33kB)
    Total ROM Size (Code + RO Data + RW Data)      11940 (  11.66kB)

==============================================================================

