Component: ARM Compiler 5.06 update 4 (build 422) Tool: armlink [4d35d2]

==============================================================================

Section Cross References

    main.o(i.main) refers to cfg.o(i.Cfg_Reset) for Cfg_Reset
    main.o(i.main) refers to kos.o(i.KOS_Boot) for KOS_Boot
    main.o(i.main) refers to sch.o(i.Sch_Arrange) for Sch_Arrange
    main.o(i.main) refers to clk.o(i.Clk_GetMsTick) for Clk_GetMsTick
    main.o(i.main) refers to dbg.o(i.Dbg_Cfg) for Dbg_Cfg
    main.o(i.main) refers to main.o(i.task) for task
    main.o(i.task) refers to stm32f4xx_gpio.o(i.GPIO_ToggleBits) for GPIO_ToggleBits
    kos.o(i.KOS_Boot) refers to app.o(i.App_Init) for App_Init
    kos.o(i.KOS_Boot) refers to bsp.o(i.Bsp_Config) for Bsp_Config
    kos.o(i.KOS_Boot) refers to tim.o(i.Tim_Start) for Tim_Start
    kos.o(i.KOS_Stop) refers to tim.o(i.Tim_Stop) for Tim_Stop
    kos.o(i.KOS_Stop) refers to sch.o(i.Sch_Init) for Sch_Init
    kos.o(i.KOS_Stop) refers to act.o(i.Act_Init) for Act_Init
    sch.o(i.Sch_Arrange) refers to sch.o(i.getSchTask) for getSchTask
    sch.o(i.Sch_Arrange) refers to sch.o(i.newSchTask) for newSchTask
    sch.o(i.Sch_Arrange) refers to sch.o(.data) for .data
    sch.o(i.Sch_Dismiss) refers to sch.o(i.getSchTask) for getSchTask
    sch.o(i.Sch_Dismiss) refers to malloc.o(i.free) for free
    sch.o(i.Sch_Dismiss) refers to sch.o(.data) for .data
    sch.o(i.Sch_Init) refers to sch.o(.data) for .data
    sch.o(i.Sch_Proc) refers to clk.o(i.Clk_GetMsTick) for Clk_GetMsTick
    sch.o(i.Sch_Proc) refers to sch.o(.data) for .data
    sch.o(i.getSchTask) refers to sch.o(.data) for .data
    sch.o(i.newSchTask) refers to malloc.o(i.malloc) for malloc
    sch.o(i.newSchTask) refers to memseta.o(.text) for __aeabi_memclr4
    act.o(i.Act_Init) refers to motor.o(i.CM_Cmd) for CM_Cmd
    act.o(i.Act_Init) refers to motor.o(i.GM_Cmd) for GM_Cmd
    act.o(i.Act_Proc) refers to motor.o(i.CM_Cmd) for CM_Cmd
    act.o(i.Act_Proc) refers to motor.o(i.GM_Cmd) for GM_Cmd
    act.o(i.Act_Proc) refers to ctl.o(.bss) for ctl
    app.o(i.App_Init) refers to ios.o(i.Ios_Init) for Ios_Init
    app.o(i.App_Init) refers to cfg.o(i.Cfg_Init) for Cfg_Init
    app.o(i.App_Init) refers to act.o(i.Act_Init) for Act_Init
    app.o(i.App_Init) refers to clk.o(i.Clk_Init) for Clk_Init
    app.o(i.App_Init) refers to wdg.o(i.Wdg_Init) for Wdg_Init
    app.o(i.App_Init) refers to ini.o(i.Ini_Init) for Ini_Init
    app.o(i.App_Init) refers to wsm.o(i.Wsm_Init) for Wsm_Init
    app.o(i.App_Init) refers to com.o(i.Com_Init) for Com_Init
    app.o(i.App_Init) refers to upd.o(i.Upd_Init) for Upd_Init
    app.o(i.App_Proc) refers to wdg.o(i.Wdg_Proc) for Wdg_Proc
    app.o(i.App_Proc) refers to ini.o(i.Ini_Proc) for Ini_Proc
    app.o(i.App_Proc) refers to wsm.o(i.Wsm_Proc) for Wsm_Proc
    app.o(i.App_Proc) refers to upd.o(i.Upd_Proc) for Upd_Proc
    can.o(i.Can_Init) refers to can.o(i.Motor_Reset) for Motor_Reset
    can.o(i.Can_Init) refers to can.o(i.ZGyro_Reset) for ZGyro_Reset
    can.o(i.Can_Init) refers to can.o(.bss) for .bss
    can.o(i.Can_Proc) refers to wdg.o(i.Wdg_Feed) for Wdg_Feed
    can.o(i.Can_Proc) refers to can.o(i.ZGyro_Process) for ZGyro_Process
    can.o(i.Can_Proc) refers to can.o(i.Motor_Process) for Motor_Process
    can.o(i.Can_Proc) refers to can.o(.bss) for .bss
    can.o(i.Motor_Process) refers to ekf.o(i.Ekf_Init) for Ekf_Init
    can.o(i.Motor_Process) refers to ekf.o(i.Ekf_SetE) for Ekf_SetE
    can.o(i.Motor_Process) refers to ekf.o(i.Ekf_Proc) for Ekf_Proc
    can.o(i.Motor_Reset) refers to memseta.o(.text) for __aeabi_memclr4
    can.o(i.ZGyro_Reset) refers to memseta.o(.text) for __aeabi_memclr4
    cci.o(i.Cci_Proc) refers to fun.o(i.constrain) for constrain
    cci.o(i.Cci_Proc) refers to cfg.o(.data) for cfg
    cci.o(i.Cci_Proc) refers to cmd.o(.bss) for cmd
    cfg.o(i.Cfg_ClrFlag) refers to fun.o(i.Flag_Clr) for Flag_Clr
    cfg.o(i.Cfg_ClrFlag) refers to cfg.o(.data) for .data
    cfg.o(i.Cfg_GetFlag) refers to fun.o(i.Flag_Get) for Flag_Get
    cfg.o(i.Cfg_GetFlag) refers to cfg.o(.data) for .data
    cfg.o(i.Cfg_GetVer) refers to cfg.o(.data) for .data
    cfg.o(i.Cfg_Init) refers to memcpya.o(.text) for __aeabi_memcpy4
    cfg.o(i.Cfg_Init) refers to cfg.o(i.Cfg_Load) for Cfg_Load
    cfg.o(i.Cfg_Init) refers to cfg.o(i.Cfg_GetFlag) for Cfg_GetFlag
    cfg.o(i.Cfg_Init) refers to cfg.o(.constdata) for .constdata
    cfg.o(i.Cfg_Init) refers to cfg.o(.data) for .data
    cfg.o(i.Cfg_IsSynced) refers to cfg.o(.data) for .data
    cfg.o(i.Cfg_Load) refers to fos.o(i.Fos_Read) for Fos_Read
    cfg.o(i.Cfg_Proc) refers to cfg.o(i.Cfg_Save) for Cfg_Save
    cfg.o(i.Cfg_Proc) refers to cfg.o(.data) for .data
    cfg.o(i.Cfg_Reset) refers to memcpya.o(.text) for __aeabi_memcpy4
    cfg.o(i.Cfg_Reset) refers to cfg.o(i.Cfg_Save) for Cfg_Save
    cfg.o(i.Cfg_Reset) refers to cfg.o(i.Cfg_Init) for Cfg_Init
    cfg.o(i.Cfg_Reset) refers to cfg.o(.constdata) for .constdata
[...]
    SetSysClock                              0x08004825   Thumb Code   190  system_stm32f4xx.o(i.SetSysClock)
    i.SyncTimCallback                        0x080048f4   Section        0  tim_srv.o(i.SyncTimCallback)
    i.SyncTim_Config                         0x080048f8   Section        0  tim.o(i.SyncTim_Config)
    i.SyncTim_Start                          0x08004924   Section        0  tim.o(i.SyncTim_Start)
    i.SystemInit                             0x0800494c   Section        0  system_stm32f4xx.o(i.SystemInit)
    i.TIM2_IRQHandler                        0x080049a8   Section        0  tim.o(i.TIM2_IRQHandler)
    i.TIM6_DAC_IRQHandler                    0x080049d4   Section        0  tim.o(i.TIM6_DAC_IRQHandler)
    i.TIM_ARRPreloadConfig                   0x08004a04   Section        0  stm32f4xx_tim.o(i.TIM_ARRPreloadConfig)
    i.TIM_ClearFlag                          0x08004a18   Section        0  stm32f4xx_tim.o(i.TIM_ClearFlag)
    i.TIM_ClearITPendingBit                  0x08004a1e   Section        0  stm32f4xx_tim.o(i.TIM_ClearITPendingBit)
    i.TIM_Cmd                                0x08004a24   Section        0  stm32f4xx_tim.o(i.TIM_Cmd)
    i.TIM_Config                             0x08004a38   Section        0  stm32util.o(i.TIM_Config)
    i.TIM_GetITStatus                        0x08004b7c   Section        0  stm32f4xx_tim.o(i.TIM_GetITStatus)
    i.TIM_ITConfig                           0x08004b94   Section        0  stm32f4xx_tim.o(i.TIM_ITConfig)
    i.TIM_OC1Init                            0x08004ba4   Section        0  stm32f4xx_tim.o(i.TIM_OC1Init)
    i.TIM_OC1PreloadConfig                   0x08004c04   Section        0  stm32f4xx_tim.o(i.TIM_OC1PreloadConfig)
    i.TIM_OC2Init                            0x08004c10   Section        0  stm32f4xx_tim.o(i.TIM_OC2Init)
    i.TIM_OC2PreloadConfig                   0x08004c90   Section        0  stm32f4xx_tim.o(i.TIM_OC2PreloadConfig)
    i.TIM_OC3Init                            0x08004ca4   Section        0  stm32f4xx_tim.o(i.TIM_OC3Init)
    i.TIM_OC3PreloadConfig                   0x08004d20   Section        0  stm32f4xx_tim.o(i.TIM_OC3PreloadConfig)
    i.TIM_OC4Init                            0x08004d2c   Section        0  stm32f4xx_tim.o(i.TIM_OC4Init)
    i.TIM_OC4PreloadConfig                   0x08004d8c   Section        0  stm32f4xx_tim.o(i.TIM_OC4PreloadConfig)
    i.TIM_OC_Config                          0x08004da0   Section        0  stm32util.o(i.TIM_OC_Config)
    i.TIM_TimeBaseInit                       0x08004e24   Section        0  stm32f4xx_tim.o(i.TIM_TimeBaseInit)
    i.TickTimCallback                        0x08004ea0   Section        0  tim_srv.o(i.TickTimCallback)
    i.TickTim_Config                         0x08004ea4   Section        0  tim.o(i.TickTim_Config)
    i.TickTim_Start                          0x08004ec8   Section        0  tim.o(i.TickTim_Start)
    i.Tim_Config                             0x08004eea   Section        0  tim.o(i.Tim_Config)
    i.Tim_Start                              0x08004ef8   Section        0  tim.o(i.Tim_Start)
    i.TtyRxCallback                          0x08004f06   Section        0  com_srv.o(i.TtyRxCallback)
    i.Tty_Config                             0x08004f0c   Section        0  tty.o(i.Tty_Config)
    i.Tty_Proc                               0x08004f7c   Section        0  com.o(i.Tty_Proc)
    i.Tty_ReadByte                           0x08004f84   Section        0  tty.o(i.Tty_ReadByte)
    i.Tty_WriteByte                          0x08004fc8   Section        0  tty.o(i.Tty_WriteByte)
    i.USART1_IRQHandler                      0x08005004   Section        0  rcv.o(i.USART1_IRQHandler)
    i.USART2_IRQHandler                      0x08005078   Section        0  btm.o(i.USART2_IRQHandler)
    i.USART3_IRQHandler                      0x08005110   Section        0  dbi.o(i.USART3_IRQHandler)
    i.USART6_IRQHandler                      0x080051a8   Section        0  tty.o(i.USART6_IRQHandler)
    i.USART_Bind                             0x08005240   Section        0  stm32util.o(i.USART_Bind)
    i.USART_Cmd                              0x08006020   Section        0  stm32f4xx_usart.o(i.USART_Cmd)
    i.USART_Config                           0x08006034   Section        0  stm32util.o(i.USART_Config)
    i.USART_DMACmd                           0x080061c4   Section        0  stm32f4xx_usart.o(i.USART_DMACmd)
    i.USART_GetITStatus                      0x080061d4   Section        0  stm32f4xx_usart.o(i.USART_GetITStatus)
    i.USART_ITConfig                         0x08006212   Section        0  stm32f4xx_usart.o(i.USART_ITConfig)
    i.USART_Init                             0x08006244   Section        0  stm32f4xx_usart.o(i.USART_Init)
    i.USART_ReceiveData                      0x080062f0   Section        0  stm32f4xx_usart.o(i.USART_ReceiveData)
    i.USART_SendData                         0x080062f8   Section        0  stm32f4xx_usart.o(i.USART_SendData)
    i.Upd_Init                               0x08006300   Section        0  upd.o(i.Upd_Init)
    i.Upl_Init                               0x08006310   Section        0  upl.o(i.Upl_Init)
    i.UsageFault_Handler                     0x08006324   Section        0  stm32f4xx_it.o(i.UsageFault_Handler)
    i.Wdg_Feed                               0x08006328   Section        0  wdg.o(i.Wdg_Feed)
    i.Wdg_Init                               0x08006338   Section        0  wdg.o(i.Wdg_Init)
    i.Wdg_IsErrSet                           0x08006364   Section        0  wdg.o(i.Wdg_IsErrSet)
    i.Wsm_Init                               0x08006370   Section        0  wsm.o(i.Wsm_Init)
    i.ZGyro_Process                          0x08006380   Section        0  can.o(i.ZGyro_Process)
    i.ZGyro_Reset                            0x0800640c   Section        0  can.o(i.ZGyro_Reset)
    i.__0printf                              0x08006414   Section        0  printfa.o(i.__0printf)
    i.__scatterload_copy                     0x08006434   Section       14  handlers.o(i.__scatterload_copy)
    i.__scatterload_null                     0x08006442   Section        2  handlers.o(i.__scatterload_null)
    i.__scatterload_zeroinit                 0x08006444   Section       14  handlers.o(i.__scatterload_zeroinit)
    i._fp_digits                             0x08006454   Section        0  printfa.o(i._fp_digits)
    _fp_digits                               0x08006455   Thumb Code   366  printfa.o(i._fp_digits)
    i._printf_core                           0x080065d8   Section        0  printfa.o(i._printf_core)
    _printf_core                             0x080065d9   Thumb Code  1744  printfa.o(i._printf_core)
    i._printf_post_padding                   0x08006cb4   Section        0  printfa.o(i._printf_post_padding)
    _printf_post_padding                     0x08006cb5   Thumb Code    36  printfa.o(i._printf_post_padding)
    i._printf_pre_padding                    0x08006cd8   Section        0  printfa.o(i._printf_pre_padding)
    _printf_pre_padding                      0x08006cd9   Thumb Code    46  printfa.o(i._printf_pre_padding)
    i.constrain                              0x08006d06   Section        0  fun.o(i.constrain)
    i.fputc                                  0x08006d28   Section        0  ios.o(i.fputc)
    i.getSchTask                             0x08006d40   Section        0  sch.o(i.getSchTask)
    getSchTask                               0x08006d41   Thumb Code    22  sch.o(i.getSchTask)
    i.main                                   0x08006d5c   Section        0  main.o(i.main)
    i.malloc                                 0x08006d8c   Section        0  malloc.o(i.malloc)
    i.map                                    0x08006df8   Section        0  fun.o(i.map)
    i.newSchTask                             0x08006e30   Section        0  sch.o(i.newSchTask)
    newSchTask                               0x08006e31   Thumb Code    40  sch.o(i.newSchTask)
    i.task                                   0x08006e58   Section        0  main.o(i.task)
    .constdata                               0x08006e68   Section      414  cfg.o(.constdata)
    .constdata                               0x08007008   Section       68  wdg.o(.constdata)
    CNT                                      0x08007008   Data          68  wdg.o(.constdata)
    .data                                    0x20000000   Section        8  sch.o(.data)
    first                                    0x20000000   Data           4  sch.o(.data)
    last                                     0x20000004   Data           4  sch.o(.data)
    .data                                    0x20000008   Section      207  cfg.o(.data)
    .data                                    0x200000d8   Section       20  clk.o(.data)
    us_tick                                  0x200000d8   Data           4  clk.o(.data)
    us_temp                                  0x200000dc   Data           4  clk.o(.data)
    ms_tick                                  0x200000e0   Data           4  clk.o(.data)
    ms_temp                                  0x200000e4   Data           4  clk.o(.data)
    sc_tick                                  0x200000e8   Data           4  clk.o(.data)
    .data                                    0x200000ec   Section       40  ctl.o(.data)
    .data                                    0x20000114   Section        4  ini.o(.data)
    iniFlag                                  0x20000114   Data           4  ini.o(.data)
    .data                                    0x20000118   Section        8  ios.o(.data)
    .data                                    0x20000120   Section       72  wdg.o(.data)
    err                                      0x20000120   Data           4  wdg.o(.data)
    cnt                                      0x20000124   Data          68  wdg.o(.data)
    .data                                    0x20000168   Section        2  wsm.o(.data)
    workingState                             0x20000168   Data           1  wsm.o(.data)
    lastWorkingState                         0x20000169   Data           1  wsm.o(.data)
    .data                                    0x2000016a   Section       16  stm32f4xx_rcc.o(.data)
    APBAHBPrescTable                         0x2000016a   Data          16  stm32f4xx_rcc.o(.data)
    .data                                    0x2000017c   Section        4  stdout.o(.data)
    .data                                    0x20000180   Section        4  mvars.o(.data)
    .data                                    0x20000184   Section        4  mvars.o(.data)
    .bss                                     0x20000188   Section      692  can.o(.bss)
    .bss                                     0x2000043c   Section       48  cmd.o(.bss)
    .bss                                     0x2000046c   Section      396  ctl.o(.bss)
    .bss                                     0x200005f8   Section       22  dci.o(.bss)
    .bss                                     0x20000610   Section      612  dnl.o(.bss)
    buf                                      0x2000065e   Data         512  dnl.o(.bss)
    fifo                                     0x20000860   Data          20  dnl.o(.bss)
    .bss                                     0x20000874   Section      184  hci.o(.bss)
    hcf                                      0x20000874   Data          16  hci.o(.bss)
    fx                                       0x20000884   Data          16  hci.o(.bss)
    fy                                       0x20000894   Data          16  hci.o(.bss)
    fz                                       0x200008a4   Data          16  hci.o(.bss)
    buf                                      0x200008b4   Data         120  hci.o(.bss)
    .bss                                     0x2000092c   Section       20  mec.o(.bss)
    .bss                                     0x20000940   Section      100  odo.o(.bss)
    .bss                                     0x200009a4   Section       16  rci.o(.bss)
    rcf                                      0x200009a4   Data          16  rci.o(.bss)
    .bss                                     0x200009b4   Section      276  upl.o(.bss)
    buf                                      0x200009b4   Data         256  upl.o(.bss)
    fifo                                     0x20000ab4   Data          20  upl.o(.bss)
    .bss                                     0x20000ac8   Section      552  btm.o(.bss)
    rx_fifo                                  0x20000ac8   Data          20  btm.o(.bss)
    tx_fifo                                  0x20000adc   Data          20  btm.o(.bss)
    rx_buf                                   0x20000af0   Data         256  btm.o(.bss)
    tx_buf                                   0x20000bf0   Data         256  btm.o(.bss)
    .bss                                     0x20000cf0   Section      552  dbi.o(.bss)
    rx_fifo                                  0x20000cf0   Data          20  dbi.o(.bss)
    tx_fifo                                  0x20000d04   Data          20  dbi.o(.bss)
    rx_buf                                   0x20000d18   Data         256  dbi.o(.bss)
    tx_buf                                   0x20000e18   Data         256  dbi.o(.bss)
    .bss                                     0x20000f18   Section       72  rcv.o(.bss)
    buf                                      0x20000f18   Data          72  rcv.o(.bss)
    .bss                                     0x20000f60   Section      552  tty.o(.bss)
    rx_fifo                                  0x20000f60   Data          20  tty.o(.bss)
    tx_fifo                                  0x20000f74   Data          20  tty.o(.bss)
    rx_buf                                   0x20000f88   Data         256  tty.o(.bss)
    tx_buf                                   0x20001088   Data         256  tty.o(.bss)
    HEAP                                     0x20001188   Section     4096  startup_stm32f427xx.o(HEAP)
    STACK                                    0x20002188   Section     1024  startup_stm32f427xx.o(STACK)

    Global Symbols

    Symbol Name                              Value     Ov Type        Size  Object(Section)

    BuildAttributes$$THM_ISAv4$E$P$D$K$B$S$7EM$VFPi3$EXTD16$VFPS$VFMA$PE$A:L22UL41UL21$X:L11$S22US41US21$IEEE1$IW$USESV6$~STKCKD$USESV7$~SHL$OTIME$ROPI$IEEEX$EBA8$MICROLIB$REQ8$PRES8$EABIv2 0x00000000   Number         0  anon$$obj.o ABSOLUTE
    __ARM_use_no_argv                        0x00000000   Number         0  main.o ABSOLUTE
    _printf_a                                0x00000000   Number         0  stubs.o ABSOLUTE
    _printf_c                                0x00000000   Number         0  stubs.o ABSOLUTE
    _printf_charcount                        0x00000000   Number         0  stubs.o ABSOLUTE
    _printf_d                                0x00000000   Number         0  stubs.o ABSOLUTE
    _printf_e                                0x00000000   Number         0  stubs.o ABSOLUTE
    _printf_f                                0x00000000   Number         0  stubs.o ABSOLUTE
    _printf_flags                            0x00000000   Number         0  stubs.o ABSOLUTE
    _printf_fp_dec                           0x00000000   Number         0  stubs.o ABSOLUTE
    _printf_fp_hex                           0x00000000   Number         0  stubs.o ABSOLUTE
    _printf_g                                0x00000000   Number         0  stubs.o ABSOLUTE
    _printf_i                                0x00000000   Number         0  stubs.o ABSOLUTE
    _printf_int_dec                          0x00000000   Number         0  stubs.o ABSOLUTE
    _printf_l                                0x00000000   Number         0  stubs.o ABSOLUTE
    _printf_lc                               0x00000000   Number         0  stubs.o ABSOLUTE
    _printf_ll                               0x00000000   Number         0  stubs.o ABSOLUTE
    _printf_lld                              0x00000000   Number         0  stubs.o ABSOLUTE
    _printf_lli                              0x00000000   Number         0  stubs.o ABSOLUTE
    _printf_llo                              0x00000000   Number         0  stubs.o ABSOLUTE
    _printf_llu                              0x00000000   Number         0  stubs.o ABSOLUTE
    _printf_llx                              0x00000000   Number         0  stubs.o ABSOLUTE
    _printf_longlong_dec                     0x00000000   Number         0  stubs.o ABSOLUTE
    _printf_longlong_hex                     0x00000000   Number         0  stubs.o ABSOLUTE
    _printf_longlong_oct                     0x00000000   Number         0  stubs.o ABSOLUTE
    _printf_ls                               0x00000000   Number         0  stubs.o ABSOLUTE
    _printf_mbtowc                           0x00000000   Number         0  stubs.o ABSOLUTE
    _printf_n                                0x00000000   Number         0  stubs.o ABSOLUTE
    _printf_o                                0x00000000   Number         0  stubs.o ABSOLUTE
    _printf_p                                0x00000000   Number         0  stubs.o ABSOLUTE
    _printf_percent                          0x00000000   Number         0  stubs.o ABSOLUTE
    _printf_pre_padding                      0x00000000   Number         0  stubs.o ABSOLUTE
    _printf_return_value                     0x00000000   Number         0  stubs.o ABSOLUTE
    _printf_s                                0x00000000   Number         0  stubs.o ABSOLUTE
    _printf_sizespec                         0x00000000   Number         0  stubs.o ABSOLUTE
    _printf_str                              0x00000000   Number         0  stubs.o ABSOLUTE
    _printf_truncate_signed                  0x00000000   Number         0  stubs.o ABSOLUTE
    _printf_truncate_unsigned                0x00000000   Number         0  stubs.o ABSOLUTE
    _printf_u                                0x00000000   Number         0  stubs.o ABSOLUTE
    _printf_wc                               0x00000000   Number         0  stubs.o ABSOLUTE
    _printf_wctomb                           0x00000000   Number         0  stubs.o ABSOLUTE
    _printf_widthprec                        0x00000000   Number         0  stubs.o ABSOLUTE
    _printf_x                                0x00000000   Number         0  stubs.o ABSOLUTE
    __cpp_initialize__aeabi_                  - Undefined Weak Reference
    __cxa_finalize                            - Undefined Weak Reference
    _clock_init                               - Undefined Weak Reference
    _microlib_exit                            - Undefined Weak Reference
    __Vectors_Size                           0x000001ac   Number         0  startup_stm32f427xx.o ABSOLUTE
    __Vectors                                0x08000000   Data           4  startup_stm32f427xx.o(RESET)
    __Vectors_End                            0x080001ac   Data           0  startup_stm32f427xx.o(RESET)
    __main                                   0x080001ad   Thumb Code     0  entry.o(.ARM.Collect$$$$00000000)
    _main_stk                                0x080001ad   Thumb Code     0  entry2.o(.ARM.Collect$$$$00000001)
    _main_scatterload                        0x080001b1   Thumb Code     0  entry5.o(.ARM.Collect$$$$00000004)
    __main_after_scatterload                 0x080001b5   Thumb Code     0  entry5.o(.ARM.Collect$$$$00000004)
    _main_clock                              0x080001b5   Thumb Code     0  entry7b.o(.ARM.Collect$$$$00000008)
    _main_cpp_init                           0x080001b5   Thumb Code     0  entry8b.o(.ARM.Collect$$$$0000000A)
    _main_init                               0x080001b5   Thumb Code     0  entry9a.o(.ARM.Collect$$$$0000000B)
    __rt_final_cpp                           0x080001bd   Thumb Code     0  entry10a.o(.ARM.Collect$$$$0000000D)
    __rt_final_exit                          0x080001bd   Thumb Code     0  entry11a.o(.ARM.Collect$$$$0000000F)
    Reset_Handler                            0x080001c1   Thumb Code     8  startup_stm32f427xx.o(.text)
    SysTick_Handler                          0x080001d9   Thumb Code     2  startup_stm32f427xx.o(.text)
    ADC_IRQHandler                           0x080001db   Thumb Code     0  startup_stm32f427xx.o(.text)
    CAN1_RX1_IRQHandler                      0x080001db   Thumb Code     0  startup_stm32f427xx.o(.text)
    CAN1_SCE_IRQHandler                      0x080001db   Thumb Code     0  startup_stm32f427xx.o(.text)
    CAN2_RX1_IRQHandler                      0x080001db   Thumb Code     0  startup_stm32f427xx.o(.text)
    CAN2_SCE_IRQHandler                      0x080001db   Thumb Code     0  startup_stm32f427xx.o(.text)
    DCMI_IRQHandler                          0x080001db   Thumb Code     0  startup_stm32f427xx.o(.text)
    DMA1_Stream0_IRQHandler                  0x080001db   Thumb Code     0  startup_stm32f427xx.o(.text)
    DMA1_Stream1_IRQHandler                  0x080001db   Thumb Code     0  startup_stm32f427xx.o(.text)
    DMA1_Stream2_IRQHandler                  0x080001db   Thumb Code     0  startup_stm32f427xx.o(.text)
    DMA1_Stream3_IRQHandler                  0x080001db   Thumb Code     0  startup_stm32f427xx.o(.text)
    DMA1_Stream4_IRQHandler                  0x080001db   Thumb Code     0  startup_stm32f427xx.o(.text)
    DMA1_Stream5_IRQHandler                  0x080001db   Thumb Code     0  startup_stm32f427xx.o(.text)
    DMA1_Stream6_IRQHandler                  0x080001db   Thumb Code     0  startup_stm32f427xx.o(.text)
    DMA1_Stream7_IRQHandler                  0x080001db   Thumb Code     0  startup_stm32f427xx.o(.text)
    DMA2D_IRQHandler                         0x080001db   Thumb Code     0  startup_stm32f427xx.o(.text)
    DMA2_Stream0_IRQHandler                  0x080001db   Thumb Code     0  startup_stm32f427xx.o(.text)
    DMA2_Stream1_IRQHandler                  0x080001db   Thumb Code     0  startup_stm32f427xx.o(.text)
    DMA2_Stream2_IRQHandler                  0x080001db   Thumb Code     0  startup_stm32f427xx.o(.text)
    DMA2_Stream3_IRQHandler                  0x080001db   Thumb Code     0  startup_stm32f427xx.o(.text)
    DMA2_Stream4_IRQHandler                  0x080001db   Thumb Code     0  startup_stm32f427xx.o(.text)
    DMA2_Stream5_IRQHandler                  0x080001db   Thumb Code     0  startup_stm32f427xx.o(.text)
    DMA2_Stream6_IRQHandler                  0x080001db   Thumb Code     0  startup_stm32f427xx.o(.text)
    DMA2_Stream7_IRQHandler                  0x080001db   Thumb Code     0  startup_stm32f427xx.o(.text)
    ETH_IRQHandler                           0x080001db   Thumb Code     0  startup_stm32f427xx.o(.text)
    ETH_WKUP_IRQHandler                      0x080001db   Thumb Code     0  startup_stm32f427xx.o(.text)
    EXTI0_IRQHandler                         0x080001db   Thumb Code     0  startup_stm32f427xx.o(.text)
    EXTI15_10_IRQHandler                     0x080001db   Thumb Code     0  startup_stm32f427xx.o(.text)
    EXTI1_IRQHandler                         0x080001db   Thumb Code     0  startup_stm32f427xx.o(.text)
    EXTI2_IRQHandler                         0x080001db   Thumb Code     0  startup_stm32f427xx.o(.text)
    EXTI3_IRQHandler                         0x080001db   Thumb Code     0  startup_stm32f427xx.o(.text)
    EXTI4_IRQHandler                         0x080001db   Thumb Code     0  startup_stm32f427xx.o(.text)
    EXTI9_5_IRQHandler                       0x080001db   Thumb Code     0  startup_stm32f427xx.o(.text)
    FLASH_IRQHandler                         0x080001db   Thumb Code     0  startup_stm32f427xx.o(.text)
    FMC_IRQHandler                           0x080001db   Thumb Code     0  startup_stm32f427xx.o(.text)
    FPU_IRQHandler                           0x080001db   Thumb Code     0  startup_stm32f427xx.o(.text)
    HASH_RNG_IRQHandler                      0x080001db   Thumb Code     0  startup_stm32f427xx.o(.text)
    I2C1_ER_IRQHandler                       0x080001db   Thumb Code     0  startup_stm32f427xx.o(.text)
    I2C1_EV_IRQHandler                       0x080001db   Thumb Code     0  startup_stm32f427xx.o(.text)
    I2C2_ER_IRQHandler                       0x080001db   Thumb Code     0  startup_stm32f427xx.o(.text)
    I2C2_EV_IRQHandler                       0x080001db   Thumb Code     0  startup_stm32f427xx.o(.text)
    I2C3_ER_IRQHandler                       0x080001db   Thumb Code     0  startup_stm32f427xx.o(.text)
    I2C3_EV_IRQHandler                       0x080001db   Thumb Code     0  startup_stm32f427xx.o(.text)
    OTG_FS_IRQHandler                        0x080001db   Thumb Code     0  startup_stm32f427xx.o(.text)
    OTG_FS_WKUP_IRQHandler                   0x080001db   Thumb Code     0  startup_stm32f427xx.o(.text)
    OTG_HS_EP1_IN_IRQHandler                 0x080001db   Thumb Code     0  startup_stm32f427xx.o(.text)
    OTG_HS_EP1_OUT_IRQHandler                0x080001db   Thumb Code     0  startup_stm32f427xx.o(.text)
    OTG_HS_IRQHandler                        0x080001db   Thumb Code     0  startup_stm32f427xx.o(.text)
    OTG_HS_WKUP_IRQHandler                   0x080001db   Thumb Code     0  startup_stm32f427xx.o(.text)
    PVD_IRQHandler                           0x080001db   Thumb Code     0  startup_stm32f427xx.o(.text)
    RCC_IRQHandler                           0x080001db   Thumb Code     0  startup_stm32f427xx.o(.text)
    RTC_Alarm_IRQHandler                     0x080001db   Thumb Code     0  startup_stm32f427xx.o(.text)
    RTC_WKUP_IRQHandler                      0x080001db   Thumb Code     0  startup_stm32f427xx.o(.text)
    SAI1_IRQHandler                          0x080001db   Thumb Code     0  startup_stm32f427xx.o(.text)
    SDIO_IRQHandler                          0x080001db   Thumb Code     0  startup_stm32f427xx.o(.text)
    SPI1_IRQHandler                          0x080001db   Thumb Code     0  startup_stm32f427xx.o(.text)
    SPI2_IRQHandler                          0x080001db   Thumb Code     0  startup_stm32f427xx.o(.text)
    SPI3_IRQHandler                          0x080001db   Thumb Code     0  startup_stm32f427xx.o(.text)
    SPI4_IRQHandler                          0x080001db   Thumb Code     0  startup_stm32f427xx.o(.text)
    SPI5_IRQHandler                          0x080001db   Thumb Code     0  startup_stm32f427xx.o(.text)
    SPI6_IRQHandler                          0x080001db   Thumb Code     0  startup_stm32f427xx.o(.text)
    TAMP_STAMP_IRQHandler                    0x080001db   Thumb Code     0  startup_stm32f427xx.o(.text)
    TIM1_BRK_TIM9_IRQHandler                 0x080001db   Thumb Code     0  startup_stm32f427xx.o(.text)
    TIM1_CC_IRQHandler                       0x080001db   Thumb Code     0  startup_stm32f427xx.o(.text)
    TIM1_TRG_COM_TIM11_IRQHandler            0x080001db   Thumb Code     0  startup_stm32f427xx.o(.text)
    TIM1_UP_TIM10_IRQHandler                 0x080001db   Thumb Code     0  startup_stm32f427xx.o(.text)
    TIM3_IRQHandler                          0x080001db   Thumb Code     0  startup_stm32f427xx.o(.text)
    TIM4_IRQHandler                          0x080001db   Thumb Code     0  startup_stm32f427xx.o(.text)
    TIM5_IRQHandler                          0x080001db   Thumb Code     0  startup_stm32f427xx.o(.text)
    TIM7_IRQHandler                          0x080001db   Thumb Code     0  startup_stm32f427xx.o(.text)
    TIM8_BRK_TIM12_IRQHandler                0x080001db   Thumb Code     0  startup_stm32f427xx.o(.text)
    TIM8_CC_IRQHandler                       0x080001db   Thumb Code     0  startup_stm32f427xx.o(.text)
    TIM8_TRG_COM_TIM14_IRQHandler            0x080001db   Thumb Code     0  startup_stm32f427xx.o(.text)
    TIM8_UP_TIM13_IRQHandler                 0x080001db   Thumb Code     0  startup_stm32f427xx.o(.text)
    UART4_IRQHandler                         0x080001db   Thumb Code     0  startup_stm32f427xx.o(.text)
    UART5_IRQHandler                         0x080001db   Thumb Code     0  startup_stm32f427xx.o(.text)
    UART7_IRQHandler                         0x080001db   Thumb Code     0  startup_stm32f427xx.o(.text)
    UART8_IRQHandler                         0x080001db   Thumb Code     0  startup_stm32f427xx.o(.text)
    WWDG_IRQHandler                          0x080001db   Thumb Code     0  startup_stm32f427xx.o(.text)
    __aeabi_memcpy                           0x080001e5   Thumb Code    36  memcpya.o(.text)
    __aeabi_memcpy4                          0x080001e5   Thumb Code     0  memcpya.o(.text)
    __aeabi_memcpy8                          0x080001e5   Thumb Code     0  memcpya.o(.text)
    __aeabi_memset                           0x08000209   Thumb Code    14  memseta.o(.text)
    __aeabi_memset4                          0x08000209   Thumb Code     0  memseta.o(.text)
    __aeabi_memset8                          0x08000209   Thumb Code     0  memseta.o(.text)
    __aeabi_memclr                           0x08000217   Thumb Code     4  memseta.o(.text)
    __aeabi_memclr4                          0x08000217   Thumb Code     0  memseta.o(.text)
    __aeabi_memclr8                          0x08000217   Thumb Code     0  memseta.o(.text)
    _memset$wrapper                          0x0800021b   Thumb Code    18  memseta.o(.text)
    __aeabi_dmul                             0x0800022d   Thumb Code   228  dmul.o(.text)
    __aeabi_ddiv                             0x08000311   Thumb Code   222  ddiv.o(.text)
    __aeabi_f2d                              0x080003ef   Thumb Code    38  f2d.o(.text)
    __aeabi_uidiv                            0x08000415   Thumb Code     0  uidiv.o(.text)
    __aeabi_uidivmod                         0x08000415   Thumb Code    44  uidiv.o(.text)
    __aeabi_uldivmod                         0x08000441   Thumb Code    98  uldiv.o(.text)
    __I$use$fp                               0x080004a3   Thumb Code     0  iusefp.o(.text)
    _double_round                            0x080004a3   Thumb Code    30  depilogue.o(.text)
    _double_epilogue                         0x080004c1   Thumb Code   156  depilogue.o(.text)
    __aeabi_dadd                             0x0800055d   Thumb Code   322  dadd.o(.text)
    __aeabi_dsub                             0x0800069f   Thumb Code     6  dadd.o(.text)
    __aeabi_drsub                            0x080006a5   Thumb Code     6  dadd.o(.text)
    __aeabi_d2ulz                            0x080006ab   Thumb Code    48  dfixul.o(.text)
    __aeabi_cdrcmple                         0x080006dd   Thumb Code    48  cdrcmple.o(.text)
    __scatterload                            0x0800070d   Thumb Code    28  init.o(.text)
    __scatterload_rt2                        0x0800070d   Thumb Code     0  init.o(.text)
    __aeabi_llsl                             0x08000731   Thumb Code    30  llshl.o(.text)
    _ll_shift_l                              0x08000731   Thumb Code     0  llshl.o(.text)
    __aeabi_llsr                             0x0800074f   Thumb Code    32  llushr.o(.text)
    _ll_ushift_r                             0x0800074f   Thumb Code     0  llushr.o(.text)
    __aeabi_lasr                             0x0800076f   Thumb Code    36  llsshr.o(.text)
    _ll_sshift_r                             0x0800076f   Thumb Code     0  llsshr.o(.text)
    __decompress                             0x08000793   Thumb Code     0  __dczerorl2.o(.text)
    __decompress1                            0x08000793   Thumb Code    86  __dczerorl2.o(.text)
    Act_Init                                 0x080007e9   Thumb Code    48  act.o(i.Act_Init)
    App_Init                                 0x08000821   Thumb Code    42  app.o(i.App_Init)
    Bsp_Config                               0x0800084d   Thumb Code    68  bsp.o(i.Bsp_Config)
    BtmRxCallback                            0x08000895   Thumb Code     4  com_srv.o(i.BtmRxCallback)
    Btm_Config                               0x08000899   Thumb Code    94  btm.o(i.Btm_Config)
    Btm_Proc                                 0x08000909   Thumb Code     6  com.o(i.Btm_Proc)
    Btm_ReadByte                             0x08000911   Thumb Code    60  btm.o(i.Btm_ReadByte)
    Btm_WriteByte                            0x08000955   Thumb Code    50  btm.o(i.Btm_WriteByte)
    Btn_Config                               0x08000991   Thumb Code     6  btn.o(i.Btn_Config)
    BusFault_Handler                         0x0800099d   Thumb Code     2  stm32f4xx_it.o(i.BusFault_Handler)
    CAN1_RX0_IRQHandler                      0x080009a1   Thumb Code    58  can1.o(i.CAN1_RX0_IRQHandler)
    CAN1_TX_IRQHandler                       0x080009e5   Thumb Code    30  can1.o(i.CAN1_TX_IRQHandler)
    CAN2_RX0_IRQHandler                      0x08000a09   Thumb Code    58  can2.o(i.CAN2_RX0_IRQHandler)
    CAN2_TX_IRQHandler                       0x08000a4d   Thumb Code    30  can2.o(i.CAN2_TX_IRQHandler)
    CAN_ClearFlag                            0x08000a71   Thumb Code    44  stm32f4xx_can.o(i.CAN_ClearFlag)
    CAN_ClearITPendingBit                    0x08000aa1   Thumb Code   116  stm32f4xx_can.o(i.CAN_ClearITPendingBit)
    CAN_Config                               0x08000b19   Thumb Code    98  stm32util.o(i.CAN_Config)
    CAN_FilterInit                           0x08000b85   Thumb Code   194  stm32f4xx_can.o(i.CAN_FilterInit)
    CAN_Filter_Config                        0x08000c51   Thumb Code    54  stm32util.o(i.CAN_Filter_Config)
    CAN_GetITStatus                          0x08000c89   Thumb Code   162  stm32f4xx_can.o(i.CAN_GetITStatus)
    CAN_ITConfig                             0x08000d31   Thumb Code    16  stm32f4xx_can.o(i.CAN_ITConfig)
    CAN_Init                                 0x08000d41   Thumb Code   232  stm32f4xx_can.o(i.CAN_Init)
    CAN_Receive                              0x08000e29   Thumb Code   144  stm32f4xx_can.o(i.CAN_Receive)
    CAN_Transmit                             0x08000eb9   Thumb Code   164  stm32f4xx_can.o(i.CAN_Transmit)
    CBUS_Init                                0x08000f5d   Thumb Code     6  cbus.o(i.CBUS_Init)
    CM_Cmd                                   0x08000f63   Thumb Code    78  motor.o(i.CM_Cmd)
    CS_Set                                   0x08000fb1   Thumb Code     6  sys.o(i.CS_Set)
    Can1RxCallback                           0x08000fb7   Thumb Code     4  can_srv.o(i.Can1RxCallback)
    Can1_Config                              0x08000fbd   Thumb Code   102  can1.o(i.Can1_Config)
    Can2RxCallback                           0x0800102d   Thumb Code     4  can_srv.o(i.Can2RxCallback)
    Can2_Config                              0x08001031   Thumb Code   104  can2.o(i.Can2_Config)
    Can_Init                                 0x080010a1   Thumb Code    44  can.o(i.Can_Init)
    Can_Proc                                 0x080010d1   Thumb Code   168  can.o(i.Can_Proc)
    Cfg_GetFlag                              0x08001185   Thumb Code     8  cfg.o(i.Cfg_GetFlag)
    Cfg_Init                                 0x08001191   Thumb Code   228  cfg.o(i.Cfg_Init)
    Cfg_Load                                 0x0800127d   Thumb Code     6  cfg.o(i.Cfg_Load)
    Cfg_Reset                                0x08001285   Thumb Code    28  cfg.o(i.Cfg_Reset)
    Cfg_Save                                 0x080012a5   Thumb Code     6  cfg.o(i.Cfg_Save)
    Clk_GetMsTick                            0x080012b9   Thumb Code     6  clk.o(i.Clk_GetMsTick)
    Clk_Init                                 0x080012c5   Thumb Code    16  clk.o(i.Clk_Init)
    Clk_Spin                                 0x080012d9   Thumb Code    50  clk.o(i.Clk_Spin)
    Cmd_Init                                 0x08001311   Thumb Code   102  cmd.o(i.Cmd_Init)
    Com_Init                                 0x08001381   Thumb Code    14  com.o(i.Com_Init)
    Ctl_Init                                 0x08001391   Thumb Code   174  ctl.o(i.Ctl_Init)
    DBUS_Dec                                 0x080014b5   Thumb Code    24  dbus.o(i.DBUS_Dec)
    DBUS_Init                                0x080014cd   Thumb Code    20  dbus.o(i.DBUS_Init)
    DMA_Cmd                                  0x080014e1   Thumb Code    20  stm32f4xx_dma.o(i.DMA_Cmd)
    DMA_Config                               0x080014f5   Thumb Code   100  stm32util.o(i.DMA_Config)
    DMA_DoubleBufferModeCmd                  0x08001561   Thumb Code    20  stm32f4xx_dma.o(i.DMA_DoubleBufferModeCmd)
    DMA_DoubleBufferModeConfig               0x08001575   Thumb Code    22  stm32f4xx_dma.o(i.DMA_DoubleBufferModeConfig)
    DMA_GetCurrDataCounter                   0x0800158b   Thumb Code     6  stm32f4xx_dma.o(i.DMA_GetCurrDataCounter)
    DMA_GetCurrentMemoryTarget               0x08001591   Thumb Code    14  stm32f4xx_dma.o(i.DMA_GetCurrentMemoryTarget)
    DMA_Init                                 0x080015a1   Thumb Code    80  stm32f4xx_dma.o(i.DMA_Init)
    Dbg_Cfg                                  0x080015f5   Thumb Code  1888  dbg.o(i.Dbg_Cfg)
    DbiRxCallback                            0x08001d55   Thumb Code     4  com_srv.o(i.DbiRxCallback)
    Dbi_Config                               0x08001d59   Thumb Code    94  dbi.o(i.Dbi_Config)
    Dbi_Proc                                 0x08001dc9   Thumb Code     6  com.o(i.Dbi_Proc)
    Dbi_ReadByte                             0x08001dd1   Thumb Code    60  dbi.o(i.Dbi_ReadByte)
    Dbi_WriteByte                            0x08001e15   Thumb Code    50  dbi.o(i.Dbi_WriteByte)
    Dci_Proc                                 0x08001e51   Thumb Code    88  dci.o(i.Dci_Proc)
    DebugMon_Handler                         0x08001ea9   Thumb Code     2  stm32f4xx_it.o(i.DebugMon_Handler)
    Dnl_Init                                 0x08001ead   Thumb Code    36  dnl.o(i.Dnl_Init)
    Ekf_Init                                 0x08001ed5   Thumb Code     8  ekf.o(i.Ekf_Init)
    Ekf_Proc                                 0x08001edd   Thumb Code    74  ekf.o(i.Ekf_Proc)
    Ekf_Reset                                0x08001f29   Thumb Code    22  ekf.o(i.Ekf_Reset)
    Ekf_SetE                                 0x08001f45   Thumb Code     6  ekf.o(i.Ekf_SetE)
    FIFO_Flush                               0x08001f4b   Thumb Code    22  fifo.o(i.FIFO_Flush)
    FIFO_Init                                0x08001f61   Thumb Code     8  fifo.o(i.FIFO_Init)
    FIFO_IsEmpty                             0x08001f69   Thumb Code    12  fifo.o(i.FIFO_IsEmpty)
    FIFO_IsFull                              0x08001f75   Thumb Code    16  fifo.o(i.FIFO_IsFull)
    FIFO_Pop                                 0x08001f85   Thumb Code    52  fifo.o(i.FIFO_Pop)
    FIFO_Push                                0x08001fb9   Thumb Code    58  fifo.o(i.FIFO_Push)
    FLASH_DataCacheCmd                       0x08001ff5   Thumb Code    22  stm32f4xx_flash.o(i.FLASH_DataCacheCmd)
    FLASH_EraseSector                        0x08002011   Thumb Code   104  stm32f4xx_flash.o(i.FLASH_EraseSector)
    FLASH_GetStatus                          0x0800207d   Thumb Code    56  stm32f4xx_flash.o(i.FLASH_GetStatus)
    FLASH_Lock                               0x080020b9   Thumb Code    12  stm32f4xx_flash.o(i.FLASH_Lock)
    FLASH_ProgramByte                        0x080020c9   Thumb Code    52  stm32f4xx_flash.o(i.FLASH_ProgramByte)
    FLASH_Unlock                             0x08002101   Thumb Code    22  stm32f4xx_flash.o(i.FLASH_Unlock)
    FLASH_WaitForLastOperation               0x08002125   Thumb Code    30  stm32f4xx_flash.o(i.FLASH_WaitForLastOperation)
    FS_Clr                                   0x08002143   Thumb Code     4  sys.o(i.FS_Clr)
    Flag_Clr                                 0x08002147   Thumb Code     8  fun.o(i.Flag_Clr)
    Flag_Get                                 0x0800214f   Thumb Code     6  fun.o(i.Flag_Get)
    Flash_Read                               0x080021f5   Thumb Code    22  flash.o(i.Flash_Read)
    Flash_Write                              0x0800220d   Thumb Code   122  flash.o(i.Flash_Write)
    Fos_Read                                 0x0800228d   Thumb Code    10  fos.o(i.Fos_Read)
    Fos_Write                                0x0800229d   Thumb Code    10  fos.o(i.Fos_Write)
    GM_Cmd                                   0x080022ad   Thumb Code    72  motor.o(i.GM_Cmd)
    GPIO_AF                                  0x080022f5   Thumb Code    40  stm32util.o(i.GPIO_AF)
    GPIO_Config                              0x0800231d   Thumb Code   236  stm32util.o(i.GPIO_Config)
    GPIO_In                                  0x08002435   Thumb Code    16  stm32util.o(i.GPIO_In)
    GPIO_Init                                0x08002445   Thumb Code   162  stm32f4xx_gpio.o(i.GPIO_Init)
    GPIO_Out                                 0x080024e7   Thumb Code    18  stm32util.o(i.GPIO_Out)
    GPIO_PinAFConfig                         0x080024f9   Thumb Code    32  stm32f4xx_gpio.o(i.GPIO_PinAFConfig)
    GPIO_ResetBits                           0x08002519   Thumb Code     4  stm32f4xx_gpio.o(i.GPIO_ResetBits)
    GPIO_SetBits                             0x0800251d   Thumb Code     4  stm32f4xx_gpio.o(i.GPIO_SetBits)
    GPIO_ToggleBits                          0x08002521   Thumb Code     8  stm32f4xx_gpio.o(i.GPIO_ToggleBits)
    GS_Set                                   0x08002529   Thumb Code     6  sys.o(i.GS_Set)
    HardFault_Handler                        0x08002969   Thumb Code     2  stm32f4xx_it.o(i.HardFault_Handler)
    Hcf_Init                                 0x0800296d   Thumb Code    38  hcf.o(i.Hcf_Init)
    Hcf_Proc                                 0x08002993   Thumb Code    64  hcf.o(i.Hcf_Proc)
    Hci_Init                                 0x080029d5   Thumb Code    54  hci.o(i.Hci_Init)
    Hci_MouseBtn                             0x08002a11   Thumb Code    12  hci.o(i.Hci_MouseBtn)
    Hci_PreProc                              0x08002a21   Thumb Code     8  hci.o(i.Hci_PreProc)
    Hci_Proc                                 0x08002a2d   Thumb Code    24  hci.o(i.Hci_Proc)
    Hcp_Dec                                  0x08002a45   Thumb Code    30  hcp.o(i.Hcp_Dec)
    Hcp_Init                                 0x08002a63   Thumb Code    28  hcp.o(i.Hcp_Init)
    Ini_Init                                 0x08002a81   Thumb Code     8  ini.o(i.Ini_Init)
    Ios_Init                                 0x08002a8d   Thumb Code    18  ios.o(i.Ios_Init)
    Ios_ReadByte                             0x08002aa9   Thumb Code    54  ios.o(i.Ios_ReadByte)
    Ios_SetIn                                0x08002ae1   Thumb Code    10  ios.o(i.Ios_SetIn)
    Ios_SetOut                               0x08002af1   Thumb Code    10  ios.o(i.Ios_SetOut)
    Ios_WriteByte                            0x08002b01   Thumb Code    24  ios.o(i.Ios_WriteByte)
    KOS_Boot                                 0x08002b19   Thumb Code    18  kos.o(i.KOS_Boot)
    Key_Config                               0x08002b2d   Thumb Code    20  key.o(i.Key_Config)
    Led_Config                               0x08002b45   Thumb Code    40  led.o(i.Led_Config)
    MS_Set                                   0x08002b75   Thumb Code     6  sys.o(i.MS_Set)
    Maf_Init                                 0x08002b7b   Thumb Code     8  maf.o(i.Maf_Init)
    Maf_Proc                                 0x08002b83   Thumb Code    66  maf.o(i.Maf_Proc)
    Maf_Reset                                0x08002bc5   Thumb Code    28  maf.o(i.Maf_Reset)
    Mec_Init                                 0x08002be5   Thumb Code    40  mec.o(i.Mec_Init)
    Mecanum_Config                           0x08002c15   Thumb Code    50  mecanum.o(i.Mecanum_Config)
    MemManage_Handler                        0x08002c47   Thumb Code     2  stm32f4xx_it.o(i.MemManage_Handler)
    Motor_Process                            0x08002c49   Thumb Code   314  can.o(i.Motor_Process)
    Motor_Reset                              0x08002da5   Thumb Code     6  can.o(i.Motor_Reset)
    NMI_Handler                              0x08002dab   Thumb Code     2  stm32f4xx_it.o(i.NMI_Handler)
    NVIC_Config                              0x08002dad   Thumb Code    28  stm32util.o(i.NVIC_Config)
    NVIC_Init                                0x08002dc9   Thumb Code    96  misc.o(i.NVIC_Init)
    NVIC_PriorityGroupConfig                 0x08002e2d   Thumb Code    10  misc.o(i.NVIC_PriorityGroupConfig)
    Odo_Init                                 0x08002e41   Thumb Code   190  odo.o(i.Odo_Init)
    PID_Config                               0x08002f09   Thumb Code     6  pid.o(i.PID_Config)
    PID_Reset                                0x08002f11   Thumb Code    30  pid.o(i.PID_Reset)
    PWM_Bind                                 0x08002f35   Thumb Code  5436  stm32util.o(i.PWM_Bind)
    PendSV_Handler                           0x08004479   Thumb Code     2  stm32f4xx_it.o(i.PendSV_Handler)
    Pwm_Config                               0x0800447d   Thumb Code    66  pwm.o(i.Pwm_Config)
    RCC_AHB1PeriphClockCmd                   0x080044c9   Thumb Code    18  stm32f4xx_rcc.o(i.RCC_AHB1PeriphClockCmd)
    RCC_APB1PeriphClockCmd                   0x080044e1   Thumb Code    18  stm32f4xx_rcc.o(i.RCC_APB1PeriphClockCmd)
    RCC_APB2PeriphClockCmd                   0x080044f9   Thumb Code    18  stm32f4xx_rcc.o(i.RCC_APB2PeriphClockCmd)
    RCC_GetClocksFreq                        0x08004511   Thumb Code   132  stm32f4xx_rcc.o(i.RCC_GetClocksFreq)
    Rcf_Init                                 0x080045a5   Thumb Code    40  rcf.o(i.Rcf_Init)
    Rcf_Proc                                 0x080045cd   Thumb Code    64  rcf.o(i.Rcf_Proc)
    Rci_Init                                 0x0800460d   Thumb Code     6  rci.o(i.Rci_Init)
    Rci_LastSw                               0x08004619   Thumb Code    12  rci.o(i.Rci_LastSw)
    Rci_PreProc                              0x08004629   Thumb Code     8  rci.o(i.Rci_PreProc)
    Rci_Proc                                 0x08004635   Thumb Code    18  rci.o(i.Rci_Proc)
    Rci_Sw                                   0x08004649   Thumb Code    12  rci.o(i.Rci_Sw)
    Rcp_Dec                                  0x08004659   Thumb Code    78  rcp.o(i.Rcp_Dec)
    Rcp_Init                                 0x080046a9   Thumb Code    38  rcp.o(i.Rcp_Init)
    RcvCallback                              0x080046cf   Thumb Code     4  rcv_srv.o(i.RcvCallback)
    Rcv_Config                               0x080046d5   Thumb Code   126  rcv.o(i.Rcv_Config)
    Rcv_Proc                                 0x08004769   Thumb Code    28  dci.o(i.Rcv_Proc)
    Rmp_Config                               0x08004789   Thumb Code     4  rmp.o(i.Rmp_Config)
    Rmp_Reset                                0x080047a9   Thumb Code     6  rmp.o(i.Rmp_Reset)
    SVC_Handler                              0x080047af   Thumb Code     2  stm32f4xx_it.o(i.SVC_Handler)
    Sch_Arrange                              0x080047b1   Thumb Code    58  sch.o(i.Sch_Arrange)
    Sch_Proc                                 0x080047f1   Thumb Code    48  sch.o(i.Sch_Proc)
    SyncTimCallback                          0x080048f5   Thumb Code     4  tim_srv.o(i.SyncTimCallback)
    SyncTim_Config                           0x080048f9   Thumb Code    38  tim.o(i.SyncTim_Config)
    SyncTim_Start                            0x08004925   Thumb Code    34  tim.o(i.SyncTim_Start)
    SystemInit                               0x0800494d   Thumb Code    74  system_stm32f4xx.o(i.SystemInit)
    TIM2_IRQHandler                          0x080049a9   Thumb Code    42  tim.o(i.TIM2_IRQHandler)
    TIM6_DAC_IRQHandler                      0x080049d5   Thumb Code    42  tim.o(i.TIM6_DAC_IRQHandler)
    TIM_ARRPreloadConfig                     0x08004a05   Thumb Code    20  stm32f4xx_tim.o(i.TIM_ARRPreloadConfig)
    TIM_ClearFlag                            0x08004a19   Thumb Code     6  stm32f4xx_tim.o(i.TIM_ClearFlag)
    TIM_ClearITPendingBit                    0x08004a1f   Thumb Code     6  stm32f4xx_tim.o(i.TIM_ClearITPendingBit)
    TIM_Cmd                                  0x08004a25   Thumb Code    20  stm32f4xx_tim.o(i.TIM_Cmd)
    TIM_Config                               0x08004a39   Thumb Code   276  stm32util.o(i.TIM_Config)
    TIM_GetITStatus                          0x08004b7d   Thumb Code    24  stm32f4xx_tim.o(i.TIM_GetITStatus)
    TIM_ITConfig                             0x08004b95   Thumb Code    16  stm32f4xx_tim.o(i.TIM_ITConfig)
    TIM_OC1Init                              0x08004ba5   Thumb Code    88  stm32f4xx_tim.o(i.TIM_OC1Init)
    TIM_OC1PreloadConfig                     0x08004c05   Thumb Code    12  stm32f4xx_tim.o(i.TIM_OC1PreloadConfig)
    TIM_OC2Init                              0x08004c11   Thumb Code   120  stm32f4xx_tim.o(i.TIM_OC2Init)
    TIM_OC2PreloadConfig                     0x08004c91   Thumb Code    20  stm32f4xx_tim.o(i.TIM_OC2PreloadConfig)
    TIM_OC3Init                              0x08004ca5   Thumb Code   116  stm32f4xx_tim.o(i.TIM_OC3Init)
    TIM_OC3PreloadConfig                     0x08004d21   Thumb Code    12  stm32f4xx_tim.o(i.TIM_OC3PreloadConfig)
    TIM_OC4Init                              0x08004d2d   Thumb Code    88  stm32f4xx_tim.o(i.TIM_OC4Init)
    TIM_OC4PreloadConfig                     0x08004d8d   Thumb Code    20  stm32f4xx_tim.o(i.TIM_OC4PreloadConfig)
    TIM_OC_Config                            0x08004da1   Thumb Code   130  stm32util.o(i.TIM_OC_Config)
    TIM_TimeBaseInit                         0x08004e25   Thumb Code    96  stm32f4xx_tim.o(i.TIM_TimeBaseInit)
    TickTimCallback                          0x08004ea1   Thumb Code     4  tim_srv.o(i.TickTimCallback)
    TickTim_Config                           0x08004ea5   Thumb Code    36  tim.o(i.TickTim_Config)
    TickTim_Start                            0x08004ec9   Thumb Code    34  tim.o(i.TickTim_Start)
    Tim_Config                               0x08004eeb   Thumb Code    14  tim.o(i.Tim_Config)
    Tim_Start                                0x08004ef9   Thumb Code    14  tim.o(i.Tim_Start)
    TtyRxCallback                            0x08004f07   Thumb Code     4  com_srv.o(i.TtyRxCallback)
    Tty_Config                               0x08004f0d   Thumb Code    94  tty.o(i.Tty_Config)
    Tty_Proc                                 0x08004f7d   Thumb Code     6  com.o(i.Tty_Proc)
    Tty_ReadByte                             0x08004f85   Thumb Code    60  tty.o(i.Tty_ReadByte)
    Tty_WriteByte                            0x08004fc9   Thumb Code    50  tty.o(i.Tty_WriteByte)
    USART1_IRQHandler                        0x08005005   Thumb Code   104  rcv.o(i.USART1_IRQHandler)
    USART2_IRQHandler                        0x08005079   Thumb Code   142  btm.o(i.USART2_IRQHandler)
    USART3_IRQHandler                        0x08005111   Thumb Code   142  dbi.o(i.USART3_IRQHandler)
    USART6_IRQHandler                        0x080051a9   Thumb Code   142  tty.o(i.USART6_IRQHandler)
    USART_Bind                               0x08005241   Thumb Code  3544  stm32util.o(i.USART_Bind)
    USART_Cmd                                0x08006021   Thumb Code    20  stm32f4xx_usart.o(i.USART_Cmd)
    USART_Config                             0x08006035   Thumb Code   366  stm32util.o(i.USART_Config)
    USART_DMACmd                             0x080061c5   Thumb Code    16  stm32f4xx_usart.o(i.USART_DMACmd)
    USART_GetITStatus                        0x080061d5   Thumb Code    62  stm32f4xx_usart.o(i.USART_GetITStatus)
    USART_ITConfig                           0x08006213   Thumb Code    48  stm32f4xx_usart.o(i.USART_ITConfig)
    USART_Init                               0x08006245   Thumb Code   164  stm32f4xx_usart.o(i.USART_Init)
    USART_ReceiveData                        0x080062f1   Thumb Code     8  stm32f4xx_usart.o(i.USART_ReceiveData)
    USART_SendData                           0x080062f9   Thumb Code     8  stm32f4xx_usart.o(i.USART_SendData)
    Upd_Init                                 0x08006301   Thumb Code    14  upd.o(i.Upd_Init)
    Upl_Init                                 0x08006311   Thumb Code    14  upl.o(i.Upl_Init)
    UsageFault_Handler                       0x08006325   Thumb Code     2  stm32f4xx_it.o(i.UsageFault_Handler)
    Wdg_Feed                                 0x08006329   Thumb Code    10  wdg.o(i.Wdg_Feed)
    Wdg_Init                                 0x08006339   Thumb Code    34  wdg.o(i.Wdg_Init)
    Wdg_IsErrSet                             0x08006365   Thumb Code     8  wdg.o(i.Wdg_IsErrSet)
    Wsm_Init                                 0x08006371   Thumb Code    10  wsm.o(i.Wsm_Init)
    ZGyro_Process                            0x08006381   Thumb Code   126  can.o(i.ZGyro_Process)
    ZGyro_Reset                              0x0800640d   Thumb Code     6  can.o(i.ZGyro_Reset)
    __0printf                                0x08006415   Thumb Code    22  printfa.o(i.__0printf)
    __1printf                                0x08006415   Thumb Code     0  printfa.o(i.__0printf)
    __2printf                                0x08006415   Thumb Code     0  printfa.o(i.__0printf)
    __c89printf                              0x08006415   Thumb Code     0  printfa.o(i.__0printf)
    printf                                   0x08006415   Thumb Code     0  printfa.o(i.__0printf)
    __scatterload_copy                       0x08006435   Thumb Code    14  handlers.o(i.__scatterload_copy)
    __scatterload_null                       0x08006443   Thumb Code     2  handlers.o(i.__scatterload_null)
    __scatterload_zeroinit                   0x08006445   Thumb Code    14  handlers.o(i.__scatterload_zeroinit)
    constrain                                0x08006d07   Thumb Code    32  fun.o(i.constrain)
    fputc                                    0x08006d29   Thumb Code    18  ios.o(i.fputc)
    main                                     0x08006d5d   Thumb Code    42  main.o(i.main)
    malloc                                   0x08006d8d   Thumb Code    92  malloc.o(i.malloc)
    map                                      0x08006df9   Thumb Code    56  fun.o(i.map)
    task                                     0x08006e59   Thumb Code    10  main.o(i.task)
    Region$$Table$$Base                      0x0800704c   Number         0  anon$$obj.o(Region$$Table)
    Region$$Table$$Limit                     0x0800706c   Number         0  anon$$obj.o(Region$$Table)
    cfg_sync_flag                            0x20000008   Data           1  cfg.o(.data)
    cfg                                      0x20000009   Data         206  cfg.o(.data)
    CM1SpeedRmp                              0x200000ec   Data           8  ctl.o(.data)
    CM2SpeedRmp                              0x200000f4   Data           8  ctl.o(.data)
    CM3SpeedRmp                              0x200000fc   Data           8  ctl.o(.data)
    CM4SpeedRmp                              0x20000104   Data           8  ctl.o(.data)
    GMESpeedRmp                              0x2000010c   Data           8  ctl.o(.data)
    _in                                      0x20000118   Data           4  ios.o(.data)
    _out                                     0x2000011c   Data           4  ios.o(.data)
    __stdout                                 0x2000017c   Data           4  stdout.o(.data)
    __microlib_freelist                      0x20000180   Data           4  mvars.o(.data)
    __microlib_freelist_initialised          0x20000184   Data           4  mvars.o(.data)
    zgyro                                    0x20000188   Data          44  can.o(.bss)
    motor                                    0x200001b4   Data         648  can.o(.bss)
    cmd                                      0x2000043c   Data          48  cmd.o(.bss)
    ctl                                      0x2000046c   Data          36  ctl.o(.bss)
    CM1SpeedPID                              0x20000490   Data          60  ctl.o(.bss)
    CM2SpeedPID                              0x200004cc   Data          60  ctl.o(.bss)
    CM3SpeedPID                              0x20000508   Data          60  ctl.o(.bss)
    CM4SpeedPID                              0x20000544   Data          60  ctl.o(.bss)
    GMEAnglePID                              0x20000580   Data          60  ctl.o(.bss)
    GMESpeedPID                              0x200005bc   Data          60  ctl.o(.bss)
    dbus                                     0x200005f8   Data          22  dci.o(.bss)
    vdbus                                    0x20000610   Data          22  dnl.o(.bss)
    vcbus                                    0x20000626   Data          14  dnl.o(.bss)
    pidCalib                                 0x20000634   Data          20  dnl.o(.bss)
    imuCalib                                 0x20000648   Data          12  dnl.o(.bss)
    velCalib                                 0x20000654   Data          10  dnl.o(.bss)
    mecanum                                  0x2000092c   Data          20  mec.o(.bss)
    odo                                      0x20000940   Data         100  odo.o(.bss)
    __heap_base                              0x20001188   Data           0  startup_stm32f427xx.o(HEAP)
    __heap_limit                             0x20002188   Data           0  startup_stm32f427xx.o(HEAP)
    __initial_sp                             0x20002588   Data           0  startup_stm32f427xx.o(STACK)



==============================================================================

Memory Map of the image

  Image Entry point : 0x080001ad

  Load Region LR_IROM1 (Base: 0x08000000, Size: 0x000071f4, Max: 0x00200000, ABSOLUTE, COMPRESSED[0x000070d0])

    Execution Region ER_IROM1 (Base: 0x08000000, Size: 0x0000706c, Max: 0x00200000, ABSOLUTE)

    Base Addr    Size         Type   Attr      Idx    E Section Name        Object

    0x08000000   0x000001ac   Data   RO         8714    RESET               startup_stm32f427xx.o
    0x080001ac   0x00000000   Code   RO         8757  * .ARM.Collect$$$$00000000  mc_w.l(entry.o)
    0x080001ac   0x00000004   Code   RO         9104    .ARM.Collect$$$$00000001  mc_w.l(entry2.o)
    0x080001b0   0x00000004   Code   RO         9107    .ARM.Collect$$$$00000004  mc_w.l(entry5.o)
    0x080001b4   0x00000000   Code   RO         9109    .ARM.Collect$$$$00000008  mc_w.l(entry7b.o)
    0x080001b4   0x00000000   Code   RO         9111    .ARM.Collect$$$$0000000A  mc_w.l(entry8b.o)
    0x080001b4   0x00000008   Code   RO         9112    .ARM.Collect$$$$0000000B  mc_w.l(entry9a.o)
    0x080001bc   0x00000000   Code   RO         9114    .ARM.Collect$$$$0000000D  mc_w.l(entry10a.o)
    0x080001bc   0x00000000   Code   RO         9116    .ARM.Collect$$$$0000000F  mc_w.l(entry11a.o)
    0x080001bc   0x00000004   Code   RO         9105    .ARM.Collect$$$$00002712  mc_w.l(entry2.o)
    0x080001c0   0x00000024   Code   RO         8715    .text               startup_stm32f427xx.o
    0x080001e4   0x00000024   Code   RO         8760    .text               mc_w.l(memcpya.o)
    0x08000208   0x00000024   Code   RO         8762    .text               mc_w.l(memseta.o)
    0x0800022c   0x000000e4   Code   RO         9057    .text               mf_w.l(dmul.o)
    0x08000310   0x000000de   Code   RO         9059    .text               mf_w.l(ddiv.o)
    0x080003ee   0x00000026   Code   RO         9061    .text               mf_w.l(f2d.o)
    0x08000414   0x0000002c   Code   RO         9119    .text               mc_w.l(uidiv.o)
    0x08000440   0x00000062   Code   RO         9121    .text               mc_w.l(uldiv.o)
    0x080004a2   0x00000000   Code   RO         9132    .text               mc_w.l(iusefp.o)
    0x080004a2   0x000000ba   Code   RO         9135    .text               mf_w.l(depilogue.o)
    0x0800055c   0x0000014e   Code   RO         9137    .text               mf_w.l(dadd.o)
    0x080006aa   0x00000030   Code   RO         9143    .text               mf_w.l(dfixul.o)
    0x080006da   0x00000002   PAD
    0x080006dc   0x00000030   Code   RO         9147    .text               mf_w.l(cdrcmple.o)
    0x0800070c   0x00000024   Code   RO         9149    .text               mc_w.l(init.o)
    0x08000730   0x0000001e   Code   RO         9151    .text               mc_w.l(llshl.o)
    0x0800074e   0x00000020   Code   RO         9153    .text               mc_w.l(llushr.o)
    0x0800076e   0x00000024   Code   RO         9155    .text               mc_w.l(llsshr.o)
    0x08000792   0x00000056   Code   RO         9165    .text               mc_w.l(__dczerorl2.o)
    0x080007e8   0x00000038   Code   RO          497    i.Act_Init          act.o
    0x08000820   0x0000002a   Code   RO          527    i.App_Init          app.o
    0x0800084a   0x00000002   PAD
    0x0800084c   0x00000048   Code   RO         2802    i.Bsp_Config        bsp.o
    0x08000894   0x00000004   Code   RO         2699    i.BtmRxCallback     com_srv.o
    0x08000898   0x00000070   Code   RO         2826    i.Btm_Config        btm.o
    0x08000908   0x00000006   Code   RO          881    i.Btm_Proc          com.o
    0x0800090e   0x00000002   PAD
    0x08000910   0x00000044   Code   RO         2829    i.Btm_ReadByte      btm.o
    0x08000954   0x0000003c   Code   RO         2832    i.Btm_WriteByte     btm.o
    0x08000990   0x0000000c   Code   RO         2894    i.Btn_Config        btn.o
    0x0800099c   0x00000002   Code   RO          344    i.BusFault_Handler  stm32f4xx_it.o
    0x0800099e   0x00000002   PAD
    0x080009a0   0x00000044   Code   RO         2918    i.CAN1_RX0_IRQHandler  can1.o
    0x080009e4   0x00000024   Code   RO         2919    i.CAN1_TX_IRQHandler  can1.o
    0x08000a08   0x00000044   Code   RO         2954    i.CAN2_RX0_IRQHandler  can2.o
    0x08000a4c   0x00000024   Code   RO         2955    i.CAN2_TX_IRQHandler  can2.o
    0x08000a70   0x00000030   Code   RO         3853    i.CAN_ClearFlag     stm32f4xx_can.o
    0x08000aa0   0x00000078   Code   RO         3854    i.CAN_ClearITPendingBit  stm32f4xx_can.o
    0x08000b18   0x0000006c   Code   RO         3162    i.CAN_Config        stm32util.o
    0x08000b84   0x000000cc   Code   RO         3858    i.CAN_FilterInit    stm32f4xx_can.o
    0x08000c50   0x00000036   Code   RO         3163    i.CAN_Filter_Config  stm32util.o
    0x08000c86   0x00000002   PAD
    0x08000c88   0x000000a8   Code   RO         3860    i.CAN_GetITStatus   stm32f4xx_can.o
    0x08000d30   0x00000010   Code   RO         3864    i.CAN_ITConfig      stm32f4xx_can.o
    0x08000d40   0x000000e8   Code   RO         3865    i.CAN_Init          stm32f4xx_can.o
    0x08000e28   0x00000090   Code   RO         3868    i.CAN_Receive       stm32f4xx_can.o
    0x08000eb8   0x000000a4   Code   RO         3873    i.CAN_Transmit      stm32f4xx_can.o
    0x08000f5c   0x00000006   Code   RO         1825    i.CBUS_Init         cbus.o
    0x08000f62   0x0000004e   Code   RO         3474    i.CM_Cmd            motor.o
    0x08000fb0   0x00000006   Code   RO         1573    i.CS_Set            sys.o
    0x08000fb6   0x00000004   Code   RO         2678    i.Can1RxCallback    can_srv.o
    0x08000fba   0x00000002   PAD
    0x08000fbc   0x00000070   Code   RO         2920    i.Can1_Config       can1.o
    0x0800102c   0x00000004   Code   RO         2679    i.Can2RxCallback    can_srv.o
    0x08001030   0x00000070   Code   RO         2956    i.Can2_Config       can2.o
    0x080010a0   0x00000030   Code   RO          620    i.Can_Init          can.o
    0x080010d0   0x000000b4   Code   RO          621    i.Can_Proc          can.o
    0x08001184   0x0000000c   Code   RO          713    i.Cfg_GetFlag       cfg.o
    0x08001190   0x000000ec   Code   RO          715    i.Cfg_Init          cfg.o
    0x0800127c   0x00000006   Code   RO          717    i.Cfg_Load          cfg.o
    0x08001282   0x00000002   PAD
    0x08001284   0x00000020   Code   RO          719    i.Cfg_Reset         cfg.o
    0x080012a4   0x00000006   Code   RO          720    i.Cfg_Save          cfg.o
    0x080012aa   0x0000000c   Code   RO         3876    i.CheckITStatus     stm32f4xx_can.o
    0x080012b6   0x00000002   PAD
    0x080012b8   0x0000000c   Code   RO          804    i.Clk_GetMsTick     clk.o
    0x080012c4   0x00000014   Code   RO          807    i.Clk_Init          clk.o
    0x080012d8   0x00000038   Code   RO          808    i.Clk_Spin          clk.o
    0x08001310   0x00000070   Code   RO          845    i.Cmd_Init          cmd.o
    0x08001380   0x0000000e   Code   RO          882    i.Com_Init          com.o
    0x0800138e   0x00000002   PAD
    0x08001390   0x000000c0   Code   RO          934    i.Ctl_Init          ctl.o
    0x08001450   0x00000064   Code   RO          936    i.Cvl_Init          ctl.o
    0x080014b4   0x00000018   Code   RO         1881    i.DBUS_Dec          dbus.o
    0x080014cc   0x00000014   Code   RO         1883    i.DBUS_Init         dbus.o
    0x080014e0   0x00000014   Code   RO         4648    i.DMA_Cmd           stm32f4xx_dma.o
    0x080014f4   0x0000006c   Code   RO         3164    i.DMA_Config        stm32util.o
    0x08001560   0x00000014   Code   RO         4650    i.DMA_DoubleBufferModeCmd  stm32f4xx_dma.o
    0x08001574   0x00000016   Code   RO         4651    i.DMA_DoubleBufferModeConfig  stm32f4xx_dma.o
    0x0800158a   0x00000006   Code   RO         4654    i.DMA_GetCurrDataCounter  stm32f4xx_dma.o
    0x08001590   0x0000000e   Code   RO         4655    i.DMA_GetCurrentMemoryTarget  stm32f4xx_dma.o
    0x0800159e   0x00000002   PAD
    0x080015a0   0x00000054   Code   RO         4660    i.DMA_Init          stm32f4xx_dma.o
    0x080015f4   0x00000760   Code   RO         1001    i.Dbg_Cfg           dbg.o
    0x08001d54   0x00000004   Code   RO         2700    i.DbiRxCallback     com_srv.o
    0x08001d58   0x00000070   Code   RO         2990    i.Dbi_Config        dbi.o
    0x08001dc8   0x00000006   Code   RO          884    i.Dbi_Proc          com.o
    0x08001dce   0x00000002   PAD
    0x08001dd0   0x00000044   Code   RO         2993    i.Dbi_ReadByte      dbi.o
    0x08001e14   0x0000003c   Code   RO         2996    i.Dbi_WriteByte     dbi.o
    0x08001e50   0x00000058   Code   RO         1138    i.Dci_Proc          dci.o
    0x08001ea8   0x00000002   Code   RO          345    i.DebugMon_Handler  stm32f4xx_it.o
    0x08001eaa   0x00000002   PAD
    0x08001eac   0x00000028   Code   RO         1179    i.Dnl_Init          dnl.o
    0x08001ed4   0x00000008   Code   RO         1907    i.Ekf_Init          ekf.o
    0x08001edc   0x0000004a   Code   RO         1908    i.Ekf_Proc          ekf.o
    0x08001f26   0x00000002   PAD
    0x08001f28   0x0000001c   Code   RO         1909    i.Ekf_Reset         ekf.o
    0x08001f44   0x00000006   Code   RO         1911    i.Ekf_SetE          ekf.o
    0x08001f4a   0x00000016   Code   RO         2006    i.FIFO_Flush        fifo.o
    0x08001f60   0x00000008   Code   RO         2010    i.FIFO_Init         fifo.o
    0x08001f68   0x0000000c   Code   RO         2011    i.FIFO_IsEmpty      fifo.o
    0x08001f74   0x00000010   Code   RO         2012    i.FIFO_IsFull       fifo.o
    0x08001f84   0x00000034   Code   RO         2014    i.FIFO_Pop          fifo.o
    0x08001fb8   0x0000003a   Code   RO         2015    i.FIFO_Push         fifo.o
    0x08001ff2   0x00000002   PAD
    0x08001ff4   0x0000001c   Code   RO         5001    i.FLASH_DataCacheCmd  stm32f4xx_flash.o
    0x08002010   0x0000006c   Code   RO         5006    i.FLASH_EraseSector  stm32f4xx_flash.o
    0x0800207c   0x0000003c   Code   RO         5008    i.FLASH_GetStatus   stm32f4xx_flash.o
    0x080020b8   0x00000010   Code   RO         5012    i.FLASH_Lock        stm32f4xx_flash.o
    0x080020c8   0x00000038   Code   RO         5033    i.FLASH_ProgramByte  stm32f4xx_flash.o
    0x08002100   0x00000024   Code   RO         5038    i.FLASH_Unlock      stm32f4xx_flash.o
    0x08002124   0x0000001e   Code   RO         5039    i.FLASH_WaitForLastOperation  stm32f4xx_flash.o
    0x08002142   0x00000004   Code   RO         1574    i.FS_Clr            sys.o
    0x08002146   0x00000008   Code   RO         2082    i.Flag_Clr          fun.o
    0x0800214e   0x00000006   Code   RO         2085    i.Flag_Get          fun.o
    0x08002154   0x000000a0   Code   RO         3439    i.Flash_GetSector   flash.o
    0x080021f4   0x00000016   Code   RO         3440    i.Flash_Read        flash.o
    0x0800220a   0x00000002   PAD
    0x0800220c   0x00000080   Code   RO         3441    i.Flash_Write       flash.o
    0x0800228c   0x00000010   Code   RO         1216    i.Fos_Read          fos.o
    0x0800229c   0x00000010   Code   RO         1217    i.Fos_Write         fos.o
    0x080022ac   0x00000048   Code   RO         3475    i.GM_Cmd            motor.o
    0x080022f4   0x00000028   Code   RO         3168    i.GPIO_AF           stm32util.o
    0x0800231c   0x00000118   Code   RO         3169    i.GPIO_Config       stm32util.o
    0x08002434   0x00000010   Code   RO         3170    i.GPIO_In           stm32util.o
    0x08002444   0x000000a2   Code   RO         5520    i.GPIO_Init         stm32f4xx_gpio.o
    0x080024e6   0x00000012   Code   RO         3171    i.GPIO_Out          stm32util.o
    0x080024f8   0x00000020   Code   RO         5521    i.GPIO_PinAFConfig  stm32f4xx_gpio.o
    0x08002518   0x00000004   Code   RO         5527    i.GPIO_ResetBits    stm32f4xx_gpio.o
    0x0800251c   0x00000004   Code   RO         5528    i.GPIO_SetBits      stm32f4xx_gpio.o
    0x08002520   0x00000008   Code   RO         5530    i.GPIO_ToggleBits   stm32f4xx_gpio.o
    0x08002528   0x00000006   Code   RO         1580    i.GS_Set            sys.o
    0x0800252e   0x00000002   PAD
    0x08002530   0x000000f8   Code   RO         1246    i.GetChassisVelocityRef  hci.o
    0x08002628   0x00000098   Code   RO         1516    i.GetChassisVelocityRef  rci.o
    0x080026c0   0x000000f0   Code   RO         1247    i.GetGrabberVelocityRef  hci.o
    0x080027b0   0x000000f0   Code   RO         1517    i.GetGrabberVelocityRef  rci.o
    0x080028a0   0x00000064   Code   RO          937    i.Gpl_Init          ctl.o
    0x08002904   0x00000064   Code   RO          939    i.Gvl_Init          ctl.o
    0x08002968   0x00000002   Code   RO          346    i.HardFault_Handler  stm32f4xx_it.o
    0x0800296a   0x00000002   PAD
    0x0800296c   0x00000026   Code   RO         2182    i.Hcf_Init          hcf.o
    0x08002992   0x00000040   Code   RO         2183    i.Hcf_Proc          hcf.o
    0x080029d2   0x00000002   PAD
    0x080029d4   0x0000003c   Code   RO         1248    i.Hci_Init          hci.o
    0x08002a10   0x00000010   Code   RO         1249    i.Hci_MouseBtn      hci.o
    0x08002a20   0x0000000c   Code   RO         1250    i.Hci_PreProc       hci.o
    0x08002a2c   0x00000018   Code   RO         1251    i.Hci_Proc          hci.o
    0x08002a44   0x0000001e   Code   RO         2200    i.Hcp_Dec           hcp.o
    0x08002a62   0x0000001c   Code   RO         2202    i.Hcp_Init          hcp.o
    0x08002a7e   0x00000002   PAD
    0x08002a80   0x0000000c   Code   RO         1301    i.Ini_Init          ini.o
    0x08002a8c   0x0000001c   Code   RO         1354    i.Ios_Init          ios.o
    0x08002aa8   0x00000036   Code   RO         1356    i.Ios_ReadByte      ios.o
    0x08002ade   0x00000002   PAD
    0x08002ae0   0x00000010   Code   RO         1357    i.Ios_SetIn         ios.o
    0x08002af0   0x00000010   Code   RO         1358    i.Ios_SetOut        ios.o
    0x08002b00   0x00000018   Code   RO         1360    i.Ios_WriteByte     ios.o
    0x08002b18   0x00000012   Code   RO          413    i.KOS_Boot          kos.o
    0x08002b2a   0x00000002   PAD
    0x08002b2c   0x00000018   Code   RO         3058    i.Key_Config        key.o
    0x08002b44   0x00000030   Code   RO         3082    i.Led_Config        led.o
    0x08002b74   0x00000006   Code   RO         1581    i.MS_Set            sys.o
    0x08002b7a   0x00000008   Code   RO         2406    i.Maf_Init          maf.o
    0x08002b82   0x00000042   Code   RO         2407    i.Maf_Proc          maf.o
    0x08002bc4   0x00000020   Code   RO         2408    i.Maf_Reset         maf.o
    0x08002be4   0x00000030   Code   RO         1429    i.Mec_Init          mec.o
    0x08002c14   0x00000032   Code   RO         2440    i.Mecanum_Config    mecanum.o
    0x08002c46   0x00000002   Code   RO          347    i.MemManage_Handler  stm32f4xx_it.o
    0x08002c48   0x0000015c   Code   RO          622    i.Motor_Process     can.o
    0x08002da4   0x00000006   Code   RO          624    i.Motor_Reset       can.o
    0x08002daa   0x00000002   Code   RO          348    i.NMI_Handler       stm32f4xx_it.o
    0x08002dac   0x0000001c   Code   RO         3172    i.NVIC_Config       stm32util.o
    0x08002dc8   0x00000064   Code   RO         3555    i.NVIC_Init         misc.o
    0x08002e2c   0x00000014   Code   RO         3556    i.NVIC_PriorityGroupConfig  misc.o
    0x08002e40   0x000000c8   Code   RO         1476    i.Odo_Init          odo.o
    0x08002f08   0x00000006   Code   RO         2505    i.PID_Config        pid.o
    0x08002f0e   0x00000002   PAD
    0x08002f10   0x00000024   Code   RO         2506    i.PID_Reset         pid.o
    0x08002f34   0x00001544   Code   RO         3173    i.PWM_Bind          stm32util.o
    0x08004478   0x00000002   Code   RO          349    i.PendSV_Handler    stm32f4xx_it.o
    0x0800447a   0x00000002   PAD
    0x0800447c   0x0000004c   Code   RO         3106    i.Pwm_Config        pwm.o
    0x080044c8   0x00000018   Code   RO         6467    i.RCC_AHB1PeriphClockCmd  stm32f4xx_rcc.o
    0x080044e0   0x00000018   Code   RO         6476    i.RCC_APB1PeriphClockCmd  stm32f4xx_rcc.o
    0x080044f8   0x00000018   Code   RO         6479    i.RCC_APB2PeriphClockCmd  stm32f4xx_rcc.o
    0x08004510   0x00000094   Code   RO         6488    i.RCC_GetClocksFreq  stm32f4xx_rcc.o
    0x080045a4   0x00000028   Code   RO         2528    i.Rcf_Init          rcf.o
    0x080045cc   0x00000040   Code   RO         2529    i.Rcf_Proc          rcf.o
    0x0800460c   0x0000000c   Code   RO         1518    i.Rci_Init          rci.o
    0x08004618   0x00000010   Code   RO         1519    i.Rci_LastSw        rci.o
    0x08004628   0x0000000c   Code   RO         1520    i.Rci_PreProc       rci.o
    0x08004634   0x00000012   Code   RO         1521    i.Rci_Proc          rci.o
    0x08004646   0x00000002   PAD
    0x08004648   0x00000010   Code   RO         1522    i.Rci_Sw            rci.o
    0x08004658   0x0000004e   Code   RO         2546    i.Rcp_Dec           rcp.o
    0x080046a6   0x00000002   PAD
    0x080046a8   0x00000026   Code   RO         2548    i.Rcp_Init          rcp.o
    0x080046ce   0x00000004   Code   RO         2735    i.RcvCallback       rcv_srv.o
    0x080046d2   0x00000002   PAD
    0x080046d4   0x00000094   Code   RO         3130    i.Rcv_Config        rcv.o
    0x08004768   0x00000020   Code   RO         1139    i.Rcv_Proc          dci.o
    0x08004788   0x00000004   Code   RO         2571    i.Rmp_Config        rmp.o
    0x0800478c   0x0000001c   Code   RO          940    i.Rmp_Init          ctl.o
    0x080047a8   0x00000006   Code   RO         2573    i.Rmp_Reset         rmp.o
    0x080047ae   0x00000002   Code   RO          350    i.SVC_Handler       stm32f4xx_it.o
    0x080047b0   0x00000040   Code   RO          446    i.Sch_Arrange       sch.o
    0x080047f0   0x00000034   Code   RO          449    i.Sch_Proc          sch.o
    0x08004824   0x000000d0   Code   RO         8674    i.SetSysClock       system_stm32f4xx.o
    0x080048f4   0x00000004   Code   RO         2778    i.SyncTimCallback   tim_srv.o
    0x080048f8   0x0000002c   Code   RO         3274    i.SyncTim_Config    tim.o
    0x08004924   0x00000028   Code   RO         3275    i.SyncTim_Start     tim.o
    0x0800494c   0x0000005c   Code   RO         8676    i.SystemInit        system_stm32f4xx.o
    0x080049a8   0x0000002a   Code   RO         3277    i.TIM2_IRQHandler   tim.o
    0x080049d2   0x00000002   PAD
    0x080049d4   0x00000030   Code   RO         3278    i.TIM6_DAC_IRQHandler  tim.o
    0x08004a04   0x00000014   Code   RO         7864    i.TIM_ARRPreloadConfig  stm32f4xx_tim.o
    0x08004a18   0x00000006   Code   RO         7870    i.TIM_ClearFlag     stm32f4xx_tim.o
    0x08004a1e   0x00000006   Code   RO         7871    i.TIM_ClearITPendingBit  stm32f4xx_tim.o
    0x08004a24   0x00000014   Code   RO         7876    i.TIM_Cmd           stm32f4xx_tim.o
    0x08004a38   0x00000144   Code   RO         3174    i.TIM_Config        stm32util.o
    0x08004b7c   0x00000018   Code   RO         7897    i.TIM_GetITStatus   stm32f4xx_tim.o
    0x08004b94   0x00000010   Code   RO         7901    i.TIM_ITConfig      stm32f4xx_tim.o
    0x08004ba4   0x00000060   Code   RO         7905    i.TIM_OC1Init       stm32f4xx_tim.o
    0x08004c04   0x0000000c   Code   RO         7908    i.TIM_OC1PreloadConfig  stm32f4xx_tim.o
    0x08004c10   0x00000080   Code   RO         7910    i.TIM_OC2Init       stm32f4xx_tim.o
    0x08004c90   0x00000014   Code   RO         7913    i.TIM_OC2PreloadConfig  stm32f4xx_tim.o
    0x08004ca4   0x0000007c   Code   RO         7915    i.TIM_OC3Init       stm32f4xx_tim.o
    0x08004d20   0x0000000c   Code   RO         7918    i.TIM_OC3PreloadConfig  stm32f4xx_tim.o
    0x08004d2c   0x00000060   Code   RO         7920    i.TIM_OC4Init       stm32f4xx_tim.o
    0x08004d8c   0x00000014   Code   RO         7922    i.TIM_OC4PreloadConfig  stm32f4xx_tim.o
    0x08004da0   0x00000082   Code   RO         3175    i.TIM_OC_Config     stm32util.o
    0x08004e22   0x00000002   PAD
    0x08004e24   0x0000007c   Code   RO         7948    i.TIM_TimeBaseInit  stm32f4xx_tim.o
    0x08004ea0   0x00000004   Code   RO         2779    i.TickTimCallback   tim_srv.o
    0x08004ea4   0x00000024   Code   RO         3279    i.TickTim_Config    tim.o
    0x08004ec8   0x00000022   Code   RO         3280    i.TickTim_Start     tim.o
    0x08004eea   0x0000000e   Code   RO         3282    i.Tim_Config        tim.o
    0x08004ef8   0x0000000e   Code   RO         3283    i.Tim_Start         tim.o
    0x08004f06   0x00000004   Code   RO         2701    i.TtyRxCallback     com_srv.o
    0x08004f0a   0x00000002   PAD
    0x08004f0c   0x00000070   Code   RO         3353    i.Tty_Config        tty.o
    0x08004f7c   0x00000006   Code   RO          885    i.Tty_Proc          com.o
    0x08004f82   0x00000002   PAD
    0x08004f84   0x00000044   Code   RO         3356    i.Tty_ReadByte      tty.o
    0x08004fc8   0x0000003c   Code   RO         3359    i.Tty_WriteByte     tty.o
    0x08005004   0x00000074   Code   RO         3131    i.USART1_IRQHandler  rcv.o
    0x08005078   0x00000098   Code   RO         2833    i.USART2_IRQHandler  btm.o
    0x08005110   0x00000098   Code   RO         2997    i.USART3_IRQHandler  dbi.o
    0x080051a8   0x00000098   Code   RO         3360    i.USART6_IRQHandler  tty.o
    0x08005240   0x00000de0   Code   RO         3176    i.USART_Bind        stm32util.o
    0x08006020   0x00000014   Code   RO         8417    i.USART_Cmd         stm32f4xx_usart.o
    0x08006034   0x00000190   Code   RO         3177    i.USART_Config      stm32util.o
    0x080061c4   0x00000010   Code   RO         8418    i.USART_DMACmd      stm32f4xx_usart.o
    0x080061d4   0x0000003e   Code   RO         8421    i.USART_GetITStatus  stm32f4xx_usart.o
    0x08006212   0x00000030   Code   RO         8423    i.USART_ITConfig    stm32f4xx_usart.o
    0x08006242   0x00000002   PAD
    0x08006244   0x000000ac   Code   RO         8424    i.USART_Init        stm32f4xx_usart.o
    0x080062f0   0x00000008   Code   RO         8431    i.USART_ReceiveData  stm32f4xx_usart.o
    0x080062f8   0x00000008   Code   RO         8434    i.USART_SendData    stm32f4xx_usart.o
    0x08006300   0x0000000e   Code   RO         1636    i.Upd_Init          upd.o
    0x0800630e   0x00000002   PAD
    0x08006310   0x00000014   Code   RO         1666    i.Upl_Init          upl.o
    0x08006324   0x00000002   Code   RO          351    i.UsageFault_Handler  stm32f4xx_it.o
    0x08006326   0x00000002   PAD
    0x08006328   0x00000010   Code   RO         1701    i.Wdg_Feed          wdg.o
    0x08006338   0x0000002c   Code   RO         1704    i.Wdg_Init          wdg.o
    0x08006364   0x0000000c   Code   RO         1705    i.Wdg_IsErrSet      wdg.o
    0x08006370   0x00000010   Code   RO         1757    i.Wsm_Init          wsm.o
    0x08006380   0x0000008c   Code   RO          625    i.ZGyro_Process     can.o
    0x0800640c   0x00000006   Code   RO          627    i.ZGyro_Reset       can.o
    0x08006412   0x00000002   PAD
    0x08006414   0x00000020   Code   RO         9001    i.__0printf         mc_w.l(printfa.o)
    0x08006434   0x0000000e   Code   RO         9159    i.__scatterload_copy  mc_w.l(handlers.o)
    0x08006442   0x00000002   Code   RO         9160    i.__scatterload_null  mc_w.l(handlers.o)
    0x08006444   0x0000000e   Code   RO         9161    i.__scatterload_zeroinit  mc_w.l(handlers.o)
    0x08006452   0x00000002   PAD
    0x08006454   0x00000184   Code   RO         9008    i._fp_digits        mc_w.l(printfa.o)
    0x080065d8   0x000006dc   Code   RO         9009    i._printf_core      mc_w.l(printfa.o)
    0x08006cb4   0x00000024   Code   RO         9010    i._printf_post_padding  mc_w.l(printfa.o)
    0x08006cd8   0x0000002e   Code   RO         9011    i._printf_pre_padding  mc_w.l(printfa.o)
    0x08006d06   0x00000020   Code   RO         2088    i.constrain         fun.o
    0x08006d26   0x00000002   PAD
    0x08006d28   0x00000018   Code   RO         1362    i.fputc             ios.o
    0x08006d40   0x0000001c   Code   RO          450    i.getSchTask        sch.o
    0x08006d5c   0x00000030   Code   RO            4    i.main              main.o
    0x08006d8c   0x0000006c   Code   RO         9030    i.malloc            mc_w.l(malloc.o)
    0x08006df8   0x00000038   Code   RO         2089    i.map               fun.o
    0x08006e30   0x00000028   Code   RO          451    i.newSchTask        sch.o
    0x08006e58   0x00000010   Code   RO            5    i.task              main.o
    0x08006e68   0x0000019e   Data   RO          724    .constdata          cfg.o
    0x08007006   0x00000002   PAD
    0x08007008   0x00000044   Data   RO         1708    .constdata          wdg.o
    0x0800704c   0x00000020   Data   RO         9157    Region$$Table       anon$$obj.o


    Execution Region RW_IRAM1 (Base: 0x20000000, Size: 0x00002588, Max: 0x00030000, ABSOLUTE, COMPRESSED[0x00000064])

    Base Addr    Size         Type   Attr      Idx    E Section Name        Object

    0x20000000   0x00000008   Data   RW          452    .data               sch.o
    0x20000008   0x000000cf   Data   RW          725    .data               cfg.o
    0x200000d7   0x00000001   PAD
    0x200000d8   0x00000014   Data   RW          809    .data               clk.o
    0x200000ec   0x00000028   Data   RW          942    .data               ctl.o
    0x20000114   0x00000004   Data   RW         1305    .data               ini.o
    0x20000118   0x00000008   Data   RW         1363    .data               ios.o
    0x20000120   0x00000048   Data   RW         1709    .data               wdg.o
    0x20000168   0x00000002   Data   RW         1759    .data               wsm.o
    0x2000016a   0x00000010   Data   RW         6520    .data               stm32f4xx_rcc.o
    0x2000017a   0x00000002   PAD
    0x2000017c   0x00000004   Data   RW         9118    .data               mc_w.l(stdout.o)
    0x20000180   0x00000004   Data   RW         9123    .data               mc_w.l(mvars.o)
    0x20000184   0x00000004   Data   RW         9124    .data               mc_w.l(mvars.o)
    0x20000188   0x000002b4   Zero   RW          628    .bss                can.o
    0x2000043c   0x00000030   Zero   RW          847    .bss                cmd.o
    0x2000046c   0x0000018c   Zero   RW          941    .bss                ctl.o
    0x200005f8   0x00000016   Zero   RW         1140    .bss                dci.o
    0x2000060e   0x00000002   PAD
    0x20000610   0x00000264   Zero   RW         1181    .bss                dnl.o
    0x20000874   0x000000b8   Zero   RW         1252    .bss                hci.o
    0x2000092c   0x00000014   Zero   RW         1431    .bss                mec.o
    0x20000940   0x00000064   Zero   RW         1478    .bss                odo.o
    0x200009a4   0x00000010   Zero   RW         1523    .bss                rci.o
    0x200009b4   0x00000114   Zero   RW         1669    .bss                upl.o
    0x20000ac8   0x00000228   Zero   RW         2834    .bss                btm.o
    0x20000cf0   0x00000228   Zero   RW         2998    .bss                dbi.o
    0x20000f18   0x00000048   Zero   RW         3132    .bss                rcv.o
    0x20000f60   0x00000228   Zero   RW         3361    .bss                tty.o
    0x20001188   0x00001000   Zero   RW         8713    HEAP                startup_stm32f427xx.o
    0x20002188   0x00000400   Zero   RW         8712    STACK               startup_stm32f427xx.o


==============================================================================

Image component sizes


      Code (inc. data)   RO Data    RW Data    ZI Data      Debug   Object Name

        56          8          0          0          0        463   act.o
        42          0          0          0          0        495   app.o
        72          4          0          0          0        517   bsp.o
       392         46          0          0        552       2832   btm.o
        12          6          0          0          0        429   btn.o
       728         64          0          0        692       5602   can.o
       216         26          0          0          0       1597   can1.o
       216         24          0          0          0       1605   can2.o
         8          0          0          0          0       1290   can_srv.o
         6          0          0          0          0        724   cbus.o
       292         16        414        207          0       5747   cfg.o
        88         16          0         20          0       1606   clk.o
       112         10          0          0         48       1093   cmd.o
        32          0          0          0          0       1772   com.o
        12          0          0          0          0       1428   com_srv.o
       520         40          0         40        396       3933   ctl.o
      1888        700          0          0          0       2018   dbg.o
       392         46          0          0        552       2832   dbi.o
        44          0          0          0          0       1375   dbus.o
       120          4          0          0         22       1617   dci.o
        40          4          0          0        612       1752   dnl.o
       116          6          0          0          0       2377   ekf.o
       168          0          0          0          0       3837   fifo.o
       310         52          0          0          0       2771   flash.o
        32         12          0          0          0       1267   fos.o
       102          0          0          0          0       2635   fun.o
       102          0          0          0          0       1442   hcf.o
       600         64          0          0        184       3893   hci.o
        58          0          0          0          0       1301   hcp.o
        12          4          0          4          0        595   ini.o
       162         28          0          8          0       3634   ios.o
        24          4          0          0          0        473   key.o
        18          0          0          0          0        475   kos.o
        48          8          0          0          0        485   led.o
       106          4          0          0          0       1874   maf.o
        64         12          0          0          0     354715   main.o
        48          8          0          0         20        617   mec.o
        50          0          0          0          0        957   mecanum.o
       120         14          0          0          0       1563   misc.o
       150          0          0          0          0       1658   motor.o
       200         10          0          0        100       1165   odo.o
        42          6          0          0          0       1633   pid.o
        76         10          0          0          0        469   pwm.o
       104          0          0          0          0       1462   rcf.o
       466         60          0          0         16       3918   rci.o
       116          0          0          0          0       1309   rcp.o
       264         34          0          0         72       1581   rcv.o
         4          0          0          0          0        738   rcv_srv.o
        10          0          0          0          0       1233   rmp.o
       184         16          0          8          0       3005   sch.o
        36          8        428          0       5120        840   startup_stm32f427xx.o
      1108         24          0          0          0       7674   stm32f4xx_can.o
       166          4          0          0          0       4974   stm32f4xx_dma.o
       334         36          0          0          0       4888   stm32f4xx_flash.o
       210          0          0          0          0       3553   stm32f4xx_gpio.o
        16          0          0          0          0       3644   stm32f4xx_it.o
       220         34          0         16          0       4871   stm32f4xx_rcc.o
       724         60          0          0          0      11340   stm32f4xx_tim.o
       334          8          0          0          0       5618   stm32f4xx_usart.o
     10502        292          0          0          0      18987   stm32util.o
        22          0          0          0          0       2484   sys.o
       300         36          0          0          0       1569   system_stm32f4xx.o
       272         18          0          0          0       4251   tim.o
         8          0          0          0          0        892   tim_srv.o
       392         46          0          0        552       2832   tty.o
        14          0          0          0          0        723   upd.o
        20          6          0          0        276       1147   upl.o
        72         20         68         72          0       1941   wdg.o
        16          6          0          2          0        631   wsm.o

    ----------------------------------------------------------------------
     23878       1964        944        380       9216     526668   Object Totals
         0          0         32          0          0          0   (incl. Generated)
        68          0          2          3          2          0   (incl. Padding)

    ----------------------------------------------------------------------

      Code (inc. data)   RO Data    RW Data    ZI Data      Debug   Library Member Name

        86          0          0          0          0          0   __dczerorl2.o
         0          0          0          0          0          0   entry.o
         0          0          0          0          0          0   entry10a.o
         0          0          0          0          0          0   entry11a.o
         8          4          0          0          0          0   entry2.o
         4          0          0          0          0          0   entry5.o
         0          0          0          0          0          0   entry7b.o
         0          0          0          0          0          0   entry8b.o
         8          4          0          0          0          0   entry9a.o
        30          0          0          0          0          0   handlers.o
        36          8          0          0          0         68   init.o
         0          0          0          0          0          0   iusefp.o
        30          0          0          0          0         68   llshl.o
        36          0          0          0          0         68   llsshr.o
        32          0          0          0          0         68   llushr.o
       108         16          0          0          0         84   malloc.o
        36          0          0          0          0         68   memcpya.o
        36          0          0          0          0        108   memseta.o
         0          0          0          8          0          0   mvars.o
      2258         90          0          0          0        452   printfa.o
         0          0          0          4          0          0   stdout.o
        44          0          0          0          0         80   uidiv.o
        98          0          0          0          0         92   uldiv.o
        48          0          0          0          0         68   cdrcmple.o
       334          0          0          0          0        148   dadd.o
       222          0          0          0          0        100   ddiv.o
       186          0          0          0          0        176   depilogue.o
        48          0          0          0          0         68   dfixul.o
       228          0          0          0          0         96   dmul.o
        38          0          0          0          0         68   f2d.o

    ----------------------------------------------------------------------
      3958        122          0         12          0       1880   Library Totals
         4          0          0          0          0          0   (incl. Padding)

    ----------------------------------------------------------------------

      Code (inc. data)   RO Data    RW Data    ZI Data      Debug   Library Name

      2850        122          0         12          0       1156   mc_w.l
      1104          0          0          0          0        724   mf_w.l

    ----------------------------------------------------------------------
      3958        122          0         12          0       1880   Library Totals

    ----------------------------------------------------------------------

==============================================================================


      Code (inc. data)   RO Data    RW Data    ZI Data      Debug   

     27836       2086        944        392       9216     506796   Grand Totals
     27836       2086        944        100       9216     506796   ELF Image Totals (compressed)
     27836       2086        944        100          0          0   ROM Totals

==============================================================================

    Total RO  Size (Code + RO Data)                28780 (  28.11kB)
    Total RW  Size (RW Data + ZI Data)              9608 (   9.38kB)
    Total ROM Size (Code + RO Data + RW Data)      28880 (  28.20kB)

==============================================================================

