Component: ARM Compiler 5.06 update 4 (build 422) Tool: armlink [4d35d2]

==============================================================================

Section Cross References

    main.o(i.main) refers to bsp.o(i.Bsp_Config) for Bsp_Config
    main.o(i.main) refers to ios.o(i.IOS_Init) for IOS_Init
    main.o(i.main) refers to stm32f4xx_gpio.o(i.GPIO_ToggleBits) for GPIO_ToggleBits
    main.o(i.main) refers to printfb.o(i.__0printf$bare) for __2printf
    main.o(i.main) refers to delay.o(i.Delay_Ms) for Delay_Ms
    main.o(i.task) refers to printfb.o(i.__0printf$bare) for __2printf
    main.o(i.task) refers to stm32f4xx_gpio.o(i.GPIO_ToggleBits) for GPIO_ToggleBits
    kos.o(i.KOS_Boot) refers to app.o(i.App_Init) for App_Init
    kos.o(i.KOS_Boot) refers to bsp.o(i.Bsp_Config) for Bsp_Config
    kos.o(i.KOS_Boot) refers to tim.o(i.Tim_Start) for Tim_Start
    kos.o(i.KOS_Stop) refers to tim.o(i.Tim_Stop) for Tim_Stop
    act.o(i.Act_Init) refers to motor.o(i.CM_Cmd) for CM_Cmd
    act.o(i.Act_Init) refers to motor.o(i.GM_Cmd) for GM_Cmd
    act.o(i.Act_Proc) refers to sys.o(i.FS_Get) for FS_Get
    act.o(i.Act_Proc) refers to stm32f4xx_gpio.o(i.GPIO_ResetBits) for GPIO_ResetBits
    act.o(i.Act_Proc) refers to stm32f4xx_gpio.o(i.GPIO_SetBits) for GPIO_SetBits
    act.o(i.Act_Proc) refers to motor.o(i.CM_Cmd) for CM_Cmd
    act.o(i.Act_Proc) refers to ctl.o(.data) for functionalStateCtl
    act.o(i.Act_Proc) refers to ctl.o(.bss) for mecanumCurrentsCtl
    app.o(i.App_Init) refers to cfg.o(i.Cfg_Init) for Cfg_Init
    app.o(i.App_Init) refers to act.o(i.Act_Init) for Act_Init
    app.o(i.App_Init) refers to clk.o(i.Clk_Init) for Clk_Init
    app.o(i.App_Init) refers to com.o(i.Com_Init) for Com_Init
    app.o(i.App_Init) refers to ctl.o(i.Ctl_Init) for Ctl_Init
    app.o(i.App_Init) refers to ini.o(i.Ini_Init) for Ini_Init
    app.o(i.App_Init) refers to sch.o(i.Sch_Init) for Sch_Init
    app.o(i.App_Init) refers to upd.o(i.Upd_Init) for Upd_Init
    app.o(i.App_Init) refers to wdg.o(i.Wdg_Init) for Wdg_Init
    app.o(i.App_Init) refers to wsm.o(i.Wsm_Init) for Wsm_Init
    app.o(i.App_Proc) refers to wdg.o(i.Wdg_Proc) for Wdg_Proc
    app.o(i.App_Proc) refers to ini.o(i.Ini_Proc) for Ini_Proc
    app.o(i.App_Proc) refers to wsm.o(i.Wsm_Proc) for Wsm_Proc
    app.o(i.App_Proc) refers to upd.o(i.Upd_Proc) for Upd_Proc
    can.o(i.Can_Init) refers to gdf.o(i.Gdf_Init) for Gdf_Init
    can.o(i.Can_Init) refers to ekf.o(i.Ekf_Init) for Ekf_Init
    can.o(i.Can_Init) refers to est.o(i.Est_Init) for Est_Init
    can.o(i.Can_Init) refers to can.o(i.Can_Reset) for Can_Reset
    can.o(i.Can_Init) refers to can.o(.bss) for .bss
    can.o(i.Can_Proc) refers to wdg.o(i.Wdg_Feed) for Wdg_Feed
    can.o(i.Can_Proc) refers to can.o(i.ZGyro_Proc) for ZGyro_Proc
    can.o(i.Can_Proc) refers to can.o(i.Motor_Proc) for Motor_Proc
    can.o(i.Can_Reset) refers to can.o(i.Motor_Reset) for Motor_Reset
    can.o(i.Can_Reset) refers to can.o(i.ZGyro_Reset) for ZGyro_Reset
    can.o(i.Motor_Proc) refers to est.o(i.Est_Proc) for Est_Proc
    can.o(i.Motor_Proc) refers to can.o(.bss) for .bss
    can.o(i.Motor_Reset) refers to est.o(i.Est_Reset) for Est_Reset
    can.o(i.Motor_Reset) refers to memseta.o(.text) for __aeabi_memclr4
    can.o(i.Motor_Reset) refers to can.o(.bss) for .bss
    can.o(i.ZGyro_Proc) refers to can.o(.bss) for .bss
    can.o(i.ZGyro_Reset) refers to memseta.o(.text) for __aeabi_memclr4
    can.o(i.ZGyro_Reset) refers to can.o(.bss) for .bss
    cfg.o(i.Cfg_GetFlag) refers to cfg.o(.data) for .data
    cfg.o(i.Cfg_Init) refers to cfg.o(i.Cfg_Load) for Cfg_Load
    cfg.o(i.Cfg_Init) refers to cfg.o(i.Cfg_GetFlag) for Cfg_GetFlag
    cfg.o(i.Cfg_Init) refers to memcpya.o(.text) for __aeabi_memcpy4
    cfg.o(i.Cfg_Init) refers to cfg.o(.data) for .data
    cfg.o(i.Cfg_Init) refers to cfg.o(.constdata) for .constdata
    cfg.o(i.Cfg_Load) refers to fos.o(i.Fos_Read) for Fos_Read
    cfg.o(i.Cfg_Proc) refers to cfg.o(i.Cfg_GetFlag) for Cfg_GetFlag
    cfg.o(i.Cfg_Proc) refers to cfg.o(i.Cfg_Save) for Cfg_Save
    cfg.o(i.Cfg_Proc) refers to cfg.o(i.Cfg_SetFlag) for Cfg_SetFlag
    cfg.o(i.Cfg_Proc) refers to cfg.o(.data) for .data
    cfg.o(i.Cfg_Save) refers to fos.o(i.Fos_Write) for Fos_Write
    cfg.o(i.Cfg_SetFlag) refers to cfg.o(.data) for .data
    clk.o(i.Clk_GetMsTick) refers to clk.o(.data) for .data
    clk.o(i.Clk_GetUsTick) refers to clk.o(.data) for .data
    clk.o(i.Clk_Init) refers to clk.o(.data) for .data
    clk.o(i.Clk_Spin) refers to clk.o(.data) for .data
    cmd.o(i.Cmd_Init) refers to dci.o(i.DCI_Init) for DCI_Init
    cmd.o(i.Cmd_Init) refers to sys.o(i.FS_Clr) for FS_Clr
    cmd.o(i.Cmd_Init) refers to sys.o(i.CS_Set) for CS_Set
    cmd.o(i.Cmd_Init) refers to sys.o(i.MS_Set) for MS_Set
    cmd.o(i.Cmd_Init) refers to cmd.o(.data) for .data
    cmd.o(i.Cmd_Init) refers to cmd.o(.bss) for .bss
    cmd.o(i.Cmd_Proc) refers to dci.o(i.DCI_Proc) for DCI_Proc
[...]
    Removing stm32f4xx_syscfg.o(i.SYSCFG_EXTILineConfig), (48 bytes).
    Removing stm32f4xx_syscfg.o(i.SYSCFG_GetCompensationCellStatus), (20 bytes).
    Removing stm32f4xx_syscfg.o(i.SYSCFG_MemoryRemapConfig), (12 bytes).
    Removing stm32f4xx_syscfg.o(i.SYSCFG_MemorySwappingBank), (12 bytes).
    Removing stm32f4xx_tim.o(.rev16_text), (4 bytes).
    Removing stm32f4xx_tim.o(.revsh_text), (4 bytes).
    Removing stm32f4xx_tim.o(.rrx_text), (6 bytes).
    Removing stm32f4xx_tim.o(i.TI1_Config), (46 bytes).
    Removing stm32f4xx_tim.o(i.TI2_Config), (54 bytes).
    Removing stm32f4xx_tim.o(i.TIM_ARRPreloadConfig), (20 bytes).
    Removing stm32f4xx_tim.o(i.TIM_BDTRConfig), (34 bytes).
    Removing stm32f4xx_tim.o(i.TIM_BDTRStructInit), (18 bytes).
    Removing stm32f4xx_tim.o(i.TIM_CCPreloadControl), (20 bytes).
    Removing stm32f4xx_tim.o(i.TIM_CCxCmd), (22 bytes).
    Removing stm32f4xx_tim.o(i.TIM_CCxNCmd), (22 bytes).
    Removing stm32f4xx_tim.o(i.TIM_ClearOC1Ref), (12 bytes).
    Removing stm32f4xx_tim.o(i.TIM_ClearOC2Ref), (20 bytes).
    Removing stm32f4xx_tim.o(i.TIM_ClearOC3Ref), (12 bytes).
    Removing stm32f4xx_tim.o(i.TIM_ClearOC4Ref), (20 bytes).
    Removing stm32f4xx_tim.o(i.TIM_Cmd), (20 bytes).
    Removing stm32f4xx_tim.o(i.TIM_CounterModeConfig), (12 bytes).
    Removing stm32f4xx_tim.o(i.TIM_CtrlPWMOutputs), (22 bytes).
    Removing stm32f4xx_tim.o(i.TIM_DMACmd), (16 bytes).
    Removing stm32f4xx_tim.o(i.TIM_DMAConfig), (8 bytes).
    Removing stm32f4xx_tim.o(i.TIM_DeInit), (336 bytes).
    Removing stm32f4xx_tim.o(i.TIM_ETRClockMode1Config), (18 bytes).
    Removing stm32f4xx_tim.o(i.TIM_ETRClockMode2Config), (18 bytes).
    Removing stm32f4xx_tim.o(i.TIM_ETRConfig), (24 bytes).
    Removing stm32f4xx_tim.o(i.TIM_EncoderInterfaceConfig), (50 bytes).
    Removing stm32f4xx_tim.o(i.TIM_ForcedOC1Config), (12 bytes).
    Removing stm32f4xx_tim.o(i.TIM_ForcedOC2Config), (20 bytes).
    Removing stm32f4xx_tim.o(i.TIM_ForcedOC3Config), (12 bytes).
    Removing stm32f4xx_tim.o(i.TIM_ForcedOC4Config), (20 bytes).
    Removing stm32f4xx_tim.o(i.TIM_GenerateEvent), (4 bytes).
    Removing stm32f4xx_tim.o(i.TIM_GetCapture1), (4 bytes).
    Removing stm32f4xx_tim.o(i.TIM_GetCapture2), (4 bytes).
    Removing stm32f4xx_tim.o(i.TIM_GetCapture3), (4 bytes).
    Removing stm32f4xx_tim.o(i.TIM_GetCapture4), (4 bytes).
    Removing stm32f4xx_tim.o(i.TIM_GetCounter), (4 bytes).
    Removing stm32f4xx_tim.o(i.TIM_GetFlagStatus), (14 bytes).
    Removing stm32f4xx_tim.o(i.TIM_GetPrescaler), (4 bytes).
    Removing stm32f4xx_tim.o(i.TIM_ICInit), (172 bytes).
    Removing stm32f4xx_tim.o(i.TIM_ICStructInit), (16 bytes).
    Removing stm32f4xx_tim.o(i.TIM_ITConfig), (16 bytes).
    Removing stm32f4xx_tim.o(i.TIM_ITRxExternalClockConfig), (18 bytes).
    Removing stm32f4xx_tim.o(i.TIM_InternalClockConfig), (10 bytes).
    Removing stm32f4xx_tim.o(i.TIM_OC1FastConfig), (12 bytes).
    Removing stm32f4xx_tim.o(i.TIM_OC1Init), (96 bytes).
    Removing stm32f4xx_tim.o(i.TIM_OC1NPolarityConfig), (12 bytes).
    Removing stm32f4xx_tim.o(i.TIM_OC1PolarityConfig), (12 bytes).
    Removing stm32f4xx_tim.o(i.TIM_OC1PreloadConfig), (12 bytes).
    Removing stm32f4xx_tim.o(i.TIM_OC2FastConfig), (20 bytes).
    Removing stm32f4xx_tim.o(i.TIM_OC2Init), (128 bytes).
    Removing stm32f4xx_tim.o(i.TIM_OC2NPolarityConfig), (20 bytes).
    Removing stm32f4xx_tim.o(i.TIM_OC2PolarityConfig), (20 bytes).
    Removing stm32f4xx_tim.o(i.TIM_OC2PreloadConfig), (20 bytes).
    Removing stm32f4xx_tim.o(i.TIM_OC3FastConfig), (12 bytes).
    Removing stm32f4xx_tim.o(i.TIM_OC3Init), (124 bytes).
    Removing stm32f4xx_tim.o(i.TIM_OC3NPolarityConfig), (20 bytes).
    Removing stm32f4xx_tim.o(i.TIM_OC3PolarityConfig), (20 bytes).
    Removing stm32f4xx_tim.o(i.TIM_OC3PreloadConfig), (12 bytes).
    Removing stm32f4xx_tim.o(i.TIM_OC4FastConfig), (20 bytes).
    Removing stm32f4xx_tim.o(i.TIM_OC4Init), (96 bytes).
    Removing stm32f4xx_tim.o(i.TIM_OC4PolarityConfig), (20 bytes).
    Removing stm32f4xx_tim.o(i.TIM_OC4PreloadConfig), (20 bytes).
    Removing stm32f4xx_tim.o(i.TIM_OCStructInit), (20 bytes).
    Removing stm32f4xx_tim.o(i.TIM_PWMIConfig), (108 bytes).
    Removing stm32f4xx_tim.o(i.TIM_PrescalerConfig), (6 bytes).
    Removing stm32f4xx_tim.o(i.TIM_RemapConfig), (6 bytes).
    Removing stm32f4xx_tim.o(i.TIM_SelectCCDMA), (20 bytes).
    Removing stm32f4xx_tim.o(i.TIM_SelectCOM), (20 bytes).
    Removing stm32f4xx_tim.o(i.TIM_SelectHallSensor), (20 bytes).
    Removing stm32f4xx_tim.o(i.TIM_SelectInputTrigger), (12 bytes).
    Removing stm32f4xx_tim.o(i.TIM_SelectMasterSlaveMode), (16 bytes).
    Removing stm32f4xx_tim.o(i.TIM_SelectOCxM), (74 bytes).
    Removing stm32f4xx_tim.o(i.TIM_SelectOnePulseMode), (16 bytes).
    Removing stm32f4xx_tim.o(i.TIM_SelectOutputTrigger), (16 bytes).
    Removing stm32f4xx_tim.o(i.TIM_SelectSlaveMode), (16 bytes).
    Removing stm32f4xx_tim.o(i.TIM_SetAutoreload), (4 bytes).
    Removing stm32f4xx_tim.o(i.TIM_SetClockDivision), (16 bytes).
    Removing stm32f4xx_tim.o(i.TIM_SetCompare1), (4 bytes).
    Removing stm32f4xx_tim.o(i.TIM_SetCompare2), (4 bytes).
    Removing stm32f4xx_tim.o(i.TIM_SetCompare3), (4 bytes).
    Removing stm32f4xx_tim.o(i.TIM_SetCompare4), (4 bytes).
    Removing stm32f4xx_tim.o(i.TIM_SetCounter), (4 bytes).
    Removing stm32f4xx_tim.o(i.TIM_SetIC1Prescaler), (16 bytes).
    Removing stm32f4xx_tim.o(i.TIM_SetIC2Prescaler), (24 bytes).
    Removing stm32f4xx_tim.o(i.TIM_SetIC3Prescaler), (16 bytes).
    Removing stm32f4xx_tim.o(i.TIM_SetIC4Prescaler), (24 bytes).
    Removing stm32f4xx_tim.o(i.TIM_TIxExternalClockConfig), (46 bytes).
    Removing stm32f4xx_tim.o(i.TIM_TimeBaseInit), (124 bytes).
    Removing stm32f4xx_tim.o(i.TIM_TimeBaseStructInit), (18 bytes).
    Removing stm32f4xx_tim.o(i.TIM_UpdateDisableConfig), (20 bytes).
    Removing stm32f4xx_tim.o(i.TIM_UpdateRequestConfig), (20 bytes).
    Removing stm32f4xx_usart.o(.rev16_text), (4 bytes).
    Removing stm32f4xx_usart.o(.revsh_text), (4 bytes).
    Removing stm32f4xx_usart.o(.rrx_text), (6 bytes).
    Removing stm32f4xx_usart.o(i.USART_ClearFlag), (6 bytes).
    Removing stm32f4xx_usart.o(i.USART_ClockInit), (28 bytes).
    Removing stm32f4xx_usart.o(i.USART_ClockStructInit), (12 bytes).
    Removing stm32f4xx_usart.o(i.USART_DMACmd), (16 bytes).
    Removing stm32f4xx_usart.o(i.USART_DeInit), (172 bytes).
    Removing stm32f4xx_usart.o(i.USART_GetFlagStatus), (14 bytes).
    Removing stm32f4xx_usart.o(i.USART_HalfDuplexCmd), (20 bytes).
    Removing stm32f4xx_usart.o(i.USART_IrDACmd), (20 bytes).
    Removing stm32f4xx_usart.o(i.USART_IrDAConfig), (16 bytes).
    Removing stm32f4xx_usart.o(i.USART_LINBreakDetectLengthConfig), (16 bytes).
    Removing stm32f4xx_usart.o(i.USART_LINCmd), (20 bytes).
    Removing stm32f4xx_usart.o(i.USART_OneBitMethodCmd), (20 bytes).
    Removing stm32f4xx_usart.o(i.USART_OverSampling8Cmd), (20 bytes).
    Removing stm32f4xx_usart.o(i.USART_ReceiverWakeUpCmd), (20 bytes).
    Removing stm32f4xx_usart.o(i.USART_SendBreak), (10 bytes).
    Removing stm32f4xx_usart.o(i.USART_SetAddress), (16 bytes).
    Removing stm32f4xx_usart.o(i.USART_SetGuardTime), (16 bytes).
    Removing stm32f4xx_usart.o(i.USART_SetPrescaler), (16 bytes).
    Removing stm32f4xx_usart.o(i.USART_SmartCardCmd), (20 bytes).
    Removing stm32f4xx_usart.o(i.USART_SmartCardNACKCmd), (20 bytes).
    Removing stm32f4xx_usart.o(i.USART_StructInit), (22 bytes).
    Removing stm32f4xx_usart.o(i.USART_WakeUpConfig), (16 bytes).
    Removing stm32f4xx_wwdg.o(.rev16_text), (4 bytes).
    Removing stm32f4xx_wwdg.o(.revsh_text), (4 bytes).
    Removing stm32f4xx_wwdg.o(.rrx_text), (6 bytes).
    Removing stm32f4xx_wwdg.o(i.WWDG_ClearFlag), (12 bytes).
    Removing stm32f4xx_wwdg.o(i.WWDG_DeInit), (24 bytes).
    Removing stm32f4xx_wwdg.o(i.WWDG_Enable), (16 bytes).
    Removing stm32f4xx_wwdg.o(i.WWDG_EnableIT), (16 bytes).
    Removing stm32f4xx_wwdg.o(i.WWDG_GetFlagStatus), (20 bytes).
    Removing stm32f4xx_wwdg.o(i.WWDG_SetCounter), (16 bytes).
    Removing stm32f4xx_wwdg.o(i.WWDG_SetPrescaler), (20 bytes).
    Removing stm32f4xx_wwdg.o(i.WWDG_SetWindowValue), (28 bytes).
    Removing system_stm32f4xx.o(.rev16_text), (4 bytes).
    Removing system_stm32f4xx.o(.revsh_text), (4 bytes).
    Removing system_stm32f4xx.o(.rrx_text), (6 bytes).
    Removing system_stm32f4xx.o(i.SystemCoreClockUpdate), (124 bytes).
    Removing system_stm32f4xx.o(.data), (20 bytes).
    Removing startup_stm32f427xx.o(HEAP), (4096 bytes).
    Removing dmul.o(.text), (228 bytes).
    Removing ddiv.o(.text), (222 bytes).
    Removing f2d.o(.text), (38 bytes).
    Removing d2f.o(.text), (56 bytes).
    Removing fepilogue.o(.text), (110 bytes).
    Removing depilogue.o(.text), (186 bytes).
    Removing dadd.o(.text), (334 bytes).
    Removing dneg.o(.text), (6 bytes).
    Removing dsqrt.o(.text), (162 bytes).
    Removing dfixul.o(.text), (48 bytes).
    Removing cdcmple.o(.text), (48 bytes).
    Removing cdrcmple.o(.text), (48 bytes).

1123 unused section(s) (total 51092 bytes) removed from the image.

==============================================================================

Image Symbol Table

    Local Symbols

    Symbol Name                              Value     Ov Type        Size  Object(Section)

    ../clib/microlib/division.c              0x00000000   Number         0  uldiv.o ABSOLUTE
    ../clib/microlib/division.c              0x00000000   Number         0  uidiv.o ABSOLUTE
    ../clib/microlib/errno.c                 0x00000000   Number         0  errno.o ABSOLUTE
    ../clib/microlib/init/entry.s            0x00000000   Number         0  entry5.o ABSOLUTE
    ../clib/microlib/init/entry.s            0x00000000   Number         0  entry.o ABSOLUTE
    ../clib/microlib/init/entry.s            0x00000000   Number         0  entry11b.o ABSOLUTE
    ../clib/microlib/init/entry.s            0x00000000   Number         0  entry11a.o ABSOLUTE
    ../clib/microlib/init/entry.s            0x00000000   Number         0  entry10b.o ABSOLUTE
    ../clib/microlib/init/entry.s            0x00000000   Number         0  entry8a.o ABSOLUTE
    ../clib/microlib/init/entry.s            0x00000000   Number         0  entry10a.o ABSOLUTE
    ../clib/microlib/init/entry.s            0x00000000   Number         0  entry2.o ABSOLUTE
    ../clib/microlib/init/entry.s            0x00000000   Number         0  entry9b.o ABSOLUTE
    ../clib/microlib/init/entry.s            0x00000000   Number         0  entry9a.o ABSOLUTE
    ../clib/microlib/init/entry.s            0x00000000   Number         0  entry8b.o ABSOLUTE
    ../clib/microlib/init/entry.s            0x00000000   Number         0  entry7b.o ABSOLUTE
    ../clib/microlib/init/entry.s            0x00000000   Number         0  entry7a.o ABSOLUTE
    ../clib/microlib/longlong.c              0x00000000   Number         0  llushr.o ABSOLUTE
    ../clib/microlib/longlong.c              0x00000000   Number         0  llshl.o ABSOLUTE
    ../clib/microlib/longlong.c              0x00000000   Number         0  llsshr.o ABSOLUTE
    ../clib/microlib/malloc/malloc.c         0x00000000   Number         0  mallocr.o ABSOLUTE
    ../clib/microlib/malloc/malloc.c         0x00000000   Number         0  malloc.o ABSOLUTE
    ../clib/microlib/malloc/malloc.c         0x00000000   Number         0  mallocra.o ABSOLUTE
    ../clib/microlib/malloc/malloc.c         0x00000000   Number         0  malloca.o ABSOLUTE
    ../clib/microlib/malloc/mvars.c          0x00000000   Number         0  mvars.o ABSOLUTE
    ../clib/microlib/printf/printf.c         0x00000000   Number         0  printf2.o ABSOLUTE
    ../clib/microlib/printf/printf.c         0x00000000   Number         0  printf1.o ABSOLUTE
    ../clib/microlib/printf/printf.c         0x00000000   Number         0  printf8.o ABSOLUTE
    ../clib/microlib/printf/printf.c         0x00000000   Number         0  printf0.o ABSOLUTE
    ../clib/microlib/printf/printf.c         0x00000000   Number         0  printfa.o ABSOLUTE
    ../clib/microlib/printf/printf.c         0x00000000   Number         0  printfb.o ABSOLUTE
    ../clib/microlib/printf/printf.c         0x00000000   Number         0  printf7.o ABSOLUTE
    ../clib/microlib/printf/printf.c         0x00000000   Number         0  printf6.o ABSOLUTE
    ../clib/microlib/printf/printf.c         0x00000000   Number         0  printf4.o ABSOLUTE
    ../clib/microlib/printf/printf.c         0x00000000   Number         0  printf5.o ABSOLUTE
    ../clib/microlib/printf/printf.c         0x00000000   Number         0  printf3.o ABSOLUTE
    ../clib/microlib/stdio/streams.c         0x00000000   Number         0  stdout.o ABSOLUTE
    ../clib/microlib/string/memcpy.c         0x00000000   Number         0  memcpya.o ABSOLUTE
    ../clib/microlib/string/memcpy.c         0x00000000   Number         0  memcpyb.o ABSOLUTE
    ../clib/microlib/string/memset.c         0x00000000   Number         0  memseta.o ABSOLUTE
    ../clib/microlib/string/strlen.c         0x00000000   Number         0  strlen.o ABSOLUTE
    ../clib/microlib/stubs.s                 0x00000000   Number         0  iusefp.o ABSOLUTE
    ../fplib/microlib/d2f.c                  0x00000000   Number         0  d2f.o ABSOLUTE
    ../fplib/microlib/f2d.c                  0x00000000   Number         0  f2d.o ABSOLUTE
    ../fplib/microlib/fpadd.c                0x00000000   Number         0  dadd.o ABSOLUTE
    ../fplib/microlib/fpdiv.c                0x00000000   Number         0  ddiv.o ABSOLUTE
    ../fplib/microlib/fpepilogue.c           0x00000000   Number         0  fepilogue.o ABSOLUTE
    ../fplib/microlib/fpepilogue.c           0x00000000   Number         0  depilogue.o ABSOLUTE
    ../fplib/microlib/fpfix.c                0x00000000   Number         0  dfixul.o ABSOLUTE
    ../fplib/microlib/fpmul.c                0x00000000   Number         0  dmul.o ABSOLUTE
    ../fplib/microlib/fpneg.c                0x00000000   Number         0  dneg.o ABSOLUTE
    ../fplib/microlib/fpsqrt.c               0x00000000   Number         0  dsqrt.o ABSOLUTE
    ../mathlib/asin.c                        0x00000000   Number         0  asin.o ABSOLUTE
    ../mathlib/asin.c                        0x00000000   Number         0  asin_x.o ABSOLUTE
    ../mathlib/atan.c                        0x00000000   Number         0  atan_x.o ABSOLUTE
    ../mathlib/atan.c                        0x00000000   Number         0  atan.o ABSOLUTE
    ../mathlib/atan2.c                       0x00000000   Number         0  atan2_x.o ABSOLUTE
    ../mathlib/atan2.c                       0x00000000   Number         0  atan2.o ABSOLUTE
    ../mathlib/dunder.c                      0x00000000   Number         0  dunder.o ABSOLUTE
    ../mathlib/fabs.c                        0x00000000   Number         0  fabs.o ABSOLUTE
    ../mathlib/fpclassify.c                  0x00000000   Number         0  fpclassify.o ABSOLUTE
    ../mathlib/poly.c                        0x00000000   Number         0  poly.o ABSOLUTE
    ../mathlib/qnan.c                        0x00000000   Number         0  qnan.o ABSOLUTE
    ../mathlib/sqrt.c                        0x00000000   Number         0  sqrt_x.o ABSOLUTE
    ../mathlib/sqrt.c                        0x00000000   Number         0  sqrt.o ABSOLUTE
    ..\..\app\src\act.c                      0x00000000   Number         0  act.o ABSOLUTE
    ..\..\app\src\app.c                      0x00000000   Number         0  app.o ABSOLUTE
    ..\..\app\src\can.c                      0x00000000   Number         0  can.o ABSOLUTE
    ..\..\app\src\cfg.c                      0x00000000   Number         0  cfg.o ABSOLUTE
    ..\..\app\src\clk.c                      0x00000000   Number         0  clk.o ABSOLUTE
    ..\..\app\src\cmd.c                      0x00000000   Number         0  cmd.o ABSOLUTE
    ..\..\app\src\com.c                      0x00000000   Number         0  com.o ABSOLUTE
    ..\..\app\src\ctl.c                      0x00000000   Number         0  ctl.o ABSOLUTE
    ..\..\app\src\dci.c                      0x00000000   Number         0  dci.o ABSOLUTE
    ..\..\app\src\fos.c                      0x00000000   Number         0  fos.o ABSOLUTE
    ..\..\app\src\fun.c                      0x00000000   Number         0  fun.o ABSOLUTE
    ..\..\app\src\hci.c                      0x00000000   Number         0  hci.o ABSOLUTE
    ..\..\app\src\ini.c                      0x00000000   Number         0  ini.o ABSOLUTE
    ..\..\app\src\ios.c                      0x00000000   Number         0  ios.o ABSOLUTE
    ..\..\app\src\mec.c                      0x00000000   Number         0  mec.o ABSOLUTE
    ..\..\app\src\odo.c                      0x00000000   Number         0  odo.o ABSOLUTE
    ..\..\app\src\rci.c                      0x00000000   Number         0  rci.o ABSOLUTE
    ..\..\app\src\sch.c                      0x00000000   Number         0  sch.o ABSOLUTE
    ..\..\app\src\sys.c                      0x00000000   Number         0  sys.o ABSOLUTE
    ..\..\app\src\upd.c                      0x00000000   Number         0  upd.o ABSOLUTE
    ..\..\app\src\wdg.c                      0x00000000   Number         0  wdg.o ABSOLUTE
    ..\..\app\src\wsm.c                      0x00000000   Number         0  wsm.o ABSOLUTE
    ..\..\asp\src\ahrs.c                     0x00000000   Number         0  ahrs.o ABSOLUTE
    ..\..\asp\src\cbus.c                     0x00000000   Number         0  cbus.o ABSOLUTE
    ..\..\asp\src\crc16.c                    0x00000000   Number         0  crc16.o ABSOLUTE
    ..\..\asp\src\dbus.c                     0x00000000   Number         0  dbus.o ABSOLUTE
    ..\..\asp\src\ekf.c                      0x00000000   Number         0  ekf.o ABSOLUTE
    ..\..\asp\src\est.c                      0x00000000   Number         0  est.o ABSOLUTE
    ..\..\asp\src\fifo.c                     0x00000000   Number         0  fifo.o ABSOLUTE
    ..\..\asp\src\gdf.c                      0x00000000   Number         0  gdf.o ABSOLUTE
    ..\..\asp\src\hcp.c                      0x00000000   Number         0  hcp.o ABSOLUTE
    ..\..\asp\src\mafilter.c                 0x00000000   Number         0  mafilter.o ABSOLUTE
    ..\..\asp\src\mecanum.c                  0x00000000   Number         0  mecanum.o ABSOLUTE
    ..\..\asp\src\msg.c                      0x00000000   Number         0  msg.o ABSOLUTE
    ..\..\asp\src\pid.c                      0x00000000   Number         0  pid.o ABSOLUTE
    ..\..\asp\src\rcp.c                      0x00000000   Number         0  rcp.o ABSOLUTE
    ..\..\asp\src\rmp.c                      0x00000000   Number         0  rmp.o ABSOLUTE
    ..\..\asp\src\stack.c                    0x00000000   Number         0  stack.o ABSOLUTE
    ..\..\bsp\src\bsp.c                      0x00000000   Number         0  bsp.o ABSOLUTE
    ..\..\bsp\src\btm.c                      0x00000000   Number         0  btm.o ABSOLUTE
    ..\..\bsp\src\btn.c                      0x00000000   Number         0  btn.o ABSOLUTE
    ..\..\bsp\src\can1.c                     0x00000000   Number         0  can1.o ABSOLUTE
    ..\..\bsp\src\can2.c                     0x00000000   Number         0  can2.o ABSOLUTE
    ..\..\bsp\src\dbi.c                      0x00000000   Number         0  dbi.o ABSOLUTE
    ..\..\bsp\src\delay.c                    0x00000000   Number         0  delay.o ABSOLUTE
    ..\..\bsp\src\flash.c                    0x00000000   Number         0  flash.o ABSOLUTE
    ..\..\bsp\src\led.c                      0x00000000   Number         0  led.o ABSOLUTE
    ..\..\bsp\src\motor.c                    0x00000000   Number         0  motor.o ABSOLUTE
    ..\..\bsp\src\pwm.c                      0x00000000   Number         0  pwm.o ABSOLUTE
    ..\..\bsp\src\rcv.c                      0x00000000   Number         0  rcv.o ABSOLUTE
    ..\..\bsp\src\stm32util.c                0x00000000   Number         0  stm32util.o ABSOLUTE
    ..\..\bsp\src\tim.c                      0x00000000   Number         0  tim.o ABSOLUTE
    ..\..\bsp\src\tty.c                      0x00000000   Number         0  tty.o ABSOLUTE
    ..\..\kos\src\kos.c                      0x00000000   Number         0  kos.o ABSOLUTE
    ..\..\srv\src\can_srv.c                  0x00000000   Number         0  can_srv.o ABSOLUTE
    ..\..\srv\src\com_srv.c                  0x00000000   Number         0  com_srv.o ABSOLUTE
    ..\..\srv\src\rcv_srv.c                  0x00000000   Number         0  rcv_srv.o ABSOLUTE
    ..\..\srv\src\srv.c                      0x00000000   Number         0  srv.o ABSOLUTE
    ..\..\srv\src\tim_srv.c                  0x00000000   Number         0  tim_srv.o ABSOLUTE
    ..\..\stl\StdPeriph_Driver\src\misc.c    0x00000000   Number         0  misc.o ABSOLUTE
    ..\..\stl\StdPeriph_Driver\src\stm32f4xx_adc.c 0x00000000   Number         0  stm32f4xx_adc.o ABSOLUTE
    ..\..\stl\StdPeriph_Driver\src\stm32f4xx_can.c 0x00000000   Number         0  stm32f4xx_can.o ABSOLUTE
    ..\..\stl\StdPeriph_Driver\src\stm32f4xx_cec.c 0x00000000   Number         0  stm32f4xx_cec.o ABSOLUTE
    ..\..\stl\StdPeriph_Driver\src\stm32f4xx_crc.c 0x00000000   Number         0  stm32f4xx_crc.o ABSOLUTE
    ..\..\stl\StdPeriph_Driver\src\stm32f4xx_cryp.c 0x00000000   Number         0  stm32f4xx_cryp.o ABSOLUTE
    ..\..\stl\StdPeriph_Driver\src\stm32f4xx_cryp_aes.c 0x00000000   Number         0  stm32f4xx_cryp_aes.o ABSOLUTE
    ..\..\stl\StdPeriph_Driver\src\stm32f4xx_cryp_des.c 0x00000000   Number         0  stm32f4xx_cryp_des.o ABSOLUTE
    ..\..\stl\StdPeriph_Driver\src\stm32f4xx_cryp_tdes.c 0x00000000   Number         0  stm32f4xx_cryp_tdes.o ABSOLUTE
    ..\..\stl\StdPeriph_Driver\src\stm32f4xx_dac.c 0x00000000   Number         0  stm32f4xx_dac.o ABSOLUTE
    ..\..\stl\StdPeriph_Driver\src\stm32f4xx_dbgmcu.c 0x00000000   Number         0  stm32f4xx_dbgmcu.o ABSOLUTE
    ..\..\stl\StdPeriph_Driver\src\stm32f4xx_dcmi.c 0x00000000   Number         0  stm32f4xx_dcmi.o ABSOLUTE
    ..\..\stl\StdPeriph_Driver\src\stm32f4xx_dfsdm.c 0x00000000   Number         0  stm32f4xx_dfsdm.o ABSOLUTE
    ..\..\stl\StdPeriph_Driver\src\stm32f4xx_dma.c 0x00000000   Number         0  stm32f4xx_dma.o ABSOLUTE
    ..\..\stl\StdPeriph_Driver\src\stm32f4xx_dma2d.c 0x00000000   Number         0  stm32f4xx_dma2d.o ABSOLUTE
    ..\..\stl\StdPeriph_Driver\src\stm32f4xx_dsi.c 0x00000000   Number         0  stm32f4xx_dsi.o ABSOLUTE
    ..\..\stl\StdPeriph_Driver\src\stm32f4xx_exti.c 0x00000000   Number         0  stm32f4xx_exti.o ABSOLUTE
    ..\..\stl\StdPeriph_Driver\src\stm32f4xx_flash.c 0x00000000   Number         0  stm32f4xx_flash.o ABSOLUTE
    ..\..\stl\StdPeriph_Driver\src\stm32f4xx_flash_ramfunc.c 0x00000000   Number         0  stm32f4xx_flash_ramfunc.o ABSOLUTE
    ..\..\stl\StdPeriph_Driver\src\stm32f4xx_fmc.c 0x00000000   Number         0  stm32f4xx_fmc.o ABSOLUTE
    ..\..\stl\StdPeriph_Driver\src\stm32f4xx_fmip2c.c 0x00000000   Number         0  stm32f4xx_fmip2c.o ABSOLUTE
    ..\..\stl\StdPeriph_Driver\src\stm32f4xx_fsmc.c 0x00000000   Number         0  stm32f4xx_fsmc.o ABSOLUTE
    ..\..\stl\StdPeriph_Driver\src\stm32f4xx_gpio.c 0x00000000   Number         0  stm32f4xx_gpio.o ABSOLUTE
    ..\..\stl\StdPeriph_Driver\src\stm32f4xx_hash.c 0x00000000   Number         0  stm32f4xx_hash.o ABSOLUTE
    ..\..\stl\StdPeriph_Driver\src\stm32f4xx_hash_md5.c 0x00000000   Number         0  stm32f4xx_hash_md5.o ABSOLUTE
    ..\..\stl\StdPeriph_Driver\src\stm32f4xx_hash_sha1.c 0x00000000   Number         0  stm32f4xx_hash_sha1.o ABSOLUTE
    ..\..\stl\StdPeriph_Driver\src\stm32f4xx_i2c.c 0x00000000   Number         0  stm32f4xx_i2c.o ABSOLUTE
    ..\..\stl\StdPeriph_Driver\src\stm32f4xx_iwdg.c 0x00000000   Number         0  stm32f4xx_iwdg.o ABSOLUTE
    ..\..\stl\StdPeriph_Driver\src\stm32f4xx_lptim.c 0x00000000   Number         0  stm32f4xx_lptim.o ABSOLUTE
    ..\..\stl\StdPeriph_Driver\src\stm32f4xx_ltdc.c 0x00000000   Number         0  stm32f4xx_ltdc.o ABSOLUTE
    ..\..\stl\StdPeriph_Driver\src\stm32f4xx_pwr.c 0x00000000   Number         0  stm32f4xx_pwr.o ABSOLUTE
    ..\..\stl\StdPeriph_Driver\src\stm32f4xx_qspi.c 0x00000000   Number         0  stm32f4xx_qspi.o ABSOLUTE
    ..\..\stl\StdPeriph_Driver\src\stm32f4xx_rcc.c 0x00000000   Number         0  stm32f4xx_rcc.o ABSOLUTE
    ..\..\stl\StdPeriph_Driver\src\stm32f4xx_rng.c 0x00000000   Number         0  stm32f4xx_rng.o ABSOLUTE
    ..\..\stl\StdPeriph_Driver\src\stm32f4xx_rtc.c 0x00000000   Number         0  stm32f4xx_rtc.o ABSOLUTE
    ..\..\stl\StdPeriph_Driver\src\stm32f4xx_sai.c 0x00000000   Number         0  stm32f4xx_sai.o ABSOLUTE
    ..\..\stl\StdPeriph_Driver\src\stm32f4xx_sdio.c 0x00000000   Number         0  stm32f4xx_sdio.o ABSOLUTE
    ..\..\stl\StdPeriph_Driver\src\stm32f4xx_spdifrx.c 0x00000000   Number         0  stm32f4xx_spdifrx.o ABSOLUTE
    ..\..\stl\StdPeriph_Driver\src\stm32f4xx_spi.c 0x00000000   Number         0  stm32f4xx_spi.o ABSOLUTE
    ..\..\stl\StdPeriph_Driver\src\stm32f4xx_syscfg.c 0x00000000   Number         0  stm32f4xx_syscfg.o ABSOLUTE
    ..\..\stl\StdPeriph_Driver\src\stm32f4xx_tim.c 0x00000000   Number         0  stm32f4xx_tim.o ABSOLUTE
    ..\..\stl\StdPeriph_Driver\src\stm32f4xx_usart.c 0x00000000   Number         0  stm32f4xx_usart.o ABSOLUTE
    ..\..\stl\StdPeriph_Driver\src\stm32f4xx_wwdg.c 0x00000000   Number         0  stm32f4xx_wwdg.o ABSOLUTE
    ..\..\stl\src\system_stm32f4xx.c         0x00000000   Number         0  system_stm32f4xx.o ABSOLUTE
    ..\..\usr\src\main.c                     0x00000000   Number         0  main.o ABSOLUTE
    ..\\..\\app\\src\\act.c                  0x00000000   Number         0  act.o ABSOLUTE
    ..\\..\\app\\src\\app.c                  0x00000000   Number         0  app.o ABSOLUTE
    ..\\..\\app\\src\\cfg.c                  0x00000000   Number         0  cfg.o ABSOLUTE
    ..\\..\\app\\src\\cmd.c                  0x00000000   Number         0  cmd.o ABSOLUTE
    ..\\..\\app\\src\\com.c                  0x00000000   Number         0  com.o ABSOLUTE
    ..\\..\\app\\src\\ctl.c                  0x00000000   Number         0  ctl.o ABSOLUTE
    ..\\..\\app\\src\\dci.c                  0x00000000   Number         0  dci.o ABSOLUTE
    ..\\..\\app\\src\\fos.c                  0x00000000   Number         0  fos.o ABSOLUTE
    ..\\..\\app\\src\\hci.c                  0x00000000   Number         0  hci.o ABSOLUTE
    ..\\..\\app\\src\\ios.c                  0x00000000   Number         0  ios.o ABSOLUTE
    ..\\..\\app\\src\\mec.c                  0x00000000   Number         0  mec.o ABSOLUTE
    ..\\..\\app\\src\\odo.c                  0x00000000   Number         0  odo.o ABSOLUTE
    ..\\..\\app\\src\\rci.c                  0x00000000   Number         0  rci.o ABSOLUTE
    ..\\..\\app\\src\\upd.c                  0x00000000   Number         0  upd.o ABSOLUTE
    ..\\..\\app\\src\\wsm.c                  0x00000000   Number         0  wsm.o ABSOLUTE
    ..\\..\\bsp\\src\\bsp.c                  0x00000000   Number         0  bsp.o ABSOLUTE
    ..\\..\\bsp\\src\\btm.c                  0x00000000   Number         0  btm.o ABSOLUTE
    ..\\..\\bsp\\src\\btn.c                  0x00000000   Number         0  btn.o ABSOLUTE
    ..\\..\\bsp\\src\\can1.c                 0x00000000   Number         0  can1.o ABSOLUTE
    ..\\..\\bsp\\src\\can2.c                 0x00000000   Number         0  can2.o ABSOLUTE
    ..\\..\\bsp\\src\\dbi.c                  0x00000000   Number         0  dbi.o ABSOLUTE
    ..\\..\\bsp\\src\\flash.c                0x00000000   Number         0  flash.o ABSOLUTE
    ..\\..\\bsp\\src\\led.c                  0x00000000   Number         0  led.o ABSOLUTE
    ..\\..\\bsp\\src\\motor.c                0x00000000   Number         0  motor.o ABSOLUTE
    ..\\..\\bsp\\src\\pwm.c                  0x00000000   Number         0  pwm.o ABSOLUTE
    ..\\..\\bsp\\src\\rcv.c                  0x00000000   Number         0  rcv.o ABSOLUTE
    ..\\..\\bsp\\src\\stm32util.c            0x00000000   Number         0  stm32util.o ABSOLUTE
    ..\\..\\bsp\\src\\tim.c                  0x00000000   Number         0  tim.o ABSOLUTE
    ..\\..\\bsp\\src\\tty.c                  0x00000000   Number         0  tty.o ABSOLUTE
    ..\\..\\kos\\src\\kos.c                  0x00000000   Number         0  kos.o ABSOLUTE
    ..\\..\\srv\\src\\com_srv.c              0x00000000   Number         0  com_srv.o ABSOLUTE
    ..\\..\\srv\\src\\rcv_srv.c              0x00000000   Number         0  rcv_srv.o ABSOLUTE
    ..\\..\\srv\\src\\srv.c                  0x00000000   Number         0  srv.o ABSOLUTE
    ..\\..\\stl\\StdPeriph_Driver\\src\\misc.c 0x00000000   Number         0  misc.o ABSOLUTE
    ..\\..\\stl\\StdPeriph_Driver\\src\\stm32f4xx_adc.c 0x00000000   Number         0  stm32f4xx_adc.o ABSOLUTE
    ..\\..\\stl\\StdPeriph_Driver\\src\\stm32f4xx_can.c 0x00000000   Number         0  stm32f4xx_can.o ABSOLUTE
    ..\\..\\stl\\StdPeriph_Driver\\src\\stm32f4xx_cec.c 0x00000000   Number         0  stm32f4xx_cec.o ABSOLUTE
    ..\\..\\stl\\StdPeriph_Driver\\src\\stm32f4xx_crc.c 0x00000000   Number         0  stm32f4xx_crc.o ABSOLUTE
    ..\\..\\stl\\StdPeriph_Driver\\src\\stm32f4xx_cryp.c 0x00000000   Number         0  stm32f4xx_cryp.o ABSOLUTE
    ..\\..\\stl\\StdPeriph_Driver\\src\\stm32f4xx_cryp_aes.c 0x00000000   Number         0  stm32f4xx_cryp_aes.o ABSOLUTE
    ..\\..\\stl\\StdPeriph_Driver\\src\\stm32f4xx_cryp_des.c 0x00000000   Number         0  stm32f4xx_cryp_des.o ABSOLUTE
    ..\\..\\stl\\StdPeriph_Driver\\src\\stm32f4xx_cryp_tdes.c 0x00000000   Number         0  stm32f4xx_cryp_tdes.o ABSOLUTE
    ..\\..\\stl\\StdPeriph_Driver\\src\\stm32f4xx_dac.c 0x00000000   Number         0  stm32f4xx_dac.o ABSOLUTE
    ..\\..\\stl\\StdPeriph_Driver\\src\\stm32f4xx_dbgmcu.c 0x00000000   Number         0  stm32f4xx_dbgmcu.o ABSOLUTE
    ..\\..\\stl\\StdPeriph_Driver\\src\\stm32f4xx_dcmi.c 0x00000000   Number         0  stm32f4xx_dcmi.o ABSOLUTE
    ..\\..\\stl\\StdPeriph_Driver\\src\\stm32f4xx_dfsdm.c 0x00000000   Number         0  stm32f4xx_dfsdm.o ABSOLUTE
    ..\\..\\stl\\StdPeriph_Driver\\src\\stm32f4xx_dma.c 0x00000000   Number         0  stm32f4xx_dma.o ABSOLUTE
    ..\\..\\stl\\StdPeriph_Driver\\src\\stm32f4xx_dma2d.c 0x00000000   Number         0  stm32f4xx_dma2d.o ABSOLUTE
    ..\\..\\stl\\StdPeriph_Driver\\src\\stm32f4xx_dsi.c 0x00000000   Number         0  stm32f4xx_dsi.o ABSOLUTE
    ..\\..\\stl\\StdPeriph_Driver\\src\\stm32f4xx_exti.c 0x00000000   Number         0  stm32f4xx_exti.o ABSOLUTE
    ..\\..\\stl\\StdPeriph_Driver\\src\\stm32f4xx_flash.c 0x00000000   Number         0  stm32f4xx_flash.o ABSOLUTE
    ..\\..\\stl\\StdPeriph_Driver\\src\\stm32f4xx_flash_ramfunc.c 0x00000000   Number         0  stm32f4xx_flash_ramfunc.o ABSOLUTE
    ..\\..\\stl\\StdPeriph_Driver\\src\\stm32f4xx_fmc.c 0x00000000   Number         0  stm32f4xx_fmc.o ABSOLUTE
    ..\\..\\stl\\StdPeriph_Driver\\src\\stm32f4xx_fmip2c.c 0x00000000   Number         0  stm32f4xx_fmip2c.o ABSOLUTE
    ..\\..\\stl\\StdPeriph_Driver\\src\\stm32f4xx_fsmc.c 0x00000000   Number         0  stm32f4xx_fsmc.o ABSOLUTE
    ..\\..\\stl\\StdPeriph_Driver\\src\\stm32f4xx_gpio.c 0x00000000   Number         0  stm32f4xx_gpio.o ABSOLUTE
    ..\\..\\stl\\StdPeriph_Driver\\src\\stm32f4xx_hash.c 0x00000000   Number         0  stm32f4xx_hash.o ABSOLUTE
    ..\\..\\stl\\StdPeriph_Driver\\src\\stm32f4xx_hash_md5.c 0x00000000   Number         0  stm32f4xx_hash_md5.o ABSOLUTE
    ..\\..\\stl\\StdPeriph_Driver\\src\\stm32f4xx_hash_sha1.c 0x00000000   Number         0  stm32f4xx_hash_sha1.o ABSOLUTE
    ..\\..\\stl\\StdPeriph_Driver\\src\\stm32f4xx_i2c.c 0x00000000   Number         0  stm32f4xx_i2c.o ABSOLUTE
    ..\\..\\stl\\StdPeriph_Driver\\src\\stm32f4xx_iwdg.c 0x00000000   Number         0  stm32f4xx_iwdg.o ABSOLUTE
    ..\\..\\stl\\StdPeriph_Driver\\src\\stm32f4xx_lptim.c 0x00000000   Number         0  stm32f4xx_lptim.o ABSOLUTE
    ..\\..\\stl\\StdPeriph_Driver\\src\\stm32f4xx_ltdc.c 0x00000000   Number         0  stm32f4xx_ltdc.o ABSOLUTE
    ..\\..\\stl\\StdPeriph_Driver\\src\\stm32f4xx_pwr.c 0x00000000   Number         0  stm32f4xx_pwr.o ABSOLUTE
    ..\\..\\stl\\StdPeriph_Driver\\src\\stm32f4xx_qspi.c 0x00000000   Number         0  stm32f4xx_qspi.o ABSOLUTE
    ..\\..\\stl\\StdPeriph_Driver\\src\\stm32f4xx_rcc.c 0x00000000   Number         0  stm32f4xx_rcc.o ABSOLUTE
    ..\\..\\stl\\StdPeriph_Driver\\src\\stm32f4xx_rng.c 0x00000000   Number         0  stm32f4xx_rng.o ABSOLUTE
    ..\\..\\stl\\StdPeriph_Driver\\src\\stm32f4xx_rtc.c 0x00000000   Number         0  stm32f4xx_rtc.o ABSOLUTE
    ..\\..\\stl\\StdPeriph_Driver\\src\\stm32f4xx_sai.c 0x00000000   Number         0  stm32f4xx_sai.o ABSOLUTE
    ..\\..\\stl\\StdPeriph_Driver\\src\\stm32f4xx_sdio.c 0x00000000   Number         0  stm32f4xx_sdio.o ABSOLUTE
    ..\\..\\stl\\StdPeriph_Driver\\src\\stm32f4xx_spdifrx.c 0x00000000   Number         0  stm32f4xx_spdifrx.o ABSOLUTE
    ..\\..\\stl\\StdPeriph_Driver\\src\\stm32f4xx_spi.c 0x00000000   Number         0  stm32f4xx_spi.o ABSOLUTE
    ..\\..\\stl\\StdPeriph_Driver\\src\\stm32f4xx_syscfg.c 0x00000000   Number         0  stm32f4xx_syscfg.o ABSOLUTE
    ..\\..\\stl\\StdPeriph_Driver\\src\\stm32f4xx_tim.c 0x00000000   Number         0  stm32f4xx_tim.o ABSOLUTE
    ..\\..\\stl\\StdPeriph_Driver\\src\\stm32f4xx_usart.c 0x00000000   Number         0  stm32f4xx_usart.o ABSOLUTE
    ..\\..\\stl\\StdPeriph_Driver\\src\\stm32f4xx_wwdg.c 0x00000000   Number         0  stm32f4xx_wwdg.o ABSOLUTE
    ..\\..\\stl\\src\\arm\\startup_stm32f427xx.s 0x00000000   Number         0  startup_stm32f427xx.o ABSOLUTE
    ..\\..\\stl\\src\\system_stm32f4xx.c     0x00000000   Number         0  system_stm32f4xx.o ABSOLUTE
    ..\\..\\usr\\src\\main.c                 0x00000000   Number         0  main.o ABSOLUTE
    cdcmple.s                                0x00000000   Number         0  cdcmple.o ABSOLUTE
    cdrcmple.s                               0x00000000   Number         0  cdrcmple.o ABSOLUTE
    dc.s                                     0x00000000   Number         0  dc.o ABSOLUTE
    handlers.s                               0x00000000   Number         0  handlers.o ABSOLUTE
    init.s                                   0x00000000   Number         0  init.o ABSOLUTE
    RESET                                    0x08000000   Section      428  startup_stm32f427xx.o(RESET)
    .ARM.Collect$$$$00000000                 0x080001ac   Section        0  entry.o(.ARM.Collect$$$$00000000)
    .ARM.Collect$$$$00000001                 0x080001ac   Section        4  entry2.o(.ARM.Collect$$$$00000001)
    .ARM.Collect$$$$00000004                 0x080001b0   Section        4  entry5.o(.ARM.Collect$$$$00000004)
    .ARM.Collect$$$$00000008                 0x080001b4   Section        0  entry7b.o(.ARM.Collect$$$$00000008)
    .ARM.Collect$$$$0000000A                 0x080001b4   Section        0  entry8b.o(.ARM.Collect$$$$0000000A)
    .ARM.Collect$$$$0000000B                 0x080001b4   Section        8  entry9a.o(.ARM.Collect$$$$0000000B)
    .ARM.Collect$$$$0000000D                 0x080001bc   Section        0  entry10a.o(.ARM.Collect$$$$0000000D)
    .ARM.Collect$$$$0000000F                 0x080001bc   Section        0  entry11a.o(.ARM.Collect$$$$0000000F)
    .ARM.Collect$$$$00002712                 0x080001bc   Section        4  entry2.o(.ARM.Collect$$$$00002712)
    __lit__00000000                          0x080001bc   Data           4  entry2.o(.ARM.Collect$$$$00002712)
    .text                                    0x080001c0   Section       36  startup_stm32f427xx.o(.text)
    $v0                                      0x080001c0   Number         0  startup_stm32f427xx.o(.text)
    .text                                    0x080001e4   Section        0  memseta.o(.text)
    .text                                    0x08000208   Section       36  init.o(.text)
    i.Bsp_Config                             0x0800022c   Section        0  bsp.o(i.Bsp_Config)
    i.BtmRxCallback                          0x0800025c   Section        0  com_srv.o(i.BtmRxCallback)
    i.Btm_Config                             0x08000260   Section        0  btm.o(i.Btm_Config)
    i.Btm_Proc                               0x080002d0   Section        0  com.o(i.Btm_Proc)
    i.Btm_ReadByte                           0x080002d8   Section        0  btm.o(i.Btm_ReadByte)
    i.Btm_WriteByte                          0x08000300   Section        0  btm.o(i.Btm_WriteByte)
    i.Btn_Config                             0x0800032c   Section        0  btn.o(i.Btn_Config)
    i.CAN1_RX0_IRQHandler                    0x08000338   Section        0  can1.o(i.CAN1_RX0_IRQHandler)
    i.CAN1_TX_IRQHandler                     0x0800037c   Section        0  can1.o(i.CAN1_TX_IRQHandler)
    i.CAN2_RX0_IRQHandler                    0x080003a0   Section        0  can2.o(i.CAN2_RX0_IRQHandler)
    i.CAN2_TX_IRQHandler                     0x080003e4   Section        0  can2.o(i.CAN2_TX_IRQHandler)
    i.CAN_ClearFlag                          0x08000408   Section        0  stm32f4xx_can.o(i.CAN_ClearFlag)
    i.CAN_ClearITPendingBit                  0x08000438   Section        0  stm32f4xx_can.o(i.CAN_ClearITPendingBit)
    i.CAN_GetITStatus                        0x080004b0   Section        0  stm32f4xx_can.o(i.CAN_GetITStatus)
    i.CAN_Receive                            0x08000558   Section        0  stm32f4xx_can.o(i.CAN_Receive)
    i.Can1RxCallback                         0x080005e8   Section        0  can_srv.o(i.Can1RxCallback)
    i.Can2RxCallback                         0x080005ec   Section        0  can_srv.o(i.Can2RxCallback)
    i.Can_Proc                               0x080005f0   Section        0  can.o(i.Can_Proc)
    i.CheckITStatus                          0x0800067e   Section        0  stm32f4xx_can.o(i.CheckITStatus)
    CheckITStatus                            0x0800067f   Thumb Code    12  stm32f4xx_can.o(i.CheckITStatus)
    i.Clk_GetMsTick                          0x0800068c   Section        0  clk.o(i.Clk_GetMsTick)
    i.Clk_Spin                               0x08000698   Section        0  clk.o(i.Clk_Spin)
    i.DBUS_Dec                               0x080006bc   Section        0  dbus.o(i.DBUS_Dec)
    i.DMA_Cmd                                0x080006d4   Section        0  stm32f4xx_dma.o(i.DMA_Cmd)
    i.DMA_GetCurrDataCounter                 0x080006e8   Section        0  stm32f4xx_dma.o(i.DMA_GetCurrDataCounter)
    i.DMA_GetCurrentMemoryTarget             0x080006ee   Section        0  stm32f4xx_dma.o(i.DMA_GetCurrentMemoryTarget)
    i.DbiRxCallback                          0x080006fc   Section        0  com_srv.o(i.DbiRxCallback)
    i.Dbi_Config                             0x08000700   Section        0  dbi.o(i.Dbi_Config)
    i.Dbi_Proc                               0x08000770   Section        0  com.o(i.Dbi_Proc)
    i.Dbi_ReadByte                           0x08000778   Section        0  dbi.o(i.Dbi_ReadByte)
    i.Dbi_WriteByte                          0x080007a0   Section        0  dbi.o(i.Dbi_WriteByte)
    i.Delay_Ms                               0x080007cc   Section        0  delay.o(i.Delay_Ms)
    i.Ekf_Proc                               0x080007e4   Section        0  ekf.o(i.Ekf_Proc)
    i.Ekf_SetD                               0x0800082e   Section        0  ekf.o(i.Ekf_SetD)
    i.Ekf_SetE                               0x08000834   Section        0  ekf.o(i.Ekf_SetE)
    i.Ekf_SetR                               0x0800083a   Section        0  ekf.o(i.Ekf_SetR)
    i.Est_Proc                               0x08000840   Section        0  est.o(i.Est_Proc)
    i.FIFO_Flush                             0x080008bc   Section        0  fifo.o(i.FIFO_Flush)
    i.FIFO_Init                              0x080008d2   Section        0  fifo.o(i.FIFO_Init)
    i.FIFO_IsEmpty                           0x080008da   Section        0  fifo.o(i.FIFO_IsEmpty)
    i.FIFO_IsFull                            0x080008e6   Section        0  fifo.o(i.FIFO_IsFull)
    i.FIFO_Pop                               0x080008f6   Section        0  fifo.o(i.FIFO_Pop)
    i.FIFO_Push                              0x0800092a   Section        0  fifo.o(i.FIFO_Push)
    i.GPIO_AF                                0x08000964   Section        0  stm32util.o(i.GPIO_AF)
    i.GPIO_Config                            0x0800098c   Section        0  stm32util.o(i.GPIO_Config)
    i.GPIO_In                                0x08000aa4   Section        0  stm32util.o(i.GPIO_In)
    i.GPIO_Init                              0x08000ab4   Section        0  stm32f4xx_gpio.o(i.GPIO_Init)
    i.GPIO_Out                               0x08000b56   Section        0  stm32util.o(i.GPIO_Out)
    i.GPIO_PinAFConfig                       0x08000b68   Section        0  stm32f4xx_gpio.o(i.GPIO_PinAFConfig)
    i.GPIO_ResetBits                         0x08000b88   Section        0  stm32f4xx_gpio.o(i.GPIO_ResetBits)
    i.GPIO_SetBits                           0x08000b8c   Section        0  stm32f4xx_gpio.o(i.GPIO_SetBits)
    i.GPIO_ToggleBits                        0x08000b90   Section        0  stm32f4xx_gpio.o(i.GPIO_ToggleBits)
    i.Gdf_Proc                               0x08000b98   Section        0  gdf.o(i.Gdf_Proc)
    i.GetSwitchEvents                        0x08000c14   Section        0  rci.o(i.GetSwitchEvents)
    i.GetSwitchStates                        0x08000c38   Section        0  rci.o(i.GetSwitchStates)
    i.HCP_Dec                                0x08000c78   Section        0  hcp.o(i.HCP_Dec)
    i.IOS_GetByte                            0x08000c96   Section        0  ios.o(i.IOS_GetByte)
    i.IOS_In                                 0x08000ccc   Section        0  ios.o(i.IOS_In)
    i.IOS_Init                               0x08000cdc   Section        0  ios.o(i.IOS_Init)
    i.IOS_Out                                0x08000cf8   Section        0  ios.o(i.IOS_Out)
    i.IOS_PutByte                            0x08000d08   Section        0  ios.o(i.IOS_PutByte)
    i.Led_Config                             0x08000d20   Section        0  led.o(i.Led_Config)
    i.Motor_Proc                             0x08000d50   Section        0  can.o(i.Motor_Proc)
    Motor_Proc                               0x08000d51   Thumb Code   220  can.o(i.Motor_Proc)
    i.NVIC_Config                            0x08000e44   Section        0  stm32util.o(i.NVIC_Config)
    i.NVIC_Init                              0x08000e60   Section        0  misc.o(i.NVIC_Init)
    i.NVIC_PriorityGroupConfig               0x08000ec4   Section        0  misc.o(i.NVIC_PriorityGroupConfig)
    i.RCC_AHB1PeriphClockCmd                 0x08000ed8   Section        0  stm32f4xx_rcc.o(i.RCC_AHB1PeriphClockCmd)
    i.RCC_APB1PeriphClockCmd                 0x08000ef0   Section        0  stm32f4xx_rcc.o(i.RCC_APB1PeriphClockCmd)
    i.RCC_APB2PeriphClockCmd                 0x08000f08   Section        0  stm32f4xx_rcc.o(i.RCC_APB2PeriphClockCmd)
    i.RCC_GetClocksFreq                      0x08000f20   Section        0  stm32f4xx_rcc.o(i.RCC_GetClocksFreq)
    i.RCP_Dec                                0x08000fb4   Section        0  rcp.o(i.RCP_Dec)
    i.RcvCallback                            0x08001002   Section        0  rcv_srv.o(i.RcvCallback)
    i.Rcv_Proc                               0x08001008   Section        0  dci.o(i.Rcv_Proc)
    i.Sch_Proc                               0x08001030   Section        0  sch.o(i.Sch_Proc)
    i.SetSysClock                            0x08001064   Section        0  system_stm32f4xx.o(i.SetSysClock)
    SetSysClock                              0x08001065   Thumb Code   190  system_stm32f4xx.o(i.SetSysClock)
    i.SyncTimCallback                        0x08001134   Section        0  tim_srv.o(i.SyncTimCallback)
    i.SystemInit                             0x08001138   Section        0  system_stm32f4xx.o(i.SystemInit)
    i.TIM2_IRQHandler                        0x08001194   Section        0  tim.o(i.TIM2_IRQHandler)
    i.TIM6_DAC_IRQHandler                    0x080011c0   Section        0  tim.o(i.TIM6_DAC_IRQHandler)
    i.TIM_ClearFlag                          0x080011f0   Section        0  stm32f4xx_tim.o(i.TIM_ClearFlag)
    i.TIM_ClearITPendingBit                  0x080011f6   Section        0  stm32f4xx_tim.o(i.TIM_ClearITPendingBit)
    i.TIM_GetITStatus                        0x080011fc   Section        0  stm32f4xx_tim.o(i.TIM_GetITStatus)
    i.TickTimCallback                        0x08001214   Section        0  tim_srv.o(i.TickTimCallback)
    i.TtyRxCallback                          0x08001218   Section        0  com_srv.o(i.TtyRxCallback)
    i.Tty_Config                             0x0800121c   Section        0  tty.o(i.Tty_Config)
    i.Tty_Proc                               0x0800128c   Section        0  com.o(i.Tty_Proc)
    i.Tty_ReadByte                           0x08001294   Section        0  tty.o(i.Tty_ReadByte)
    i.Tty_WriteByte                          0x080012bc   Section        0  tty.o(i.Tty_WriteByte)
    i.USART1_IRQHandler                      0x080012e8   Section        0  rcv.o(i.USART1_IRQHandler)
    i.USART2_IRQHandler                      0x08001364   Section        0  btm.o(i.USART2_IRQHandler)
    i.USART3_IRQHandler                      0x080013fc   Section        0  dbi.o(i.USART3_IRQHandler)
    i.USART6_IRQHandler                      0x08001494   Section        0  tty.o(i.USART6_IRQHandler)
    i.USART_Bind                             0x0800152c   Section        0  stm32util.o(i.USART_Bind)
    i.USART_ClearITPendingBit                0x0800230c   Section        0  stm32f4xx_usart.o(i.USART_ClearITPendingBit)
    i.USART_Cmd                              0x08002318   Section        0  stm32f4xx_usart.o(i.USART_Cmd)
    i.USART_Config                           0x0800232c   Section        0  stm32util.o(i.USART_Config)
    i.USART_GetITStatus                      0x080024bc   Section        0  stm32f4xx_usart.o(i.USART_GetITStatus)
    i.USART_ITConfig                         0x080024fa   Section        0  stm32f4xx_usart.o(i.USART_ITConfig)
    i.USART_Init                             0x0800252c   Section        0  stm32f4xx_usart.o(i.USART_Init)
    i.USART_ReceiveData                      0x080025d8   Section        0  stm32f4xx_usart.o(i.USART_ReceiveData)
    i.USART_SendData                         0x080025e0   Section        0  stm32f4xx_usart.o(i.USART_SendData)
    i.Wdg_Feed                               0x080025e8   Section        0  wdg.o(i.Wdg_Feed)
    i.Wdg_IsErrSet                           0x080025f8   Section        0  wdg.o(i.Wdg_IsErrSet)
    i.ZGyro_Proc                             0x0800260c   Section        0  can.o(i.ZGyro_Proc)
    ZGyro_Proc                               0x0800260d   Thumb Code    92  can.o(i.ZGyro_Proc)
    i.__0printf$bare                         0x08002674   Section        0  printfb.o(i.__0printf$bare)
    i.__scatterload_copy                     0x08002684   Section       14  handlers.o(i.__scatterload_copy)
    i.__scatterload_null                     0x08002692   Section        2  handlers.o(i.__scatterload_null)
    i.__scatterload_zeroinit                 0x08002694   Section       14  handlers.o(i.__scatterload_zeroinit)
    i._printf_core                           0x080026a2   Section        0  printfb.o(i._printf_core)
    _printf_core                             0x080026a3   Thumb Code    34  printfb.o(i._printf_core)
    i.fputc                                  0x080026c4   Section        0  ios.o(i.fputc)
    i.main                                   0x080026dc   Section        0  main.o(i.main)
    .data                                    0x20000000   Section        8  clk.o(.data)
    us_tick                                  0x20000000   Data           4  clk.o(.data)
    ms_tick                                  0x20000004   Data           4  clk.o(.data)
    .data                                    0x20000008   Section        8  ios.o(.data)
    .data                                    0x20000010   Section       16  rci.o(.data)
    lastRawSwitchStates                      0x20000014   Data           2  rci.o(.data)
    lastSwitchStates                         0x20000016   Data           2  rci.o(.data)
    switchConfirmCounts                      0x20000018   Data           8  rci.o(.data)
    .data                                    0x20000020   Section        4  sch.o(.data)
    list                                     0x20000020   Data           4  sch.o(.data)
    .data                                    0x20000024   Section       52  wdg.o(.data)
    err                                      0x20000024   Data           4  wdg.o(.data)
    .data                                    0x20000058   Section       16  stm32f4xx_rcc.o(.data)
    APBAHBPrescTable                         0x20000058   Data          16  stm32f4xx_rcc.o(.data)
    .data                                    0x20000068   Section        4  stdout.o(.data)
    .bss                                     0x2000006c   Section     3092  can.o(.bss)
    buf                                      0x20000158   Data        2400  can.o(.bss)
    gdf                                      0x20000ab8   Data         192  can.o(.bss)
    ekf                                      0x20000b78   Data         144  can.o(.bss)
    est                                      0x20000c08   Data         120  can.o(.bss)
    .bss                                     0x20000c80   Section       22  dci.o(.bss)
    .bss                                     0x20000c98   Section      552  btm.o(.bss)
    rx_fifo                                  0x20000c98   Data          20  btm.o(.bss)
    tx_fifo                                  0x20000cac   Data          20  btm.o(.bss)
    rx_buf                                   0x20000cc0   Data         256  btm.o(.bss)
    tx_buf                                   0x20000dc0   Data         256  btm.o(.bss)
    .bss                                     0x20000ec0   Section      552  dbi.o(.bss)
    rx_fifo                                  0x20000ec0   Data          20  dbi.o(.bss)
    tx_fifo                                  0x20000ed4   Data          20  dbi.o(.bss)
    rx_buf                                   0x20000ee8   Data         256  dbi.o(.bss)
    tx_buf                                   0x20000fe8   Data         256  dbi.o(.bss)
    .bss                                     0x200010e8   Section       72  rcv.o(.bss)
    buf                                      0x200010e8   Data          72  rcv.o(.bss)
    .bss                                     0x20001130   Section      552  tty.o(.bss)
    rx_fifo                                  0x20001130   Data          20  tty.o(.bss)
    tx_fifo                                  0x20001144   Data          20  tty.o(.bss)
    rx_buf                                   0x20001158   Data         256  tty.o(.bss)
    tx_buf                                   0x20001258   Data         256  tty.o(.bss)
    STACK                                    0x20001358   Section     1024  startup_stm32f427xx.o(STACK)

    Global Symbols

    Symbol Name                              Value     Ov Type        Size  Object(Section)

    BuildAttributes$$THM_ISAv4$E$P$D$K$B$S$7EM$VFPi3$EXTD16$VFPS$VFMA$PE$A:L22UL41UL21$X:L11$S22US41US21$IEEE1$IW$USESV6$~STKCKD$USESV7$~SHL$OTIME$ROPI$IEEEX$EBA8$MICROLIB$REQ8$PRES8$EABIv2 0x00000000   Number         0  anon$$obj.o ABSOLUTE
    __ARM_use_no_argv                        0x00000000   Number         0  main.o ABSOLUTE
    __cpp_initialize__aeabi_                  - Undefined Weak Reference
    __cxa_finalize                            - Undefined Weak Reference
    __decompress                              - Undefined Weak Reference
    _clock_init                               - Undefined Weak Reference
    _microlib_exit                            - Undefined Weak Reference
    __Vectors_Size                           0x000001ac   Number         0  startup_stm32f427xx.o ABSOLUTE
    __Vectors                                0x08000000   Data           4  startup_stm32f427xx.o(RESET)
    __Vectors_End                            0x080001ac   Data           0  startup_stm32f427xx.o(RESET)
    __main                                   0x080001ad   Thumb Code     0  entry.o(.ARM.Collect$$$$00000000)
    _main_stk                                0x080001ad   Thumb Code     0  entry2.o(.ARM.Collect$$$$00000001)
    _main_scatterload                        0x080001b1   Thumb Code     0  entry5.o(.ARM.Collect$$$$00000004)
    __main_after_scatterload                 0x080001b5   Thumb Code     0  entry5.o(.ARM.Collect$$$$00000004)
    _main_clock                              0x080001b5   Thumb Code     0  entry7b.o(.ARM.Collect$$$$00000008)
    _main_cpp_init                           0x080001b5   Thumb Code     0  entry8b.o(.ARM.Collect$$$$0000000A)
    _main_init                               0x080001b5   Thumb Code     0  entry9a.o(.ARM.Collect$$$$0000000B)
    __rt_final_cpp                           0x080001bd   Thumb Code     0  entry10a.o(.ARM.Collect$$$$0000000D)
    __rt_final_exit                          0x080001bd   Thumb Code     0  entry11a.o(.ARM.Collect$$$$0000000F)
    Reset_Handler                            0x080001c1   Thumb Code     8  startup_stm32f427xx.o(.text)
    NMI_Handler                              0x080001c9   Thumb Code     2  startup_stm32f427xx.o(.text)
    HardFault_Handler                        0x080001cb   Thumb Code     2  startup_stm32f427xx.o(.text)
    MemManage_Handler                        0x080001cd   Thumb Code     2  startup_stm32f427xx.o(.text)
    BusFault_Handler                         0x080001cf   Thumb Code     2  startup_stm32f427xx.o(.text)
    UsageFault_Handler                       0x080001d1   Thumb Code     2  startup_stm32f427xx.o(.text)
    SVC_Handler                              0x080001d3   Thumb Code     2  startup_stm32f427xx.o(.text)
    DebugMon_Handler                         0x080001d5   Thumb Code     2  startup_stm32f427xx.o(.text)
    PendSV_Handler                           0x080001d7   Thumb Code     2  startup_stm32f427xx.o(.text)
    SysTick_Handler                          0x080001d9   Thumb Code     2  startup_stm32f427xx.o(.text)
    ADC_IRQHandler                           0x080001db   Thumb Code     0  startup_stm32f427xx.o(.text)
    CAN1_RX1_IRQHandler                      0x080001db   Thumb Code     0  startup_stm32f427xx.o(.text)
    CAN1_SCE_IRQHandler                      0x080001db   Thumb Code     0  startup_stm32f427xx.o(.text)
    CAN2_RX1_IRQHandler                      0x080001db   Thumb Code     0  startup_stm32f427xx.o(.text)
    CAN2_SCE_IRQHandler                      0x080001db   Thumb Code     0  startup_stm32f427xx.o(.text)
    DCMI_IRQHandler                          0x080001db   Thumb Code     0  startup_stm32f427xx.o(.text)
    DMA1_Stream0_IRQHandler                  0x080001db   Thumb Code     0  startup_stm32f427xx.o(.text)
    DMA1_Stream1_IRQHandler                  0x080001db   Thumb Code     0  startup_stm32f427xx.o(.text)
    DMA1_Stream2_IRQHandler                  0x080001db   Thumb Code     0  startup_stm32f427xx.o(.text)
    DMA1_Stream3_IRQHandler                  0x080001db   Thumb Code     0  startup_stm32f427xx.o(.text)
    DMA1_Stream4_IRQHandler                  0x080001db   Thumb Code     0  startup_stm32f427xx.o(.text)
    DMA1_Stream5_IRQHandler                  0x080001db   Thumb Code     0  startup_stm32f427xx.o(.text)
    DMA1_Stream6_IRQHandler                  0x080001db   Thumb Code     0  startup_stm32f427xx.o(.text)
    DMA1_Stream7_IRQHandler                  0x080001db   Thumb Code     0  startup_stm32f427xx.o(.text)
    DMA2D_IRQHandler                         0x080001db   Thumb Code     0  startup_stm32f427xx.o(.text)
    DMA2_Stream0_IRQHandler                  0x080001db   Thumb Code     0  startup_stm32f427xx.o(.text)
    DMA2_Stream1_IRQHandler                  0x080001db   Thumb Code     0  startup_stm32f427xx.o(.text)
    DMA2_Stream2_IRQHandler                  0x080001db   Thumb Code     0  startup_stm32f427xx.o(.text)
    DMA2_Stream3_IRQHandler                  0x080001db   Thumb Code     0  startup_stm32f427xx.o(.text)
    DMA2_Stream4_IRQHandler                  0x080001db   Thumb Code     0  startup_stm32f427xx.o(.text)
    DMA2_Stream5_IRQHandler                  0x080001db   Thumb Code     0  startup_stm32f427xx.o(.text)
    DMA2_Stream6_IRQHandler                  0x080001db   Thumb Code     0  startup_stm32f427xx.o(.text)
    DMA2_Stream7_IRQHandler                  0x080001db   Thumb Code     0  startup_stm32f427xx.o(.text)
    ETH_IRQHandler                           0x080001db   Thumb Code     0  startup_stm32f427xx.o(.text)
    ETH_WKUP_IRQHandler                      0x080001db   Thumb Code     0  startup_stm32f427xx.o(.text)
    EXTI0_IRQHandler                         0x080001db   Thumb Code     0  startup_stm32f427xx.o(.text)
    EXTI15_10_IRQHandler                     0x080001db   Thumb Code     0  startup_stm32f427xx.o(.text)
    EXTI1_IRQHandler                         0x080001db   Thumb Code     0  startup_stm32f427xx.o(.text)
    EXTI2_IRQHandler                         0x080001db   Thumb Code     0  startup_stm32f427xx.o(.text)
    EXTI3_IRQHandler                         0x080001db   Thumb Code     0  startup_stm32f427xx.o(.text)
    EXTI4_IRQHandler                         0x080001db   Thumb Code     0  startup_stm32f427xx.o(.text)
    EXTI9_5_IRQHandler                       0x080001db   Thumb Code     0  startup_stm32f427xx.o(.text)
    FLASH_IRQHandler                         0x080001db   Thumb Code     0  startup_stm32f427xx.o(.text)
    FMC_IRQHandler                           0x080001db   Thumb Code     0  startup_stm32f427xx.o(.text)
    FPU_IRQHandler                           0x080001db   Thumb Code     0  startup_stm32f427xx.o(.text)
    HASH_RNG_IRQHandler                      0x080001db   Thumb Code     0  startup_stm32f427xx.o(.text)
    I2C1_ER_IRQHandler                       0x080001db   Thumb Code     0  startup_stm32f427xx.o(.text)
    I2C1_EV_IRQHandler                       0x080001db   Thumb Code     0  startup_stm32f427xx.o(.text)
    I2C2_ER_IRQHandler                       0x080001db   Thumb Code     0  startup_stm32f427xx.o(.text)
    I2C2_EV_IRQHandler                       0x080001db   Thumb Code     0  startup_stm32f427xx.o(.text)
    I2C3_ER_IRQHandler                       0x080001db   Thumb Code     0  startup_stm32f427xx.o(.text)
    I2C3_EV_IRQHandler                       0x080001db   Thumb Code     0  startup_stm32f427xx.o(.text)
    OTG_FS_IRQHandler                        0x080001db   Thumb Code     0  startup_stm32f427xx.o(.text)
    OTG_FS_WKUP_IRQHandler                   0x080001db   Thumb Code     0  startup_stm32f427xx.o(.text)
    OTG_HS_EP1_IN_IRQHandler                 0x080001db   Thumb Code     0  startup_stm32f427xx.o(.text)
    OTG_HS_EP1_OUT_IRQHandler                0x080001db   Thumb Code     0  startup_stm32f427xx.o(.text)
    OTG_HS_IRQHandler                        0x080001db   Thumb Code     0  startup_stm32f427xx.o(.text)
    OTG_HS_WKUP_IRQHandler                   0x080001db   Thumb Code     0  startup_stm32f427xx.o(.text)
    PVD_IRQHandler                           0x080001db   Thumb Code     0  startup_stm32f427xx.o(.text)
    RCC_IRQHandler                           0x080001db   Thumb Code     0  startup_stm32f427xx.o(.text)
    RTC_Alarm_IRQHandler                     0x080001db   Thumb Code     0  startup_stm32f427xx.o(.text)
    RTC_WKUP_IRQHandler                      0x080001db   Thumb Code     0  startup_stm32f427xx.o(.text)
    SAI1_IRQHandler                          0x080001db   Thumb Code     0  startup_stm32f427xx.o(.text)
    SDIO_IRQHandler                          0x080001db   Thumb Code     0  startup_stm32f427xx.o(.text)
    SPI1_IRQHandler                          0x080001db   Thumb Code     0  startup_stm32f427xx.o(.text)
    SPI2_IRQHandler                          0x080001db   Thumb Code     0  startup_stm32f427xx.o(.text)
    SPI3_IRQHandler                          0x080001db   Thumb Code     0  startup_stm32f427xx.o(.text)
    SPI4_IRQHandler                          0x080001db   Thumb Code     0  startup_stm32f427xx.o(.text)
    SPI5_IRQHandler                          0x080001db   Thumb Code     0  startup_stm32f427xx.o(.text)
    SPI6_IRQHandler                          0x080001db   Thumb Code     0  startup_stm32f427xx.o(.text)
    TAMP_STAMP_IRQHandler                    0x080001db   Thumb Code     0  startup_stm32f427xx.o(.text)
    TIM1_BRK_TIM9_IRQHandler                 0x080001db   Thumb Code     0  startup_stm32f427xx.o(.text)
    TIM1_CC_IRQHandler                       0x080001db   Thumb Code     0  startup_stm32f427xx.o(.text)
    TIM1_TRG_COM_TIM11_IRQHandler            0x080001db   Thumb Code     0  startup_stm32f427xx.o(.text)
    TIM1_UP_TIM10_IRQHandler                 0x080001db   Thumb Code     0  startup_stm32f427xx.o(.text)
    TIM3_IRQHandler                          0x080001db   Thumb Code     0  startup_stm32f427xx.o(.text)
    TIM4_IRQHandler                          0x080001db   Thumb Code     0  startup_stm32f427xx.o(.text)
    TIM5_IRQHandler                          0x080001db   Thumb Code     0  startup_stm32f427xx.o(.text)
    TIM7_IRQHandler                          0x080001db   Thumb Code     0  startup_stm32f427xx.o(.text)
    TIM8_BRK_TIM12_IRQHandler                0x080001db   Thumb Code     0  startup_stm32f427xx.o(.text)
    TIM8_CC_IRQHandler                       0x080001db   Thumb Code     0  startup_stm32f427xx.o(.text)
    TIM8_TRG_COM_TIM14_IRQHandler            0x080001db   Thumb Code     0  startup_stm32f427xx.o(.text)
    TIM8_UP_TIM13_IRQHandler                 0x080001db   Thumb Code     0  startup_stm32f427xx.o(.text)
    UART4_IRQHandler                         0x080001db   Thumb Code     0  startup_stm32f427xx.o(.text)
    UART5_IRQHandler                         0x080001db   Thumb Code     0  startup_stm32f427xx.o(.text)
    UART7_IRQHandler                         0x080001db   Thumb Code     0  startup_stm32f427xx.o(.text)
    UART8_IRQHandler                         0x080001db   Thumb Code     0  startup_stm32f427xx.o(.text)
    WWDG_IRQHandler                          0x080001db   Thumb Code     0  startup_stm32f427xx.o(.text)
    __aeabi_memset                           0x080001e5   Thumb Code    14  memseta.o(.text)
    __aeabi_memset4                          0x080001e5   Thumb Code     0  memseta.o(.text)
    __aeabi_memset8                          0x080001e5   Thumb Code     0  memseta.o(.text)
    __aeabi_memclr                           0x080001f3   Thumb Code     4  memseta.o(.text)
    __aeabi_memclr4                          0x080001f3   Thumb Code     0  memseta.o(.text)
    __aeabi_memclr8                          0x080001f3   Thumb Code     0  memseta.o(.text)
    _memset$wrapper                          0x080001f7   Thumb Code    18  memseta.o(.text)
    __scatterload                            0x08000209   Thumb Code    28  init.o(.text)
    __scatterload_rt2                        0x08000209   Thumb Code     0  init.o(.text)
    Bsp_Config                               0x0800022d   Thumb Code    44  bsp.o(i.Bsp_Config)
    BtmRxCallback                            0x0800025d   Thumb Code     4  com_srv.o(i.BtmRxCallback)
    Btm_Config                               0x08000261   Thumb Code    94  btm.o(i.Btm_Config)
    Btm_Proc                                 0x080002d1   Thumb Code     6  com.o(i.Btm_Proc)
    Btm_ReadByte                             0x080002d9   Thumb Code    34  btm.o(i.Btm_ReadByte)
    Btm_WriteByte                            0x08000301   Thumb Code    36  btm.o(i.Btm_WriteByte)
    Btn_Config                               0x0800032d   Thumb Code     6  btn.o(i.Btn_Config)
    CAN1_RX0_IRQHandler                      0x08000339   Thumb Code    58  can1.o(i.CAN1_RX0_IRQHandler)
    CAN1_TX_IRQHandler                       0x0800037d   Thumb Code    30  can1.o(i.CAN1_TX_IRQHandler)
    CAN2_RX0_IRQHandler                      0x080003a1   Thumb Code    58  can2.o(i.CAN2_RX0_IRQHandler)
    CAN2_TX_IRQHandler                       0x080003e5   Thumb Code    30  can2.o(i.CAN2_TX_IRQHandler)
    CAN_ClearFlag                            0x08000409   Thumb Code    44  stm32f4xx_can.o(i.CAN_ClearFlag)
    CAN_ClearITPendingBit                    0x08000439   Thumb Code   116  stm32f4xx_can.o(i.CAN_ClearITPendingBit)
    CAN_GetITStatus                          0x080004b1   Thumb Code   162  stm32f4xx_can.o(i.CAN_GetITStatus)
    CAN_Receive                              0x08000559   Thumb Code   144  stm32f4xx_can.o(i.CAN_Receive)
    Can1RxCallback                           0x080005e9   Thumb Code     4  can_srv.o(i.Can1RxCallback)
    Can2RxCallback                           0x080005ed   Thumb Code     4  can_srv.o(i.Can2RxCallback)
    Can_Proc                                 0x080005f1   Thumb Code   142  can.o(i.Can_Proc)
    Clk_GetMsTick                            0x0800068d   Thumb Code     6  clk.o(i.Clk_GetMsTick)
    Clk_Spin                                 0x08000699   Thumb Code    32  clk.o(i.Clk_Spin)
    DBUS_Dec                                 0x080006bd   Thumb Code    24  dbus.o(i.DBUS_Dec)
    DMA_Cmd                                  0x080006d5   Thumb Code    20  stm32f4xx_dma.o(i.DMA_Cmd)
    DMA_GetCurrDataCounter                   0x080006e9   Thumb Code     6  stm32f4xx_dma.o(i.DMA_GetCurrDataCounter)
    DMA_GetCurrentMemoryTarget               0x080006ef   Thumb Code    14  stm32f4xx_dma.o(i.DMA_GetCurrentMemoryTarget)
    DbiRxCallback                            0x080006fd   Thumb Code     4  com_srv.o(i.DbiRxCallback)
    Dbi_Config                               0x08000701   Thumb Code    94  dbi.o(i.Dbi_Config)
    Dbi_Proc                                 0x08000771   Thumb Code     6  com.o(i.Dbi_Proc)
    Dbi_ReadByte                             0x08000779   Thumb Code    34  dbi.o(i.Dbi_ReadByte)
    Dbi_WriteByte                            0x080007a1   Thumb Code    36  dbi.o(i.Dbi_WriteByte)
    Delay_Ms                                 0x080007cd   Thumb Code    24  delay.o(i.Delay_Ms)
    Ekf_Proc                                 0x080007e5   Thumb Code    74  ekf.o(i.Ekf_Proc)
    Ekf_SetD                                 0x0800082f   Thumb Code     6  ekf.o(i.Ekf_SetD)
    Ekf_SetE                                 0x08000835   Thumb Code     6  ekf.o(i.Ekf_SetE)
    Ekf_SetR                                 0x0800083b   Thumb Code     6  ekf.o(i.Ekf_SetR)
    Est_Proc                                 0x08000841   Thumb Code   124  est.o(i.Est_Proc)
    FIFO_Flush                               0x080008bd   Thumb Code    22  fifo.o(i.FIFO_Flush)
    FIFO_Init                                0x080008d3   Thumb Code     8  fifo.o(i.FIFO_Init)
    FIFO_IsEmpty                             0x080008db   Thumb Code    12  fifo.o(i.FIFO_IsEmpty)
    FIFO_IsFull                              0x080008e7   Thumb Code    16  fifo.o(i.FIFO_IsFull)
    FIFO_Pop                                 0x080008f7   Thumb Code    52  fifo.o(i.FIFO_Pop)
    FIFO_Push                                0x0800092b   Thumb Code    58  fifo.o(i.FIFO_Push)
    GPIO_AF                                  0x08000965   Thumb Code    40  stm32util.o(i.GPIO_AF)
    GPIO_Config                              0x0800098d   Thumb Code   236  stm32util.o(i.GPIO_Config)
    GPIO_In                                  0x08000aa5   Thumb Code    16  stm32util.o(i.GPIO_In)
    GPIO_Init                                0x08000ab5   Thumb Code   162  stm32f4xx_gpio.o(i.GPIO_Init)
    GPIO_Out                                 0x08000b57   Thumb Code    18  stm32util.o(i.GPIO_Out)
    GPIO_PinAFConfig                         0x08000b69   Thumb Code    32  stm32f4xx_gpio.o(i.GPIO_PinAFConfig)
    GPIO_ResetBits                           0x08000b89   Thumb Code     4  stm32f4xx_gpio.o(i.GPIO_ResetBits)
    GPIO_SetBits                             0x08000b8d   Thumb Code     4  stm32f4xx_gpio.o(i.GPIO_SetBits)
    GPIO_ToggleBits                          0x08000b91   Thumb Code     8  stm32f4xx_gpio.o(i.GPIO_ToggleBits)
    Gdf_Proc                                 0x08000b99   Thumb Code   122  gdf.o(i.Gdf_Proc)
    GetSwitchEvents                          0x08000c15   Thumb Code    30  rci.o(i.GetSwitchEvents)
    GetSwitchStates                          0x08000c39   Thumb Code    60  rci.o(i.GetSwitchStates)
    HCP_Dec                                  0x08000c79   Thumb Code    30  hcp.o(i.HCP_Dec)
    IOS_GetByte                              0x08000c97   Thumb Code    54  ios.o(i.IOS_GetByte)
    IOS_In                                   0x08000ccd   Thumb Code    10  ios.o(i.IOS_In)
    IOS_Init                                 0x08000cdd   Thumb Code    18  ios.o(i.IOS_Init)
    IOS_Out                                  0x08000cf9   Thumb Code    10  ios.o(i.IOS_Out)
    IOS_PutByte                              0x08000d09   Thumb Code    24  ios.o(i.IOS_PutByte)
    Led_Config                               0x08000d21   Thumb Code    40  led.o(i.Led_Config)
    NVIC_Config                              0x08000e45   Thumb Code    28  stm32util.o(i.NVIC_Config)
    NVIC_Init                                0x08000e61   Thumb Code    96  misc.o(i.NVIC_Init)
    NVIC_PriorityGroupConfig                 0x08000ec5   Thumb Code    10  misc.o(i.NVIC_PriorityGroupConfig)
    RCC_AHB1PeriphClockCmd                   0x08000ed9   Thumb Code    18  stm32f4xx_rcc.o(i.RCC_AHB1PeriphClockCmd)
    RCC_APB1PeriphClockCmd                   0x08000ef1   Thumb Code    18  stm32f4xx_rcc.o(i.RCC_APB1PeriphClockCmd)
    RCC_APB2PeriphClockCmd                   0x08000f09   Thumb Code    18  stm32f4xx_rcc.o(i.RCC_APB2PeriphClockCmd)
    RCC_GetClocksFreq                        0x08000f21   Thumb Code   132  stm32f4xx_rcc.o(i.RCC_GetClocksFreq)
    RCP_Dec                                  0x08000fb5   Thumb Code    78  rcp.o(i.RCP_Dec)
    RcvCallback                              0x08001003   Thumb Code     4  rcv_srv.o(i.RcvCallback)
    Rcv_Proc                                 0x08001009   Thumb Code    34  dci.o(i.Rcv_Proc)
    Sch_Proc                                 0x08001031   Thumb Code    48  sch.o(i.Sch_Proc)
    SyncTimCallback                          0x08001135   Thumb Code     4  tim_srv.o(i.SyncTimCallback)
    SystemInit                               0x08001139   Thumb Code    74  system_stm32f4xx.o(i.SystemInit)
    TIM2_IRQHandler                          0x08001195   Thumb Code    42  tim.o(i.TIM2_IRQHandler)
    TIM6_DAC_IRQHandler                      0x080011c1   Thumb Code    42  tim.o(i.TIM6_DAC_IRQHandler)
    TIM_ClearFlag                            0x080011f1   Thumb Code     6  stm32f4xx_tim.o(i.TIM_ClearFlag)
    TIM_ClearITPendingBit                    0x080011f7   Thumb Code     6  stm32f4xx_tim.o(i.TIM_ClearITPendingBit)
    TIM_GetITStatus                          0x080011fd   Thumb Code    24  stm32f4xx_tim.o(i.TIM_GetITStatus)
    TickTimCallback                          0x08001215   Thumb Code     4  tim_srv.o(i.TickTimCallback)
    TtyRxCallback                            0x08001219   Thumb Code     4  com_srv.o(i.TtyRxCallback)
    Tty_Config                               0x0800121d   Thumb Code    94  tty.o(i.Tty_Config)
    Tty_Proc                                 0x0800128d   Thumb Code     6  com.o(i.Tty_Proc)
    Tty_ReadByte                             0x08001295   Thumb Code    34  tty.o(i.Tty_ReadByte)
    Tty_WriteByte                            0x080012bd   Thumb Code    36  tty.o(i.Tty_WriteByte)
    USART1_IRQHandler                        0x080012e9   Thumb Code   110  rcv.o(i.USART1_IRQHandler)
    USART2_IRQHandler                        0x08001365   Thumb Code   142  btm.o(i.USART2_IRQHandler)
    USART3_IRQHandler                        0x080013fd   Thumb Code   142  dbi.o(i.USART3_IRQHandler)
    USART6_IRQHandler                        0x08001495   Thumb Code   142  tty.o(i.USART6_IRQHandler)
    USART_Bind                               0x0800152d   Thumb Code  3544  stm32util.o(i.USART_Bind)
    USART_ClearITPendingBit                  0x0800230d   Thumb Code    12  stm32f4xx_usart.o(i.USART_ClearITPendingBit)
    USART_Cmd                                0x08002319   Thumb Code    20  stm32f4xx_usart.o(i.USART_Cmd)
    USART_Config                             0x0800232d   Thumb Code   366  stm32util.o(i.USART_Config)
    USART_GetITStatus                        0x080024bd   Thumb Code    62  stm32f4xx_usart.o(i.USART_GetITStatus)
    USART_ITConfig                           0x080024fb   Thumb Code    48  stm32f4xx_usart.o(i.USART_ITConfig)
    USART_Init                               0x0800252d   Thumb Code   164  stm32f4xx_usart.o(i.USART_Init)
    USART_ReceiveData                        0x080025d9   Thumb Code     8  stm32f4xx_usart.o(i.USART_ReceiveData)
    USART_SendData                           0x080025e1   Thumb Code     8  stm32f4xx_usart.o(i.USART_SendData)
    Wdg_Feed                                 0x080025e9   Thumb Code    10  wdg.o(i.Wdg_Feed)
    Wdg_IsErrSet                             0x080025f9   Thumb Code    16  wdg.o(i.Wdg_IsErrSet)
    __0printf$bare                           0x08002675   Thumb Code     8  printfb.o(i.__0printf$bare)
    __1printf$bare                           0x08002675   Thumb Code     0  printfb.o(i.__0printf$bare)
    __2printf                                0x08002675   Thumb Code     0  printfb.o(i.__0printf$bare)
    __scatterload_copy                       0x08002685   Thumb Code    14  handlers.o(i.__scatterload_copy)
    __scatterload_null                       0x08002693   Thumb Code     2  handlers.o(i.__scatterload_null)
    __scatterload_zeroinit                   0x08002695   Thumb Code    14  handlers.o(i.__scatterload_zeroinit)
    fputc                                    0x080026c5   Thumb Code    18  ios.o(i.fputc)
    main                                     0x080026dd   Thumb Code    36  main.o(i.main)
    Region$$Table$$Base                      0x08002714   Number         0  anon$$obj.o(Region$$Table)
    Region$$Table$$Limit                     0x08002734   Number         0  anon$$obj.o(Region$$Table)
    _in                                      0x20000008   Data           4  ios.o(.data)
    _out                                     0x2000000c   Data           4  ios.o(.data)
    switchStates                             0x20000010   Data           2  rci.o(.data)
    switchEvents                             0x20000012   Data           2  rci.o(.data)
    wdg                                      0x20000028   Data          48  wdg.o(.data)
    __stdout                                 0x20000068   Data           4  stdout.o(.data)
    zgyro                                    0x2000006c   Data          20  can.o(.bss)
    motor                                    0x20000080   Data         216  can.o(.bss)
    dbus                                     0x20000c80   Data          22  dci.o(.bss)
    __initial_sp                             0x20001758   Data           0  startup_stm32f427xx.o(STACK)



==============================================================================

Memory Map of the image

  Image Entry point : 0x080001ad

  Load Region LR_IROM1 (Base: 0x08000000, Size: 0x000027a0, Max: 0x00200000, ABSOLUTE)

    Execution Region ER_IROM1 (Base: 0x08000000, Size: 0x00002734, Max: 0x00200000, ABSOLUTE)

    Base Addr    Size         Type   Attr      Idx    E Section Name        Object

    0x08000000   0x000001ac   Data   RO         7767    RESET               startup_stm32f427xx.o
    0x080001ac   0x00000000   Code   RO         7810  * .ARM.Collect$$$$00000000  mc_w.l(entry.o)
    0x080001ac   0x00000004   Code   RO         8156    .ARM.Collect$$$$00000001  mc_w.l(entry2.o)
    0x080001b0   0x00000004   Code   RO         8159    .ARM.Collect$$$$00000004  mc_w.l(entry5.o)
    0x080001b4   0x00000000   Code   RO         8161    .ARM.Collect$$$$00000008  mc_w.l(entry7b.o)
    0x080001b4   0x00000000   Code   RO         8163    .ARM.Collect$$$$0000000A  mc_w.l(entry8b.o)
    0x080001b4   0x00000008   Code   RO         8164    .ARM.Collect$$$$0000000B  mc_w.l(entry9a.o)
    0x080001bc   0x00000000   Code   RO         8166    .ARM.Collect$$$$0000000D  mc_w.l(entry10a.o)
    0x080001bc   0x00000000   Code   RO         8168    .ARM.Collect$$$$0000000F  mc_w.l(entry11a.o)
    0x080001bc   0x00000004   Code   RO         8157    .ARM.Collect$$$$00002712  mc_w.l(entry2.o)
    0x080001c0   0x00000024   Code   RO         7768    .text               startup_stm32f427xx.o
    0x080001e4   0x00000024   Code   RO         7815    .text               mc_w.l(memseta.o)
    0x08000208   0x00000024   Code   RO         8201    .text               mc_w.l(init.o)
    0x0800022c   0x00000030   Code   RO         1981    i.Bsp_Config        bsp.o
    0x0800025c   0x00000004   Code   RO         1878    i.BtmRxCallback     com_srv.o
    0x08000260   0x00000070   Code   RO         2005    i.Btm_Config        btm.o
    0x080002d0   0x00000006   Code   RO          631    i.Btm_Proc          com.o
    0x080002d6   0x00000002   PAD
    0x080002d8   0x00000028   Code   RO         2008    i.Btm_ReadByte      btm.o
    0x08000300   0x0000002c   Code   RO         2011    i.Btm_WriteByte     btm.o
    0x0800032c   0x0000000c   Code   RO         2071    i.Btn_Config        btn.o
    0x08000338   0x00000044   Code   RO         2095    i.CAN1_RX0_IRQHandler  can1.o
    0x0800037c   0x00000024   Code   RO         2096    i.CAN1_TX_IRQHandler  can1.o
    0x080003a0   0x00000044   Code   RO         2131    i.CAN2_RX0_IRQHandler  can2.o
    0x080003e4   0x00000024   Code   RO         2132    i.CAN2_TX_IRQHandler  can2.o
    0x08000408   0x00000030   Code   RO         2948    i.CAN_ClearFlag     stm32f4xx_can.o
    0x08000438   0x00000078   Code   RO         2949    i.CAN_ClearITPendingBit  stm32f4xx_can.o
    0x080004b0   0x000000a8   Code   RO         2955    i.CAN_GetITStatus   stm32f4xx_can.o
    0x08000558   0x00000090   Code   RO         2963    i.CAN_Receive       stm32f4xx_can.o
    0x080005e8   0x00000004   Code   RO         1857    i.Can1RxCallback    can_srv.o
    0x080005ec   0x00000004   Code   RO         1858    i.Can2RxCallback    can_srv.o
    0x080005f0   0x0000008e   Code   RO          449    i.Can_Proc          can.o
    0x0800067e   0x0000000c   Code   RO         2971    i.CheckITStatus     stm32f4xx_can.o
    0x0800068a   0x00000002   PAD
    0x0800068c   0x0000000c   Code   RO          559    i.Clk_GetMsTick     clk.o
    0x08000698   0x00000024   Code   RO          562    i.Clk_Spin          clk.o
    0x080006bc   0x00000018   Code   RO         1380    i.DBUS_Dec          dbus.o
    0x080006d4   0x00000014   Code   RO         3728    i.DMA_Cmd           stm32f4xx_dma.o
    0x080006e8   0x00000006   Code   RO         3734    i.DMA_GetCurrDataCounter  stm32f4xx_dma.o
    0x080006ee   0x0000000e   Code   RO         3735    i.DMA_GetCurrentMemoryTarget  stm32f4xx_dma.o
    0x080006fc   0x00000004   Code   RO         1879    i.DbiRxCallback     com_srv.o
    0x08000700   0x00000070   Code   RO         2167    i.Dbi_Config        dbi.o
    0x08000770   0x00000006   Code   RO          634    i.Dbi_Proc          com.o
    0x08000776   0x00000002   PAD
    0x08000778   0x00000028   Code   RO         2170    i.Dbi_ReadByte      dbi.o
    0x080007a0   0x0000002c   Code   RO         2173    i.Dbi_WriteByte     dbi.o
    0x080007cc   0x00000018   Code   RO         2230    i.Delay_Ms          delay.o
    0x080007e4   0x0000004a   Code   RO         1407    i.Ekf_Proc          ekf.o
    0x0800082e   0x00000006   Code   RO         1409    i.Ekf_SetD          ekf.o
    0x08000834   0x00000006   Code   RO         1410    i.Ekf_SetE          ekf.o
    0x0800083a   0x00000006   Code   RO         1412    i.Ekf_SetR          ekf.o
    0x08000840   0x0000007c   Code   RO         1467    i.Est_Proc          est.o
    0x080008bc   0x00000016   Code   RO         1502    i.FIFO_Flush        fifo.o
    0x080008d2   0x00000008   Code   RO         1506    i.FIFO_Init         fifo.o
    0x080008da   0x0000000c   Code   RO         1507    i.FIFO_IsEmpty      fifo.o
    0x080008e6   0x00000010   Code   RO         1508    i.FIFO_IsFull       fifo.o
    0x080008f6   0x00000034   Code   RO         1510    i.FIFO_Pop          fifo.o
    0x0800092a   0x0000003a   Code   RO         1511    i.FIFO_Push         fifo.o
    0x08000964   0x00000028   Code   RO         2402    i.GPIO_AF           stm32util.o
    0x0800098c   0x00000118   Code   RO         2403    i.GPIO_Config       stm32util.o
    0x08000aa4   0x00000010   Code   RO         2404    i.GPIO_In           stm32util.o
    0x08000ab4   0x000000a2   Code   RO         4597    i.GPIO_Init         stm32f4xx_gpio.o
    0x08000b56   0x00000012   Code   RO         2405    i.GPIO_Out          stm32util.o
    0x08000b68   0x00000020   Code   RO         4598    i.GPIO_PinAFConfig  stm32f4xx_gpio.o
    0x08000b88   0x00000004   Code   RO         4604    i.GPIO_ResetBits    stm32f4xx_gpio.o
    0x08000b8c   0x00000004   Code   RO         4605    i.GPIO_SetBits      stm32f4xx_gpio.o
    0x08000b90   0x00000008   Code   RO         4607    i.GPIO_ToggleBits   stm32f4xx_gpio.o
    0x08000b98   0x0000007a   Code   RO         1581    i.Gdf_Proc          gdf.o
    0x08000c12   0x00000002   PAD
    0x08000c14   0x00000024   Code   RO         1050    i.GetSwitchEvents   rci.o
    0x08000c38   0x00000040   Code   RO         1051    i.GetSwitchStates   rci.o
    0x08000c78   0x0000001e   Code   RO         1614    i.HCP_Dec           hcp.o
    0x08000c96   0x00000036   Code   RO          906    i.IOS_GetByte       ios.o
    0x08000ccc   0x00000010   Code   RO          907    i.IOS_In            ios.o
    0x08000cdc   0x0000001c   Code   RO          908    i.IOS_Init          ios.o
    0x08000cf8   0x00000010   Code   RO          909    i.IOS_Out           ios.o
    0x08000d08   0x00000018   Code   RO          910    i.IOS_PutByte       ios.o
    0x08000d20   0x00000030   Code   RO         2286    i.Led_Config        led.o
    0x08000d50   0x000000f4   Code   RO          451    i.Motor_Proc        can.o
    0x08000e44   0x0000001c   Code   RO         2406    i.NVIC_Config       stm32util.o
    0x08000e60   0x00000064   Code   RO         2653    i.NVIC_Init         misc.o
    0x08000ec4   0x00000014   Code   RO         2654    i.NVIC_PriorityGroupConfig  misc.o
    0x08000ed8   0x00000018   Code   RO         5535    i.RCC_AHB1PeriphClockCmd  stm32f4xx_rcc.o
    0x08000ef0   0x00000018   Code   RO         5544    i.RCC_APB1PeriphClockCmd  stm32f4xx_rcc.o
    0x08000f08   0x00000018   Code   RO         5547    i.RCC_APB2PeriphClockCmd  stm32f4xx_rcc.o
    0x08000f20   0x00000094   Code   RO         5556    i.RCC_GetClocksFreq  stm32f4xx_rcc.o
    0x08000fb4   0x0000004e   Code   RO         1725    i.RCP_Dec           rcp.o
    0x08001002   0x00000004   Code   RO         1914    i.RcvCallback       rcv_srv.o
    0x08001006   0x00000002   PAD
    0x08001008   0x00000028   Code   RO          737    i.Rcv_Proc          dci.o
    0x08001030   0x00000034   Code   RO         1102    i.Sch_Proc          sch.o
    0x08001064   0x000000d0   Code   RO         7727    i.SetSysClock       system_stm32f4xx.o
    0x08001134   0x00000004   Code   RO         1957    i.SyncTimCallback   tim_srv.o
    0x08001138   0x0000005c   Code   RO         7729    i.SystemInit        system_stm32f4xx.o
    0x08001194   0x0000002a   Code   RO         2511    i.TIM2_IRQHandler   tim.o
    0x080011be   0x00000002   PAD
    0x080011c0   0x00000030   Code   RO         2512    i.TIM6_DAC_IRQHandler  tim.o
    0x080011f0   0x00000006   Code   RO         6926    i.TIM_ClearFlag     stm32f4xx_tim.o
    0x080011f6   0x00000006   Code   RO         6927    i.TIM_ClearITPendingBit  stm32f4xx_tim.o
    0x080011fc   0x00000018   Code   RO         6953    i.TIM_GetITStatus   stm32f4xx_tim.o
    0x08001214   0x00000004   Code   RO         1958    i.TickTimCallback   tim_srv.o
    0x08001218   0x00000004   Code   RO         1880    i.TtyRxCallback     com_srv.o
    0x0800121c   0x00000070   Code   RO         2587    i.Tty_Config        tty.o
    0x0800128c   0x00000006   Code   RO          635    i.Tty_Proc          com.o
    0x08001292   0x00000002   PAD
    0x08001294   0x00000028   Code   RO         2590    i.Tty_ReadByte      tty.o
    0x080012bc   0x0000002c   Code   RO         2593    i.Tty_WriteByte     tty.o
    0x080012e8   0x0000007c   Code   RO         2365    i.USART1_IRQHandler  rcv.o
    0x08001364   0x00000098   Code   RO         2012    i.USART2_IRQHandler  btm.o
    0x080013fc   0x00000098   Code   RO         2174    i.USART3_IRQHandler  dbi.o
    0x08001494   0x00000098   Code   RO         2594    i.USART6_IRQHandler  tty.o
    0x0800152c   0x00000de0   Code   RO         2410    i.USART_Bind        stm32util.o
    0x0800230c   0x0000000c   Code   RO         7470    i.USART_ClearITPendingBit  stm32f4xx_usart.o
    0x08002318   0x00000014   Code   RO         7473    i.USART_Cmd         stm32f4xx_usart.o
    0x0800232c   0x00000190   Code   RO         2411    i.USART_Config      stm32util.o
    0x080024bc   0x0000003e   Code   RO         7477    i.USART_GetITStatus  stm32f4xx_usart.o
    0x080024fa   0x00000030   Code   RO         7479    i.USART_ITConfig    stm32f4xx_usart.o
    0x0800252a   0x00000002   PAD
    0x0800252c   0x000000ac   Code   RO         7480    i.USART_Init        stm32f4xx_usart.o
    0x080025d8   0x00000008   Code   RO         7487    i.USART_ReceiveData  stm32f4xx_usart.o
    0x080025e0   0x00000008   Code   RO         7490    i.USART_SendData    stm32f4xx_usart.o
    0x080025e8   0x00000010   Code   RO         1217    i.Wdg_Feed          wdg.o
    0x080025f8   0x00000014   Code   RO         1221    i.Wdg_IsErrSet      wdg.o
    0x0800260c   0x00000068   Code   RO          453    i.ZGyro_Proc        can.o
    0x08002674   0x00000010   Code   RO         7822    i.__0printf$bare    mc_w.l(printfb.o)
    0x08002684   0x0000000e   Code   RO         8211    i.__scatterload_copy  mc_w.l(handlers.o)
    0x08002692   0x00000002   Code   RO         8212    i.__scatterload_null  mc_w.l(handlers.o)
    0x08002694   0x0000000e   Code   RO         8213    i.__scatterload_zeroinit  mc_w.l(handlers.o)
    0x080026a2   0x00000022   Code   RO         7829    i._printf_core      mc_w.l(printfb.o)
    0x080026c4   0x00000018   Code   RO          912    i.fputc             ios.o
    0x080026dc   0x00000038   Code   RO            4    i.main              main.o
    0x08002714   0x00000020   Data   RO         8209    Region$$Table       anon$$obj.o


    Execution Region RW_IRAM1 (Base: 0x20000000, Size: 0x00001758, Max: 0x00030000, ABSOLUTE)

    Base Addr    Size         Type   Attr      Idx    E Section Name        Object

    0x20000000   0x00000008   Data   RW          563    .data               clk.o
    0x20000008   0x00000008   Data   RW          913    .data               ios.o
    0x20000010   0x00000010   Data   RW         1054    .data               rci.o
    0x20000020   0x00000004   Data   RW         1105    .data               sch.o
    0x20000024   0x00000034   Data   RW         1224    .data               wdg.o
    0x20000058   0x00000010   Data   RW         5588    .data               stm32f4xx_rcc.o
    0x20000068   0x00000004   Data   RW         8170    .data               mc_w.l(stdout.o)
    0x2000006c   0x00000c14   Zero   RW          455    .bss                can.o
    0x20000c80   0x00000016   Zero   RW          738    .bss                dci.o
    0x20000c96   0x00000002   PAD
    0x20000c98   0x00000228   Zero   RW         2013    .bss                btm.o
    0x20000ec0   0x00000228   Zero   RW         2175    .bss                dbi.o
    0x200010e8   0x00000048   Zero   RW         2366    .bss                rcv.o
    0x20001130   0x00000228   Zero   RW         2595    .bss                tty.o
    0x20001358   0x00000400   Zero   RW         7765    STACK               startup_stm32f427xx.o


==============================================================================

Image component sizes


      Code (inc. data)   RO Data    RW Data    ZI Data      Debug   Object Name

        48          4          0          0          0        493   bsp.o
       348         42          0          0        552       2812   btm.o
        12          6          0          0          0        429   btn.o
       490         36          0          0       3092       3773   can.o
       104         16          0          0          0       1079   can1.o
       104         16          0          0          0       1087   can2.o
         8          0          0          0          0       1290   can_srv.o
        48         10          0          8          0       1095   clk.o
        18          0          0          0          0       2573   com.o
        12          0          0          0          0       1428   com_srv.o
       348         42          0          0        552       2812   dbi.o
        24          0          0          0          0        851   dbus.o
        40          6          0          0         22        970   dci.o
        24          0          0          0          0        599   delay.o
        92          0          0          0          0       2416   ekf.o
       124          0          0          0          0        943   est.o
       168          0          0          0          0       3825   fifo.o
       122          0          0          0          0        863   gdf.o
        30          0          0          0          0        794   hcp.o
       162         28          0          8          0       3595   ios.o
        48          8          0          0          0        485   led.o
        56         20          0          0          0     332451   main.o
       120         14          0          0          0       1563   misc.o
       100         10          0         16          0       2292   rci.o
        78          0          0          0          0        790   rcp.o
       124         14          0          0         72       1064   rcv.o
         4          0          0          0          0        738   rcv_srv.o
        52          4          0          4          0       1099   sch.o
        36          8        428          0       1024        840   startup_stm32f427xx.o
       492         14          0          0          0       4468   stm32f4xx_can.o
        40          0          0          0          0       3020   stm32f4xx_dma.o
       210          0          0          0          0       3553   stm32f4xx_gpio.o
       220         34          0         16          0       4871   stm32f4xx_rcc.o
        36          0          0          0          0       3441   stm32f4xx_tim.o
       330          8          0          0          0       5605   stm32f4xx_usart.o
      4334        138          0          0          0       9489   stm32util.o
       300         36          0          0          0       1569   system_stm32f4xx.o
        90          6          0          0          0       1040   tim.o
         8          0          0          0          0        892   tim_srv.o
       348         42          0          0        552       2812   tty.o
        36         10          0         52          0       1516   wdg.o

    ----------------------------------------------------------------------
      9404        572        460        104       5868     417325   Object Totals
         0          0         32          0          0          0   (incl. Generated)
        16          0          0          0          2          0   (incl. Padding)

    ----------------------------------------------------------------------

      Code (inc. data)   RO Data    RW Data    ZI Data      Debug   Library Member Name

         0          0          0          0          0          0   entry.o
         0          0          0          0          0          0   entry10a.o
         0          0          0          0          0          0   entry11a.o
         8          4          0          0          0          0   entry2.o
         4          0          0          0          0          0   entry5.o
         0          0          0          0          0          0   entry7b.o
         0          0          0          0          0          0   entry8b.o
         8          4          0          0          0          0   entry9a.o
        30          0          0          0          0          0   handlers.o
        36          8          0          0          0         68   init.o
        36          0          0          0          0        108   memseta.o
        50          8          0          0          0        152   printfb.o
         0          0          0          4          0          0   stdout.o

    ----------------------------------------------------------------------
       172         24          0          4          0        328   Library Totals
         0          0          0          0          0          0   (incl. Padding)

    ----------------------------------------------------------------------

      Code (inc. data)   RO Data    RW Data    ZI Data      Debug   Library Name

       172         24          0          4          0        328   mc_w.l

    ----------------------------------------------------------------------
       172         24          0          4          0        328   Library Totals

    ----------------------------------------------------------------------

==============================================================================


      Code (inc. data)   RO Data    RW Data    ZI Data      Debug   

      9576        596        460        108       5868     408305   Grand Totals
      9576        596        460        108       5868     408305   ELF Image Totals
      9576        596        460        108          0          0   ROM Totals

==============================================================================

    Total RO  Size (Code + RO Data)                10036 (   9.80kB)
    Total RW  Size (RW Data + ZI Data)              5976 (   5.84kB)
    Total ROM Size (Code + RO Data + RW Data)      10144 (   9.91kB)

==============================================================================

