Component: ARM Compiler 5.06 update 4 (build 422) Tool: armlink [4d35d2]

==============================================================================

Section Cross References

    main.o(i.cmd) refers to fun.o(i.map) for map
    main.o(i.cmd) refers to mec.o(i.Mec_Decomp) for Mec_Decomp
    main.o(i.cmd) refers to motor_1.o(i.CM_Cmd) for CM_Cmd
    main.o(i.cmd) refers to dci.o(.bss) for dbus
    main.o(i.cmd) refers to main.o(.bss) for .bss
    main.o(i.dbug_dbus) refers to printf1.o(i.__0printf$1) for __2printf
    main.o(i.dbug_dbus) refers to main.o(.conststring) for .conststring
    main.o(i.main) refers to main.o(i.mec_cfg) for mec_cfg
    main.o(i.main) refers to dci.o(i.Dci_Init) for Dci_Init
    main.o(i.main) refers to ios.o(i.Ios_Init) for Ios_Init
    main.o(i.main) refers to cmd.o(i.Cmd_Init) for Cmd_Init
    main.o(i.main) refers to can.o(i.Can_Init) for Can_Init
    main.o(i.main) refers to bsp.o(i.Bsp_Config) for Bsp_Config
    main.o(i.main) refers to tim.o(i.TickTim_Start) for TickTim_Start
    main.o(i.main) refers to main.o(i.cmd) for cmd
    main.o(i.main) refers to clk.o(i.Clk_GetUsTick) for Clk_GetUsTick
    main.o(i.mec_cfg) refers to mec.o(i.Mec_Config) for Mec_Config
    main.o(i.read_flash) refers to printf1.o(i.__0printf$1) for __2printf
    main.o(i.read_flash) refers to cfg.o(.data) for cfg
    main.o(i.task) refers to printf1.o(i.__0printf$1) for __2printf
    main.o(i.task) refers to stm32f4xx_gpio.o(i.GPIO_ToggleBits) for GPIO_ToggleBits
    main.o(i.write_flash) refers to memcpya.o(.text) for __aeabi_memcpy4
    main.o(i.write_flash) refers to cfg.o(i.Cfg_Save) for Cfg_Save
    main.o(i.write_flash) refers to main.o(.constdata) for .constdata
    kos.o(i.KOS_Boot) refers to app.o(i.App_Init) for App_Init
    kos.o(i.KOS_Boot) refers to bsp.o(i.Bsp_Config) for Bsp_Config
    kos.o(i.KOS_Boot) refers to tim.o(i.Tim_Start) for Tim_Start
    kos.o(i.KOS_Kill) refers to tim.o(i.Tim_Stop) for Tim_Stop
    sch.o(i.Sch_Arrange) refers to sch.o(i.newSchTask) for newSchTask
    sch.o(i.Sch_Arrange) refers to sch.o(.data) for .data
    sch.o(i.Sch_Dismiss) refers to sch.o(i.freeSchTask) for freeSchTask
    sch.o(i.Sch_Dismiss) refers to sch.o(.data) for .data
    sch.o(i.Sch_Init) refers to sch.o(.data) for .data
    sch.o(i.Sch_Proc) refers to sch.o(.data) for .data
    sch.o(i.freeSchTask) refers to malloc.o(i.free) for free
    sch.o(i.newSchTask) refers to malloc.o(i.malloc) for malloc
    sch.o(i.newSchTask) refers to memseta.o(.text) for __aeabi_memclr4
    act.o(i.Act_Init) refers to motor_1.o(i.CM_Cmd) for CM_Cmd
    act.o(i.Act_Init) refers to motor_1.o(i.GM_Cmd) for GM_Cmd
    act.o(i.Act_Proc) refers to sys.o(i.FS_Get) for FS_Get
    act.o(i.Act_Proc) refers to stm32f4xx_gpio.o(i.GPIO_ResetBits) for GPIO_ResetBits
    act.o(i.Act_Proc) refers to stm32f4xx_gpio.o(i.GPIO_SetBits) for GPIO_SetBits
    act.o(i.Act_Proc) refers to motor_1.o(i.CM_Cmd) for CM_Cmd
    act.o(i.Act_Proc) refers to ctl.o(.data) for functionalStateCtl
    act.o(i.Act_Proc) refers to ctl.o(.bss) for mecanumCurrentsCtl
    app.o(i.App_Init) refers to cfg.o(i.Cfg_Init) for Cfg_Init
    app.o(i.App_Init) refers to act.o(i.Act_Init) for Act_Init
    app.o(i.App_Init) refers to clk.o(i.Clk_Init) for Clk_Init
    app.o(i.App_Init) refers to com.o(i.Com_Init) for Com_Init
    app.o(i.App_Init) refers to ctl.o(i.Ctl_Init) for Ctl_Init
    app.o(i.App_Init) refers to ini.o(i.Ini_Init) for Ini_Init
    app.o(i.App_Init) refers to ios.o(i.Ios_Init) for Ios_Init
    app.o(i.App_Init) refers to upd.o(i.Upd_Init) for Upd_Init
    app.o(i.App_Init) refers to wdg.o(i.Wdg_Init) for Wdg_Init
    app.o(i.App_Init) refers to wsm.o(i.Wsm_Init) for Wsm_Init
    app.o(i.App_Proc) refers to wdg.o(i.Wdg_Proc) for Wdg_Proc
    app.o(i.App_Proc) refers to ini.o(i.Ini_Proc) for Ini_Proc
    app.o(i.App_Proc) refers to wsm.o(i.Wsm_Proc) for Wsm_Proc
    app.o(i.App_Proc) refers to upd.o(i.Upd_Proc) for Upd_Proc
    can.o(i.Can_Init) refers to can.o(i.Motor_Reset) for Motor_Reset
    can.o(i.Can_Init) refers to can.o(i.ZGyro_Reset) for ZGyro_Reset
    can.o(i.Can_Init) refers to can.o(.bss) for .bss
    can.o(i.Can_Proc) refers to wdg.o(i.Wdg_Feed) for Wdg_Feed
    can.o(i.Can_Proc) refers to can.o(i.ZGyro_Process) for ZGyro_Process
    can.o(i.Can_Proc) refers to can.o(i.Motor_Process) for Motor_Process
    can.o(i.Can_Proc) refers to printf1.o(i.__0printf$1) for __2printf
    can.o(i.Can_Proc) refers to can.o(.bss) for .bss
    can.o(i.Motor_Process) refers to ekf.o(i.Ekf_Init) for Ekf_Init
    can.o(i.Motor_Process) refers to ekf.o(i.Ekf_SetE) for Ekf_SetE
    can.o(i.Motor_Process) refers to ekf.o(i.Ekf_Proc) for Ekf_Proc
    can.o(i.Motor_Reset) refers to ekf.o(i.Ekf_Reset) for Ekf_Reset
    cfg.o(i.Cfg_ClrFlag) refers to fun.o(i.Flag_Clr) for Flag_Clr
    cfg.o(i.Cfg_ClrFlag) refers to cfg.o(.data) for .data
    cfg.o(i.Cfg_GetFlag) refers to fun.o(i.Flag_Get) for Flag_Get
[...]
    i.CAN2_TX_IRQHandler                     0x080006d8   Section        0  can2.o(i.CAN2_TX_IRQHandler)
    i.CAN_ClearFlag                          0x080006fc   Section        0  stm32f4xx_can.o(i.CAN_ClearFlag)
    i.CAN_ClearITPendingBit                  0x0800072c   Section        0  stm32f4xx_can.o(i.CAN_ClearITPendingBit)
    i.CAN_DeInit                             0x080007a4   Section        0  stm32f4xx_can.o(i.CAN_DeInit)
    i.CAN_FilterInit                         0x080007d0   Section        0  stm32f4xx_can.o(i.CAN_FilterInit)
    i.CAN_GetITStatus                        0x0800089c   Section        0  stm32f4xx_can.o(i.CAN_GetITStatus)
    i.CAN_ITConfig                           0x08000944   Section        0  stm32f4xx_can.o(i.CAN_ITConfig)
    i.CAN_Init                               0x08000954   Section        0  stm32f4xx_can.o(i.CAN_Init)
    i.CAN_Receive                            0x08000a3c   Section        0  stm32f4xx_can.o(i.CAN_Receive)
    i.CAN_StructInit                         0x08000acc   Section        0  stm32f4xx_can.o(i.CAN_StructInit)
    i.CAN_Transmit                           0x08000aec   Section        0  stm32f4xx_can.o(i.CAN_Transmit)
    i.CM_Cmd                                 0x08000b90   Section        0  motor_1.o(i.CM_Cmd)
    i.CS_Set                                 0x08000bde   Section        0  sys.o(i.CS_Set)
    i.Can1RxCallback                         0x08000be4   Section        0  can_srv.o(i.Can1RxCallback)
    i.Can2RxCallback                         0x08000be8   Section        0  can_srv.o(i.Can2RxCallback)
    i.Can_Init                               0x08000bec   Section        0  can.o(i.Can_Init)
    i.Can_Proc                               0x08000c1c   Section        0  can.o(i.Can_Proc)
    i.ChassisVelocityControl                 0x08000cf0   Section        0  ctl.o(i.ChassisVelocityControl)
    ChassisVelocityControl                   0x08000cf1   Thumb Code   160  ctl.o(i.ChassisVelocityControl)
    i.CheckITStatus                          0x08000da0   Section        0  stm32f4xx_can.o(i.CheckITStatus)
    CheckITStatus                            0x08000da1   Thumb Code    12  stm32f4xx_can.o(i.CheckITStatus)
    i.Clk_GetUsTick                          0x08000dac   Section        0  clk.o(i.Clk_GetUsTick)
    i.Cmd_Init                               0x08000db4   Section        0  cmd.o(i.Cmd_Init)
    i.Cmd_Proc                               0x08000e04   Section        0  cmd.o(i.Cmd_Proc)
    i.Ctl_Init                               0x08000ee8   Section        0  ctl.o(i.Ctl_Init)
    i.Ctl_Proc                               0x08000f9c   Section        0  ctl.o(i.Ctl_Proc)
    i.DBUS_Dec                               0x08000fc4   Section        0  dbus.o(i.DBUS_Dec)
    i.DBUS_Rst                               0x08000fdc   Section        0  dbus.o(i.DBUS_Rst)
    i.DMA_Cmd                                0x08000ff0   Section        0  stm32f4xx_dma.o(i.DMA_Cmd)
    i.DMA_Config                             0x08001004   Section        0  stm32util.o(i.DMA_Config)
    i.DMA_DoubleBufferModeCmd                0x08001070   Section        0  stm32f4xx_dma.o(i.DMA_DoubleBufferModeCmd)
    i.DMA_DoubleBufferModeConfig             0x08001084   Section        0  stm32f4xx_dma.o(i.DMA_DoubleBufferModeConfig)
    i.DMA_GetCurrDataCounter                 0x0800109a   Section        0  stm32f4xx_dma.o(i.DMA_GetCurrDataCounter)
    i.DMA_GetCurrentMemoryTarget             0x080010a0   Section        0  stm32f4xx_dma.o(i.DMA_GetCurrentMemoryTarget)
    i.DMA_Init                               0x080010b0   Section        0  stm32f4xx_dma.o(i.DMA_Init)
    i.DbiRxCallback                          0x08001104   Section        0  com_srv.o(i.DbiRxCallback)
    i.Dbi_Config                             0x08001108   Section        0  dbi.o(i.Dbi_Config)
    i.Dbi_Proc                               0x08001178   Section        0  com.o(i.Dbi_Proc)
    i.Dbi_ReadByte                           0x08001180   Section        0  dbi.o(i.Dbi_ReadByte)
    i.Dci_Init                               0x080011c4   Section        0  dci.o(i.Dci_Init)
    i.Dci_Proc                               0x080011dc   Section        0  dci.o(i.Dci_Proc)
    i.DebugMon_Handler                       0x08001214   Section        0  stm32f4xx_it.o(i.DebugMon_Handler)
    i.Ekf_Init                               0x08001216   Section        0  ekf.o(i.Ekf_Init)
    i.Ekf_Proc                               0x0800121e   Section        0  ekf.o(i.Ekf_Proc)
    i.Ekf_Reset                              0x08001268   Section        0  ekf.o(i.Ekf_Reset)
    i.Ekf_SetE                               0x08001284   Section        0  ekf.o(i.Ekf_SetE)
    i.FIFO_Flush                             0x0800128a   Section        0  fifo.o(i.FIFO_Flush)
    i.FIFO_Init                              0x080012a0   Section        0  fifo.o(i.FIFO_Init)
    i.FIFO_IsEmpty                           0x080012a8   Section        0  fifo.o(i.FIFO_IsEmpty)
    i.FIFO_IsFull                            0x080012b4   Section        0  fifo.o(i.FIFO_IsFull)
    i.FIFO_Pop                               0x080012c4   Section        0  fifo.o(i.FIFO_Pop)
    i.FIFO_Push                              0x080012f8   Section        0  fifo.o(i.FIFO_Push)
    i.FS_Clr                                 0x08001332   Section        0  sys.o(i.FS_Clr)
    i.FS_Cpy                                 0x08001336   Section        0  sys.o(i.FS_Cpy)
    i.FS_Det                                 0x0800133a   Section        0  sys.o(i.FS_Det)
    i.FS_Get                                 0x0800133e   Section        0  sys.o(i.FS_Get)
    i.Flag_Clr                               0x08001342   Section        0  fun.o(i.Flag_Clr)
    i.Flag_Cpy                               0x0800134a   Section        0  fun.o(i.Flag_Cpy)
    i.Flag_Det                               0x08001370   Section        0  fun.o(i.Flag_Det)
    i.Flag_Get                               0x0800137e   Section        0  fun.o(i.Flag_Get)
    i.GM_Cmd                                 0x08001384   Section        0  motor_1.o(i.GM_Cmd)
    i.GPIO_AF                                0x080013cc   Section        0  stm32util.o(i.GPIO_AF)
    i.GPIO_Config                            0x080013f4   Section        0  stm32util.o(i.GPIO_Config)
    i.GPIO_In                                0x0800150c   Section        0  stm32util.o(i.GPIO_In)
    i.GPIO_Init                              0x0800151c   Section        0  stm32f4xx_gpio.o(i.GPIO_Init)
    i.GPIO_Out                               0x080015be   Section        0  stm32util.o(i.GPIO_Out)
    i.GPIO_PinAFConfig                       0x080015d0   Section        0  stm32f4xx_gpio.o(i.GPIO_PinAFConfig)
    i.GPIO_ReadOutputDataBit                 0x080015f0   Section        0  stm32f4xx_gpio.o(i.GPIO_ReadOutputDataBit)
    i.GPIO_ResetBits                         0x080015fe   Section        0  stm32f4xx_gpio.o(i.GPIO_ResetBits)
    i.GPIO_SetBits                           0x08001602   Section        0  stm32f4xx_gpio.o(i.GPIO_SetBits)
    i.GetChassisVelocityRef                  0x08001608   Section        0  hci.o(i.GetChassisVelocityRef)
    GetChassisVelocityRef                    0x08001609   Thumb Code   190  hci.o(i.GetChassisVelocityRef)
    i.GetChassisVelocityRef                  0x080016e0   Section        0  rci.o(i.GetChassisVelocityRef)
    GetChassisVelocityRef                    0x080016e1   Thumb Code   166  rci.o(i.GetChassisVelocityRef)
    i.GetFunctionalStateRef                  0x08001798   Section        0  hci.o(i.GetFunctionalStateRef)
    GetFunctionalStateRef                    0x08001799   Thumb Code    84  hci.o(i.GetFunctionalStateRef)
    i.GetSwitchEvents                        0x080017f0   Section        0  rci.o(i.GetSwitchEvents)
    i.GetSwitchStates                        0x08001814   Section        0  rci.o(i.GetSwitchStates)
    i.HCP_Dec                                0x08001854   Section        0  hcp.o(i.HCP_Dec)
    i.HCP_Rst                                0x08001872   Section        0  hcp.o(i.HCP_Rst)
    i.HardFault_Handler                      0x0800188e   Section        0  stm32f4xx_it.o(i.HardFault_Handler)
    i.Hci_Init                               0x08001890   Section        0  hci.o(i.Hci_Init)
    i.Hci_Proc                               0x080018e8   Section        0  hci.o(i.Hci_Proc)
    i.Ios_GetByte                            0x080018fa   Section        0  ios.o(i.Ios_GetByte)
    i.Ios_Init                               0x08001930   Section        0  ios.o(i.Ios_Init)
    i.Ios_PutByte                            0x0800194c   Section        0  ios.o(i.Ios_PutByte)
    i.Ios_SetIn                              0x0800196c   Section        0  ios.o(i.Ios_SetIn)
    i.Ios_SetOut                             0x0800197c   Section        0  ios.o(i.Ios_SetOut)
    i.Led_Config                             0x0800198c   Section        0  led.o(i.Led_Config)
    i.MS_Set                                 0x080019bc   Section        0  sys.o(i.MS_Set)
    i.Maf_Init                               0x080019c2   Section        0  maf.o(i.Maf_Init)
    i.Maf_Proc                               0x080019ca   Section        0  maf.o(i.Maf_Proc)
    i.Maf_Reset                              0x08001a0c   Section        0  maf.o(i.Maf_Reset)
    i.Mec_Config                             0x08001a2c   Section        0  mec.o(i.Mec_Config)
    i.Mec_Decomp                             0x08001a38   Section        0  mec.o(i.Mec_Decomp)
    i.Mec_Init                               0x08001a48   Section        0  mec.o(i.Mec_Init)
    i.Mec_Synthe                             0x08001a84   Section        0  mec.o(i.Mec_Synthe)
    i.Mecanum_Config                         0x08001a94   Section        0  mecanum.o(i.Mecanum_Config)
    i.Mecanum_Decomp                         0x08001ac6   Section        0  mecanum.o(i.Mecanum_Decomp)
    i.Mecanum_Synthe                         0x08001b54   Section        0  mecanum.o(i.Mecanum_Synthe)
    i.MemManage_Handler                      0x08001bc6   Section        0  stm32f4xx_it.o(i.MemManage_Handler)
    i.Motor_Process                          0x08001bc8   Section        0  can.o(i.Motor_Process)
    i.Motor_Reset                            0x08001cc8   Section        0  can.o(i.Motor_Reset)
    i.NMI_Handler                            0x08001d00   Section        0  stm32f4xx_it.o(i.NMI_Handler)
    i.NVIC_Config                            0x08001d02   Section        0  stm32util.o(i.NVIC_Config)
    i.NVIC_Init                              0x08001d20   Section        0  misc.o(i.NVIC_Init)
    i.NVIC_PriorityGroupConfig               0x08001d84   Section        0  misc.o(i.NVIC_PriorityGroupConfig)
    i.Odo_Init                               0x08001d98   Section        0  odo.o(i.Odo_Init)
    i.Odo_Proc                               0x08001e30   Section        0  odo.o(i.Odo_Proc)
    i.PID_Calc                               0x08001f40   Section        0  pid.o(i.PID_Calc)
    i.PID_Config                             0x08002020   Section        0  pid.o(i.PID_Config)
    i.PID_Init                               0x08002028   Section        0  ctl.o(i.PID_Init)
    PID_Init                                 0x08002029   Thumb Code    10  ctl.o(i.PID_Init)
    i.PID_Reset                              0x08002038   Section        0  pid.o(i.PID_Reset)
    i.PWM_Bind                               0x0800204c   Section        0  stm32util.o(i.PWM_Bind)
    i.PendSV_Handler                         0x08003590   Section        0  stm32f4xx_it.o(i.PendSV_Handler)
    i.Pwm_Config                             0x08003594   Section        0  pwm.o(i.Pwm_Config)
    i.RCC_AHB1PeriphClockCmd                 0x080035e0   Section        0  stm32f4xx_rcc.o(i.RCC_AHB1PeriphClockCmd)
    i.RCC_APB1PeriphClockCmd                 0x080035f8   Section        0  stm32f4xx_rcc.o(i.RCC_APB1PeriphClockCmd)
    i.RCC_APB1PeriphResetCmd                 0x08003610   Section        0  stm32f4xx_rcc.o(i.RCC_APB1PeriphResetCmd)
    i.RCC_APB2PeriphClockCmd                 0x08003628   Section        0  stm32f4xx_rcc.o(i.RCC_APB2PeriphClockCmd)
    i.RCC_GetClocksFreq                      0x08003640   Section        0  stm32f4xx_rcc.o(i.RCC_GetClocksFreq)
    i.RCP_Dec                                0x080036d4   Section        0  rcp.o(i.RCP_Dec)
    i.RCP_Rst                                0x08003724   Section        0  rcp.o(i.RCP_Rst)
    i.Rci_Init                               0x0800374c   Section        0  rci.o(i.Rci_Init)
    i.Rci_Proc                               0x08003774   Section        0  rci.o(i.Rci_Proc)
    i.RcvCallback                            0x08003778   Section        0  rcv_srv.o(i.RcvCallback)
    i.Rcv_Config                             0x0800377c   Section        0  rcv.o(i.Rcv_Config)
    i.Rcv_Proc                               0x08003810   Section        0  dci.o(i.Rcv_Proc)
    i.Rmp_Calc                               0x08003830   Section        0  rmp.o(i.Rmp_Calc)
    i.Rmp_Config                             0x08003858   Section        0  rmp.o(i.Rmp_Config)
    i.Rmp_Init                               0x0800385c   Section        0  ctl.o(i.Rmp_Init)
    Rmp_Init                                 0x0800385d   Thumb Code    10  ctl.o(i.Rmp_Init)
    i.Rmp_Reset                              0x0800386c   Section        0  rmp.o(i.Rmp_Reset)
    i.SVC_Handler                            0x08003872   Section        0  stm32f4xx_it.o(i.SVC_Handler)
    i.SetSysClock                            0x08003874   Section        0  system_stm32f4xx.o(i.SetSysClock)
    SetSysClock                              0x08003875   Thumb Code   190  system_stm32f4xx.o(i.SetSysClock)
    i.SyncTimCallback                        0x08003944   Section        0  tim_srv.o(i.SyncTimCallback)
    i.SyncTim_Config                         0x08003958   Section        0  tim.o(i.SyncTim_Config)
    i.SystemInit                             0x08003984   Section        0  system_stm32f4xx.o(i.SystemInit)
    i.TIM2_IRQHandler                        0x080039e0   Section        0  tim.o(i.TIM2_IRQHandler)
    i.TIM6_DAC_IRQHandler                    0x08003a0c   Section        0  tim.o(i.TIM6_DAC_IRQHandler)
    i.TIM_ARRPreloadConfig                   0x08003a3c   Section        0  stm32f4xx_tim.o(i.TIM_ARRPreloadConfig)
    i.TIM_ClearFlag                          0x08003a50   Section        0  stm32f4xx_tim.o(i.TIM_ClearFlag)
    i.TIM_ClearITPendingBit                  0x08003a56   Section        0  stm32f4xx_tim.o(i.TIM_ClearITPendingBit)
    i.TIM_Cmd                                0x08003a5c   Section        0  stm32f4xx_tim.o(i.TIM_Cmd)
    i.TIM_Config                             0x08003a70   Section        0  stm32util.o(i.TIM_Config)
    i.TIM_GetITStatus                        0x08003bb4   Section        0  stm32f4xx_tim.o(i.TIM_GetITStatus)
    i.TIM_ITConfig                           0x08003bcc   Section        0  stm32f4xx_tim.o(i.TIM_ITConfig)
    i.TIM_OC1Init                            0x08003bdc   Section        0  stm32f4xx_tim.o(i.TIM_OC1Init)
    i.TIM_OC1PreloadConfig                   0x08003c3c   Section        0  stm32f4xx_tim.o(i.TIM_OC1PreloadConfig)
    i.TIM_OC2Init                            0x08003c48   Section        0  stm32f4xx_tim.o(i.TIM_OC2Init)
    i.TIM_OC2PreloadConfig                   0x08003cc8   Section        0  stm32f4xx_tim.o(i.TIM_OC2PreloadConfig)
    i.TIM_OC3Init                            0x08003cdc   Section        0  stm32f4xx_tim.o(i.TIM_OC3Init)
    i.TIM_OC3PreloadConfig                   0x08003d58   Section        0  stm32f4xx_tim.o(i.TIM_OC3PreloadConfig)
    i.TIM_OC4Init                            0x08003d64   Section        0  stm32f4xx_tim.o(i.TIM_OC4Init)
    i.TIM_OC4PreloadConfig                   0x08003dc4   Section        0  stm32f4xx_tim.o(i.TIM_OC4PreloadConfig)
    i.TIM_OC_Config                          0x08003dd8   Section        0  stm32util.o(i.TIM_OC_Config)
    i.TIM_TimeBaseInit                       0x08003e5c   Section        0  stm32f4xx_tim.o(i.TIM_TimeBaseInit)
    i.TickTimCallback                        0x08003ed8   Section        0  tim_srv.o(i.TickTimCallback)
    i.TickTim_Config                         0x08003eda   Section        0  tim.o(i.TickTim_Config)
    i.TickTim_Start                          0x08003f0a   Section        0  tim.o(i.TickTim_Start)
    i.Tim_Config                             0x08003f2c   Section        0  tim.o(i.Tim_Config)
    i.TtyRxCallback                          0x08003f3a   Section        0  com_srv.o(i.TtyRxCallback)
    i.Tty_Config                             0x08003f40   Section        0  tty.o(i.Tty_Config)
    i.Tty_Proc                               0x08003fb0   Section        0  com.o(i.Tty_Proc)
    i.Tty_ReadByte                           0x08003fb8   Section        0  tty.o(i.Tty_ReadByte)
    i.USART1_IRQHandler                      0x08003ffc   Section        0  rcv.o(i.USART1_IRQHandler)
    i.USART2_IRQHandler                      0x08004080   Section        0  btm.o(i.USART2_IRQHandler)
    i.USART3_IRQHandler                      0x08004118   Section        0  dbi.o(i.USART3_IRQHandler)
    i.USART6_IRQHandler                      0x080041b0   Section        0  tty.o(i.USART6_IRQHandler)
    i.USART_Bind                             0x08004248   Section        0  stm32util.o(i.USART_Bind)
    i.USART_ClearFlag                        0x08005028   Section        0  stm32f4xx_usart.o(i.USART_ClearFlag)
    i.USART_ClearITPendingBit                0x0800502e   Section        0  stm32f4xx_usart.o(i.USART_ClearITPendingBit)
    i.USART_Cmd                              0x0800503a   Section        0  stm32f4xx_usart.o(i.USART_Cmd)
    i.USART_Config                           0x08005050   Section        0  stm32util.o(i.USART_Config)
    i.USART_DMACmd                           0x080051e0   Section        0  stm32f4xx_usart.o(i.USART_DMACmd)
    i.USART_GetFlagStatus                    0x080051f0   Section        0  stm32f4xx_usart.o(i.USART_GetFlagStatus)
    i.USART_GetITStatus                      0x080051fe   Section        0  stm32f4xx_usart.o(i.USART_GetITStatus)
    i.USART_ITConfig                         0x0800523c   Section        0  stm32f4xx_usart.o(i.USART_ITConfig)
    i.USART_Init                             0x0800526c   Section        0  stm32f4xx_usart.o(i.USART_Init)
    i.USART_ReceiveData                      0x08005318   Section        0  stm32f4xx_usart.o(i.USART_ReceiveData)
    i.USART_SendData                         0x08005320   Section        0  stm32f4xx_usart.o(i.USART_SendData)
    i.Upd_Init                               0x08005328   Section        0  upd.o(i.Upd_Init)
    i.Upd_Proc                               0x08005336   Section        0  upd.o(i.Upd_Proc)
    i.UsageFault_Handler                     0x0800537a   Section        0  stm32f4xx_it.o(i.UsageFault_Handler)
    i.Wdg_Feed                               0x0800537c   Section        0  wdg.o(i.Wdg_Feed)
    i.Wdg_IsErrSet                           0x0800538c   Section        0  wdg.o(i.Wdg_IsErrSet)
    i.Wsm_GetLastWorkingState                0x080053a0   Section        0  wsm.o(i.Wsm_GetLastWorkingState)
    i.Wsm_GetWorkingState                    0x080053ac   Section        0  wsm.o(i.Wsm_GetWorkingState)
    i.ZGyro_Process                          0x080053b8   Section        0  can.o(i.ZGyro_Process)
    i.ZGyro_Reset                            0x080053de   Section        0  can.o(i.ZGyro_Reset)
    i.__0printf$1                            0x080053ec   Section        0  printf1.o(i.__0printf$1)
    i.__scatterload_copy                     0x0800540c   Section       14  handlers.o(i.__scatterload_copy)
    i.__scatterload_null                     0x0800541a   Section        2  handlers.o(i.__scatterload_null)
    i.__scatterload_zeroinit                 0x0800541c   Section       14  handlers.o(i.__scatterload_zeroinit)
    i._printf_core                           0x0800542c   Section        0  printf1.o(i._printf_core)
    _printf_core                             0x0800542d   Thumb Code   336  printf1.o(i._printf_core)
    i.cmd                                    0x08005580   Section        0  main.o(i.cmd)
    i.fputc                                  0x08005674   Section        0  ios.o(i.fputc)
    i.main                                   0x0800568c   Section        0  main.o(i.main)
    i.map                                    0x080056b2   Section        0  fun.o(i.map)
    i.mec_cfg                                0x080056cc   Section        0  main.o(i.mec_cfg)
    .data                                    0x20000000   Section      108  cfg.o(.data)
    .data                                    0x2000006c   Section        4  cmd.o(.data)
    .data                                    0x20000070   Section       36  ctl.o(.data)
    .data                                    0x20000094   Section       16  hci.o(.data)
    lastRawMouseButtonStates                 0x20000098   Data           2  hci.o(.data)
    lastMouseButtonStates                    0x2000009a   Data           2  hci.o(.data)
    mouseButtonPressedCounts                 0x2000009c   Data           8  hci.o(.data)
    .data                                    0x200000a4   Section        8  ios.o(.data)
    .data                                    0x200000ac   Section        4  odo.o(.data)
    .data                                    0x200000b0   Section       16  rci.o(.data)
    lastRawSwitchStates                      0x200000b4   Data           2  rci.o(.data)
    lastSwitchStates                         0x200000b6   Data           2  rci.o(.data)
    switchConfirmCounts                      0x200000b8   Data           8  rci.o(.data)
    .data                                    0x200000c0   Section       52  wdg.o(.data)
    err                                      0x200000c0   Data           4  wdg.o(.data)
    .data                                    0x200000f4   Section        2  wsm.o(.data)
    workingState                             0x200000f4   Data           1  wsm.o(.data)
    lastWorkingState                         0x200000f5   Data           1  wsm.o(.data)
    .data                                    0x200000f8   Section        4  tim_srv.o(.data)
    tick                                     0x200000f8   Data           4  tim_srv.o(.data)
    .data                                    0x200000fc   Section       16  stm32f4xx_rcc.o(.data)
    APBAHBPrescTable                         0x200000fc   Data          16  stm32f4xx_rcc.o(.data)
    .data                                    0x2000010c   Section        4  stdout.o(.data)
    .bss                                     0x20000110   Section       28  main.o(.bss)
    .bss                                     0x2000012c   Section      548  can.o(.bss)
    .bss                                     0x20000350   Section       28  cmd.o(.bss)
    .bss                                     0x2000036c   Section      176  ctl.o(.bss)
    .bss                                     0x2000041c   Section       22  dci.o(.bss)
    .bss                                     0x20000434   Section      168  hci.o(.bss)
    fx                                       0x20000434   Data          16  hci.o(.bss)
    fy                                       0x20000444   Data          16  hci.o(.bss)
    fz                                       0x20000454   Data          16  hci.o(.bss)
    buf                                      0x20000464   Data         120  hci.o(.bss)
    .bss                                     0x200004dc   Section       20  mec.o(.bss)
    mecanum                                  0x200004dc   Data          20  mec.o(.bss)
    .bss                                     0x200004f0   Section       72  odo.o(.bss)
    .bss                                     0x20000538   Section      552  btm.o(.bss)
    rx_fifo                                  0x20000538   Data          20  btm.o(.bss)
    tx_fifo                                  0x2000054c   Data          20  btm.o(.bss)
    rx_buf                                   0x20000560   Data         256  btm.o(.bss)
    tx_buf                                   0x20000660   Data         256  btm.o(.bss)
    .bss                                     0x20000760   Section      552  dbi.o(.bss)
    rx_fifo                                  0x20000760   Data          20  dbi.o(.bss)
    tx_fifo                                  0x20000774   Data          20  dbi.o(.bss)
    rx_buf                                   0x20000788   Data         256  dbi.o(.bss)
    tx_buf                                   0x20000888   Data         256  dbi.o(.bss)
    .bss                                     0x20000988   Section       72  rcv.o(.bss)
    buf                                      0x20000988   Data          72  rcv.o(.bss)
    .bss                                     0x200009d0   Section      552  tty.o(.bss)
    rx_fifo                                  0x200009d0   Data          20  tty.o(.bss)
    tx_fifo                                  0x200009e4   Data          20  tty.o(.bss)
    rx_buf                                   0x200009f8   Data         256  tty.o(.bss)
    tx_buf                                   0x20000af8   Data         256  tty.o(.bss)
    STACK                                    0x20000bf8   Section     1024  startup_stm32f427xx.o(STACK)

    Global Symbols

    Symbol Name                              Value     Ov Type        Size  Object(Section)

    BuildAttributes$$THM_ISAv4$E$P$D$K$B$S$7EM$VFPi3$EXTD16$VFPS$VFMA$PE$A:L22UL41UL21$X:L11$S22US41US21$IEEE1$IW$USESV6$~STKCKD$USESV7$~SHL$OTIME$ROPI$IEEEX$EBA8$MICROLIB$REQ8$PRES8$EABIv2 0x00000000   Number         0  anon$$obj.o ABSOLUTE
    __ARM_use_no_argv                        0x00000000   Number         0  main.o ABSOLUTE
    _printf_a                                0x00000000   Number         0  stubs.o ABSOLUTE
    _printf_c                                0x00000000   Number         0  stubs.o ABSOLUTE
    _printf_charcount                        0x00000000   Number         0  stubs.o ABSOLUTE
    _printf_d                                0x00000000   Number         0  stubs.o ABSOLUTE
    _printf_e                                0x00000000   Number         0  stubs.o ABSOLUTE
    _printf_f                                0x00000000   Number         0  stubs.o ABSOLUTE
    _printf_flags                            0x00000000   Number         0  stubs.o ABSOLUTE
    _printf_fp_dec                           0x00000000   Number         0  stubs.o ABSOLUTE
    _printf_fp_hex                           0x00000000   Number         0  stubs.o ABSOLUTE
    _printf_g                                0x00000000   Number         0  stubs.o ABSOLUTE
    _printf_i                                0x00000000   Number         0  stubs.o ABSOLUTE
    _printf_int_dec                          0x00000000   Number         0  stubs.o ABSOLUTE
    _printf_l                                0x00000000   Number         0  stubs.o ABSOLUTE
    _printf_lc                               0x00000000   Number         0  stubs.o ABSOLUTE
    _printf_ll                               0x00000000   Number         0  stubs.o ABSOLUTE
    _printf_lld                              0x00000000   Number         0  stubs.o ABSOLUTE
    _printf_lli                              0x00000000   Number         0  stubs.o ABSOLUTE
    _printf_llo                              0x00000000   Number         0  stubs.o ABSOLUTE
    _printf_llu                              0x00000000   Number         0  stubs.o ABSOLUTE
    _printf_llx                              0x00000000   Number         0  stubs.o ABSOLUTE
    _printf_longlong_dec                     0x00000000   Number         0  stubs.o ABSOLUTE
    _printf_longlong_hex                     0x00000000   Number         0  stubs.o ABSOLUTE
    _printf_longlong_oct                     0x00000000   Number         0  stubs.o ABSOLUTE
    _printf_ls                               0x00000000   Number         0  stubs.o ABSOLUTE
    _printf_mbtowc                           0x00000000   Number         0  stubs.o ABSOLUTE
    _printf_n                                0x00000000   Number         0  stubs.o ABSOLUTE
    _printf_o                                0x00000000   Number         0  stubs.o ABSOLUTE
    _printf_p                                0x00000000   Number         0  stubs.o ABSOLUTE
    _printf_percent                          0x00000000   Number         0  stubs.o ABSOLUTE
    _printf_pre_padding                      0x00000000   Number         0  stubs.o ABSOLUTE
    _printf_return_value                     0x00000000   Number         0  stubs.o ABSOLUTE
    _printf_s                                0x00000000   Number         0  stubs.o ABSOLUTE
    _printf_sizespec                         0x00000000   Number         0  stubs.o ABSOLUTE
    _printf_str                              0x00000000   Number         0  stubs.o ABSOLUTE
    _printf_truncate_signed                  0x00000000   Number         0  stubs.o ABSOLUTE
    _printf_truncate_unsigned                0x00000000   Number         0  stubs.o ABSOLUTE
    _printf_u                                0x00000000   Number         0  stubs.o ABSOLUTE
    _printf_wc                               0x00000000   Number         0  stubs.o ABSOLUTE
    _printf_wctomb                           0x00000000   Number         0  stubs.o ABSOLUTE
    _printf_widthprec                        0x00000000   Number         0  stubs.o ABSOLUTE
    _printf_x                                0x00000000   Number         0  stubs.o ABSOLUTE
    __cpp_initialize__aeabi_                  - Undefined Weak Reference
    __cxa_finalize                            - Undefined Weak Reference
    __decompress                              - Undefined Weak Reference
    _clock_init                               - Undefined Weak Reference
    _microlib_exit                            - Undefined Weak Reference
    __Vectors_Size                           0x000001ac   Number         0  startup_stm32f427xx.o ABSOLUTE
    __Vectors                                0x08000000   Data           4  startup_stm32f427xx.o(RESET)
    __Vectors_End                            0x080001ac   Data           0  startup_stm32f427xx.o(RESET)
    __main                                   0x080001ad   Thumb Code     0  entry.o(.ARM.Collect$$$$00000000)
    _main_stk                                0x080001ad   Thumb Code     0  entry2.o(.ARM.Collect$$$$00000001)
    _main_scatterload                        0x080001b1   Thumb Code     0  entry5.o(.ARM.Collect$$$$00000004)
    __main_after_scatterload                 0x080001b5   Thumb Code     0  entry5.o(.ARM.Collect$$$$00000004)
    _main_clock                              0x080001b5   Thumb Code     0  entry7b.o(.ARM.Collect$$$$00000008)
    _main_cpp_init                           0x080001b5   Thumb Code     0  entry8b.o(.ARM.Collect$$$$0000000A)
    _main_init                               0x080001b5   Thumb Code     0  entry9a.o(.ARM.Collect$$$$0000000B)
    __rt_final_cpp                           0x080001bd   Thumb Code     0  entry10a.o(.ARM.Collect$$$$0000000D)
    __rt_final_exit                          0x080001bd   Thumb Code     0  entry11a.o(.ARM.Collect$$$$0000000F)
    Reset_Handler                            0x080001c1   Thumb Code     8  startup_stm32f427xx.o(.text)
    SysTick_Handler                          0x080001d9   Thumb Code     2  startup_stm32f427xx.o(.text)
    ADC_IRQHandler                           0x080001db   Thumb Code     0  startup_stm32f427xx.o(.text)
    CAN1_RX1_IRQHandler                      0x080001db   Thumb Code     0  startup_stm32f427xx.o(.text)
    CAN1_SCE_IRQHandler                      0x080001db   Thumb Code     0  startup_stm32f427xx.o(.text)
    CAN2_RX1_IRQHandler                      0x080001db   Thumb Code     0  startup_stm32f427xx.o(.text)
    CAN2_SCE_IRQHandler                      0x080001db   Thumb Code     0  startup_stm32f427xx.o(.text)
    DCMI_IRQHandler                          0x080001db   Thumb Code     0  startup_stm32f427xx.o(.text)
    DMA1_Stream0_IRQHandler                  0x080001db   Thumb Code     0  startup_stm32f427xx.o(.text)
    DMA1_Stream1_IRQHandler                  0x080001db   Thumb Code     0  startup_stm32f427xx.o(.text)
    DMA1_Stream2_IRQHandler                  0x080001db   Thumb Code     0  startup_stm32f427xx.o(.text)
    DMA1_Stream3_IRQHandler                  0x080001db   Thumb Code     0  startup_stm32f427xx.o(.text)
    DMA1_Stream4_IRQHandler                  0x080001db   Thumb Code     0  startup_stm32f427xx.o(.text)
    DMA1_Stream5_IRQHandler                  0x080001db   Thumb Code     0  startup_stm32f427xx.o(.text)
    DMA1_Stream6_IRQHandler                  0x080001db   Thumb Code     0  startup_stm32f427xx.o(.text)
    DMA1_Stream7_IRQHandler                  0x080001db   Thumb Code     0  startup_stm32f427xx.o(.text)
    DMA2D_IRQHandler                         0x080001db   Thumb Code     0  startup_stm32f427xx.o(.text)
    DMA2_Stream0_IRQHandler                  0x080001db   Thumb Code     0  startup_stm32f427xx.o(.text)
    DMA2_Stream1_IRQHandler                  0x080001db   Thumb Code     0  startup_stm32f427xx.o(.text)
    DMA2_Stream2_IRQHandler                  0x080001db   Thumb Code     0  startup_stm32f427xx.o(.text)
    DMA2_Stream3_IRQHandler                  0x080001db   Thumb Code     0  startup_stm32f427xx.o(.text)
    DMA2_Stream4_IRQHandler                  0x080001db   Thumb Code     0  startup_stm32f427xx.o(.text)
    DMA2_Stream5_IRQHandler                  0x080001db   Thumb Code     0  startup_stm32f427xx.o(.text)
    DMA2_Stream6_IRQHandler                  0x080001db   Thumb Code     0  startup_stm32f427xx.o(.text)
    DMA2_Stream7_IRQHandler                  0x080001db   Thumb Code     0  startup_stm32f427xx.o(.text)
    ETH_IRQHandler                           0x080001db   Thumb Code     0  startup_stm32f427xx.o(.text)
    ETH_WKUP_IRQHandler                      0x080001db   Thumb Code     0  startup_stm32f427xx.o(.text)
    EXTI0_IRQHandler                         0x080001db   Thumb Code     0  startup_stm32f427xx.o(.text)
    EXTI15_10_IRQHandler                     0x080001db   Thumb Code     0  startup_stm32f427xx.o(.text)
    EXTI1_IRQHandler                         0x080001db   Thumb Code     0  startup_stm32f427xx.o(.text)
    EXTI2_IRQHandler                         0x080001db   Thumb Code     0  startup_stm32f427xx.o(.text)
    EXTI3_IRQHandler                         0x080001db   Thumb Code     0  startup_stm32f427xx.o(.text)
    EXTI4_IRQHandler                         0x080001db   Thumb Code     0  startup_stm32f427xx.o(.text)
    EXTI9_5_IRQHandler                       0x080001db   Thumb Code     0  startup_stm32f427xx.o(.text)
    FLASH_IRQHandler                         0x080001db   Thumb Code     0  startup_stm32f427xx.o(.text)
    FMC_IRQHandler                           0x080001db   Thumb Code     0  startup_stm32f427xx.o(.text)
    FPU_IRQHandler                           0x080001db   Thumb Code     0  startup_stm32f427xx.o(.text)
    HASH_RNG_IRQHandler                      0x080001db   Thumb Code     0  startup_stm32f427xx.o(.text)
    I2C1_ER_IRQHandler                       0x080001db   Thumb Code     0  startup_stm32f427xx.o(.text)
    I2C1_EV_IRQHandler                       0x080001db   Thumb Code     0  startup_stm32f427xx.o(.text)
    I2C2_ER_IRQHandler                       0x080001db   Thumb Code     0  startup_stm32f427xx.o(.text)
    I2C2_EV_IRQHandler                       0x080001db   Thumb Code     0  startup_stm32f427xx.o(.text)
    I2C3_ER_IRQHandler                       0x080001db   Thumb Code     0  startup_stm32f427xx.o(.text)
    I2C3_EV_IRQHandler                       0x080001db   Thumb Code     0  startup_stm32f427xx.o(.text)
    OTG_FS_IRQHandler                        0x080001db   Thumb Code     0  startup_stm32f427xx.o(.text)
    OTG_FS_WKUP_IRQHandler                   0x080001db   Thumb Code     0  startup_stm32f427xx.o(.text)
    OTG_HS_EP1_IN_IRQHandler                 0x080001db   Thumb Code     0  startup_stm32f427xx.o(.text)
    OTG_HS_EP1_OUT_IRQHandler                0x080001db   Thumb Code     0  startup_stm32f427xx.o(.text)
    OTG_HS_IRQHandler                        0x080001db   Thumb Code     0  startup_stm32f427xx.o(.text)
    OTG_HS_WKUP_IRQHandler                   0x080001db   Thumb Code     0  startup_stm32f427xx.o(.text)
    PVD_IRQHandler                           0x080001db   Thumb Code     0  startup_stm32f427xx.o(.text)
    RCC_IRQHandler                           0x080001db   Thumb Code     0  startup_stm32f427xx.o(.text)
    RTC_Alarm_IRQHandler                     0x080001db   Thumb Code     0  startup_stm32f427xx.o(.text)
    RTC_WKUP_IRQHandler                      0x080001db   Thumb Code     0  startup_stm32f427xx.o(.text)
    SAI1_IRQHandler                          0x080001db   Thumb Code     0  startup_stm32f427xx.o(.text)
    SDIO_IRQHandler                          0x080001db   Thumb Code     0  startup_stm32f427xx.o(.text)
    SPI1_IRQHandler                          0x080001db   Thumb Code     0  startup_stm32f427xx.o(.text)
    SPI2_IRQHandler                          0x080001db   Thumb Code     0  startup_stm32f427xx.o(.text)
    SPI3_IRQHandler                          0x080001db   Thumb Code     0  startup_stm32f427xx.o(.text)
    SPI4_IRQHandler                          0x080001db   Thumb Code     0  startup_stm32f427xx.o(.text)
    SPI5_IRQHandler                          0x080001db   Thumb Code     0  startup_stm32f427xx.o(.text)
    SPI6_IRQHandler                          0x080001db   Thumb Code     0  startup_stm32f427xx.o(.text)
    TAMP_STAMP_IRQHandler                    0x080001db   Thumb Code     0  startup_stm32f427xx.o(.text)
    TIM1_BRK_TIM9_IRQHandler                 0x080001db   Thumb Code     0  startup_stm32f427xx.o(.text)
    TIM1_CC_IRQHandler                       0x080001db   Thumb Code     0  startup_stm32f427xx.o(.text)
    TIM1_TRG_COM_TIM11_IRQHandler            0x080001db   Thumb Code     0  startup_stm32f427xx.o(.text)
    TIM1_UP_TIM10_IRQHandler                 0x080001db   Thumb Code     0  startup_stm32f427xx.o(.text)
    TIM3_IRQHandler                          0x080001db   Thumb Code     0  startup_stm32f427xx.o(.text)
    TIM4_IRQHandler                          0x080001db   Thumb Code     0  startup_stm32f427xx.o(.text)
    TIM5_IRQHandler                          0x080001db   Thumb Code     0  startup_stm32f427xx.o(.text)
    TIM7_IRQHandler                          0x080001db   Thumb Code     0  startup_stm32f427xx.o(.text)
    TIM8_BRK_TIM12_IRQHandler                0x080001db   Thumb Code     0  startup_stm32f427xx.o(.text)
    TIM8_CC_IRQHandler                       0x080001db   Thumb Code     0  startup_stm32f427xx.o(.text)
    TIM8_TRG_COM_TIM14_IRQHandler            0x080001db   Thumb Code     0  startup_stm32f427xx.o(.text)
    TIM8_UP_TIM13_IRQHandler                 0x080001db   Thumb Code     0  startup_stm32f427xx.o(.text)
    UART4_IRQHandler                         0x080001db   Thumb Code     0  startup_stm32f427xx.o(.text)
    UART5_IRQHandler                         0x080001db   Thumb Code     0  startup_stm32f427xx.o(.text)
    UART7_IRQHandler                         0x080001db   Thumb Code     0  startup_stm32f427xx.o(.text)
    UART8_IRQHandler                         0x080001db   Thumb Code     0  startup_stm32f427xx.o(.text)
    WWDG_IRQHandler                          0x080001db   Thumb Code     0  startup_stm32f427xx.o(.text)
    __aeabi_memset                           0x080001e5   Thumb Code    14  memseta.o(.text)
    __aeabi_memset4                          0x080001e5   Thumb Code     0  memseta.o(.text)
    __aeabi_memset8                          0x080001e5   Thumb Code     0  memseta.o(.text)
    __aeabi_memclr                           0x080001f3   Thumb Code     4  memseta.o(.text)
    __aeabi_memclr4                          0x080001f3   Thumb Code     0  memseta.o(.text)
    __aeabi_memclr8                          0x080001f3   Thumb Code     0  memseta.o(.text)
    _memset$wrapper                          0x080001f7   Thumb Code    18  memseta.o(.text)
    __aeabi_uidiv                            0x08000209   Thumb Code     0  uidiv.o(.text)
    __aeabi_uidivmod                         0x08000209   Thumb Code    44  uidiv.o(.text)
    __scatterload                            0x08000235   Thumb Code    28  init.o(.text)
    __scatterload_rt2                        0x08000235   Thumb Code     0  init.o(.text)
    Act_Init                                 0x08000259   Thumb Code    34  act.o(i.Act_Init)
    Act_Proc                                 0x08000281   Thumb Code   126  act.o(i.Act_Proc)
    Bsp_Config                               0x08000315   Thumb Code    64  bsp.o(i.Bsp_Config)
    BtmRxCallback                            0x08000359   Thumb Code     4  com_srv.o(i.BtmRxCallback)
    Btm_Config                               0x0800035d   Thumb Code    94  btm.o(i.Btm_Config)
    Btm_Proc                                 0x080003cd   Thumb Code     6  com.o(i.Btm_Proc)
    Btm_ReadByte                             0x080003d5   Thumb Code    60  btm.o(i.Btm_ReadByte)
    Btn_Config                               0x08000419   Thumb Code     6  btn.o(i.Btn_Config)
    BusFault_Handler                         0x08000425   Thumb Code     2  stm32f4xx_it.o(i.BusFault_Handler)
    CAN1_Configuration                       0x08000429   Thumb Code   246  can1.o(i.CAN1_Configuration)
    CAN1_RX0_IRQHandler                      0x08000529   Thumb Code    58  can1.o(i.CAN1_RX0_IRQHandler)
    CAN1_TX_IRQHandler                       0x0800056d   Thumb Code    30  can1.o(i.CAN1_TX_IRQHandler)
    CAN2_Configuration                       0x08000591   Thumb Code   252  can2.o(i.CAN2_Configuration)
    CAN2_RX0_IRQHandler                      0x08000695   Thumb Code    58  can2.o(i.CAN2_RX0_IRQHandler)
    CAN2_TX_IRQHandler                       0x080006d9   Thumb Code    30  can2.o(i.CAN2_TX_IRQHandler)
    CAN_ClearFlag                            0x080006fd   Thumb Code    44  stm32f4xx_can.o(i.CAN_ClearFlag)
    CAN_ClearITPendingBit                    0x0800072d   Thumb Code   116  stm32f4xx_can.o(i.CAN_ClearITPendingBit)
    CAN_DeInit                               0x080007a5   Thumb Code    38  stm32f4xx_can.o(i.CAN_DeInit)
    CAN_FilterInit                           0x080007d1   Thumb Code   194  stm32f4xx_can.o(i.CAN_FilterInit)
    CAN_GetITStatus                          0x0800089d   Thumb Code   162  stm32f4xx_can.o(i.CAN_GetITStatus)
    CAN_ITConfig                             0x08000945   Thumb Code    16  stm32f4xx_can.o(i.CAN_ITConfig)
    CAN_Init                                 0x08000955   Thumb Code   232  stm32f4xx_can.o(i.CAN_Init)
    CAN_Receive                              0x08000a3d   Thumb Code   144  stm32f4xx_can.o(i.CAN_Receive)
    CAN_StructInit                           0x08000acd   Thumb Code    32  stm32f4xx_can.o(i.CAN_StructInit)
    CAN_Transmit                             0x08000aed   Thumb Code   164  stm32f4xx_can.o(i.CAN_Transmit)
    CM_Cmd                                   0x08000b91   Thumb Code    78  motor_1.o(i.CM_Cmd)
    CS_Set                                   0x08000bdf   Thumb Code     6  sys.o(i.CS_Set)
    Can1RxCallback                           0x08000be5   Thumb Code     4  can_srv.o(i.Can1RxCallback)
    Can2RxCallback                           0x08000be9   Thumb Code     4  can_srv.o(i.Can2RxCallback)
    Can_Init                                 0x08000bed   Thumb Code    44  can.o(i.Can_Init)
    Can_Proc                                 0x08000c1d   Thumb Code   186  can.o(i.Can_Proc)
    Clk_GetUsTick                            0x08000dad   Thumb Code     8  clk.o(i.Clk_GetUsTick)
    Cmd_Init                                 0x08000db5   Thumb Code    68  cmd.o(i.Cmd_Init)
    Cmd_Proc                                 0x08000e05   Thumb Code   218  cmd.o(i.Cmd_Proc)
    Ctl_Init                                 0x08000ee9   Thumb Code   168  ctl.o(i.Ctl_Init)
    Ctl_Proc                                 0x08000f9d   Thumb Code    30  ctl.o(i.Ctl_Proc)
    DBUS_Dec                                 0x08000fc5   Thumb Code    24  dbus.o(i.DBUS_Dec)
    DBUS_Rst                                 0x08000fdd   Thumb Code    20  dbus.o(i.DBUS_Rst)
    DMA_Cmd                                  0x08000ff1   Thumb Code    20  stm32f4xx_dma.o(i.DMA_Cmd)
    DMA_Config                               0x08001005   Thumb Code   100  stm32util.o(i.DMA_Config)
    DMA_DoubleBufferModeCmd                  0x08001071   Thumb Code    20  stm32f4xx_dma.o(i.DMA_DoubleBufferModeCmd)
    DMA_DoubleBufferModeConfig               0x08001085   Thumb Code    22  stm32f4xx_dma.o(i.DMA_DoubleBufferModeConfig)
    DMA_GetCurrDataCounter                   0x0800109b   Thumb Code     6  stm32f4xx_dma.o(i.DMA_GetCurrDataCounter)
    DMA_GetCurrentMemoryTarget               0x080010a1   Thumb Code    14  stm32f4xx_dma.o(i.DMA_GetCurrentMemoryTarget)
    DMA_Init                                 0x080010b1   Thumb Code    80  stm32f4xx_dma.o(i.DMA_Init)
    DbiRxCallback                            0x08001105   Thumb Code     4  com_srv.o(i.DbiRxCallback)
    Dbi_Config                               0x08001109   Thumb Code    94  dbi.o(i.Dbi_Config)
    Dbi_Proc                                 0x08001179   Thumb Code     6  com.o(i.Dbi_Proc)
    Dbi_ReadByte                             0x08001181   Thumb Code    60  dbi.o(i.Dbi_ReadByte)
    Dci_Init                                 0x080011c5   Thumb Code    20  dci.o(i.Dci_Init)
    Dci_Proc                                 0x080011dd   Thumb Code    50  dci.o(i.Dci_Proc)
    DebugMon_Handler                         0x08001215   Thumb Code     2  stm32f4xx_it.o(i.DebugMon_Handler)
    Ekf_Init                                 0x08001217   Thumb Code     8  ekf.o(i.Ekf_Init)
    Ekf_Proc                                 0x0800121f   Thumb Code    74  ekf.o(i.Ekf_Proc)
    Ekf_Reset                                0x08001269   Thumb Code    22  ekf.o(i.Ekf_Reset)
    Ekf_SetE                                 0x08001285   Thumb Code     6  ekf.o(i.Ekf_SetE)
    FIFO_Flush                               0x0800128b   Thumb Code    22  fifo.o(i.FIFO_Flush)
    FIFO_Init                                0x080012a1   Thumb Code     8  fifo.o(i.FIFO_Init)
    FIFO_IsEmpty                             0x080012a9   Thumb Code    12  fifo.o(i.FIFO_IsEmpty)
    FIFO_IsFull                              0x080012b5   Thumb Code    16  fifo.o(i.FIFO_IsFull)
    FIFO_Pop                                 0x080012c5   Thumb Code    52  fifo.o(i.FIFO_Pop)
    FIFO_Push                                0x080012f9   Thumb Code    58  fifo.o(i.FIFO_Push)
    FS_Clr                                   0x08001333   Thumb Code     4  sys.o(i.FS_Clr)
    FS_Cpy                                   0x08001337   Thumb Code     4  sys.o(i.FS_Cpy)
    FS_Det                                   0x0800133b   Thumb Code     4  sys.o(i.FS_Det)
    FS_Get                                   0x0800133f   Thumb Code     4  sys.o(i.FS_Get)
    Flag_Clr                                 0x08001343   Thumb Code     8  fun.o(i.Flag_Clr)
    Flag_Cpy                                 0x0800134b   Thumb Code    38  fun.o(i.Flag_Cpy)
    Flag_Det                                 0x08001371   Thumb Code    14  fun.o(i.Flag_Det)
    Flag_Get                                 0x0800137f   Thumb Code     6  fun.o(i.Flag_Get)
    GM_Cmd                                   0x08001385   Thumb Code    72  motor_1.o(i.GM_Cmd)
    GPIO_AF                                  0x080013cd   Thumb Code    40  stm32util.o(i.GPIO_AF)
    GPIO_Config                              0x080013f5   Thumb Code   236  stm32util.o(i.GPIO_Config)
    GPIO_In                                  0x0800150d   Thumb Code    16  stm32util.o(i.GPIO_In)
    GPIO_Init                                0x0800151d   Thumb Code   162  stm32f4xx_gpio.o(i.GPIO_Init)
    GPIO_Out                                 0x080015bf   Thumb Code    18  stm32util.o(i.GPIO_Out)
    GPIO_PinAFConfig                         0x080015d1   Thumb Code    32  stm32f4xx_gpio.o(i.GPIO_PinAFConfig)
    GPIO_ReadOutputDataBit                   0x080015f1   Thumb Code    14  stm32f4xx_gpio.o(i.GPIO_ReadOutputDataBit)
    GPIO_ResetBits                           0x080015ff   Thumb Code     4  stm32f4xx_gpio.o(i.GPIO_ResetBits)
    GPIO_SetBits                             0x08001603   Thumb Code     4  stm32f4xx_gpio.o(i.GPIO_SetBits)
    GetSwitchEvents                          0x080017f1   Thumb Code    30  rci.o(i.GetSwitchEvents)
    GetSwitchStates                          0x08001815   Thumb Code    60  rci.o(i.GetSwitchStates)
    HCP_Dec                                  0x08001855   Thumb Code    30  hcp.o(i.HCP_Dec)
    HCP_Rst                                  0x08001873   Thumb Code    28  hcp.o(i.HCP_Rst)
    HardFault_Handler                        0x0800188f   Thumb Code     2  stm32f4xx_it.o(i.HardFault_Handler)
    Hci_Init                                 0x08001891   Thumb Code    78  hci.o(i.Hci_Init)
    Hci_Proc                                 0x080018e9   Thumb Code    18  hci.o(i.Hci_Proc)
    Ios_GetByte                              0x080018fb   Thumb Code    54  ios.o(i.Ios_GetByte)
    Ios_Init                                 0x08001931   Thumb Code    18  ios.o(i.Ios_Init)
    Ios_PutByte                              0x0800194d   Thumb Code    26  ios.o(i.Ios_PutByte)
    Ios_SetIn                                0x0800196d   Thumb Code    10  ios.o(i.Ios_SetIn)
    Ios_SetOut                               0x0800197d   Thumb Code    10  ios.o(i.Ios_SetOut)
    Led_Config                               0x0800198d   Thumb Code    40  led.o(i.Led_Config)
    MS_Set                                   0x080019bd   Thumb Code     6  sys.o(i.MS_Set)
    Maf_Init                                 0x080019c3   Thumb Code     8  maf.o(i.Maf_Init)
    Maf_Proc                                 0x080019cb   Thumb Code    66  maf.o(i.Maf_Proc)
    Maf_Reset                                0x08001a0d   Thumb Code    28  maf.o(i.Maf_Reset)
    Mec_Config                               0x08001a2d   Thumb Code     6  mec.o(i.Mec_Config)
    Mec_Decomp                               0x08001a39   Thumb Code    10  mec.o(i.Mec_Decomp)
    Mec_Init                                 0x08001a49   Thumb Code    54  mec.o(i.Mec_Init)
    Mec_Synthe                               0x08001a85   Thumb Code    10  mec.o(i.Mec_Synthe)
    Mecanum_Config                           0x08001a95   Thumb Code    50  mecanum.o(i.Mecanum_Config)
    Mecanum_Decomp                           0x08001ac7   Thumb Code   142  mecanum.o(i.Mecanum_Decomp)
    Mecanum_Synthe                           0x08001b55   Thumb Code   114  mecanum.o(i.Mecanum_Synthe)
    MemManage_Handler                        0x08001bc7   Thumb Code     2  stm32f4xx_it.o(i.MemManage_Handler)
    Motor_Process                            0x08001bc9   Thumb Code   240  can.o(i.Motor_Process)
    Motor_Reset                              0x08001cc9   Thumb Code    56  can.o(i.Motor_Reset)
    NMI_Handler                              0x08001d01   Thumb Code     2  stm32f4xx_it.o(i.NMI_Handler)
    NVIC_Config                              0x08001d03   Thumb Code    28  stm32util.o(i.NVIC_Config)
    NVIC_Init                                0x08001d21   Thumb Code    96  misc.o(i.NVIC_Init)
    NVIC_PriorityGroupConfig                 0x08001d85   Thumb Code    10  misc.o(i.NVIC_PriorityGroupConfig)
    Odo_Init                                 0x08001d99   Thumb Code   140  odo.o(i.Odo_Init)
    Odo_Proc                                 0x08001e31   Thumb Code   252  odo.o(i.Odo_Proc)
    PID_Calc                                 0x08001f41   Thumb Code   218  pid.o(i.PID_Calc)
    PID_Config                               0x08002021   Thumb Code     6  pid.o(i.PID_Config)
    PID_Reset                                0x08002039   Thumb Code    14  pid.o(i.PID_Reset)
    PWM_Bind                                 0x0800204d   Thumb Code  5436  stm32util.o(i.PWM_Bind)
    PendSV_Handler                           0x08003591   Thumb Code     2  stm32f4xx_it.o(i.PendSV_Handler)
    Pwm_Config                               0x08003595   Thumb Code    66  pwm.o(i.Pwm_Config)
    RCC_AHB1PeriphClockCmd                   0x080035e1   Thumb Code    18  stm32f4xx_rcc.o(i.RCC_AHB1PeriphClockCmd)
    RCC_APB1PeriphClockCmd                   0x080035f9   Thumb Code    18  stm32f4xx_rcc.o(i.RCC_APB1PeriphClockCmd)
    RCC_APB1PeriphResetCmd                   0x08003611   Thumb Code    18  stm32f4xx_rcc.o(i.RCC_APB1PeriphResetCmd)
    RCC_APB2PeriphClockCmd                   0x08003629   Thumb Code    18  stm32f4xx_rcc.o(i.RCC_APB2PeriphClockCmd)
    RCC_GetClocksFreq                        0x08003641   Thumb Code   132  stm32f4xx_rcc.o(i.RCC_GetClocksFreq)
    RCP_Dec                                  0x080036d5   Thumb Code    78  rcp.o(i.RCP_Dec)
    RCP_Rst                                  0x08003725   Thumb Code    38  rcp.o(i.RCP_Rst)
    Rci_Init                                 0x0800374d   Thumb Code    36  rci.o(i.Rci_Init)
    Rci_Proc                                 0x08003775   Thumb Code     4  rci.o(i.Rci_Proc)
    RcvCallback                              0x08003779   Thumb Code     4  rcv_srv.o(i.RcvCallback)
    Rcv_Config                               0x0800377d   Thumb Code   126  rcv.o(i.Rcv_Config)
    Rcv_Proc                                 0x08003811   Thumb Code    28  dci.o(i.Rcv_Proc)
    Rmp_Calc                                 0x08003831   Thumb Code    40  rmp.o(i.Rmp_Calc)
    Rmp_Config                               0x08003859   Thumb Code     4  rmp.o(i.Rmp_Config)
    Rmp_Reset                                0x0800386d   Thumb Code     6  rmp.o(i.Rmp_Reset)
    SVC_Handler                              0x08003873   Thumb Code     2  stm32f4xx_it.o(i.SVC_Handler)
    SyncTimCallback                          0x08003945   Thumb Code    14  tim_srv.o(i.SyncTimCallback)
    SyncTim_Config                           0x08003959   Thumb Code    38  tim.o(i.SyncTim_Config)
    SystemInit                               0x08003985   Thumb Code    74  system_stm32f4xx.o(i.SystemInit)
    TIM2_IRQHandler                          0x080039e1   Thumb Code    42  tim.o(i.TIM2_IRQHandler)
    TIM6_DAC_IRQHandler                      0x08003a0d   Thumb Code    42  tim.o(i.TIM6_DAC_IRQHandler)
    TIM_ARRPreloadConfig                     0x08003a3d   Thumb Code    20  stm32f4xx_tim.o(i.TIM_ARRPreloadConfig)
    TIM_ClearFlag                            0x08003a51   Thumb Code     6  stm32f4xx_tim.o(i.TIM_ClearFlag)
    TIM_ClearITPendingBit                    0x08003a57   Thumb Code     6  stm32f4xx_tim.o(i.TIM_ClearITPendingBit)
    TIM_Cmd                                  0x08003a5d   Thumb Code    20  stm32f4xx_tim.o(i.TIM_Cmd)
    TIM_Config                               0x08003a71   Thumb Code   276  stm32util.o(i.TIM_Config)
    TIM_GetITStatus                          0x08003bb5   Thumb Code    24  stm32f4xx_tim.o(i.TIM_GetITStatus)
    TIM_ITConfig                             0x08003bcd   Thumb Code    16  stm32f4xx_tim.o(i.TIM_ITConfig)
    TIM_OC1Init                              0x08003bdd   Thumb Code    88  stm32f4xx_tim.o(i.TIM_OC1Init)
    TIM_OC1PreloadConfig                     0x08003c3d   Thumb Code    12  stm32f4xx_tim.o(i.TIM_OC1PreloadConfig)
    TIM_OC2Init                              0x08003c49   Thumb Code   120  stm32f4xx_tim.o(i.TIM_OC2Init)
    TIM_OC2PreloadConfig                     0x08003cc9   Thumb Code    20  stm32f4xx_tim.o(i.TIM_OC2PreloadConfig)
    TIM_OC3Init                              0x08003cdd   Thumb Code   116  stm32f4xx_tim.o(i.TIM_OC3Init)
    TIM_OC3PreloadConfig                     0x08003d59   Thumb Code    12  stm32f4xx_tim.o(i.TIM_OC3PreloadConfig)
    TIM_OC4Init                              0x08003d65   Thumb Code    88  stm32f4xx_tim.o(i.TIM_OC4Init)
    TIM_OC4PreloadConfig                     0x08003dc5   Thumb Code    20  stm32f4xx_tim.o(i.TIM_OC4PreloadConfig)
    TIM_OC_Config                            0x08003dd9   Thumb Code   130  stm32util.o(i.TIM_OC_Config)
    TIM_TimeBaseInit                         0x08003e5d   Thumb Code    96  stm32f4xx_tim.o(i.TIM_TimeBaseInit)
    TickTimCallback                          0x08003ed9   Thumb Code     2  tim_srv.o(i.TickTimCallback)
    TickTim_Config                           0x08003edb   Thumb Code    48  tim.o(i.TickTim_Config)
    TickTim_Start                            0x08003f0b   Thumb Code    34  tim.o(i.TickTim_Start)
    Tim_Config                               0x08003f2d   Thumb Code    14  tim.o(i.Tim_Config)
    TtyRxCallback                            0x08003f3b   Thumb Code     4  com_srv.o(i.TtyRxCallback)
    Tty_Config                               0x08003f41   Thumb Code    94  tty.o(i.Tty_Config)
    Tty_Proc                                 0x08003fb1   Thumb Code     6  com.o(i.Tty_Proc)
    Tty_ReadByte                             0x08003fb9   Thumb Code    60  tty.o(i.Tty_ReadByte)
    USART1_IRQHandler                        0x08003ffd   Thumb Code   118  rcv.o(i.USART1_IRQHandler)
    USART2_IRQHandler                        0x08004081   Thumb Code   142  btm.o(i.USART2_IRQHandler)
    USART3_IRQHandler                        0x08004119   Thumb Code   142  dbi.o(i.USART3_IRQHandler)
    USART6_IRQHandler                        0x080041b1   Thumb Code   142  tty.o(i.USART6_IRQHandler)
    USART_Bind                               0x08004249   Thumb Code  3544  stm32util.o(i.USART_Bind)
    USART_ClearFlag                          0x08005029   Thumb Code     6  stm32f4xx_usart.o(i.USART_ClearFlag)
    USART_ClearITPendingBit                  0x0800502f   Thumb Code    12  stm32f4xx_usart.o(i.USART_ClearITPendingBit)
    USART_Cmd                                0x0800503b   Thumb Code    20  stm32f4xx_usart.o(i.USART_Cmd)
    USART_Config                             0x08005051   Thumb Code   366  stm32util.o(i.USART_Config)
    USART_DMACmd                             0x080051e1   Thumb Code    16  stm32f4xx_usart.o(i.USART_DMACmd)
    USART_GetFlagStatus                      0x080051f1   Thumb Code    14  stm32f4xx_usart.o(i.USART_GetFlagStatus)
    USART_GetITStatus                        0x080051ff   Thumb Code    62  stm32f4xx_usart.o(i.USART_GetITStatus)
    USART_ITConfig                           0x0800523d   Thumb Code    48  stm32f4xx_usart.o(i.USART_ITConfig)
    USART_Init                               0x0800526d   Thumb Code   164  stm32f4xx_usart.o(i.USART_Init)
    USART_ReceiveData                        0x08005319   Thumb Code     8  stm32f4xx_usart.o(i.USART_ReceiveData)
    USART_SendData                           0x08005321   Thumb Code     8  stm32f4xx_usart.o(i.USART_SendData)
    Upd_Init                                 0x08005329   Thumb Code    14  upd.o(i.Upd_Init)
    Upd_Proc                                 0x08005337   Thumb Code    68  upd.o(i.Upd_Proc)
    UsageFault_Handler                       0x0800537b   Thumb Code     2  stm32f4xx_it.o(i.UsageFault_Handler)
    Wdg_Feed                                 0x0800537d   Thumb Code    10  wdg.o(i.Wdg_Feed)
    Wdg_IsErrSet                             0x0800538d   Thumb Code    16  wdg.o(i.Wdg_IsErrSet)
    Wsm_GetLastWorkingState                  0x080053a1   Thumb Code     6  wsm.o(i.Wsm_GetLastWorkingState)
    Wsm_GetWorkingState                      0x080053ad   Thumb Code     6  wsm.o(i.Wsm_GetWorkingState)
    ZGyro_Process                            0x080053b9   Thumb Code    38  can.o(i.ZGyro_Process)
    ZGyro_Reset                              0x080053df   Thumb Code    14  can.o(i.ZGyro_Reset)
    __0printf$1                              0x080053ed   Thumb Code    22  printf1.o(i.__0printf$1)
    __1printf$1                              0x080053ed   Thumb Code     0  printf1.o(i.__0printf$1)
    __2printf                                0x080053ed   Thumb Code     0  printf1.o(i.__0printf$1)
    __scatterload_copy                       0x0800540d   Thumb Code    14  handlers.o(i.__scatterload_copy)
    __scatterload_null                       0x0800541b   Thumb Code     2  handlers.o(i.__scatterload_null)
    __scatterload_zeroinit                   0x0800541d   Thumb Code    14  handlers.o(i.__scatterload_zeroinit)
    cmd                                      0x08005581   Thumb Code   216  main.o(i.cmd)
    fputc                                    0x08005675   Thumb Code    18  ios.o(i.fputc)
    main                                     0x0800568d   Thumb Code    38  main.o(i.main)
    map                                      0x080056b3   Thumb Code    26  fun.o(i.map)
    mec_cfg                                  0x080056cd   Thumb Code    20  main.o(i.mec_cfg)
    Region$$Table$$Base                      0x080056ec   Number         0  anon$$obj.o(Region$$Table)
    Region$$Table$$Limit                     0x0800570c   Number         0  anon$$obj.o(Region$$Table)
    cfg                                      0x20000000   Data         108  cfg.o(.data)
    functionalStateRef                       0x2000006c   Data           4  cmd.o(.data)
    functionalStateCtl                       0x20000070   Data           4  ctl.o(.data)
    CM1SpeedRmp                              0x20000074   Data           8  ctl.o(.data)
    CM2SpeedRmp                              0x2000007c   Data           8  ctl.o(.data)
    CM3SpeedRmp                              0x20000084   Data           8  ctl.o(.data)
    CM4SpeedRmp                              0x2000008c   Data           8  ctl.o(.data)
    mouseButtonStates                        0x20000094   Data           2  hci.o(.data)
    mouseButtonEvents                        0x20000096   Data           2  hci.o(.data)
    _in                                      0x200000a4   Data           4  ios.o(.data)
    _out                                     0x200000a8   Data           4  ios.o(.data)
    functionalStateFdb                       0x200000ac   Data           4  odo.o(.data)
    switchStates                             0x200000b0   Data           2  rci.o(.data)
    switchEvents                             0x200000b2   Data           2  rci.o(.data)
    wdg                                      0x200000c4   Data          48  wdg.o(.data)
    __stdout                                 0x2000010c   Data           4  stdout.o(.data)
    v                                        0x20000110   Data          12  main.o(.bss)
    w                                        0x2000011c   Data          16  main.o(.bss)
    zgyro                                    0x2000012c   Data          20  can.o(.bss)
    motor                                    0x20000140   Data         528  can.o(.bss)
    chassisVelocityRef                       0x20000350   Data          12  cmd.o(.bss)
    mecanumVelocityRef                       0x2000035c   Data          16  cmd.o(.bss)
    CM1SpeedPID                              0x2000036c   Data          40  ctl.o(.bss)
    CM2SpeedPID                              0x20000394   Data          40  ctl.o(.bss)
    CM3SpeedPID                              0x200003bc   Data          40  ctl.o(.bss)
    CM4SpeedPID                              0x200003e4   Data          40  ctl.o(.bss)
    mecanumCurrentsCtl                       0x2000040c   Data          16  ctl.o(.bss)
    dbus                                     0x2000041c   Data          22  dci.o(.bss)
    mecanumPositionFdb                       0x200004f0   Data          16  odo.o(.bss)
    mecanumVelocityFdb                       0x20000500   Data          16  odo.o(.bss)
    mecanumCurrentsFdb                       0x20000510   Data          16  odo.o(.bss)
    chassisPositionFdb                       0x20000520   Data          12  odo.o(.bss)
    chassisVelocityFdb                       0x2000052c   Data          12  odo.o(.bss)
    __initial_sp                             0x20000ff8   Data           0  startup_stm32f427xx.o(STACK)



==============================================================================

Memory Map of the image

  Image Entry point : 0x080001ad

  Load Region LR_IROM1 (Base: 0x08000000, Size: 0x0000581c, Max: 0x00200000, ABSOLUTE)

    Execution Region ER_IROM1 (Base: 0x08000000, Size: 0x0000570c, Max: 0x00200000, ABSOLUTE)

    Base Addr    Size         Type   Attr      Idx    E Section Name        Object

    0x08000000   0x000001ac   Data   RO         8037    RESET               startup_stm32f427xx.o
    0x080001ac   0x00000000   Code   RO         8080  * .ARM.Collect$$$$00000000  mc_w.l(entry.o)
    0x080001ac   0x00000004   Code   RO         8427    .ARM.Collect$$$$00000001  mc_w.l(entry2.o)
    0x080001b0   0x00000004   Code   RO         8430    .ARM.Collect$$$$00000004  mc_w.l(entry5.o)
    0x080001b4   0x00000000   Code   RO         8432    .ARM.Collect$$$$00000008  mc_w.l(entry7b.o)
    0x080001b4   0x00000000   Code   RO         8434    .ARM.Collect$$$$0000000A  mc_w.l(entry8b.o)
    0x080001b4   0x00000008   Code   RO         8435    .ARM.Collect$$$$0000000B  mc_w.l(entry9a.o)
    0x080001bc   0x00000000   Code   RO         8437    .ARM.Collect$$$$0000000D  mc_w.l(entry10a.o)
    0x080001bc   0x00000000   Code   RO         8439    .ARM.Collect$$$$0000000F  mc_w.l(entry11a.o)
    0x080001bc   0x00000004   Code   RO         8428    .ARM.Collect$$$$00002712  mc_w.l(entry2.o)
    0x080001c0   0x00000024   Code   RO         8038    .text               startup_stm32f427xx.o
    0x080001e4   0x00000024   Code   RO         8085    .text               mc_w.l(memseta.o)
    0x08000208   0x0000002c   Code   RO         8442    .text               mc_w.l(uidiv.o)
    0x08000234   0x00000024   Code   RO         8472    .text               mc_w.l(init.o)
    0x08000258   0x00000028   Code   RO          549    i.Act_Init          act.o
    0x08000280   0x00000094   Code   RO          550    i.Act_Proc          act.o
    0x08000314   0x00000044   Code   RO         2181    i.Bsp_Config        bsp.o
    0x08000358   0x00000004   Code   RO         2069    i.BtmRxCallback     com_srv.o
    0x0800035c   0x00000070   Code   RO         2205    i.Btm_Config        btm.o
    0x080003cc   0x00000006   Code   RO          819    i.Btm_Proc          com.o
    0x080003d2   0x00000002   PAD
    0x080003d4   0x00000044   Code   RO         2208    i.Btm_ReadByte      btm.o
    0x08000418   0x0000000c   Code   RO         2273    i.Btn_Config        btn.o
    0x08000424   0x00000002   Code   RO          390    i.BusFault_Handler  stm32f4xx_it.o
    0x08000426   0x00000002   PAD
    0x08000428   0x00000100   Code   RO         2297    i.CAN1_Configuration  can1.o
    0x08000528   0x00000044   Code   RO         2298    i.CAN1_RX0_IRQHandler  can1.o
    0x0800056c   0x00000024   Code   RO         2299    i.CAN1_TX_IRQHandler  can1.o
    0x08000590   0x00000104   Code   RO         2339    i.CAN2_Configuration  can2.o
    0x08000694   0x00000044   Code   RO         2340    i.CAN2_RX0_IRQHandler  can2.o
    0x080006d8   0x00000024   Code   RO         2341    i.CAN2_TX_IRQHandler  can2.o
    0x080006fc   0x00000030   Code   RO         3218    i.CAN_ClearFlag     stm32f4xx_can.o
    0x0800072c   0x00000078   Code   RO         3219    i.CAN_ClearITPendingBit  stm32f4xx_can.o
    0x080007a4   0x0000002c   Code   RO         3221    i.CAN_DeInit        stm32f4xx_can.o
    0x080007d0   0x000000cc   Code   RO         3223    i.CAN_FilterInit    stm32f4xx_can.o
    0x0800089c   0x000000a8   Code   RO         3225    i.CAN_GetITStatus   stm32f4xx_can.o
    0x08000944   0x00000010   Code   RO         3229    i.CAN_ITConfig      stm32f4xx_can.o
    0x08000954   0x000000e8   Code   RO         3230    i.CAN_Init          stm32f4xx_can.o
    0x08000a3c   0x00000090   Code   RO         3233    i.CAN_Receive       stm32f4xx_can.o
    0x08000acc   0x00000020   Code   RO         3236    i.CAN_StructInit    stm32f4xx_can.o
    0x08000aec   0x000000a4   Code   RO         3238    i.CAN_Transmit      stm32f4xx_can.o
    0x08000b90   0x0000004e   Code   RO         2842    i.CM_Cmd            motor_1.o
    0x08000bde   0x00000006   Code   RO         1321    i.CS_Set            sys.o
    0x08000be4   0x00000004   Code   RO         2048    i.Can1RxCallback    can_srv.o
    0x08000be8   0x00000004   Code   RO         2049    i.Can2RxCallback    can_srv.o
    0x08000bec   0x00000030   Code   RO          606    i.Can_Init          can.o
    0x08000c1c   0x000000d4   Code   RO          607    i.Can_Proc          can.o
    0x08000cf0   0x000000b0   Code   RO          871    i.ChassisVelocityControl  ctl.o
    0x08000da0   0x0000000c   Code   RO         3241    i.CheckITStatus     stm32f4xx_can.o
    0x08000dac   0x00000008   Code   RO          752    i.Clk_GetUsTick     clk.o
    0x08000db4   0x00000050   Code   RO          782    i.Cmd_Init          cmd.o
    0x08000e04   0x000000e4   Code   RO          783    i.Cmd_Proc          cmd.o
    0x08000ee8   0x000000b4   Code   RO          872    i.Ctl_Init          ctl.o
    0x08000f9c   0x00000028   Code   RO          873    i.Ctl_Proc          ctl.o
    0x08000fc4   0x00000018   Code   RO         1568    i.DBUS_Dec          dbus.o
    0x08000fdc   0x00000014   Code   RO         1570    i.DBUS_Rst          dbus.o
    0x08000ff0   0x00000014   Code   RO         3998    i.DMA_Cmd           stm32f4xx_dma.o
    0x08001004   0x0000006c   Code   RO         2531    i.DMA_Config        stm32util.o
    0x08001070   0x00000014   Code   RO         4000    i.DMA_DoubleBufferModeCmd  stm32f4xx_dma.o
    0x08001084   0x00000016   Code   RO         4001    i.DMA_DoubleBufferModeConfig  stm32f4xx_dma.o
    0x0800109a   0x00000006   Code   RO         4004    i.DMA_GetCurrDataCounter  stm32f4xx_dma.o
    0x080010a0   0x0000000e   Code   RO         4005    i.DMA_GetCurrentMemoryTarget  stm32f4xx_dma.o
    0x080010ae   0x00000002   PAD
    0x080010b0   0x00000054   Code   RO         4010    i.DMA_Init          stm32f4xx_dma.o
    0x08001104   0x00000004   Code   RO         2070    i.DbiRxCallback     com_srv.o
    0x08001108   0x00000070   Code   RO         2381    i.Dbi_Config        dbi.o
    0x08001178   0x00000006   Code   RO          822    i.Dbi_Proc          com.o
    0x0800117e   0x00000002   PAD
    0x08001180   0x00000044   Code   RO         2384    i.Dbi_ReadByte      dbi.o
    0x080011c4   0x00000018   Code   RO          926    i.Dci_Init          dci.o
    0x080011dc   0x00000038   Code   RO          927    i.Dci_Proc          dci.o
    0x08001214   0x00000002   Code   RO          391    i.DebugMon_Handler  stm32f4xx_it.o
    0x08001216   0x00000008   Code   RO         1594    i.Ekf_Init          ekf.o
    0x0800121e   0x0000004a   Code   RO         1595    i.Ekf_Proc          ekf.o
    0x08001268   0x0000001c   Code   RO         1596    i.Ekf_Reset         ekf.o
    0x08001284   0x00000006   Code   RO         1598    i.Ekf_SetE          ekf.o
    0x0800128a   0x00000016   Code   RO         1693    i.FIFO_Flush        fifo.o
    0x080012a0   0x00000008   Code   RO         1697    i.FIFO_Init         fifo.o
    0x080012a8   0x0000000c   Code   RO         1698    i.FIFO_IsEmpty      fifo.o
    0x080012b4   0x00000010   Code   RO         1699    i.FIFO_IsFull       fifo.o
    0x080012c4   0x00000034   Code   RO         1701    i.FIFO_Pop          fifo.o
    0x080012f8   0x0000003a   Code   RO         1702    i.FIFO_Push         fifo.o
    0x08001332   0x00000004   Code   RO         1322    i.FS_Clr            sys.o
    0x08001336   0x00000004   Code   RO         1323    i.FS_Cpy            sys.o
    0x0800133a   0x00000004   Code   RO         1324    i.FS_Det            sys.o
    0x0800133e   0x00000004   Code   RO         1325    i.FS_Get            sys.o
    0x08001342   0x00000008   Code   RO          995    i.Flag_Clr          fun.o
    0x0800134a   0x00000026   Code   RO          996    i.Flag_Cpy          fun.o
    0x08001370   0x0000000e   Code   RO          997    i.Flag_Det          fun.o
    0x0800137e   0x00000006   Code   RO          998    i.Flag_Get          fun.o
    0x08001384   0x00000048   Code   RO         2843    i.GM_Cmd            motor_1.o
    0x080013cc   0x00000028   Code   RO         2535    i.GPIO_AF           stm32util.o
    0x080013f4   0x00000118   Code   RO         2536    i.GPIO_Config       stm32util.o
    0x0800150c   0x00000010   Code   RO         2537    i.GPIO_In           stm32util.o
    0x0800151c   0x000000a2   Code   RO         4867    i.GPIO_Init         stm32f4xx_gpio.o
    0x080015be   0x00000012   Code   RO         2538    i.GPIO_Out          stm32util.o
    0x080015d0   0x00000020   Code   RO         4868    i.GPIO_PinAFConfig  stm32f4xx_gpio.o
    0x080015f0   0x0000000e   Code   RO         4873    i.GPIO_ReadOutputDataBit  stm32f4xx_gpio.o
    0x080015fe   0x00000004   Code   RO         4874    i.GPIO_ResetBits    stm32f4xx_gpio.o
    0x08001602   0x00000004   Code   RO         4875    i.GPIO_SetBits      stm32f4xx_gpio.o
    0x08001606   0x00000002   PAD
    0x08001608   0x000000d8   Code   RO         1050    i.GetChassisVelocityRef  hci.o
    0x080016e0   0x000000b8   Code   RO         1271    i.GetChassisVelocityRef  rci.o
    0x08001798   0x00000058   Code   RO         1051    i.GetFunctionalStateRef  hci.o
    0x080017f0   0x00000024   Code   RO         1272    i.GetSwitchEvents   rci.o
    0x08001814   0x00000040   Code   RO         1273    i.GetSwitchStates   rci.o
    0x08001854   0x0000001e   Code   RO         1805    i.HCP_Dec           hcp.o
    0x08001872   0x0000001c   Code   RO         1807    i.HCP_Rst           hcp.o
    0x0800188e   0x00000002   Code   RO          392    i.HardFault_Handler  stm32f4xx_it.o
    0x08001890   0x00000058   Code   RO         1052    i.Hci_Init          hci.o
    0x080018e8   0x00000012   Code   RO         1053    i.Hci_Proc          hci.o
    0x080018fa   0x00000036   Code   RO         1128    i.Ios_GetByte       ios.o
    0x08001930   0x0000001c   Code   RO         1129    i.Ios_Init          ios.o
    0x0800194c   0x00000020   Code   RO         1130    i.Ios_PutByte       ios.o
    0x0800196c   0x00000010   Code   RO         1131    i.Ios_SetIn         ios.o
    0x0800197c   0x00000010   Code   RO         1132    i.Ios_SetOut        ios.o
    0x0800198c   0x00000030   Code   RO         2449    i.Led_Config        led.o
    0x080019bc   0x00000006   Code   RO         1328    i.MS_Set            sys.o
    0x080019c2   0x00000008   Code   RO         1831    i.Maf_Init          maf.o
    0x080019ca   0x00000042   Code   RO         1832    i.Maf_Proc          maf.o
    0x08001a0c   0x00000020   Code   RO         1833    i.Maf_Reset         maf.o
    0x08001a2c   0x0000000c   Code   RO         1190    i.Mec_Config        mec.o
    0x08001a38   0x00000010   Code   RO         1191    i.Mec_Decomp        mec.o
    0x08001a48   0x0000003c   Code   RO         1192    i.Mec_Init          mec.o
    0x08001a84   0x00000010   Code   RO         1193    i.Mec_Synthe        mec.o
    0x08001a94   0x00000032   Code   RO         1865    i.Mecanum_Config    mecanum.o
    0x08001ac6   0x0000008e   Code   RO         1866    i.Mecanum_Decomp    mecanum.o
    0x08001b54   0x00000072   Code   RO         1867    i.Mecanum_Synthe    mecanum.o
    0x08001bc6   0x00000002   Code   RO          393    i.MemManage_Handler  stm32f4xx_it.o
    0x08001bc8   0x00000100   Code   RO          608    i.Motor_Process     can.o
    0x08001cc8   0x00000038   Code   RO          610    i.Motor_Reset       can.o
    0x08001d00   0x00000002   Code   RO          394    i.NMI_Handler       stm32f4xx_it.o
    0x08001d02   0x0000001c   Code   RO         2539    i.NVIC_Config       stm32util.o
    0x08001d1e   0x00000002   PAD
    0x08001d20   0x00000064   Code   RO         2923    i.NVIC_Init         misc.o
    0x08001d84   0x00000014   Code   RO         2924    i.NVIC_PriorityGroupConfig  misc.o
    0x08001d98   0x00000098   Code   RO         1234    i.Odo_Init          odo.o
    0x08001e30   0x00000110   Code   RO         1235    i.Odo_Proc          odo.o
    0x08001f40   0x000000e0   Code   RO         1892    i.PID_Calc          pid.o
    0x08002020   0x00000006   Code   RO         1893    i.PID_Config        pid.o
    0x08002026   0x00000002   PAD
    0x08002028   0x00000010   Code   RO          874    i.PID_Init          ctl.o
    0x08002038   0x00000014   Code   RO         1894    i.PID_Reset         pid.o
    0x0800204c   0x00001544   Code   RO         2540    i.PWM_Bind          stm32util.o
    0x08003590   0x00000002   Code   RO          395    i.PendSV_Handler    stm32f4xx_it.o
    0x08003592   0x00000002   PAD
    0x08003594   0x0000004c   Code   RO         2473    i.Pwm_Config        pwm.o
    0x080035e0   0x00000018   Code   RO         5805    i.RCC_AHB1PeriphClockCmd  stm32f4xx_rcc.o
    0x080035f8   0x00000018   Code   RO         5814    i.RCC_APB1PeriphClockCmd  stm32f4xx_rcc.o
    0x08003610   0x00000018   Code   RO         5816    i.RCC_APB1PeriphResetCmd  stm32f4xx_rcc.o
    0x08003628   0x00000018   Code   RO         5817    i.RCC_APB2PeriphClockCmd  stm32f4xx_rcc.o
    0x08003640   0x00000094   Code   RO         5826    i.RCC_GetClocksFreq  stm32f4xx_rcc.o
    0x080036d4   0x0000004e   Code   RO         1916    i.RCP_Dec           rcp.o
    0x08003722   0x00000002   PAD
    0x08003724   0x00000026   Code   RO         1918    i.RCP_Rst           rcp.o
    0x0800374a   0x00000002   PAD
    0x0800374c   0x00000028   Code   RO         1274    i.Rci_Init          rci.o
    0x08003774   0x00000004   Code   RO         1275    i.Rci_Proc          rci.o
    0x08003778   0x00000004   Code   RO         2105    i.RcvCallback       rcv_srv.o
    0x0800377c   0x00000094   Code   RO         2497    i.Rcv_Config        rcv.o
    0x08003810   0x00000020   Code   RO          928    i.Rcv_Proc          dci.o
    0x08003830   0x00000028   Code   RO         1940    i.Rmp_Calc          rmp.o
    0x08003858   0x00000004   Code   RO         1941    i.Rmp_Config        rmp.o
    0x0800385c   0x00000010   Code   RO          875    i.Rmp_Init          ctl.o
    0x0800386c   0x00000006   Code   RO         1943    i.Rmp_Reset         rmp.o
    0x08003872   0x00000002   Code   RO          396    i.SVC_Handler       stm32f4xx_it.o
    0x08003874   0x000000d0   Code   RO         7997    i.SetSysClock       system_stm32f4xx.o
    0x08003944   0x00000014   Code   RO         2147    i.SyncTimCallback   tim_srv.o
    0x08003958   0x0000002c   Code   RO         2641    i.SyncTim_Config    tim.o
    0x08003984   0x0000005c   Code   RO         7999    i.SystemInit        system_stm32f4xx.o
    0x080039e0   0x0000002a   Code   RO         2644    i.TIM2_IRQHandler   tim.o
    0x08003a0a   0x00000002   PAD
    0x08003a0c   0x00000030   Code   RO         2645    i.TIM6_DAC_IRQHandler  tim.o
    0x08003a3c   0x00000014   Code   RO         7190    i.TIM_ARRPreloadConfig  stm32f4xx_tim.o
    0x08003a50   0x00000006   Code   RO         7196    i.TIM_ClearFlag     stm32f4xx_tim.o
    0x08003a56   0x00000006   Code   RO         7197    i.TIM_ClearITPendingBit  stm32f4xx_tim.o
    0x08003a5c   0x00000014   Code   RO         7202    i.TIM_Cmd           stm32f4xx_tim.o
    0x08003a70   0x00000144   Code   RO         2541    i.TIM_Config        stm32util.o
    0x08003bb4   0x00000018   Code   RO         7223    i.TIM_GetITStatus   stm32f4xx_tim.o
    0x08003bcc   0x00000010   Code   RO         7227    i.TIM_ITConfig      stm32f4xx_tim.o
    0x08003bdc   0x00000060   Code   RO         7231    i.TIM_OC1Init       stm32f4xx_tim.o
    0x08003c3c   0x0000000c   Code   RO         7234    i.TIM_OC1PreloadConfig  stm32f4xx_tim.o
    0x08003c48   0x00000080   Code   RO         7236    i.TIM_OC2Init       stm32f4xx_tim.o
    0x08003cc8   0x00000014   Code   RO         7239    i.TIM_OC2PreloadConfig  stm32f4xx_tim.o
    0x08003cdc   0x0000007c   Code   RO         7241    i.TIM_OC3Init       stm32f4xx_tim.o
    0x08003d58   0x0000000c   Code   RO         7244    i.TIM_OC3PreloadConfig  stm32f4xx_tim.o
    0x08003d64   0x00000060   Code   RO         7246    i.TIM_OC4Init       stm32f4xx_tim.o
    0x08003dc4   0x00000014   Code   RO         7248    i.TIM_OC4PreloadConfig  stm32f4xx_tim.o
    0x08003dd8   0x00000082   Code   RO         2542    i.TIM_OC_Config     stm32util.o
    0x08003e5a   0x00000002   PAD
    0x08003e5c   0x0000007c   Code   RO         7274    i.TIM_TimeBaseInit  stm32f4xx_tim.o
    0x08003ed8   0x00000002   Code   RO         2148    i.TickTimCallback   tim_srv.o
    0x08003eda   0x00000030   Code   RO         2646    i.TickTim_Config    tim.o
    0x08003f0a   0x00000022   Code   RO         2647    i.TickTim_Start     tim.o
    0x08003f2c   0x0000000e   Code   RO         2649    i.Tim_Config        tim.o
    0x08003f3a   0x00000004   Code   RO         2071    i.TtyRxCallback     com_srv.o
    0x08003f3e   0x00000002   PAD
    0x08003f40   0x00000070   Code   RO         2721    i.Tty_Config        tty.o
    0x08003fb0   0x00000006   Code   RO          823    i.Tty_Proc          com.o
    0x08003fb6   0x00000002   PAD
    0x08003fb8   0x00000044   Code   RO         2724    i.Tty_ReadByte      tty.o
    0x08003ffc   0x00000084   Code   RO         2498    i.USART1_IRQHandler  rcv.o
    0x08004080   0x00000098   Code   RO         2212    i.USART2_IRQHandler  btm.o
    0x08004118   0x00000098   Code   RO         2388    i.USART3_IRQHandler  dbi.o
    0x080041b0   0x00000098   Code   RO         2728    i.USART6_IRQHandler  tty.o
    0x08004248   0x00000de0   Code   RO         2543    i.USART_Bind        stm32util.o
    0x08005028   0x00000006   Code   RO         7739    i.USART_ClearFlag   stm32f4xx_usart.o
    0x0800502e   0x0000000c   Code   RO         7740    i.USART_ClearITPendingBit  stm32f4xx_usart.o
    0x0800503a   0x00000014   Code   RO         7743    i.USART_Cmd         stm32f4xx_usart.o
    0x0800504e   0x00000002   PAD
    0x08005050   0x00000190   Code   RO         2544    i.USART_Config      stm32util.o
    0x080051e0   0x00000010   Code   RO         7744    i.USART_DMACmd      stm32f4xx_usart.o
    0x080051f0   0x0000000e   Code   RO         7746    i.USART_GetFlagStatus  stm32f4xx_usart.o
    0x080051fe   0x0000003e   Code   RO         7747    i.USART_GetITStatus  stm32f4xx_usart.o
    0x0800523c   0x00000030   Code   RO         7749    i.USART_ITConfig    stm32f4xx_usart.o
    0x0800526c   0x000000ac   Code   RO         7750    i.USART_Init        stm32f4xx_usart.o
    0x08005318   0x00000008   Code   RO         7757    i.USART_ReceiveData  stm32f4xx_usart.o
    0x08005320   0x00000008   Code   RO         7760    i.USART_SendData    stm32f4xx_usart.o
    0x08005328   0x0000000e   Code   RO         1378    i.Upd_Init          upd.o
    0x08005336   0x00000044   Code   RO         1379    i.Upd_Proc          upd.o
    0x0800537a   0x00000002   Code   RO          397    i.UsageFault_Handler  stm32f4xx_it.o
    0x0800537c   0x00000010   Code   RO         1405    i.Wdg_Feed          wdg.o
    0x0800538c   0x00000014   Code   RO         1409    i.Wdg_IsErrSet      wdg.o
    0x080053a0   0x0000000c   Code   RO         1454    i.Wsm_GetLastWorkingState  wsm.o
    0x080053ac   0x0000000c   Code   RO         1455    i.Wsm_GetWorkingState  wsm.o
    0x080053b8   0x00000026   Code   RO          611    i.ZGyro_Process     can.o
    0x080053de   0x0000000e   Code   RO          613    i.ZGyro_Reset       can.o
    0x080053ec   0x00000020   Code   RO         8136    i.__0printf$1       mc_w.l(printf1.o)
    0x0800540c   0x0000000e   Code   RO         8482    i.__scatterload_copy  mc_w.l(handlers.o)
    0x0800541a   0x00000002   Code   RO         8483    i.__scatterload_null  mc_w.l(handlers.o)
    0x0800541c   0x0000000e   Code   RO         8484    i.__scatterload_zeroinit  mc_w.l(handlers.o)
    0x0800542a   0x00000002   PAD
    0x0800542c   0x00000154   Code   RO         8143    i._printf_core      mc_w.l(printf1.o)
    0x08005580   0x000000f4   Code   RO            4    i.cmd               main.o
    0x08005674   0x00000018   Code   RO         1134    i.fputc             ios.o
    0x0800568c   0x00000026   Code   RO            6    i.main              main.o
    0x080056b2   0x0000001a   Code   RO         1002    i.map               fun.o
    0x080056cc   0x00000020   Code   RO            7    i.mec_cfg           main.o
    0x080056ec   0x00000020   Data   RO         8480    Region$$Table       anon$$obj.o


    Execution Region RW_IRAM1 (Base: 0x20000000, Size: 0x00000ff8, Max: 0x00030000, ABSOLUTE)

    Base Addr    Size         Type   Attr      Idx    E Section Name        Object

    0x20000000   0x0000006c   Data   RW          682    .data               cfg.o
    0x2000006c   0x00000004   Data   RW          785    .data               cmd.o
    0x20000070   0x00000024   Data   RW          877    .data               ctl.o
    0x20000094   0x00000010   Data   RW         1055    .data               hci.o
    0x200000a4   0x00000008   Data   RW         1135    .data               ios.o
    0x200000ac   0x00000004   Data   RW         1237    .data               odo.o
    0x200000b0   0x00000010   Data   RW         1276    .data               rci.o
    0x200000c0   0x00000034   Data   RW         1412    .data               wdg.o
    0x200000f4   0x00000002   Data   RW         1458    .data               wsm.o
    0x200000f6   0x00000002   PAD
    0x200000f8   0x00000004   Data   RW         2149    .data               tim_srv.o
    0x200000fc   0x00000010   Data   RW         5858    .data               stm32f4xx_rcc.o
    0x2000010c   0x00000004   Data   RW         8441    .data               mc_w.l(stdout.o)
    0x20000110   0x0000001c   Zero   RW           11    .bss                main.o
    0x2000012c   0x00000224   Zero   RW          614    .bss                can.o
    0x20000350   0x0000001c   Zero   RW          784    .bss                cmd.o
    0x2000036c   0x000000b0   Zero   RW          876    .bss                ctl.o
    0x2000041c   0x00000016   Zero   RW          929    .bss                dci.o
    0x20000432   0x00000002   PAD
    0x20000434   0x000000a8   Zero   RW         1054    .bss                hci.o
    0x200004dc   0x00000014   Zero   RW         1194    .bss                mec.o
    0x200004f0   0x00000048   Zero   RW         1236    .bss                odo.o
    0x20000538   0x00000228   Zero   RW         2213    .bss                btm.o
    0x20000760   0x00000228   Zero   RW         2389    .bss                dbi.o
    0x20000988   0x00000048   Zero   RW         2499    .bss                rcv.o
    0x200009d0   0x00000228   Zero   RW         2729    .bss                tty.o
    0x20000bf8   0x00000400   Zero   RW         8035    STACK               startup_stm32f427xx.o


==============================================================================

Image component sizes


      Code (inc. data)   RO Data    RW Data    ZI Data      Debug   Object Name

       188         28          0          0          0       1314   act.o
        68          4          0          0          0        513   bsp.o
       332         36          0          0        552       2340   btm.o
        12          6          0          0          0        429   btn.o
       624         46          0          0        548       5174   can.o
       360         26          0          0          0       1848   can1.o
       364         24          0          0          0       1848   can2.o
         8          0          0          0          0       1290   can_srv.o
         0          0          0        108          0       2566   cfg.o
         8          0          0          0          0        464   clk.o
       308         22          0          4         28       1305   cmd.o
        18          0          0          0          0       2573   com.o
        12          0          0          0          0       1428   com_srv.o
       428         50          0         36        176       3330   ctl.o
       332         36          0          0        552       2340   dbi.o
        44          0          0          0          0       1370   dbus.o
       112         14          0          0         22       2036   dci.o
       116          6          0          0          0       2377   ekf.o
       168          0          0          0          0       3837   fifo.o
        92          0          0          0          0       3325   fun.o
       410         40          0         16        168       4132   hci.o
        58          0          0          0          0       1296   hcp.o
       170         34          0          8          0       3605   ios.o
        48          8          0          0          0        485   led.o
       106          4          0          0          0       1874   maf.o
       314         40          0          0         28     336117   main.o
       104         24          0          0         20       2466   mec.o
       306          0          0          0          0       2135   mecanum.o
       120         14          0          0          0       1563   misc.o
       150          0          0          0          0       1658   motor_1.o
       424         32          0          4         72       2134   odo.o
       250         12          0          0          0       2380   pid.o
        76         10          0          0          0        469   pwm.o
       328         32          0         16          0       3794   rci.o
       116          0          0          0          0       1308   rcp.o
       280         36          0          0         72       1597   rcv.o
         4          0          0          0          0        738   rcv_srv.o
        50          0          0          0          0       1792   rmp.o
        36          8        428          0       1024        840   startup_stm32f427xx.o
      1184         30          0          0          0       8824   stm32f4xx_can.o
       166          4          0          0          0       4974   stm32f4xx_dma.o
       216          0          0          0          0       3660   stm32f4xx_gpio.o
        16          0          0          0          0       3644   stm32f4xx_it.o
       244         40          0         16          0       5496   stm32f4xx_rcc.o
       724         60          0          0          0      11340   stm32f4xx_tim.o
       366          8          0          0          0       7512   stm32f4xx_usart.o
     10340        282          0          0          0      17454   stm32util.o
        28          0          0          0          0       3494   sys.o
       300         36          0          0          0       1569   system_stm32f4xx.o
       230         12          0          0          0       3357   tim.o
        22          6          0          4          0        924   tim_srv.o
       332         36          0          0        552       2340   tty.o
        82          0          0          0          0       1278   upd.o
        36         10          0         52          0       1516   wdg.o
        24         12          0          2          0       1164   wsm.o

    ----------------------------------------------------------------------
     21284       1128        460        268       3816     490636   Object Totals
         0          0         32          0          0          0   (incl. Generated)
        30          0          0          2          2          0   (incl. Padding)

    ----------------------------------------------------------------------

      Code (inc. data)   RO Data    RW Data    ZI Data      Debug   Library Member Name

         0          0          0          0          0          0   entry.o
         0          0          0          0          0          0   entry10a.o
         0          0          0          0          0          0   entry11a.o
         8          4          0          0          0          0   entry2.o
         4          0          0          0          0          0   entry5.o
         0          0          0          0          0          0   entry7b.o
         0          0          0          0          0          0   entry8b.o
         8          4          0          0          0          0   entry9a.o
        30          0          0          0          0          0   handlers.o
        36          8          0          0          0         68   init.o
        36          0          0          0          0        108   memseta.o
       372         14          0          0          0        184   printf1.o
         0          0          0          4          0          0   stdout.o
        44          0          0          0          0         80   uidiv.o

    ----------------------------------------------------------------------
       540         30          0          4          0        440   Library Totals
         2          0          0          0          0          0   (incl. Padding)

    ----------------------------------------------------------------------

      Code (inc. data)   RO Data    RW Data    ZI Data      Debug   Library Name

       538         30          0          4          0        440   mc_w.l

    ----------------------------------------------------------------------
       540         30          0          4          0        440   Library Totals

    ----------------------------------------------------------------------

==============================================================================


      Code (inc. data)   RO Data    RW Data    ZI Data      Debug   

     21824       1158        460        272       3816     472476   Grand Totals
     21824       1158        460        272       3816     472476   ELF Image Totals
     21824       1158        460        272          0          0   ROM Totals

==============================================================================

    Total RO  Size (Code + RO Data)                22284 (  21.76kB)
    Total RW  Size (RW Data + ZI Data)              4088 (   3.99kB)
    Total ROM Size (Code + RO Data + RW Data)      22556 (  22.03kB)

==============================================================================

