Component: ARM Compiler 5.06 update 4 (build 422) Tool: armlink [4d35d2]

==============================================================================

Section Cross References

    main.o(i.dbg_kylin) refers to printfa.o(i.__0printf) for __2printf
    main.o(i.dbg_kylin) refers to dnl.o(.bss) for kylinMsg
    main.o(i.dbg_kylin) refers to main.o(.conststring) for .conststring
    main.o(i.main) refers to kos.o(i.KOS_Boot) for KOS_Boot
    main.o(i.main) refers to dnl.o(i.Dnl_Proc) for Dnl_Proc
    main.o(i.main) refers to printfa.o(i.__0printf) for __2printf
    main.o(i.main) refers to clk.o(i.Clk_GetMsTick) for Clk_GetMsTick
    main.o(i.task) refers to stm32f4xx_gpio.o(i.GPIO_ToggleBits) for GPIO_ToggleBits
    kos.o(i.KOS_Boot) refers to app.o(i.App_Init) for App_Init
    kos.o(i.KOS_Boot) refers to sch.o(i.Sch_Init) for Sch_Init
    kos.o(i.KOS_Boot) refers to sch.o(i.Sch_Arrange) for Sch_Arrange
    kos.o(i.KOS_Boot) refers to bsp.o(i.Bsp_Config) for Bsp_Config
    kos.o(i.KOS_Boot) refers to act.o(i.Act_Init) for Act_Init
    kos.o(i.KOS_Boot) refers to tim.o(i.Tim_Start) for Tim_Start
    kos.o(i.KOS_Boot) refers to app.o(i.App_Proc) for App_Proc
    kos.o(i.KOS_Stop) refers to sch.o(i.Sch_Dismiss) for Sch_Dismiss
    kos.o(i.KOS_Stop) refers to act.o(i.Act_Init) for Act_Init
    kos.o(i.KOS_Stop) refers to app.o(i.App_Proc) for App_Proc
    sch.o(i.Sch_Arrange) refers to sch.o(i.getSchTask) for getSchTask
    sch.o(i.Sch_Arrange) refers to sch.o(i.newSchTask) for newSchTask
    sch.o(i.Sch_Arrange) refers to sch.o(.data) for .data
    sch.o(i.Sch_Dismiss) refers to sch.o(i.getSchTask) for getSchTask
    sch.o(i.Sch_Dismiss) refers to malloc.o(i.free) for free
    sch.o(i.Sch_Dismiss) refers to sch.o(.data) for .data
    sch.o(i.Sch_Init) refers to sch.o(.data) for .data
    sch.o(i.Sch_Proc) refers to sch.o(.data) for .data
    sch.o(i.getSchTask) refers to sch.o(.data) for .data
    sch.o(i.newSchTask) refers to malloc.o(i.malloc) for malloc
    sch.o(i.newSchTask) refers to memseta.o(.text) for __aeabi_memclr4
    act.o(i.Act_Init) refers to motor.o(i.CM_Cmd) for CM_Cmd
    act.o(i.Act_Init) refers to motor.o(i.GM_Cmd) for GM_Cmd
    act.o(i.Act_Proc) refers to motor.o(i.CM_Cmd) for CM_Cmd
    act.o(i.Act_Proc) refers to motor.o(i.GM_Cmd) for GM_Cmd
    act.o(i.Act_Proc) refers to ctl.o(.bss) for ctl
    app.o(i.App_Init) refers to ios.o(i.Ios_Init) for Ios_Init
    app.o(i.App_Init) refers to cfg.o(i.Cfg_Init) for Cfg_Init
    app.o(i.App_Init) refers to clk.o(i.Clk_Init) for Clk_Init
    app.o(i.App_Init) refers to com.o(i.Com_Init) for Com_Init
    app.o(i.App_Init) refers to dci.o(i.Dci_Init) for Dci_Init
    app.o(i.App_Init) refers to wdg.o(i.Wdg_Init) for Wdg_Init
    app.o(i.App_Init) refers to ini.o(i.Ini_Init) for Ini_Init
    app.o(i.App_Init) refers to wsm.o(i.Wsm_Init) for Wsm_Init
    app.o(i.App_Init) refers to upd.o(i.Upd_Init) for Upd_Init
    app.o(i.App_Proc) refers to wdg.o(i.Wdg_Proc) for Wdg_Proc
    app.o(i.App_Proc) refers to ini.o(i.Ini_Proc) for Ini_Proc
    app.o(i.App_Proc) refers to wsm.o(i.Wsm_Proc) for Wsm_Proc
    app.o(i.App_Proc) refers to upd.o(i.Upd_Proc) for Upd_Proc
    cal.o(i.Cal_GetFlag) refers to cal.o(.data) for .data
    cal.o(i.Cal_HasFlag) refers to cal.o(.data) for .data
    cal.o(i.Cal_HitFlag) refers to cal.o(.data) for .data
    cal.o(i.Cal_Init) refers to maf.o(i.Maf_Init) for Maf_Init
    cal.o(i.Cal_Init) refers to cal.o(.data) for .data
    cal.o(i.Cal_Init) refers to cal.o(.bss) for .bss
    cal.o(i.Cal_Proc) refers to stm32f4xx_gpio.o(i.GPIO_ReadInputDataBit) for GPIO_ReadInputDataBit
    cal.o(i.Cal_Proc) refers to motor.o(i.GM_Cmd) for GM_Cmd
    cal.o(i.Cal_Proc) refers to maf.o(i.Maf_Proc) for Maf_Proc
    cal.o(i.Cal_Proc) refers to cal.o(i.Cal_SetGph) for Cal_SetGph
    cal.o(i.Cal_Proc) refers to cal.o(i.Cal_SetGpl) for Cal_SetGpl
    cal.o(i.Cal_Proc) refers to cal.o(.data) for .data
    cal.o(i.Cal_Proc) refers to odo.o(.bss) for odo
    cal.o(i.Cal_Proc) refers to cal.o(.bss) for .bss
    cal.o(i.Cal_SetFlag) refers to cal.o(.data) for .data
    cal.o(i.Cal_SetGph) refers to motor.o(i.GM_Cmd) for GM_Cmd
    cal.o(i.Cal_SetGph) refers to maf.o(i.Maf_Reset) for Maf_Reset
    cal.o(i.Cal_SetGph) refers to fun.o(i.Flag_Set) for Flag_Set
    cal.o(i.Cal_SetGph) refers to cal.o(.bss) for .bss
    cal.o(i.Cal_SetGph) refers to cal.o(.data) for .data
    cal.o(i.Cal_SetGph) refers to odo.o(.bss) for odo
    cal.o(i.Cal_SetGph) refers to cfg.o(.data) for cfg
    cal.o(i.Cal_SetGpl) refers to motor.o(i.GM_Cmd) for GM_Cmd
    cal.o(i.Cal_SetGpl) refers to maf.o(i.Maf_Reset) for Maf_Reset
    cal.o(i.Cal_SetGpl) refers to fun.o(i.Flag_Set) for Flag_Set
    cal.o(i.Cal_SetGpl) refers to cal.o(.bss) for .bss
    cal.o(i.Cal_SetGpl) refers to cal.o(.data) for .data
    cal.o(i.Cal_SetGpl) refers to odo.o(.bss) for odo
    cal.o(i.Cal_SetGpl) refers to cfg.o(.data) for cfg
    can.o(i.Can_Init) refers to can.o(i.Motor_Reset) for Motor_Reset
[...]
    hcf                                      0x20000a3c   Data          16  hci.o(.bss)
    maf                                      0x20000a4c   Data          64  hci.o(.bss)
    buf                                      0x20000a8c   Data         160  hci.o(.bss)
    .bss                                     0x20000b2c   Section       20  mec.o(.bss)
    mecanum                                  0x20000b2c   Data          20  mec.o(.bss)
    .bss                                     0x20000b40   Section      100  odo.o(.bss)
    .bss                                     0x20000ba4   Section       16  rci.o(.bss)
    rcf                                      0x20000ba4   Data          16  rci.o(.bss)
    .bss                                     0x20000bb4   Section      276  upl.o(.bss)
    buf                                      0x20000bb4   Data         256  upl.o(.bss)
    fifo                                     0x20000cb4   Data          20  upl.o(.bss)
    .bss                                     0x20000cc8   Section      552  btm.o(.bss)
    rx_fifo                                  0x20000cc8   Data          20  btm.o(.bss)
    tx_fifo                                  0x20000cdc   Data          20  btm.o(.bss)
    rx_buf                                   0x20000cf0   Data         256  btm.o(.bss)
    tx_buf                                   0x20000df0   Data         256  btm.o(.bss)
    .bss                                     0x20000ef0   Section      552  dbi.o(.bss)
    rx_fifo                                  0x20000ef0   Data          20  dbi.o(.bss)
    tx_fifo                                  0x20000f04   Data          20  dbi.o(.bss)
    rx_buf                                   0x20000f18   Data         256  dbi.o(.bss)
    tx_buf                                   0x20001018   Data         256  dbi.o(.bss)
    .bss                                     0x20001118   Section       72  rcv.o(.bss)
    buf                                      0x20001118   Data          72  rcv.o(.bss)
    .bss                                     0x20001160   Section      552  tty.o(.bss)
    rx_fifo                                  0x20001160   Data          20  tty.o(.bss)
    tx_fifo                                  0x20001174   Data          20  tty.o(.bss)
    rx_buf                                   0x20001188   Data         256  tty.o(.bss)
    tx_buf                                   0x20001288   Data         256  tty.o(.bss)
    HEAP                                     0x20001388   Section     4096  startup_stm32f427xx.o(HEAP)
    STACK                                    0x20002388   Section     1024  startup_stm32f427xx.o(STACK)

    Global Symbols

    Symbol Name                              Value     Ov Type        Size  Object(Section)

    BuildAttributes$$THM_ISAv4$E$P$D$K$B$S$7EM$VFPi3$EXTD16$VFPS$VFMA$PE$A:L22UL41UL21$X:L11$S22US41US21$IEEE1$IW$USESV6$~STKCKD$USESV7$~SHL$OTIME$ROPI$IEEEX$EBA8$MICROLIB$REQ8$PRES8$EABIv2 0x00000000   Number         0  anon$$obj.o ABSOLUTE
    __ARM_use_no_argv                        0x00000000   Number         0  main.o ABSOLUTE
    _printf_a                                0x00000000   Number         0  stubs.o ABSOLUTE
    _printf_c                                0x00000000   Number         0  stubs.o ABSOLUTE
    _printf_charcount                        0x00000000   Number         0  stubs.o ABSOLUTE
    _printf_d                                0x00000000   Number         0  stubs.o ABSOLUTE
    _printf_e                                0x00000000   Number         0  stubs.o ABSOLUTE
    _printf_f                                0x00000000   Number         0  stubs.o ABSOLUTE
    _printf_flags                            0x00000000   Number         0  stubs.o ABSOLUTE
    _printf_fp_dec                           0x00000000   Number         0  stubs.o ABSOLUTE
    _printf_fp_hex                           0x00000000   Number         0  stubs.o ABSOLUTE
    _printf_g                                0x00000000   Number         0  stubs.o ABSOLUTE
    _printf_i                                0x00000000   Number         0  stubs.o ABSOLUTE
    _printf_int_dec                          0x00000000   Number         0  stubs.o ABSOLUTE
    _printf_l                                0x00000000   Number         0  stubs.o ABSOLUTE
    _printf_lc                               0x00000000   Number         0  stubs.o ABSOLUTE
    _printf_ll                               0x00000000   Number         0  stubs.o ABSOLUTE
    _printf_lld                              0x00000000   Number         0  stubs.o ABSOLUTE
    _printf_lli                              0x00000000   Number         0  stubs.o ABSOLUTE
    _printf_llo                              0x00000000   Number         0  stubs.o ABSOLUTE
    _printf_llu                              0x00000000   Number         0  stubs.o ABSOLUTE
    _printf_llx                              0x00000000   Number         0  stubs.o ABSOLUTE
    _printf_longlong_dec                     0x00000000   Number         0  stubs.o ABSOLUTE
    _printf_longlong_hex                     0x00000000   Number         0  stubs.o ABSOLUTE
    _printf_longlong_oct                     0x00000000   Number         0  stubs.o ABSOLUTE
    _printf_ls                               0x00000000   Number         0  stubs.o ABSOLUTE
    _printf_mbtowc                           0x00000000   Number         0  stubs.o ABSOLUTE
    _printf_n                                0x00000000   Number         0  stubs.o ABSOLUTE
    _printf_o                                0x00000000   Number         0  stubs.o ABSOLUTE
    _printf_p                                0x00000000   Number         0  stubs.o ABSOLUTE
    _printf_percent                          0x00000000   Number         0  stubs.o ABSOLUTE
    _printf_pre_padding                      0x00000000   Number         0  stubs.o ABSOLUTE
    _printf_return_value                     0x00000000   Number         0  stubs.o ABSOLUTE
    _printf_s                                0x00000000   Number         0  stubs.o ABSOLUTE
    _printf_sizespec                         0x00000000   Number         0  stubs.o ABSOLUTE
    _printf_str                              0x00000000   Number         0  stubs.o ABSOLUTE
    _printf_truncate_signed                  0x00000000   Number         0  stubs.o ABSOLUTE
    _printf_truncate_unsigned                0x00000000   Number         0  stubs.o ABSOLUTE
    _printf_u                                0x00000000   Number         0  stubs.o ABSOLUTE
    _printf_wc                               0x00000000   Number         0  stubs.o ABSOLUTE
    _printf_wctomb                           0x00000000   Number         0  stubs.o ABSOLUTE
    _printf_widthprec                        0x00000000   Number         0  stubs.o ABSOLUTE
    _printf_x                                0x00000000   Number         0  stubs.o ABSOLUTE
    __cpp_initialize__aeabi_                  - Undefined Weak Reference
    __cxa_finalize                            - Undefined Weak Reference
    _clock_init                               - Undefined Weak Reference
    _microlib_exit                            - Undefined Weak Reference
    __Vectors_Size                           0x000001ac   Number         0  startup_stm32f427xx.o ABSOLUTE
    __Vectors                                0x08000000   Data           4  startup_stm32f427xx.o(RESET)
    __Vectors_End                            0x080001ac   Data           0  startup_stm32f427xx.o(RESET)
    __main                                   0x080001ad   Thumb Code     0  entry.o(.ARM.Collect$$$$00000000)
    _main_stk                                0x080001ad   Thumb Code     0  entry2.o(.ARM.Collect$$$$00000001)
    _main_scatterload                        0x080001b1   Thumb Code     0  entry5.o(.ARM.Collect$$$$00000004)
    __main_after_scatterload                 0x080001b5   Thumb Code     0  entry5.o(.ARM.Collect$$$$00000004)
    _main_clock                              0x080001b5   Thumb Code     0  entry7b.o(.ARM.Collect$$$$00000008)
    _main_cpp_init                           0x080001b5   Thumb Code     0  entry8b.o(.ARM.Collect$$$$0000000A)
    _main_init                               0x080001b5   Thumb Code     0  entry9a.o(.ARM.Collect$$$$0000000B)
    __rt_final_cpp                           0x080001bd   Thumb Code     0  entry10a.o(.ARM.Collect$$$$0000000D)
    __rt_final_exit                          0x080001bd   Thumb Code     0  entry11a.o(.ARM.Collect$$$$0000000F)
    Reset_Handler                            0x080001c1   Thumb Code     8  startup_stm32f427xx.o(.text)
    SysTick_Handler                          0x080001d9   Thumb Code     2  startup_stm32f427xx.o(.text)
    ADC_IRQHandler                           0x080001db   Thumb Code     0  startup_stm32f427xx.o(.text)
    CAN1_RX1_IRQHandler                      0x080001db   Thumb Code     0  startup_stm32f427xx.o(.text)
    CAN1_SCE_IRQHandler                      0x080001db   Thumb Code     0  startup_stm32f427xx.o(.text)
    CAN2_RX1_IRQHandler                      0x080001db   Thumb Code     0  startup_stm32f427xx.o(.text)
    CAN2_SCE_IRQHandler                      0x080001db   Thumb Code     0  startup_stm32f427xx.o(.text)
    DCMI_IRQHandler                          0x080001db   Thumb Code     0  startup_stm32f427xx.o(.text)
    DMA1_Stream0_IRQHandler                  0x080001db   Thumb Code     0  startup_stm32f427xx.o(.text)
    DMA1_Stream1_IRQHandler                  0x080001db   Thumb Code     0  startup_stm32f427xx.o(.text)
    DMA1_Stream2_IRQHandler                  0x080001db   Thumb Code     0  startup_stm32f427xx.o(.text)
    DMA1_Stream3_IRQHandler                  0x080001db   Thumb Code     0  startup_stm32f427xx.o(.text)
    DMA1_Stream4_IRQHandler                  0x080001db   Thumb Code     0  startup_stm32f427xx.o(.text)
    DMA1_Stream5_IRQHandler                  0x080001db   Thumb Code     0  startup_stm32f427xx.o(.text)
    DMA1_Stream6_IRQHandler                  0x080001db   Thumb Code     0  startup_stm32f427xx.o(.text)
    DMA1_Stream7_IRQHandler                  0x080001db   Thumb Code     0  startup_stm32f427xx.o(.text)
    DMA2D_IRQHandler                         0x080001db   Thumb Code     0  startup_stm32f427xx.o(.text)
    DMA2_Stream0_IRQHandler                  0x080001db   Thumb Code     0  startup_stm32f427xx.o(.text)
    DMA2_Stream1_IRQHandler                  0x080001db   Thumb Code     0  startup_stm32f427xx.o(.text)
    DMA2_Stream2_IRQHandler                  0x080001db   Thumb Code     0  startup_stm32f427xx.o(.text)
    DMA2_Stream3_IRQHandler                  0x080001db   Thumb Code     0  startup_stm32f427xx.o(.text)
    DMA2_Stream4_IRQHandler                  0x080001db   Thumb Code     0  startup_stm32f427xx.o(.text)
    DMA2_Stream5_IRQHandler                  0x080001db   Thumb Code     0  startup_stm32f427xx.o(.text)
    DMA2_Stream6_IRQHandler                  0x080001db   Thumb Code     0  startup_stm32f427xx.o(.text)
    DMA2_Stream7_IRQHandler                  0x080001db   Thumb Code     0  startup_stm32f427xx.o(.text)
    ETH_IRQHandler                           0x080001db   Thumb Code     0  startup_stm32f427xx.o(.text)
    ETH_WKUP_IRQHandler                      0x080001db   Thumb Code     0  startup_stm32f427xx.o(.text)
    EXTI0_IRQHandler                         0x080001db   Thumb Code     0  startup_stm32f427xx.o(.text)
    EXTI15_10_IRQHandler                     0x080001db   Thumb Code     0  startup_stm32f427xx.o(.text)
    EXTI1_IRQHandler                         0x080001db   Thumb Code     0  startup_stm32f427xx.o(.text)
    EXTI2_IRQHandler                         0x080001db   Thumb Code     0  startup_stm32f427xx.o(.text)
    EXTI3_IRQHandler                         0x080001db   Thumb Code     0  startup_stm32f427xx.o(.text)
    EXTI4_IRQHandler                         0x080001db   Thumb Code     0  startup_stm32f427xx.o(.text)
    EXTI9_5_IRQHandler                       0x080001db   Thumb Code     0  startup_stm32f427xx.o(.text)
    FLASH_IRQHandler                         0x080001db   Thumb Code     0  startup_stm32f427xx.o(.text)
    FMC_IRQHandler                           0x080001db   Thumb Code     0  startup_stm32f427xx.o(.text)
    FPU_IRQHandler                           0x080001db   Thumb Code     0  startup_stm32f427xx.o(.text)
    HASH_RNG_IRQHandler                      0x080001db   Thumb Code     0  startup_stm32f427xx.o(.text)
    I2C1_ER_IRQHandler                       0x080001db   Thumb Code     0  startup_stm32f427xx.o(.text)
    I2C1_EV_IRQHandler                       0x080001db   Thumb Code     0  startup_stm32f427xx.o(.text)
    I2C2_ER_IRQHandler                       0x080001db   Thumb Code     0  startup_stm32f427xx.o(.text)
    I2C2_EV_IRQHandler                       0x080001db   Thumb Code     0  startup_stm32f427xx.o(.text)
    I2C3_ER_IRQHandler                       0x080001db   Thumb Code     0  startup_stm32f427xx.o(.text)
    I2C3_EV_IRQHandler                       0x080001db   Thumb Code     0  startup_stm32f427xx.o(.text)
    OTG_FS_IRQHandler                        0x080001db   Thumb Code     0  startup_stm32f427xx.o(.text)
    OTG_FS_WKUP_IRQHandler                   0x080001db   Thumb Code     0  startup_stm32f427xx.o(.text)
    OTG_HS_EP1_IN_IRQHandler                 0x080001db   Thumb Code     0  startup_stm32f427xx.o(.text)
    OTG_HS_EP1_OUT_IRQHandler                0x080001db   Thumb Code     0  startup_stm32f427xx.o(.text)
    OTG_HS_IRQHandler                        0x080001db   Thumb Code     0  startup_stm32f427xx.o(.text)
    OTG_HS_WKUP_IRQHandler                   0x080001db   Thumb Code     0  startup_stm32f427xx.o(.text)
    PVD_IRQHandler                           0x080001db   Thumb Code     0  startup_stm32f427xx.o(.text)
    RCC_IRQHandler                           0x080001db   Thumb Code     0  startup_stm32f427xx.o(.text)
    RTC_Alarm_IRQHandler                     0x080001db   Thumb Code     0  startup_stm32f427xx.o(.text)
    RTC_WKUP_IRQHandler                      0x080001db   Thumb Code     0  startup_stm32f427xx.o(.text)
    SAI1_IRQHandler                          0x080001db   Thumb Code     0  startup_stm32f427xx.o(.text)
    SDIO_IRQHandler                          0x080001db   Thumb Code     0  startup_stm32f427xx.o(.text)
    SPI1_IRQHandler                          0x080001db   Thumb Code     0  startup_stm32f427xx.o(.text)
    SPI2_IRQHandler                          0x080001db   Thumb Code     0  startup_stm32f427xx.o(.text)
    SPI3_IRQHandler                          0x080001db   Thumb Code     0  startup_stm32f427xx.o(.text)
    SPI4_IRQHandler                          0x080001db   Thumb Code     0  startup_stm32f427xx.o(.text)
    SPI5_IRQHandler                          0x080001db   Thumb Code     0  startup_stm32f427xx.o(.text)
    SPI6_IRQHandler                          0x080001db   Thumb Code     0  startup_stm32f427xx.o(.text)
    TAMP_STAMP_IRQHandler                    0x080001db   Thumb Code     0  startup_stm32f427xx.o(.text)
    TIM1_BRK_TIM9_IRQHandler                 0x080001db   Thumb Code     0  startup_stm32f427xx.o(.text)
    TIM1_CC_IRQHandler                       0x080001db   Thumb Code     0  startup_stm32f427xx.o(.text)
    TIM1_TRG_COM_TIM11_IRQHandler            0x080001db   Thumb Code     0  startup_stm32f427xx.o(.text)
    TIM1_UP_TIM10_IRQHandler                 0x080001db   Thumb Code     0  startup_stm32f427xx.o(.text)
    TIM3_IRQHandler                          0x080001db   Thumb Code     0  startup_stm32f427xx.o(.text)
    TIM4_IRQHandler                          0x080001db   Thumb Code     0  startup_stm32f427xx.o(.text)
    TIM5_IRQHandler                          0x080001db   Thumb Code     0  startup_stm32f427xx.o(.text)
    TIM7_IRQHandler                          0x080001db   Thumb Code     0  startup_stm32f427xx.o(.text)
    TIM8_BRK_TIM12_IRQHandler                0x080001db   Thumb Code     0  startup_stm32f427xx.o(.text)
    TIM8_CC_IRQHandler                       0x080001db   Thumb Code     0  startup_stm32f427xx.o(.text)
    TIM8_TRG_COM_TIM14_IRQHandler            0x080001db   Thumb Code     0  startup_stm32f427xx.o(.text)
    TIM8_UP_TIM13_IRQHandler                 0x080001db   Thumb Code     0  startup_stm32f427xx.o(.text)
    UART4_IRQHandler                         0x080001db   Thumb Code     0  startup_stm32f427xx.o(.text)
    UART5_IRQHandler                         0x080001db   Thumb Code     0  startup_stm32f427xx.o(.text)
    UART7_IRQHandler                         0x080001db   Thumb Code     0  startup_stm32f427xx.o(.text)
    UART8_IRQHandler                         0x080001db   Thumb Code     0  startup_stm32f427xx.o(.text)
    WWDG_IRQHandler                          0x080001db   Thumb Code     0  startup_stm32f427xx.o(.text)
    __aeabi_memcpy                           0x080001e5   Thumb Code    36  memcpya.o(.text)
    __aeabi_memcpy4                          0x080001e5   Thumb Code     0  memcpya.o(.text)
    __aeabi_memcpy8                          0x080001e5   Thumb Code     0  memcpya.o(.text)
    __aeabi_memset                           0x08000209   Thumb Code    14  memseta.o(.text)
    __aeabi_memset4                          0x08000209   Thumb Code     0  memseta.o(.text)
    __aeabi_memset8                          0x08000209   Thumb Code     0  memseta.o(.text)
    __aeabi_memclr                           0x08000217   Thumb Code     4  memseta.o(.text)
    __aeabi_memclr4                          0x08000217   Thumb Code     0  memseta.o(.text)
    __aeabi_memclr8                          0x08000217   Thumb Code     0  memseta.o(.text)
    _memset$wrapper                          0x0800021b   Thumb Code    18  memseta.o(.text)
    __aeabi_dmul                             0x0800022d   Thumb Code   228  dmul.o(.text)
    __aeabi_ddiv                             0x08000311   Thumb Code   222  ddiv.o(.text)
    __aeabi_uidiv                            0x080003ef   Thumb Code     0  uidiv.o(.text)
    __aeabi_uidivmod                         0x080003ef   Thumb Code    44  uidiv.o(.text)
    __aeabi_uldivmod                         0x0800041b   Thumb Code    98  uldiv.o(.text)
    __I$use$fp                               0x0800047d   Thumb Code     0  iusefp.o(.text)
    _double_round                            0x0800047d   Thumb Code    30  depilogue.o(.text)
    _double_epilogue                         0x0800049b   Thumb Code   156  depilogue.o(.text)
    __aeabi_dadd                             0x08000537   Thumb Code   322  dadd.o(.text)
    __aeabi_dsub                             0x08000679   Thumb Code     6  dadd.o(.text)
    __aeabi_drsub                            0x0800067f   Thumb Code     6  dadd.o(.text)
    __aeabi_d2ulz                            0x08000685   Thumb Code    48  dfixul.o(.text)
    __aeabi_cdrcmple                         0x080006b5   Thumb Code    48  cdrcmple.o(.text)
    __scatterload                            0x080006e5   Thumb Code    28  init.o(.text)
    __scatterload_rt2                        0x080006e5   Thumb Code     0  init.o(.text)
    __aeabi_llsl                             0x08000709   Thumb Code    30  llshl.o(.text)
    _ll_shift_l                              0x08000709   Thumb Code     0  llshl.o(.text)
    __aeabi_llsr                             0x08000727   Thumb Code    32  llushr.o(.text)
    _ll_ushift_r                             0x08000727   Thumb Code     0  llushr.o(.text)
    __aeabi_lasr                             0x08000747   Thumb Code    36  llsshr.o(.text)
    _ll_sshift_r                             0x08000747   Thumb Code     0  llsshr.o(.text)
    __decompress                             0x0800076b   Thumb Code     0  __dczerorl2.o(.text)
    __decompress1                            0x0800076b   Thumb Code    86  __dczerorl2.o(.text)
    Act_Init                                 0x080007c1   Thumb Code    48  act.o(i.Act_Init)
    Act_Proc                                 0x080007f9   Thumb Code   122  act.o(i.Act_Proc)
    App_Init                                 0x08000881   Thumb Code    42  app.o(i.App_Init)
    App_Proc                                 0x080008ab   Thumb Code    22  app.o(i.App_Proc)
    Bsp_Config                               0x080008c1   Thumb Code    68  bsp.o(i.Bsp_Config)
    BtmRxCallback                            0x08000909   Thumb Code     4  com_srv.o(i.BtmRxCallback)
    Btm_Config                               0x0800090d   Thumb Code    94  btm.o(i.Btm_Config)
    Btm_Proc                                 0x0800097d   Thumb Code     6  com.o(i.Btm_Proc)
    Btm_PutCh                                0x08000985   Thumb Code    50  btm.o(i.Btm_PutCh)
    Btn_Config                               0x080009c1   Thumb Code     6  btn.o(i.Btn_Config)
    BusFault_Handler                         0x080009cd   Thumb Code     2  stm32f4xx_it.o(i.BusFault_Handler)
    CAN1_RX0_IRQHandler                      0x080009d1   Thumb Code    58  can1.o(i.CAN1_RX0_IRQHandler)
    CAN1_TX_IRQHandler                       0x08000a15   Thumb Code    30  can1.o(i.CAN1_TX_IRQHandler)
    CAN2_RX0_IRQHandler                      0x08000a39   Thumb Code    58  can2.o(i.CAN2_RX0_IRQHandler)
    CAN2_TX_IRQHandler                       0x08000a7d   Thumb Code    30  can2.o(i.CAN2_TX_IRQHandler)
    CAN_ClearFlag                            0x08000aa1   Thumb Code    44  stm32f4xx_can.o(i.CAN_ClearFlag)
    CAN_ClearITPendingBit                    0x08000ad1   Thumb Code   116  stm32f4xx_can.o(i.CAN_ClearITPendingBit)
    CAN_Config                               0x08000b49   Thumb Code    98  stm32util.o(i.CAN_Config)
    CAN_FilterInit                           0x08000bb5   Thumb Code   194  stm32f4xx_can.o(i.CAN_FilterInit)
    CAN_Filter_Config                        0x08000c81   Thumb Code    54  stm32util.o(i.CAN_Filter_Config)
    CAN_GetITStatus                          0x08000cb9   Thumb Code   162  stm32f4xx_can.o(i.CAN_GetITStatus)
    CAN_ITConfig                             0x08000d61   Thumb Code    16  stm32f4xx_can.o(i.CAN_ITConfig)
    CAN_Init                                 0x08000d71   Thumb Code   232  stm32f4xx_can.o(i.CAN_Init)
    CAN_Receive                              0x08000e59   Thumb Code   144  stm32f4xx_can.o(i.CAN_Receive)
    CAN_Transmit                             0x08000ee9   Thumb Code   164  stm32f4xx_can.o(i.CAN_Transmit)
    CBUS_Init                                0x08000f8d   Thumb Code     6  cbus.o(i.CBUS_Init)
    CM_Cmd                                   0x08000f93   Thumb Code    78  motor.o(i.CM_Cmd)
    CRC16Calc                                0x08000fe1   Thumb Code    44  crc16.o(i.CRC16Calc)
    CRC16Check                               0x08001011   Thumb Code    48  crc16.o(i.CRC16Check)
    Cal_Init                                 0x08001041   Thumb Code    20  cal.o(i.Cal_Init)
    Cal_IsDone                               0x0800105d   Thumb Code     4  cal.o(i.Cal_IsDone)
    Cal_Proc                                 0x08001061   Thumb Code   210  cal.o(i.Cal_Proc)
    Cal_SetGph                               0x08001151   Thumb Code    46  cal.o(i.Cal_SetGph)
    Cal_SetGpl                               0x08001195   Thumb Code    46  cal.o(i.Cal_SetGpl)
    Calib_SetIMU                             0x080011d9   Thumb Code   110  calib.o(i.Calib_SetIMU)
    Calib_SetMag                             0x08001247   Thumb Code    56  calib.o(i.Calib_SetMag)
    Calib_SetMec                             0x08001281   Thumb Code    86  calib.o(i.Calib_SetMec)
    Calib_SetPID                             0x080012dd   Thumb Code   168  calib.o(i.Calib_SetPID)
    Calib_SetPos                             0x08001385   Thumb Code    94  calib.o(i.Calib_SetPos)
    Calib_SetVel                             0x080013e9   Thumb Code   106  calib.o(i.Calib_SetVel)
    Can1RxCallback                           0x08001459   Thumb Code     4  can_srv.o(i.Can1RxCallback)
    Can1_Config                              0x0800145d   Thumb Code   104  can1.o(i.Can1_Config)
    Can2RxCallback                           0x080014cd   Thumb Code     4  can_srv.o(i.Can2RxCallback)
    Can2_Config                              0x080014d1   Thumb Code   106  can2.o(i.Can2_Config)
    Can_Init                                 0x08001545   Thumb Code    44  can.o(i.Can_Init)
    Can_Proc                                 0x08001575   Thumb Code   168  can.o(i.Can_Proc)
    Cci_Proc                                 0x08001629   Thumb Code   204  cci.o(i.Cci_Proc)
    Cfg_GetFlag                              0x08001701   Thumb Code     8  cfg.o(i.Cfg_GetFlag)
    Cfg_Init                                 0x0800170d   Thumb Code   252  cfg.o(i.Cfg_Init)
    Cfg_IsSynced                             0x08001811   Thumb Code    14  cfg.o(i.Cfg_IsSynced)
    Cfg_Load                                 0x08001825   Thumb Code     6  cfg.o(i.Cfg_Load)
    Cfg_Proc                                 0x0800182d   Thumb Code    22  cfg.o(i.Cfg_Proc)
    Cfg_Save                                 0x08001849   Thumb Code     6  cfg.o(i.Cfg_Save)
    Cfg_SetFlag                              0x08001851   Thumb Code     8  cfg.o(i.Cfg_SetFlag)
    Clk_GetMsTick                            0x0800197d   Thumb Code     6  clk.o(i.Clk_GetMsTick)
    Clk_Init                                 0x08001989   Thumb Code    16  clk.o(i.Clk_Init)
    Clk_Spin                                 0x0800199d   Thumb Code    50  clk.o(i.Clk_Spin)
    Cmd_Init                                 0x080019d5   Thumb Code     8  cmd.o(i.Cmd_Init)
    Cmd_Proc                                 0x080019e1   Thumb Code   308  cmd.o(i.Cmd_Proc)
    Com_Init                                 0x08001b1d   Thumb Code    14  com.o(i.Com_Init)
    Ctl_Init                                 0x08001b91   Thumb Code   146  ctl.o(i.Ctl_Init)
    Ctl_Proc                                 0x08001c31   Thumb Code    60  ctl.o(i.Ctl_Proc)
    DBUS_Dec                                 0x08001ce1   Thumb Code    24  dbus.o(i.DBUS_Dec)
    DBUS_Init                                0x08001cf9   Thumb Code    20  dbus.o(i.DBUS_Init)
    DMA_Cmd                                  0x08001d0d   Thumb Code    20  stm32f4xx_dma.o(i.DMA_Cmd)
    DMA_Config                               0x08001d21   Thumb Code   100  stm32util.o(i.DMA_Config)
    DMA_DoubleBufferModeCmd                  0x08001d8d   Thumb Code    20  stm32f4xx_dma.o(i.DMA_DoubleBufferModeCmd)
    DMA_DoubleBufferModeConfig               0x08001da1   Thumb Code    22  stm32f4xx_dma.o(i.DMA_DoubleBufferModeConfig)
    DMA_GetCurrDataCounter                   0x08001db7   Thumb Code     6  stm32f4xx_dma.o(i.DMA_GetCurrDataCounter)
    DMA_GetCurrentMemoryTarget               0x08001dbd   Thumb Code    14  stm32f4xx_dma.o(i.DMA_GetCurrentMemoryTarget)
    DMA_Init                                 0x08001dcd   Thumb Code    80  stm32f4xx_dma.o(i.DMA_Init)
    DbiRxCallback                            0x08001e21   Thumb Code     4  com_srv.o(i.DbiRxCallback)
    Dbi_Config                               0x08001e25   Thumb Code    94  dbi.o(i.Dbi_Config)
    Dbi_GetCh                                0x08001e95   Thumb Code    60  dbi.o(i.Dbi_GetCh)
    Dbi_Proc                                 0x08001ed9   Thumb Code     6  com.o(i.Dbi_Proc)
    Dbi_PutCh                                0x08001ee1   Thumb Code    50  dbi.o(i.Dbi_PutCh)
    Dbi_Read                                 0x08001f1d   Thumb Code    70  dbi.o(i.Dbi_Read)
    Dci_Init                                 0x08001f6d   Thumb Code    20  dci.o(i.Dci_Init)
    Dci_Proc                                 0x08001f85   Thumb Code    60  dci.o(i.Dci_Proc)
    DebugMon_Handler                         0x08001fc1   Thumb Code     2  stm32f4xx_it.o(i.DebugMon_Handler)
    Dnl_Init                                 0x08001fc5   Thumb Code    36  dnl.o(i.Dnl_Init)
    Dnl_Proc                                 0x08001fed   Thumb Code   472  dnl.o(i.Dnl_Proc)
    Ekf_Init                                 0x08002261   Thumb Code     8  ekf.o(i.Ekf_Init)
    Ekf_Proc                                 0x08002269   Thumb Code    74  ekf.o(i.Ekf_Proc)
    Ekf_Reset                                0x080022b5   Thumb Code    22  ekf.o(i.Ekf_Reset)
    FIFO_Flush                               0x080022d1   Thumb Code    22  fifo.o(i.FIFO_Flush)
    FIFO_GetFree                             0x080022e7   Thumb Code     8  fifo.o(i.FIFO_GetFree)
    FIFO_GetUsed                             0x080022ef   Thumb Code     4  fifo.o(i.FIFO_GetUsed)
    FIFO_Init                                0x080022f3   Thumb Code     8  fifo.o(i.FIFO_Init)
    FIFO_IsEmpty                             0x080022fb   Thumb Code    12  fifo.o(i.FIFO_IsEmpty)
    FIFO_IsFull                              0x08002307   Thumb Code    16  fifo.o(i.FIFO_IsFull)
    FIFO_Peek                                0x08002317   Thumb Code    40  fifo.o(i.FIFO_Peek)
    FIFO_Pop                                 0x0800233f   Thumb Code    52  fifo.o(i.FIFO_Pop)
    FIFO_Push                                0x08002373   Thumb Code    58  fifo.o(i.FIFO_Push)
    FLASH_DataCacheCmd                       0x080023ad   Thumb Code    22  stm32f4xx_flash.o(i.FLASH_DataCacheCmd)
    FLASH_EraseSector                        0x080023c9   Thumb Code   104  stm32f4xx_flash.o(i.FLASH_EraseSector)
    FLASH_GetStatus                          0x08002435   Thumb Code    56  stm32f4xx_flash.o(i.FLASH_GetStatus)
    FLASH_Lock                               0x08002471   Thumb Code    12  stm32f4xx_flash.o(i.FLASH_Lock)
    FLASH_ProgramByte                        0x08002481   Thumb Code    52  stm32f4xx_flash.o(i.FLASH_ProgramByte)
    FLASH_Unlock                             0x080024b9   Thumb Code    22  stm32f4xx_flash.o(i.FLASH_Unlock)
    FLASH_WaitForLastOperation               0x080024dd   Thumb Code    30  stm32f4xx_flash.o(i.FLASH_WaitForLastOperation)
    FS_Cpy                                   0x080024fb   Thumb Code     4  sys.o(i.FS_Cpy)
    FS_Det                                   0x080024ff   Thumb Code     4  sys.o(i.FS_Det)
    Flag_Cpy                                 0x08002503   Thumb Code    38  fun.o(i.Flag_Cpy)
    Flag_Det                                 0x08002529   Thumb Code    14  fun.o(i.Flag_Det)
    Flag_Get                                 0x08002537   Thumb Code     6  fun.o(i.Flag_Get)
    Flag_Set                                 0x0800253d   Thumb Code     8  fun.o(i.Flag_Set)
    Flash_Read                               0x080025e5   Thumb Code    22  flash.o(i.Flash_Read)
    Flash_Write                              0x080025fd   Thumb Code   122  flash.o(i.Flash_Write)
    Fos_Read                                 0x0800267d   Thumb Code    10  fos.o(i.Fos_Read)
    Fos_Write                                0x0800268d   Thumb Code    10  fos.o(i.Fos_Write)
    GM_Cmd                                   0x0800269d   Thumb Code    72  motor.o(i.GM_Cmd)
    GPIO_AF                                  0x080026e5   Thumb Code    40  stm32util.o(i.GPIO_AF)
    GPIO_Config                              0x0800270d   Thumb Code   236  stm32util.o(i.GPIO_Config)
    GPIO_In                                  0x08002825   Thumb Code    16  stm32util.o(i.GPIO_In)
    GPIO_Init                                0x08002835   Thumb Code   162  stm32f4xx_gpio.o(i.GPIO_Init)
    GPIO_Out                                 0x080028d7   Thumb Code    18  stm32util.o(i.GPIO_Out)
    GPIO_PinAFConfig                         0x080028e9   Thumb Code    32  stm32f4xx_gpio.o(i.GPIO_PinAFConfig)
    GPIO_ReadInputDataBit                    0x08002909   Thumb Code    14  stm32f4xx_gpio.o(i.GPIO_ReadInputDataBit)
    GPIO_ReadOutputDataBit                   0x08002917   Thumb Code    14  stm32f4xx_gpio.o(i.GPIO_ReadOutputDataBit)
    GPIO_ResetBits                           0x08002925   Thumb Code     4  stm32f4xx_gpio.o(i.GPIO_ResetBits)
    GPIO_SetBits                             0x08002929   Thumb Code     4  stm32f4xx_gpio.o(i.GPIO_SetBits)
    GPIO_ToggleBits                          0x0800292d   Thumb Code     8  stm32f4xx_gpio.o(i.GPIO_ToggleBits)
    HardFault_Handler                        0x08002e9d   Thumb Code     2  stm32f4xx_it.o(i.HardFault_Handler)
    Hcf_Init                                 0x08002ea1   Thumb Code    38  hcf.o(i.Hcf_Init)
    Hcf_Proc                                 0x08002ec7   Thumb Code    64  hcf.o(i.Hcf_Proc)
    Hci_Init                                 0x08002f09   Thumb Code    48  hci.o(i.Hci_Init)
    Hci_MouseBtn                             0x08002f3d   Thumb Code    12  hci.o(i.Hci_MouseBtn)
    Hci_PreProc                              0x08002f4d   Thumb Code     8  hci.o(i.Hci_PreProc)
    Hci_Proc                                 0x08002f59   Thumb Code    24  hci.o(i.Hci_Proc)
    Hcp_Dec                                  0x08002f71   Thumb Code    30  hcp.o(i.Hcp_Dec)
    Hcp_Init                                 0x08002f8f   Thumb Code    28  hcp.o(i.Hcp_Init)
    Ini_Init                                 0x08002fad   Thumb Code     8  ini.o(i.Ini_Init)
    Ini_IsDone                               0x08002fb9   Thumb Code    20  ini.o(i.Ini_IsDone)
    Ini_Proc                                 0x08002fd1   Thumb Code   126  ini.o(i.Ini_Proc)
    Ios_GetCh                                0x08003061   Thumb Code     4  ios.o(i.Ios_GetCh)
    Ios_Init                                 0x08003065   Thumb Code    18  ios.o(i.Ios_Init)
    Ios_PutCh                                0x08003081   Thumb Code    18  ios.o(i.Ios_PutCh)
    Ios_SetIn                                0x08003095   Thumb Code    10  ios.o(i.Ios_SetIn)
    Ios_SetOut                               0x080030a5   Thumb Code    10  ios.o(i.Ios_SetOut)
    KOS_Boot                                 0x080030b5   Thumb Code    34  kos.o(i.KOS_Boot)
    Key_Config                               0x080030dd   Thumb Code    20  key.o(i.Key_Config)
    Led_Config                               0x080030f5   Thumb Code    40  led.o(i.Led_Config)
    Maf_Init                                 0x08003125   Thumb Code     8  maf.o(i.Maf_Init)
    Maf_Proc                                 0x0800312d   Thumb Code    66  maf.o(i.Maf_Proc)
    Maf_Reset                                0x08003171   Thumb Code    42  maf.o(i.Maf_Reset)
    Mec_Decomp                               0x080031a1   Thumb Code    10  mec.o(i.Mec_Decomp)
    Mec_Init                                 0x080031b1   Thumb Code    40  mec.o(i.Mec_Init)
    Mec_Synthe                               0x080031e1   Thumb Code    10  mec.o(i.Mec_Synthe)
    Mecanum_Config                           0x080031f1   Thumb Code    42  mecanum.o(i.Mecanum_Config)
    Mecanum_Decomp                           0x0800321b   Thumb Code   142  mecanum.o(i.Mecanum_Decomp)
    Mecanum_Synthe                           0x080032a9   Thumb Code   114  mecanum.o(i.Mecanum_Synthe)
    MemManage_Handler                        0x0800331b   Thumb Code     2  stm32f4xx_it.o(i.MemManage_Handler)
    Motor_Process                            0x0800331d   Thumb Code   288  can.o(i.Motor_Process)
    Motor_Ready                              0x0800345d   Thumb Code    14  can.o(i.Motor_Ready)
    Motor_Reset                              0x0800346b   Thumb Code     6  can.o(i.Motor_Reset)
    Msg_Pop                                  0x08003471   Thumb Code   116  msg.o(i.Msg_Pop)
    NMI_Handler                              0x080034e5   Thumb Code     2  stm32f4xx_it.o(i.NMI_Handler)
    NVIC_Config                              0x080034e7   Thumb Code    28  stm32util.o(i.NVIC_Config)
    NVIC_Init                                0x08003505   Thumb Code    96  misc.o(i.NVIC_Init)
    NVIC_PriorityGroupConfig                 0x08003569   Thumb Code    10  misc.o(i.NVIC_PriorityGroupConfig)
    Odo_Init                                 0x0800357d   Thumb Code    28  odo.o(i.Odo_Init)
    Odo_Proc                                 0x080035a5   Thumb Code   268  odo.o(i.Odo_Proc)
    PID_Calc                                 0x080036d9   Thumb Code   278  pid.o(i.PID_Calc)
    PID_Config                               0x080037f5   Thumb Code     6  pid.o(i.PID_Config)
    PID_Reset                                0x080037fd   Thumb Code    30  pid.o(i.PID_Reset)
    PWM_Bind                                 0x08003821   Thumb Code  5436  stm32util.o(i.PWM_Bind)
    PendSV_Handler                           0x08004d65   Thumb Code     2  stm32f4xx_it.o(i.PendSV_Handler)
    Pwm_Config                               0x08004d69   Thumb Code    66  pwm.o(i.Pwm_Config)
    RCC_AHB1PeriphClockCmd                   0x08004db5   Thumb Code    18  stm32f4xx_rcc.o(i.RCC_AHB1PeriphClockCmd)
    RCC_APB1PeriphClockCmd                   0x08004dcd   Thumb Code    18  stm32f4xx_rcc.o(i.RCC_APB1PeriphClockCmd)
    RCC_APB2PeriphClockCmd                   0x08004de5   Thumb Code    18  stm32f4xx_rcc.o(i.RCC_APB2PeriphClockCmd)
    RCC_GetClocksFreq                        0x08004dfd   Thumb Code   132  stm32f4xx_rcc.o(i.RCC_GetClocksFreq)
    Rcf_Init                                 0x08004e91   Thumb Code    40  rcf.o(i.Rcf_Init)
    Rcf_Proc                                 0x08004eb9   Thumb Code    64  rcf.o(i.Rcf_Proc)
    Rci_Init                                 0x08004ef9   Thumb Code     6  rci.o(i.Rci_Init)
    Rci_PreProc                              0x08004f05   Thumb Code     8  rci.o(i.Rci_PreProc)
    Rci_Proc                                 0x08004f11   Thumb Code    18  rci.o(i.Rci_Proc)
    Rci_Sw                                   0x08004f25   Thumb Code    12  rci.o(i.Rci_Sw)
    Rcp_Dec                                  0x08004f35   Thumb Code    78  rcp.o(i.Rcp_Dec)
    Rcp_Init                                 0x08004f85   Thumb Code    38  rcp.o(i.Rcp_Init)
    RcvCallback                              0x08004fab   Thumb Code     4  rcv_srv.o(i.RcvCallback)
    Rcv_Config                               0x08004fb1   Thumb Code   126  rcv.o(i.Rcv_Config)
    Rcv_Proc                                 0x08005045   Thumb Code    28  dci.o(i.Rcv_Proc)
    Rmp_Calc                                 0x08005065   Thumb Code    40  rmp.o(i.Rmp_Calc)
    Rmp_Config                               0x0800508d   Thumb Code     4  rmp.o(i.Rmp_Config)
    Rmp_Reset                                0x080050ad   Thumb Code     6  rmp.o(i.Rmp_Reset)
    SVC_Handler                              0x080050b3   Thumb Code     2  stm32f4xx_it.o(i.SVC_Handler)
    Sch_Arrange                              0x080050b5   Thumb Code    58  sch.o(i.Sch_Arrange)
    Sch_Init                                 0x080050f5   Thumb Code    20  sch.o(i.Sch_Init)
    Sch_Proc                                 0x0800510d   Thumb Code    52  sch.o(i.Sch_Proc)
    SyncTimCallback                          0x08005215   Thumb Code     4  tim_srv.o(i.SyncTimCallback)
    SyncTim_Config                           0x08005219   Thumb Code    38  tim.o(i.SyncTim_Config)
    SyncTim_Start                            0x08005245   Thumb Code    34  tim.o(i.SyncTim_Start)
    SystemInit                               0x0800526d   Thumb Code    74  system_stm32f4xx.o(i.SystemInit)
    TIM2_IRQHandler                          0x080052c9   Thumb Code    42  tim.o(i.TIM2_IRQHandler)
    TIM6_DAC_IRQHandler                      0x080052f5   Thumb Code    42  tim.o(i.TIM6_DAC_IRQHandler)
    TIM_ARRPreloadConfig                     0x08005325   Thumb Code    20  stm32f4xx_tim.o(i.TIM_ARRPreloadConfig)
    TIM_ClearFlag                            0x08005339   Thumb Code     6  stm32f4xx_tim.o(i.TIM_ClearFlag)
    TIM_ClearITPendingBit                    0x0800533f   Thumb Code     6  stm32f4xx_tim.o(i.TIM_ClearITPendingBit)
    TIM_Cmd                                  0x08005345   Thumb Code    20  stm32f4xx_tim.o(i.TIM_Cmd)
    TIM_Config                               0x08005359   Thumb Code   276  stm32util.o(i.TIM_Config)
    TIM_GetITStatus                          0x0800549d   Thumb Code    24  stm32f4xx_tim.o(i.TIM_GetITStatus)
    TIM_ITConfig                             0x080054b5   Thumb Code    16  stm32f4xx_tim.o(i.TIM_ITConfig)
    TIM_OC1Init                              0x080054c5   Thumb Code    88  stm32f4xx_tim.o(i.TIM_OC1Init)
    TIM_OC1PreloadConfig                     0x08005525   Thumb Code    12  stm32f4xx_tim.o(i.TIM_OC1PreloadConfig)
    TIM_OC2Init                              0x08005531   Thumb Code   120  stm32f4xx_tim.o(i.TIM_OC2Init)
    TIM_OC2PreloadConfig                     0x080055b1   Thumb Code    20  stm32f4xx_tim.o(i.TIM_OC2PreloadConfig)
    TIM_OC3Init                              0x080055c5   Thumb Code   116  stm32f4xx_tim.o(i.TIM_OC3Init)
    TIM_OC3PreloadConfig                     0x08005641   Thumb Code    12  stm32f4xx_tim.o(i.TIM_OC3PreloadConfig)
    TIM_OC4Init                              0x0800564d   Thumb Code    88  stm32f4xx_tim.o(i.TIM_OC4Init)
    TIM_OC4PreloadConfig                     0x080056ad   Thumb Code    20  stm32f4xx_tim.o(i.TIM_OC4PreloadConfig)
    TIM_OC_Config                            0x080056c1   Thumb Code   130  stm32util.o(i.TIM_OC_Config)
    TIM_TimeBaseInit                         0x08005745   Thumb Code    96  stm32f4xx_tim.o(i.TIM_TimeBaseInit)
    TickTimCallback                          0x080057c1   Thumb Code     4  tim_srv.o(i.TickTimCallback)
    TickTim_Config                           0x080057c5   Thumb Code    36  tim.o(i.TickTim_Config)
    TickTim_Start                            0x080057e9   Thumb Code    34  tim.o(i.TickTim_Start)
    Tim_Config                               0x0800580b   Thumb Code    14  tim.o(i.Tim_Config)
    Tim_Start                                0x08005819   Thumb Code    14  tim.o(i.Tim_Start)
    TtyRxCallback                            0x08005827   Thumb Code     4  com_srv.o(i.TtyRxCallback)
    Tty_Config                               0x0800582d   Thumb Code    94  tty.o(i.Tty_Config)
    Tty_Proc                                 0x0800589d   Thumb Code     6  com.o(i.Tty_Proc)
    USART1_IRQHandler                        0x080058a5   Thumb Code   104  rcv.o(i.USART1_IRQHandler)
    USART2_IRQHandler                        0x08005919   Thumb Code   142  btm.o(i.USART2_IRQHandler)
    USART3_IRQHandler                        0x080059b1   Thumb Code   142  dbi.o(i.USART3_IRQHandler)
    USART6_IRQHandler                        0x08005a49   Thumb Code   142  tty.o(i.USART6_IRQHandler)
    USART_Bind                               0x08005ae1   Thumb Code  3544  stm32util.o(i.USART_Bind)
    USART_Cmd                                0x080068c1   Thumb Code    20  stm32f4xx_usart.o(i.USART_Cmd)
    USART_Config                             0x080068d5   Thumb Code   366  stm32util.o(i.USART_Config)
    USART_DMACmd                             0x08006a65   Thumb Code    16  stm32f4xx_usart.o(i.USART_DMACmd)
    USART_GetITStatus                        0x08006a75   Thumb Code    62  stm32f4xx_usart.o(i.USART_GetITStatus)
    USART_ITConfig                           0x08006ab3   Thumb Code    48  stm32f4xx_usart.o(i.USART_ITConfig)
    USART_Init                               0x08006ae5   Thumb Code   164  stm32f4xx_usart.o(i.USART_Init)
    USART_ReceiveData                        0x08006b91   Thumb Code     8  stm32f4xx_usart.o(i.USART_ReceiveData)
    USART_SendData                           0x08006b99   Thumb Code     8  stm32f4xx_usart.o(i.USART_SendData)
    Upd_Init                                 0x08006ba1   Thumb Code    18  upd.o(i.Upd_Init)
    Upd_Proc                                 0x08006bb3   Thumb Code    66  upd.o(i.Upd_Proc)
    Upl_Init                                 0x08006bf5   Thumb Code    14  upl.o(i.Upl_Init)
    UsageFault_Handler                       0x08006c09   Thumb Code     2  stm32f4xx_it.o(i.UsageFault_Handler)
    Wdg_Feed                                 0x08006c0d   Thumb Code    10  wdg.o(i.Wdg_Feed)
    Wdg_HasErr                               0x08006c1d   Thumb Code     8  wdg.o(i.Wdg_HasErr)
    Wdg_HitErr                               0x08006c29   Thumb Code    16  wdg.o(i.Wdg_HitErr)
    Wdg_Init                                 0x08006c3d   Thumb Code    34  wdg.o(i.Wdg_Init)
    Wdg_IsOkay                               0x08006c69   Thumb Code    28  wdg.o(i.Wdg_IsOkay)
    Wdg_Proc                                 0x08006c85   Thumb Code    58  wdg.o(i.Wdg_Proc)
    Wsm_GetWs                                0x08006cc9   Thumb Code     6  wsm.o(i.Wsm_GetWs)
    Wsm_Init                                 0x08006cd5   Thumb Code    10  wsm.o(i.Wsm_Init)
    Wsm_Proc                                 0x08006ce5   Thumb Code   170  wsm.o(i.Wsm_Proc)
    ZGyro_Process                            0x08006d95   Thumb Code   126  can.o(i.ZGyro_Process)
    ZGyro_Ready                              0x08006e21   Thumb Code    14  can.o(i.ZGyro_Ready)
    ZGyro_Reset                              0x08006e2f   Thumb Code     6  can.o(i.ZGyro_Reset)
    __0printf                                0x08006e35   Thumb Code    22  printfa.o(i.__0printf)
    __1printf                                0x08006e35   Thumb Code     0  printfa.o(i.__0printf)
    __2printf                                0x08006e35   Thumb Code     0  printfa.o(i.__0printf)
    __c89printf                              0x08006e35   Thumb Code     0  printfa.o(i.__0printf)
    printf                                   0x08006e35   Thumb Code     0  printfa.o(i.__0printf)
    __scatterload_copy                       0x08006e55   Thumb Code    14  handlers.o(i.__scatterload_copy)
    __scatterload_null                       0x08006e63   Thumb Code     2  handlers.o(i.__scatterload_null)
    __scatterload_zeroinit                   0x08006e65   Thumb Code    14  handlers.o(i.__scatterload_zeroinit)
    constrain                                0x08007727   Thumb Code    32  fun.o(i.constrain)
    fputc                                    0x08007749   Thumb Code    16  ios.o(i.fputc)
    main                                     0x08007779   Thumb Code    22  main.o(i.main)
    malloc                                   0x08007795   Thumb Code    92  malloc.o(i.malloc)
    map                                      0x08007801   Thumb Code    56  fun.o(i.map)
    msg_head_vrc                             0x08007c8c   Data           4  msg.o(.constdata)
    msg_head_vhc                             0x08007c90   Data           4  msg.o(.constdata)
    msg_head_vdbus                           0x08007c94   Data           4  msg.o(.constdata)
    msg_head_vcbus                           0x08007c98   Data           4  msg.o(.constdata)
    msg_head_subsc                           0x08007c9c   Data           4  msg.o(.constdata)
    msg_head_calib                           0x08007ca0   Data           4  msg.o(.constdata)
    msg_head_kylin                           0x08007ca4   Data           4  msg.o(.constdata)
    msg_head_pid_calib                       0x08007ca8   Data           4  msg.o(.constdata)
    msg_head_imu_calib                       0x08007cac   Data           4  msg.o(.constdata)
    msg_head_mag_calib                       0x08007cb0   Data           4  msg.o(.constdata)
    msg_head_vel_calib                       0x08007cb4   Data           4  msg.o(.constdata)
    msg_head_mec_calib                       0x08007cb8   Data           4  msg.o(.constdata)
    msg_head_pos_calib                       0x08007cbc   Data           4  msg.o(.constdata)
    Region$$Table$$Base                      0x08007cc0   Number         0  anon$$obj.o(Region$$Table)
    Region$$Table$$Limit                     0x08007ce0   Number         0  anon$$obj.o(Region$$Table)
    cfg_sync_flag                            0x20000014   Data           1  cfg.o(.data)
    cfg                                      0x20000015   Data         242  cfg.o(.data)
    CM1SpeedRmp                              0x2000011c   Data           8  ctl.o(.data)
    CM2SpeedRmp                              0x20000124   Data           8  ctl.o(.data)
    CM3SpeedRmp                              0x2000012c   Data           8  ctl.o(.data)
    CM4SpeedRmp                              0x20000134   Data           8  ctl.o(.data)
    GMESpeedRmp                              0x2000013c   Data           8  ctl.o(.data)
    GMCSpeedRmp                              0x20000144   Data           8  ctl.o(.data)
    kylin_msg_rx                             0x2000014c   Data           1  dnl.o(.data)
    subscMsg                                 0x2000014d   Data           4  dnl.o(.data)
    calibMsg                                 0x20000151   Data           4  dnl.o(.data)
    magCalib                                 0x20000155   Data           6  dnl.o(.data)
    mecCalib                                 0x2000015b   Data           8  dnl.o(.data)
    posCalib                                 0x20000163   Data           8  dnl.o(.data)
    _in                                      0x20000170   Data           4  ios.o(.data)
    _out                                     0x20000174   Data           4  ios.o(.data)
    __stdout                                 0x200001d8   Data           4  stdout.o(.data)
    __microlib_freelist                      0x200001dc   Data           4  mvars.o(.data)
    __microlib_freelist_initialised          0x200001e0   Data           4  mvars.o(.data)
    zgyro                                    0x2000021c   Data          44  can.o(.bss)
    motor                                    0x20000248   Data         648  can.o(.bss)
    cmd                                      0x200004d0   Data          76  cmd.o(.bss)
    ctl                                      0x2000051c   Data          52  ctl.o(.bss)
    CM1AnglePID                              0x20000550   Data          60  ctl.o(.bss)
    CM1SpeedPID                              0x2000058c   Data          60  ctl.o(.bss)
    CM2AnglePID                              0x200005c8   Data          60  ctl.o(.bss)
    CM2SpeedPID                              0x20000604   Data          60  ctl.o(.bss)
    CM3AnglePID                              0x20000640   Data          60  ctl.o(.bss)
    CM3SpeedPID                              0x2000067c   Data          60  ctl.o(.bss)
    CM4AnglePID                              0x200006b8   Data          60  ctl.o(.bss)
    CM4SpeedPID                              0x200006f4   Data          60  ctl.o(.bss)
    GMEAnglePID                              0x20000730   Data          60  ctl.o(.bss)
    GMESpeedPID                              0x2000076c   Data          60  ctl.o(.bss)
    dbus                                     0x200007a8   Data          22  dci.o(.bss)
    vdbus                                    0x200007c0   Data          22  dnl.o(.bss)
    vcbus                                    0x200007d6   Data          14  dnl.o(.bss)
    kylinMsg                                 0x200007e4   Data          24  dnl.o(.bss)
    pidCalib                                 0x200007fc   Data          19  dnl.o(.bss)
    imuCalib                                 0x2000080f   Data          12  dnl.o(.bss)
    velCalib                                 0x2000081b   Data          10  dnl.o(.bss)
    odo                                      0x20000b40   Data         100  odo.o(.bss)
    __heap_base                              0x20001388   Data           0  startup_stm32f427xx.o(HEAP)
    __heap_limit                             0x20002388   Data           0  startup_stm32f427xx.o(HEAP)
    __initial_sp                             0x20002788   Data           0  startup_stm32f427xx.o(STACK)



==============================================================================

Memory Map of the image

  Image Entry point : 0x080001ad

  Load Region LR_IROM1 (Base: 0x08000000, Size: 0x00007ec4, Max: 0x00200000, ABSOLUTE, COMPRESSED[0x00007d54])

    Execution Region ER_IROM1 (Base: 0x08000000, Size: 0x00007ce0, Max: 0x00200000, ABSOLUTE)

    Base Addr    Size         Type   Attr      Idx    E Section Name        Object

    0x08000000   0x000001ac   Data   RO         9072    RESET               startup_stm32f427xx.o
    0x080001ac   0x00000000   Code   RO         9115  * .ARM.Collect$$$$00000000  mc_w.l(entry.o)
    0x080001ac   0x00000004   Code   RO         9462    .ARM.Collect$$$$00000001  mc_w.l(entry2.o)
    0x080001b0   0x00000004   Code   RO         9465    .ARM.Collect$$$$00000004  mc_w.l(entry5.o)
    0x080001b4   0x00000000   Code   RO         9467    .ARM.Collect$$$$00000008  mc_w.l(entry7b.o)
    0x080001b4   0x00000000   Code   RO         9469    .ARM.Collect$$$$0000000A  mc_w.l(entry8b.o)
    0x080001b4   0x00000008   Code   RO         9470    .ARM.Collect$$$$0000000B  mc_w.l(entry9a.o)
    0x080001bc   0x00000000   Code   RO         9472    .ARM.Collect$$$$0000000D  mc_w.l(entry10a.o)
    0x080001bc   0x00000000   Code   RO         9474    .ARM.Collect$$$$0000000F  mc_w.l(entry11a.o)
    0x080001bc   0x00000004   Code   RO         9463    .ARM.Collect$$$$00002712  mc_w.l(entry2.o)
    0x080001c0   0x00000024   Code   RO         9073    .text               startup_stm32f427xx.o
    0x080001e4   0x00000024   Code   RO         9118    .text               mc_w.l(memcpya.o)
    0x08000208   0x00000024   Code   RO         9120    .text               mc_w.l(memseta.o)
    0x0800022c   0x000000e4   Code   RO         9415    .text               mf_w.l(dmul.o)
    0x08000310   0x000000de   Code   RO         9417    .text               mf_w.l(ddiv.o)
    0x080003ee   0x0000002c   Code   RO         9477    .text               mc_w.l(uidiv.o)
    0x0800041a   0x00000062   Code   RO         9479    .text               mc_w.l(uldiv.o)
    0x0800047c   0x00000000   Code   RO         9490    .text               mc_w.l(iusefp.o)
    0x0800047c   0x000000ba   Code   RO         9493    .text               mf_w.l(depilogue.o)
    0x08000536   0x0000014e   Code   RO         9495    .text               mf_w.l(dadd.o)
    0x08000684   0x00000030   Code   RO         9501    .text               mf_w.l(dfixul.o)
    0x080006b4   0x00000030   Code   RO         9505    .text               mf_w.l(cdrcmple.o)
    0x080006e4   0x00000024   Code   RO         9507    .text               mc_w.l(init.o)
    0x08000708   0x0000001e   Code   RO         9509    .text               mc_w.l(llshl.o)
    0x08000726   0x00000020   Code   RO         9511    .text               mc_w.l(llushr.o)
    0x08000746   0x00000024   Code   RO         9513    .text               mc_w.l(llsshr.o)
    0x0800076a   0x00000056   Code   RO         9523    .text               mc_w.l(__dczerorl2.o)
    0x080007c0   0x00000038   Code   RO          500    i.Act_Init          act.o
    0x080007f8   0x00000088   Code   RO          501    i.Act_Proc          act.o
    0x08000880   0x0000002a   Code   RO          530    i.App_Init          app.o
    0x080008aa   0x00000016   Code   RO          531    i.App_Proc          app.o
    0x080008c0   0x00000048   Code   RO         2998    i.Bsp_Config        bsp.o
    0x08000908   0x00000004   Code   RO         2899    i.BtmRxCallback     com_srv.o
    0x0800090c   0x00000070   Code   RO         3022    i.Btm_Config        btm.o
    0x0800097c   0x00000006   Code   RO          904    i.Btm_Proc          com.o
    0x08000982   0x00000002   PAD
    0x08000984   0x0000003c   Code   RO         3031    i.Btm_PutCh         btm.o
    0x080009c0   0x0000000c   Code   RO         3132    i.Btn_Config        btn.o
    0x080009cc   0x00000002   Code   RO          353    i.BusFault_Handler  stm32f4xx_it.o
    0x080009ce   0x00000002   PAD
    0x080009d0   0x00000044   Code   RO         3156    i.CAN1_RX0_IRQHandler  can1.o
    0x08000a14   0x00000024   Code   RO         3157    i.CAN1_TX_IRQHandler  can1.o
    0x08000a38   0x00000044   Code   RO         3204    i.CAN2_RX0_IRQHandler  can2.o
    0x08000a7c   0x00000024   Code   RO         3205    i.CAN2_TX_IRQHandler  can2.o
    0x08000aa0   0x00000030   Code   RO         4211    i.CAN_ClearFlag     stm32f4xx_can.o
    0x08000ad0   0x00000078   Code   RO         4212    i.CAN_ClearITPendingBit  stm32f4xx_can.o
    0x08000b48   0x0000006c   Code   RO         3478    i.CAN_Config        stm32util.o
    0x08000bb4   0x000000cc   Code   RO         4216    i.CAN_FilterInit    stm32f4xx_can.o
    0x08000c80   0x00000036   Code   RO         3479    i.CAN_Filter_Config  stm32util.o
    0x08000cb6   0x00000002   PAD
    0x08000cb8   0x000000a8   Code   RO         4218    i.CAN_GetITStatus   stm32f4xx_can.o
    0x08000d60   0x00000010   Code   RO         4222    i.CAN_ITConfig      stm32f4xx_can.o
    0x08000d70   0x000000e8   Code   RO         4223    i.CAN_Init          stm32f4xx_can.o
    0x08000e58   0x00000090   Code   RO         4226    i.CAN_Receive       stm32f4xx_can.o
    0x08000ee8   0x000000a4   Code   RO         4231    i.CAN_Transmit      stm32f4xx_can.o
    0x08000f8c   0x00000006   Code   RO         2005    i.CBUS_Init         cbus.o
    0x08000f92   0x0000004e   Code   RO         3832    i.CM_Cmd            motor.o
    0x08000fe0   0x00000030   Code   RO         2018    i.CRC16Calc         crc16.o
    0x08001010   0x00000030   Code   RO         2019    i.CRC16Check        crc16.o
    0x08001040   0x0000001c   Code   RO          563    i.Cal_Init          cal.o
    0x0800105c   0x00000004   Code   RO          564    i.Cal_IsDone        cal.o
    0x08001060   0x000000f0   Code   RO          565    i.Cal_Proc          cal.o
    0x08001150   0x00000044   Code   RO          567    i.Cal_SetGph        cal.o
    0x08001194   0x00000044   Code   RO          568    i.Cal_SetGpl        cal.o
    0x080011d8   0x0000006e   Code   RO         1933    i.Calib_SetIMU      calib.o
    0x08001246   0x00000038   Code   RO         1934    i.Calib_SetMag      calib.o
    0x0800127e   0x00000002   PAD
    0x08001280   0x0000005c   Code   RO         1935    i.Calib_SetMec      calib.o
    0x080012dc   0x000000a8   Code   RO         1936    i.Calib_SetPID      calib.o
    0x08001384   0x00000064   Code   RO         1937    i.Calib_SetPos      calib.o
    0x080013e8   0x00000070   Code   RO         1938    i.Calib_SetVel      calib.o
    0x08001458   0x00000004   Code   RO         2878    i.Can1RxCallback    can_srv.o
    0x0800145c   0x00000070   Code   RO         3158    i.Can1_Config       can1.o
    0x080014cc   0x00000004   Code   RO         2879    i.Can2RxCallback    can_srv.o
    0x080014d0   0x00000074   Code   RO         3206    i.Can2_Config       can2.o
    0x08001544   0x00000030   Code   RO          636    i.Can_Init          can.o
    0x08001574   0x000000b4   Code   RO          637    i.Can_Proc          can.o
    0x08001628   0x000000d8   Code   RO          703    i.Cci_Proc          cci.o
    0x08001700   0x0000000c   Code   RO          736    i.Cfg_GetFlag       cfg.o
    0x0800170c   0x00000104   Code   RO          738    i.Cfg_Init          cfg.o
    0x08001810   0x00000014   Code   RO          739    i.Cfg_IsSynced      cfg.o
    0x08001824   0x00000006   Code   RO          740    i.Cfg_Load          cfg.o
    0x0800182a   0x00000002   PAD
    0x0800182c   0x0000001c   Code   RO          741    i.Cfg_Proc          cfg.o
    0x08001848   0x00000006   Code   RO          743    i.Cfg_Save          cfg.o
    0x0800184e   0x00000002   PAD
    0x08001850   0x0000000c   Code   RO          744    i.Cfg_SetFlag       cfg.o
    0x0800185c   0x00000068   Code   RO          959    i.ChassisPositionControl  ctl.o
    0x080018c4   0x000000ac   Code   RO          960    i.ChassisVelocityControl  ctl.o
    0x08001970   0x0000000c   Code   RO         4234    i.CheckITStatus     stm32f4xx_can.o
    0x0800197c   0x0000000c   Code   RO          827    i.Clk_GetMsTick     clk.o
    0x08001988   0x00000014   Code   RO          830    i.Clk_Init          clk.o
    0x0800199c   0x00000038   Code   RO          831    i.Clk_Spin          clk.o
    0x080019d4   0x0000000c   Code   RO          868    i.Cmd_Init          cmd.o
    0x080019e0   0x0000013c   Code   RO          869    i.Cmd_Proc          cmd.o
    0x08001b1c   0x0000000e   Code   RO          905    i.Com_Init          com.o
    0x08001b2a   0x00000002   PAD
    0x08001b2c   0x00000064   Code   RO          961    i.Cpl_Init          ctl.o
    0x08001b90   0x000000a0   Code   RO          962    i.Ctl_Init          ctl.o
    0x08001c30   0x0000004c   Code   RO          963    i.Ctl_Proc          ctl.o
    0x08001c7c   0x00000064   Code   RO          964    i.Cvl_Init          ctl.o
    0x08001ce0   0x00000018   Code   RO         2061    i.DBUS_Dec          dbus.o
    0x08001cf8   0x00000014   Code   RO         2063    i.DBUS_Init         dbus.o
    0x08001d0c   0x00000014   Code   RO         5006    i.DMA_Cmd           stm32f4xx_dma.o
    0x08001d20   0x0000006c   Code   RO         3480    i.DMA_Config        stm32util.o
    0x08001d8c   0x00000014   Code   RO         5008    i.DMA_DoubleBufferModeCmd  stm32f4xx_dma.o
    0x08001da0   0x00000016   Code   RO         5009    i.DMA_DoubleBufferModeConfig  stm32f4xx_dma.o
    0x08001db6   0x00000006   Code   RO         5012    i.DMA_GetCurrDataCounter  stm32f4xx_dma.o
    0x08001dbc   0x0000000e   Code   RO         5013    i.DMA_GetCurrentMemoryTarget  stm32f4xx_dma.o
    0x08001dca   0x00000002   PAD
    0x08001dcc   0x00000054   Code   RO         5018    i.DMA_Init          stm32f4xx_dma.o
    0x08001e20   0x00000004   Code   RO         2900    i.DbiRxCallback     com_srv.o
    0x08001e24   0x00000070   Code   RO         3252    i.Dbi_Config        dbi.o
    0x08001e94   0x00000044   Code   RO         3253    i.Dbi_GetCh         dbi.o
    0x08001ed8   0x00000006   Code   RO          907    i.Dbi_Proc          com.o
    0x08001ede   0x00000002   PAD
    0x08001ee0   0x0000003c   Code   RO         3261    i.Dbi_PutCh         dbi.o
    0x08001f1c   0x00000050   Code   RO         3262    i.Dbi_Read          dbi.o
    0x08001f6c   0x00000018   Code   RO         1179    i.Dci_Init          dci.o
    0x08001f84   0x0000003c   Code   RO         1180    i.Dci_Proc          dci.o
    0x08001fc0   0x00000002   Code   RO          354    i.DebugMon_Handler  stm32f4xx_it.o
    0x08001fc2   0x00000002   PAD
    0x08001fc4   0x00000028   Code   RO         1221    i.Dnl_Init          dnl.o
    0x08001fec   0x00000228   Code   RO         1222    i.Dnl_Proc          dnl.o
    0x08002214   0x0000004c   Code   RO         1223    i.Dnl_ProcPIDCalib  dnl.o
    0x08002260   0x00000008   Code   RO         2087    i.Ekf_Init          ekf.o
    0x08002268   0x0000004a   Code   RO         2088    i.Ekf_Proc          ekf.o
    0x080022b2   0x00000002   PAD
    0x080022b4   0x0000001c   Code   RO         2089    i.Ekf_Reset         ekf.o
    0x080022d0   0x00000016   Code   RO         2186    i.FIFO_Flush        fifo.o
    0x080022e6   0x00000008   Code   RO         2187    i.FIFO_GetFree      fifo.o
    0x080022ee   0x00000004   Code   RO         2189    i.FIFO_GetUsed      fifo.o
    0x080022f2   0x00000008   Code   RO         2190    i.FIFO_Init         fifo.o
    0x080022fa   0x0000000c   Code   RO         2191    i.FIFO_IsEmpty      fifo.o
    0x08002306   0x00000010   Code   RO         2192    i.FIFO_IsFull       fifo.o
    0x08002316   0x00000028   Code   RO         2193    i.FIFO_Peek         fifo.o
    0x0800233e   0x00000034   Code   RO         2194    i.FIFO_Pop          fifo.o
    0x08002372   0x0000003a   Code   RO         2195    i.FIFO_Push         fifo.o
    0x080023ac   0x0000001c   Code   RO         5359    i.FLASH_DataCacheCmd  stm32f4xx_flash.o
    0x080023c8   0x0000006c   Code   RO         5364    i.FLASH_EraseSector  stm32f4xx_flash.o
    0x08002434   0x0000003c   Code   RO         5366    i.FLASH_GetStatus   stm32f4xx_flash.o
    0x08002470   0x00000010   Code   RO         5370    i.FLASH_Lock        stm32f4xx_flash.o
    0x08002480   0x00000038   Code   RO         5391    i.FLASH_ProgramByte  stm32f4xx_flash.o
    0x080024b8   0x00000024   Code   RO         5396    i.FLASH_Unlock      stm32f4xx_flash.o
    0x080024dc   0x0000001e   Code   RO         5397    i.FLASH_WaitForLastOperation  stm32f4xx_flash.o
    0x080024fa   0x00000004   Code   RO         1627    i.FS_Cpy            sys.o
    0x080024fe   0x00000004   Code   RO         1628    i.FS_Det            sys.o
    0x08002502   0x00000026   Code   RO         2263    i.Flag_Cpy          fun.o
    0x08002528   0x0000000e   Code   RO         2264    i.Flag_Det          fun.o
    0x08002536   0x00000006   Code   RO         2265    i.Flag_Get          fun.o
    0x0800253c   0x00000008   Code   RO         2267    i.Flag_Set          fun.o
    0x08002544   0x000000a0   Code   RO         3797    i.Flash_GetSector   flash.o
    0x080025e4   0x00000016   Code   RO         3798    i.Flash_Read        flash.o
    0x080025fa   0x00000002   PAD
    0x080025fc   0x00000080   Code   RO         3799    i.Flash_Write       flash.o
    0x0800267c   0x00000010   Code   RO         1263    i.Fos_Read          fos.o
    0x0800268c   0x00000010   Code   RO         1264    i.Fos_Write         fos.o
    0x0800269c   0x00000048   Code   RO         3833    i.GM_Cmd            motor.o
    0x080026e4   0x00000028   Code   RO         3484    i.GPIO_AF           stm32util.o
    0x0800270c   0x00000118   Code   RO         3485    i.GPIO_Config       stm32util.o
    0x08002824   0x00000010   Code   RO         3486    i.GPIO_In           stm32util.o
    0x08002834   0x000000a2   Code   RO         5878    i.GPIO_Init         stm32f4xx_gpio.o
    0x080028d6   0x00000012   Code   RO         3487    i.GPIO_Out          stm32util.o
    0x080028e8   0x00000020   Code   RO         5879    i.GPIO_PinAFConfig  stm32f4xx_gpio.o
    0x08002908   0x0000000e   Code   RO         5882    i.GPIO_ReadInputDataBit  stm32f4xx_gpio.o
    0x08002916   0x0000000e   Code   RO         5884    i.GPIO_ReadOutputDataBit  stm32f4xx_gpio.o
    0x08002924   0x00000004   Code   RO         5885    i.GPIO_ResetBits    stm32f4xx_gpio.o
    0x08002928   0x00000004   Code   RO         5886    i.GPIO_SetBits      stm32f4xx_gpio.o
    0x0800292c   0x00000008   Code   RO         5888    i.GPIO_ToggleBits   stm32f4xx_gpio.o
    0x08002934   0x000000f8   Code   RO         1293    i.GetChassisVelocityRef  hci.o
    0x08002a2c   0x000000c4   Code   RO         1568    i.GetChassisVelocityRef  rci.o
    0x08002af0   0x0000007c   Code   RO         1526    i.GetFunctionalStateFdb  odo.o
    0x08002b6c   0x00000100   Code   RO         1294    i.GetGrabberVelocityRef  hci.o
    0x08002c6c   0x000000f0   Code   RO         1569    i.GetGrabberVelocityRef  rci.o
    0x08002d5c   0x00000064   Code   RO          965    i.Gpl_Init          ctl.o
    0x08002dc0   0x00000078   Code   RO          966    i.GrabberVelocityControl  ctl.o
    0x08002e38   0x00000064   Code   RO          967    i.Gvl_Init          ctl.o
    0x08002e9c   0x00000002   Code   RO          355    i.HardFault_Handler  stm32f4xx_it.o
    0x08002e9e   0x00000002   PAD
    0x08002ea0   0x00000026   Code   RO         2368    i.Hcf_Init          hcf.o
    0x08002ec6   0x00000040   Code   RO         2369    i.Hcf_Proc          hcf.o
    0x08002f06   0x00000002   PAD
    0x08002f08   0x00000034   Code   RO         1295    i.Hci_Init          hci.o
    0x08002f3c   0x00000010   Code   RO         1296    i.Hci_MouseBtn      hci.o
    0x08002f4c   0x0000000c   Code   RO         1297    i.Hci_PreProc       hci.o
    0x08002f58   0x00000018   Code   RO         1298    i.Hci_Proc          hci.o
    0x08002f70   0x0000001e   Code   RO         2386    i.Hcp_Dec           hcp.o
    0x08002f8e   0x0000001c   Code   RO         2388    i.Hcp_Init          hcp.o
    0x08002faa   0x00000002   PAD
    0x08002fac   0x0000000c   Code   RO         1346    i.Ini_Init          ini.o
    0x08002fb8   0x00000018   Code   RO         1347    i.Ini_IsDone        ini.o
    0x08002fd0   0x00000090   Code   RO         1348    i.Ini_Proc          ini.o
    0x08003060   0x00000004   Code   RO         1396    i.Ios_GetCh         ios.o
    0x08003064   0x0000001c   Code   RO         1397    i.Ios_Init          ios.o
    0x08003080   0x00000012   Code   RO         1398    i.Ios_PutCh         ios.o
    0x08003092   0x00000002   PAD
    0x08003094   0x00000010   Code   RO         1401    i.Ios_SetIn         ios.o
    0x080030a4   0x00000010   Code   RO         1402    i.Ios_SetOut        ios.o
    0x080030b4   0x00000028   Code   RO          422    i.KOS_Boot          kos.o
    0x080030dc   0x00000018   Code   RO         3362    i.Key_Config        key.o
    0x080030f4   0x00000030   Code   RO         3386    i.Led_Config        led.o
    0x08003124   0x00000008   Code   RO         2592    i.Maf_Init          maf.o
    0x0800312c   0x00000042   Code   RO         2594    i.Maf_Proc          maf.o
    0x0800316e   0x00000002   PAD
    0x08003170   0x00000030   Code   RO         2595    i.Maf_Reset         maf.o
    0x080031a0   0x00000010   Code   RO         1483    i.Mec_Decomp        mec.o
    0x080031b0   0x00000030   Code   RO         1484    i.Mec_Init          mec.o
    0x080031e0   0x00000010   Code   RO         1485    i.Mec_Synthe        mec.o
    0x080031f0   0x0000002a   Code   RO         2632    i.Mecanum_Config    mecanum.o
    0x0800321a   0x0000008e   Code   RO         2633    i.Mecanum_Decomp    mecanum.o
    0x080032a8   0x00000072   Code   RO         2634    i.Mecanum_Synthe    mecanum.o
    0x0800331a   0x00000002   Code   RO          356    i.MemManage_Handler  stm32f4xx_it.o
    0x0800331c   0x00000140   Code   RO          639    i.Motor_Process     can.o
    0x0800345c   0x0000000e   Code   RO          640    i.Motor_Ready       can.o
    0x0800346a   0x00000006   Code   RO          641    i.Motor_Reset       can.o
    0x08003470   0x00000074   Code   RO         2657    i.Msg_Pop           msg.o
    0x080034e4   0x00000002   Code   RO          357    i.NMI_Handler       stm32f4xx_it.o
    0x080034e6   0x0000001c   Code   RO         3488    i.NVIC_Config       stm32util.o
    0x08003502   0x00000002   PAD
    0x08003504   0x00000064   Code   RO         3913    i.NVIC_Init         misc.o
    0x08003568   0x00000014   Code   RO         3914    i.NVIC_PriorityGroupConfig  misc.o
    0x0800357c   0x00000028   Code   RO         1527    i.Odo_Init          odo.o
    0x080035a4   0x00000134   Code   RO         1528    i.Odo_Proc          odo.o
    0x080036d8   0x0000011c   Code   RO         2704    i.PID_Calc          pid.o
    0x080037f4   0x00000006   Code   RO         2705    i.PID_Config        pid.o
    0x080037fa   0x00000002   PAD
    0x080037fc   0x00000024   Code   RO         2706    i.PID_Reset         pid.o
    0x08003820   0x00001544   Code   RO         3489    i.PWM_Bind          stm32util.o
    0x08004d64   0x00000002   Code   RO          358    i.PendSV_Handler    stm32f4xx_it.o
    0x08004d66   0x00000002   PAD
    0x08004d68   0x0000004c   Code   RO         3410    i.Pwm_Config        pwm.o
    0x08004db4   0x00000018   Code   RO         6825    i.RCC_AHB1PeriphClockCmd  stm32f4xx_rcc.o
    0x08004dcc   0x00000018   Code   RO         6834    i.RCC_APB1PeriphClockCmd  stm32f4xx_rcc.o
    0x08004de4   0x00000018   Code   RO         6837    i.RCC_APB2PeriphClockCmd  stm32f4xx_rcc.o
    0x08004dfc   0x00000094   Code   RO         6846    i.RCC_GetClocksFreq  stm32f4xx_rcc.o
    0x08004e90   0x00000028   Code   RO         2728    i.Rcf_Init          rcf.o
    0x08004eb8   0x00000040   Code   RO         2729    i.Rcf_Proc          rcf.o
    0x08004ef8   0x0000000c   Code   RO         1570    i.Rci_Init          rci.o
    0x08004f04   0x0000000c   Code   RO         1572    i.Rci_PreProc       rci.o
    0x08004f10   0x00000012   Code   RO         1573    i.Rci_Proc          rci.o
    0x08004f22   0x00000002   PAD
    0x08004f24   0x00000010   Code   RO         1574    i.Rci_Sw            rci.o
    0x08004f34   0x0000004e   Code   RO         2746    i.Rcp_Dec           rcp.o
    0x08004f82   0x00000002   PAD
    0x08004f84   0x00000026   Code   RO         2748    i.Rcp_Init          rcp.o
    0x08004faa   0x00000004   Code   RO         2935    i.RcvCallback       rcv_srv.o
    0x08004fae   0x00000002   PAD
    0x08004fb0   0x00000094   Code   RO         3434    i.Rcv_Config        rcv.o
    0x08005044   0x00000020   Code   RO         1181    i.Rcv_Proc          dci.o
    0x08005064   0x00000028   Code   RO         2770    i.Rmp_Calc          rmp.o
    0x0800508c   0x00000004   Code   RO         2771    i.Rmp_Config        rmp.o
    0x08005090   0x0000001c   Code   RO          968    i.Rmp_Init          ctl.o
    0x080050ac   0x00000006   Code   RO         2773    i.Rmp_Reset         rmp.o
    0x080050b2   0x00000002   Code   RO          359    i.SVC_Handler       stm32f4xx_it.o
    0x080050b4   0x00000040   Code   RO          449    i.Sch_Arrange       sch.o
    0x080050f4   0x00000018   Code   RO          451    i.Sch_Init          sch.o
    0x0800510c   0x00000038   Code   RO          452    i.Sch_Proc          sch.o
    0x08005144   0x000000d0   Code   RO         9032    i.SetSysClock       system_stm32f4xx.o
    0x08005214   0x00000004   Code   RO         2974    i.SyncTimCallback   tim_srv.o
    0x08005218   0x0000002c   Code   RO         3590    i.SyncTim_Config    tim.o
    0x08005244   0x00000028   Code   RO         3591    i.SyncTim_Start     tim.o
    0x0800526c   0x0000005c   Code   RO         9034    i.SystemInit        system_stm32f4xx.o
    0x080052c8   0x0000002a   Code   RO         3593    i.TIM2_IRQHandler   tim.o
    0x080052f2   0x00000002   PAD
    0x080052f4   0x00000030   Code   RO         3594    i.TIM6_DAC_IRQHandler  tim.o
    0x08005324   0x00000014   Code   RO         8222    i.TIM_ARRPreloadConfig  stm32f4xx_tim.o
    0x08005338   0x00000006   Code   RO         8228    i.TIM_ClearFlag     stm32f4xx_tim.o
    0x0800533e   0x00000006   Code   RO         8229    i.TIM_ClearITPendingBit  stm32f4xx_tim.o
    0x08005344   0x00000014   Code   RO         8234    i.TIM_Cmd           stm32f4xx_tim.o
    0x08005358   0x00000144   Code   RO         3490    i.TIM_Config        stm32util.o
    0x0800549c   0x00000018   Code   RO         8255    i.TIM_GetITStatus   stm32f4xx_tim.o
    0x080054b4   0x00000010   Code   RO         8259    i.TIM_ITConfig      stm32f4xx_tim.o
    0x080054c4   0x00000060   Code   RO         8263    i.TIM_OC1Init       stm32f4xx_tim.o
    0x08005524   0x0000000c   Code   RO         8266    i.TIM_OC1PreloadConfig  stm32f4xx_tim.o
    0x08005530   0x00000080   Code   RO         8268    i.TIM_OC2Init       stm32f4xx_tim.o
    0x080055b0   0x00000014   Code   RO         8271    i.TIM_OC2PreloadConfig  stm32f4xx_tim.o
    0x080055c4   0x0000007c   Code   RO         8273    i.TIM_OC3Init       stm32f4xx_tim.o
    0x08005640   0x0000000c   Code   RO         8276    i.TIM_OC3PreloadConfig  stm32f4xx_tim.o
    0x0800564c   0x00000060   Code   RO         8278    i.TIM_OC4Init       stm32f4xx_tim.o
    0x080056ac   0x00000014   Code   RO         8280    i.TIM_OC4PreloadConfig  stm32f4xx_tim.o
    0x080056c0   0x00000082   Code   RO         3491    i.TIM_OC_Config     stm32util.o
    0x08005742   0x00000002   PAD
    0x08005744   0x0000007c   Code   RO         8306    i.TIM_TimeBaseInit  stm32f4xx_tim.o
    0x080057c0   0x00000004   Code   RO         2975    i.TickTimCallback   tim_srv.o
    0x080057c4   0x00000024   Code   RO         3595    i.TickTim_Config    tim.o
    0x080057e8   0x00000022   Code   RO         3596    i.TickTim_Start     tim.o
    0x0800580a   0x0000000e   Code   RO         3598    i.Tim_Config        tim.o
    0x08005818   0x0000000e   Code   RO         3599    i.Tim_Start         tim.o
    0x08005826   0x00000004   Code   RO         2901    i.TtyRxCallback     com_srv.o
    0x0800582a   0x00000002   PAD
    0x0800582c   0x00000070   Code   RO         3669    i.Tty_Config        tty.o
    0x0800589c   0x00000006   Code   RO          908    i.Tty_Proc          com.o
    0x080058a2   0x00000002   PAD
    0x080058a4   0x00000074   Code   RO         3437    i.USART1_IRQHandler  rcv.o
    0x08005918   0x00000098   Code   RO         3036    i.USART2_IRQHandler  btm.o
    0x080059b0   0x00000098   Code   RO         3266    i.USART3_IRQHandler  dbi.o
    0x08005a48   0x00000098   Code   RO         3683    i.USART6_IRQHandler  tty.o
    0x08005ae0   0x00000de0   Code   RO         3492    i.USART_Bind        stm32util.o
    0x080068c0   0x00000014   Code   RO         8775    i.USART_Cmd         stm32f4xx_usart.o
    0x080068d4   0x00000190   Code   RO         3493    i.USART_Config      stm32util.o
    0x08006a64   0x00000010   Code   RO         8776    i.USART_DMACmd      stm32f4xx_usart.o
    0x08006a74   0x0000003e   Code   RO         8779    i.USART_GetITStatus  stm32f4xx_usart.o
    0x08006ab2   0x00000030   Code   RO         8781    i.USART_ITConfig    stm32f4xx_usart.o
    0x08006ae2   0x00000002   PAD
    0x08006ae4   0x000000ac   Code   RO         8782    i.USART_Init        stm32f4xx_usart.o
    0x08006b90   0x00000008   Code   RO         8789    i.USART_ReceiveData  stm32f4xx_usart.o
    0x08006b98   0x00000008   Code   RO         8792    i.USART_SendData    stm32f4xx_usart.o
    0x08006ba0   0x00000012   Code   RO         1688    i.Upd_Init          upd.o
    0x08006bb2   0x00000042   Code   RO         1689    i.Upd_Proc          upd.o
    0x08006bf4   0x00000014   Code   RO         1718    i.Upl_Init          upl.o
    0x08006c08   0x00000002   Code   RO          360    i.UsageFault_Handler  stm32f4xx_it.o
    0x08006c0a   0x00000002   PAD
    0x08006c0c   0x00000010   Code   RO         1798    i.Wdg_Feed          wdg.o
    0x08006c1c   0x0000000c   Code   RO         1801    i.Wdg_HasErr        wdg.o
    0x08006c28   0x00000014   Code   RO         1802    i.Wdg_HitErr        wdg.o
    0x08006c3c   0x0000002c   Code   RO         1803    i.Wdg_Init          wdg.o
    0x08006c68   0x0000001c   Code   RO         1804    i.Wdg_IsOkay        wdg.o
    0x08006c84   0x00000044   Code   RO         1805    i.Wdg_Proc          wdg.o
    0x08006cc8   0x0000000c   Code   RO         1858    i.Wsm_GetWs         wsm.o
    0x08006cd4   0x00000010   Code   RO         1859    i.Wsm_Init          wsm.o
    0x08006ce4   0x000000b0   Code   RO         1860    i.Wsm_Proc          wsm.o
    0x08006d94   0x0000008c   Code   RO          642    i.ZGyro_Process     can.o
    0x08006e20   0x0000000e   Code   RO          643    i.ZGyro_Ready       can.o
    0x08006e2e   0x00000006   Code   RO          644    i.ZGyro_Reset       can.o
    0x08006e34   0x00000020   Code   RO         9359    i.__0printf         mc_w.l(printfa.o)
    0x08006e54   0x0000000e   Code   RO         9517    i.__scatterload_copy  mc_w.l(handlers.o)
    0x08006e62   0x00000002   Code   RO         9518    i.__scatterload_null  mc_w.l(handlers.o)
    0x08006e64   0x0000000e   Code   RO         9519    i.__scatterload_zeroinit  mc_w.l(handlers.o)
    0x08006e72   0x00000002   PAD
    0x08006e74   0x00000184   Code   RO         9366    i._fp_digits        mc_w.l(printfa.o)
    0x08006ff8   0x000006dc   Code   RO         9367    i._printf_core      mc_w.l(printfa.o)
    0x080076d4   0x00000024   Code   RO         9368    i._printf_post_padding  mc_w.l(printfa.o)
    0x080076f8   0x0000002e   Code   RO         9369    i._printf_pre_padding  mc_w.l(printfa.o)
    0x08007726   0x00000020   Code   RO         2269    i.constrain         fun.o
    0x08007746   0x00000002   PAD
    0x08007748   0x00000014   Code   RO         1406    i.fputc             ios.o
    0x0800775c   0x0000001c   Code   RO          453    i.getSchTask        sch.o
    0x08007778   0x0000001c   Code   RO            5    i.main              main.o
    0x08007794   0x0000006c   Code   RO         9388    i.malloc            mc_w.l(malloc.o)
    0x08007800   0x00000038   Code   RO         2270    i.map               fun.o
    0x08007838   0x00000028   Code   RO          454    i.newSchTask        sch.o
    0x08007860   0x000001e6   Data   RO          747    .constdata          cfg.o
    0x08007a46   0x00000002   PAD
    0x08007a48   0x00000044   Data   RO         1806    .constdata          wdg.o
    0x08007a8c   0x00000200   Data   RO         2020    .constdata          crc16.o
    0x08007c8c   0x00000004   Data   RO         2659    .constdata          msg.o
    0x08007c90   0x00000004   Data   RO         2660    .constdata          msg.o
    0x08007c94   0x00000004   Data   RO         2661    .constdata          msg.o
    0x08007c98   0x00000004   Data   RO         2662    .constdata          msg.o
    0x08007c9c   0x00000004   Data   RO         2669    .constdata          msg.o
    0x08007ca0   0x00000004   Data   RO         2670    .constdata          msg.o
    0x08007ca4   0x00000004   Data   RO         2671    .constdata          msg.o
    0x08007ca8   0x00000004   Data   RO         2672    .constdata          msg.o
    0x08007cac   0x00000004   Data   RO         2673    .constdata          msg.o
    0x08007cb0   0x00000004   Data   RO         2674    .constdata          msg.o
    0x08007cb4   0x00000004   Data   RO         2675    .constdata          msg.o
    0x08007cb8   0x00000004   Data   RO         2676    .constdata          msg.o
    0x08007cbc   0x00000004   Data   RO         2677    .constdata          msg.o
    0x08007cc0   0x00000020   Data   RO         9515    Region$$Table       anon$$obj.o


    Execution Region RW_IRAM1 (Base: 0x20000000, Size: 0x00002788, Max: 0x00030000, ABSOLUTE, COMPRESSED[0x00000074])

    Base Addr    Size         Type   Attr      Idx    E Section Name        Object

    0x20000000   0x0000000c   Data   RW          455    .data               sch.o
    0x2000000c   0x00000008   Data   RW          570    .data               cal.o
    0x20000014   0x000000f3   Data   RW          748    .data               cfg.o
    0x20000107   0x00000001   PAD
    0x20000108   0x00000014   Data   RW          832    .data               clk.o
    0x2000011c   0x00000030   Data   RW          970    .data               ctl.o
    0x2000014c   0x0000001f   Data   RW         1225    .data               dnl.o
    0x2000016b   0x00000001   PAD
    0x2000016c   0x00000004   Data   RW         1350    .data               ini.o
    0x20000170   0x00000008   Data   RW         1407    .data               ios.o
    0x20000178   0x00000004   Data   RW         1530    .data               odo.o
    0x2000017c   0x00000048   Data   RW         1807    .data               wdg.o
    0x200001c4   0x00000002   Data   RW         1861    .data               wsm.o
    0x200001c6   0x00000010   Data   RW         6878    .data               stm32f4xx_rcc.o
    0x200001d6   0x00000002   PAD
    0x200001d8   0x00000004   Data   RW         9476    .data               mc_w.l(stdout.o)
    0x200001dc   0x00000004   Data   RW         9481    .data               mc_w.l(mvars.o)
    0x200001e0   0x00000004   Data   RW         9482    .data               mc_w.l(mvars.o)
    0x200001e4   0x00000038   Zero   RW          569    .bss                cal.o
    0x2000021c   0x000002b4   Zero   RW          645    .bss                can.o
    0x200004d0   0x0000004c   Zero   RW          870    .bss                cmd.o
    0x2000051c   0x0000028c   Zero   RW          969    .bss                ctl.o
    0x200007a8   0x00000016   Zero   RW         1182    .bss                dci.o
    0x200007be   0x00000002   PAD
    0x200007c0   0x0000027c   Zero   RW         1224    .bss                dnl.o
    0x20000a3c   0x000000f0   Zero   RW         1299    .bss                hci.o
    0x20000b2c   0x00000014   Zero   RW         1486    .bss                mec.o
    0x20000b40   0x00000064   Zero   RW         1529    .bss                odo.o
    0x20000ba4   0x00000010   Zero   RW         1575    .bss                rci.o
    0x20000bb4   0x00000114   Zero   RW         1729    .bss                upl.o
    0x20000cc8   0x00000228   Zero   RW         3037    .bss                btm.o
    0x20000ef0   0x00000228   Zero   RW         3267    .bss                dbi.o
    0x20001118   0x00000048   Zero   RW         3438    .bss                rcv.o
    0x20001160   0x00000228   Zero   RW         3684    .bss                tty.o
    0x20001388   0x00001000   Zero   RW         9071    HEAP                startup_stm32f427xx.o
    0x20002388   0x00000400   Zero   RW         9070    STACK               startup_stm32f427xx.o


==============================================================================

Image component sizes


      Code (inc. data)   RO Data    RW Data    ZI Data      Debug   Object Name

       192         22          0          0          0       1294   act.o
        64          0          0          0          0        970   app.o
        72          4          0          0          0        517   bsp.o
       324         38          0          0        552       2237   btm.o
        12          6          0          0          0        429   btn.o
       408         82          0          8         56       3129   cal.o
       638         18          0          0          0       3654   calib.o
       728         62          0          0        692       6702   can.o
       216         24          0          0          0       1597   can1.o
       220         26          0          0          0       1605   can2.o
         8          0          0          0          0       1290   can_srv.o
         6          0          0          0          0        724   cbus.o
       216         12          0          0          0        815   cci.o
       344         28        486        243          0       6519   cfg.o
        88         16          0         20          0       1606   clk.o
       328         12          0          0         76       1524   cmd.o
        32          0          0          0          0       1772   com.o
        12          0          0          0          0       1428   com_srv.o
        96          4        512          0          0       1789   crc16.o
      1060        116          0         48        652       6636   ctl.o
         0          0          0          0          0       1268   dbg.o
       472         56          0          0        552       3460   dbi.o
        44          0          0          0          0       1375   dbus.o
       116          8          0          0         22       2056   dci.o
       668         92          0         31        636       3846   dnl.o
       110          6          0          0          0       1870   ekf.o
       220          0          0          0          0       5571   fifo.o
       310         52          0          0          0       2771   flash.o
        32         12          0          0          0       1267   fos.o
       154          0          0          0          0       3965   fun.o
       102          0          0          0          0       1442   hcf.o
       608         58          0          0        240       4077   hci.o
        58          0          0          0          0       1301   hcp.o
       180         26          0          4          0       1591   ini.o
       102         26          0          8          0       3445   ios.o
        24          4          0          0          0        473   key.o
        40          6          0          0          0        483   kos.o
        48          8          0          0          0        485   led.o
       122          6          0          0          0       1882   maf.o
        28          6          0          0          0     359342   main.o
        80         20          0          0         20       1605   mec.o
       298          0          0          0          0       2131   mecanum.o
       120         14          0          0          0       1563   misc.o
       150          0          0          0          0       1658   motor.o
       116          0         52          0          0       9793   msg.o
       472         70          0          4        100       2880   odo.o
       326         12          0          0          0       2328   pid.o
        76         10          0          0          0        469   pwm.o
       104          0          0          0          0       1462   rcf.o
       494         60          0          0         16       3445   rci.o
       116          0          0          0          0       1309   rcp.o
       264         34          0          0         72       1581   rcv.o
         4          0          0          0          0        738   rcv_srv.o
        50          0          0          0          0       1792   rmp.o
       212         20          0         12          0       3476   sch.o
        36          8        428          0       5120        840   startup_stm32f427xx.o
      1108         24          0          0          0       7674   stm32f4xx_can.o
       166          4          0          0          0       4974   stm32f4xx_dma.o
       334         36          0          0          0       4888   stm32f4xx_flash.o
       238          0          0          0          0       4922   stm32f4xx_gpio.o
        16          0          0          0          0       3644   stm32f4xx_it.o
       220         34          0         16          0       4871   stm32f4xx_rcc.o
       724         60          0          0          0      11340   stm32f4xx_tim.o
       334          8          0          0          0       5618   stm32f4xx_usart.o
     10502        292          0          0          0      18987   stm32util.o
         8          0          0          0          0       1338   sys.o
       300         36          0          0          0       1569   system_stm32f4xx.o
       272         18          0          0          0       4251   tim.o
         8          0          0          0          0        892   tim_srv.o
       264         28          0          0        552       1749   tty.o
        84          6          0          0          0       1094   upd.o
        20          6          0          0        276       1177   upl.o
       188         34         68         72          0       3570   wdg.o
       204         24          0          2          0       1710   wsm.o

    ----------------------------------------------------------------------
     26470       1694       1580        472       9636     569545   Object Totals
         0          0         32          0          0          0   (incl. Generated)
        60          0          2          4          2          0   (incl. Padding)

    ----------------------------------------------------------------------

      Code (inc. data)   RO Data    RW Data    ZI Data      Debug   Library Member Name

        86          0          0          0          0          0   __dczerorl2.o
         0          0          0          0          0          0   entry.o
         0          0          0          0          0          0   entry10a.o
         0          0          0          0          0          0   entry11a.o
         8          4          0          0          0          0   entry2.o
         4          0          0          0          0          0   entry5.o
         0          0          0          0          0          0   entry7b.o
         0          0          0          0          0          0   entry8b.o
         8          4          0          0          0          0   entry9a.o
        30          0          0          0          0          0   handlers.o
        36          8          0          0          0         68   init.o
         0          0          0          0          0          0   iusefp.o
        30          0          0          0          0         68   llshl.o
        36          0          0          0          0         68   llsshr.o
        32          0          0          0          0         68   llushr.o
       108         16          0          0          0         84   malloc.o
        36          0          0          0          0         68   memcpya.o
        36          0          0          0          0        108   memseta.o
         0          0          0          8          0          0   mvars.o
      2258         90          0          0          0        452   printfa.o
         0          0          0          4          0          0   stdout.o
        44          0          0          0          0         80   uidiv.o
        98          0          0          0          0         92   uldiv.o
        48          0          0          0          0         68   cdrcmple.o
       334          0          0          0          0        148   dadd.o
       222          0          0          0          0        100   ddiv.o
       186          0          0          0          0        176   depilogue.o
        48          0          0          0          0         68   dfixul.o
       228          0          0          0          0         96   dmul.o

    ----------------------------------------------------------------------
      3918        122          0         12          0       1812   Library Totals
         2          0          0          0          0          0   (incl. Padding)

    ----------------------------------------------------------------------

      Code (inc. data)   RO Data    RW Data    ZI Data      Debug   Library Name

      2850        122          0         12          0       1156   mc_w.l
      1066          0          0          0          0        656   mf_w.l

    ----------------------------------------------------------------------
      3918        122          0         12          0       1812   Library Totals

    ----------------------------------------------------------------------

==============================================================================


      Code (inc. data)   RO Data    RW Data    ZI Data      Debug   

     30388       1816       1580        484       9636     545205   Grand Totals
     30388       1816       1580        116       9636     545205   ELF Image Totals (compressed)
     30388       1816       1580        116          0          0   ROM Totals

==============================================================================

    Total RO  Size (Code + RO Data)                31968 (  31.22kB)
    Total RW  Size (RW Data + ZI Data)             10120 (   9.88kB)
    Total ROM Size (Code + RO Data + RW Data)      32084 (  31.33kB)

==============================================================================

