Component: ARM Compiler 5.06 update 1 (build 61) Tool: armlink [4d35a8]

==============================================================================

Section Cross References

    main.o(i.cmd) refers to fun.o(i.map) for map
    main.o(i.cmd) refers to mec.o(i.Mec_Decomp) for Mec_Decomp
    main.o(i.cmd) refers to motor.o(i.CM_Cmd) for CM_Cmd
    main.o(i.cmd) refers to dci.o(.bss) for dbus
    main.o(i.cmd) refers to main.o(.bss) for .bss
    main.o(i.main) refers to main.o(i.mec_cfg) for mec_cfg
    main.o(i.main) refers to dci.o(i.Dci_Init) for Dci_Init
    main.o(i.main) refers to ios.o(i.Ios_Init) for Ios_Init
    main.o(i.main) refers to cmd.o(i.Cmd_Init) for Cmd_Init
    main.o(i.main) refers to can.o(i.Can_Init) for Can_Init
    main.o(i.main) refers to bsp.o(i.Bsp_Config) for Bsp_Config
    main.o(i.main) refers to tim.o(i.TickTim_Start) for TickTim_Start
    main.o(i.main) refers to main.o(i.cmd) for cmd
    main.o(i.main) refers to clk.o(i.Clk_GetUsTick) for Clk_GetUsTick
    main.o(i.mec_cfg) refers to mec.o(i.Mec_Config) for Mec_Config
    main.o(i.read_flash) refers to f2d.o(.text) for __aeabi_f2d
    main.o(i.read_flash) refers to printfa.o(i.__0printf) for __2printf
    main.o(i.read_flash) refers to cfg.o(.data) for cfg
    main.o(i.task) refers to stm32f4xx_gpio.o(i.GPIO_ToggleBits) for GPIO_ToggleBits
    main.o(i.write_flash) refers to memcpya.o(.text) for __aeabi_memcpy4
    main.o(i.write_flash) refers to cfg.o(i.Cfg_Save) for Cfg_Save
    main.o(i.write_flash) refers to main.o(.constdata) for .constdata
    kos.o(i.KOS_Boot) refers to app.o(i.App_Init) for App_Init
    kos.o(i.KOS_Boot) refers to sch.o(i.Sch_Arrange) for Sch_Arrange
    kos.o(i.KOS_Boot) refers to bsp.o(i.Bsp_Config) for Bsp_Config
    kos.o(i.KOS_Boot) refers to tim.o(i.Tim_Start) for Tim_Start
    kos.o(i.KOS_Boot) refers to app.o(i.App_Proc) for App_Proc
    kos.o(i.KOS_Stop) refers to tim.o(i.Tim_Stop) for Tim_Stop
    sch.o(i.Sch_Arrange) refers to sch.o(i.getSchTask) for getSchTask
    sch.o(i.Sch_Arrange) refers to sch.o(i.newSchTask) for newSchTask
    sch.o(i.Sch_Arrange) refers to sch.o(.data) for .data
    sch.o(i.Sch_Dismiss) refers to sch.o(i.getSchTask) for getSchTask
    sch.o(i.Sch_Dismiss) refers to malloc.o(i.free) for free
    sch.o(i.Sch_Dismiss) refers to sch.o(.data) for .data
    sch.o(i.Sch_Init) refers to clk.o(i.Clk_GetUsTick) for Clk_GetUsTick
    sch.o(i.Sch_Init) refers to sch.o(.data) for .data
    sch.o(i.Sch_Proc) refers to clk.o(i.Clk_GetUsTick) for Clk_GetUsTick
    sch.o(i.Sch_Proc) refers to sch.o(.data) for .data
    sch.o(i.getSchTask) refers to sch.o(.data) for .data
    sch.o(i.newSchTask) refers to malloc.o(i.malloc) for malloc
    sch.o(i.newSchTask) refers to memseta.o(.text) for __aeabi_memclr4
    act.o(i.Act_Init) refers to motor.o(i.CM_Cmd) for CM_Cmd
    act.o(i.Act_Init) refers to motor.o(i.GM_Cmd) for GM_Cmd
    act.o(i.Act_Proc) refers to sys.o(i.FS_Get) for FS_Get
    act.o(i.Act_Proc) refers to stm32f4xx_gpio.o(i.GPIO_ResetBits) for GPIO_ResetBits
    act.o(i.Act_Proc) refers to stm32f4xx_gpio.o(i.GPIO_SetBits) for GPIO_SetBits
    act.o(i.Act_Proc) refers to motor.o(i.CM_Cmd) for CM_Cmd
    act.o(i.Act_Proc) refers to ctl.o(.data) for functionalStateCtl
    act.o(i.Act_Proc) refers to ctl.o(.bss) for mecanumCurrentsCtl
    app.o(i.App_Init) refers to cfg.o(i.Cfg_Init) for Cfg_Init
    app.o(i.App_Init) refers to act.o(i.Act_Init) for Act_Init
    app.o(i.App_Init) refers to clk.o(i.Clk_Init) for Clk_Init
    app.o(i.App_Init) refers to com.o(i.Com_Init) for Com_Init
    app.o(i.App_Init) refers to ctl.o(i.Ctl_Init) for Ctl_Init
    app.o(i.App_Init) refers to ini.o(i.Ini_Init) for Ini_Init
    app.o(i.App_Init) refers to ios.o(i.Ios_Init) for Ios_Init
    app.o(i.App_Init) refers to upd.o(i.Upd_Init) for Upd_Init
    app.o(i.App_Init) refers to wdg.o(i.Wdg_Init) for Wdg_Init
    app.o(i.App_Init) refers to wsm.o(i.Wsm_Init) for Wsm_Init
    app.o(i.App_Proc) refers to wdg.o(i.Wdg_Proc) for Wdg_Proc
    app.o(i.App_Proc) refers to ini.o(i.Ini_Proc) for Ini_Proc
    app.o(i.App_Proc) refers to wsm.o(i.Wsm_Proc) for Wsm_Proc
    app.o(i.App_Proc) refers to upd.o(i.Upd_Proc) for Upd_Proc
    can.o(i.Can_Init) refers to can.o(i.Motor_Reset) for Motor_Reset
    can.o(i.Can_Init) refers to can.o(i.ZGyro_Reset) for ZGyro_Reset
    can.o(i.Can_Init) refers to can.o(.bss) for .bss
    can.o(i.Can_Proc) refers to wdg.o(i.Wdg_Feed) for Wdg_Feed
    can.o(i.Can_Proc) refers to can.o(i.ZGyro_Process) for ZGyro_Process
    can.o(i.Can_Proc) refers to can.o(i.Motor_Process) for Motor_Process
    can.o(i.Can_Proc) refers to can.o(.bss) for .bss
    can.o(i.Motor_Process) refers to ekf.o(i.Ekf_Init) for Ekf_Init
    can.o(i.Motor_Process) refers to ekf.o(i.Ekf_SetE) for Ekf_SetE
    can.o(i.Motor_Process) refers to ekf.o(i.Ekf_Proc) for Ekf_Proc
    can.o(i.Motor_Reset) refers to ekf.o(i.Ekf_Reset) for Ekf_Reset
    cfg.o(i.Cfg_ClrFlag) refers to fun.o(i.Flag_Clr) for Flag_Clr
[...]
    ..\..\stl\src\system_stm32f4xx.c         0x00000000   Number         0  system_stm32f4xx.o ABSOLUTE
    ..\..\usr\src\main.c                     0x00000000   Number         0  main.o ABSOLUTE
    ..\..\usr\src\stm32f4xx_it.c             0x00000000   Number         0  stm32f4xx_it.o ABSOLUTE
    ..\\..\\app\\src\\act.c                  0x00000000   Number         0  act.o ABSOLUTE
    ..\\..\\app\\src\\app.c                  0x00000000   Number         0  app.o ABSOLUTE
    ..\\..\\app\\src\\cfg.c                  0x00000000   Number         0  cfg.o ABSOLUTE
    ..\\..\\app\\src\\clk.c                  0x00000000   Number         0  clk.o ABSOLUTE
    ..\\..\\app\\src\\cmd.c                  0x00000000   Number         0  cmd.o ABSOLUTE
    ..\\..\\app\\src\\com.c                  0x00000000   Number         0  com.o ABSOLUTE
    ..\\..\\app\\src\\ctl.c                  0x00000000   Number         0  ctl.o ABSOLUTE
    ..\\..\\app\\src\\dbg.c                  0x00000000   Number         0  dbg.o ABSOLUTE
    ..\\..\\app\\src\\dci.c                  0x00000000   Number         0  dci.o ABSOLUTE
    ..\\..\\app\\src\\fos.c                  0x00000000   Number         0  fos.o ABSOLUTE
    ..\\..\\app\\src\\hci.c                  0x00000000   Number         0  hci.o ABSOLUTE
    ..\\..\\app\\src\\ios.c                  0x00000000   Number         0  ios.o ABSOLUTE
    ..\\..\\app\\src\\mec.c                  0x00000000   Number         0  mec.o ABSOLUTE
    ..\\..\\app\\src\\odo.c                  0x00000000   Number         0  odo.o ABSOLUTE
    ..\\..\\app\\src\\rci.c                  0x00000000   Number         0  rci.o ABSOLUTE
    ..\\..\\app\\src\\upd.c                  0x00000000   Number         0  upd.o ABSOLUTE
    ..\\..\\app\\src\\wsm.c                  0x00000000   Number         0  wsm.o ABSOLUTE
    ..\\..\\bsp\\src\\bsp.c                  0x00000000   Number         0  bsp.o ABSOLUTE
    ..\\..\\bsp\\src\\btm.c                  0x00000000   Number         0  btm.o ABSOLUTE
    ..\\..\\bsp\\src\\btn.c                  0x00000000   Number         0  btn.o ABSOLUTE
    ..\\..\\bsp\\src\\can1.c                 0x00000000   Number         0  can1.o ABSOLUTE
    ..\\..\\bsp\\src\\can2.c                 0x00000000   Number         0  can2.o ABSOLUTE
    ..\\..\\bsp\\src\\dbi.c                  0x00000000   Number         0  dbi.o ABSOLUTE
    ..\\..\\bsp\\src\\led.c                  0x00000000   Number         0  led.o ABSOLUTE
    ..\\..\\bsp\\src\\pwm.c                  0x00000000   Number         0  pwm.o ABSOLUTE
    ..\\..\\bsp\\src\\rcv.c                  0x00000000   Number         0  rcv.o ABSOLUTE
    ..\\..\\bsp\\src\\stm32util.c            0x00000000   Number         0  stm32util.o ABSOLUTE
    ..\\..\\bsp\\src\\tim.c                  0x00000000   Number         0  tim.o ABSOLUTE
    ..\\..\\bsp\\src\\tty.c                  0x00000000   Number         0  tty.o ABSOLUTE
    ..\\..\\drv\\src\\drv.c                  0x00000000   Number         0  drv.o ABSOLUTE
    ..\\..\\drv\\src\\flash.c                0x00000000   Number         0  flash.o ABSOLUTE
    ..\\..\\drv\\src\\motor.c                0x00000000   Number         0  motor.o ABSOLUTE
    ..\\..\\drv\\src\\zgyro.c                0x00000000   Number         0  zgyro.o ABSOLUTE
    ..\\..\\kos\\src\\kos.c                  0x00000000   Number         0  kos.o ABSOLUTE
    ..\\..\\kos\\src\\sch.c                  0x00000000   Number         0  sch.o ABSOLUTE
    ..\\..\\srv\\src\\com_srv.c              0x00000000   Number         0  com_srv.o ABSOLUTE
    ..\\..\\srv\\src\\rcv_srv.c              0x00000000   Number         0  rcv_srv.o ABSOLUTE
    ..\\..\\srv\\src\\srv.c                  0x00000000   Number         0  srv.o ABSOLUTE
    ..\\..\\srv\\src\\tim_srv.c              0x00000000   Number         0  tim_srv.o ABSOLUTE
    ..\\..\\stl\\StdPeriph_Driver\\src\\misc.c 0x00000000   Number         0  misc.o ABSOLUTE
    ..\\..\\stl\\StdPeriph_Driver\\src\\stm32f4xx_adc.c 0x00000000   Number         0  stm32f4xx_adc.o ABSOLUTE
    ..\\..\\stl\\StdPeriph_Driver\\src\\stm32f4xx_can.c 0x00000000   Number         0  stm32f4xx_can.o ABSOLUTE
    ..\\..\\stl\\StdPeriph_Driver\\src\\stm32f4xx_cec.c 0x00000000   Number         0  stm32f4xx_cec.o ABSOLUTE
    ..\\..\\stl\\StdPeriph_Driver\\src\\stm32f4xx_crc.c 0x00000000   Number         0  stm32f4xx_crc.o ABSOLUTE
    ..\\..\\stl\\StdPeriph_Driver\\src\\stm32f4xx_cryp.c 0x00000000   Number         0  stm32f4xx_cryp.o ABSOLUTE
    ..\\..\\stl\\StdPeriph_Driver\\src\\stm32f4xx_cryp_aes.c 0x00000000   Number         0  stm32f4xx_cryp_aes.o ABSOLUTE
    ..\\..\\stl\\StdPeriph_Driver\\src\\stm32f4xx_cryp_des.c 0x00000000   Number         0  stm32f4xx_cryp_des.o ABSOLUTE
    ..\\..\\stl\\StdPeriph_Driver\\src\\stm32f4xx_cryp_tdes.c 0x00000000   Number         0  stm32f4xx_cryp_tdes.o ABSOLUTE
    ..\\..\\stl\\StdPeriph_Driver\\src\\stm32f4xx_dac.c 0x00000000   Number         0  stm32f4xx_dac.o ABSOLUTE
    ..\\..\\stl\\StdPeriph_Driver\\src\\stm32f4xx_dbgmcu.c 0x00000000   Number         0  stm32f4xx_dbgmcu.o ABSOLUTE
    ..\\..\\stl\\StdPeriph_Driver\\src\\stm32f4xx_dcmi.c 0x00000000   Number         0  stm32f4xx_dcmi.o ABSOLUTE
    ..\\..\\stl\\StdPeriph_Driver\\src\\stm32f4xx_dfsdm.c 0x00000000   Number         0  stm32f4xx_dfsdm.o ABSOLUTE
    ..\\..\\stl\\StdPeriph_Driver\\src\\stm32f4xx_dma.c 0x00000000   Number         0  stm32f4xx_dma.o ABSOLUTE
    ..\\..\\stl\\StdPeriph_Driver\\src\\stm32f4xx_dma2d.c 0x00000000   Number         0  stm32f4xx_dma2d.o ABSOLUTE
    ..\\..\\stl\\StdPeriph_Driver\\src\\stm32f4xx_dsi.c 0x00000000   Number         0  stm32f4xx_dsi.o ABSOLUTE
    ..\\..\\stl\\StdPeriph_Driver\\src\\stm32f4xx_exti.c 0x00000000   Number         0  stm32f4xx_exti.o ABSOLUTE
    ..\\..\\stl\\StdPeriph_Driver\\src\\stm32f4xx_flash.c 0x00000000   Number         0  stm32f4xx_flash.o ABSOLUTE
    ..\\..\\stl\\StdPeriph_Driver\\src\\stm32f4xx_flash_ramfunc.c 0x00000000   Number         0  stm32f4xx_flash_ramfunc.o ABSOLUTE
    ..\\..\\stl\\StdPeriph_Driver\\src\\stm32f4xx_fmc.c 0x00000000   Number         0  stm32f4xx_fmc.o ABSOLUTE
    ..\\..\\stl\\StdPeriph_Driver\\src\\stm32f4xx_fmip2c.c 0x00000000   Number         0  stm32f4xx_fmip2c.o ABSOLUTE
    ..\\..\\stl\\StdPeriph_Driver\\src\\stm32f4xx_fsmc.c 0x00000000   Number         0  stm32f4xx_fsmc.o ABSOLUTE
    ..\\..\\stl\\StdPeriph_Driver\\src\\stm32f4xx_gpio.c 0x00000000   Number         0  stm32f4xx_gpio.o ABSOLUTE
    ..\\..\\stl\\StdPeriph_Driver\\src\\stm32f4xx_hash.c 0x00000000   Number         0  stm32f4xx_hash.o ABSOLUTE
    ..\\..\\stl\\StdPeriph_Driver\\src\\stm32f4xx_hash_md5.c 0x00000000   Number         0  stm32f4xx_hash_md5.o ABSOLUTE
    ..\\..\\stl\\StdPeriph_Driver\\src\\stm32f4xx_hash_sha1.c 0x00000000   Number         0  stm32f4xx_hash_sha1.o ABSOLUTE
    ..\\..\\stl\\StdPeriph_Driver\\src\\stm32f4xx_i2c.c 0x00000000   Number         0  stm32f4xx_i2c.o ABSOLUTE
    ..\\..\\stl\\StdPeriph_Driver\\src\\stm32f4xx_iwdg.c 0x00000000   Number         0  stm32f4xx_iwdg.o ABSOLUTE
    ..\\..\\stl\\StdPeriph_Driver\\src\\stm32f4xx_lptim.c 0x00000000   Number         0  stm32f4xx_lptim.o ABSOLUTE
    ..\\..\\stl\\StdPeriph_Driver\\src\\stm32f4xx_ltdc.c 0x00000000   Number         0  stm32f4xx_ltdc.o ABSOLUTE
    ..\\..\\stl\\StdPeriph_Driver\\src\\stm32f4xx_pwr.c 0x00000000   Number         0  stm32f4xx_pwr.o ABSOLUTE
    ..\\..\\stl\\StdPeriph_Driver\\src\\stm32f4xx_qspi.c 0x00000000   Number         0  stm32f4xx_qspi.o ABSOLUTE
    ..\\..\\stl\\StdPeriph_Driver\\src\\stm32f4xx_rcc.c 0x00000000   Number         0  stm32f4xx_rcc.o ABSOLUTE
    ..\\..\\stl\\StdPeriph_Driver\\src\\stm32f4xx_rng.c 0x00000000   Number         0  stm32f4xx_rng.o ABSOLUTE
    ..\\..\\stl\\StdPeriph_Driver\\src\\stm32f4xx_rtc.c 0x00000000   Number         0  stm32f4xx_rtc.o ABSOLUTE
    ..\\..\\stl\\StdPeriph_Driver\\src\\stm32f4xx_sai.c 0x00000000   Number         0  stm32f4xx_sai.o ABSOLUTE
    ..\\..\\stl\\StdPeriph_Driver\\src\\stm32f4xx_sdio.c 0x00000000   Number         0  stm32f4xx_sdio.o ABSOLUTE
    ..\\..\\stl\\StdPeriph_Driver\\src\\stm32f4xx_spdifrx.c 0x00000000   Number         0  stm32f4xx_spdifrx.o ABSOLUTE
    ..\\..\\stl\\StdPeriph_Driver\\src\\stm32f4xx_spi.c 0x00000000   Number         0  stm32f4xx_spi.o ABSOLUTE
    ..\\..\\stl\\StdPeriph_Driver\\src\\stm32f4xx_syscfg.c 0x00000000   Number         0  stm32f4xx_syscfg.o ABSOLUTE
    ..\\..\\stl\\StdPeriph_Driver\\src\\stm32f4xx_tim.c 0x00000000   Number         0  stm32f4xx_tim.o ABSOLUTE
    ..\\..\\stl\\StdPeriph_Driver\\src\\stm32f4xx_usart.c 0x00000000   Number         0  stm32f4xx_usart.o ABSOLUTE
    ..\\..\\stl\\StdPeriph_Driver\\src\\stm32f4xx_wwdg.c 0x00000000   Number         0  stm32f4xx_wwdg.o ABSOLUTE
    ..\\..\\stl\\src\\arm\\startup_stm32f427xx.s 0x00000000   Number         0  startup_stm32f427xx.o ABSOLUTE
    ..\\..\\stl\\src\\system_stm32f4xx.c     0x00000000   Number         0  system_stm32f4xx.o ABSOLUTE
    ..\\..\\usr\\src\\main.c                 0x00000000   Number         0  main.o ABSOLUTE
    ..\\..\\usr\\src\\stm32f4xx_it.c         0x00000000   Number         0  stm32f4xx_it.o ABSOLUTE
    cdcmple.s                                0x00000000   Number         0  cdcmple.o ABSOLUTE
    cdrcmple.s                               0x00000000   Number         0  cdrcmple.o ABSOLUTE
    dc.s                                     0x00000000   Number         0  dc.o ABSOLUTE
    handlers.s                               0x00000000   Number         0  handlers.o ABSOLUTE
    init.s                                   0x00000000   Number         0  init.o ABSOLUTE
    RESET                                    0x08000000   Section      428  startup_stm32f427xx.o(RESET)
    .ARM.Collect$$$$00000000                 0x080001ac   Section        0  entry.o(.ARM.Collect$$$$00000000)
    .ARM.Collect$$$$00000001                 0x080001ac   Section        4  entry2.o(.ARM.Collect$$$$00000001)
    .ARM.Collect$$$$00000004                 0x080001b0   Section        4  entry5.o(.ARM.Collect$$$$00000004)
    .ARM.Collect$$$$00000008                 0x080001b4   Section        0  entry7b.o(.ARM.Collect$$$$00000008)
    .ARM.Collect$$$$0000000A                 0x080001b4   Section        0  entry8b.o(.ARM.Collect$$$$0000000A)
    .ARM.Collect$$$$0000000B                 0x080001b4   Section        8  entry9a.o(.ARM.Collect$$$$0000000B)
    .ARM.Collect$$$$0000000D                 0x080001bc   Section        0  entry10a.o(.ARM.Collect$$$$0000000D)
    .ARM.Collect$$$$0000000F                 0x080001bc   Section        0  entry11a.o(.ARM.Collect$$$$0000000F)
    .ARM.Collect$$$$00002712                 0x080001bc   Section        4  entry2.o(.ARM.Collect$$$$00002712)
    __lit__00000000                          0x080001bc   Data           4  entry2.o(.ARM.Collect$$$$00002712)
    .text                                    0x080001c0   Section       36  startup_stm32f427xx.o(.text)
    $v0                                      0x080001c0   Number         0  startup_stm32f427xx.o(.text)
    .text                                    0x080001e4   Section        0  memseta.o(.text)
    .text                                    0x08000208   Section       36  init.o(.text)
    i.Bsp_Config                             0x0800022c   Section        0  bsp.o(i.Bsp_Config)
    i.BtmRxCallback                          0x08000270   Section        0  com_srv.o(i.BtmRxCallback)
    i.Btm_Config                             0x08000274   Section        0  btm.o(i.Btm_Config)
    i.Btm_Proc                               0x080002e4   Section        0  com.o(i.Btm_Proc)
    i.Btm_ReadByte                           0x080002ec   Section        0  btm.o(i.Btm_ReadByte)
    i.Btn_Config                             0x08000330   Section        0  btn.o(i.Btn_Config)
    i.BusFault_Handler                       0x0800033c   Section        0  stm32f4xx_it.o(i.BusFault_Handler)
    i.CAN1_RX0_IRQHandler                    0x08000340   Section        0  can1.o(i.CAN1_RX0_IRQHandler)
    i.CAN1_TX_IRQHandler                     0x08000384   Section        0  can1.o(i.CAN1_TX_IRQHandler)
    i.CAN2_RX0_IRQHandler                    0x080003a8   Section        0  can2.o(i.CAN2_RX0_IRQHandler)
    i.CAN2_TX_IRQHandler                     0x080003ec   Section        0  can2.o(i.CAN2_TX_IRQHandler)
    i.CAN_ClearFlag                          0x08000410   Section        0  stm32f4xx_can.o(i.CAN_ClearFlag)
    i.CAN_ClearITPendingBit                  0x08000440   Section        0  stm32f4xx_can.o(i.CAN_ClearITPendingBit)
    i.CAN_Config                             0x080004b8   Section        0  stm32util.o(i.CAN_Config)
    i.CAN_FilterInit                         0x08000524   Section        0  stm32f4xx_can.o(i.CAN_FilterInit)
    i.CAN_Filter_Config                      0x080005f0   Section        0  stm32util.o(i.CAN_Filter_Config)
    i.CAN_GetITStatus                        0x08000628   Section        0  stm32f4xx_can.o(i.CAN_GetITStatus)
    i.CAN_ITConfig                           0x080006d0   Section        0  stm32f4xx_can.o(i.CAN_ITConfig)
    i.CAN_Init                               0x080006e0   Section        0  stm32f4xx_can.o(i.CAN_Init)
    i.CAN_Receive                            0x080007c8   Section        0  stm32f4xx_can.o(i.CAN_Receive)
    i.CAN_Transmit                           0x08000858   Section        0  stm32f4xx_can.o(i.CAN_Transmit)
    i.CM_Cmd                                 0x080008fc   Section        0  motor.o(i.CM_Cmd)
    i.CS_Set                                 0x0800094a   Section        0  sys.o(i.CS_Set)
    i.Can1RxCallback                         0x08000950   Section        0  can_srv.o(i.Can1RxCallback)
    i.Can1_Config                            0x08000954   Section        0  can1.o(i.Can1_Config)
    i.Can2RxCallback                         0x080009c4   Section        0  can_srv.o(i.Can2RxCallback)
    i.Can2_Config                            0x080009c8   Section        0  can2.o(i.Can2_Config)
    i.Can_Init                               0x08000a38   Section        0  can.o(i.Can_Init)
    i.Can_Proc                               0x08000a68   Section        0  can.o(i.Can_Proc)
    i.CheckITStatus                          0x08000b0c   Section        0  stm32f4xx_can.o(i.CheckITStatus)
    CheckITStatus                            0x08000b0d   Thumb Code    12  stm32f4xx_can.o(i.CheckITStatus)
    i.Clk_GetUsTick                          0x08000b18   Section        0  clk.o(i.Clk_GetUsTick)
    i.Clk_Spin                               0x08000b24   Section        0  clk.o(i.Clk_Spin)
    i.Cmd_Init                               0x08000b34   Section        0  cmd.o(i.Cmd_Init)
    i.DBUS_Dec                               0x08000b88   Section        0  dbus.o(i.DBUS_Dec)
    i.DBUS_Rst                               0x08000ba0   Section        0  dbus.o(i.DBUS_Rst)
    i.DMA_Cmd                                0x08000bb4   Section        0  stm32f4xx_dma.o(i.DMA_Cmd)
    i.DMA_Config                             0x08000bc8   Section        0  stm32util.o(i.DMA_Config)
    i.DMA_DoubleBufferModeCmd                0x08000c34   Section        0  stm32f4xx_dma.o(i.DMA_DoubleBufferModeCmd)
    i.DMA_DoubleBufferModeConfig             0x08000c48   Section        0  stm32f4xx_dma.o(i.DMA_DoubleBufferModeConfig)
    i.DMA_GetCurrDataCounter                 0x08000c5e   Section        0  stm32f4xx_dma.o(i.DMA_GetCurrDataCounter)
    i.DMA_GetCurrentMemoryTarget             0x08000c64   Section        0  stm32f4xx_dma.o(i.DMA_GetCurrentMemoryTarget)
    i.DMA_Init                               0x08000c74   Section        0  stm32f4xx_dma.o(i.DMA_Init)
    i.DbiRxCallback                          0x08000cc8   Section        0  com_srv.o(i.DbiRxCallback)
    i.Dbi_Config                             0x08000ccc   Section        0  dbi.o(i.Dbi_Config)
    i.Dbi_Proc                               0x08000d3c   Section        0  com.o(i.Dbi_Proc)
    i.Dbi_ReadByte                           0x08000d44   Section        0  dbi.o(i.Dbi_ReadByte)
    i.Dci_Init                               0x08000d88   Section        0  dci.o(i.Dci_Init)
    i.Dci_Proc                               0x08000da0   Section        0  dci.o(i.Dci_Proc)
    i.DebugMon_Handler                       0x08000dd8   Section        0  stm32f4xx_it.o(i.DebugMon_Handler)
    i.Ekf_Init                               0x08000dda   Section        0  ekf.o(i.Ekf_Init)
    i.Ekf_Proc                               0x08000de2   Section        0  ekf.o(i.Ekf_Proc)
    i.Ekf_Reset                              0x08000e2c   Section        0  ekf.o(i.Ekf_Reset)
    i.Ekf_SetE                               0x08000e48   Section        0  ekf.o(i.Ekf_SetE)
    i.FIFO_Flush                             0x08000e4e   Section        0  fifo.o(i.FIFO_Flush)
    i.FIFO_Init                              0x08000e64   Section        0  fifo.o(i.FIFO_Init)
    i.FIFO_IsEmpty                           0x08000e6c   Section        0  fifo.o(i.FIFO_IsEmpty)
    i.FIFO_IsFull                            0x08000e78   Section        0  fifo.o(i.FIFO_IsFull)
    i.FIFO_Pop                               0x08000e88   Section        0  fifo.o(i.FIFO_Pop)
    i.FIFO_Push                              0x08000ebc   Section        0  fifo.o(i.FIFO_Push)
    i.FS_Clr                                 0x08000ef6   Section        0  sys.o(i.FS_Clr)
    i.Flag_Clr                               0x08000efa   Section        0  fun.o(i.Flag_Clr)
    i.GPIO_AF                                0x08000f02   Section        0  stm32util.o(i.GPIO_AF)
    i.GPIO_Config                            0x08000f2c   Section        0  stm32util.o(i.GPIO_Config)
    i.GPIO_In                                0x08001044   Section        0  stm32util.o(i.GPIO_In)
    i.GPIO_Init                              0x08001054   Section        0  stm32f4xx_gpio.o(i.GPIO_Init)
    i.GPIO_Out                               0x080010f6   Section        0  stm32util.o(i.GPIO_Out)
    i.GPIO_PinAFConfig                       0x08001108   Section        0  stm32f4xx_gpio.o(i.GPIO_PinAFConfig)
    i.GPIO_ResetBits                         0x08001128   Section        0  stm32f4xx_gpio.o(i.GPIO_ResetBits)
    i.GPIO_SetBits                           0x0800112c   Section        0  stm32f4xx_gpio.o(i.GPIO_SetBits)
    i.GetChassisVelocityRef                  0x08001130   Section        0  hci.o(i.GetChassisVelocityRef)
    GetChassisVelocityRef                    0x08001131   Thumb Code   174  hci.o(i.GetChassisVelocityRef)
    i.GetChassisVelocityRef                  0x080011f8   Section        0  rci.o(i.GetChassisVelocityRef)
    GetChassisVelocityRef                    0x080011f9   Thumb Code   128  rci.o(i.GetChassisVelocityRef)
    i.GetFunctionalStateRef                  0x08001288   Section        0  hci.o(i.GetFunctionalStateRef)
    GetFunctionalStateRef                    0x08001289   Thumb Code    84  hci.o(i.GetFunctionalStateRef)
    i.GetSwitchEvents                        0x080012e0   Section        0  rci.o(i.GetSwitchEvents)
    i.GetSwitchStates                        0x08001304   Section        0  rci.o(i.GetSwitchStates)
    i.HCP_Dec                                0x08001344   Section        0  hcp.o(i.HCP_Dec)
    i.HCP_Rst                                0x08001362   Section        0  hcp.o(i.HCP_Rst)
    i.HardFault_Handler                      0x0800137e   Section        0  stm32f4xx_it.o(i.HardFault_Handler)
    i.Hci_Init                               0x08001380   Section        0  hci.o(i.Hci_Init)
    i.Hci_Proc                               0x080013d8   Section        0  hci.o(i.Hci_Proc)
    i.Ios_GetByte                            0x080013ea   Section        0  ios.o(i.Ios_GetByte)
    i.Ios_Init                               0x08001420   Section        0  ios.o(i.Ios_Init)
    i.Ios_PutByte                            0x0800143c   Section        0  ios.o(i.Ios_PutByte)
    i.Ios_SetIn                              0x0800145c   Section        0  ios.o(i.Ios_SetIn)
    i.Ios_SetOut                             0x0800146c   Section        0  ios.o(i.Ios_SetOut)
    i.Led_Config                             0x0800147c   Section        0  led.o(i.Led_Config)
    i.MS_Set                                 0x080014ac   Section        0  sys.o(i.MS_Set)
    i.Maf_Init                               0x080014b2   Section        0  maf.o(i.Maf_Init)
    i.Maf_Proc                               0x080014ba   Section        0  maf.o(i.Maf_Proc)
    i.Maf_Reset                              0x080014fc   Section        0  maf.o(i.Maf_Reset)
    i.Mec_Config                             0x0800151c   Section        0  mec.o(i.Mec_Config)
    i.Mec_Decomp                             0x08001528   Section        0  mec.o(i.Mec_Decomp)
    i.Mecanum_Config                         0x08001538   Section        0  mecanum.o(i.Mecanum_Config)
    i.Mecanum_Decomp                         0x0800156a   Section        0  mecanum.o(i.Mecanum_Decomp)
    i.MemManage_Handler                      0x080015f8   Section        0  stm32f4xx_it.o(i.MemManage_Handler)
    i.Motor_Process                          0x080015fc   Section        0  can.o(i.Motor_Process)
    i.Motor_Reset                            0x08001758   Section        0  can.o(i.Motor_Reset)
    i.NMI_Handler                            0x080017a8   Section        0  stm32f4xx_it.o(i.NMI_Handler)
    i.NVIC_Config                            0x080017aa   Section        0  stm32util.o(i.NVIC_Config)
    i.NVIC_Init                              0x080017c8   Section        0  misc.o(i.NVIC_Init)
    i.NVIC_PriorityGroupConfig               0x0800182c   Section        0  misc.o(i.NVIC_PriorityGroupConfig)
    i.PWM_Bind                               0x08001840   Section        0  stm32util.o(i.PWM_Bind)
    i.PendSV_Handler                         0x08002d84   Section        0  stm32f4xx_it.o(i.PendSV_Handler)
    i.Pwm_Config                             0x08002d88   Section        0  pwm.o(i.Pwm_Config)
    i.RCC_AHB1PeriphClockCmd                 0x08002dd4   Section        0  stm32f4xx_rcc.o(i.RCC_AHB1PeriphClockCmd)
    i.RCC_APB1PeriphClockCmd                 0x08002dec   Section        0  stm32f4xx_rcc.o(i.RCC_APB1PeriphClockCmd)
    i.RCC_APB2PeriphClockCmd                 0x08002e04   Section        0  stm32f4xx_rcc.o(i.RCC_APB2PeriphClockCmd)
    i.RCC_GetClocksFreq                      0x08002e1c   Section        0  stm32f4xx_rcc.o(i.RCC_GetClocksFreq)
    i.RCP_Dec                                0x08002eb0   Section        0  rcp.o(i.RCP_Dec)
    i.RCP_Rst                                0x08002f00   Section        0  rcp.o(i.RCP_Rst)
    i.Rci_Init                               0x08002f28   Section        0  rci.o(i.Rci_Init)
    i.Rci_Proc                               0x08002f50   Section        0  rci.o(i.Rci_Proc)
    i.RcvCallback                            0x08002f54   Section        0  rcv_srv.o(i.RcvCallback)
    i.Rcv_Config                             0x08002f58   Section        0  rcv.o(i.Rcv_Config)
    i.Rcv_Proc                               0x08002fec   Section        0  dci.o(i.Rcv_Proc)
    i.SVC_Handler                            0x0800300c   Section        0  stm32f4xx_it.o(i.SVC_Handler)
    i.Sch_Proc                               0x08003010   Section        0  sch.o(i.Sch_Proc)
    i.SetSysClock                            0x0800303c   Section        0  system_stm32f4xx.o(i.SetSysClock)
    SetSysClock                              0x0800303d   Thumb Code   190  system_stm32f4xx.o(i.SetSysClock)
    i.SyncTimCallback                        0x0800310c   Section        0  tim_srv.o(i.SyncTimCallback)
    i.SyncTim_Config                         0x08003110   Section        0  tim.o(i.SyncTim_Config)
    i.SystemInit                             0x0800313c   Section        0  system_stm32f4xx.o(i.SystemInit)
    i.TIM2_IRQHandler                        0x08003198   Section        0  tim.o(i.TIM2_IRQHandler)
    i.TIM6_DAC_IRQHandler                    0x080031c4   Section        0  tim.o(i.TIM6_DAC_IRQHandler)
    i.TIM_ARRPreloadConfig                   0x080031f4   Section        0  stm32f4xx_tim.o(i.TIM_ARRPreloadConfig)
    i.TIM_ClearFlag                          0x08003208   Section        0  stm32f4xx_tim.o(i.TIM_ClearFlag)
    i.TIM_ClearITPendingBit                  0x0800320e   Section        0  stm32f4xx_tim.o(i.TIM_ClearITPendingBit)
    i.TIM_Cmd                                0x08003214   Section        0  stm32f4xx_tim.o(i.TIM_Cmd)
    i.TIM_Config                             0x08003228   Section        0  stm32util.o(i.TIM_Config)
    i.TIM_GetITStatus                        0x0800336c   Section        0  stm32f4xx_tim.o(i.TIM_GetITStatus)
    i.TIM_ITConfig                           0x08003384   Section        0  stm32f4xx_tim.o(i.TIM_ITConfig)
    i.TIM_OC1Init                            0x08003394   Section        0  stm32f4xx_tim.o(i.TIM_OC1Init)
    i.TIM_OC1PreloadConfig                   0x080033f4   Section        0  stm32f4xx_tim.o(i.TIM_OC1PreloadConfig)
    i.TIM_OC2Init                            0x08003400   Section        0  stm32f4xx_tim.o(i.TIM_OC2Init)
    i.TIM_OC2PreloadConfig                   0x08003480   Section        0  stm32f4xx_tim.o(i.TIM_OC2PreloadConfig)
    i.TIM_OC3Init                            0x08003494   Section        0  stm32f4xx_tim.o(i.TIM_OC3Init)
    i.TIM_OC3PreloadConfig                   0x08003510   Section        0  stm32f4xx_tim.o(i.TIM_OC3PreloadConfig)
    i.TIM_OC4Init                            0x0800351c   Section        0  stm32f4xx_tim.o(i.TIM_OC4Init)
    i.TIM_OC4PreloadConfig                   0x0800357c   Section        0  stm32f4xx_tim.o(i.TIM_OC4PreloadConfig)
    i.TIM_OC_Config                          0x08003590   Section        0  stm32util.o(i.TIM_OC_Config)
    i.TIM_TimeBaseInit                       0x08003614   Section        0  stm32f4xx_tim.o(i.TIM_TimeBaseInit)
    i.TickTimCallback                        0x08003690   Section        0  tim_srv.o(i.TickTimCallback)
    i.TickTim_Config                         0x08003694   Section        0  tim.o(i.TickTim_Config)
    i.TickTim_Start                          0x080036b8   Section        0  tim.o(i.TickTim_Start)
    i.Tim_Config                             0x080036da   Section        0  tim.o(i.Tim_Config)
    i.TtyRxCallback                          0x080036e8   Section        0  com_srv.o(i.TtyRxCallback)
    i.Tty_Config                             0x080036ec   Section        0  tty.o(i.Tty_Config)
    i.Tty_Proc                               0x0800375c   Section        0  com.o(i.Tty_Proc)
    i.Tty_ReadByte                           0x08003764   Section        0  tty.o(i.Tty_ReadByte)
    i.USART1_IRQHandler                      0x080037a8   Section        0  rcv.o(i.USART1_IRQHandler)
    i.USART2_IRQHandler                      0x0800382c   Section        0  btm.o(i.USART2_IRQHandler)
    i.USART3_IRQHandler                      0x080038c4   Section        0  dbi.o(i.USART3_IRQHandler)
    i.USART6_IRQHandler                      0x0800395c   Section        0  tty.o(i.USART6_IRQHandler)
    i.USART_Bind                             0x080039f4   Section        0  stm32util.o(i.USART_Bind)
    i.USART_ClearFlag                        0x080047d4   Section        0  stm32f4xx_usart.o(i.USART_ClearFlag)
    i.USART_ClearITPendingBit                0x080047da   Section        0  stm32f4xx_usart.o(i.USART_ClearITPendingBit)
    i.USART_Cmd                              0x080047e6   Section        0  stm32f4xx_usart.o(i.USART_Cmd)
    i.USART_Config                           0x080047fc   Section        0  stm32util.o(i.USART_Config)
    i.USART_DMACmd                           0x0800498c   Section        0  stm32f4xx_usart.o(i.USART_DMACmd)
    i.USART_GetFlagStatus                    0x0800499c   Section        0  stm32f4xx_usart.o(i.USART_GetFlagStatus)
    i.USART_GetITStatus                      0x080049aa   Section        0  stm32f4xx_usart.o(i.USART_GetITStatus)
    i.USART_ITConfig                         0x080049e8   Section        0  stm32f4xx_usart.o(i.USART_ITConfig)
    i.USART_Init                             0x08004a18   Section        0  stm32f4xx_usart.o(i.USART_Init)
    i.USART_ReceiveData                      0x08004ac4   Section        0  stm32f4xx_usart.o(i.USART_ReceiveData)
    i.USART_SendData                         0x08004acc   Section        0  stm32f4xx_usart.o(i.USART_SendData)
    i.UsageFault_Handler                     0x08004ad4   Section        0  stm32f4xx_it.o(i.UsageFault_Handler)
    i.Wdg_Feed                               0x08004ad8   Section        0  wdg.o(i.Wdg_Feed)
    i.Wdg_IsErrSet                           0x08004ae8   Section        0  wdg.o(i.Wdg_IsErrSet)
    i.ZGyro_Process                          0x08004afc   Section        0  can.o(i.ZGyro_Process)
    i.ZGyro_Reset                            0x08004b84   Section        0  can.o(i.ZGyro_Reset)
    i.__scatterload_copy                     0x08004bac   Section       14  handlers.o(i.__scatterload_copy)
    i.__scatterload_null                     0x08004bba   Section        2  handlers.o(i.__scatterload_null)
    i.__scatterload_zeroinit                 0x08004bbc   Section       14  handlers.o(i.__scatterload_zeroinit)
    i.cmd                                    0x08004bcc   Section        0  main.o(i.cmd)
    i.main                                   0x08004cc0   Section        0  main.o(i.main)
    i.map                                    0x08004ce6   Section        0  fun.o(i.map)
    i.mec_cfg                                0x08004d00   Section        0  main.o(i.mec_cfg)
    .data                                    0x20000000   Section        8  sch.o(.data)
    first                                    0x20000000   Data           4  sch.o(.data)
    last                                     0x20000004   Data           4  sch.o(.data)
    .data                                    0x20000008   Section      148  cfg.o(.data)
    .data                                    0x2000009c   Section        4  clk.o(.data)
    us_tick                                  0x2000009c   Data           4  clk.o(.data)
    .data                                    0x200000a0   Section        4  cmd.o(.data)
    .data                                    0x200000a4   Section       16  hci.o(.data)
    lastRawMouseButtonStates                 0x200000a8   Data           2  hci.o(.data)
    lastMouseButtonStates                    0x200000aa   Data           2  hci.o(.data)
    mouseButtonPressedCounts                 0x200000ac   Data           8  hci.o(.data)
    .data                                    0x200000b4   Section        8  ios.o(.data)
    .data                                    0x200000bc   Section       16  rci.o(.data)
    lastRawSwitchStates                      0x200000c0   Data           2  rci.o(.data)
    lastSwitchStates                         0x200000c2   Data           2  rci.o(.data)
    switchConfirmCounts                      0x200000c4   Data           8  rci.o(.data)
    .data                                    0x200000cc   Section       52  wdg.o(.data)
    err                                      0x200000cc   Data           4  wdg.o(.data)
    .data                                    0x20000100   Section       16  stm32f4xx_rcc.o(.data)
    APBAHBPrescTable                         0x20000100   Data          16  stm32f4xx_rcc.o(.data)
    .bss                                     0x20000110   Section       28  main.o(.bss)
    .bss                                     0x2000012c   Section      664  can.o(.bss)
    .bss                                     0x200003c4   Section       28  cmd.o(.bss)
    .bss                                     0x200003e0   Section       22  dci.o(.bss)
    .bss                                     0x200003f8   Section      168  hci.o(.bss)
    fx                                       0x200003f8   Data          16  hci.o(.bss)
    fy                                       0x20000408   Data          16  hci.o(.bss)
    fz                                       0x20000418   Data          16  hci.o(.bss)
    buf                                      0x20000428   Data         120  hci.o(.bss)
    .bss                                     0x200004a0   Section       20  mec.o(.bss)
    .bss                                     0x200004b4   Section      552  btm.o(.bss)
    rx_fifo                                  0x200004b4   Data          20  btm.o(.bss)
    tx_fifo                                  0x200004c8   Data          20  btm.o(.bss)
    rx_buf                                   0x200004dc   Data         256  btm.o(.bss)
    tx_buf                                   0x200005dc   Data         256  btm.o(.bss)
    .bss                                     0x200006dc   Section      552  dbi.o(.bss)
    rx_fifo                                  0x200006dc   Data          20  dbi.o(.bss)
    tx_fifo                                  0x200006f0   Data          20  dbi.o(.bss)
    rx_buf                                   0x20000704   Data         256  dbi.o(.bss)
    tx_buf                                   0x20000804   Data         256  dbi.o(.bss)
    .bss                                     0x20000904   Section       72  rcv.o(.bss)
    buf                                      0x20000904   Data          72  rcv.o(.bss)
    .bss                                     0x2000094c   Section      552  tty.o(.bss)
    rx_fifo                                  0x2000094c   Data          20  tty.o(.bss)
    tx_fifo                                  0x20000960   Data          20  tty.o(.bss)
    rx_buf                                   0x20000974   Data         256  tty.o(.bss)
    tx_buf                                   0x20000a74   Data         256  tty.o(.bss)
    STACK                                    0x20000b78   Section     1024  startup_stm32f427xx.o(STACK)

    Global Symbols

    Symbol Name                              Value     Ov Type        Size  Object(Section)

    BuildAttributes$$THM_ISAv4$E$P$D$K$B$S$7EM$VFPi3$EXTD16$VFPS$VFMA$PE$A:L22UL41UL21$X:L11$S22US41US21$IEEE1$IW$USESV6$~STKCKD$USESV7$~SHL$OTIME$ROPI$IEEEX$EBA8$MICROLIB$REQ8$PRES8$EABIv2 0x00000000   Number         0  anon$$obj.o ABSOLUTE
    __ARM_use_no_argv                        0x00000000   Number         0  main.o ABSOLUTE
    _printf_a                                0x00000000   Number         0  stubs.o ABSOLUTE
    _printf_c                                0x00000000   Number         0  stubs.o ABSOLUTE
    _printf_charcount                        0x00000000   Number         0  stubs.o ABSOLUTE
    _printf_d                                0x00000000   Number         0  stubs.o ABSOLUTE
    _printf_e                                0x00000000   Number         0  stubs.o ABSOLUTE
    _printf_f                                0x00000000   Number         0  stubs.o ABSOLUTE
    _printf_flags                            0x00000000   Number         0  stubs.o ABSOLUTE
    _printf_fp_dec                           0x00000000   Number         0  stubs.o ABSOLUTE
    _printf_fp_hex                           0x00000000   Number         0  stubs.o ABSOLUTE
    _printf_g                                0x00000000   Number         0  stubs.o ABSOLUTE
    _printf_i                                0x00000000   Number         0  stubs.o ABSOLUTE
    _printf_int_dec                          0x00000000   Number         0  stubs.o ABSOLUTE
    _printf_l                                0x00000000   Number         0  stubs.o ABSOLUTE
    _printf_lc                               0x00000000   Number         0  stubs.o ABSOLUTE
    _printf_ll                               0x00000000   Number         0  stubs.o ABSOLUTE
    _printf_lld                              0x00000000   Number         0  stubs.o ABSOLUTE
    _printf_lli                              0x00000000   Number         0  stubs.o ABSOLUTE
    _printf_llo                              0x00000000   Number         0  stubs.o ABSOLUTE
    _printf_llu                              0x00000000   Number         0  stubs.o ABSOLUTE
    _printf_llx                              0x00000000   Number         0  stubs.o ABSOLUTE
    _printf_longlong_dec                     0x00000000   Number         0  stubs.o ABSOLUTE
    _printf_longlong_hex                     0x00000000   Number         0  stubs.o ABSOLUTE
    _printf_longlong_oct                     0x00000000   Number         0  stubs.o ABSOLUTE
    _printf_ls                               0x00000000   Number         0  stubs.o ABSOLUTE
    _printf_mbtowc                           0x00000000   Number         0  stubs.o ABSOLUTE
    _printf_n                                0x00000000   Number         0  stubs.o ABSOLUTE
    _printf_o                                0x00000000   Number         0  stubs.o ABSOLUTE
    _printf_p                                0x00000000   Number         0  stubs.o ABSOLUTE
    _printf_percent                          0x00000000   Number         0  stubs.o ABSOLUTE
    _printf_pre_padding                      0x00000000   Number         0  stubs.o ABSOLUTE
    _printf_return_value                     0x00000000   Number         0  stubs.o ABSOLUTE
    _printf_s                                0x00000000   Number         0  stubs.o ABSOLUTE
    _printf_sizespec                         0x00000000   Number         0  stubs.o ABSOLUTE
    _printf_str                              0x00000000   Number         0  stubs.o ABSOLUTE
    _printf_truncate_signed                  0x00000000   Number         0  stubs.o ABSOLUTE
    _printf_truncate_unsigned                0x00000000   Number         0  stubs.o ABSOLUTE
    _printf_u                                0x00000000   Number         0  stubs.o ABSOLUTE
    _printf_wc                               0x00000000   Number         0  stubs.o ABSOLUTE
    _printf_wctomb                           0x00000000   Number         0  stubs.o ABSOLUTE
    _printf_widthprec                        0x00000000   Number         0  stubs.o ABSOLUTE
    _printf_x                                0x00000000   Number         0  stubs.o ABSOLUTE
    __cpp_initialize__aeabi_                  - Undefined Weak Reference
    __cxa_finalize                            - Undefined Weak Reference
    __decompress                              - Undefined Weak Reference
    _clock_init                               - Undefined Weak Reference
    _microlib_exit                            - Undefined Weak Reference
    __Vectors_Size                           0x000001ac   Number         0  startup_stm32f427xx.o ABSOLUTE
    __Vectors                                0x08000000   Data           4  startup_stm32f427xx.o(RESET)
    __Vectors_End                            0x080001ac   Data           0  startup_stm32f427xx.o(RESET)
    __main                                   0x080001ad   Thumb Code     0  entry.o(.ARM.Collect$$$$00000000)
    _main_stk                                0x080001ad   Thumb Code     0  entry2.o(.ARM.Collect$$$$00000001)
    _main_scatterload                        0x080001b1   Thumb Code     0  entry5.o(.ARM.Collect$$$$00000004)
    __main_after_scatterload                 0x080001b5   Thumb Code     0  entry5.o(.ARM.Collect$$$$00000004)
    _main_clock                              0x080001b5   Thumb Code     0  entry7b.o(.ARM.Collect$$$$00000008)
    _main_cpp_init                           0x080001b5   Thumb Code     0  entry8b.o(.ARM.Collect$$$$0000000A)
    _main_init                               0x080001b5   Thumb Code     0  entry9a.o(.ARM.Collect$$$$0000000B)
    __rt_final_cpp                           0x080001bd   Thumb Code     0  entry10a.o(.ARM.Collect$$$$0000000D)
    __rt_final_exit                          0x080001bd   Thumb Code     0  entry11a.o(.ARM.Collect$$$$0000000F)
    Reset_Handler                            0x080001c1   Thumb Code     8  startup_stm32f427xx.o(.text)
    SysTick_Handler                          0x080001d9   Thumb Code     2  startup_stm32f427xx.o(.text)
    ADC_IRQHandler                           0x080001db   Thumb Code     0  startup_stm32f427xx.o(.text)
    CAN1_RX1_IRQHandler                      0x080001db   Thumb Code     0  startup_stm32f427xx.o(.text)
    CAN1_SCE_IRQHandler                      0x080001db   Thumb Code     0  startup_stm32f427xx.o(.text)
    CAN2_RX1_IRQHandler                      0x080001db   Thumb Code     0  startup_stm32f427xx.o(.text)
    CAN2_SCE_IRQHandler                      0x080001db   Thumb Code     0  startup_stm32f427xx.o(.text)
    DCMI_IRQHandler                          0x080001db   Thumb Code     0  startup_stm32f427xx.o(.text)
    DMA1_Stream0_IRQHandler                  0x080001db   Thumb Code     0  startup_stm32f427xx.o(.text)
    DMA1_Stream1_IRQHandler                  0x080001db   Thumb Code     0  startup_stm32f427xx.o(.text)
    DMA1_Stream2_IRQHandler                  0x080001db   Thumb Code     0  startup_stm32f427xx.o(.text)
    DMA1_Stream3_IRQHandler                  0x080001db   Thumb Code     0  startup_stm32f427xx.o(.text)
    DMA1_Stream4_IRQHandler                  0x080001db   Thumb Code     0  startup_stm32f427xx.o(.text)
    DMA1_Stream5_IRQHandler                  0x080001db   Thumb Code     0  startup_stm32f427xx.o(.text)
    DMA1_Stream6_IRQHandler                  0x080001db   Thumb Code     0  startup_stm32f427xx.o(.text)
    DMA1_Stream7_IRQHandler                  0x080001db   Thumb Code     0  startup_stm32f427xx.o(.text)
    DMA2D_IRQHandler                         0x080001db   Thumb Code     0  startup_stm32f427xx.o(.text)
    DMA2_Stream0_IRQHandler                  0x080001db   Thumb Code     0  startup_stm32f427xx.o(.text)
    DMA2_Stream1_IRQHandler                  0x080001db   Thumb Code     0  startup_stm32f427xx.o(.text)
    DMA2_Stream2_IRQHandler                  0x080001db   Thumb Code     0  startup_stm32f427xx.o(.text)
    DMA2_Stream3_IRQHandler                  0x080001db   Thumb Code     0  startup_stm32f427xx.o(.text)
    DMA2_Stream4_IRQHandler                  0x080001db   Thumb Code     0  startup_stm32f427xx.o(.text)
    DMA2_Stream5_IRQHandler                  0x080001db   Thumb Code     0  startup_stm32f427xx.o(.text)
    DMA2_Stream6_IRQHandler                  0x080001db   Thumb Code     0  startup_stm32f427xx.o(.text)
    DMA2_Stream7_IRQHandler                  0x080001db   Thumb Code     0  startup_stm32f427xx.o(.text)
    ETH_IRQHandler                           0x080001db   Thumb Code     0  startup_stm32f427xx.o(.text)
    ETH_WKUP_IRQHandler                      0x080001db   Thumb Code     0  startup_stm32f427xx.o(.text)
    EXTI0_IRQHandler                         0x080001db   Thumb Code     0  startup_stm32f427xx.o(.text)
    EXTI15_10_IRQHandler                     0x080001db   Thumb Code     0  startup_stm32f427xx.o(.text)
    EXTI1_IRQHandler                         0x080001db   Thumb Code     0  startup_stm32f427xx.o(.text)
    EXTI2_IRQHandler                         0x080001db   Thumb Code     0  startup_stm32f427xx.o(.text)
    EXTI3_IRQHandler                         0x080001db   Thumb Code     0  startup_stm32f427xx.o(.text)
    EXTI4_IRQHandler                         0x080001db   Thumb Code     0  startup_stm32f427xx.o(.text)
    EXTI9_5_IRQHandler                       0x080001db   Thumb Code     0  startup_stm32f427xx.o(.text)
    FLASH_IRQHandler                         0x080001db   Thumb Code     0  startup_stm32f427xx.o(.text)
    FMC_IRQHandler                           0x080001db   Thumb Code     0  startup_stm32f427xx.o(.text)
    FPU_IRQHandler                           0x080001db   Thumb Code     0  startup_stm32f427xx.o(.text)
    HASH_RNG_IRQHandler                      0x080001db   Thumb Code     0  startup_stm32f427xx.o(.text)
    I2C1_ER_IRQHandler                       0x080001db   Thumb Code     0  startup_stm32f427xx.o(.text)
    I2C1_EV_IRQHandler                       0x080001db   Thumb Code     0  startup_stm32f427xx.o(.text)
    I2C2_ER_IRQHandler                       0x080001db   Thumb Code     0  startup_stm32f427xx.o(.text)
    I2C2_EV_IRQHandler                       0x080001db   Thumb Code     0  startup_stm32f427xx.o(.text)
    I2C3_ER_IRQHandler                       0x080001db   Thumb Code     0  startup_stm32f427xx.o(.text)
    I2C3_EV_IRQHandler                       0x080001db   Thumb Code     0  startup_stm32f427xx.o(.text)
    OTG_FS_IRQHandler                        0x080001db   Thumb Code     0  startup_stm32f427xx.o(.text)
    OTG_FS_WKUP_IRQHandler                   0x080001db   Thumb Code     0  startup_stm32f427xx.o(.text)
    OTG_HS_EP1_IN_IRQHandler                 0x080001db   Thumb Code     0  startup_stm32f427xx.o(.text)
    OTG_HS_EP1_OUT_IRQHandler                0x080001db   Thumb Code     0  startup_stm32f427xx.o(.text)
    OTG_HS_IRQHandler                        0x080001db   Thumb Code     0  startup_stm32f427xx.o(.text)
    OTG_HS_WKUP_IRQHandler                   0x080001db   Thumb Code     0  startup_stm32f427xx.o(.text)
    PVD_IRQHandler                           0x080001db   Thumb Code     0  startup_stm32f427xx.o(.text)
    RCC_IRQHandler                           0x080001db   Thumb Code     0  startup_stm32f427xx.o(.text)
    RTC_Alarm_IRQHandler                     0x080001db   Thumb Code     0  startup_stm32f427xx.o(.text)
    RTC_WKUP_IRQHandler                      0x080001db   Thumb Code     0  startup_stm32f427xx.o(.text)
    SAI1_IRQHandler                          0x080001db   Thumb Code     0  startup_stm32f427xx.o(.text)
    SDIO_IRQHandler                          0x080001db   Thumb Code     0  startup_stm32f427xx.o(.text)
    SPI1_IRQHandler                          0x080001db   Thumb Code     0  startup_stm32f427xx.o(.text)
    SPI2_IRQHandler                          0x080001db   Thumb Code     0  startup_stm32f427xx.o(.text)
    SPI3_IRQHandler                          0x080001db   Thumb Code     0  startup_stm32f427xx.o(.text)
    SPI4_IRQHandler                          0x080001db   Thumb Code     0  startup_stm32f427xx.o(.text)
    SPI5_IRQHandler                          0x080001db   Thumb Code     0  startup_stm32f427xx.o(.text)
    SPI6_IRQHandler                          0x080001db   Thumb Code     0  startup_stm32f427xx.o(.text)
    TAMP_STAMP_IRQHandler                    0x080001db   Thumb Code     0  startup_stm32f427xx.o(.text)
    TIM1_BRK_TIM9_IRQHandler                 0x080001db   Thumb Code     0  startup_stm32f427xx.o(.text)
    TIM1_CC_IRQHandler                       0x080001db   Thumb Code     0  startup_stm32f427xx.o(.text)
    TIM1_TRG_COM_TIM11_IRQHandler            0x080001db   Thumb Code     0  startup_stm32f427xx.o(.text)
    TIM1_UP_TIM10_IRQHandler                 0x080001db   Thumb Code     0  startup_stm32f427xx.o(.text)
    TIM3_IRQHandler                          0x080001db   Thumb Code     0  startup_stm32f427xx.o(.text)
    TIM4_IRQHandler                          0x080001db   Thumb Code     0  startup_stm32f427xx.o(.text)
    TIM5_IRQHandler                          0x080001db   Thumb Code     0  startup_stm32f427xx.o(.text)
    TIM7_IRQHandler                          0x080001db   Thumb Code     0  startup_stm32f427xx.o(.text)
    TIM8_BRK_TIM12_IRQHandler                0x080001db   Thumb Code     0  startup_stm32f427xx.o(.text)
    TIM8_CC_IRQHandler                       0x080001db   Thumb Code     0  startup_stm32f427xx.o(.text)
    TIM8_TRG_COM_TIM14_IRQHandler            0x080001db   Thumb Code     0  startup_stm32f427xx.o(.text)
    TIM8_UP_TIM13_IRQHandler                 0x080001db   Thumb Code     0  startup_stm32f427xx.o(.text)
    UART4_IRQHandler                         0x080001db   Thumb Code     0  startup_stm32f427xx.o(.text)
    UART5_IRQHandler                         0x080001db   Thumb Code     0  startup_stm32f427xx.o(.text)
    UART7_IRQHandler                         0x080001db   Thumb Code     0  startup_stm32f427xx.o(.text)
    UART8_IRQHandler                         0x080001db   Thumb Code     0  startup_stm32f427xx.o(.text)
    WWDG_IRQHandler                          0x080001db   Thumb Code     0  startup_stm32f427xx.o(.text)
    __aeabi_memset                           0x080001e5   Thumb Code    14  memseta.o(.text)
    __aeabi_memset4                          0x080001e5   Thumb Code     0  memseta.o(.text)
    __aeabi_memset8                          0x080001e5   Thumb Code     0  memseta.o(.text)
    __aeabi_memclr                           0x080001f3   Thumb Code     4  memseta.o(.text)
    __aeabi_memclr4                          0x080001f3   Thumb Code     0  memseta.o(.text)
    __aeabi_memclr8                          0x080001f3   Thumb Code     0  memseta.o(.text)
    _memset$wrapper                          0x080001f7   Thumb Code    18  memseta.o(.text)
    __scatterload                            0x08000209   Thumb Code    28  init.o(.text)
    __scatterload_rt2                        0x08000209   Thumb Code     0  init.o(.text)
    Bsp_Config                               0x0800022d   Thumb Code    64  bsp.o(i.Bsp_Config)
    BtmRxCallback                            0x08000271   Thumb Code     4  com_srv.o(i.BtmRxCallback)
    Btm_Config                               0x08000275   Thumb Code    94  btm.o(i.Btm_Config)
    Btm_Proc                                 0x080002e5   Thumb Code     6  com.o(i.Btm_Proc)
    Btm_ReadByte                             0x080002ed   Thumb Code    60  btm.o(i.Btm_ReadByte)
    Btn_Config                               0x08000331   Thumb Code     6  btn.o(i.Btn_Config)
    BusFault_Handler                         0x0800033d   Thumb Code     2  stm32f4xx_it.o(i.BusFault_Handler)
    CAN1_RX0_IRQHandler                      0x08000341   Thumb Code    58  can1.o(i.CAN1_RX0_IRQHandler)
    CAN1_TX_IRQHandler                       0x08000385   Thumb Code    30  can1.o(i.CAN1_TX_IRQHandler)
    CAN2_RX0_IRQHandler                      0x080003a9   Thumb Code    58  can2.o(i.CAN2_RX0_IRQHandler)
    CAN2_TX_IRQHandler                       0x080003ed   Thumb Code    30  can2.o(i.CAN2_TX_IRQHandler)
    CAN_ClearFlag                            0x08000411   Thumb Code    44  stm32f4xx_can.o(i.CAN_ClearFlag)
    CAN_ClearITPendingBit                    0x08000441   Thumb Code   116  stm32f4xx_can.o(i.CAN_ClearITPendingBit)
    CAN_Config                               0x080004b9   Thumb Code    98  stm32util.o(i.CAN_Config)
    CAN_FilterInit                           0x08000525   Thumb Code   194  stm32f4xx_can.o(i.CAN_FilterInit)
    CAN_Filter_Config                        0x080005f1   Thumb Code    54  stm32util.o(i.CAN_Filter_Config)
    CAN_GetITStatus                          0x08000629   Thumb Code   162  stm32f4xx_can.o(i.CAN_GetITStatus)
    CAN_ITConfig                             0x080006d1   Thumb Code    16  stm32f4xx_can.o(i.CAN_ITConfig)
    CAN_Init                                 0x080006e1   Thumb Code   232  stm32f4xx_can.o(i.CAN_Init)
    CAN_Receive                              0x080007c9   Thumb Code   144  stm32f4xx_can.o(i.CAN_Receive)
    CAN_Transmit                             0x08000859   Thumb Code   164  stm32f4xx_can.o(i.CAN_Transmit)
    CM_Cmd                                   0x080008fd   Thumb Code    78  motor.o(i.CM_Cmd)
    CS_Set                                   0x0800094b   Thumb Code     6  sys.o(i.CS_Set)
    Can1RxCallback                           0x08000951   Thumb Code     4  can_srv.o(i.Can1RxCallback)
    Can1_Config                              0x08000955   Thumb Code   102  can1.o(i.Can1_Config)
    Can2RxCallback                           0x080009c5   Thumb Code     4  can_srv.o(i.Can2RxCallback)
    Can2_Config                              0x080009c9   Thumb Code   104  can2.o(i.Can2_Config)
    Can_Init                                 0x08000a39   Thumb Code    44  can.o(i.Can_Init)
    Can_Proc                                 0x08000a69   Thumb Code   154  can.o(i.Can_Proc)
    Clk_GetUsTick                            0x08000b19   Thumb Code     6  clk.o(i.Clk_GetUsTick)
    Clk_Spin                                 0x08000b25   Thumb Code    10  clk.o(i.Clk_Spin)
    Cmd_Init                                 0x08000b35   Thumb Code    72  cmd.o(i.Cmd_Init)
    DBUS_Dec                                 0x08000b89   Thumb Code    24  dbus.o(i.DBUS_Dec)
    DBUS_Rst                                 0x08000ba1   Thumb Code    20  dbus.o(i.DBUS_Rst)
    DMA_Cmd                                  0x08000bb5   Thumb Code    20  stm32f4xx_dma.o(i.DMA_Cmd)
    DMA_Config                               0x08000bc9   Thumb Code   100  stm32util.o(i.DMA_Config)
    DMA_DoubleBufferModeCmd                  0x08000c35   Thumb Code    20  stm32f4xx_dma.o(i.DMA_DoubleBufferModeCmd)
    DMA_DoubleBufferModeConfig               0x08000c49   Thumb Code    22  stm32f4xx_dma.o(i.DMA_DoubleBufferModeConfig)
    DMA_GetCurrDataCounter                   0x08000c5f   Thumb Code     6  stm32f4xx_dma.o(i.DMA_GetCurrDataCounter)
    DMA_GetCurrentMemoryTarget               0x08000c65   Thumb Code    14  stm32f4xx_dma.o(i.DMA_GetCurrentMemoryTarget)
    DMA_Init                                 0x08000c75   Thumb Code    80  stm32f4xx_dma.o(i.DMA_Init)
    DbiRxCallback                            0x08000cc9   Thumb Code     4  com_srv.o(i.DbiRxCallback)
    Dbi_Config                               0x08000ccd   Thumb Code    94  dbi.o(i.Dbi_Config)
    Dbi_Proc                                 0x08000d3d   Thumb Code     6  com.o(i.Dbi_Proc)
    Dbi_ReadByte                             0x08000d45   Thumb Code    60  dbi.o(i.Dbi_ReadByte)
    Dci_Init                                 0x08000d89   Thumb Code    20  dci.o(i.Dci_Init)
    Dci_Proc                                 0x08000da1   Thumb Code    50  dci.o(i.Dci_Proc)
    DebugMon_Handler                         0x08000dd9   Thumb Code     2  stm32f4xx_it.o(i.DebugMon_Handler)
    Ekf_Init                                 0x08000ddb   Thumb Code     8  ekf.o(i.Ekf_Init)
    Ekf_Proc                                 0x08000de3   Thumb Code    74  ekf.o(i.Ekf_Proc)
    Ekf_Reset                                0x08000e2d   Thumb Code    22  ekf.o(i.Ekf_Reset)
    Ekf_SetE                                 0x08000e49   Thumb Code     6  ekf.o(i.Ekf_SetE)
    FIFO_Flush                               0x08000e4f   Thumb Code    22  fifo.o(i.FIFO_Flush)
    FIFO_Init                                0x08000e65   Thumb Code     8  fifo.o(i.FIFO_Init)
    FIFO_IsEmpty                             0x08000e6d   Thumb Code    12  fifo.o(i.FIFO_IsEmpty)
    FIFO_IsFull                              0x08000e79   Thumb Code    16  fifo.o(i.FIFO_IsFull)
    FIFO_Pop                                 0x08000e89   Thumb Code    52  fifo.o(i.FIFO_Pop)
    FIFO_Push                                0x08000ebd   Thumb Code    58  fifo.o(i.FIFO_Push)
    FS_Clr                                   0x08000ef7   Thumb Code     4  sys.o(i.FS_Clr)
    Flag_Clr                                 0x08000efb   Thumb Code     8  fun.o(i.Flag_Clr)
    GPIO_AF                                  0x08000f03   Thumb Code    40  stm32util.o(i.GPIO_AF)
    GPIO_Config                              0x08000f2d   Thumb Code   236  stm32util.o(i.GPIO_Config)
    GPIO_In                                  0x08001045   Thumb Code    16  stm32util.o(i.GPIO_In)
    GPIO_Init                                0x08001055   Thumb Code   162  stm32f4xx_gpio.o(i.GPIO_Init)
    GPIO_Out                                 0x080010f7   Thumb Code    18  stm32util.o(i.GPIO_Out)
    GPIO_PinAFConfig                         0x08001109   Thumb Code    32  stm32f4xx_gpio.o(i.GPIO_PinAFConfig)
    GPIO_ResetBits                           0x08001129   Thumb Code     4  stm32f4xx_gpio.o(i.GPIO_ResetBits)
    GPIO_SetBits                             0x0800112d   Thumb Code     4  stm32f4xx_gpio.o(i.GPIO_SetBits)
    GetSwitchEvents                          0x080012e1   Thumb Code    30  rci.o(i.GetSwitchEvents)
    GetSwitchStates                          0x08001305   Thumb Code    60  rci.o(i.GetSwitchStates)
    HCP_Dec                                  0x08001345   Thumb Code    30  hcp.o(i.HCP_Dec)
    HCP_Rst                                  0x08001363   Thumb Code    28  hcp.o(i.HCP_Rst)
    HardFault_Handler                        0x0800137f   Thumb Code     2  stm32f4xx_it.o(i.HardFault_Handler)
    Hci_Init                                 0x08001381   Thumb Code    78  hci.o(i.Hci_Init)
    Hci_Proc                                 0x080013d9   Thumb Code    18  hci.o(i.Hci_Proc)
    Ios_GetByte                              0x080013eb   Thumb Code    54  ios.o(i.Ios_GetByte)
    Ios_Init                                 0x08001421   Thumb Code    18  ios.o(i.Ios_Init)
    Ios_PutByte                              0x0800143d   Thumb Code    26  ios.o(i.Ios_PutByte)
    Ios_SetIn                                0x0800145d   Thumb Code    10  ios.o(i.Ios_SetIn)
    Ios_SetOut                               0x0800146d   Thumb Code    10  ios.o(i.Ios_SetOut)
    Led_Config                               0x0800147d   Thumb Code    40  led.o(i.Led_Config)
    MS_Set                                   0x080014ad   Thumb Code     6  sys.o(i.MS_Set)
    Maf_Init                                 0x080014b3   Thumb Code     8  maf.o(i.Maf_Init)
    Maf_Proc                                 0x080014bb   Thumb Code    66  maf.o(i.Maf_Proc)
    Maf_Reset                                0x080014fd   Thumb Code    28  maf.o(i.Maf_Reset)
    Mec_Config                               0x0800151d   Thumb Code     6  mec.o(i.Mec_Config)
    Mec_Decomp                               0x08001529   Thumb Code    10  mec.o(i.Mec_Decomp)
    Mecanum_Config                           0x08001539   Thumb Code    50  mecanum.o(i.Mecanum_Config)
    Mecanum_Decomp                           0x0800156b   Thumb Code   142  mecanum.o(i.Mecanum_Decomp)
    MemManage_Handler                        0x080015f9   Thumb Code     2  stm32f4xx_it.o(i.MemManage_Handler)
    Motor_Process                            0x080015fd   Thumb Code   314  can.o(i.Motor_Process)
    Motor_Reset                              0x08001759   Thumb Code    76  can.o(i.Motor_Reset)
    NMI_Handler                              0x080017a9   Thumb Code     2  stm32f4xx_it.o(i.NMI_Handler)
    NVIC_Config                              0x080017ab   Thumb Code    28  stm32util.o(i.NVIC_Config)
    NVIC_Init                                0x080017c9   Thumb Code    96  misc.o(i.NVIC_Init)
    NVIC_PriorityGroupConfig                 0x0800182d   Thumb Code    10  misc.o(i.NVIC_PriorityGroupConfig)
    PWM_Bind                                 0x08001841   Thumb Code  5436  stm32util.o(i.PWM_Bind)
    PendSV_Handler                           0x08002d85   Thumb Code     2  stm32f4xx_it.o(i.PendSV_Handler)
    Pwm_Config                               0x08002d89   Thumb Code    66  pwm.o(i.Pwm_Config)
    RCC_AHB1PeriphClockCmd                   0x08002dd5   Thumb Code    18  stm32f4xx_rcc.o(i.RCC_AHB1PeriphClockCmd)
    RCC_APB1PeriphClockCmd                   0x08002ded   Thumb Code    18  stm32f4xx_rcc.o(i.RCC_APB1PeriphClockCmd)
    RCC_APB2PeriphClockCmd                   0x08002e05   Thumb Code    18  stm32f4xx_rcc.o(i.RCC_APB2PeriphClockCmd)
    RCC_GetClocksFreq                        0x08002e1d   Thumb Code   132  stm32f4xx_rcc.o(i.RCC_GetClocksFreq)
    RCP_Dec                                  0x08002eb1   Thumb Code    78  rcp.o(i.RCP_Dec)
    RCP_Rst                                  0x08002f01   Thumb Code    38  rcp.o(i.RCP_Rst)
    Rci_Init                                 0x08002f29   Thumb Code    36  rci.o(i.Rci_Init)
    Rci_Proc                                 0x08002f51   Thumb Code     4  rci.o(i.Rci_Proc)
    RcvCallback                              0x08002f55   Thumb Code     4  rcv_srv.o(i.RcvCallback)
    Rcv_Config                               0x08002f59   Thumb Code   126  rcv.o(i.Rcv_Config)
    Rcv_Proc                                 0x08002fed   Thumb Code    28  dci.o(i.Rcv_Proc)
    SVC_Handler                              0x0800300d   Thumb Code     2  stm32f4xx_it.o(i.SVC_Handler)
    Sch_Proc                                 0x08003011   Thumb Code    38  sch.o(i.Sch_Proc)
    SyncTimCallback                          0x0800310d   Thumb Code     4  tim_srv.o(i.SyncTimCallback)
    SyncTim_Config                           0x08003111   Thumb Code    38  tim.o(i.SyncTim_Config)
    SystemInit                               0x0800313d   Thumb Code    74  system_stm32f4xx.o(i.SystemInit)
    TIM2_IRQHandler                          0x08003199   Thumb Code    42  tim.o(i.TIM2_IRQHandler)
    TIM6_DAC_IRQHandler                      0x080031c5   Thumb Code    42  tim.o(i.TIM6_DAC_IRQHandler)
    TIM_ARRPreloadConfig                     0x080031f5   Thumb Code    20  stm32f4xx_tim.o(i.TIM_ARRPreloadConfig)
    TIM_ClearFlag                            0x08003209   Thumb Code     6  stm32f4xx_tim.o(i.TIM_ClearFlag)
    TIM_ClearITPendingBit                    0x0800320f   Thumb Code     6  stm32f4xx_tim.o(i.TIM_ClearITPendingBit)
    TIM_Cmd                                  0x08003215   Thumb Code    20  stm32f4xx_tim.o(i.TIM_Cmd)
    TIM_Config                               0x08003229   Thumb Code   276  stm32util.o(i.TIM_Config)
    TIM_GetITStatus                          0x0800336d   Thumb Code    24  stm32f4xx_tim.o(i.TIM_GetITStatus)
    TIM_ITConfig                             0x08003385   Thumb Code    16  stm32f4xx_tim.o(i.TIM_ITConfig)
    TIM_OC1Init                              0x08003395   Thumb Code    88  stm32f4xx_tim.o(i.TIM_OC1Init)
    TIM_OC1PreloadConfig                     0x080033f5   Thumb Code    12  stm32f4xx_tim.o(i.TIM_OC1PreloadConfig)
    TIM_OC2Init                              0x08003401   Thumb Code   120  stm32f4xx_tim.o(i.TIM_OC2Init)
    TIM_OC2PreloadConfig                     0x08003481   Thumb Code    20  stm32f4xx_tim.o(i.TIM_OC2PreloadConfig)
    TIM_OC3Init                              0x08003495   Thumb Code   116  stm32f4xx_tim.o(i.TIM_OC3Init)
    TIM_OC3PreloadConfig                     0x08003511   Thumb Code    12  stm32f4xx_tim.o(i.TIM_OC3PreloadConfig)
    TIM_OC4Init                              0x0800351d   Thumb Code    88  stm32f4xx_tim.o(i.TIM_OC4Init)
    TIM_OC4PreloadConfig                     0x0800357d   Thumb Code    20  stm32f4xx_tim.o(i.TIM_OC4PreloadConfig)
    TIM_OC_Config                            0x08003591   Thumb Code   130  stm32util.o(i.TIM_OC_Config)
    TIM_TimeBaseInit                         0x08003615   Thumb Code    96  stm32f4xx_tim.o(i.TIM_TimeBaseInit)
    TickTimCallback                          0x08003691   Thumb Code     4  tim_srv.o(i.TickTimCallback)
    TickTim_Config                           0x08003695   Thumb Code    36  tim.o(i.TickTim_Config)
    TickTim_Start                            0x080036b9   Thumb Code    34  tim.o(i.TickTim_Start)
    Tim_Config                               0x080036db   Thumb Code    14  tim.o(i.Tim_Config)
    TtyRxCallback                            0x080036e9   Thumb Code     4  com_srv.o(i.TtyRxCallback)
    Tty_Config                               0x080036ed   Thumb Code    94  tty.o(i.Tty_Config)
    Tty_Proc                                 0x0800375d   Thumb Code     6  com.o(i.Tty_Proc)
    Tty_ReadByte                             0x08003765   Thumb Code    60  tty.o(i.Tty_ReadByte)
    USART1_IRQHandler                        0x080037a9   Thumb Code   118  rcv.o(i.USART1_IRQHandler)
    USART2_IRQHandler                        0x0800382d   Thumb Code   142  btm.o(i.USART2_IRQHandler)
    USART3_IRQHandler                        0x080038c5   Thumb Code   142  dbi.o(i.USART3_IRQHandler)
    USART6_IRQHandler                        0x0800395d   Thumb Code   142  tty.o(i.USART6_IRQHandler)
    USART_Bind                               0x080039f5   Thumb Code  3544  stm32util.o(i.USART_Bind)
    USART_ClearFlag                          0x080047d5   Thumb Code     6  stm32f4xx_usart.o(i.USART_ClearFlag)
    USART_ClearITPendingBit                  0x080047db   Thumb Code    12  stm32f4xx_usart.o(i.USART_ClearITPendingBit)
    USART_Cmd                                0x080047e7   Thumb Code    20  stm32f4xx_usart.o(i.USART_Cmd)
    USART_Config                             0x080047fd   Thumb Code   366  stm32util.o(i.USART_Config)
    USART_DMACmd                             0x0800498d   Thumb Code    16  stm32f4xx_usart.o(i.USART_DMACmd)
    USART_GetFlagStatus                      0x0800499d   Thumb Code    14  stm32f4xx_usart.o(i.USART_GetFlagStatus)
    USART_GetITStatus                        0x080049ab   Thumb Code    62  stm32f4xx_usart.o(i.USART_GetITStatus)
    USART_ITConfig                           0x080049e9   Thumb Code    48  stm32f4xx_usart.o(i.USART_ITConfig)
    USART_Init                               0x08004a19   Thumb Code   164  stm32f4xx_usart.o(i.USART_Init)
    USART_ReceiveData                        0x08004ac5   Thumb Code     8  stm32f4xx_usart.o(i.USART_ReceiveData)
    USART_SendData                           0x08004acd   Thumb Code     8  stm32f4xx_usart.o(i.USART_SendData)
    UsageFault_Handler                       0x08004ad5   Thumb Code     2  stm32f4xx_it.o(i.UsageFault_Handler)
    Wdg_Feed                                 0x08004ad9   Thumb Code    10  wdg.o(i.Wdg_Feed)
    Wdg_IsErrSet                             0x08004ae9   Thumb Code    16  wdg.o(i.Wdg_IsErrSet)
    ZGyro_Process                            0x08004afd   Thumb Code   122  can.o(i.ZGyro_Process)
    ZGyro_Reset                              0x08004b85   Thumb Code    36  can.o(i.ZGyro_Reset)
    __scatterload_copy                       0x08004bad   Thumb Code    14  handlers.o(i.__scatterload_copy)
    __scatterload_null                       0x08004bbb   Thumb Code     2  handlers.o(i.__scatterload_null)
    __scatterload_zeroinit                   0x08004bbd   Thumb Code    14  handlers.o(i.__scatterload_zeroinit)
    cmd                                      0x08004bcd   Thumb Code   216  main.o(i.cmd)
    main                                     0x08004cc1   Thumb Code    38  main.o(i.main)
    map                                      0x08004ce7   Thumb Code    26  fun.o(i.map)
    mec_cfg                                  0x08004d01   Thumb Code    20  main.o(i.mec_cfg)
    Region$$Table$$Base                      0x08004d20   Number         0  anon$$obj.o(Region$$Table)
    Region$$Table$$Limit                     0x08004d40   Number         0  anon$$obj.o(Region$$Table)
    cfg                                      0x20000008   Data         148  cfg.o(.data)
    functionalStateRef                       0x200000a0   Data           4  cmd.o(.data)
    mouseButtonStates                        0x200000a4   Data           2  hci.o(.data)
    mouseButtonEvents                        0x200000a6   Data           2  hci.o(.data)
    _in                                      0x200000b4   Data           4  ios.o(.data)
    _out                                     0x200000b8   Data           4  ios.o(.data)
    switchStates                             0x200000bc   Data           2  rci.o(.data)
    switchEvents                             0x200000be   Data           2  rci.o(.data)
    wdg                                      0x200000d0   Data          48  wdg.o(.data)
    v                                        0x20000110   Data          12  main.o(.bss)
    w                                        0x2000011c   Data          16  main.o(.bss)
    zgyro                                    0x2000012c   Data          40  can.o(.bss)
    motor                                    0x20000154   Data         624  can.o(.bss)
    chassisVelocityRef                       0x200003c4   Data          12  cmd.o(.bss)
    mecanumVelocityRef                       0x200003d0   Data          16  cmd.o(.bss)
    dbus                                     0x200003e0   Data          22  dci.o(.bss)
    mecanum                                  0x200004a0   Data          20  mec.o(.bss)
    __initial_sp                             0x20000f78   Data           0  startup_stm32f427xx.o(STACK)



==============================================================================

Memory Map of the image

  Image Entry point : 0x080001ad

  Load Region LR_IROM1 (Base: 0x08000000, Size: 0x00004e50, Max: 0x00200000, ABSOLUTE)

    Execution Region ER_IROM1 (Base: 0x08000000, Size: 0x00004d40, Max: 0x00200000, ABSOLUTE)

    Base Addr    Size         Type   Attr      Idx    E Section Name        Object

    0x08000000   0x000001ac   Data   RO         8103    RESET               startup_stm32f427xx.o
    0x080001ac   0x00000000   Code   RO         8146  * .ARM.Collect$$$$00000000  mc_w.l(entry.o)
    0x080001ac   0x00000004   Code   RO         8493    .ARM.Collect$$$$00000001  mc_w.l(entry2.o)
    0x080001b0   0x00000004   Code   RO         8496    .ARM.Collect$$$$00000004  mc_w.l(entry5.o)
    0x080001b4   0x00000000   Code   RO         8498    .ARM.Collect$$$$00000008  mc_w.l(entry7b.o)
    0x080001b4   0x00000000   Code   RO         8500    .ARM.Collect$$$$0000000A  mc_w.l(entry8b.o)
    0x080001b4   0x00000008   Code   RO         8501    .ARM.Collect$$$$0000000B  mc_w.l(entry9a.o)
    0x080001bc   0x00000000   Code   RO         8503    .ARM.Collect$$$$0000000D  mc_w.l(entry10a.o)
    0x080001bc   0x00000000   Code   RO         8505    .ARM.Collect$$$$0000000F  mc_w.l(entry11a.o)
    0x080001bc   0x00000004   Code   RO         8494    .ARM.Collect$$$$00002712  mc_w.l(entry2.o)
    0x080001c0   0x00000024   Code   RO         8104    .text               startup_stm32f427xx.o
    0x080001e4   0x00000024   Code   RO         8151    .text               mc_w.l(memseta.o)
    0x08000208   0x00000024   Code   RO         8538    .text               mc_w.l(init.o)
    0x0800022c   0x00000044   Code   RO         2260    i.Bsp_Config        bsp.o
    0x08000270   0x00000004   Code   RO         2145    i.BtmRxCallback     com_srv.o
    0x08000274   0x00000070   Code   RO         2284    i.Btm_Config        btm.o
    0x080002e4   0x00000006   Code   RO          830    i.Btm_Proc          com.o
    0x080002ea   0x00000002   PAD
    0x080002ec   0x00000044   Code   RO         2287    i.Btm_ReadByte      btm.o
    0x08000330   0x0000000c   Code   RO         2352    i.Btn_Config        btn.o
    0x0800033c   0x00000002   Code   RO          387    i.BusFault_Handler  stm32f4xx_it.o
    0x0800033e   0x00000002   PAD
    0x08000340   0x00000044   Code   RO         2376    i.CAN1_RX0_IRQHandler  can1.o
    0x08000384   0x00000024   Code   RO         2377    i.CAN1_TX_IRQHandler  can1.o
    0x080003a8   0x00000044   Code   RO         2412    i.CAN2_RX0_IRQHandler  can2.o
    0x080003ec   0x00000024   Code   RO         2413    i.CAN2_TX_IRQHandler  can2.o
    0x08000410   0x00000030   Code   RO         3284    i.CAN_ClearFlag     stm32f4xx_can.o
    0x08000440   0x00000078   Code   RO         3285    i.CAN_ClearITPendingBit  stm32f4xx_can.o
    0x080004b8   0x0000006c   Code   RO         2596    i.CAN_Config        stm32util.o
    0x08000524   0x000000cc   Code   RO         3289    i.CAN_FilterInit    stm32f4xx_can.o
    0x080005f0   0x00000036   Code   RO         2597    i.CAN_Filter_Config  stm32util.o
    0x08000626   0x00000002   PAD
    0x08000628   0x000000a8   Code   RO         3291    i.CAN_GetITStatus   stm32f4xx_can.o
    0x080006d0   0x00000010   Code   RO         3295    i.CAN_ITConfig      stm32f4xx_can.o
    0x080006e0   0x000000e8   Code   RO         3296    i.CAN_Init          stm32f4xx_can.o
    0x080007c8   0x00000090   Code   RO         3299    i.CAN_Receive       stm32f4xx_can.o
    0x08000858   0x000000a4   Code   RO         3304    i.CAN_Transmit      stm32f4xx_can.o
    0x080008fc   0x0000004e   Code   RO         2908    i.CM_Cmd            motor.o
    0x0800094a   0x00000006   Code   RO         1397    i.CS_Set            sys.o
    0x08000950   0x00000004   Code   RO         2124    i.Can1RxCallback    can_srv.o
    0x08000954   0x00000070   Code   RO         2378    i.Can1_Config       can1.o
    0x080009c4   0x00000004   Code   RO         2125    i.Can2RxCallback    can_srv.o
    0x080009c8   0x00000070   Code   RO         2414    i.Can2_Config       can2.o
    0x08000a38   0x00000030   Code   RO          603    i.Can_Init          can.o
    0x08000a68   0x000000a4   Code   RO          604    i.Can_Proc          can.o
    0x08000b0c   0x0000000c   Code   RO         3307    i.CheckITStatus     stm32f4xx_can.o
    0x08000b18   0x0000000c   Code   RO          747    i.Clk_GetUsTick     clk.o
    0x08000b24   0x00000010   Code   RO          749    i.Clk_Spin          clk.o
    0x08000b34   0x00000054   Code   RO          790    i.Cmd_Init          cmd.o
    0x08000b88   0x00000018   Code   RO         1644    i.DBUS_Dec          dbus.o
    0x08000ba0   0x00000014   Code   RO         1646    i.DBUS_Rst          dbus.o
    0x08000bb4   0x00000014   Code   RO         4064    i.DMA_Cmd           stm32f4xx_dma.o
    0x08000bc8   0x0000006c   Code   RO         2598    i.DMA_Config        stm32util.o
    0x08000c34   0x00000014   Code   RO         4066    i.DMA_DoubleBufferModeCmd  stm32f4xx_dma.o
    0x08000c48   0x00000016   Code   RO         4067    i.DMA_DoubleBufferModeConfig  stm32f4xx_dma.o
    0x08000c5e   0x00000006   Code   RO         4070    i.DMA_GetCurrDataCounter  stm32f4xx_dma.o
    0x08000c64   0x0000000e   Code   RO         4071    i.DMA_GetCurrentMemoryTarget  stm32f4xx_dma.o
    0x08000c72   0x00000002   PAD
    0x08000c74   0x00000054   Code   RO         4076    i.DMA_Init          stm32f4xx_dma.o
    0x08000cc8   0x00000004   Code   RO         2146    i.DbiRxCallback     com_srv.o
    0x08000ccc   0x00000070   Code   RO         2448    i.Dbi_Config        dbi.o
    0x08000d3c   0x00000006   Code   RO          833    i.Dbi_Proc          com.o
    0x08000d42   0x00000002   PAD
    0x08000d44   0x00000044   Code   RO         2451    i.Dbi_ReadByte      dbi.o
    0x08000d88   0x00000018   Code   RO          971    i.Dci_Init          dci.o
    0x08000da0   0x00000038   Code   RO          972    i.Dci_Proc          dci.o
    0x08000dd8   0x00000002   Code   RO          388    i.DebugMon_Handler  stm32f4xx_it.o
    0x08000dda   0x00000008   Code   RO         1670    i.Ekf_Init          ekf.o
    0x08000de2   0x0000004a   Code   RO         1671    i.Ekf_Proc          ekf.o
    0x08000e2c   0x0000001c   Code   RO         1672    i.Ekf_Reset         ekf.o
    0x08000e48   0x00000006   Code   RO         1674    i.Ekf_SetE          ekf.o
    0x08000e4e   0x00000016   Code   RO         1769    i.FIFO_Flush        fifo.o
    0x08000e64   0x00000008   Code   RO         1773    i.FIFO_Init         fifo.o
    0x08000e6c   0x0000000c   Code   RO         1774    i.FIFO_IsEmpty      fifo.o
    0x08000e78   0x00000010   Code   RO         1775    i.FIFO_IsFull       fifo.o
    0x08000e88   0x00000034   Code   RO         1777    i.FIFO_Pop          fifo.o
    0x08000ebc   0x0000003a   Code   RO         1778    i.FIFO_Push         fifo.o
    0x08000ef6   0x00000004   Code   RO         1398    i.FS_Clr            sys.o
    0x08000efa   0x00000008   Code   RO         1040    i.Flag_Clr          fun.o
    0x08000f02   0x00000028   Code   RO         2602    i.GPIO_AF           stm32util.o
    0x08000f2a   0x00000002   PAD
    0x08000f2c   0x00000118   Code   RO         2603    i.GPIO_Config       stm32util.o
    0x08001044   0x00000010   Code   RO         2604    i.GPIO_In           stm32util.o
    0x08001054   0x000000a2   Code   RO         4933    i.GPIO_Init         stm32f4xx_gpio.o
    0x080010f6   0x00000012   Code   RO         2605    i.GPIO_Out          stm32util.o
    0x08001108   0x00000020   Code   RO         4934    i.GPIO_PinAFConfig  stm32f4xx_gpio.o
    0x08001128   0x00000004   Code   RO         4940    i.GPIO_ResetBits    stm32f4xx_gpio.o
    0x0800112c   0x00000004   Code   RO         4941    i.GPIO_SetBits      stm32f4xx_gpio.o
    0x08001130   0x000000c8   Code   RO         1095    i.GetChassisVelocityRef  hci.o
    0x080011f8   0x00000090   Code   RO         1347    i.GetChassisVelocityRef  rci.o
    0x08001288   0x00000058   Code   RO         1096    i.GetFunctionalStateRef  hci.o
    0x080012e0   0x00000024   Code   RO         1348    i.GetSwitchEvents   rci.o
    0x08001304   0x00000040   Code   RO         1349    i.GetSwitchStates   rci.o
    0x08001344   0x0000001e   Code   RO         1881    i.HCP_Dec           hcp.o
    0x08001362   0x0000001c   Code   RO         1883    i.HCP_Rst           hcp.o
    0x0800137e   0x00000002   Code   RO          389    i.HardFault_Handler  stm32f4xx_it.o
    0x08001380   0x00000058   Code   RO         1097    i.Hci_Init          hci.o
    0x080013d8   0x00000012   Code   RO         1098    i.Hci_Proc          hci.o
    0x080013ea   0x00000036   Code   RO         1173    i.Ios_GetByte       ios.o
    0x08001420   0x0000001c   Code   RO         1174    i.Ios_Init          ios.o
    0x0800143c   0x00000020   Code   RO         1175    i.Ios_PutByte       ios.o
    0x0800145c   0x00000010   Code   RO         1176    i.Ios_SetIn         ios.o
    0x0800146c   0x00000010   Code   RO         1177    i.Ios_SetOut        ios.o
    0x0800147c   0x00000030   Code   RO         2516    i.Led_Config        led.o
    0x080014ac   0x00000006   Code   RO         1404    i.MS_Set            sys.o
    0x080014b2   0x00000008   Code   RO         1907    i.Maf_Init          maf.o
    0x080014ba   0x00000042   Code   RO         1908    i.Maf_Proc          maf.o
    0x080014fc   0x00000020   Code   RO         1909    i.Maf_Reset         maf.o
    0x0800151c   0x0000000c   Code   RO         1235    i.Mec_Config        mec.o
    0x08001528   0x00000010   Code   RO         1236    i.Mec_Decomp        mec.o
    0x08001538   0x00000032   Code   RO         1941    i.Mecanum_Config    mecanum.o
    0x0800156a   0x0000008e   Code   RO         1942    i.Mecanum_Decomp    mecanum.o
    0x080015f8   0x00000002   Code   RO          390    i.MemManage_Handler  stm32f4xx_it.o
    0x080015fa   0x00000002   PAD
    0x080015fc   0x0000015c   Code   RO          605    i.Motor_Process     can.o
    0x08001758   0x00000050   Code   RO          607    i.Motor_Reset       can.o
    0x080017a8   0x00000002   Code   RO          391    i.NMI_Handler       stm32f4xx_it.o
    0x080017aa   0x0000001c   Code   RO         2606    i.NVIC_Config       stm32util.o
    0x080017c6   0x00000002   PAD
    0x080017c8   0x00000064   Code   RO         2989    i.NVIC_Init         misc.o
    0x0800182c   0x00000014   Code   RO         2990    i.NVIC_PriorityGroupConfig  misc.o
    0x08001840   0x00001544   Code   RO         2607    i.PWM_Bind          stm32util.o
    0x08002d84   0x00000002   Code   RO          392    i.PendSV_Handler    stm32f4xx_it.o
    0x08002d86   0x00000002   PAD
    0x08002d88   0x0000004c   Code   RO         2540    i.Pwm_Config        pwm.o
    0x08002dd4   0x00000018   Code   RO         5871    i.RCC_AHB1PeriphClockCmd  stm32f4xx_rcc.o
    0x08002dec   0x00000018   Code   RO         5880    i.RCC_APB1PeriphClockCmd  stm32f4xx_rcc.o
    0x08002e04   0x00000018   Code   RO         5883    i.RCC_APB2PeriphClockCmd  stm32f4xx_rcc.o
    0x08002e1c   0x00000094   Code   RO         5892    i.RCC_GetClocksFreq  stm32f4xx_rcc.o
    0x08002eb0   0x0000004e   Code   RO         1992    i.RCP_Dec           rcp.o
    0x08002efe   0x00000002   PAD
    0x08002f00   0x00000026   Code   RO         1994    i.RCP_Rst           rcp.o
    0x08002f26   0x00000002   PAD
    0x08002f28   0x00000028   Code   RO         1350    i.Rci_Init          rci.o
    0x08002f50   0x00000004   Code   RO         1351    i.Rci_Proc          rci.o
    0x08002f54   0x00000004   Code   RO         2181    i.RcvCallback       rcv_srv.o
    0x08002f58   0x00000094   Code   RO         2564    i.Rcv_Config        rcv.o
    0x08002fec   0x00000020   Code   RO          973    i.Rcv_Proc          dci.o
    0x0800300c   0x00000002   Code   RO          393    i.SVC_Handler       stm32f4xx_it.o
    0x0800300e   0x00000002   PAD
    0x08003010   0x0000002c   Code   RO          489    i.Sch_Proc          sch.o
    0x0800303c   0x000000d0   Code   RO         8063    i.SetSysClock       system_stm32f4xx.o
    0x0800310c   0x00000004   Code   RO         2227    i.SyncTimCallback   tim_srv.o
    0x08003110   0x0000002c   Code   RO         2708    i.SyncTim_Config    tim.o
    0x0800313c   0x0000005c   Code   RO         8065    i.SystemInit        system_stm32f4xx.o
    0x08003198   0x0000002a   Code   RO         2711    i.TIM2_IRQHandler   tim.o
    0x080031c2   0x00000002   PAD
    0x080031c4   0x00000030   Code   RO         2712    i.TIM6_DAC_IRQHandler  tim.o
    0x080031f4   0x00000014   Code   RO         7256    i.TIM_ARRPreloadConfig  stm32f4xx_tim.o
    0x08003208   0x00000006   Code   RO         7262    i.TIM_ClearFlag     stm32f4xx_tim.o
    0x0800320e   0x00000006   Code   RO         7263    i.TIM_ClearITPendingBit  stm32f4xx_tim.o
    0x08003214   0x00000014   Code   RO         7268    i.TIM_Cmd           stm32f4xx_tim.o
    0x08003228   0x00000144   Code   RO         2608    i.TIM_Config        stm32util.o
    0x0800336c   0x00000018   Code   RO         7289    i.TIM_GetITStatus   stm32f4xx_tim.o
    0x08003384   0x00000010   Code   RO         7293    i.TIM_ITConfig      stm32f4xx_tim.o
    0x08003394   0x00000060   Code   RO         7297    i.TIM_OC1Init       stm32f4xx_tim.o
    0x080033f4   0x0000000c   Code   RO         7300    i.TIM_OC1PreloadConfig  stm32f4xx_tim.o
    0x08003400   0x00000080   Code   RO         7302    i.TIM_OC2Init       stm32f4xx_tim.o
    0x08003480   0x00000014   Code   RO         7305    i.TIM_OC2PreloadConfig  stm32f4xx_tim.o
    0x08003494   0x0000007c   Code   RO         7307    i.TIM_OC3Init       stm32f4xx_tim.o
    0x08003510   0x0000000c   Code   RO         7310    i.TIM_OC3PreloadConfig  stm32f4xx_tim.o
    0x0800351c   0x00000060   Code   RO         7312    i.TIM_OC4Init       stm32f4xx_tim.o
    0x0800357c   0x00000014   Code   RO         7314    i.TIM_OC4PreloadConfig  stm32f4xx_tim.o
    0x08003590   0x00000082   Code   RO         2609    i.TIM_OC_Config     stm32util.o
    0x08003612   0x00000002   PAD
    0x08003614   0x0000007c   Code   RO         7340    i.TIM_TimeBaseInit  stm32f4xx_tim.o
    0x08003690   0x00000004   Code   RO         2228    i.TickTimCallback   tim_srv.o
    0x08003694   0x00000024   Code   RO         2713    i.TickTim_Config    tim.o
    0x080036b8   0x00000022   Code   RO         2714    i.TickTim_Start     tim.o
    0x080036da   0x0000000e   Code   RO         2716    i.Tim_Config        tim.o
    0x080036e8   0x00000004   Code   RO         2147    i.TtyRxCallback     com_srv.o
    0x080036ec   0x00000070   Code   RO         2787    i.Tty_Config        tty.o
    0x0800375c   0x00000006   Code   RO          834    i.Tty_Proc          com.o
    0x08003762   0x00000002   PAD
    0x08003764   0x00000044   Code   RO         2790    i.Tty_ReadByte      tty.o
    0x080037a8   0x00000084   Code   RO         2565    i.USART1_IRQHandler  rcv.o
    0x0800382c   0x00000098   Code   RO         2291    i.USART2_IRQHandler  btm.o
    0x080038c4   0x00000098   Code   RO         2455    i.USART3_IRQHandler  dbi.o
    0x0800395c   0x00000098   Code   RO         2794    i.USART6_IRQHandler  tty.o
    0x080039f4   0x00000de0   Code   RO         2610    i.USART_Bind        stm32util.o
    0x080047d4   0x00000006   Code   RO         7805    i.USART_ClearFlag   stm32f4xx_usart.o
    0x080047da   0x0000000c   Code   RO         7806    i.USART_ClearITPendingBit  stm32f4xx_usart.o
    0x080047e6   0x00000014   Code   RO         7809    i.USART_Cmd         stm32f4xx_usart.o
    0x080047fa   0x00000002   PAD
    0x080047fc   0x00000190   Code   RO         2611    i.USART_Config      stm32util.o
    0x0800498c   0x00000010   Code   RO         7810    i.USART_DMACmd      stm32f4xx_usart.o
    0x0800499c   0x0000000e   Code   RO         7812    i.USART_GetFlagStatus  stm32f4xx_usart.o
    0x080049aa   0x0000003e   Code   RO         7813    i.USART_GetITStatus  stm32f4xx_usart.o
    0x080049e8   0x00000030   Code   RO         7815    i.USART_ITConfig    stm32f4xx_usart.o
    0x08004a18   0x000000ac   Code   RO         7816    i.USART_Init        stm32f4xx_usart.o
    0x08004ac4   0x00000008   Code   RO         7823    i.USART_ReceiveData  stm32f4xx_usart.o
    0x08004acc   0x00000008   Code   RO         7826    i.USART_SendData    stm32f4xx_usart.o
    0x08004ad4   0x00000002   Code   RO          394    i.UsageFault_Handler  stm32f4xx_it.o
    0x08004ad6   0x00000002   PAD
    0x08004ad8   0x00000010   Code   RO         1481    i.Wdg_Feed          wdg.o
    0x08004ae8   0x00000014   Code   RO         1485    i.Wdg_IsErrSet      wdg.o
    0x08004afc   0x00000088   Code   RO          608    i.ZGyro_Process     can.o
    0x08004b84   0x00000028   Code   RO          610    i.ZGyro_Reset       can.o
    0x08004bac   0x0000000e   Code   RO         8548    i.__scatterload_copy  mc_w.l(handlers.o)
    0x08004bba   0x00000002   Code   RO         8549    i.__scatterload_null  mc_w.l(handlers.o)
    0x08004bbc   0x0000000e   Code   RO         8550    i.__scatterload_zeroinit  mc_w.l(handlers.o)
    0x08004bca   0x00000002   PAD
    0x08004bcc   0x000000f4   Code   RO            4    i.cmd               main.o
    0x08004cc0   0x00000026   Code   RO            5    i.main              main.o
    0x08004ce6   0x0000001a   Code   RO         1047    i.map               fun.o
    0x08004d00   0x00000020   Code   RO            6    i.mec_cfg           main.o
    0x08004d20   0x00000020   Data   RO         8546    Region$$Table       anon$$obj.o


    Execution Region RW_IRAM1 (Base: 0x20000000, Size: 0x00000f78, Max: 0x00030000, ABSOLUTE)

    Base Addr    Size         Type   Attr      Idx    E Section Name        Object

    0x20000000   0x00000008   Data   RW          492    .data               sch.o
    0x20000008   0x00000094   Data   RW          676    .data               cfg.o
    0x2000009c   0x00000004   Data   RW          750    .data               clk.o
    0x200000a0   0x00000004   Data   RW          793    .data               cmd.o
    0x200000a4   0x00000010   Data   RW         1100    .data               hci.o
    0x200000b4   0x00000008   Data   RW         1180    .data               ios.o
    0x200000bc   0x00000010   Data   RW         1352    .data               rci.o
    0x200000cc   0x00000034   Data   RW         1488    .data               wdg.o
    0x20000100   0x00000010   Data   RW         5924    .data               stm32f4xx_rcc.o
    0x20000110   0x0000001c   Zero   RW           10    .bss                main.o
    0x2000012c   0x00000298   Zero   RW          611    .bss                can.o
    0x200003c4   0x0000001c   Zero   RW          792    .bss                cmd.o
    0x200003e0   0x00000016   Zero   RW          974    .bss                dci.o
    0x200003f6   0x00000002   PAD
    0x200003f8   0x000000a8   Zero   RW         1099    .bss                hci.o
    0x200004a0   0x00000014   Zero   RW         1239    .bss                mec.o
    0x200004b4   0x00000228   Zero   RW         2292    .bss                btm.o
    0x200006dc   0x00000228   Zero   RW         2456    .bss                dbi.o
    0x20000904   0x00000048   Zero   RW         2566    .bss                rcv.o
    0x2000094c   0x00000228   Zero   RW         2795    .bss                tty.o
    0x20000b74   0x00000004   PAD
    0x20000b78   0x00000400   Zero   RW         8101    STACK               startup_stm32f427xx.o


==============================================================================

Image component sizes


      Code (inc. data)   RO Data    RW Data    ZI Data      Debug   Object Name

        68          4          0          0          0        521   bsp.o
       332         36          0          0        552       2388   btm.o
        12          6          0          0          0        437   btn.o
       816         70          0          0        664       5652   can.o
       216         26          0          0          0       1625   can1.o
       216         24          0          0          0       1633   can2.o
         8          0          0          0          0       1314   can_srv.o
         0          0          0        148          0       2606   cfg.o
        28         12          0          4          0       1083   clk.o
        84         12          0          4         28        870   cmd.o
        18          0          0          0          0       1329   com.o
        12          0          0          0          0       1464   com_srv.o
       332         36          0          0        552       2388   dbi.o
        44          0          0          0          0       1402   dbus.o
       112         14          0          0         22       2080   dci.o
       116          6          0          0          0       2421   ekf.o
       168          0          0          0          0       3901   fifo.o
        34          0          0          0          0       1571   fun.o
       394         40          0         16        168       4232   hci.o
        58          0          0          0          0       1324   hcp.o
       146         28          0          8          0       3137   ios.o
        48          8          0          0          0        493   led.o
       106          4          0          0          0       1910   maf.o
       314         40          0          0         28     335649   main.o
        28         12          0          0         20       1604   mec.o
       192          0          0          0          0       1578   mecanum.o
       120         14          0          0          0       1587   misc.o
        78          0          0          0          0       1009   motor.o
        76         10          0          0          0        477   pwm.o
       288         30          0         16          0       3866   rci.o
       116          0          0          0          0       1332   rcp.o
       280         36          0          0         72       1629   rcv.o
         4          0          0          0          0        754   rcv_srv.o
        44          6          0          8          0       1231   sch.o
        36          8        428          0       1024        852   startup_stm32f427xx.o
      1108         24          0          0          0       7754   stm32f4xx_can.o
       166          4          0          0          0       5034   stm32f4xx_dma.o
       202          0          0          0          0       3023   stm32f4xx_gpio.o
        16          0          0          0          0       3716   stm32f4xx_it.o
       220         34          0         16          0       4923   stm32f4xx_rcc.o
       724         60          0          0          0      11468   stm32f4xx_tim.o
       366          8          0          0          0       7612   stm32f4xx_usart.o
     10502        292          0          0          0      19115   stm32util.o
        16          0          0          0          0       1983   sys.o
       300         36          0          0          0       1601   system_stm32f4xx.o
       218         12          0          0          0       3399   tim.o
         8          0          0          0          0        908   tim_srv.o
       332         36          0          0        552       2388   tty.o
        36         10          0         52          0       1560   wdg.o

    ----------------------------------------------------------------------
     19192        998        460        272       3688     471833   Object Totals
         0          0         32          0          0          0   (incl. Generated)
        34          0          0          0          6          0   (incl. Padding)

    ----------------------------------------------------------------------

      Code (inc. data)   RO Data    RW Data    ZI Data      Debug   Library Member Name

         0          0          0          0          0          0   entry.o
         0          0          0          0          0          0   entry10a.o
         0          0          0          0          0          0   entry11a.o
         8          4          0          0          0          0   entry2.o
         4          0          0          0          0          0   entry5.o
         0          0          0          0          0          0   entry7b.o
         0          0          0          0          0          0   entry8b.o
         8          4          0          0          0          0   entry9a.o
        30          0          0          0          0          0   handlers.o
        36          8          0          0          0         68   init.o
        36          0          0          0          0        108   memseta.o

    ----------------------------------------------------------------------
       124         16          0          0          0        176   Library Totals
         2          0          0          0          0          0   (incl. Padding)

    ----------------------------------------------------------------------

      Code (inc. data)   RO Data    RW Data    ZI Data      Debug   Library Name

       122         16          0          0          0        176   mc_w.l

    ----------------------------------------------------------------------
       124         16          0          0          0        176   Library Totals

    ----------------------------------------------------------------------

==============================================================================


      Code (inc. data)   RO Data    RW Data    ZI Data      Debug   

     19316       1014        460        272       3688     456613   Grand Totals
     19316       1014        460        272       3688     456613   ELF Image Totals
     19316       1014        460        272          0          0   ROM Totals

==============================================================================

    Total RO  Size (Code + RO Data)                19776 (  19.31kB)
    Total RW  Size (RW Data + ZI Data)              3960 (   3.87kB)
    Total ROM Size (Code + RO Data + RW Data)      20048 (  19.58kB)

==============================================================================

