Component: ARM Compiler 5.06 update 4 (build 422) Tool: armlink [4d35d2]

==============================================================================

Section Cross References

    main.o(i.main) refers to kos.o(i.KOS_Boot) for KOS_Boot
    main.o(i.main) refers to snd.o(i.Snd_Play) for Snd_Play
    main.o(i.main) refers to delay.o(i.Delay_Ms) for Delay_Ms
    main.o(i.main) refers to snd.o(i.Snd_Stop) for Snd_Stop
    main.o(i.main) refers to main.o(i.vAppTaskCreate) for vAppTaskCreate
    main.o(i.main) refers to tasks.o(i.vTaskStartScheduler) for vTaskStartScheduler
    main.o(i.vAppTaskCreate) refers to tasks.o(i.xTaskCreate) for xTaskCreate
    main.o(i.vAppTaskCreate) refers to main.o(.data) for .data
    main.o(i.vAppTaskCreate) refers to main.o(i.vLedThreadFun) for vLedThreadFun
    main.o(i.vAppTaskCreate) refers to main.o(i.vSrsThreadFun) for vSrsThreadFun
    main.o(i.vAppTaskCreate) refers to main.o(i.vUplThreadFun) for vUplThreadFun
    main.o(i.vLedThreadFun) refers to stm32f4xx_gpio.o(i.GPIO_ToggleBits) for GPIO_ToggleBits
    main.o(i.vLedThreadFun) refers to tasks.o(i.vTaskDelay) for vTaskDelay
    main.o(i.vSrsThreadFun) refers to srs.o(i.Srs_Proc) for Srs_Proc
    main.o(i.vUplThreadFun) refers to upl.o(i.Upl_Proc) for Upl_Proc
    main.o(i.vUplThreadFun) refers to tasks.o(i.vTaskDelay) for vTaskDelay
    kos.o(i.KOS_Boot) refers to app.o(i.App_Init) for App_Init
    kos.o(i.KOS_Boot) refers to sch.o(i.Sch_Init) for Sch_Init
    kos.o(i.KOS_Boot) refers to sch.o(i.Sch_Arrange) for Sch_Arrange
    kos.o(i.KOS_Boot) refers to bsp.o(i.Bsp_Config) for Bsp_Config
    kos.o(i.KOS_Boot) refers to act.o(i.Act_Init) for Act_Init
    kos.o(i.KOS_Boot) refers to tim.o(i.Tim_Start) for Tim_Start
    kos.o(i.KOS_Boot) refers to app.o(i.App_Proc) for App_Proc
    kos.o(i.KOS_Boot) refers to snd.o(i.Snd_Proc) for Snd_Proc
    kos.o(i.KOS_Stop) refers to sch.o(i.Sch_Dismiss) for Sch_Dismiss
    kos.o(i.KOS_Stop) refers to act.o(i.Act_Init) for Act_Init
    kos.o(i.KOS_Stop) refers to app.o(i.App_Proc) for App_Proc
    kos.o(i.KOS_Stop) refers to snd.o(i.Snd_Proc) for Snd_Proc
    sch.o(i.Sch_Arrange) refers to sch.o(i.getSchTask) for getSchTask
    sch.o(i.Sch_Arrange) refers to sch.o(i.newSchTask) for newSchTask
    sch.o(i.Sch_Arrange) refers to sch.o(.data) for .data
    sch.o(i.Sch_Dismiss) refers to sch.o(i.getSchTask) for getSchTask
    sch.o(i.Sch_Dismiss) refers to malloc.o(i.free) for free
    sch.o(i.Sch_Dismiss) refers to sch.o(.data) for .data
    sch.o(i.Sch_Init) refers to sch.o(.data) for .data
    sch.o(i.Sch_Proc) refers to sch.o(.data) for .data
    sch.o(i.getSchTask) refers to sch.o(.data) for .data
    sch.o(i.newSchTask) refers to malloc.o(i.malloc) for malloc
    sch.o(i.newSchTask) refers to memseta.o(.text) for __aeabi_memclr4
    act.o(i.Act_Init) refers to motor.o(i.CM_Cmd) for CM_Cmd
    act.o(i.Act_Init) refers to motor.o(i.GM_Cmd) for GM_Cmd
    act.o(i.Act_Proc) refers to motor.o(i.CM_Cmd) for CM_Cmd
    act.o(i.Act_Proc) refers to motor.o(i.GM_Cmd) for GM_Cmd
    act.o(i.Act_Proc) refers to ctl.o(.bss) for ctl
    app.o(i.App_Init) refers to ios.o(i.Ios_Init) for Ios_Init
    app.o(i.App_Init) refers to cfg.o(i.Cfg_Init) for Cfg_Init
    app.o(i.App_Init) refers to clk.o(i.Clk_Init) for Clk_Init
    app.o(i.App_Init) refers to mec.o(i.Mec_Init) for Mec_Init
    app.o(i.App_Init) refers to can.o(i.Can_Init) for Can_Init
    app.o(i.App_Init) refers to odo.o(i.Odo_Init) for Odo_Init
    app.o(i.App_Init) refers to cmd.o(i.Cmd_Init) for Cmd_Init
    app.o(i.App_Init) refers to ctl.o(i.Ctl_Init) for Ctl_Init
    app.o(i.App_Init) refers to upl.o(i.Upl_Init) for Upl_Init
    app.o(i.App_Init) refers to dnl.o(i.Dnl_Init) for Dnl_Init
    app.o(i.App_Init) refers to com.o(i.Com_Init) for Com_Init
    app.o(i.App_Init) refers to dci.o(i.Dci_Init) for Dci_Init
    app.o(i.App_Init) refers to cal.o(i.Cal_Init) for Cal_Init
    app.o(i.App_Init) refers to pwr.o(i.Pwr_Init) for Pwr_Init
    app.o(i.App_Init) refers to srs.o(i.Srs_Init) for Srs_Init
    app.o(i.App_Init) refers to snd.o(i.Snd_Init) for Snd_Init
    app.o(i.App_Init) refers to wdg.o(i.Wdg_Init) for Wdg_Init
    app.o(i.App_Init) refers to ini.o(i.Ini_Init) for Ini_Init
    app.o(i.App_Init) refers to wsm.o(i.Wsm_Init) for Wsm_Init
    app.o(i.App_Init) refers to upd.o(i.Upd_Init) for Upd_Init
    app.o(i.App_Proc) refers to wdg.o(i.Wdg_Proc) for Wdg_Proc
    app.o(i.App_Proc) refers to ini.o(i.Ini_Proc) for Ini_Proc
    app.o(i.App_Proc) refers to wsm.o(i.Wsm_Proc) for Wsm_Proc
    app.o(i.App_Proc) refers to upd.o(i.Upd_Proc) for Upd_Proc
    cal.o(i.Cal_ClrFlag) refers to cal.o(.data) for .data
    cal.o(i.Cal_GetFlag) refers to cal.o(.data) for .data
    cal.o(i.Cal_HasFlag) refers to cal.o(.data) for .data
    cal.o(i.Cal_HitFlag) refers to cal.o(.data) for .data
    cal.o(i.Cal_Init) refers to maf.o(i.Maf_Init) for Maf_Init
    cal.o(i.Cal_Init) refers to cal.o(.data) for .data
[...]
    UART5_IRQHandler                         0x08000293   Thumb Code     0  startup_stm32f427xx.o(.text)
    UART7_IRQHandler                         0x08000293   Thumb Code     0  startup_stm32f427xx.o(.text)
    UART8_IRQHandler                         0x08000293   Thumb Code     0  startup_stm32f427xx.o(.text)
    WWDG_IRQHandler                          0x08000293   Thumb Code     0  startup_stm32f427xx.o(.text)
    __aeabi_memcpy                           0x0800029d   Thumb Code    36  memcpya.o(.text)
    __aeabi_memcpy4                          0x0800029d   Thumb Code     0  memcpya.o(.text)
    __aeabi_memcpy8                          0x0800029d   Thumb Code     0  memcpya.o(.text)
    __aeabi_memset                           0x080002c1   Thumb Code    14  memseta.o(.text)
    __aeabi_memset4                          0x080002c1   Thumb Code     0  memseta.o(.text)
    __aeabi_memset8                          0x080002c1   Thumb Code     0  memseta.o(.text)
    __aeabi_memclr                           0x080002cf   Thumb Code     4  memseta.o(.text)
    __aeabi_memclr4                          0x080002cf   Thumb Code     0  memseta.o(.text)
    __aeabi_memclr8                          0x080002cf   Thumb Code     0  memseta.o(.text)
    _memset$wrapper                          0x080002d3   Thumb Code    18  memseta.o(.text)
    strlen                                   0x080002e5   Thumb Code    14  strlen.o(.text)
    __scatterload                            0x080002f5   Thumb Code    28  init.o(.text)
    __scatterload_rt2                        0x080002f5   Thumb Code     0  init.o(.text)
    __decompress                             0x08000319   Thumb Code     0  __dczerorl2.o(.text)
    __decompress1                            0x08000319   Thumb Code    86  __dczerorl2.o(.text)
    Act_Init                                 0x08000371   Thumb Code    48  act.o(i.Act_Init)
    Act_Proc                                 0x080003a9   Thumb Code   160  act.o(i.Act_Proc)
    App_Init                                 0x08000455   Thumb Code    86  app.o(i.App_Init)
    App_Proc                                 0x080004ab   Thumb Code    22  app.o(i.App_Proc)
    Beep_Config                              0x080004c1   Thumb Code    44  beep.o(i.Beep_Config)
    Beep_Sing                                0x080004f5   Thumb Code    28  beep.o(i.Beep_Sing)
    Beep_SingStartupMusic                    0x08000519   Thumb Code    14  beep.o(i.Beep_SingStartupMusic)
    Bsp_Config                               0x0800052d   Thumb Code    84  bsp.o(i.Bsp_Config)
    BtmRxCallback                            0x08000585   Thumb Code     4  com_srv.o(i.BtmRxCallback)
    Btm_Config                               0x08000589   Thumb Code    94  btm.o(i.Btm_Config)
    Btm_Proc                                 0x080005f9   Thumb Code     6  com.o(i.Btm_Proc)
    Btm_PutCh                                0x08000601   Thumb Code    50  btm.o(i.Btm_PutCh)
    Btn_Config                               0x0800063d   Thumb Code     6  btn.o(i.Btn_Config)
    BusFault_Handler                         0x08000649   Thumb Code     2  stm32f4xx_it.o(i.BusFault_Handler)
    CAN1_RX0_IRQHandler                      0x0800064d   Thumb Code    58  can1.o(i.CAN1_RX0_IRQHandler)
    CAN1_TX_IRQHandler                       0x08000691   Thumb Code    30  can1.o(i.CAN1_TX_IRQHandler)
    CAN2_RX0_IRQHandler                      0x080006b5   Thumb Code    58  can2.o(i.CAN2_RX0_IRQHandler)
    CAN2_TX_IRQHandler                       0x080006f9   Thumb Code    30  can2.o(i.CAN2_TX_IRQHandler)
    CAN_ClearFlag                            0x0800071d   Thumb Code    44  stm32f4xx_can.o(i.CAN_ClearFlag)
    CAN_ClearITPendingBit                    0x0800074d   Thumb Code   116  stm32f4xx_can.o(i.CAN_ClearITPendingBit)
    CAN_Config                               0x080007c5   Thumb Code    98  stm32util.o(i.CAN_Config)
    CAN_FilterInit                           0x08000831   Thumb Code   194  stm32f4xx_can.o(i.CAN_FilterInit)
    CAN_Filter_Config                        0x080008fd   Thumb Code    54  stm32util.o(i.CAN_Filter_Config)
    CAN_GetITStatus                          0x08000935   Thumb Code   162  stm32f4xx_can.o(i.CAN_GetITStatus)
    CAN_ITConfig                             0x080009dd   Thumb Code    16  stm32f4xx_can.o(i.CAN_ITConfig)
    CAN_Init                                 0x080009ed   Thumb Code   232  stm32f4xx_can.o(i.CAN_Init)
    CAN_Receive                              0x08000ad5   Thumb Code   144  stm32f4xx_can.o(i.CAN_Receive)
    CAN_Transmit                             0x08000b65   Thumb Code   164  stm32f4xx_can.o(i.CAN_Transmit)
    CBUS_Init                                0x08000c09   Thumb Code     6  cbus.o(i.CBUS_Init)
    CM_Cmd                                   0x08000c0f   Thumb Code    78  motor.o(i.CM_Cmd)
    CRC16Append                              0x08000c5d   Thumb Code    34  crc16.o(i.CRC16Append)
    CRC16Calc                                0x08000c81   Thumb Code    44  crc16.o(i.CRC16Calc)
    Cal_Init                                 0x08000cb1   Thumb Code    20  cal.o(i.Cal_Init)
    Cal_IsDone                               0x08000ccd   Thumb Code    18  cal.o(i.Cal_IsDone)
    Cal_Proc                                 0x08000ce5   Thumb Code     4  cal.o(i.Cal_Proc)
    Cal_SetFlag                              0x08000e49   Thumb Code    10  cal.o(i.Cal_SetFlag)
    Can1RxCallback                           0x08000ee1   Thumb Code     4  can_srv.o(i.Can1RxCallback)
    Can1_Config                              0x08000ee5   Thumb Code   104  can1.o(i.Can1_Config)
    Can2RxCallback                           0x08000f55   Thumb Code     4  can_srv.o(i.Can2RxCallback)
    Can2_Config                              0x08000f59   Thumb Code   106  can2.o(i.Can2_Config)
    Can_Init                                 0x08000fcd   Thumb Code    40  can.o(i.Can_Init)
    Can_Proc                                 0x08000ff9   Thumb Code   168  can.o(i.Can_Proc)
    Cfg_GetFlag                              0x080010ad   Thumb Code     8  cfg.o(i.Cfg_GetFlag)
    Cfg_Init                                 0x080010b9   Thumb Code   252  cfg.o(i.Cfg_Init)
    Cfg_IsSynced                             0x080011bd   Thumb Code    14  cfg.o(i.Cfg_IsSynced)
    Cfg_Load                                 0x080011d1   Thumb Code     6  cfg.o(i.Cfg_Load)
    Cfg_Proc                                 0x080011d9   Thumb Code    22  cfg.o(i.Cfg_Proc)
    Cfg_Save                                 0x080011f5   Thumb Code     6  cfg.o(i.Cfg_Save)
    Clk_GetMsTick                            0x080012cd   Thumb Code    16  clk.o(i.Clk_GetMsTick)
    Clk_GetUsTick                            0x080012dd   Thumb Code     8  clk.o(i.Clk_GetUsTick)
    Clk_Init                                 0x080012e5   Thumb Code    16  clk.o(i.Clk_Init)
    Cmd_Init                                 0x080012f9   Thumb Code     8  cmd.o(i.Cmd_Init)
    Cmd_Proc                                 0x08001305   Thumb Code   308  cmd.o(i.Cmd_Proc)
    Com_Init                                 0x08001441   Thumb Code    14  com.o(i.Com_Init)
    Ctl_Init                                 0x080014b5   Thumb Code    98  ctl.o(i.Ctl_Init)
    Ctl_Proc                                 0x08001521   Thumb Code    34  ctl.o(i.Ctl_Proc)
    DBUS_Dec                                 0x080015b5   Thumb Code    24  dbus.o(i.DBUS_Dec)
    DBUS_Init                                0x080015cd   Thumb Code    20  dbus.o(i.DBUS_Init)
    DMA_Cmd                                  0x080015e1   Thumb Code    20  stm32f4xx_dma.o(i.DMA_Cmd)
    DMA_Config                               0x080015f5   Thumb Code   100  stm32util.o(i.DMA_Config)
    DMA_DoubleBufferModeCmd                  0x08001661   Thumb Code    20  stm32f4xx_dma.o(i.DMA_DoubleBufferModeCmd)
    DMA_DoubleBufferModeConfig               0x08001675   Thumb Code    22  stm32f4xx_dma.o(i.DMA_DoubleBufferModeConfig)
    DMA_GetCurrDataCounter                   0x0800168b   Thumb Code     6  stm32f4xx_dma.o(i.DMA_GetCurrDataCounter)
    DMA_GetCurrentMemoryTarget               0x08001691   Thumb Code    14  stm32f4xx_dma.o(i.DMA_GetCurrentMemoryTarget)
    DMA_Init                                 0x080016a1   Thumb Code    80  stm32f4xx_dma.o(i.DMA_Init)
    DbiRxCallback                            0x080016f5   Thumb Code     4  com_srv.o(i.DbiRxCallback)
    Dbi_Config                               0x080016f9   Thumb Code    94  dbi.o(i.Dbi_Config)
    Dbi_GetCh                                0x08001769   Thumb Code    60  dbi.o(i.Dbi_GetCh)
    Dbi_Proc                                 0x080017ad   Thumb Code     6  com.o(i.Dbi_Proc)
    Dbi_PutCh                                0x080017b5   Thumb Code    50  dbi.o(i.Dbi_PutCh)
    Dci_Init                                 0x080017f1   Thumb Code    20  dci.o(i.Dci_Init)
    Dci_Proc                                 0x08001809   Thumb Code    72  dci.o(i.Dci_Proc)
    DebugMon_Handler                         0x08001851   Thumb Code     2  stm32f4xx_it.o(i.DebugMon_Handler)
    Delay_Ms                                 0x08001853   Thumb Code    24  delay.o(i.Delay_Ms)
    Dnl_Init                                 0x0800186d   Thumb Code    28  dnl.o(i.Dnl_Init)
    EXTI0_IRQHandler                         0x0800188d   Thumb Code    42  stm32util.o(i.EXTI0_IRQHandler)
    EXTI15_10_IRQHandler                     0x080018bd   Thumb Code   206  stm32util.o(i.EXTI15_10_IRQHandler)
    EXTI1_IRQHandler                         0x08001991   Thumb Code    42  stm32util.o(i.EXTI1_IRQHandler)
    EXTI2_IRQHandler                         0x080019c1   Thumb Code    42  stm32util.o(i.EXTI2_IRQHandler)
    EXTI3_IRQHandler                         0x080019f1   Thumb Code    42  stm32util.o(i.EXTI3_IRQHandler)
    EXTI4_IRQHandler                         0x08001a21   Thumb Code    42  stm32util.o(i.EXTI4_IRQHandler)
    EXTI9_5_IRQHandler                       0x08001a51   Thumb Code   162  stm32util.o(i.EXTI9_5_IRQHandler)
    EXTI_Bind                                0x08001af9   Thumb Code   280  stm32util.o(i.EXTI_Bind)
    EXTI_ClearFlag                           0x08001c15   Thumb Code     6  stm32f4xx_exti.o(i.EXTI_ClearFlag)
    EXTI_ClearITPendingBit                   0x08001c21   Thumb Code     6  stm32f4xx_exti.o(i.EXTI_ClearITPendingBit)
    EXTI_Config                              0x08001c2d   Thumb Code    40  stm32util.o(i.EXTI_Config)
    EXTI_GetITStatus                         0x08001c55   Thumb Code    16  stm32f4xx_exti.o(i.EXTI_GetITStatus)
    EXTI_Init                                0x08001c69   Thumb Code   108  stm32f4xx_exti.o(i.EXTI_Init)
    EXTI_SetHandler                          0x08001cd9   Thumb Code    12  stm32util.o(i.EXTI_SetHandler)
    Ekf_Init                                 0x08001ce9   Thumb Code     8  ekf.o(i.Ekf_Init)
    Ekf_Proc                                 0x08001cf1   Thumb Code    74  ekf.o(i.Ekf_Proc)
    Ekf_Reset                                0x08001d3d   Thumb Code    22  ekf.o(i.Ekf_Reset)
    FIFO_Flush                               0x08001d59   Thumb Code    22  fifo.o(i.FIFO_Flush)
    FIFO_GetFree                             0x08001d6f   Thumb Code     8  fifo.o(i.FIFO_GetFree)
    FIFO_GetSize                             0x08001d77   Thumb Code     4  fifo.o(i.FIFO_GetSize)
    FIFO_GetUsed                             0x08001d7b   Thumb Code     4  fifo.o(i.FIFO_GetUsed)
    FIFO_Init                                0x08001d7f   Thumb Code     8  fifo.o(i.FIFO_Init)
    FIFO_IsEmpty                             0x08001d87   Thumb Code    12  fifo.o(i.FIFO_IsEmpty)
    FIFO_IsFull                              0x08001d93   Thumb Code    16  fifo.o(i.FIFO_IsFull)
    FIFO_Pop                                 0x08001da3   Thumb Code    52  fifo.o(i.FIFO_Pop)
    FIFO_Push                                0x08001dd7   Thumb Code    58  fifo.o(i.FIFO_Push)
    FLASH_DataCacheCmd                       0x08001e11   Thumb Code    22  stm32f4xx_flash.o(i.FLASH_DataCacheCmd)
    FLASH_EraseSector                        0x08001e2d   Thumb Code   104  stm32f4xx_flash.o(i.FLASH_EraseSector)
    FLASH_GetStatus                          0x08001e99   Thumb Code    56  stm32f4xx_flash.o(i.FLASH_GetStatus)
    FLASH_Lock                               0x08001ed5   Thumb Code    12  stm32f4xx_flash.o(i.FLASH_Lock)
    FLASH_ProgramByte                        0x08001ee5   Thumb Code    52  stm32f4xx_flash.o(i.FLASH_ProgramByte)
    FLASH_Unlock                             0x08001f1d   Thumb Code    22  stm32f4xx_flash.o(i.FLASH_Unlock)
    FLASH_WaitForLastOperation               0x08001f41   Thumb Code    30  stm32f4xx_flash.o(i.FLASH_WaitForLastOperation)
    FS_Cpy                                   0x08001f5f   Thumb Code     4  sys.o(i.FS_Cpy)
    FS_Det                                   0x08001f63   Thumb Code     4  sys.o(i.FS_Det)
    Flag_Cpy                                 0x08001f67   Thumb Code    38  fun.o(i.Flag_Cpy)
    Flag_Det                                 0x08001f8d   Thumb Code    14  fun.o(i.Flag_Det)
    Flag_Get                                 0x08001f9b   Thumb Code     6  fun.o(i.Flag_Get)
    Flag_Set                                 0x08001fa1   Thumb Code     8  fun.o(i.Flag_Set)
    Flash_Read                               0x08002049   Thumb Code    22  flash.o(i.Flash_Read)
    Flash_Write                              0x08002061   Thumb Code   122  flash.o(i.Flash_Write)
    Fos_Read                                 0x080020e1   Thumb Code    10  fos.o(i.Fos_Read)
    Fos_Write                                0x080020f1   Thumb Code    10  fos.o(i.Fos_Write)
    GM_Cmd                                   0x08002101   Thumb Code    72  motor.o(i.GM_Cmd)
    GPIO_Af                                  0x08002149   Thumb Code    40  stm32util.o(i.GPIO_Af)
    GPIO_Config                              0x08002171   Thumb Code   236  stm32util.o(i.GPIO_Config)
    GPIO_In                                  0x08002289   Thumb Code    16  stm32util.o(i.GPIO_In)
    GPIO_Init                                0x08002299   Thumb Code   162  stm32f4xx_gpio.o(i.GPIO_Init)
    GPIO_Out                                 0x0800233b   Thumb Code    18  stm32util.o(i.GPIO_Out)
    GPIO_PinAFConfig                         0x0800234d   Thumb Code    32  stm32f4xx_gpio.o(i.GPIO_PinAFConfig)
    GPIO_ReadInputDataBit                    0x0800236d   Thumb Code    14  stm32f4xx_gpio.o(i.GPIO_ReadInputDataBit)
    GPIO_ReadOutputDataBit                   0x0800237b   Thumb Code    14  stm32f4xx_gpio.o(i.GPIO_ReadOutputDataBit)
    GPIO_ResetBits                           0x08002389   Thumb Code     4  stm32f4xx_gpio.o(i.GPIO_ResetBits)
    GPIO_SetBits                             0x0800238d   Thumb Code     4  stm32f4xx_gpio.o(i.GPIO_SetBits)
    GPIO_ToggleBits                          0x08002391   Thumb Code     8  stm32f4xx_gpio.o(i.GPIO_ToggleBits)
    HardFault_Handler                        0x0800293d   Thumb Code     2  stm32f4xx_it.o(i.HardFault_Handler)
    Hcf_Init                                 0x08002941   Thumb Code    38  hcf.o(i.Hcf_Init)
    Hcf_Proc                                 0x08002967   Thumb Code    64  hcf.o(i.Hcf_Proc)
    Hci_Init                                 0x080029a9   Thumb Code    48  hci.o(i.Hci_Init)
    Hci_MouseBtn                             0x080029dd   Thumb Code    12  hci.o(i.Hci_MouseBtn)
    Hci_PreProc                              0x080029ed   Thumb Code     8  hci.o(i.Hci_PreProc)
    Hci_Proc                                 0x080029f9   Thumb Code    24  hci.o(i.Hci_Proc)
    Hcp_Dec                                  0x08002a11   Thumb Code    30  hcp.o(i.Hcp_Dec)
    Hcp_Init                                 0x08002a2f   Thumb Code    28  hcp.o(i.Hcp_Init)
    Ini_Init                                 0x08002a4d   Thumb Code     8  ini.o(i.Ini_Init)
    Ini_IsDone                               0x08002a59   Thumb Code    18  ini.o(i.Ini_IsDone)
    Ini_Proc                                 0x08002a71   Thumb Code   126  ini.o(i.Ini_Proc)
    Ios_GetCh                                0x08002b01   Thumb Code     4  ios.o(i.Ios_GetCh)
    Ios_Init                                 0x08002b05   Thumb Code    18  ios.o(i.Ios_Init)
    Ios_PutCh                                0x08002b21   Thumb Code    18  ios.o(i.Ios_PutCh)
    Ios_SetIn                                0x08002b35   Thumb Code    10  ios.o(i.Ios_SetIn)
    Ios_SetOut                               0x08002b45   Thumb Code    10  ios.o(i.Ios_SetOut)
    KOS_Boot                                 0x08002b55   Thumb Code    42  kos.o(i.KOS_Boot)
    Key_Config                               0x08002b89   Thumb Code    34  key.o(i.Key_Config)
    Led_Config                               0x08002bb5   Thumb Code    40  led.o(i.Led_Config)
    MPU6500_CheckDevice                      0x08002be5   Thumb Code    42  mpu6500_drv.o(i.MPU6500_CheckDevice)
    MPU6500_Config                           0x08002c11   Thumb Code    14  mpu6500.o(i.MPU6500_Config)
    MPU6500_Init                             0x08002c21   Thumb Code    56  mpu6500_drv.o(i.MPU6500_Init)
    MPU6500_SPI_Read_Reg                     0x08002c5d   Thumb Code    82  mpu6500_spi.o(i.MPU6500_SPI_Read_Reg)
    MPU6500_SPI_Write_Reg                    0x08002cb9   Thumb Code    68  mpu6500_spi.o(i.MPU6500_SPI_Write_Reg)
    Maf_Init                                 0x08002d05   Thumb Code     8  maf.o(i.Maf_Init)
    Maf_Proc                                 0x08002d0d   Thumb Code    66  maf.o(i.Maf_Proc)
    Maf_Reset                                0x08002d51   Thumb Code    42  maf.o(i.Maf_Reset)
    Mec_Decomp                               0x08002d81   Thumb Code    10  mec.o(i.Mec_Decomp)
    Mec_Init                                 0x08002d91   Thumb Code    40  mec.o(i.Mec_Init)
    Mec_Synthe                               0x08002dc1   Thumb Code    10  mec.o(i.Mec_Synthe)
    Mecanum_Config                           0x08002dd1   Thumb Code    42  mecanum.o(i.Mecanum_Config)
    Mecanum_Decomp                           0x08002dfb   Thumb Code   142  mecanum.o(i.Mecanum_Decomp)
    Mecanum_Synthe                           0x08002e89   Thumb Code   114  mecanum.o(i.Mecanum_Synthe)
    Med_Init                                 0x08002efd   Thumb Code    50  med.o(i.Med_Init)
    Med_Proc                                 0x08002f35   Thumb Code    66  med.o(i.Med_Proc)
    MemManage_Handler                        0x08002f77   Thumb Code     2  stm32f4xx_it.o(i.MemManage_Handler)
    Motor_Process                            0x08002f79   Thumb Code   286  can.o(i.Motor_Process)
    Motor_Ready                              0x080030b9   Thumb Code    14  can.o(i.Motor_Ready)
    Motor_Reset                              0x080030c7   Thumb Code     6  can.o(i.Motor_Reset)
    Msg_Push                                 0x080030cd   Thumb Code    74  msg.o(i.Msg_Push)
    NMI_Handler                              0x08003117   Thumb Code     2  stm32f4xx_it.o(i.NMI_Handler)
    NVIC_Config                              0x08003119   Thumb Code    28  stm32util.o(i.NVIC_Config)
    NVIC_Init                                0x08003135   Thumb Code    96  misc.o(i.NVIC_Init)
    NVIC_PriorityGroupConfig                 0x08003199   Thumb Code    10  misc.o(i.NVIC_PriorityGroupConfig)
    Odo_Init                                 0x080031ad   Thumb Code    18  odo.o(i.Odo_Init)
    Odo_Proc                                 0x080031cd   Thumb Code   268  odo.o(i.Odo_Proc)
    PID_Calc                                 0x08003301   Thumb Code   278  pid.o(i.PID_Calc)
    PID_Config                               0x0800341d   Thumb Code     6  pid.o(i.PID_Config)
    PID_Reset                                0x08003425   Thumb Code    30  pid.o(i.PID_Reset)
    PWM_Bind                                 0x08003449   Thumb Code  5436  stm32util.o(i.PWM_Bind)
    Pwm_Config                               0x0800498d   Thumb Code    82  pwm.o(i.Pwm_Config)
    Pwr_Init                                 0x080049e9   Thumb Code    72  pwr.o(i.Pwr_Init)
    Pwr_IsOkay                               0x08004a39   Thumb Code    16  pwr.o(i.Pwr_IsOkay)
    RCC_AHB1PeriphClockCmd                   0x08004a4d   Thumb Code    18  stm32f4xx_rcc.o(i.RCC_AHB1PeriphClockCmd)
    RCC_APB1PeriphClockCmd                   0x08004a65   Thumb Code    18  stm32f4xx_rcc.o(i.RCC_APB1PeriphClockCmd)
    RCC_APB2PeriphClockCmd                   0x08004a7d   Thumb Code    18  stm32f4xx_rcc.o(i.RCC_APB2PeriphClockCmd)
    RCC_GetClocksFreq                        0x08004a95   Thumb Code   132  stm32f4xx_rcc.o(i.RCC_GetClocksFreq)
    Rcf_Init                                 0x08004b29   Thumb Code    40  rcf.o(i.Rcf_Init)
    Rcf_Proc                                 0x08004b51   Thumb Code    64  rcf.o(i.Rcf_Proc)
    Rci_Init                                 0x08004b91   Thumb Code     6  rci.o(i.Rci_Init)
    Rci_PreProc                              0x08004b9d   Thumb Code     8  rci.o(i.Rci_PreProc)
    Rci_Proc                                 0x08004ba9   Thumb Code    18  rci.o(i.Rci_Proc)
    Rci_Sw                                   0x08004bbd   Thumb Code    12  rci.o(i.Rci_Sw)
    Rcp_Dec                                  0x08004bcd   Thumb Code    78  rcp.o(i.Rcp_Dec)
    Rcp_Enc                                  0x08004c1b   Thumb Code    64  rcp.o(i.Rcp_Enc)
    Rcp_Init                                 0x08004c5d   Thumb Code    38  rcp.o(i.Rcp_Init)
    RcvCallback                              0x08004c83   Thumb Code     4  rcv_srv.o(i.RcvCallback)
    Rcv_Config                               0x08004c89   Thumb Code   126  rcv.o(i.Rcv_Config)
    Rcv_Proc                                 0x08004d1d   Thumb Code    28  dci.o(i.Rcv_Proc)
    Rmp_Calc                                 0x08004d3d   Thumb Code    42  rmp.o(i.Rmp_Calc)
    Rmp_Config                               0x08004d67   Thumb Code     4  rmp.o(i.Rmp_Config)
    Rmp_Reset                                0x08004d6d   Thumb Code    14  rmp.o(i.Rmp_Reset)
    SPI_Bind                                 0x08004d81   Thumb Code  2506  stm32util.o(i.SPI_Bind)
    SPI_Cmd                                  0x08005759   Thumb Code    20  stm32f4xx_spi.o(i.SPI_Cmd)
    SPI_Config                               0x0800576d   Thumb Code   166  stm32util.o(i.SPI_Config)
    SPI_Init                                 0x0800582d   Thumb Code    56  stm32f4xx_spi.o(i.SPI_Init)
    SPI_TxRxByte                             0x08005865   Thumb Code    40  stm32util.o(i.SPI_TxRxByte)
    SR04Callback                             0x0800588d   Thumb Code     4  ext_srv.o(i.SR04Callback)
    SR04_Bind                                0x08005891   Thumb Code    28  sr04.o(i.SR04_Bind)
    SR04_Config                              0x080058b1   Thumb Code    24  sr04.o(i.SR04_Config)
    SYSCFG_EXTILineConfig                    0x08005935   Thumb Code    42  stm32f4xx_syscfg.o(i.SYSCFG_EXTILineConfig)
    Sch_Arrange                              0x08005965   Thumb Code    58  sch.o(i.Sch_Arrange)
    Sch_Init                                 0x080059a5   Thumb Code    20  sch.o(i.Sch_Init)
    Sch_Proc                                 0x080059bd   Thumb Code    42  sch.o(i.Sch_Proc)
    Snd_Init                                 0x08005abd   Thumb Code    10  snd.o(i.Snd_Init)
    Snd_Play                                 0x08005acd   Thumb Code     8  snd.o(i.Snd_Play)
    Snd_Proc                                 0x08005ad9   Thumb Code    58  snd.o(i.Snd_Proc)
    Snd_Stop                                 0x08005b19   Thumb Code     8  snd.o(i.Snd_Stop)
    Spi5_Config                              0x08005b25   Thumb Code    74  spi5.o(i.Spi5_Config)
    Sr04_Proc                                0x08005b79   Thumb Code    74  srs.o(i.Sr04_Proc)
    Srs_Fall                                 0x08005bc5   Thumb Code   148  srs.o(i.Srs_Fall)
    Srs_Func                                 0x08005c65   Thumb Code   142  srs.o(i.Srs_Func)
    Srs_Init                                 0x08005cfd   Thumb Code    18  srs.o(i.Srs_Init)
    Srs_Proc                                 0x08005d11   Thumb Code   110  srs.o(i.Srs_Proc)
    Srs_Rise                                 0x08005d89   Thumb Code    68  srs.o(i.Srs_Rise)
    Srs_Start                                0x08005dd5   Thumb Code    52  srs.o(i.Srs_Start)
    Srs_Trig                                 0x08005e0d   Thumb Code    80  srs.o(i.Srs_Trig)
    SyncTimCallback                          0x08005e65   Thumb Code     4  tim_srv.o(i.SyncTimCallback)
    SyncTim_Config                           0x08005e69   Thumb Code    38  tim.o(i.SyncTim_Config)
    SyncTim_Start                            0x08005e95   Thumb Code    34  tim.o(i.SyncTim_Start)
    SysTick_Handler                          0x08005ebd   Thumb Code    38  port.o(i.SysTick_Handler)
    SystemInit                               0x08005ee9   Thumb Code    74  system_stm32f4xx.o(i.SystemInit)
    TIM2_IRQHandler                          0x08005f45   Thumb Code    42  tim.o(i.TIM2_IRQHandler)
    TIM6_DAC_IRQHandler                      0x08005f71   Thumb Code    42  tim.o(i.TIM6_DAC_IRQHandler)
    TIM_ARRPreloadConfig                     0x08005fa1   Thumb Code    20  stm32f4xx_tim.o(i.TIM_ARRPreloadConfig)
    TIM_ClearFlag                            0x08005fb5   Thumb Code     6  stm32f4xx_tim.o(i.TIM_ClearFlag)
    TIM_ClearITPendingBit                    0x08005fbb   Thumb Code     6  stm32f4xx_tim.o(i.TIM_ClearITPendingBit)
    TIM_Cmd                                  0x08005fc1   Thumb Code    20  stm32f4xx_tim.o(i.TIM_Cmd)
    TIM_Config                               0x08005fd5   Thumb Code   276  stm32util.o(i.TIM_Config)
    TIM_GetITStatus                          0x08006119   Thumb Code    24  stm32f4xx_tim.o(i.TIM_GetITStatus)
    TIM_ITConfig                             0x08006131   Thumb Code    16  stm32f4xx_tim.o(i.TIM_ITConfig)
    TIM_OC1Init                              0x08006141   Thumb Code    88  stm32f4xx_tim.o(i.TIM_OC1Init)
    TIM_OC1PreloadConfig                     0x080061a1   Thumb Code    12  stm32f4xx_tim.o(i.TIM_OC1PreloadConfig)
    TIM_OC2Init                              0x080061ad   Thumb Code   120  stm32f4xx_tim.o(i.TIM_OC2Init)
    TIM_OC2PreloadConfig                     0x0800622d   Thumb Code    20  stm32f4xx_tim.o(i.TIM_OC2PreloadConfig)
    TIM_OC3Init                              0x08006241   Thumb Code   116  stm32f4xx_tim.o(i.TIM_OC3Init)
    TIM_OC3PreloadConfig                     0x080062bd   Thumb Code    12  stm32f4xx_tim.o(i.TIM_OC3PreloadConfig)
    TIM_OC4Init                              0x080062c9   Thumb Code    88  stm32f4xx_tim.o(i.TIM_OC4Init)
    TIM_OC4PreloadConfig                     0x08006329   Thumb Code    20  stm32f4xx_tim.o(i.TIM_OC4PreloadConfig)
    TIM_OC_Config                            0x0800633d   Thumb Code   130  stm32util.o(i.TIM_OC_Config)
    TIM_TimeBaseInit                         0x080063c1   Thumb Code    96  stm32f4xx_tim.o(i.TIM_TimeBaseInit)
    TickTimCallback                          0x0800643d   Thumb Code     2  tim_srv.o(i.TickTimCallback)
    TickTim_Config                           0x0800643f   Thumb Code    46  tim.o(i.TickTim_Config)
    TickTim_Start                            0x0800646d   Thumb Code    34  tim.o(i.TickTim_Start)
    Tim_Config                               0x0800648f   Thumb Code    14  tim.o(i.Tim_Config)
    Tim_Start                                0x0800649d   Thumb Code    14  tim.o(i.Tim_Start)
    TtyRxCallback                            0x080064ab   Thumb Code     4  com_srv.o(i.TtyRxCallback)
    Tty_Config                               0x080064b1   Thumb Code    94  tty.o(i.Tty_Config)
    Tty_GetCh                                0x08006521   Thumb Code    60  tty.o(i.Tty_GetCh)
    Tty_GetRxFifoFree                        0x08006565   Thumb Code     6  tty.o(i.Tty_GetRxFifoFree)
    Tty_GetRxFifoSize                        0x08006571   Thumb Code     6  tty.o(i.Tty_GetRxFifoSize)
    Tty_GetRxFifoUsed                        0x0800657d   Thumb Code     6  tty.o(i.Tty_GetRxFifoUsed)
    Tty_GetTxFifoFree                        0x08006589   Thumb Code     6  tty.o(i.Tty_GetTxFifoFree)
    Tty_GetTxFifoSize                        0x08006595   Thumb Code     6  tty.o(i.Tty_GetTxFifoSize)
    Tty_GetTxFifoUsed                        0x080065a1   Thumb Code     6  tty.o(i.Tty_GetTxFifoUsed)
    Tty_Print                                0x080065ad   Thumb Code    28  tty.o(i.Tty_Print)
    Tty_Proc                                 0x080065c9   Thumb Code     6  com.o(i.Tty_Proc)
    Tty_PutCh                                0x080065d1   Thumb Code    50  tty.o(i.Tty_PutCh)
    Tty_Read                                 0x0800660d   Thumb Code    70  tty.o(i.Tty_Read)
    Tty_ReadByte                             0x0800665d   Thumb Code    64  tty.o(i.Tty_ReadByte)
    Tty_Write                                0x080066a5   Thumb Code    70  tty.o(i.Tty_Write)
    Tty_WriteByte                            0x080066f5   Thumb Code    58  tty.o(i.Tty_WriteByte)
    USART1_IRQHandler                        0x08006739   Thumb Code   104  rcv.o(i.USART1_IRQHandler)
    USART2_IRQHandler                        0x080067ad   Thumb Code   142  btm.o(i.USART2_IRQHandler)
    USART3_IRQHandler                        0x08006845   Thumb Code   142  dbi.o(i.USART3_IRQHandler)
    USART6_IRQHandler                        0x080068dd   Thumb Code   142  tty.o(i.USART6_IRQHandler)
    USART_Bind                               0x08006975   Thumb Code  3544  stm32util.o(i.USART_Bind)
    USART_Cmd                                0x08007755   Thumb Code    20  stm32f4xx_usart.o(i.USART_Cmd)
    USART_Config                             0x08007769   Thumb Code   366  stm32util.o(i.USART_Config)
    USART_DMACmd                             0x080078f9   Thumb Code    16  stm32f4xx_usart.o(i.USART_DMACmd)
    USART_GetITStatus                        0x08007909   Thumb Code    62  stm32f4xx_usart.o(i.USART_GetITStatus)
    USART_ITConfig                           0x08007947   Thumb Code    48  stm32f4xx_usart.o(i.USART_ITConfig)
    USART_Init                               0x08007979   Thumb Code   164  stm32f4xx_usart.o(i.USART_Init)
    USART_ReceiveData                        0x08007a25   Thumb Code     8  stm32f4xx_usart.o(i.USART_ReceiveData)
    USART_SendData                           0x08007a2d   Thumb Code     8  stm32f4xx_usart.o(i.USART_SendData)
    Upd_Init                                 0x08007a35   Thumb Code    48  upd.o(i.Upd_Init)
    Upd_Proc                                 0x08007a6d   Thumb Code   102  upd.o(i.Upd_Proc)
    Upl_Init                                 0x08007ad5   Thumb Code    14  upl.o(i.Upl_Init)
    Upl_Proc                                 0x08007ae9   Thumb Code   280  upl.o(i.Upl_Proc)
    UsageFault_Handler                       0x08007e35   Thumb Code     2  stm32f4xx_it.o(i.UsageFault_Handler)
    Wdg_Feed                                 0x08007e39   Thumb Code    10  wdg.o(i.Wdg_Feed)
    Wdg_GetErr                               0x08007e49   Thumb Code     6  wdg.o(i.Wdg_GetErr)
    Wdg_HasErr                               0x08007e55   Thumb Code     8  wdg.o(i.Wdg_HasErr)
    Wdg_HitErr                               0x08007e61   Thumb Code    16  wdg.o(i.Wdg_HitErr)
    Wdg_Init                                 0x08007e75   Thumb Code    34  wdg.o(i.Wdg_Init)
    Wdg_IsOkay                               0x08007ea1   Thumb Code    28  wdg.o(i.Wdg_IsOkay)
    Wdg_Proc                                 0x08007ebd   Thumb Code    58  wdg.o(i.Wdg_Proc)
    Wsm_GetLastWs                            0x08007f01   Thumb Code     6  wsm.o(i.Wsm_GetLastWs)
    Wsm_GetWs                                0x08007f0d   Thumb Code     6  wsm.o(i.Wsm_GetWs)
    Wsm_Init                                 0x08007f19   Thumb Code    10  wsm.o(i.Wsm_Init)
    Wsm_Proc                                 0x08007f29   Thumb Code   218  wsm.o(i.Wsm_Proc)
    ZGyro_Process                            0x08008009   Thumb Code   128  can.o(i.ZGyro_Process)
    ZGyro_Ready                              0x08008095   Thumb Code    14  can.o(i.ZGyro_Ready)
    ZGyro_Reset                              0x080080a3   Thumb Code     6  can.o(i.ZGyro_Reset)
    __scatterload_copy                       0x080080a9   Thumb Code    14  handlers.o(i.__scatterload_copy)
    __scatterload_null                       0x080080b7   Thumb Code     2  handlers.o(i.__scatterload_null)
    __scatterload_zeroinit                   0x080080b9   Thumb Code    14  handlers.o(i.__scatterload_zeroinit)
    constrain                                0x080080c7   Thumb Code    32  fun.o(i.constrain)
    isort                                    0x08008105   Thumb Code    60  fun.o(i.isort)
    main                                     0x08008141   Thumb Code    30  main.o(i.main)
    malloc                                   0x08008161   Thumb Code    92  malloc.o(i.malloc)
    map                                      0x080081cd   Thumb Code    56  fun.o(i.map)
    pvPortMalloc                             0x08008899   Thumb Code   170  heap_2.o(i.pvPortMalloc)
    pvTaskIncrementMutexHeldCount            0x08008951   Thumb Code    18  tasks.o(i.pvTaskIncrementMutexHeldCount)
    pxPortInitialiseStack                    0x08008969   Thumb Code    40  port.o(i.pxPortInitialiseStack)
    sort                                     0x08008995   Thumb Code    44  fun.o(i.sort)
    uxListRemove                             0x080089c1   Thumb Code    36  list.o(i.uxListRemove)
    vListInitialise                          0x08008a89   Thumb Code    22  list.o(i.vListInitialise)
    vListInitialiseItem                      0x08008a9f   Thumb Code     6  list.o(i.vListInitialiseItem)
    vListInsert                              0x08008aa5   Thumb Code    48  list.o(i.vListInsert)
    vListInsertEnd                           0x08008ad5   Thumb Code    24  list.o(i.vListInsertEnd)
    vPortEnterCritical                       0x08008aed   Thumb Code    54  port.o(i.vPortEnterCritical)
    vPortExitCritical                        0x08008b2d   Thumb Code    34  port.o(i.vPortExitCritical)
    vPortFree                                0x08008b55   Thumb Code    56  heap_2.o(i.vPortFree)
    vPortSetupTimerInterrupt                 0x08008b91   Thumb Code    26  port.o(i.vPortSetupTimerInterrupt)
    vPortValidateInterruptPriority           0x08008bb1   Thumb Code    74  port.o(i.vPortValidateInterruptPriority)
    vQueueAddToRegistry                      0x08008c05   Thumb Code    34  queue.o(i.vQueueAddToRegistry)
    vQueueWaitForMessageRestricted           0x08008c2d   Thumb Code    68  queue.o(i.vQueueWaitForMessageRestricted)
    vTaskDelay                               0x08008c79   Thumb Code    66  tasks.o(i.vTaskDelay)
    vTaskMissedYield                         0x08008cc5   Thumb Code     8  tasks.o(i.vTaskMissedYield)
    vTaskPlaceOnEventList                    0x08008cd1   Thumb Code    44  tasks.o(i.vTaskPlaceOnEventList)
    vTaskPlaceOnEventListRestricted          0x08008d01   Thumb Code    52  tasks.o(i.vTaskPlaceOnEventListRestricted)
    vTaskPriorityInherit                     0x08008d39   Thumb Code   124  tasks.o(i.vTaskPriorityInherit)
    vTaskSetTimeOutState                     0x08008dbd   Thumb Code    30  tasks.o(i.vTaskSetTimeOutState)
    vTaskStartScheduler                      0x08008de1   Thumb Code    94  tasks.o(i.vTaskStartScheduler)
    vTaskSuspendAll                          0x08008e51   Thumb Code    10  tasks.o(i.vTaskSuspendAll)
    vTaskSwitchContext                       0x08008e61   Thumb Code    82  tasks.o(i.vTaskSwitchContext)
    xPortStartScheduler                      0x08008ec9   Thumb Code   202  port.o(i.xPortStartScheduler)
    xQueueGenericCreate                      0x08008fa9   Thumb Code    72  queue.o(i.xQueueGenericCreate)
    xQueueGenericReceive                     0x08008ff1   Thumb Code   360  queue.o(i.xQueueGenericReceive)
    xQueueGenericReset                       0x0800915d   Thumb Code   132  queue.o(i.xQueueGenericReset)
    xQueueGenericSend                        0x080091e5   Thumb Code   346  queue.o(i.xQueueGenericSend)
    xQueueGenericSendFromISR                 0x08009345   Thumb Code   188  queue.o(i.xQueueGenericSendFromISR)
    xTaskCheckForTimeOut                     0x08009401   Thumb Code   102  tasks.o(i.xTaskCheckForTimeOut)
    xTaskCreate                              0x0800946d   Thumb Code    86  tasks.o(i.xTaskCreate)
    xTaskGetSchedulerState                   0x080094c5   Thumb Code    22  tasks.o(i.xTaskGetSchedulerState)
    xTaskGetTickCount                        0x080094e1   Thumb Code     6  tasks.o(i.xTaskGetTickCount)
    xTaskIncrementTick                       0x080094ed   Thumb Code   192  tasks.o(i.xTaskIncrementTick)
    xTaskPriorityDisinherit                  0x080095b5   Thumb Code   144  tasks.o(i.xTaskPriorityDisinherit)
    xTaskRemoveFromEventList                 0x0800964d   Thumb Code   108  tasks.o(i.xTaskRemoveFromEventList)
    xTaskResumeAll                           0x080096c1   Thumb Code   182  tasks.o(i.xTaskResumeAll)
    xTimerCreateTimerTask                    0x08009785   Thumb Code    58  timers.o(i.xTimerCreateTimerTask)
    xTimerGenericCommand                     0x080097d1   Thumb Code    92  timers.o(i.xTimerGenericCommand)
    msg_head_vrc                             0x08009c70   Data           4  msg.o(.constdata)
    msg_head_zgyro                           0x08009c74   Data           4  msg.o(.constdata)
    msg_head_kylin                           0x08009c78   Data           4  msg.o(.constdata)
    msg_head_pos_calib                       0x08009c7c   Data           4  msg.o(.constdata)
    msg_head_sr04s                           0x08009c80   Data           4  msg.o(.constdata)
    BEEP_TONE_TABLE                          0x08009c84   Data          42  beep.o(.constdata)
    BEEP_START_UP_MUSIC                      0x08009cae   Data          14  beep.o(.constdata)
    sr04                                     0x08009ccc   Data          32  sr04.o(.constdata)
    tty                                      0x08009cec   Data          52  tty.o(.constdata)
    Region$$Table$$Base                      0x08009d20   Number         0  anon$$obj.o(Region$$Table)
    Region$$Table$$Limit                     0x08009d40   Number         0  anon$$obj.o(Region$$Table)
    cfg_sync_flag                            0x20000020   Data           1  cfg.o(.data)
    cfg                                      0x20000021   Data         242  cfg.o(.data)
    _in                                      0x2000012c   Data           4  ios.o(.data)
    _out                                     0x20000130   Data           4  ios.o(.data)
    SystemCoreClock                          0x200001c4   Data           4  system_stm32f4xx.o(.data)
    AHBPrescTable                            0x200001c8   Data          16  system_stm32f4xx.o(.data)
    pxCurrentTCB                             0x200001f0   Data           4  tasks.o(.data)
    __microlib_freelist                      0x2000024c   Data           4  mvars.o(.data)
    __microlib_freelist_initialised          0x20000250   Data           4  mvars.o(.data)
    zgyro                                    0x20000270   Data          44  can.o(.bss)
    motor                                    0x2000029c   Data         672  can.o(.bss)
    cmd                                      0x2000053c   Data          76  cmd.o(.bss)
    ctl                                      0x20000588   Data          76  ctl.o(.bss)
    pid                                      0x200005d4   Data         480  ctl.o(.bss)
    rmp                                      0x200007b4   Data          12  ctl.o(.bss)
    dbus                                     0x200007c0   Data          22  dci.o(.bss)
    odo                                      0x20000b54   Data         100  odo.o(.bss)
    srs                                      0x20000e68   Data         368  srs.o(.bss)
    extiHandlers                             0x200016cc   Data          64  stm32util.o(.bss)
    xQueueRegistry                           0x20014534   Data          64  queue.o(.bss)
    __heap_base                              0x20014668   Data           0  startup_stm32f427xx.o(HEAP)
    __heap_limit                             0x20015668   Data           0  startup_stm32f427xx.o(HEAP)
    __initial_sp                             0x20015a68   Data           0  startup_stm32f427xx.o(STACK)



==============================================================================

Memory Map of the image

  Image Entry point : 0x080001ad

  Load Region LR_IROM1 (Base: 0x08000000, Size: 0x00009f94, Max: 0x00200000, ABSOLUTE, COMPRESSED[0x00009dc4])

    Execution Region ER_IROM1 (Base: 0x08000000, Size: 0x00009d40, Max: 0x00200000, ABSOLUTE)

    Base Addr    Size         Type   Attr      Idx    E Section Name        Object

    0x08000000   0x000001ac   Data   RO         9780    RESET               startup_stm32f427xx.o
    0x080001ac   0x00000000   Code   RO        10646  * .ARM.Collect$$$$00000000  mc_w.l(entry.o)
    0x080001ac   0x00000004   Code   RO        10732    .ARM.Collect$$$$00000001  mc_w.l(entry2.o)
    0x080001b0   0x00000004   Code   RO        10735    .ARM.Collect$$$$00000004  mc_w.l(entry5.o)
    0x080001b4   0x00000000   Code   RO        10737    .ARM.Collect$$$$00000008  mc_w.l(entry7b.o)
    0x080001b4   0x00000000   Code   RO        10739    .ARM.Collect$$$$0000000A  mc_w.l(entry8b.o)
    0x080001b4   0x00000008   Code   RO        10740    .ARM.Collect$$$$0000000B  mc_w.l(entry9a.o)
    0x080001bc   0x00000000   Code   RO        10742    .ARM.Collect$$$$0000000D  mc_w.l(entry10a.o)
    0x080001bc   0x00000000   Code   RO        10744    .ARM.Collect$$$$0000000F  mc_w.l(entry11a.o)
    0x080001bc   0x00000004   Code   RO        10733    .ARM.Collect$$$$00002712  mc_w.l(entry2.o)
    0x080001c0   0x000000b6   Code   RO        10531    .emb_text           port.o
    0x08000276   0x00000002   PAD
    0x08000278   0x00000024   Code   RO         9781    .text               startup_stm32f427xx.o
    0x0800029c   0x00000024   Code   RO        10649    .text               mc_w.l(memcpya.o)
    0x080002c0   0x00000024   Code   RO        10651    .text               mc_w.l(memseta.o)
    0x080002e4   0x0000000e   Code   RO        10653    .text               mc_w.l(strlen.o)
    0x080002f2   0x00000002   PAD
    0x080002f4   0x00000024   Code   RO        10768    .text               mc_w.l(init.o)
    0x08000318   0x00000056   Code   RO        10784    .text               mc_w.l(__dczerorl2.o)
    0x0800036e   0x00000002   PAD
    0x08000370   0x00000038   Code   RO          586    i.Act_Init          act.o
    0x080003a8   0x000000ac   Code   RO          587    i.Act_Proc          act.o
    0x08000454   0x00000056   Code   RO          616    i.App_Init          app.o
    0x080004aa   0x00000016   Code   RO          617    i.App_Proc          app.o
    0x080004c0   0x00000034   Code   RO         3196    i.Beep_Config       beep.o
    0x080004f4   0x00000024   Code   RO         3197    i.Beep_Sing         beep.o
    0x08000518   0x00000014   Code   RO         3198    i.Beep_SingStartupMusic  beep.o
    0x0800052c   0x00000058   Code   RO         3238    i.Bsp_Config        bsp.o
    0x08000584   0x00000004   Code   RO         3061    i.BtmRxCallback     com_srv.o
    0x08000588   0x00000070   Code   RO         3262    i.Btm_Config        btm.o
    0x080005f8   0x00000006   Code   RO         1041    i.Btm_Proc          com.o
    0x080005fe   0x00000002   PAD
    0x08000600   0x0000003c   Code   RO         3271    i.Btm_PutCh         btm.o
    0x0800063c   0x0000000c   Code   RO         3377    i.Btn_Config        btn.o
    0x08000648   0x00000002   Code   RO          451    i.BusFault_Handler  stm32f4xx_it.o
    0x0800064a   0x00000002   PAD
    0x0800064c   0x00000044   Code   RO         3401    i.CAN1_RX0_IRQHandler  can1.o
    0x08000690   0x00000024   Code   RO         3402    i.CAN1_TX_IRQHandler  can1.o
    0x080006b4   0x00000044   Code   RO         3449    i.CAN2_RX0_IRQHandler  can2.o
    0x080006f8   0x00000024   Code   RO         3450    i.CAN2_TX_IRQHandler  can2.o
    0x0800071c   0x00000030   Code   RO         4919    i.CAN_ClearFlag     stm32f4xx_can.o
    0x0800074c   0x00000078   Code   RO         4920    i.CAN_ClearITPendingBit  stm32f4xx_can.o
    0x080007c4   0x0000006c   Code   RO         3993    i.CAN_Config        stm32util.o
    0x08000830   0x000000cc   Code   RO         4924    i.CAN_FilterInit    stm32f4xx_can.o
    0x080008fc   0x00000036   Code   RO         3994    i.CAN_Filter_Config  stm32util.o
    0x08000932   0x00000002   PAD
    0x08000934   0x000000a8   Code   RO         4926    i.CAN_GetITStatus   stm32f4xx_can.o
    0x080009dc   0x00000010   Code   RO         4930    i.CAN_ITConfig      stm32f4xx_can.o
    0x080009ec   0x000000e8   Code   RO         4931    i.CAN_Init          stm32f4xx_can.o
    0x08000ad4   0x00000090   Code   RO         4934    i.CAN_Receive       stm32f4xx_can.o
    0x08000b64   0x000000a4   Code   RO         4939    i.CAN_Transmit      stm32f4xx_can.o
    0x08000c08   0x00000006   Code   RO         2142    i.CBUS_Init         cbus.o
    0x08000c0e   0x0000004e   Code   RO         4483    i.CM_Cmd            motor.o
    0x08000c5c   0x00000022   Code   RO         2154    i.CRC16Append       crc16.o
    0x08000c7e   0x00000002   PAD
    0x08000c80   0x00000030   Code   RO         2155    i.CRC16Calc         crc16.o
    0x08000cb0   0x0000001c   Code   RO          650    i.Cal_Init          cal.o
    0x08000ccc   0x00000018   Code   RO          651    i.Cal_IsDone        cal.o
    0x08000ce4   0x00000004   Code   RO          652    i.Cal_Proc          cal.o
    0x08000ce8   0x00000074   Code   RO          653    i.Cal_ProcGim       cal.o
    0x08000d5c   0x000000ec   Code   RO          654    i.Cal_ProcGpe       cal.o
    0x08000e48   0x00000010   Code   RO          655    i.Cal_SetFlag       cal.o
    0x08000e58   0x00000044   Code   RO          656    i.Cal_SetGpeh       cal.o
    0x08000e9c   0x00000044   Code   RO          657    i.Cal_SetGpel       cal.o
    0x08000ee0   0x00000004   Code   RO         3040    i.Can1RxCallback    can_srv.o
    0x08000ee4   0x00000070   Code   RO         3403    i.Can1_Config       can1.o
    0x08000f54   0x00000004   Code   RO         3041    i.Can2RxCallback    can_srv.o
    0x08000f58   0x00000074   Code   RO         3451    i.Can2_Config       can2.o
    0x08000fcc   0x0000002c   Code   RO          736    i.Can_Init          can.o
    0x08000ff8   0x000000b4   Code   RO          737    i.Can_Proc          can.o
    0x080010ac   0x0000000c   Code   RO          855    i.Cfg_GetFlag       cfg.o
    0x080010b8   0x00000104   Code   RO          857    i.Cfg_Init          cfg.o
    0x080011bc   0x00000014   Code   RO          858    i.Cfg_IsSynced      cfg.o
    0x080011d0   0x00000006   Code   RO          859    i.Cfg_Load          cfg.o
    0x080011d6   0x00000002   PAD
    0x080011d8   0x0000001c   Code   RO          860    i.Cfg_Proc          cfg.o
    0x080011f4   0x00000006   Code   RO          862    i.Cfg_Save          cfg.o
    0x080011fa   0x00000002   PAD
    0x080011fc   0x000000c4   Code   RO         1093    i.ChassisStateCtl   ctl.o
    0x080012c0   0x0000000c   Code   RO         4942    i.CheckITStatus     stm32f4xx_can.o
    0x080012cc   0x00000010   Code   RO          949    i.Clk_GetMsTick     clk.o
    0x080012dc   0x00000008   Code   RO          951    i.Clk_GetUsTick     clk.o
    0x080012e4   0x00000014   Code   RO          952    i.Clk_Init          clk.o
    0x080012f8   0x0000000c   Code   RO          999    i.Cmd_Init          cmd.o
    0x08001304   0x0000013c   Code   RO         1000    i.Cmd_Proc          cmd.o
    0x08001440   0x0000000e   Code   RO         1042    i.Com_Init          com.o
    0x0800144e   0x00000002   PAD
    0x08001450   0x00000064   Code   RO         1094    i.Cpl_Init          ctl.o
    0x080014b4   0x0000006c   Code   RO         1095    i.Ctl_Init          ctl.o
    0x08001520   0x00000030   Code   RO         1096    i.Ctl_Proc          ctl.o
    0x08001550   0x00000064   Code   RO         1098    i.Cvl_Init          ctl.o
    0x080015b4   0x00000018   Code   RO         2198    i.DBUS_Dec          dbus.o
    0x080015cc   0x00000014   Code   RO         2200    i.DBUS_Init         dbus.o
    0x080015e0   0x00000014   Code   RO         5714    i.DMA_Cmd           stm32f4xx_dma.o
    0x080015f4   0x0000006c   Code   RO         3995    i.DMA_Config        stm32util.o
    0x08001660   0x00000014   Code   RO         5716    i.DMA_DoubleBufferModeCmd  stm32f4xx_dma.o
    0x08001674   0x00000016   Code   RO         5717    i.DMA_DoubleBufferModeConfig  stm32f4xx_dma.o
    0x0800168a   0x00000006   Code   RO         5720    i.DMA_GetCurrDataCounter  stm32f4xx_dma.o
    0x08001690   0x0000000e   Code   RO         5721    i.DMA_GetCurrentMemoryTarget  stm32f4xx_dma.o
    0x0800169e   0x00000002   PAD
    0x080016a0   0x00000054   Code   RO         5726    i.DMA_Init          stm32f4xx_dma.o
    0x080016f4   0x00000004   Code   RO         3062    i.DbiRxCallback     com_srv.o
    0x080016f8   0x00000070   Code   RO         3497    i.Dbi_Config        dbi.o
    0x08001768   0x00000044   Code   RO         3498    i.Dbi_GetCh         dbi.o
    0x080017ac   0x00000006   Code   RO         1044    i.Dbi_Proc          com.o
    0x080017b2   0x00000002   PAD
    0x080017b4   0x0000003c   Code   RO         3506    i.Dbi_PutCh         dbi.o
    0x080017f0   0x00000018   Code   RO         1171    i.Dci_Init          dci.o
    0x08001808   0x00000048   Code   RO         1172    i.Dci_Proc          dci.o
    0x08001850   0x00000002   Code   RO          452    i.DebugMon_Handler  stm32f4xx_it.o
    0x08001852   0x00000018   Code   RO         4427    i.Delay_Ms          delay.o
    0x0800186a   0x00000002   PAD
    0x0800186c   0x00000020   Code   RO         1213    i.Dnl_Init          dnl.o
    0x0800188c   0x00000030   Code   RO         3996    i.EXTI0_IRQHandler  stm32util.o
    0x080018bc   0x000000d4   Code   RO         3997    i.EXTI15_10_IRQHandler  stm32util.o
    0x08001990   0x00000030   Code   RO         3998    i.EXTI1_IRQHandler  stm32util.o
    0x080019c0   0x00000030   Code   RO         3999    i.EXTI2_IRQHandler  stm32util.o
    0x080019f0   0x00000030   Code   RO         4000    i.EXTI3_IRQHandler  stm32util.o
    0x08001a20   0x00000030   Code   RO         4001    i.EXTI4_IRQHandler  stm32util.o
    0x08001a50   0x000000a8   Code   RO         4002    i.EXTI9_5_IRQHandler  stm32util.o
    0x08001af8   0x0000011c   Code   RO         4003    i.EXTI_Bind         stm32util.o
    0x08001c14   0x0000000c   Code   RO         6000    i.EXTI_ClearFlag    stm32f4xx_exti.o
    0x08001c20   0x0000000c   Code   RO         6001    i.EXTI_ClearITPendingBit  stm32f4xx_exti.o
    0x08001c2c   0x00000028   Code   RO         4004    i.EXTI_Config       stm32util.o
    0x08001c54   0x00000014   Code   RO         6005    i.EXTI_GetITStatus  stm32f4xx_exti.o
    0x08001c68   0x00000070   Code   RO         6006    i.EXTI_Init         stm32f4xx_exti.o
    0x08001cd8   0x00000010   Code   RO         4005    i.EXTI_SetHandler   stm32util.o
    0x08001ce8   0x00000008   Code   RO         2224    i.Ekf_Init          ekf.o
    0x08001cf0   0x0000004a   Code   RO         2225    i.Ekf_Proc          ekf.o
    0x08001d3a   0x00000002   PAD
    0x08001d3c   0x0000001c   Code   RO         2226    i.Ekf_Reset         ekf.o
    0x08001d58   0x00000016   Code   RO         2323    i.FIFO_Flush        fifo.o
    0x08001d6e   0x00000008   Code   RO         2324    i.FIFO_GetFree      fifo.o
    0x08001d76   0x00000004   Code   RO         2325    i.FIFO_GetSize      fifo.o
    0x08001d7a   0x00000004   Code   RO         2326    i.FIFO_GetUsed      fifo.o
    0x08001d7e   0x00000008   Code   RO         2327    i.FIFO_Init         fifo.o
    0x08001d86   0x0000000c   Code   RO         2328    i.FIFO_IsEmpty      fifo.o
    0x08001d92   0x00000010   Code   RO         2329    i.FIFO_IsFull       fifo.o
    0x08001da2   0x00000034   Code   RO         2331    i.FIFO_Pop          fifo.o
    0x08001dd6   0x0000003a   Code   RO         2332    i.FIFO_Push         fifo.o
    0x08001e10   0x0000001c   Code   RO         6067    i.FLASH_DataCacheCmd  stm32f4xx_flash.o
    0x08001e2c   0x0000006c   Code   RO         6072    i.FLASH_EraseSector  stm32f4xx_flash.o
    0x08001e98   0x0000003c   Code   RO         6074    i.FLASH_GetStatus   stm32f4xx_flash.o
    0x08001ed4   0x00000010   Code   RO         6078    i.FLASH_Lock        stm32f4xx_flash.o
    0x08001ee4   0x00000038   Code   RO         6099    i.FLASH_ProgramByte  stm32f4xx_flash.o
    0x08001f1c   0x00000024   Code   RO         6104    i.FLASH_Unlock      stm32f4xx_flash.o
    0x08001f40   0x0000001e   Code   RO         6105    i.FLASH_WaitForLastOperation  stm32f4xx_flash.o
    0x08001f5e   0x00000004   Code   RO         1799    i.FS_Cpy            sys.o
    0x08001f62   0x00000004   Code   RO         1800    i.FS_Det            sys.o
    0x08001f66   0x00000026   Code   RO         2400    i.Flag_Cpy          fun.o
    0x08001f8c   0x0000000e   Code   RO         2401    i.Flag_Det          fun.o
    0x08001f9a   0x00000006   Code   RO         2402    i.Flag_Get          fun.o
    0x08001fa0   0x00000008   Code   RO         2404    i.Flag_Set          fun.o
    0x08001fa8   0x000000a0   Code   RO         4448    i.Flash_GetSector   flash.o
    0x08002048   0x00000016   Code   RO         4449    i.Flash_Read        flash.o
    0x0800205e   0x00000002   PAD
    0x08002060   0x00000080   Code   RO         4450    i.Flash_Write       flash.o
    0x080020e0   0x00000010   Code   RO         1249    i.Fos_Read          fos.o
    0x080020f0   0x00000010   Code   RO         1250    i.Fos_Write         fos.o
    0x08002100   0x00000048   Code   RO         4484    i.GM_Cmd            motor.o
    0x08002148   0x00000028   Code   RO         4007    i.GPIO_Af           stm32util.o
    0x08002170   0x00000118   Code   RO         4008    i.GPIO_Config       stm32util.o
    0x08002288   0x00000010   Code   RO         4012    i.GPIO_In           stm32util.o
    0x08002298   0x000000a2   Code   RO         6586    i.GPIO_Init         stm32f4xx_gpio.o
    0x0800233a   0x00000012   Code   RO         4013    i.GPIO_Out          stm32util.o
    0x0800234c   0x00000020   Code   RO         6587    i.GPIO_PinAFConfig  stm32f4xx_gpio.o
    0x0800236c   0x0000000e   Code   RO         6590    i.GPIO_ReadInputDataBit  stm32f4xx_gpio.o
    0x0800237a   0x0000000e   Code   RO         6592    i.GPIO_ReadOutputDataBit  stm32f4xx_gpio.o
    0x08002388   0x00000004   Code   RO         6593    i.GPIO_ResetBits    stm32f4xx_gpio.o
    0x0800238c   0x00000004   Code   RO         6594    i.GPIO_SetBits      stm32f4xx_gpio.o
    0x08002390   0x00000008   Code   RO         6596    i.GPIO_ToggleBits   stm32f4xx_gpio.o
    0x08002398   0x000000f8   Code   RO         1279    i.GetChassisStateRef  hci.o
    0x08002490   0x000000c4   Code   RO         1617    i.GetChassisStateRef  rci.o
    0x08002554   0x000000b4   Code   RO         1512    i.GetFunctionalStateFdb  odo.o
    0x08002608   0x00000100   Code   RO         1280    i.GetGrabberStateRef  hci.o
    0x08002708   0x000000f0   Code   RO         1618    i.GetGrabberStateRef  rci.o
    0x080027f8   0x00000064   Code   RO         1099    i.Gpl_Init          ctl.o
    0x0800285c   0x0000007c   Code   RO         1100    i.GrabberStateCtl   ctl.o
    0x080028d8   0x00000064   Code   RO         1101    i.Gvl_Init          ctl.o
    0x0800293c   0x00000002   Code   RO          453    i.HardFault_Handler  stm32f4xx_it.o
    0x0800293e   0x00000002   PAD
    0x08002940   0x00000026   Code   RO         2505    i.Hcf_Init          hcf.o
    0x08002966   0x00000040   Code   RO         2506    i.Hcf_Proc          hcf.o
    0x080029a6   0x00000002   PAD
    0x080029a8   0x00000034   Code   RO         1281    i.Hci_Init          hci.o
    0x080029dc   0x00000010   Code   RO         1282    i.Hci_MouseBtn      hci.o
    0x080029ec   0x0000000c   Code   RO         1283    i.Hci_PreProc       hci.o
    0x080029f8   0x00000018   Code   RO         1284    i.Hci_Proc          hci.o
    0x08002a10   0x0000001e   Code   RO         2523    i.Hcp_Dec           hcp.o
    0x08002a2e   0x0000001c   Code   RO         2525    i.Hcp_Init          hcp.o
    0x08002a4a   0x00000002   PAD
    0x08002a4c   0x0000000c   Code   RO         1332    i.Ini_Init          ini.o
    0x08002a58   0x00000018   Code   RO         1333    i.Ini_IsDone        ini.o
    0x08002a70   0x00000090   Code   RO         1334    i.Ini_Proc          ini.o
    0x08002b00   0x00000004   Code   RO         1382    i.Ios_GetCh         ios.o
    0x08002b04   0x0000001c   Code   RO         1383    i.Ios_Init          ios.o
    0x08002b20   0x00000012   Code   RO         1384    i.Ios_PutCh         ios.o
    0x08002b32   0x00000002   PAD
    0x08002b34   0x00000010   Code   RO         1387    i.Ios_SetIn         ios.o
    0x08002b44   0x00000010   Code   RO         1388    i.Ios_SetOut        ios.o
    0x08002b54   0x00000034   Code   RO          508    i.KOS_Boot          kos.o
    0x08002b88   0x0000002c   Code   RO         3636    i.Key_Config        key.o
    0x08002bb4   0x00000030   Code   RO         3666    i.Led_Config        led.o
    0x08002be4   0x0000002a   Code   RO         3751    i.MPU6500_CheckDevice  mpu6500_drv.o
    0x08002c0e   0x00000002   PAD
    0x08002c10   0x0000000e   Code   RO         3727    i.MPU6500_Config    mpu6500.o
    0x08002c1e   0x00000002   PAD
    0x08002c20   0x0000003c   Code   RO         3753    i.MPU6500_Init      mpu6500_drv.o
    0x08002c5c   0x0000005c   Code   RO         3830    i.MPU6500_SPI_Read_Reg  mpu6500_spi.o
    0x08002cb8   0x0000004c   Code   RO         3831    i.MPU6500_SPI_Write_Reg  mpu6500_spi.o
    0x08002d04   0x00000008   Code   RO         2729    i.Maf_Init          maf.o
    0x08002d0c   0x00000042   Code   RO         2731    i.Maf_Proc          maf.o
    0x08002d4e   0x00000002   PAD
    0x08002d50   0x00000030   Code   RO         2732    i.Maf_Reset         maf.o
    0x08002d80   0x00000010   Code   RO         1469    i.Mec_Decomp        mec.o
    0x08002d90   0x00000030   Code   RO         1470    i.Mec_Init          mec.o
    0x08002dc0   0x00000010   Code   RO         1471    i.Mec_Synthe        mec.o
    0x08002dd0   0x0000002a   Code   RO         2769    i.Mecanum_Config    mecanum.o
    0x08002dfa   0x0000008e   Code   RO         2770    i.Mecanum_Decomp    mecanum.o
    0x08002e88   0x00000072   Code   RO         2771    i.Mecanum_Synthe    mecanum.o
    0x08002efa   0x00000002   PAD
    0x08002efc   0x00000038   Code   RO         2795    i.Med_Init          med.o
    0x08002f34   0x00000042   Code   RO         2796    i.Med_Proc          med.o
    0x08002f76   0x00000002   Code   RO          454    i.MemManage_Handler  stm32f4xx_it.o
    0x08002f78   0x00000140   Code   RO          740    i.Motor_Process     can.o
    0x080030b8   0x0000000e   Code   RO          741    i.Motor_Ready       can.o
    0x080030c6   0x00000006   Code   RO          742    i.Motor_Reset       can.o
    0x080030cc   0x0000004a   Code   RO         2824    i.Msg_Push          msg.o
    0x08003116   0x00000002   Code   RO          455    i.NMI_Handler       stm32f4xx_it.o
    0x08003118   0x0000001c   Code   RO         4020    i.NVIC_Config       stm32util.o
    0x08003134   0x00000064   Code   RO         4621    i.NVIC_Init         misc.o
    0x08003198   0x00000014   Code   RO         4622    i.NVIC_PriorityGroupConfig  misc.o
    0x080031ac   0x00000020   Code   RO         1513    i.Odo_Init          odo.o
    0x080031cc   0x00000134   Code   RO         1514    i.Odo_Proc          odo.o
    0x08003300   0x0000011c   Code   RO         2866    i.PID_Calc          pid.o
    0x0800341c   0x00000006   Code   RO         2867    i.PID_Config        pid.o
    0x08003422   0x00000002   PAD
    0x08003424   0x00000024   Code   RO         2868    i.PID_Reset         pid.o
    0x08003448   0x00001544   Code   RO         4021    i.PWM_Bind          stm32util.o
    0x0800498c   0x0000005c   Code   RO         3860    i.Pwm_Config        pwm.o
    0x080049e8   0x00000050   Code   RO         1561    i.Pwr_Init          pwr.o
    0x08004a38   0x00000014   Code   RO         1562    i.Pwr_IsOkay        pwr.o
    0x08004a4c   0x00000018   Code   RO         7533    i.RCC_AHB1PeriphClockCmd  stm32f4xx_rcc.o
    0x08004a64   0x00000018   Code   RO         7542    i.RCC_APB1PeriphClockCmd  stm32f4xx_rcc.o
    0x08004a7c   0x00000018   Code   RO         7545    i.RCC_APB2PeriphClockCmd  stm32f4xx_rcc.o
    0x08004a94   0x00000094   Code   RO         7554    i.RCC_GetClocksFreq  stm32f4xx_rcc.o
    0x08004b28   0x00000028   Code   RO         2890    i.Rcf_Init          rcf.o
    0x08004b50   0x00000040   Code   RO         2891    i.Rcf_Proc          rcf.o
    0x08004b90   0x0000000c   Code   RO         1619    i.Rci_Init          rci.o
    0x08004b9c   0x0000000c   Code   RO         1621    i.Rci_PreProc       rci.o
    0x08004ba8   0x00000012   Code   RO         1622    i.Rci_Proc          rci.o
    0x08004bba   0x00000002   PAD
    0x08004bbc   0x00000010   Code   RO         1623    i.Rci_Sw            rci.o
    0x08004bcc   0x0000004e   Code   RO         2908    i.Rcp_Dec           rcp.o
    0x08004c1a   0x00000040   Code   RO         2909    i.Rcp_Enc           rcp.o
    0x08004c5a   0x00000002   PAD
    0x08004c5c   0x00000026   Code   RO         2910    i.Rcp_Init          rcp.o
    0x08004c82   0x00000004   Code   RO         3121    i.RcvCallback       rcv_srv.o
    0x08004c86   0x00000002   PAD
    0x08004c88   0x00000094   Code   RO         3884    i.Rcv_Config        rcv.o
    0x08004d1c   0x00000020   Code   RO         1173    i.Rcv_Proc          dci.o
    0x08004d3c   0x0000002a   Code   RO         2932    i.Rmp_Calc          rmp.o
    0x08004d66   0x00000004   Code   RO         2933    i.Rmp_Config        rmp.o
    0x08004d6a   0x00000002   PAD
    0x08004d6c   0x00000014   Code   RO         2935    i.Rmp_Reset         rmp.o
    0x08004d80   0x000009d8   Code   RO         4022    i.SPI_Bind          stm32util.o
    0x08005758   0x00000014   Code   RO         8706    i.SPI_Cmd           stm32f4xx_spi.o
    0x0800576c   0x000000c0   Code   RO         4023    i.SPI_Config        stm32util.o
    0x0800582c   0x00000038   Code   RO         8719    i.SPI_Init          stm32f4xx_spi.o
    0x08005864   0x00000028   Code   RO         4025    i.SPI_TxRxByte      stm32util.o
    0x0800588c   0x00000004   Code   RO         3097    i.SR04Callback      ext_srv.o
    0x08005890   0x00000020   Code   RO         3952    i.SR04_Bind         sr04.o
    0x080058b0   0x0000001c   Code   RO         3953    i.SR04_Config       sr04.o
    0x080058cc   0x00000068   Code   RO         3954    i.SR04_IRQHandler   sr04.o
    0x08005934   0x00000030   Code   RO         8871    i.SYSCFG_EXTILineConfig  stm32f4xx_syscfg.o
    0x08005964   0x00000040   Code   RO          535    i.Sch_Arrange       sch.o
    0x080059a4   0x00000018   Code   RO          537    i.Sch_Init          sch.o
    0x080059bc   0x00000030   Code   RO          538    i.Sch_Proc          sch.o
    0x080059ec   0x000000d0   Code   RO         9740    i.SetSysClock       system_stm32f4xx.o
    0x08005abc   0x00000010   Code   RO         1677    i.Snd_Init          snd.o
    0x08005acc   0x0000000c   Code   RO         1678    i.Snd_Play          snd.o
    0x08005ad8   0x00000040   Code   RO         1679    i.Snd_Proc          snd.o
    0x08005b18   0x0000000c   Code   RO         1680    i.Snd_Stop          snd.o
    0x08005b24   0x00000054   Code   RO         3928    i.Spi5_Config       spi5.o
    0x08005b78   0x0000004a   Code   RO         1721    i.Sr04_Proc         srs.o
    0x08005bc2   0x00000002   PAD
    0x08005bc4   0x000000a0   Code   RO         1722    i.Srs_Fall          srs.o
    0x08005c64   0x00000098   Code   RO         1723    i.Srs_Func          srs.o
    0x08005cfc   0x00000012   Code   RO         1724    i.Srs_Init          srs.o
    0x08005d0e   0x00000002   PAD
    0x08005d10   0x00000078   Code   RO         1725    i.Srs_Proc          srs.o
    0x08005d88   0x0000004c   Code   RO         1726    i.Srs_Rise          srs.o
    0x08005dd4   0x00000038   Code   RO         1727    i.Srs_Start         srs.o
    0x08005e0c   0x00000058   Code   RO         1729    i.Srs_Trig          srs.o
    0x08005e64   0x00000004   Code   RO         3163    i.SyncTimCallback   tim_srv.o
    0x08005e68   0x0000002c   Code   RO         4235    i.SyncTim_Config    tim.o
    0x08005e94   0x00000028   Code   RO         4236    i.SyncTim_Start     tim.o
    0x08005ebc   0x0000002c   Code   RO        10532    i.SysTick_Handler   port.o
    0x08005ee8   0x0000005c   Code   RO         9742    i.SystemInit        system_stm32f4xx.o
    0x08005f44   0x0000002a   Code   RO         4238    i.TIM2_IRQHandler   tim.o
    0x08005f6e   0x00000002   PAD
    0x08005f70   0x00000030   Code   RO         4239    i.TIM6_DAC_IRQHandler  tim.o
    0x08005fa0   0x00000014   Code   RO         8930    i.TIM_ARRPreloadConfig  stm32f4xx_tim.o
    0x08005fb4   0x00000006   Code   RO         8936    i.TIM_ClearFlag     stm32f4xx_tim.o
    0x08005fba   0x00000006   Code   RO         8937    i.TIM_ClearITPendingBit  stm32f4xx_tim.o
    0x08005fc0   0x00000014   Code   RO         8942    i.TIM_Cmd           stm32f4xx_tim.o
    0x08005fd4   0x00000144   Code   RO         4026    i.TIM_Config        stm32util.o
    0x08006118   0x00000018   Code   RO         8963    i.TIM_GetITStatus   stm32f4xx_tim.o
    0x08006130   0x00000010   Code   RO         8967    i.TIM_ITConfig      stm32f4xx_tim.o
    0x08006140   0x00000060   Code   RO         8971    i.TIM_OC1Init       stm32f4xx_tim.o
    0x080061a0   0x0000000c   Code   RO         8974    i.TIM_OC1PreloadConfig  stm32f4xx_tim.o
    0x080061ac   0x00000080   Code   RO         8976    i.TIM_OC2Init       stm32f4xx_tim.o
    0x0800622c   0x00000014   Code   RO         8979    i.TIM_OC2PreloadConfig  stm32f4xx_tim.o
    0x08006240   0x0000007c   Code   RO         8981    i.TIM_OC3Init       stm32f4xx_tim.o
    0x080062bc   0x0000000c   Code   RO         8984    i.TIM_OC3PreloadConfig  stm32f4xx_tim.o
    0x080062c8   0x00000060   Code   RO         8986    i.TIM_OC4Init       stm32f4xx_tim.o
    0x08006328   0x00000014   Code   RO         8988    i.TIM_OC4PreloadConfig  stm32f4xx_tim.o
    0x0800633c   0x00000082   Code   RO         4027    i.TIM_OC_Config     stm32util.o
    0x080063be   0x00000002   PAD
    0x080063c0   0x0000007c   Code   RO         9014    i.TIM_TimeBaseInit  stm32f4xx_tim.o
    0x0800643c   0x00000002   Code   RO         3164    i.TickTimCallback   tim_srv.o
    0x0800643e   0x0000002e   Code   RO         4240    i.TickTim_Config    tim.o
    0x0800646c   0x00000022   Code   RO         4241    i.TickTim_Start     tim.o
    0x0800648e   0x0000000e   Code   RO         4243    i.Tim_Config        tim.o
    0x0800649c   0x0000000e   Code   RO         4244    i.Tim_Start         tim.o
    0x080064aa   0x00000004   Code   RO         3063    i.TtyRxCallback     com_srv.o
    0x080064ae   0x00000002   PAD
    0x080064b0   0x00000070   Code   RO         4315    i.Tty_Config        tty.o
    0x08006520   0x00000044   Code   RO         4316    i.Tty_GetCh         tty.o
    0x08006564   0x0000000c   Code   RO         4317    i.Tty_GetRxFifoFree  tty.o
    0x08006570   0x0000000c   Code   RO         4318    i.Tty_GetRxFifoSize  tty.o
    0x0800657c   0x0000000c   Code   RO         4319    i.Tty_GetRxFifoUsed  tty.o
    0x08006588   0x0000000c   Code   RO         4320    i.Tty_GetTxFifoFree  tty.o
    0x08006594   0x0000000c   Code   RO         4321    i.Tty_GetTxFifoSize  tty.o
    0x080065a0   0x0000000c   Code   RO         4322    i.Tty_GetTxFifoUsed  tty.o
    0x080065ac   0x0000001c   Code   RO         4323    i.Tty_Print         tty.o
    0x080065c8   0x00000006   Code   RO         1045    i.Tty_Proc          com.o
    0x080065ce   0x00000002   PAD
    0x080065d0   0x0000003c   Code   RO         4324    i.Tty_PutCh         tty.o
    0x0800660c   0x00000050   Code   RO         4325    i.Tty_Read          tty.o
    0x0800665c   0x00000048   Code   RO         4326    i.Tty_ReadByte      tty.o
    0x080066a4   0x00000050   Code   RO         4327    i.Tty_Write         tty.o
    0x080066f4   0x00000044   Code   RO         4328    i.Tty_WriteByte     tty.o
    0x08006738   0x00000074   Code   RO         3887    i.USART1_IRQHandler  rcv.o
    0x080067ac   0x00000098   Code   RO         3276    i.USART2_IRQHandler  btm.o
    0x08006844   0x00000098   Code   RO         3511    i.USART3_IRQHandler  dbi.o
    0x080068dc   0x00000098   Code   RO         4329    i.USART6_IRQHandler  tty.o
    0x08006974   0x00000de0   Code   RO         4028    i.USART_Bind        stm32util.o
    0x08007754   0x00000014   Code   RO         9483    i.USART_Cmd         stm32f4xx_usart.o
    0x08007768   0x00000190   Code   RO         4029    i.USART_Config      stm32util.o
    0x080078f8   0x00000010   Code   RO         9484    i.USART_DMACmd      stm32f4xx_usart.o
    0x08007908   0x0000003e   Code   RO         9487    i.USART_GetITStatus  stm32f4xx_usart.o
    0x08007946   0x00000030   Code   RO         9489    i.USART_ITConfig    stm32f4xx_usart.o
    0x08007976   0x00000002   PAD
    0x08007978   0x000000ac   Code   RO         9490    i.USART_Init        stm32f4xx_usart.o
    0x08007a24   0x00000008   Code   RO         9497    i.USART_ReceiveData  stm32f4xx_usart.o
    0x08007a2c   0x00000008   Code   RO         9500    i.USART_SendData    stm32f4xx_usart.o
    0x08007a34   0x00000038   Code   RO         1860    i.Upd_Init          upd.o
    0x08007a6c   0x00000066   Code   RO         1861    i.Upd_Proc          upd.o
    0x08007ad2   0x00000002   PAD
    0x08007ad4   0x00000014   Code   RO         1890    i.Upl_Init          upl.o
    0x08007ae8   0x00000148   Code   RO         1891    i.Upl_Proc          upl.o
    0x08007c30   0x00000108   Code   RO         1892    i.Upl_PushKylinMsg  upl.o
    0x08007d38   0x000000d0   Code   RO         1893    i.Upl_PushPosCalib  upl.o
    0x08007e08   0x0000002c   Code   RO         1894    i.Upl_SendMsg       upl.o
    0x08007e34   0x00000002   Code   RO          456    i.UsageFault_Handler  stm32f4xx_it.o
    0x08007e36   0x00000002   PAD
    0x08007e38   0x00000010   Code   RO         1935    i.Wdg_Feed          wdg.o
    0x08007e48   0x0000000c   Code   RO         1936    i.Wdg_GetErr        wdg.o
    0x08007e54   0x0000000c   Code   RO         1938    i.Wdg_HasErr        wdg.o
    0x08007e60   0x00000014   Code   RO         1939    i.Wdg_HitErr        wdg.o
    0x08007e74   0x0000002c   Code   RO         1940    i.Wdg_Init          wdg.o
    0x08007ea0   0x0000001c   Code   RO         1941    i.Wdg_IsOkay        wdg.o
    0x08007ebc   0x00000044   Code   RO         1942    i.Wdg_Proc          wdg.o
    0x08007f00   0x0000000c   Code   RO         1994    i.Wsm_GetLastWs     wsm.o
    0x08007f0c   0x0000000c   Code   RO         1995    i.Wsm_GetWs         wsm.o
    0x08007f18   0x00000010   Code   RO         1996    i.Wsm_Init          wsm.o
    0x08007f28   0x000000e0   Code   RO         1997    i.Wsm_Proc          wsm.o
    0x08008008   0x0000008c   Code   RO          743    i.ZGyro_Process     can.o
    0x08008094   0x0000000e   Code   RO          744    i.ZGyro_Ready       can.o
    0x080080a2   0x00000006   Code   RO          745    i.ZGyro_Reset       can.o
    0x080080a8   0x0000000e   Code   RO        10778    i.__scatterload_copy  mc_w.l(handlers.o)
    0x080080b6   0x00000002   Code   RO        10779    i.__scatterload_null  mc_w.l(handlers.o)
    0x080080b8   0x0000000e   Code   RO        10780    i.__scatterload_zeroinit  mc_w.l(handlers.o)
    0x080080c6   0x00000020   Code   RO         2406    i.constrain         fun.o
    0x080080e6   0x00000002   PAD
    0x080080e8   0x0000001c   Code   RO          539    i.getSchTask        sch.o
    0x08008104   0x0000003c   Code   RO         2407    i.isort             fun.o
    0x08008140   0x0000001e   Code   RO            4    i.main              main.o
    0x0800815e   0x00000002   PAD
    0x08008160   0x0000006c   Code   RO        10658    i.malloc            mc_w.l(malloc.o)
    0x080081cc   0x00000038   Code   RO         2408    i.map               fun.o
    0x08008204   0x00000028   Code   RO          540    i.newSchTask        sch.o
    0x0800822c   0x00000070   Code   RO        10124    i.prvAddCurrentTaskToDelayedList  tasks.o
    0x0800829c   0x000000d0   Code   RO        10125    i.prvAddNewTaskToReadyList  tasks.o
    0x0800836c   0x00000050   Code   RO        10416    i.prvCheckForValidListAndQueue  timers.o
    0x080083bc   0x00000050   Code   RO        10126    i.prvCheckTasksWaitingTermination  tasks.o
    0x0800840c   0x00000026   Code   RO         9963    i.prvCopyDataFromQueue  queue.o
    0x08008432   0x0000006c   Code   RO         9964    i.prvCopyDataToQueue  queue.o
    0x0800849e   0x00000014   Code   RO        10127    i.prvDeleteTCB      tasks.o
    0x080084b2   0x00000002   PAD
    0x080084b4   0x00000028   Code   RO        10128    i.prvIdleTask       tasks.o
    0x080084dc   0x0000008e   Code   RO        10129    i.prvInitialiseNewTask  tasks.o
    0x0800856a   0x00000002   PAD
    0x0800856c   0x00000038   Code   RO        10417    i.prvInsertTimerInActiveList  timers.o
    0x080085a4   0x0000001c   Code   RO         9965    i.prvIsQueueEmpty   queue.o
    0x080085c0   0x000000b8   Code   RO        10418    i.prvProcessReceivedCommands  timers.o
    0x08008678   0x000000b4   Code   RO        10419    i.prvProcessTimerOrBlockTask  timers.o
    0x0800872c   0x00000020   Code   RO        10130    i.prvResetNextTaskUnblockTime  tasks.o
    0x0800874c   0x00000028   Code   RO        10420    i.prvSampleTimeNow  timers.o
    0x08008774   0x0000006c   Code   RO        10421    i.prvSwitchTimerLists  timers.o
    0x080087e0   0x00000028   Code   RO        10533    i.prvTaskExitError  port.o
    0x08008808   0x00000024   Code   RO        10422    i.prvTimerTask      timers.o
    0x0800882c   0x0000006a   Code   RO         9966    i.prvUnlockQueue    queue.o
    0x08008896   0x00000002   PAD
    0x08008898   0x000000b8   Code   RO         9893    i.pvPortMalloc      heap_2.o
    0x08008950   0x00000018   Code   RO        10132    i.pvTaskIncrementMutexHeldCount  tasks.o
    0x08008968   0x0000002c   Code   RO        10534    i.pxPortInitialiseStack  port.o
    0x08008994   0x0000002c   Code   RO         2409    i.sort              fun.o
    0x080089c0   0x00000024   Code   RO         9926    i.uxListRemove      list.o
    0x080089e4   0x00000084   Code   RO            5    i.vAppTaskCreate    main.o
    0x08008a68   0x00000020   Code   RO            6    i.vLedThreadFun     main.o
    0x08008a88   0x00000016   Code   RO         9927    i.vListInitialise   list.o
    0x08008a9e   0x00000006   Code   RO         9928    i.vListInitialiseItem  list.o
    0x08008aa4   0x00000030   Code   RO         9929    i.vListInsert       list.o
    0x08008ad4   0x00000018   Code   RO         9930    i.vListInsertEnd    list.o
    0x08008aec   0x00000040   Code   RO        10536    i.vPortEnterCritical  port.o
    0x08008b2c   0x00000028   Code   RO        10537    i.vPortExitCritical  port.o
    0x08008b54   0x0000003c   Code   RO         9894    i.vPortFree         heap_2.o
    0x08008b90   0x00000020   Code   RO        10538    i.vPortSetupTimerInterrupt  port.o
    0x08008bb0   0x00000054   Code   RO        10539    i.vPortValidateInterruptPriority  port.o
    0x08008c04   0x00000028   Code   RO         9970    i.vQueueAddToRegistry  queue.o
    0x08008c2c   0x00000044   Code   RO         9973    i.vQueueWaitForMessageRestricted  queue.o
    0x08008c70   0x00000006   Code   RO            7    i.vSrsThreadFun     main.o
    0x08008c76   0x00000002   PAD
    0x08008c78   0x0000004c   Code   RO        10138    i.vTaskDelay        tasks.o
    0x08008cc4   0x0000000c   Code   RO        10142    i.vTaskMissedYield  tasks.o
    0x08008cd0   0x00000030   Code   RO        10144    i.vTaskPlaceOnEventList  tasks.o
    0x08008d00   0x00000038   Code   RO        10145    i.vTaskPlaceOnEventListRestricted  tasks.o
    0x08008d38   0x00000084   Code   RO        10147    i.vTaskPriorityInherit  tasks.o
    0x08008dbc   0x00000024   Code   RO        10150    i.vTaskSetTimeOutState  tasks.o
    0x08008de0   0x00000070   Code   RO        10151    i.vTaskStartScheduler  tasks.o
    0x08008e50   0x00000010   Code   RO        10153    i.vTaskSuspendAll   tasks.o
    0x08008e60   0x0000005c   Code   RO        10154    i.vTaskSwitchContext  tasks.o
    0x08008ebc   0x0000000c   Code   RO            8    i.vUplThreadFun     main.o
    0x08008ec8   0x000000e0   Code   RO        10540    i.xPortStartScheduler  port.o
    0x08008fa8   0x00000048   Code   RO         9976    i.xQueueGenericCreate  queue.o
    0x08008ff0   0x0000016c   Code   RO         9977    i.xQueueGenericReceive  queue.o
    0x0800915c   0x00000088   Code   RO         9978    i.xQueueGenericReset  queue.o
    0x080091e4   0x00000160   Code   RO         9979    i.xQueueGenericSend  queue.o
    0x08009344   0x000000bc   Code   RO         9980    i.xQueueGenericSendFromISR  queue.o
    0x08009400   0x0000006c   Code   RO        10155    i.xTaskCheckForTimeOut  tasks.o
    0x0800946c   0x00000056   Code   RO        10156    i.xTaskCreate       tasks.o
    0x080094c2   0x00000002   PAD
    0x080094c4   0x0000001c   Code   RO        10160    i.xTaskGetSchedulerState  tasks.o
    0x080094e0   0x0000000c   Code   RO        10161    i.xTaskGetTickCount  tasks.o
    0x080094ec   0x000000c8   Code   RO        10163    i.xTaskIncrementTick  tasks.o
    0x080095b4   0x00000098   Code   RO        10166    i.xTaskPriorityDisinherit  tasks.o
    0x0800964c   0x00000074   Code   RO        10167    i.xTaskRemoveFromEventList  tasks.o
    0x080096c0   0x000000c4   Code   RO        10169    i.xTaskResumeAll    tasks.o
    0x08009784   0x0000004c   Code   RO        10426    i.xTimerCreateTimerTask  timers.o
    0x080097d0   0x00000060   Code   RO        10427    i.xTimerGenericCommand  timers.o
    0x08009830   0x000001e6   Data   RO          866    .constdata          cfg.o
    0x08009a16   0x00000002   PAD
    0x08009a18   0x00000058   Data   RO         1943    .constdata          wdg.o
    0x08009a70   0x00000200   Data   RO         2157    .constdata          crc16.o
    0x08009c70   0x00000004   Data   RO         2825    .constdata          msg.o
    0x08009c74   0x00000004   Data   RO         2829    .constdata          msg.o
    0x08009c78   0x00000004   Data   RO         2837    .constdata          msg.o
    0x08009c7c   0x00000004   Data   RO         2843    .constdata          msg.o
    0x08009c80   0x00000004   Data   RO         2844    .constdata          msg.o
    0x08009c84   0x00000038   Data   RO         3199    .constdata          beep.o
    0x08009cbc   0x00000010   Data   RO         3756    .constdata          mpu6500_drv.o
    0x08009ccc   0x00000020   Data   RO         3955    .constdata          sr04.o
    0x08009cec   0x00000034   Data   RO         4331    .constdata          tty.o
    0x08009d20   0x00000020   Data   RO        10776    Region$$Table       anon$$obj.o


    Execution Region RW_IRAM1 (Base: 0x20000000, Size: 0x00015a68, Max: 0x00030000, ABSOLUTE, COMPRESSED[0x00000084])

    Base Addr    Size         Type   Attr      Idx    E Section Name        Object

    0x20000000   0x0000000c   Data   RW            9    .data               main.o
    0x2000000c   0x0000000c   Data   RW          541    .data               sch.o
    0x20000018   0x00000008   Data   RW          659    .data               cal.o
    0x20000020   0x000000f3   Data   RW          867    .data               cfg.o
    0x20000113   0x00000001   PAD
    0x20000114   0x00000014   Data   RW          954    .data               clk.o
    0x20000128   0x00000004   Data   RW         1336    .data               ini.o
    0x2000012c   0x00000008   Data   RW         1393    .data               ios.o
    0x20000134   0x00000004   Data   RW         1517    .data               odo.o
    0x20000138   0x00000004   Data   RW         1566    .data               pwr.o
    0x2000013c   0x0000000c   Data   RW         1681    .data               snd.o
    0x20000148   0x00000008   Data   RW         1731    .data               srs.o
    0x20000150   0x00000004   Data   RW         1896    .data               upl.o
    0x20000154   0x0000005c   Data   RW         1944    .data               wdg.o
    0x200001b0   0x00000002   Data   RW         1998    .data               wsm.o
    0x200001b2   0x00000010   Data   RW         7586    .data               stm32f4xx_rcc.o
    0x200001c2   0x00000002   PAD
    0x200001c4   0x00000014   Data   RW         9743    .data               system_stm32f4xx.o
    0x200001d8   0x00000018   Data   RW         9898    .data               heap_2.o
    0x200001f0   0x0000003c   Data   RW        10172    .data               tasks.o
    0x2000022c   0x00000014   Data   RW        10433    .data               timers.o
    0x20000240   0x0000000c   Data   RW        10541    .data               port.o
    0x2000024c   0x00000004   Data   RW        10746    .data               mc_w.l(mvars.o)
    0x20000250   0x00000004   Data   RW        10747    .data               mc_w.l(mvars.o)
    0x20000254   0x0000001c   Zero   RW          658    .bss                cal.o
    0x20000270   0x000002cc   Zero   RW          746    .bss                can.o
    0x2000053c   0x0000004c   Zero   RW         1002    .bss                cmd.o
    0x20000588   0x00000238   Zero   RW         1102    .bss                ctl.o
    0x200007c0   0x00000016   Zero   RW         1174    .bss                dci.o
    0x200007d6   0x00000002   PAD
    0x200007d8   0x00000278   Zero   RW         1215    .bss                dnl.o
    0x20000a50   0x000000f0   Zero   RW         1285    .bss                hci.o
    0x20000b40   0x00000014   Zero   RW         1472    .bss                mec.o
    0x20000b54   0x00000064   Zero   RW         1516    .bss                odo.o
    0x20000bb8   0x000002a0   Zero   RW         1565    .bss                pwr.o
    0x20000e58   0x00000010   Zero   RW         1624    .bss                rci.o
    0x20000e68   0x00000170   Zero   RW         1730    .bss                srs.o
    0x20000fd8   0x0000025c   Zero   RW         1895    .bss                upl.o
    0x20001234   0x00000228   Zero   RW         3277    .bss                btm.o
    0x2000145c   0x00000228   Zero   RW         3512    .bss                dbi.o
    0x20001684   0x00000048   Zero   RW         3888    .bss                rcv.o
    0x200016cc   0x00000040   Zero   RW         4030    .bss                stm32util.o
    0x2000170c   0x00000228   Zero   RW         4330    .bss                tty.o
    0x20001934   0x00012c00   Zero   RW         9897    .bss                heap_2.o
    0x20014534   0x00000040   Zero   RW         9988    .bss                queue.o
    0x20014574   0x000000c8   Zero   RW        10171    .bss                tasks.o
    0x2001463c   0x00000028   Zero   RW        10432    .bss                timers.o
    0x20014664   0x00000004   PAD
    0x20014668   0x00001000   Zero   RW         9779    HEAP                startup_stm32f427xx.o
    0x20015668   0x00000400   Zero   RW         9778    STACK               startup_stm32f427xx.o


==============================================================================

Image component sizes


      Code (inc. data)   RO Data    RW Data    ZI Data      Debug   Object Name

       228         20          0          0          0       1382   act.o
       108          0          0          0          0       1070   app.o
       108         22         56          0          0       3256   beep.o
        88          4          0          0          0        561   bsp.o
       324         38          0          0        552       2419   btm.o
        12          6          0          0          0        457   btn.o
       560        124          0          8         28       4805   cal.o
       724         62          0          0        716       7074   can.o
       216         24          0          0          0       1681   can1.o
       220         26          0          0          0       1689   can2.o
         8          0          0          0          0       1370   can_srv.o
         6          0          0          0          0        776   cbus.o
       332         24        486        243          0       6313   cfg.o
        44          4          0         20          0       1707   clk.o
       328         12          0          0         76       1632   cmd.o
        32          0          0          0          0       1884   com.o
        12          0          0          0          0       1512   com_srv.o
        82          4        512          0          0       1894   crc16.o
       876         92          0          0        568       5480   ctl.o
       392         46          0          0        552       2967   dbi.o
        44          0          0          0          0       1455   dbus.o
       128          8          0          0         22       2220   dci.o
        24          0          0          0          0        627   delay.o
        32          4          0          0        632       1375   dnl.o
       110          6          0          0          0       1978   ekf.o
         0          0          0          0          0      10308   event_groups.o
         4          0          0          0          0        539   ext_srv.o
       184          0          0          0          0       5586   fifo.o
       310         52          0          0          0       2875   flash.o
        32         12          0          0          0       1339   fos.o
       258          0          0          0          0       5564   fun.o
       102          0          0          0          0       1522   hcf.o
       608         58          0          0        240       4293   hci.o
        58          0          0          0          0       1381   hcp.o
       244         18          0         24      76800       3143   heap_2.o
       180         28          0          4          0       1703   ini.o
        82         22          0          8          0       3133   ios.o
        44         10          0          0          0        509   key.o
        52         10          0          0          0        515   kos.o
        48          8          0          0          0        513   led.o
       136          0          0          0          0       3278   list.o
       122          6          0          0          0       1990   maf.o
       212         70          0         12          0     392600   main.o
        80         20          0          0         20       1717   mec.o
       298          0          0          0          0       2231   mecanum.o
       122          6          0          0          0       1486   med.o
       120         14          0          0          0       1647   misc.o
       150          0          0          0          0       1738   motor.o
        14          0          0          0          0        501   mpu6500.o
       102          4         16          0          0       1705   mpu6500_drv.o
       168         18          0          0          0       1795   mpu6500_spi.o
        74          0         20          0          0       9973   msg.o
       520         74          0          4        100       3024   odo.o
       326         12          0          0          0       2440   pid.o
       754         84          0         12          0      11041   port.o
        92         10          0          0          0        505   pwm.o
       100         12          0          4        672       1740   pwr.o
      1500         20          0          0         64      13369   queue.o
       104          0          0          0          0       1546   rcf.o
       494         60          0          0         16       3653   rci.o
       180          0          0          0          0       1935   rcp.o
       264         34          0          0         72       1689   rcv.o
         4          0          0          0          0        794   rcv_srv.o
        66          6          0          0          0       1868   rmp.o
       204         22          0         12          0       5140   sch.o
       104         20          0         12          0       2164   snd.o
        84         10          0          0          0        546   spi5.o
       164         18         32          0          0       3085   sr04.o
       744         56          0          8        368       6396   srs.o
        36          8        428          0       5120        868   startup_stm32f427xx.o
      1108         24          0          0          0       7938   stm32f4xx_can.o
       166          4          0          0          0       5154   stm32f4xx_dma.o
       156         20          0          0          0       2901   stm32f4xx_exti.o
       334         36          0          0          0       5104   stm32f4xx_flash.o
       238          0          0          0          0       5134   stm32f4xx_gpio.o
        12          0          0          0          0       2905   stm32f4xx_it.o
       220         34          0         16          0       5035   stm32f4xx_rcc.o
        76          0          0          0          0       1889   stm32f4xx_spi.o
        48          6          0          0          0        720   stm32f4xx_syscfg.o
       724         60          0          0          0      11772   stm32f4xx_tim.o
       334          8          0          0          0       5834   stm32f4xx_usart.o
     14214        416          0          0         64      38650   stm32util.o
         8          0          0          0          0       1422   sys.o
       300         36          0         20          0       1945   system_stm32f4xx.o
      2136        182          0         60        200      22259   tasks.o
       282         18          0          0          0       4509   tim.o
         6          0          0          0          0        948   tim_srv.o
       856         80          0         20         40      16887   timers.o
       792        120         52          0        552       9201   tty.o
       158         14          0          0          0       1150   upd.o
       864        114          0          4        604       3550   upl.o
       200         40         88         92          0       4275   wdg.o
       264         30          0          2          0       2354   wsm.o

    ----------------------------------------------------------------------
     38162       2570       1724        588      88084     744507   Object Totals
         0          0         32          0          0          0   (incl. Generated)
        84          0          2          3          6          0   (incl. Padding)

    ----------------------------------------------------------------------

      Code (inc. data)   RO Data    RW Data    ZI Data      Debug   Library Member Name

        86          0          0          0          0          0   __dczerorl2.o
         0          0          0          0          0          0   entry.o
         0          0          0          0          0          0   entry10a.o
         0          0          0          0          0          0   entry11a.o
         8          4          0          0          0          0   entry2.o
         4          0          0          0          0          0   entry5.o
         0          0          0          0          0          0   entry7b.o
         0          0          0          0          0          0   entry8b.o
         8          4          0          0          0          0   entry9a.o
        30          0          0          0          0          0   handlers.o
        36          8          0          0          0         68   init.o
       108         16          0          0          0         84   malloc.o
        36          0          0          0          0         68   memcpya.o
        36          0          0          0          0        108   memseta.o
         0          0          0          8          0          0   mvars.o
        14          0          0          0          0         68   strlen.o

    ----------------------------------------------------------------------
       370         32          0          8          0        396   Library Totals
         4          0          0          0          0          0   (incl. Padding)

    ----------------------------------------------------------------------

      Code (inc. data)   RO Data    RW Data    ZI Data      Debug   Library Name

       366         32          0          8          0        396   mc_w.l

    ----------------------------------------------------------------------
       370         32          0          8          0        396   Library Totals

    ----------------------------------------------------------------------

==============================================================================


      Code (inc. data)   RO Data    RW Data    ZI Data      Debug   

     38532       2602       1724        596      88084     707383   Grand Totals
     38532       2602       1724        132      88084     707383   ELF Image Totals (compressed)
     38532       2602       1724        132          0          0   ROM Totals

==============================================================================

    Total RO  Size (Code + RO Data)                40256 (  39.31kB)
    Total RW  Size (RW Data + ZI Data)             88680 (  86.60kB)
    Total ROM Size (Code + RO Data + RW Data)      40388 (  39.44kB)

==============================================================================

