Component: ARM Compiler 5.06 update 4 (build 422) Tool: armlink [4d35d2]

==============================================================================

Section Cross References

    main.o(i.main) refers to kos.o(i.KOS_Boot) for KOS_Boot
    main.o(i.main) refers to clk.o(i.Clk_GetMsTick) for Clk_GetMsTick
    main.o(i.main) refers to upl.o(i.Upl_Proc) for Upl_Proc
    kos.o(i.KOS_Boot) refers to app.o(i.App_Init) for App_Init
    kos.o(i.KOS_Boot) refers to bsp.o(i.Bsp_Config) for Bsp_Config
    kos.o(i.KOS_Boot) refers to tim.o(i.Tim_Start) for Tim_Start
    kos.o(i.KOS_Stop) refers to tim.o(i.Tim_Stop) for Tim_Stop
    kos.o(i.KOS_Stop) refers to sch.o(i.Sch_Init) for Sch_Init
    kos.o(i.KOS_Stop) refers to act.o(i.Act_Init) for Act_Init
    sch.o(i.Sch_Arrange) refers to sch.o(i.getSchTask) for getSchTask
    sch.o(i.Sch_Arrange) refers to sch.o(i.newSchTask) for newSchTask
    sch.o(i.Sch_Arrange) refers to sch.o(.data) for .data
    sch.o(i.Sch_Dismiss) refers to sch.o(i.getSchTask) for getSchTask
    sch.o(i.Sch_Dismiss) refers to malloc.o(i.free) for free
    sch.o(i.Sch_Dismiss) refers to sch.o(.data) for .data
    sch.o(i.Sch_Init) refers to sch.o(.data) for .data
    sch.o(i.Sch_Proc) refers to clk.o(i.Clk_GetMsTick) for Clk_GetMsTick
    sch.o(i.Sch_Proc) refers to sch.o(.data) for .data
    sch.o(i.getSchTask) refers to sch.o(.data) for .data
    sch.o(i.newSchTask) refers to malloc.o(i.malloc) for malloc
    sch.o(i.newSchTask) refers to memseta.o(.text) for __aeabi_memclr4
    act.o(i.Act_Init) refers to motor.o(i.CM_Cmd) for CM_Cmd
    act.o(i.Act_Init) refers to motor.o(i.GM_Cmd) for GM_Cmd
    act.o(i.Act_Proc) refers to motor.o(i.CM_Cmd) for CM_Cmd
    act.o(i.Act_Proc) refers to motor.o(i.GM_Cmd) for GM_Cmd
    act.o(i.Act_Proc) refers to ctl.o(.bss) for ctl
    app.o(i.App_Init) refers to ios.o(i.Ios_Init) for Ios_Init
    app.o(i.App_Init) refers to cfg.o(i.Cfg_Init) for Cfg_Init
    app.o(i.App_Init) refers to act.o(i.Act_Init) for Act_Init
    app.o(i.App_Init) refers to clk.o(i.Clk_Init) for Clk_Init
    app.o(i.App_Init) refers to wdg.o(i.Wdg_Init) for Wdg_Init
    app.o(i.App_Init) refers to ini.o(i.Ini_Init) for Ini_Init
    app.o(i.App_Init) refers to wsm.o(i.Wsm_Init) for Wsm_Init
    app.o(i.App_Init) refers to com.o(i.Com_Init) for Com_Init
    app.o(i.App_Init) refers to upd.o(i.Upd_Init) for Upd_Init
    app.o(i.App_Proc) refers to wdg.o(i.Wdg_Proc) for Wdg_Proc
    app.o(i.App_Proc) refers to ini.o(i.Ini_Proc) for Ini_Proc
    app.o(i.App_Proc) refers to wsm.o(i.Wsm_Proc) for Wsm_Proc
    app.o(i.App_Proc) refers to com.o(i.Com_Proc) for Com_Proc
    app.o(i.App_Proc) refers to upd.o(i.Upd_Proc) for Upd_Proc
    can.o(i.Can_Init) refers to can.o(i.Motor_Reset) for Motor_Reset
    can.o(i.Can_Init) refers to can.o(i.ZGyro_Reset) for ZGyro_Reset
    can.o(i.Can_Init) refers to can.o(.bss) for .bss
    can.o(i.Can_Proc) refers to wdg.o(i.Wdg_Feed) for Wdg_Feed
    can.o(i.Can_Proc) refers to can.o(i.ZGyro_Process) for ZGyro_Process
    can.o(i.Can_Proc) refers to can.o(i.Motor_Process) for Motor_Process
    can.o(i.Can_Proc) refers to can.o(.bss) for .bss
    can.o(i.Motor_Process) refers to ekf.o(i.Ekf_Init) for Ekf_Init
    can.o(i.Motor_Process) refers to ekf.o(i.Ekf_SetE) for Ekf_SetE
    can.o(i.Motor_Process) refers to ekf.o(i.Ekf_Proc) for Ekf_Proc
    can.o(i.Motor_Reset) refers to memseta.o(.text) for __aeabi_memclr4
    can.o(i.ZGyro_Reset) refers to memseta.o(.text) for __aeabi_memclr4
    cci.o(i.Cci_Proc) refers to fun.o(i.constrain) for constrain
    cci.o(i.Cci_Proc) refers to cfg.o(.data) for cfg
    cci.o(i.Cci_Proc) refers to cmd.o(.bss) for cmd
    cfg.o(i.Cfg_ClrFlag) refers to fun.o(i.Flag_Clr) for Flag_Clr
    cfg.o(i.Cfg_ClrFlag) refers to cfg.o(.data) for .data
    cfg.o(i.Cfg_GetFlag) refers to fun.o(i.Flag_Get) for Flag_Get
    cfg.o(i.Cfg_GetFlag) refers to cfg.o(.data) for .data
    cfg.o(i.Cfg_GetVer) refers to cfg.o(.data) for .data
    cfg.o(i.Cfg_Init) refers to memcpya.o(.text) for __aeabi_memcpy4
    cfg.o(i.Cfg_Init) refers to cfg.o(i.Cfg_Load) for Cfg_Load
    cfg.o(i.Cfg_Init) refers to cfg.o(i.Cfg_GetFlag) for Cfg_GetFlag
    cfg.o(i.Cfg_Init) refers to cfg.o(.constdata) for .constdata
    cfg.o(i.Cfg_Init) refers to cfg.o(.data) for .data
    cfg.o(i.Cfg_IsSynced) refers to cfg.o(.data) for .data
    cfg.o(i.Cfg_Load) refers to fos.o(i.Fos_Read) for Fos_Read
    cfg.o(i.Cfg_Proc) refers to memcpya.o(.text) for __aeabi_memcpy4
    cfg.o(i.Cfg_Proc) refers to cfg.o(i.Cfg_Save) for Cfg_Save
    cfg.o(i.Cfg_Proc) refers to cfg.o(.data) for .data
    cfg.o(i.Cfg_Proc) refers to cfg.o(.constdata) for .constdata
    cfg.o(i.Cfg_Reset) refers to memcpya.o(.text) for __aeabi_memcpy4
    cfg.o(i.Cfg_Reset) refers to cfg.o(i.Cfg_Save) for Cfg_Save
    cfg.o(i.Cfg_Reset) refers to cfg.o(i.Cfg_Load) for Cfg_Load
    cfg.o(i.Cfg_Reset) refers to cfg.o(.constdata) for .constdata
    cfg.o(i.Cfg_Reset) refers to cfg.o(.data) for .data
[...]
    i.FIFO_GetFree                           0x0800126c   Section        0  fifo.o(i.FIFO_GetFree)
    i.FIFO_Init                              0x08001274   Section        0  fifo.o(i.FIFO_Init)
    i.FIFO_IsEmpty                           0x0800127c   Section        0  fifo.o(i.FIFO_IsEmpty)
    i.FIFO_IsFull                            0x08001288   Section        0  fifo.o(i.FIFO_IsFull)
    i.FIFO_Pop                               0x08001298   Section        0  fifo.o(i.FIFO_Pop)
    i.FIFO_Push                              0x080012cc   Section        0  fifo.o(i.FIFO_Push)
    i.FS_Clr                                 0x08001306   Section        0  sys.o(i.FS_Clr)
    i.Flag_Clr                               0x0800130a   Section        0  fun.o(i.Flag_Clr)
    i.Flag_Get                               0x08001312   Section        0  fun.o(i.Flag_Get)
    i.Flash_Read                             0x08001318   Section        0  flash.o(i.Flash_Read)
    i.Fos_Read                               0x08001330   Section        0  fos.o(i.Fos_Read)
    i.GM_Cmd                                 0x08001340   Section        0  motor.o(i.GM_Cmd)
    i.GPIO_AF                                0x08001388   Section        0  stm32util.o(i.GPIO_AF)
    i.GPIO_Config                            0x080013b0   Section        0  stm32util.o(i.GPIO_Config)
    i.GPIO_In                                0x080014c8   Section        0  stm32util.o(i.GPIO_In)
    i.GPIO_Init                              0x080014d8   Section        0  stm32f4xx_gpio.o(i.GPIO_Init)
    i.GPIO_Out                               0x0800157a   Section        0  stm32util.o(i.GPIO_Out)
    i.GPIO_PinAFConfig                       0x0800158c   Section        0  stm32f4xx_gpio.o(i.GPIO_PinAFConfig)
    i.GPIO_ResetBits                         0x080015ac   Section        0  stm32f4xx_gpio.o(i.GPIO_ResetBits)
    i.GPIO_SetBits                           0x080015b0   Section        0  stm32f4xx_gpio.o(i.GPIO_SetBits)
    i.GS_Set                                 0x080015b4   Section        0  sys.o(i.GS_Set)
    i.GetChassisVelocityRef                  0x080015bc   Section        0  hci.o(i.GetChassisVelocityRef)
    GetChassisVelocityRef                    0x080015bd   Thumb Code   200  hci.o(i.GetChassisVelocityRef)
    i.GetChassisVelocityRef                  0x0800169c   Section        0  rci.o(i.GetChassisVelocityRef)
    GetChassisVelocityRef                    0x0800169d   Thumb Code   128  rci.o(i.GetChassisVelocityRef)
    i.HardFault_Handler                      0x0800172c   Section        0  stm32f4xx_it.o(i.HardFault_Handler)
    i.Hcf_Init                               0x08001730   Section        0  hcf.o(i.Hcf_Init)
    i.Hci_Init                               0x08001758   Section        0  hci.o(i.Hci_Init)
    i.Hci_Proc                               0x08001794   Section        0  hci.o(i.Hci_Proc)
    i.Hcp_Dec                                0x080017e4   Section        0  hcp.o(i.Hcp_Dec)
    i.Hcp_Init                               0x08001802   Section        0  hcp.o(i.Hcp_Init)
    i.Ini_GetFlag                            0x08001820   Section        0  ini.o(i.Ini_GetFlag)
    i.Ini_Init                               0x0800182c   Section        0  ini.o(i.Ini_Init)
    i.Ios_Init                               0x08001838   Section        0  ios.o(i.Ios_Init)
    i.Ios_ReadByte                           0x08001854   Section        0  ios.o(i.Ios_ReadByte)
    i.Ios_SetIn                              0x0800188c   Section        0  ios.o(i.Ios_SetIn)
    i.Ios_SetOut                             0x0800189c   Section        0  ios.o(i.Ios_SetOut)
    i.Ios_WriteByte                          0x080018ac   Section        0  ios.o(i.Ios_WriteByte)
    i.KOS_Boot                               0x080018c4   Section        0  kos.o(i.KOS_Boot)
    i.Key_Config                             0x080018d8   Section        0  key.o(i.Key_Config)
    i.Led_Config                             0x080018f0   Section        0  led.o(i.Led_Config)
    i.MS_Set                                 0x08001920   Section        0  sys.o(i.MS_Set)
    i.Maf_Init                               0x08001926   Section        0  maf.o(i.Maf_Init)
    i.Maf_Proc                               0x0800192e   Section        0  maf.o(i.Maf_Proc)
    i.Maf_Reset                              0x08001970   Section        0  maf.o(i.Maf_Reset)
    i.Mec_Config                             0x08001990   Section        0  mec.o(i.Mec_Config)
    i.MemManage_Handler                      0x080019c2   Section        0  stm32f4xx_it.o(i.MemManage_Handler)
    i.Motor_Process                          0x080019c4   Section        0  can.o(i.Motor_Process)
    i.Motor_Reset                            0x08001b20   Section        0  can.o(i.Motor_Reset)
    i.Msg_Push                               0x08001b26   Section        0  msg.o(i.Msg_Push)
    i.NMI_Handler                            0x08001b6e   Section        0  stm32f4xx_it.o(i.NMI_Handler)
    i.NVIC_Config                            0x08001b70   Section        0  stm32util.o(i.NVIC_Config)
    i.NVIC_Init                              0x08001b8c   Section        0  misc.o(i.NVIC_Init)
    i.NVIC_PriorityGroupConfig               0x08001bf0   Section        0  misc.o(i.NVIC_PriorityGroupConfig)
    i.Odo_Init                               0x08001c04   Section        0  odo.o(i.Odo_Init)
    i.PID_Config                             0x08001ccc   Section        0  pid.o(i.PID_Config)
    i.PID_Init                               0x08001cd4   Section        0  ctl.o(i.PID_Init)
    PID_Init                                 0x08001cd5   Thumb Code    24  ctl.o(i.PID_Init)
    i.PID_Reset                              0x08001cf0   Section        0  pid.o(i.PID_Reset)
    i.PWM_Bind                               0x08001d04   Section        0  stm32util.o(i.PWM_Bind)
    i.PendSV_Handler                         0x08003248   Section        0  stm32f4xx_it.o(i.PendSV_Handler)
    i.Pwm_Config                             0x0800324c   Section        0  pwm.o(i.Pwm_Config)
    i.RCC_AHB1PeriphClockCmd                 0x08003298   Section        0  stm32f4xx_rcc.o(i.RCC_AHB1PeriphClockCmd)
    i.RCC_APB1PeriphClockCmd                 0x080032b0   Section        0  stm32f4xx_rcc.o(i.RCC_APB1PeriphClockCmd)
    i.RCC_APB2PeriphClockCmd                 0x080032c8   Section        0  stm32f4xx_rcc.o(i.RCC_APB2PeriphClockCmd)
    i.RCC_GetClocksFreq                      0x080032e0   Section        0  stm32f4xx_rcc.o(i.RCC_GetClocksFreq)
    i.Rcf_Init                               0x08003374   Section        0  rcf.o(i.Rcf_Init)
    i.Rcf_Proc                               0x0800339c   Section        0  rcf.o(i.Rcf_Proc)
    i.Rci_Init                               0x080033dc   Section        0  rci.o(i.Rci_Init)
    i.Rci_LastSw                             0x080033e8   Section        0  rci.o(i.Rci_LastSw)
    i.Rci_Mode                               0x080033f8   Section        0  rci.o(i.Rci_Mode)
    i.Rci_Proc                               0x08003404   Section        0  rci.o(i.Rci_Proc)
    i.Rci_Sw                                 0x08003450   Section        0  rci.o(i.Rci_Sw)
    i.Rcp_Dec                                0x08003460   Section        0  rcp.o(i.Rcp_Dec)
    i.Rcp_Init                               0x080034b0   Section        0  rcp.o(i.Rcp_Init)
    i.RcvCallback                            0x080034d6   Section        0  rcv_srv.o(i.RcvCallback)
    i.Rcv_Config                             0x080034dc   Section        0  rcv.o(i.Rcv_Config)
    i.Rcv_Proc                               0x08003570   Section        0  dci.o(i.Rcv_Proc)
    i.Rmp_Config                             0x08003590   Section        0  rmp.o(i.Rmp_Config)
    i.Rmp_Init                               0x08003594   Section        0  ctl.o(i.Rmp_Init)
    Rmp_Init                                 0x08003595   Thumb Code    26  ctl.o(i.Rmp_Init)
    i.Rmp_Reset                              0x080035b4   Section        0  rmp.o(i.Rmp_Reset)
    i.SVC_Handler                            0x080035ba   Section        0  stm32f4xx_it.o(i.SVC_Handler)
    i.Sch_Proc                               0x080035bc   Section        0  sch.o(i.Sch_Proc)
    i.SetSysClock                            0x080035f0   Section        0  system_stm32f4xx.o(i.SetSysClock)
    SetSysClock                              0x080035f1   Thumb Code   190  system_stm32f4xx.o(i.SetSysClock)
    i.SyncTimCallback                        0x080036c0   Section        0  tim_srv.o(i.SyncTimCallback)
    i.SyncTim_Config                         0x080036c4   Section        0  tim.o(i.SyncTim_Config)
    i.SyncTim_Start                          0x080036f0   Section        0  tim.o(i.SyncTim_Start)
    i.SystemInit                             0x08003718   Section        0  system_stm32f4xx.o(i.SystemInit)
    i.TIM2_IRQHandler                        0x08003774   Section        0  tim.o(i.TIM2_IRQHandler)
    i.TIM6_DAC_IRQHandler                    0x080037a0   Section        0  tim.o(i.TIM6_DAC_IRQHandler)
    i.TIM_ARRPreloadConfig                   0x080037d0   Section        0  stm32f4xx_tim.o(i.TIM_ARRPreloadConfig)
    i.TIM_ClearFlag                          0x080037e4   Section        0  stm32f4xx_tim.o(i.TIM_ClearFlag)
    i.TIM_ClearITPendingBit                  0x080037ea   Section        0  stm32f4xx_tim.o(i.TIM_ClearITPendingBit)
    i.TIM_Cmd                                0x080037f0   Section        0  stm32f4xx_tim.o(i.TIM_Cmd)
    i.TIM_Config                             0x08003804   Section        0  stm32util.o(i.TIM_Config)
    i.TIM_GetITStatus                        0x08003948   Section        0  stm32f4xx_tim.o(i.TIM_GetITStatus)
    i.TIM_ITConfig                           0x08003960   Section        0  stm32f4xx_tim.o(i.TIM_ITConfig)
    i.TIM_OC1Init                            0x08003970   Section        0  stm32f4xx_tim.o(i.TIM_OC1Init)
    i.TIM_OC1PreloadConfig                   0x080039d0   Section        0  stm32f4xx_tim.o(i.TIM_OC1PreloadConfig)
    i.TIM_OC2Init                            0x080039dc   Section        0  stm32f4xx_tim.o(i.TIM_OC2Init)
    i.TIM_OC2PreloadConfig                   0x08003a5c   Section        0  stm32f4xx_tim.o(i.TIM_OC2PreloadConfig)
    i.TIM_OC3Init                            0x08003a70   Section        0  stm32f4xx_tim.o(i.TIM_OC3Init)
    i.TIM_OC3PreloadConfig                   0x08003aec   Section        0  stm32f4xx_tim.o(i.TIM_OC3PreloadConfig)
    i.TIM_OC4Init                            0x08003af8   Section        0  stm32f4xx_tim.o(i.TIM_OC4Init)
    i.TIM_OC4PreloadConfig                   0x08003b58   Section        0  stm32f4xx_tim.o(i.TIM_OC4PreloadConfig)
    i.TIM_OC_Config                          0x08003b6c   Section        0  stm32util.o(i.TIM_OC_Config)
    i.TIM_TimeBaseInit                       0x08003bf0   Section        0  stm32f4xx_tim.o(i.TIM_TimeBaseInit)
    i.Tfx_Config                             0x08003c6c   Section        0  tfx.o(i.Tfx_Config)
    i.Tfx_Init                               0x08003c78   Section        0  tfx.o(i.Tfx_Init)
    i.TickTimCallback                        0x08003c88   Section        0  tim_srv.o(i.TickTimCallback)
    i.TickTim_Config                         0x08003c8c   Section        0  tim.o(i.TickTim_Config)
    i.TickTim_Start                          0x08003cb0   Section        0  tim.o(i.TickTim_Start)
    i.Tim_Config                             0x08003cd2   Section        0  tim.o(i.Tim_Config)
    i.Tim_Start                              0x08003ce0   Section        0  tim.o(i.Tim_Start)
    i.TtyRxCallback                          0x08003cee   Section        0  com_srv.o(i.TtyRxCallback)
    i.Tty_Config                             0x08003cf4   Section        0  tty.o(i.Tty_Config)
    i.Tty_Proc                               0x08003d64   Section        0  com.o(i.Tty_Proc)
    i.Tty_ReadByte                           0x08003d6c   Section        0  tty.o(i.Tty_ReadByte)
    i.Tty_WriteByte                          0x08003db0   Section        0  tty.o(i.Tty_WriteByte)
    i.USART1_IRQHandler                      0x08003dec   Section        0  rcv.o(i.USART1_IRQHandler)
    i.USART2_IRQHandler                      0x08003e60   Section        0  btm.o(i.USART2_IRQHandler)
    i.USART3_IRQHandler                      0x08003ef8   Section        0  dbi.o(i.USART3_IRQHandler)
    i.USART6_IRQHandler                      0x08003f90   Section        0  tty.o(i.USART6_IRQHandler)
    i.USART_Bind                             0x08004028   Section        0  stm32util.o(i.USART_Bind)
    i.USART_Cmd                              0x08004e08   Section        0  stm32f4xx_usart.o(i.USART_Cmd)
    i.USART_Config                           0x08004e1c   Section        0  stm32util.o(i.USART_Config)
    i.USART_DMACmd                           0x08004fac   Section        0  stm32f4xx_usart.o(i.USART_DMACmd)
    i.USART_GetITStatus                      0x08004fbc   Section        0  stm32f4xx_usart.o(i.USART_GetITStatus)
    i.USART_ITConfig                         0x08004ffa   Section        0  stm32f4xx_usart.o(i.USART_ITConfig)
    i.USART_Init                             0x0800502c   Section        0  stm32f4xx_usart.o(i.USART_Init)
    i.USART_ReceiveData                      0x080050d8   Section        0  stm32f4xx_usart.o(i.USART_ReceiveData)
    i.USART_SendData                         0x080050e0   Section        0  stm32f4xx_usart.o(i.USART_SendData)
    i.Upd_Init                               0x080050e8   Section        0  upd.o(i.Upd_Init)
    i.Upl_Init                               0x080050f8   Section        0  upl.o(i.Upl_Init)
    i.Upl_Proc                               0x0800510c   Section        0  upl.o(i.Upl_Proc)
    i.Upl_PushCalibMsg                       0x08005200   Section        0  upl.o(i.Upl_PushCalibMsg)
    Upl_PushCalibMsg                         0x08005201   Thumb Code   112  upl.o(i.Upl_PushCalibMsg)
    i.Upl_PushOdomeMsg                       0x0800527c   Section        0  upl.o(i.Upl_PushOdomeMsg)
    Upl_PushOdomeMsg                         0x0800527d   Thumb Code   132  upl.o(i.Upl_PushOdomeMsg)
    i.UsageFault_Handler                     0x08005310   Section        0  stm32f4xx_it.o(i.UsageFault_Handler)
    i.Wdg_Feed                               0x08005314   Section        0  wdg.o(i.Wdg_Feed)
    i.Wdg_GetErr                             0x08005324   Section        0  wdg.o(i.Wdg_GetErr)
    i.Wdg_Init                               0x08005330   Section        0  wdg.o(i.Wdg_Init)
    i.Wdg_IsErrSet                           0x0800535c   Section        0  wdg.o(i.Wdg_IsErrSet)
    i.Wsm_Init                               0x08005368   Section        0  wsm.o(i.Wsm_Init)
    i.ZGyro_Process                          0x08005378   Section        0  can.o(i.ZGyro_Process)
    i.ZGyro_Reset                            0x08005404   Section        0  can.o(i.ZGyro_Reset)
    i.__scatterload_copy                     0x0800540a   Section       14  handlers.o(i.__scatterload_copy)
    i.__scatterload_null                     0x08005418   Section        2  handlers.o(i.__scatterload_null)
    i.__scatterload_zeroinit                 0x0800541a   Section       14  handlers.o(i.__scatterload_zeroinit)
    i.constrain                              0x08005428   Section        0  fun.o(i.constrain)
    i.main                                   0x08005448   Section        0  main.o(i.main)
    i.map                                    0x0800545a   Section        0  fun.o(i.map)
    .constdata                               0x08005494   Section      444  cfg.o(.constdata)
    .constdata                               0x08005650   Section       68  wdg.o(.constdata)
    CNT                                      0x08005650   Data          68  wdg.o(.constdata)
    .constdata                               0x08005694   Section      512  crc16.o(.constdata)
    CRC16Table                               0x08005694   Data         512  crc16.o(.constdata)
    .constdata                               0x08005894   Section        4  msg.o(.constdata)
    .constdata                               0x08005898   Section        4  msg.o(.constdata)
    .constdata                               0x0800589c   Section        4  msg.o(.constdata)
    .constdata                               0x080058a0   Section        4  msg.o(.constdata)
    .constdata                               0x080058a4   Section        4  msg.o(.constdata)
    .constdata                               0x080058a8   Section        4  msg.o(.constdata)
    .data                                    0x20000000   Section        8  sch.o(.data)
    first                                    0x20000000   Data           4  sch.o(.data)
    last                                     0x20000004   Data           4  sch.o(.data)
    .data                                    0x20000008   Section      152  cfg.o(.data)
    .data                                    0x200000a0   Section       20  clk.o(.data)
    us_tick                                  0x200000a0   Data           4  clk.o(.data)
    us_temp                                  0x200000a4   Data           4  clk.o(.data)
    ms_tick                                  0x200000a8   Data           4  clk.o(.data)
    ms_temp                                  0x200000ac   Data           4  clk.o(.data)
    sc_tick                                  0x200000b0   Data           4  clk.o(.data)
    .data                                    0x200000b4   Section       40  ctl.o(.data)
    .data                                    0x200000dc   Section        4  ini.o(.data)
    iniFlag                                  0x200000dc   Data           4  ini.o(.data)
    .data                                    0x200000e0   Section        8  ios.o(.data)
    .data                                    0x200000e8   Section        1  upl.o(.data)
    msgType                                  0x200000e8   Data           1  upl.o(.data)
    .data                                    0x200000ec   Section       72  wdg.o(.data)
    err                                      0x200000ec   Data           4  wdg.o(.data)
    cnt                                      0x200000f0   Data          68  wdg.o(.data)
    .data                                    0x20000134   Section        2  wsm.o(.data)
    workingState                             0x20000134   Data           1  wsm.o(.data)
    lastWorkingState                         0x20000135   Data           1  wsm.o(.data)
    .data                                    0x20000136   Section       16  stm32f4xx_rcc.o(.data)
    APBAHBPrescTable                         0x20000136   Data          16  stm32f4xx_rcc.o(.data)
    .bss                                     0x20000148   Section      692  can.o(.bss)
    .bss                                     0x200003fc   Section       48  cmd.o(.bss)
    .bss                                     0x2000042c   Section      228  ctl.o(.bss)
    .bss                                     0x20000510   Section       22  dci.o(.bss)
    .bss                                     0x20000528   Section      592  dnl.o(.bss)
    buf                                      0x20000564   Data         512  dnl.o(.bss)
    fifo                                     0x20000764   Data          20  dnl.o(.bss)
    .bss                                     0x20000778   Section      184  hci.o(.bss)
    hcf                                      0x20000778   Data          16  hci.o(.bss)
    fx                                       0x20000788   Data          16  hci.o(.bss)
    fy                                       0x20000798   Data          16  hci.o(.bss)
    fz                                       0x200007a8   Data          16  hci.o(.bss)
    buf                                      0x200007b8   Data         120  hci.o(.bss)
    .bss                                     0x20000830   Section      100  odo.o(.bss)
    .bss                                     0x20000894   Section       16  rci.o(.bss)
    rcf                                      0x20000894   Data          16  rci.o(.bss)
    .bss                                     0x200008a4   Section       20  tfx.o(.bss)
    .bss                                     0x200008b8   Section      276  upl.o(.bss)
    buf                                      0x200008b8   Data         256  upl.o(.bss)
    fifo                                     0x200009b8   Data          20  upl.o(.bss)
    .bss                                     0x200009cc   Section      552  btm.o(.bss)
    rx_fifo                                  0x200009cc   Data          20  btm.o(.bss)
    tx_fifo                                  0x200009e0   Data          20  btm.o(.bss)
    rx_buf                                   0x200009f4   Data         256  btm.o(.bss)
    tx_buf                                   0x20000af4   Data         256  btm.o(.bss)
    .bss                                     0x20000bf4   Section      552  dbi.o(.bss)
    rx_fifo                                  0x20000bf4   Data          20  dbi.o(.bss)
    tx_fifo                                  0x20000c08   Data          20  dbi.o(.bss)
    rx_buf                                   0x20000c1c   Data         256  dbi.o(.bss)
    tx_buf                                   0x20000d1c   Data         256  dbi.o(.bss)
    .bss                                     0x20000e1c   Section       72  rcv.o(.bss)
    buf                                      0x20000e1c   Data          72  rcv.o(.bss)
    .bss                                     0x20000e64   Section      552  tty.o(.bss)
    rx_fifo                                  0x20000e64   Data          20  tty.o(.bss)
    tx_fifo                                  0x20000e78   Data          20  tty.o(.bss)
    rx_buf                                   0x20000e8c   Data         256  tty.o(.bss)
    tx_buf                                   0x20000f8c   Data         256  tty.o(.bss)
    STACK                                    0x20001090   Section     1024  startup_stm32f427xx.o(STACK)

    Global Symbols

    Symbol Name                              Value     Ov Type        Size  Object(Section)

    BuildAttributes$$THM_ISAv4$E$P$D$K$B$S$7EM$VFPi3$EXTD16$VFPS$VFMA$PE$A:L22UL41UL21$X:L11$S22US41US21$IEEE1$IW$USESV6$~STKCKD$USESV7$~SHL$OTIME$ROPI$IEEEX$EBA8$MICROLIB$REQ8$PRES8$EABIv2 0x00000000   Number         0  anon$$obj.o ABSOLUTE
    __ARM_use_no_argv                        0x00000000   Number         0  main.o ABSOLUTE
    _printf_a                                0x00000000   Number         0  stubs.o ABSOLUTE
    _printf_c                                0x00000000   Number         0  stubs.o ABSOLUTE
    _printf_charcount                        0x00000000   Number         0  stubs.o ABSOLUTE
    _printf_d                                0x00000000   Number         0  stubs.o ABSOLUTE
    _printf_e                                0x00000000   Number         0  stubs.o ABSOLUTE
    _printf_f                                0x00000000   Number         0  stubs.o ABSOLUTE
    _printf_flags                            0x00000000   Number         0  stubs.o ABSOLUTE
    _printf_fp_dec                           0x00000000   Number         0  stubs.o ABSOLUTE
    _printf_fp_hex                           0x00000000   Number         0  stubs.o ABSOLUTE
    _printf_g                                0x00000000   Number         0  stubs.o ABSOLUTE
    _printf_i                                0x00000000   Number         0  stubs.o ABSOLUTE
    _printf_int_dec                          0x00000000   Number         0  stubs.o ABSOLUTE
    _printf_l                                0x00000000   Number         0  stubs.o ABSOLUTE
    _printf_lc                               0x00000000   Number         0  stubs.o ABSOLUTE
    _printf_ll                               0x00000000   Number         0  stubs.o ABSOLUTE
    _printf_lld                              0x00000000   Number         0  stubs.o ABSOLUTE
    _printf_lli                              0x00000000   Number         0  stubs.o ABSOLUTE
    _printf_llo                              0x00000000   Number         0  stubs.o ABSOLUTE
    _printf_llu                              0x00000000   Number         0  stubs.o ABSOLUTE
    _printf_llx                              0x00000000   Number         0  stubs.o ABSOLUTE
    _printf_longlong_dec                     0x00000000   Number         0  stubs.o ABSOLUTE
    _printf_longlong_hex                     0x00000000   Number         0  stubs.o ABSOLUTE
    _printf_longlong_oct                     0x00000000   Number         0  stubs.o ABSOLUTE
    _printf_ls                               0x00000000   Number         0  stubs.o ABSOLUTE
    _printf_mbtowc                           0x00000000   Number         0  stubs.o ABSOLUTE
    _printf_n                                0x00000000   Number         0  stubs.o ABSOLUTE
    _printf_o                                0x00000000   Number         0  stubs.o ABSOLUTE
    _printf_p                                0x00000000   Number         0  stubs.o ABSOLUTE
    _printf_percent                          0x00000000   Number         0  stubs.o ABSOLUTE
    _printf_pre_padding                      0x00000000   Number         0  stubs.o ABSOLUTE
    _printf_return_value                     0x00000000   Number         0  stubs.o ABSOLUTE
    _printf_s                                0x00000000   Number         0  stubs.o ABSOLUTE
    _printf_sizespec                         0x00000000   Number         0  stubs.o ABSOLUTE
    _printf_str                              0x00000000   Number         0  stubs.o ABSOLUTE
    _printf_truncate_signed                  0x00000000   Number         0  stubs.o ABSOLUTE
    _printf_truncate_unsigned                0x00000000   Number         0  stubs.o ABSOLUTE
    _printf_u                                0x00000000   Number         0  stubs.o ABSOLUTE
    _printf_wc                               0x00000000   Number         0  stubs.o ABSOLUTE
    _printf_wctomb                           0x00000000   Number         0  stubs.o ABSOLUTE
    _printf_widthprec                        0x00000000   Number         0  stubs.o ABSOLUTE
    _printf_x                                0x00000000   Number         0  stubs.o ABSOLUTE
    __cpp_initialize__aeabi_                  - Undefined Weak Reference
    __cxa_finalize                            - Undefined Weak Reference
    _clock_init                               - Undefined Weak Reference
    _microlib_exit                            - Undefined Weak Reference
    __Vectors_Size                           0x000001ac   Number         0  startup_stm32f427xx.o ABSOLUTE
    __Vectors                                0x08000000   Data           4  startup_stm32f427xx.o(RESET)
    __Vectors_End                            0x080001ac   Data           0  startup_stm32f427xx.o(RESET)
    __main                                   0x080001ad   Thumb Code     0  entry.o(.ARM.Collect$$$$00000000)
    _main_stk                                0x080001ad   Thumb Code     0  entry2.o(.ARM.Collect$$$$00000001)
    _main_scatterload                        0x080001b1   Thumb Code     0  entry5.o(.ARM.Collect$$$$00000004)
    __main_after_scatterload                 0x080001b5   Thumb Code     0  entry5.o(.ARM.Collect$$$$00000004)
    _main_clock                              0x080001b5   Thumb Code     0  entry7b.o(.ARM.Collect$$$$00000008)
    _main_cpp_init                           0x080001b5   Thumb Code     0  entry8b.o(.ARM.Collect$$$$0000000A)
    _main_init                               0x080001b5   Thumb Code     0  entry9a.o(.ARM.Collect$$$$0000000B)
    __rt_final_cpp                           0x080001bd   Thumb Code     0  entry10a.o(.ARM.Collect$$$$0000000D)
    __rt_final_exit                          0x080001bd   Thumb Code     0  entry11a.o(.ARM.Collect$$$$0000000F)
    Reset_Handler                            0x080001c1   Thumb Code     8  startup_stm32f427xx.o(.text)
    SysTick_Handler                          0x080001d9   Thumb Code     2  startup_stm32f427xx.o(.text)
    ADC_IRQHandler                           0x080001db   Thumb Code     0  startup_stm32f427xx.o(.text)
    CAN1_RX1_IRQHandler                      0x080001db   Thumb Code     0  startup_stm32f427xx.o(.text)
    CAN1_SCE_IRQHandler                      0x080001db   Thumb Code     0  startup_stm32f427xx.o(.text)
    CAN2_RX1_IRQHandler                      0x080001db   Thumb Code     0  startup_stm32f427xx.o(.text)
    CAN2_SCE_IRQHandler                      0x080001db   Thumb Code     0  startup_stm32f427xx.o(.text)
    DCMI_IRQHandler                          0x080001db   Thumb Code     0  startup_stm32f427xx.o(.text)
    DMA1_Stream0_IRQHandler                  0x080001db   Thumb Code     0  startup_stm32f427xx.o(.text)
    DMA1_Stream1_IRQHandler                  0x080001db   Thumb Code     0  startup_stm32f427xx.o(.text)
    DMA1_Stream2_IRQHandler                  0x080001db   Thumb Code     0  startup_stm32f427xx.o(.text)
    DMA1_Stream3_IRQHandler                  0x080001db   Thumb Code     0  startup_stm32f427xx.o(.text)
    DMA1_Stream4_IRQHandler                  0x080001db   Thumb Code     0  startup_stm32f427xx.o(.text)
    DMA1_Stream5_IRQHandler                  0x080001db   Thumb Code     0  startup_stm32f427xx.o(.text)
    DMA1_Stream6_IRQHandler                  0x080001db   Thumb Code     0  startup_stm32f427xx.o(.text)
    DMA1_Stream7_IRQHandler                  0x080001db   Thumb Code     0  startup_stm32f427xx.o(.text)
    DMA2D_IRQHandler                         0x080001db   Thumb Code     0  startup_stm32f427xx.o(.text)
    DMA2_Stream0_IRQHandler                  0x080001db   Thumb Code     0  startup_stm32f427xx.o(.text)
    DMA2_Stream1_IRQHandler                  0x080001db   Thumb Code     0  startup_stm32f427xx.o(.text)
    DMA2_Stream2_IRQHandler                  0x080001db   Thumb Code     0  startup_stm32f427xx.o(.text)
    DMA2_Stream3_IRQHandler                  0x080001db   Thumb Code     0  startup_stm32f427xx.o(.text)
    DMA2_Stream4_IRQHandler                  0x080001db   Thumb Code     0  startup_stm32f427xx.o(.text)
    DMA2_Stream5_IRQHandler                  0x080001db   Thumb Code     0  startup_stm32f427xx.o(.text)
    DMA2_Stream6_IRQHandler                  0x080001db   Thumb Code     0  startup_stm32f427xx.o(.text)
    DMA2_Stream7_IRQHandler                  0x080001db   Thumb Code     0  startup_stm32f427xx.o(.text)
    ETH_IRQHandler                           0x080001db   Thumb Code     0  startup_stm32f427xx.o(.text)
    ETH_WKUP_IRQHandler                      0x080001db   Thumb Code     0  startup_stm32f427xx.o(.text)
    EXTI0_IRQHandler                         0x080001db   Thumb Code     0  startup_stm32f427xx.o(.text)
    EXTI15_10_IRQHandler                     0x080001db   Thumb Code     0  startup_stm32f427xx.o(.text)
    EXTI1_IRQHandler                         0x080001db   Thumb Code     0  startup_stm32f427xx.o(.text)
    EXTI2_IRQHandler                         0x080001db   Thumb Code     0  startup_stm32f427xx.o(.text)
    EXTI3_IRQHandler                         0x080001db   Thumb Code     0  startup_stm32f427xx.o(.text)
    EXTI4_IRQHandler                         0x080001db   Thumb Code     0  startup_stm32f427xx.o(.text)
    EXTI9_5_IRQHandler                       0x080001db   Thumb Code     0  startup_stm32f427xx.o(.text)
    FLASH_IRQHandler                         0x080001db   Thumb Code     0  startup_stm32f427xx.o(.text)
    FMC_IRQHandler                           0x080001db   Thumb Code     0  startup_stm32f427xx.o(.text)
    FPU_IRQHandler                           0x080001db   Thumb Code     0  startup_stm32f427xx.o(.text)
    HASH_RNG_IRQHandler                      0x080001db   Thumb Code     0  startup_stm32f427xx.o(.text)
    I2C1_ER_IRQHandler                       0x080001db   Thumb Code     0  startup_stm32f427xx.o(.text)
    I2C1_EV_IRQHandler                       0x080001db   Thumb Code     0  startup_stm32f427xx.o(.text)
    I2C2_ER_IRQHandler                       0x080001db   Thumb Code     0  startup_stm32f427xx.o(.text)
    I2C2_EV_IRQHandler                       0x080001db   Thumb Code     0  startup_stm32f427xx.o(.text)
    I2C3_ER_IRQHandler                       0x080001db   Thumb Code     0  startup_stm32f427xx.o(.text)
    I2C3_EV_IRQHandler                       0x080001db   Thumb Code     0  startup_stm32f427xx.o(.text)
    OTG_FS_IRQHandler                        0x080001db   Thumb Code     0  startup_stm32f427xx.o(.text)
    OTG_FS_WKUP_IRQHandler                   0x080001db   Thumb Code     0  startup_stm32f427xx.o(.text)
    OTG_HS_EP1_IN_IRQHandler                 0x080001db   Thumb Code     0  startup_stm32f427xx.o(.text)
    OTG_HS_EP1_OUT_IRQHandler                0x080001db   Thumb Code     0  startup_stm32f427xx.o(.text)
    OTG_HS_IRQHandler                        0x080001db   Thumb Code     0  startup_stm32f427xx.o(.text)
    OTG_HS_WKUP_IRQHandler                   0x080001db   Thumb Code     0  startup_stm32f427xx.o(.text)
    PVD_IRQHandler                           0x080001db   Thumb Code     0  startup_stm32f427xx.o(.text)
    RCC_IRQHandler                           0x080001db   Thumb Code     0  startup_stm32f427xx.o(.text)
    RTC_Alarm_IRQHandler                     0x080001db   Thumb Code     0  startup_stm32f427xx.o(.text)
    RTC_WKUP_IRQHandler                      0x080001db   Thumb Code     0  startup_stm32f427xx.o(.text)
    SAI1_IRQHandler                          0x080001db   Thumb Code     0  startup_stm32f427xx.o(.text)
    SDIO_IRQHandler                          0x080001db   Thumb Code     0  startup_stm32f427xx.o(.text)
    SPI1_IRQHandler                          0x080001db   Thumb Code     0  startup_stm32f427xx.o(.text)
    SPI2_IRQHandler                          0x080001db   Thumb Code     0  startup_stm32f427xx.o(.text)
    SPI3_IRQHandler                          0x080001db   Thumb Code     0  startup_stm32f427xx.o(.text)
    SPI4_IRQHandler                          0x080001db   Thumb Code     0  startup_stm32f427xx.o(.text)
    SPI5_IRQHandler                          0x080001db   Thumb Code     0  startup_stm32f427xx.o(.text)
    SPI6_IRQHandler                          0x080001db   Thumb Code     0  startup_stm32f427xx.o(.text)
    TAMP_STAMP_IRQHandler                    0x080001db   Thumb Code     0  startup_stm32f427xx.o(.text)
    TIM1_BRK_TIM9_IRQHandler                 0x080001db   Thumb Code     0  startup_stm32f427xx.o(.text)
    TIM1_CC_IRQHandler                       0x080001db   Thumb Code     0  startup_stm32f427xx.o(.text)
    TIM1_TRG_COM_TIM11_IRQHandler            0x080001db   Thumb Code     0  startup_stm32f427xx.o(.text)
    TIM1_UP_TIM10_IRQHandler                 0x080001db   Thumb Code     0  startup_stm32f427xx.o(.text)
    TIM3_IRQHandler                          0x080001db   Thumb Code     0  startup_stm32f427xx.o(.text)
    TIM4_IRQHandler                          0x080001db   Thumb Code     0  startup_stm32f427xx.o(.text)
    TIM5_IRQHandler                          0x080001db   Thumb Code     0  startup_stm32f427xx.o(.text)
    TIM7_IRQHandler                          0x080001db   Thumb Code     0  startup_stm32f427xx.o(.text)
    TIM8_BRK_TIM12_IRQHandler                0x080001db   Thumb Code     0  startup_stm32f427xx.o(.text)
    TIM8_CC_IRQHandler                       0x080001db   Thumb Code     0  startup_stm32f427xx.o(.text)
    TIM8_TRG_COM_TIM14_IRQHandler            0x080001db   Thumb Code     0  startup_stm32f427xx.o(.text)
    TIM8_UP_TIM13_IRQHandler                 0x080001db   Thumb Code     0  startup_stm32f427xx.o(.text)
    UART4_IRQHandler                         0x080001db   Thumb Code     0  startup_stm32f427xx.o(.text)
    UART5_IRQHandler                         0x080001db   Thumb Code     0  startup_stm32f427xx.o(.text)
    UART7_IRQHandler                         0x080001db   Thumb Code     0  startup_stm32f427xx.o(.text)
    UART8_IRQHandler                         0x080001db   Thumb Code     0  startup_stm32f427xx.o(.text)
    WWDG_IRQHandler                          0x080001db   Thumb Code     0  startup_stm32f427xx.o(.text)
    __aeabi_memcpy                           0x080001e5   Thumb Code    36  memcpya.o(.text)
    __aeabi_memcpy4                          0x080001e5   Thumb Code     0  memcpya.o(.text)
    __aeabi_memcpy8                          0x080001e5   Thumb Code     0  memcpya.o(.text)
    __aeabi_memset                           0x08000209   Thumb Code    14  memseta.o(.text)
    __aeabi_memset4                          0x08000209   Thumb Code     0  memseta.o(.text)
    __aeabi_memset8                          0x08000209   Thumb Code     0  memseta.o(.text)
    __aeabi_memclr                           0x08000217   Thumb Code     4  memseta.o(.text)
    __aeabi_memclr4                          0x08000217   Thumb Code     0  memseta.o(.text)
    __aeabi_memclr8                          0x08000217   Thumb Code     0  memseta.o(.text)
    _memset$wrapper                          0x0800021b   Thumb Code    18  memseta.o(.text)
    __scatterload                            0x0800022d   Thumb Code    28  init.o(.text)
    __scatterload_rt2                        0x0800022d   Thumb Code     0  init.o(.text)
    __decompress                             0x08000251   Thumb Code     0  __dczerorl2.o(.text)
    __decompress1                            0x08000251   Thumb Code    86  __dczerorl2.o(.text)
    Act_Init                                 0x080002a9   Thumb Code    48  act.o(i.Act_Init)
    App_Init                                 0x080002e1   Thumb Code    42  app.o(i.App_Init)
    Bsp_Config                               0x0800030d   Thumb Code    68  bsp.o(i.Bsp_Config)
    BtmRxCallback                            0x08000355   Thumb Code     4  com_srv.o(i.BtmRxCallback)
    Btm_Config                               0x08000359   Thumb Code    94  btm.o(i.Btm_Config)
    Btm_Proc                                 0x080003c9   Thumb Code     6  com.o(i.Btm_Proc)
    Btm_ReadByte                             0x080003d1   Thumb Code    60  btm.o(i.Btm_ReadByte)
    Btm_WriteByte                            0x08000415   Thumb Code    50  btm.o(i.Btm_WriteByte)
    Btn_Config                               0x08000451   Thumb Code     6  btn.o(i.Btn_Config)
    BusFault_Handler                         0x0800045d   Thumb Code     2  stm32f4xx_it.o(i.BusFault_Handler)
    CAN1_RX0_IRQHandler                      0x08000461   Thumb Code    58  can1.o(i.CAN1_RX0_IRQHandler)
    CAN1_TX_IRQHandler                       0x080004a5   Thumb Code    30  can1.o(i.CAN1_TX_IRQHandler)
    CAN2_RX0_IRQHandler                      0x080004c9   Thumb Code    58  can2.o(i.CAN2_RX0_IRQHandler)
    CAN2_TX_IRQHandler                       0x0800050d   Thumb Code    30  can2.o(i.CAN2_TX_IRQHandler)
    CAN_ClearFlag                            0x08000531   Thumb Code    44  stm32f4xx_can.o(i.CAN_ClearFlag)
    CAN_ClearITPendingBit                    0x08000561   Thumb Code   116  stm32f4xx_can.o(i.CAN_ClearITPendingBit)
    CAN_Config                               0x080005d9   Thumb Code    98  stm32util.o(i.CAN_Config)
    CAN_FilterInit                           0x08000645   Thumb Code   194  stm32f4xx_can.o(i.CAN_FilterInit)
    CAN_Filter_Config                        0x08000711   Thumb Code    54  stm32util.o(i.CAN_Filter_Config)
    CAN_GetITStatus                          0x08000749   Thumb Code   162  stm32f4xx_can.o(i.CAN_GetITStatus)
    CAN_ITConfig                             0x080007f1   Thumb Code    16  stm32f4xx_can.o(i.CAN_ITConfig)
    CAN_Init                                 0x08000801   Thumb Code   232  stm32f4xx_can.o(i.CAN_Init)
    CAN_Receive                              0x080008e9   Thumb Code   144  stm32f4xx_can.o(i.CAN_Receive)
    CAN_Transmit                             0x08000979   Thumb Code   164  stm32f4xx_can.o(i.CAN_Transmit)
    CBUS_Init                                0x08000a1d   Thumb Code    12  cbus.o(i.CBUS_Init)
    CM_Cmd                                   0x08000a29   Thumb Code    78  motor.o(i.CM_Cmd)
    CRC16Append                              0x08000a77   Thumb Code    34  crc16.o(i.CRC16Append)
    CRC16Calc                                0x08000a99   Thumb Code    44  crc16.o(i.CRC16Calc)
    CS_Set                                   0x08000ac9   Thumb Code     6  sys.o(i.CS_Set)
    Can1RxCallback                           0x08000acf   Thumb Code     4  can_srv.o(i.Can1RxCallback)
    Can1_Config                              0x08000ad5   Thumb Code   102  can1.o(i.Can1_Config)
    Can2RxCallback                           0x08000b45   Thumb Code     4  can_srv.o(i.Can2RxCallback)
    Can2_Config                              0x08000b49   Thumb Code   104  can2.o(i.Can2_Config)
    Can_Init                                 0x08000bb9   Thumb Code    44  can.o(i.Can_Init)
    Can_Proc                                 0x08000be9   Thumb Code   168  can.o(i.Can_Proc)
    Cfg_GetFlag                              0x08000c9d   Thumb Code     8  cfg.o(i.Cfg_GetFlag)
    Cfg_Init                                 0x08000ca9   Thumb Code   212  cfg.o(i.Cfg_Init)
    Cfg_Load                                 0x08000d85   Thumb Code     6  cfg.o(i.Cfg_Load)
    Clk_GetMsTick                            0x08000d99   Thumb Code     6  clk.o(i.Clk_GetMsTick)
    Clk_Init                                 0x08000da5   Thumb Code    16  clk.o(i.Clk_Init)
    Clk_Spin                                 0x08000db9   Thumb Code    50  clk.o(i.Clk_Spin)
    Cmd_Init                                 0x08000df1   Thumb Code    90  cmd.o(i.Cmd_Init)
    Com_Init                                 0x08000e55   Thumb Code    14  com.o(i.Com_Init)
    Ctl_Init                                 0x08000e65   Thumb Code   152  ctl.o(i.Ctl_Init)
    DBUS_Dec                                 0x08000f09   Thumb Code    24  dbus.o(i.DBUS_Dec)
    DBUS_Init                                0x08000f21   Thumb Code    20  dbus.o(i.DBUS_Init)
    DMA_Cmd                                  0x08000f35   Thumb Code    20  stm32f4xx_dma.o(i.DMA_Cmd)
    DMA_Config                               0x08000f49   Thumb Code   100  stm32util.o(i.DMA_Config)
    DMA_DoubleBufferModeCmd                  0x08000fb5   Thumb Code    20  stm32f4xx_dma.o(i.DMA_DoubleBufferModeCmd)
    DMA_DoubleBufferModeConfig               0x08000fc9   Thumb Code    22  stm32f4xx_dma.o(i.DMA_DoubleBufferModeConfig)
    DMA_GetCurrDataCounter                   0x08000fdf   Thumb Code     6  stm32f4xx_dma.o(i.DMA_GetCurrDataCounter)
    DMA_GetCurrentMemoryTarget               0x08000fe5   Thumb Code    14  stm32f4xx_dma.o(i.DMA_GetCurrentMemoryTarget)
    DMA_Init                                 0x08000ff5   Thumb Code    80  stm32f4xx_dma.o(i.DMA_Init)
    DbiRxCallback                            0x08001049   Thumb Code     4  com_srv.o(i.DbiRxCallback)
    Dbi_Config                               0x0800104d   Thumb Code    94  dbi.o(i.Dbi_Config)
    Dbi_Proc                                 0x080010bd   Thumb Code     6  com.o(i.Dbi_Proc)
    Dbi_ReadByte                             0x080010c5   Thumb Code    60  dbi.o(i.Dbi_ReadByte)
    Dbi_WriteByte                            0x08001109   Thumb Code    50  dbi.o(i.Dbi_WriteByte)
    Dci_Init                                 0x08001145   Thumb Code    20  dci.o(i.Dci_Init)
    Dci_Proc                                 0x0800115d   Thumb Code    88  dci.o(i.Dci_Proc)
    DebugMon_Handler                         0x080011b5   Thumb Code     2  stm32f4xx_it.o(i.DebugMon_Handler)
    Dnl_Init                                 0x080011b9   Thumb Code    36  dnl.o(i.Dnl_Init)
    Ekf_Init                                 0x080011e1   Thumb Code     8  ekf.o(i.Ekf_Init)
    Ekf_Proc                                 0x080011e9   Thumb Code    74  ekf.o(i.Ekf_Proc)
    Ekf_Reset                                0x08001235   Thumb Code    22  ekf.o(i.Ekf_Reset)
    Ekf_SetE                                 0x08001251   Thumb Code     6  ekf.o(i.Ekf_SetE)
    FIFO_Flush                               0x08001257   Thumb Code    22  fifo.o(i.FIFO_Flush)
    FIFO_GetFree                             0x0800126d   Thumb Code     8  fifo.o(i.FIFO_GetFree)
    FIFO_Init                                0x08001275   Thumb Code     8  fifo.o(i.FIFO_Init)
    FIFO_IsEmpty                             0x0800127d   Thumb Code    12  fifo.o(i.FIFO_IsEmpty)
    FIFO_IsFull                              0x08001289   Thumb Code    16  fifo.o(i.FIFO_IsFull)
    FIFO_Pop                                 0x08001299   Thumb Code    52  fifo.o(i.FIFO_Pop)
    FIFO_Push                                0x080012cd   Thumb Code    58  fifo.o(i.FIFO_Push)
    FS_Clr                                   0x08001307   Thumb Code     4  sys.o(i.FS_Clr)
    Flag_Clr                                 0x0800130b   Thumb Code     8  fun.o(i.Flag_Clr)
    Flag_Get                                 0x08001313   Thumb Code     6  fun.o(i.Flag_Get)
    Flash_Read                               0x08001319   Thumb Code    22  flash.o(i.Flash_Read)
    Fos_Read                                 0x08001331   Thumb Code    10  fos.o(i.Fos_Read)
    GM_Cmd                                   0x08001341   Thumb Code    72  motor.o(i.GM_Cmd)
    GPIO_AF                                  0x08001389   Thumb Code    40  stm32util.o(i.GPIO_AF)
    GPIO_Config                              0x080013b1   Thumb Code   236  stm32util.o(i.GPIO_Config)
    GPIO_In                                  0x080014c9   Thumb Code    16  stm32util.o(i.GPIO_In)
    GPIO_Init                                0x080014d9   Thumb Code   162  stm32f4xx_gpio.o(i.GPIO_Init)
    GPIO_Out                                 0x0800157b   Thumb Code    18  stm32util.o(i.GPIO_Out)
    GPIO_PinAFConfig                         0x0800158d   Thumb Code    32  stm32f4xx_gpio.o(i.GPIO_PinAFConfig)
    GPIO_ResetBits                           0x080015ad   Thumb Code     4  stm32f4xx_gpio.o(i.GPIO_ResetBits)
    GPIO_SetBits                             0x080015b1   Thumb Code     4  stm32f4xx_gpio.o(i.GPIO_SetBits)
    GS_Set                                   0x080015b5   Thumb Code     6  sys.o(i.GS_Set)
    HardFault_Handler                        0x0800172d   Thumb Code     2  stm32f4xx_it.o(i.HardFault_Handler)
    Hcf_Init                                 0x08001731   Thumb Code    38  hcf.o(i.Hcf_Init)
    Hci_Init                                 0x08001759   Thumb Code    54  hci.o(i.Hci_Init)
    Hci_Proc                                 0x08001795   Thumb Code    58  hci.o(i.Hci_Proc)
    Hcp_Dec                                  0x080017e5   Thumb Code    30  hcp.o(i.Hcp_Dec)
    Hcp_Init                                 0x08001803   Thumb Code    28  hcp.o(i.Hcp_Init)
    Ini_GetFlag                              0x08001821   Thumb Code     6  ini.o(i.Ini_GetFlag)
    Ini_Init                                 0x0800182d   Thumb Code     8  ini.o(i.Ini_Init)
    Ios_Init                                 0x08001839   Thumb Code    18  ios.o(i.Ios_Init)
    Ios_ReadByte                             0x08001855   Thumb Code    54  ios.o(i.Ios_ReadByte)
    Ios_SetIn                                0x0800188d   Thumb Code    10  ios.o(i.Ios_SetIn)
    Ios_SetOut                               0x0800189d   Thumb Code    10  ios.o(i.Ios_SetOut)
    Ios_WriteByte                            0x080018ad   Thumb Code    24  ios.o(i.Ios_WriteByte)
    KOS_Boot                                 0x080018c5   Thumb Code    18  kos.o(i.KOS_Boot)
    Key_Config                               0x080018d9   Thumb Code    20  key.o(i.Key_Config)
    Led_Config                               0x080018f1   Thumb Code    40  led.o(i.Led_Config)
    MS_Set                                   0x08001921   Thumb Code     6  sys.o(i.MS_Set)
    Maf_Init                                 0x08001927   Thumb Code     8  maf.o(i.Maf_Init)
    Maf_Proc                                 0x0800192f   Thumb Code    66  maf.o(i.Maf_Proc)
    Maf_Reset                                0x08001971   Thumb Code    28  maf.o(i.Maf_Reset)
    Mec_Config                               0x08001991   Thumb Code    50  mec.o(i.Mec_Config)
    MemManage_Handler                        0x080019c3   Thumb Code     2  stm32f4xx_it.o(i.MemManage_Handler)
    Motor_Process                            0x080019c5   Thumb Code   314  can.o(i.Motor_Process)
    Motor_Reset                              0x08001b21   Thumb Code     6  can.o(i.Motor_Reset)
    Msg_Push                                 0x08001b27   Thumb Code    72  msg.o(i.Msg_Push)
    NMI_Handler                              0x08001b6f   Thumb Code     2  stm32f4xx_it.o(i.NMI_Handler)
    NVIC_Config                              0x08001b71   Thumb Code    28  stm32util.o(i.NVIC_Config)
    NVIC_Init                                0x08001b8d   Thumb Code    96  misc.o(i.NVIC_Init)
    NVIC_PriorityGroupConfig                 0x08001bf1   Thumb Code    10  misc.o(i.NVIC_PriorityGroupConfig)
    Odo_Init                                 0x08001c05   Thumb Code   190  odo.o(i.Odo_Init)
    PID_Config                               0x08001ccd   Thumb Code     6  pid.o(i.PID_Config)
    PID_Reset                                0x08001cf1   Thumb Code    14  pid.o(i.PID_Reset)
    PWM_Bind                                 0x08001d05   Thumb Code  5436  stm32util.o(i.PWM_Bind)
    PendSV_Handler                           0x08003249   Thumb Code     2  stm32f4xx_it.o(i.PendSV_Handler)
    Pwm_Config                               0x0800324d   Thumb Code    66  pwm.o(i.Pwm_Config)
    RCC_AHB1PeriphClockCmd                   0x08003299   Thumb Code    18  stm32f4xx_rcc.o(i.RCC_AHB1PeriphClockCmd)
    RCC_APB1PeriphClockCmd                   0x080032b1   Thumb Code    18  stm32f4xx_rcc.o(i.RCC_APB1PeriphClockCmd)
    RCC_APB2PeriphClockCmd                   0x080032c9   Thumb Code    18  stm32f4xx_rcc.o(i.RCC_APB2PeriphClockCmd)
    RCC_GetClocksFreq                        0x080032e1   Thumb Code   132  stm32f4xx_rcc.o(i.RCC_GetClocksFreq)
    Rcf_Init                                 0x08003375   Thumb Code    40  rcf.o(i.Rcf_Init)
    Rcf_Proc                                 0x0800339d   Thumb Code    64  rcf.o(i.Rcf_Proc)
    Rci_Init                                 0x080033dd   Thumb Code     6  rci.o(i.Rci_Init)
    Rci_LastSw                               0x080033e9   Thumb Code    12  rci.o(i.Rci_LastSw)
    Rci_Mode                                 0x080033f9   Thumb Code     8  rci.o(i.Rci_Mode)
    Rci_Proc                                 0x08003405   Thumb Code    56  rci.o(i.Rci_Proc)
    Rci_Sw                                   0x08003451   Thumb Code    12  rci.o(i.Rci_Sw)
    Rcp_Dec                                  0x08003461   Thumb Code    78  rcp.o(i.Rcp_Dec)
    Rcp_Init                                 0x080034b1   Thumb Code    38  rcp.o(i.Rcp_Init)
    RcvCallback                              0x080034d7   Thumb Code     4  rcv_srv.o(i.RcvCallback)
    Rcv_Config                               0x080034dd   Thumb Code   126  rcv.o(i.Rcv_Config)
    Rcv_Proc                                 0x08003571   Thumb Code    28  dci.o(i.Rcv_Proc)
    Rmp_Config                               0x08003591   Thumb Code     4  rmp.o(i.Rmp_Config)
    Rmp_Reset                                0x080035b5   Thumb Code     6  rmp.o(i.Rmp_Reset)
    SVC_Handler                              0x080035bb   Thumb Code     2  stm32f4xx_it.o(i.SVC_Handler)
    Sch_Proc                                 0x080035bd   Thumb Code    48  sch.o(i.Sch_Proc)
    SyncTimCallback                          0x080036c1   Thumb Code     4  tim_srv.o(i.SyncTimCallback)
    SyncTim_Config                           0x080036c5   Thumb Code    38  tim.o(i.SyncTim_Config)
    SyncTim_Start                            0x080036f1   Thumb Code    34  tim.o(i.SyncTim_Start)
    SystemInit                               0x08003719   Thumb Code    74  system_stm32f4xx.o(i.SystemInit)
    TIM2_IRQHandler                          0x08003775   Thumb Code    42  tim.o(i.TIM2_IRQHandler)
    TIM6_DAC_IRQHandler                      0x080037a1   Thumb Code    42  tim.o(i.TIM6_DAC_IRQHandler)
    TIM_ARRPreloadConfig                     0x080037d1   Thumb Code    20  stm32f4xx_tim.o(i.TIM_ARRPreloadConfig)
    TIM_ClearFlag                            0x080037e5   Thumb Code     6  stm32f4xx_tim.o(i.TIM_ClearFlag)
    TIM_ClearITPendingBit                    0x080037eb   Thumb Code     6  stm32f4xx_tim.o(i.TIM_ClearITPendingBit)
    TIM_Cmd                                  0x080037f1   Thumb Code    20  stm32f4xx_tim.o(i.TIM_Cmd)
    TIM_Config                               0x08003805   Thumb Code   276  stm32util.o(i.TIM_Config)
    TIM_GetITStatus                          0x08003949   Thumb Code    24  stm32f4xx_tim.o(i.TIM_GetITStatus)
    TIM_ITConfig                             0x08003961   Thumb Code    16  stm32f4xx_tim.o(i.TIM_ITConfig)
    TIM_OC1Init                              0x08003971   Thumb Code    88  stm32f4xx_tim.o(i.TIM_OC1Init)
    TIM_OC1PreloadConfig                     0x080039d1   Thumb Code    12  stm32f4xx_tim.o(i.TIM_OC1PreloadConfig)
    TIM_OC2Init                              0x080039dd   Thumb Code   120  stm32f4xx_tim.o(i.TIM_OC2Init)
    TIM_OC2PreloadConfig                     0x08003a5d   Thumb Code    20  stm32f4xx_tim.o(i.TIM_OC2PreloadConfig)
    TIM_OC3Init                              0x08003a71   Thumb Code   116  stm32f4xx_tim.o(i.TIM_OC3Init)
    TIM_OC3PreloadConfig                     0x08003aed   Thumb Code    12  stm32f4xx_tim.o(i.TIM_OC3PreloadConfig)
    TIM_OC4Init                              0x08003af9   Thumb Code    88  stm32f4xx_tim.o(i.TIM_OC4Init)
    TIM_OC4PreloadConfig                     0x08003b59   Thumb Code    20  stm32f4xx_tim.o(i.TIM_OC4PreloadConfig)
    TIM_OC_Config                            0x08003b6d   Thumb Code   130  stm32util.o(i.TIM_OC_Config)
    TIM_TimeBaseInit                         0x08003bf1   Thumb Code    96  stm32f4xx_tim.o(i.TIM_TimeBaseInit)
    Tfx_Config                               0x08003c6d   Thumb Code     6  tfx.o(i.Tfx_Config)
    Tfx_Init                                 0x08003c79   Thumb Code    10  tfx.o(i.Tfx_Init)
    TickTimCallback                          0x08003c89   Thumb Code     4  tim_srv.o(i.TickTimCallback)
    TickTim_Config                           0x08003c8d   Thumb Code    36  tim.o(i.TickTim_Config)
    TickTim_Start                            0x08003cb1   Thumb Code    34  tim.o(i.TickTim_Start)
    Tim_Config                               0x08003cd3   Thumb Code    14  tim.o(i.Tim_Config)
    Tim_Start                                0x08003ce1   Thumb Code    14  tim.o(i.Tim_Start)
    TtyRxCallback                            0x08003cef   Thumb Code     4  com_srv.o(i.TtyRxCallback)
    Tty_Config                               0x08003cf5   Thumb Code    94  tty.o(i.Tty_Config)
    Tty_Proc                                 0x08003d65   Thumb Code     6  com.o(i.Tty_Proc)
    Tty_ReadByte                             0x08003d6d   Thumb Code    60  tty.o(i.Tty_ReadByte)
    Tty_WriteByte                            0x08003db1   Thumb Code    50  tty.o(i.Tty_WriteByte)
    USART1_IRQHandler                        0x08003ded   Thumb Code   104  rcv.o(i.USART1_IRQHandler)
    USART2_IRQHandler                        0x08003e61   Thumb Code   142  btm.o(i.USART2_IRQHandler)
    USART3_IRQHandler                        0x08003ef9   Thumb Code   142  dbi.o(i.USART3_IRQHandler)
    USART6_IRQHandler                        0x08003f91   Thumb Code   142  tty.o(i.USART6_IRQHandler)
    USART_Bind                               0x08004029   Thumb Code  3544  stm32util.o(i.USART_Bind)
    USART_Cmd                                0x08004e09   Thumb Code    20  stm32f4xx_usart.o(i.USART_Cmd)
    USART_Config                             0x08004e1d   Thumb Code   366  stm32util.o(i.USART_Config)
    USART_DMACmd                             0x08004fad   Thumb Code    16  stm32f4xx_usart.o(i.USART_DMACmd)
    USART_GetITStatus                        0x08004fbd   Thumb Code    62  stm32f4xx_usart.o(i.USART_GetITStatus)
    USART_ITConfig                           0x08004ffb   Thumb Code    48  stm32f4xx_usart.o(i.USART_ITConfig)
    USART_Init                               0x0800502d   Thumb Code   164  stm32f4xx_usart.o(i.USART_Init)
    USART_ReceiveData                        0x080050d9   Thumb Code     8  stm32f4xx_usart.o(i.USART_ReceiveData)
    USART_SendData                           0x080050e1   Thumb Code     8  stm32f4xx_usart.o(i.USART_SendData)
    Upd_Init                                 0x080050e9   Thumb Code    14  upd.o(i.Upd_Init)
    Upl_Init                                 0x080050f9   Thumb Code    14  upl.o(i.Upl_Init)
    Upl_Proc                                 0x0800510d   Thumb Code   206  upl.o(i.Upl_Proc)
    UsageFault_Handler                       0x08005311   Thumb Code     2  stm32f4xx_it.o(i.UsageFault_Handler)
    Wdg_Feed                                 0x08005315   Thumb Code    10  wdg.o(i.Wdg_Feed)
    Wdg_GetErr                               0x08005325   Thumb Code     6  wdg.o(i.Wdg_GetErr)
    Wdg_Init                                 0x08005331   Thumb Code    34  wdg.o(i.Wdg_Init)
    Wdg_IsErrSet                             0x0800535d   Thumb Code     8  wdg.o(i.Wdg_IsErrSet)
    Wsm_Init                                 0x08005369   Thumb Code    10  wsm.o(i.Wsm_Init)
    ZGyro_Process                            0x08005379   Thumb Code   126  can.o(i.ZGyro_Process)
    ZGyro_Reset                              0x08005405   Thumb Code     6  can.o(i.ZGyro_Reset)
    __scatterload_copy                       0x0800540b   Thumb Code    14  handlers.o(i.__scatterload_copy)
    __scatterload_null                       0x08005419   Thumb Code     2  handlers.o(i.__scatterload_null)
    __scatterload_zeroinit                   0x0800541b   Thumb Code    14  handlers.o(i.__scatterload_zeroinit)
    constrain                                0x08005429   Thumb Code    32  fun.o(i.constrain)
    main                                     0x08005449   Thumb Code    18  main.o(i.main)
    map                                      0x0800545b   Thumb Code    56  fun.o(i.map)
    msg_header_vdbus                         0x08005894   Data           4  msg.o(.constdata)
    msg_header_zgyro                         0x08005898   Data           4  msg.o(.constdata)
    msg_header_motor                         0x0800589c   Data           4  msg.o(.constdata)
    msg_header_odome                         0x080058a0   Data           4  msg.o(.constdata)
    msg_header_statu                         0x080058a4   Data           4  msg.o(.constdata)
    msg_header_calib                         0x080058a8   Data           4  msg.o(.constdata)
    Region$$Table$$Base                      0x080058ac   Number         0  anon$$obj.o(Region$$Table)
    Region$$Table$$Limit                     0x080058cc   Number         0  anon$$obj.o(Region$$Table)
    cfg_sync_flag                            0x20000008   Data           1  cfg.o(.data)
    cfg                                      0x2000000c   Data         148  cfg.o(.data)
    CM1SpeedRmp                              0x200000b4   Data           8  ctl.o(.data)
    CM2SpeedRmp                              0x200000bc   Data           8  ctl.o(.data)
    CM3SpeedRmp                              0x200000c4   Data           8  ctl.o(.data)
    CM4SpeedRmp                              0x200000cc   Data           8  ctl.o(.data)
    GMPSpeedRmp                              0x200000d4   Data           8  ctl.o(.data)
    _in                                      0x200000e0   Data           4  ios.o(.data)
    _out                                     0x200000e4   Data           4  ios.o(.data)
    zgyro                                    0x20000148   Data          44  can.o(.bss)
    motor                                    0x20000174   Data         648  can.o(.bss)
    cmd                                      0x200003fc   Data          48  cmd.o(.bss)
    ctl                                      0x2000042c   Data          28  ctl.o(.bss)
    CM1SpeedPID                              0x20000448   Data          40  ctl.o(.bss)
    CM2SpeedPID                              0x20000470   Data          40  ctl.o(.bss)
    CM3SpeedPID                              0x20000498   Data          40  ctl.o(.bss)
    CM4SpeedPID                              0x200004c0   Data          40  ctl.o(.bss)
    GMPSpeedPID                              0x200004e8   Data          40  ctl.o(.bss)
    dbus                                     0x20000510   Data          22  dci.o(.bss)
    vdbus                                    0x20000528   Data          22  dnl.o(.bss)
    vcbus                                    0x20000540   Data          16  dnl.o(.bss)
    calibMsg                                 0x20000550   Data          20  dnl.o(.bss)
    odo                                      0x20000830   Data         100  odo.o(.bss)
    mec                                      0x200008a4   Data          20  tfx.o(.bss)
    __initial_sp                             0x20001490   Data           0  startup_stm32f427xx.o(STACK)



==============================================================================

Memory Map of the image

  Image Entry point : 0x080001ad

  Load Region LR_IROM1 (Base: 0x08000000, Size: 0x00005a14, Max: 0x00200000, ABSOLUTE, COMPRESSED[0x00005930])

    Execution Region ER_IROM1 (Base: 0x08000000, Size: 0x000058cc, Max: 0x00200000, ABSOLUTE)

    Base Addr    Size         Type   Attr      Idx    E Section Name        Object

    0x08000000   0x000001ac   Data   RO         8588    RESET               startup_stm32f427xx.o
    0x080001ac   0x00000000   Code   RO         8631  * .ARM.Collect$$$$00000000  mc_w.l(entry.o)
    0x080001ac   0x00000004   Code   RO         8978    .ARM.Collect$$$$00000001  mc_w.l(entry2.o)
    0x080001b0   0x00000004   Code   RO         8981    .ARM.Collect$$$$00000004  mc_w.l(entry5.o)
    0x080001b4   0x00000000   Code   RO         8983    .ARM.Collect$$$$00000008  mc_w.l(entry7b.o)
    0x080001b4   0x00000000   Code   RO         8985    .ARM.Collect$$$$0000000A  mc_w.l(entry8b.o)
    0x080001b4   0x00000008   Code   RO         8986    .ARM.Collect$$$$0000000B  mc_w.l(entry9a.o)
    0x080001bc   0x00000000   Code   RO         8988    .ARM.Collect$$$$0000000D  mc_w.l(entry10a.o)
    0x080001bc   0x00000000   Code   RO         8990    .ARM.Collect$$$$0000000F  mc_w.l(entry11a.o)
    0x080001bc   0x00000004   Code   RO         8979    .ARM.Collect$$$$00002712  mc_w.l(entry2.o)
    0x080001c0   0x00000024   Code   RO         8589    .text               startup_stm32f427xx.o
    0x080001e4   0x00000024   Code   RO         8634    .text               mc_w.l(memcpya.o)
    0x08000208   0x00000024   Code   RO         8636    .text               mc_w.l(memseta.o)
    0x0800022c   0x00000024   Code   RO         9023    .text               mc_w.l(init.o)
    0x08000250   0x00000056   Code   RO         9039    .text               mc_w.l(__dczerorl2.o)
    0x080002a6   0x00000002   PAD
    0x080002a8   0x00000038   Code   RO          488    i.Act_Init          act.o
    0x080002e0   0x0000002a   Code   RO          518    i.App_Init          app.o
    0x0800030a   0x00000002   PAD
    0x0800030c   0x00000048   Code   RO         2676    i.Bsp_Config        bsp.o
    0x08000354   0x00000004   Code   RO         2573    i.BtmRxCallback     com_srv.o
    0x08000358   0x00000070   Code   RO         2700    i.Btm_Config        btm.o
    0x080003c8   0x00000006   Code   RO          812    i.Btm_Proc          com.o
    0x080003ce   0x00000002   PAD
    0x080003d0   0x00000044   Code   RO         2703    i.Btm_ReadByte      btm.o
    0x08000414   0x0000003c   Code   RO         2706    i.Btm_WriteByte     btm.o
    0x08000450   0x0000000c   Code   RO         2768    i.Btn_Config        btn.o
    0x0800045c   0x00000002   Code   RO          335    i.BusFault_Handler  stm32f4xx_it.o
    0x0800045e   0x00000002   PAD
    0x08000460   0x00000044   Code   RO         2792    i.CAN1_RX0_IRQHandler  can1.o
    0x080004a4   0x00000024   Code   RO         2793    i.CAN1_TX_IRQHandler  can1.o
    0x080004c8   0x00000044   Code   RO         2828    i.CAN2_RX0_IRQHandler  can2.o
    0x0800050c   0x00000024   Code   RO         2829    i.CAN2_TX_IRQHandler  can2.o
    0x08000530   0x00000030   Code   RO         3727    i.CAN_ClearFlag     stm32f4xx_can.o
    0x08000560   0x00000078   Code   RO         3728    i.CAN_ClearITPendingBit  stm32f4xx_can.o
    0x080005d8   0x0000006c   Code   RO         3036    i.CAN_Config        stm32util.o
    0x08000644   0x000000cc   Code   RO         3732    i.CAN_FilterInit    stm32f4xx_can.o
    0x08000710   0x00000036   Code   RO         3037    i.CAN_Filter_Config  stm32util.o
    0x08000746   0x00000002   PAD
    0x08000748   0x000000a8   Code   RO         3734    i.CAN_GetITStatus   stm32f4xx_can.o
    0x080007f0   0x00000010   Code   RO         3738    i.CAN_ITConfig      stm32f4xx_can.o
    0x08000800   0x000000e8   Code   RO         3739    i.CAN_Init          stm32f4xx_can.o
    0x080008e8   0x00000090   Code   RO         3742    i.CAN_Receive       stm32f4xx_can.o
    0x08000978   0x000000a4   Code   RO         3747    i.CAN_Transmit      stm32f4xx_can.o
    0x08000a1c   0x0000000c   Code   RO         1706    i.CBUS_Init         cbus.o
    0x08000a28   0x0000004e   Code   RO         3348    i.CM_Cmd            motor.o
    0x08000a76   0x00000022   Code   RO         1718    i.CRC16Append       crc16.o
    0x08000a98   0x00000030   Code   RO         1719    i.CRC16Calc         crc16.o
    0x08000ac8   0x00000006   Code   RO         1401    i.CS_Set            sys.o
    0x08000ace   0x00000004   Code   RO         2552    i.Can1RxCallback    can_srv.o
    0x08000ad2   0x00000002   PAD
    0x08000ad4   0x00000070   Code   RO         2794    i.Can1_Config       can1.o
    0x08000b44   0x00000004   Code   RO         2553    i.Can2RxCallback    can_srv.o
    0x08000b48   0x00000070   Code   RO         2830    i.Can2_Config       can2.o
    0x08000bb8   0x00000030   Code   RO          545    i.Can_Init          can.o
    0x08000be8   0x000000b4   Code   RO          546    i.Can_Proc          can.o
    0x08000c9c   0x0000000c   Code   RO          644    i.Cfg_GetFlag       cfg.o
    0x08000ca8   0x000000dc   Code   RO          646    i.Cfg_Init          cfg.o
    0x08000d84   0x00000006   Code   RO          648    i.Cfg_Load          cfg.o
    0x08000d8a   0x0000000c   Code   RO         3750    i.CheckITStatus     stm32f4xx_can.o
    0x08000d96   0x00000002   PAD
    0x08000d98   0x0000000c   Code   RO          735    i.Clk_GetMsTick     clk.o
    0x08000da4   0x00000014   Code   RO          738    i.Clk_Init          clk.o
    0x08000db8   0x00000038   Code   RO          739    i.Clk_Spin          clk.o
    0x08000df0   0x00000064   Code   RO          776    i.Cmd_Init          cmd.o
    0x08000e54   0x0000000e   Code   RO          813    i.Com_Init          com.o
    0x08000e62   0x00000002   PAD
    0x08000e64   0x000000a4   Code   RO          865    i.Ctl_Init          ctl.o
    0x08000f08   0x00000018   Code   RO         1762    i.DBUS_Dec          dbus.o
    0x08000f20   0x00000014   Code   RO         1764    i.DBUS_Init         dbus.o
    0x08000f34   0x00000014   Code   RO         4522    i.DMA_Cmd           stm32f4xx_dma.o
    0x08000f48   0x0000006c   Code   RO         3038    i.DMA_Config        stm32util.o
    0x08000fb4   0x00000014   Code   RO         4524    i.DMA_DoubleBufferModeCmd  stm32f4xx_dma.o
    0x08000fc8   0x00000016   Code   RO         4525    i.DMA_DoubleBufferModeConfig  stm32f4xx_dma.o
    0x08000fde   0x00000006   Code   RO         4528    i.DMA_GetCurrDataCounter  stm32f4xx_dma.o
    0x08000fe4   0x0000000e   Code   RO         4529    i.DMA_GetCurrentMemoryTarget  stm32f4xx_dma.o
    0x08000ff2   0x00000002   PAD
    0x08000ff4   0x00000054   Code   RO         4534    i.DMA_Init          stm32f4xx_dma.o
    0x08001048   0x00000004   Code   RO         2574    i.DbiRxCallback     com_srv.o
    0x0800104c   0x00000070   Code   RO         2864    i.Dbi_Config        dbi.o
    0x080010bc   0x00000006   Code   RO          815    i.Dbi_Proc          com.o
    0x080010c2   0x00000002   PAD
    0x080010c4   0x00000044   Code   RO         2867    i.Dbi_ReadByte      dbi.o
    0x08001108   0x0000003c   Code   RO         2870    i.Dbi_WriteByte     dbi.o
    0x08001144   0x00000018   Code   RO         1035    i.Dci_Init          dci.o
    0x0800115c   0x00000058   Code   RO         1036    i.Dci_Proc          dci.o
    0x080011b4   0x00000002   Code   RO          336    i.DebugMon_Handler  stm32f4xx_it.o
    0x080011b6   0x00000002   PAD
    0x080011b8   0x00000028   Code   RO         1077    i.Dnl_Init          dnl.o
    0x080011e0   0x00000008   Code   RO         1788    i.Ekf_Init          ekf.o
    0x080011e8   0x0000004a   Code   RO         1789    i.Ekf_Proc          ekf.o
    0x08001232   0x00000002   PAD
    0x08001234   0x0000001c   Code   RO         1790    i.Ekf_Reset         ekf.o
    0x08001250   0x00000006   Code   RO         1792    i.Ekf_SetE          ekf.o
    0x08001256   0x00000016   Code   RO         1887    i.FIFO_Flush        fifo.o
    0x0800126c   0x00000008   Code   RO         1888    i.FIFO_GetFree      fifo.o
    0x08001274   0x00000008   Code   RO         1891    i.FIFO_Init         fifo.o
    0x0800127c   0x0000000c   Code   RO         1892    i.FIFO_IsEmpty      fifo.o
    0x08001288   0x00000010   Code   RO         1893    i.FIFO_IsFull       fifo.o
    0x08001298   0x00000034   Code   RO         1895    i.FIFO_Pop          fifo.o
    0x080012cc   0x0000003a   Code   RO         1896    i.FIFO_Push         fifo.o
    0x08001306   0x00000004   Code   RO         1402    i.FS_Clr            sys.o
    0x0800130a   0x00000008   Code   RO         1963    i.Flag_Clr          fun.o
    0x08001312   0x00000006   Code   RO         1966    i.Flag_Get          fun.o
    0x08001318   0x00000016   Code   RO         3314    i.Flash_Read        flash.o
    0x0800132e   0x00000002   PAD
    0x08001330   0x00000010   Code   RO         1118    i.Fos_Read          fos.o
    0x08001340   0x00000048   Code   RO         3349    i.GM_Cmd            motor.o
    0x08001388   0x00000028   Code   RO         3042    i.GPIO_AF           stm32util.o
    0x080013b0   0x00000118   Code   RO         3043    i.GPIO_Config       stm32util.o
    0x080014c8   0x00000010   Code   RO         3044    i.GPIO_In           stm32util.o
    0x080014d8   0x000000a2   Code   RO         5394    i.GPIO_Init         stm32f4xx_gpio.o
    0x0800157a   0x00000012   Code   RO         3045    i.GPIO_Out          stm32util.o
    0x0800158c   0x00000020   Code   RO         5395    i.GPIO_PinAFConfig  stm32f4xx_gpio.o
    0x080015ac   0x00000004   Code   RO         5401    i.GPIO_ResetBits    stm32f4xx_gpio.o
    0x080015b0   0x00000004   Code   RO         5402    i.GPIO_SetBits      stm32f4xx_gpio.o
    0x080015b4   0x00000006   Code   RO         1408    i.GS_Set            sys.o
    0x080015ba   0x00000002   PAD
    0x080015bc   0x000000e0   Code   RO         1148    i.GetChassisVelocityRef  hci.o
    0x0800169c   0x00000090   Code   RO         1349    i.GetChassisVelocityRef  rci.o
    0x0800172c   0x00000002   Code   RO          337    i.HardFault_Handler  stm32f4xx_it.o
    0x0800172e   0x00000002   PAD
    0x08001730   0x00000026   Code   RO         2063    i.Hcf_Init          hcf.o
    0x08001756   0x00000002   PAD
    0x08001758   0x0000003c   Code   RO         1149    i.Hci_Init          hci.o
    0x08001794   0x00000050   Code   RO         1150    i.Hci_Proc          hci.o
    0x080017e4   0x0000001e   Code   RO         2081    i.Hcp_Dec           hcp.o
    0x08001802   0x0000001c   Code   RO         2083    i.Hcp_Init          hcp.o
    0x0800181e   0x00000002   PAD
    0x08001820   0x0000000c   Code   RO         1186    i.Ini_GetFlag       ini.o
    0x0800182c   0x0000000c   Code   RO         1187    i.Ini_Init          ini.o
    0x08001838   0x0000001c   Code   RO         1240    i.Ios_Init          ios.o
    0x08001854   0x00000036   Code   RO         1242    i.Ios_ReadByte      ios.o
    0x0800188a   0x00000002   PAD
    0x0800188c   0x00000010   Code   RO         1243    i.Ios_SetIn         ios.o
    0x0800189c   0x00000010   Code   RO         1244    i.Ios_SetOut        ios.o
    0x080018ac   0x00000018   Code   RO         1246    i.Ios_WriteByte     ios.o
    0x080018c4   0x00000012   Code   RO          404    i.KOS_Boot          kos.o
    0x080018d6   0x00000002   PAD
    0x080018d8   0x00000018   Code   RO         2932    i.Key_Config        key.o
    0x080018f0   0x00000030   Code   RO         2956    i.Led_Config        led.o
    0x08001920   0x00000006   Code   RO         1409    i.MS_Set            sys.o
    0x08001926   0x00000008   Code   RO         2287    i.Maf_Init          maf.o
    0x0800192e   0x00000042   Code   RO         2288    i.Maf_Proc          maf.o
    0x08001970   0x00000020   Code   RO         2289    i.Maf_Reset         maf.o
    0x08001990   0x00000032   Code   RO         2321    i.Mec_Config        mec.o
    0x080019c2   0x00000002   Code   RO          338    i.MemManage_Handler  stm32f4xx_it.o
    0x080019c4   0x0000015c   Code   RO          547    i.Motor_Process     can.o
    0x08001b20   0x00000006   Code   RO          549    i.Motor_Reset       can.o
    0x08001b26   0x00000048   Code   RO         2346    i.Msg_Push          msg.o
    0x08001b6e   0x00000002   Code   RO          339    i.NMI_Handler       stm32f4xx_it.o
    0x08001b70   0x0000001c   Code   RO         3046    i.NVIC_Config       stm32util.o
    0x08001b8c   0x00000064   Code   RO         3429    i.NVIC_Init         misc.o
    0x08001bf0   0x00000014   Code   RO         3430    i.NVIC_PriorityGroupConfig  misc.o
    0x08001c04   0x000000c8   Code   RO         1313    i.Odo_Init          odo.o
    0x08001ccc   0x00000006   Code   RO         2379    i.PID_Config        pid.o
    0x08001cd2   0x00000002   PAD
    0x08001cd4   0x0000001c   Code   RO          867    i.PID_Init          ctl.o
    0x08001cf0   0x00000014   Code   RO         2380    i.PID_Reset         pid.o
    0x08001d04   0x00001544   Code   RO         3047    i.PWM_Bind          stm32util.o
    0x08003248   0x00000002   Code   RO          340    i.PendSV_Handler    stm32f4xx_it.o
    0x0800324a   0x00000002   PAD
    0x0800324c   0x0000004c   Code   RO         2980    i.Pwm_Config        pwm.o
    0x08003298   0x00000018   Code   RO         6341    i.RCC_AHB1PeriphClockCmd  stm32f4xx_rcc.o
    0x080032b0   0x00000018   Code   RO         6350    i.RCC_APB1PeriphClockCmd  stm32f4xx_rcc.o
    0x080032c8   0x00000018   Code   RO         6353    i.RCC_APB2PeriphClockCmd  stm32f4xx_rcc.o
    0x080032e0   0x00000094   Code   RO         6362    i.RCC_GetClocksFreq  stm32f4xx_rcc.o
    0x08003374   0x00000028   Code   RO         2402    i.Rcf_Init          rcf.o
    0x0800339c   0x00000040   Code   RO         2403    i.Rcf_Proc          rcf.o
    0x080033dc   0x0000000c   Code   RO         1350    i.Rci_Init          rci.o
    0x080033e8   0x00000010   Code   RO         1351    i.Rci_LastSw        rci.o
    0x080033f8   0x0000000c   Code   RO         1352    i.Rci_Mode          rci.o
    0x08003404   0x0000004c   Code   RO         1353    i.Rci_Proc          rci.o
    0x08003450   0x00000010   Code   RO         1354    i.Rci_Sw            rci.o
    0x08003460   0x0000004e   Code   RO         2420    i.Rcp_Dec           rcp.o
    0x080034ae   0x00000002   PAD
    0x080034b0   0x00000026   Code   RO         2422    i.Rcp_Init          rcp.o
    0x080034d6   0x00000004   Code   RO         2609    i.RcvCallback       rcv_srv.o
    0x080034da   0x00000002   PAD
    0x080034dc   0x00000094   Code   RO         3004    i.Rcv_Config        rcv.o
    0x08003570   0x00000020   Code   RO         1037    i.Rcv_Proc          dci.o
    0x08003590   0x00000004   Code   RO         2445    i.Rmp_Config        rmp.o
    0x08003594   0x00000020   Code   RO          868    i.Rmp_Init          ctl.o
    0x080035b4   0x00000006   Code   RO         2447    i.Rmp_Reset         rmp.o
    0x080035ba   0x00000002   Code   RO          341    i.SVC_Handler       stm32f4xx_it.o
    0x080035bc   0x00000034   Code   RO          440    i.Sch_Proc          sch.o
    0x080035f0   0x000000d0   Code   RO         8548    i.SetSysClock       system_stm32f4xx.o
    0x080036c0   0x00000004   Code   RO         2652    i.SyncTimCallback   tim_srv.o
    0x080036c4   0x0000002c   Code   RO         3148    i.SyncTim_Config    tim.o
    0x080036f0   0x00000028   Code   RO         3149    i.SyncTim_Start     tim.o
    0x08003718   0x0000005c   Code   RO         8550    i.SystemInit        system_stm32f4xx.o
    0x08003774   0x0000002a   Code   RO         3151    i.TIM2_IRQHandler   tim.o
    0x0800379e   0x00000002   PAD
    0x080037a0   0x00000030   Code   RO         3152    i.TIM6_DAC_IRQHandler  tim.o
    0x080037d0   0x00000014   Code   RO         7738    i.TIM_ARRPreloadConfig  stm32f4xx_tim.o
    0x080037e4   0x00000006   Code   RO         7744    i.TIM_ClearFlag     stm32f4xx_tim.o
    0x080037ea   0x00000006   Code   RO         7745    i.TIM_ClearITPendingBit  stm32f4xx_tim.o
    0x080037f0   0x00000014   Code   RO         7750    i.TIM_Cmd           stm32f4xx_tim.o
    0x08003804   0x00000144   Code   RO         3048    i.TIM_Config        stm32util.o
    0x08003948   0x00000018   Code   RO         7771    i.TIM_GetITStatus   stm32f4xx_tim.o
    0x08003960   0x00000010   Code   RO         7775    i.TIM_ITConfig      stm32f4xx_tim.o
    0x08003970   0x00000060   Code   RO         7779    i.TIM_OC1Init       stm32f4xx_tim.o
    0x080039d0   0x0000000c   Code   RO         7782    i.TIM_OC1PreloadConfig  stm32f4xx_tim.o
    0x080039dc   0x00000080   Code   RO         7784    i.TIM_OC2Init       stm32f4xx_tim.o
    0x08003a5c   0x00000014   Code   RO         7787    i.TIM_OC2PreloadConfig  stm32f4xx_tim.o
    0x08003a70   0x0000007c   Code   RO         7789    i.TIM_OC3Init       stm32f4xx_tim.o
    0x08003aec   0x0000000c   Code   RO         7792    i.TIM_OC3PreloadConfig  stm32f4xx_tim.o
    0x08003af8   0x00000060   Code   RO         7794    i.TIM_OC4Init       stm32f4xx_tim.o
    0x08003b58   0x00000014   Code   RO         7796    i.TIM_OC4PreloadConfig  stm32f4xx_tim.o
    0x08003b6c   0x00000082   Code   RO         3049    i.TIM_OC_Config     stm32util.o
    0x08003bee   0x00000002   PAD
    0x08003bf0   0x0000007c   Code   RO         7822    i.TIM_TimeBaseInit  stm32f4xx_tim.o
    0x08003c6c   0x0000000c   Code   RO         1464    i.Tfx_Config        tfx.o
    0x08003c78   0x00000010   Code   RO         1466    i.Tfx_Init          tfx.o
    0x08003c88   0x00000004   Code   RO         2653    i.TickTimCallback   tim_srv.o
    0x08003c8c   0x00000024   Code   RO         3153    i.TickTim_Config    tim.o
    0x08003cb0   0x00000022   Code   RO         3154    i.TickTim_Start     tim.o
    0x08003cd2   0x0000000e   Code   RO         3156    i.Tim_Config        tim.o
    0x08003ce0   0x0000000e   Code   RO         3157    i.Tim_Start         tim.o
    0x08003cee   0x00000004   Code   RO         2575    i.TtyRxCallback     com_srv.o
    0x08003cf2   0x00000002   PAD
    0x08003cf4   0x00000070   Code   RO         3227    i.Tty_Config        tty.o
    0x08003d64   0x00000006   Code   RO          816    i.Tty_Proc          com.o
    0x08003d6a   0x00000002   PAD
    0x08003d6c   0x00000044   Code   RO         3230    i.Tty_ReadByte      tty.o
    0x08003db0   0x0000003c   Code   RO         3233    i.Tty_WriteByte     tty.o
    0x08003dec   0x00000074   Code   RO         3005    i.USART1_IRQHandler  rcv.o
    0x08003e60   0x00000098   Code   RO         2707    i.USART2_IRQHandler  btm.o
    0x08003ef8   0x00000098   Code   RO         2871    i.USART3_IRQHandler  dbi.o
    0x08003f90   0x00000098   Code   RO         3234    i.USART6_IRQHandler  tty.o
    0x08004028   0x00000de0   Code   RO         3050    i.USART_Bind        stm32util.o
    0x08004e08   0x00000014   Code   RO         8291    i.USART_Cmd         stm32f4xx_usart.o
    0x08004e1c   0x00000190   Code   RO         3051    i.USART_Config      stm32util.o
    0x08004fac   0x00000010   Code   RO         8292    i.USART_DMACmd      stm32f4xx_usart.o
    0x08004fbc   0x0000003e   Code   RO         8295    i.USART_GetITStatus  stm32f4xx_usart.o
    0x08004ffa   0x00000030   Code   RO         8297    i.USART_ITConfig    stm32f4xx_usart.o
    0x0800502a   0x00000002   PAD
    0x0800502c   0x000000ac   Code   RO         8298    i.USART_Init        stm32f4xx_usart.o
    0x080050d8   0x00000008   Code   RO         8305    i.USART_ReceiveData  stm32f4xx_usart.o
    0x080050e0   0x00000008   Code   RO         8308    i.USART_SendData    stm32f4xx_usart.o
    0x080050e8   0x0000000e   Code   RO         1512    i.Upd_Init          upd.o
    0x080050f6   0x00000002   PAD
    0x080050f8   0x00000014   Code   RO         1542    i.Upl_Init          upl.o
    0x0800510c   0x000000f4   Code   RO         1543    i.Upl_Proc          upl.o
    0x08005200   0x0000007c   Code   RO         1544    i.Upl_PushCalibMsg  upl.o
    0x0800527c   0x00000094   Code   RO         1545    i.Upl_PushOdomeMsg  upl.o
    0x08005310   0x00000002   Code   RO          342    i.UsageFault_Handler  stm32f4xx_it.o
    0x08005312   0x00000002   PAD
    0x08005314   0x00000010   Code   RO         1582    i.Wdg_Feed          wdg.o
    0x08005324   0x0000000c   Code   RO         1583    i.Wdg_GetErr        wdg.o
    0x08005330   0x0000002c   Code   RO         1585    i.Wdg_Init          wdg.o
    0x0800535c   0x0000000c   Code   RO         1586    i.Wdg_IsErrSet      wdg.o
    0x08005368   0x00000010   Code   RO         1638    i.Wsm_Init          wsm.o
    0x08005378   0x0000008c   Code   RO          550    i.ZGyro_Process     can.o
    0x08005404   0x00000006   Code   RO          552    i.ZGyro_Reset       can.o
    0x0800540a   0x0000000e   Code   RO         9033    i.__scatterload_copy  mc_w.l(handlers.o)
    0x08005418   0x00000002   Code   RO         9034    i.__scatterload_null  mc_w.l(handlers.o)
    0x0800541a   0x0000000e   Code   RO         9035    i.__scatterload_zeroinit  mc_w.l(handlers.o)
    0x08005428   0x00000020   Code   RO         1969    i.constrain         fun.o
    0x08005448   0x00000012   Code   RO            4    i.main              main.o
    0x0800545a   0x00000038   Code   RO         1970    i.map               fun.o
    0x08005492   0x00000002   PAD
    0x08005494   0x000001bc   Data   RO          655    .constdata          cfg.o
    0x08005650   0x00000044   Data   RO         1589    .constdata          wdg.o
    0x08005694   0x00000200   Data   RO         1721    .constdata          crc16.o
    0x08005894   0x00000004   Data   RO         2349    .constdata          msg.o
    0x08005898   0x00000004   Data   RO         2351    .constdata          msg.o
    0x0800589c   0x00000004   Data   RO         2352    .constdata          msg.o
    0x080058a0   0x00000004   Data   RO         2353    .constdata          msg.o
    0x080058a4   0x00000004   Data   RO         2355    .constdata          msg.o
    0x080058a8   0x00000004   Data   RO         2356    .constdata          msg.o
    0x080058ac   0x00000020   Data   RO         9031    Region$$Table       anon$$obj.o


    Execution Region RW_IRAM1 (Base: 0x20000000, Size: 0x00001490, Max: 0x00030000, ABSOLUTE, COMPRESSED[0x00000064])

    Base Addr    Size         Type   Attr      Idx    E Section Name        Object

    0x20000000   0x00000008   Data   RW          443    .data               sch.o
    0x20000008   0x00000098   Data   RW          656    .data               cfg.o
    0x200000a0   0x00000014   Data   RW          740    .data               clk.o
    0x200000b4   0x00000028   Data   RW          870    .data               ctl.o
    0x200000dc   0x00000004   Data   RW         1191    .data               ini.o
    0x200000e0   0x00000008   Data   RW         1249    .data               ios.o
    0x200000e8   0x00000001   Data   RW         1547    .data               upl.o
    0x200000e9   0x00000003   PAD
    0x200000ec   0x00000048   Data   RW         1590    .data               wdg.o
    0x20000134   0x00000002   Data   RW         1640    .data               wsm.o
    0x20000136   0x00000010   Data   RW         6394    .data               stm32f4xx_rcc.o
    0x20000146   0x00000002   PAD
    0x20000148   0x000002b4   Zero   RW          553    .bss                can.o
    0x200003fc   0x00000030   Zero   RW          778    .bss                cmd.o
    0x2000042c   0x000000e4   Zero   RW          869    .bss                ctl.o
    0x20000510   0x00000016   Zero   RW         1038    .bss                dci.o
    0x20000526   0x00000002   PAD
    0x20000528   0x00000250   Zero   RW         1080    .bss                dnl.o
    0x20000778   0x000000b8   Zero   RW         1151    .bss                hci.o
    0x20000830   0x00000064   Zero   RW         1315    .bss                odo.o
    0x20000894   0x00000010   Zero   RW         1355    .bss                rci.o
    0x200008a4   0x00000014   Zero   RW         1468    .bss                tfx.o
    0x200008b8   0x00000114   Zero   RW         1546    .bss                upl.o
    0x200009cc   0x00000228   Zero   RW         2708    .bss                btm.o
    0x20000bf4   0x00000228   Zero   RW         2872    .bss                dbi.o
    0x20000e1c   0x00000048   Zero   RW         3006    .bss                rcv.o
    0x20000e64   0x00000228   Zero   RW         3235    .bss                tty.o
    0x2000108c   0x00000004   PAD
    0x20001090   0x00000400   Zero   RW         8586    STACK               startup_stm32f427xx.o


==============================================================================

Image component sizes


      Code (inc. data)   RO Data    RW Data    ZI Data      Debug   Object Name

        56          8          0          0          0        463   act.o
        42          0          0          0          0        495   app.o
        72          4          0          0          0        517   bsp.o
       392         46          0          0        552       2832   btm.o
        12          6          0          0          0        429   btn.o
       728         64          0          0        692       5602   can.o
       216         26          0          0          0       1597   can1.o
       216         24          0          0          0       1605   can2.o
         8          0          0          0          0       1290   can_srv.o
        12          0          0          0          0        728   cbus.o
       238         12        444        152          0       4699   cfg.o
        88         16          0         20          0       1606   clk.o
       100         10          0          0         48       1101   cmd.o
        32          0          0          0          0       1772   com.o
        12          0          0          0          0       1428   com_srv.o
        82          4        512          0          0       1786   crc16.o
       224         22          0         40        228       2837   ctl.o
       392         46          0          0        552       2832   dbi.o
        44          0          0          0          0       1375   dbus.o
       144          8          0          0         22       2088   dci.o
        40          4          0          0        592       1246   dnl.o
       116          6          0          0          0       2377   ekf.o
       176          0          0          0          0       4336   fifo.o
        22          0          0          0          0       1021   flash.o
        16          6          0          0          0        747   fos.o
       102          0          0          0          0       2635   fun.o
        38          0          0          0          0        831   hcf.o
       364         52          0          0        184       2422   hci.o
        58          0          0          0          0       1301   hcp.o
        24         10          0          4          0       1053   ini.o
       138         22          0          8          0       3094   ios.o
        24          4          0          0          0        473   key.o
        18          0          0          0          0        475   kos.o
        48          8          0          0          0        485   led.o
       106          4          0          0          0       1874   maf.o
        18          0          0          0          0     341959   main.o
        50          0          0          0          0        925   mec.o
       120         14          0          0          0       1563   misc.o
       150          0          0          0          0       1658   motor.o
        72          0         24          0          0       6295   msg.o
       200         10          0          0        100       1165   odo.o
        26          6          0          0          0       1581   pid.o
        76         10          0          0          0        469   pwm.o
       104          0          0          0          0       1462   rcf.o
       276         54          0          0         16       3419   rci.o
       116          0          0          0          0       1309   rcp.o
       264         34          0          0         72       1581   rcv.o
         4          0          0          0          0        738   rcv_srv.o
        10          0          0          0          0       1233   rmp.o
        52          4          0          8          0       1203   sch.o
        36          8        428          0       1024        840   startup_stm32f427xx.o
      1108         24          0          0          0       7674   stm32f4xx_can.o
       166          4          0          0          0       4974   stm32f4xx_dma.o
       202          0          0          0          0       2975   stm32f4xx_gpio.o
        16          0          0          0          0       3644   stm32f4xx_it.o
       220         34          0         16          0       4871   stm32f4xx_rcc.o
       724         60          0          0          0      11340   stm32f4xx_tim.o
       334          8          0          0          0       5618   stm32f4xx_usart.o
     10502        292          0          0          0      18987   stm32util.o
        22          0          0          0          0       2484   sys.o
       300         36          0          0          0       1569   system_stm32f4xx.o
        28         12          0          0         20       1470   tfx.o
       272         18          0          0          0       4251   tim.o
         8          0          0          0          0        892   tim_srv.o
       392         46          0          0        552       2832   tty.o
        14          0          0          0          0        723   upd.o
       536         80          0          1        276       2942   upl.o
        84         26         68         72          0       2402   wdg.o
        16          6          0          2          0        631   wsm.o

    ----------------------------------------------------------------------
     20978       1198       1508        328       4936     509131   Object Totals
         0          0         32          0          0          0   (incl. Generated)
        60          0          0          5          6          0   (incl. Padding)

    ----------------------------------------------------------------------

      Code (inc. data)   RO Data    RW Data    ZI Data      Debug   Library Member Name

        86          0          0          0          0          0   __dczerorl2.o
         0          0          0          0          0          0   entry.o
         0          0          0          0          0          0   entry10a.o
         0          0          0          0          0          0   entry11a.o
         8          4          0          0          0          0   entry2.o
         4          0          0          0          0          0   entry5.o
         0          0          0          0          0          0   entry7b.o
         0          0          0          0          0          0   entry8b.o
         8          4          0          0          0          0   entry9a.o
        30          0          0          0          0          0   handlers.o
        36          8          0          0          0         68   init.o
        36          0          0          0          0         68   memcpya.o
        36          0          0          0          0        108   memseta.o

    ----------------------------------------------------------------------
       246         16          0          0          0        244   Library Totals
         2          0          0          0          0          0   (incl. Padding)

    ----------------------------------------------------------------------

      Code (inc. data)   RO Data    RW Data    ZI Data      Debug   Library Name

       244         16          0          0          0        244   mc_w.l

    ----------------------------------------------------------------------
       246         16          0          0          0        244   Library Totals

    ----------------------------------------------------------------------

==============================================================================


      Code (inc. data)   RO Data    RW Data    ZI Data      Debug   

     21224       1214       1508        328       4936     490007   Grand Totals
     21224       1214       1508        100       4936     490007   ELF Image Totals (compressed)
     21224       1214       1508        100          0          0   ROM Totals

==============================================================================

    Total RO  Size (Code + RO Data)                22732 (  22.20kB)
    Total RW  Size (RW Data + ZI Data)              5264 (   5.14kB)
    Total ROM Size (Code + RO Data + RW Data)      22832 (  22.30kB)

==============================================================================

