Component: ARM Compiler 5.06 update 4 (build 422) Tool: armlink [4d35d2]

==============================================================================

Section Cross References

    main.o(i.main) refers to kos.o(i.KOS_Boot) for KOS_Boot
    main.o(i.main) refers to bsp.o(i.Bsp_Config) for Bsp_Config
    main.o(i.main) refers to clk.o(i.Clk_GetMsTick) for Clk_GetMsTick
    main.o(i.main) refers to stm32f4xx_gpio.o(i.GPIO_ToggleBits) for GPIO_ToggleBits
    kos.o(i.KOS_Boot) refers to app.o(i.App_Init) for App_Init
    kos.o(i.KOS_Boot) refers to sch.o(i.Sch_Arrange) for Sch_Arrange
    kos.o(i.KOS_Boot) refers to bsp.o(i.Bsp_Config) for Bsp_Config
    kos.o(i.KOS_Boot) refers to tim.o(i.Tim_Start) for Tim_Start
    kos.o(i.KOS_Boot) refers to app.o(i.App_Proc) for App_Proc
    kos.o(i.KOS_Stop) refers to tim.o(i.Tim_Stop) for Tim_Stop
    act.o(i.Act_Init) refers to motor.o(i.CM_Cmd) for CM_Cmd
    act.o(i.Act_Init) refers to motor.o(i.GM_Cmd) for GM_Cmd
    act.o(i.Act_Proc) refers to sys.o(i.FS_Get) for FS_Get
    act.o(i.Act_Proc) refers to stm32f4xx_gpio.o(i.GPIO_ResetBits) for GPIO_ResetBits
    act.o(i.Act_Proc) refers to stm32f4xx_gpio.o(i.GPIO_SetBits) for GPIO_SetBits
    act.o(i.Act_Proc) refers to motor.o(i.CM_Cmd) for CM_Cmd
    act.o(i.Act_Proc) refers to ctl.o(.data) for functionalStateCtl
    act.o(i.Act_Proc) refers to ctl.o(.bss) for mecanumCurrentsCtl
    app.o(i.App_Init) refers to cfg.o(i.Cfg_Init) for Cfg_Init
    app.o(i.App_Init) refers to act.o(i.Act_Init) for Act_Init
    app.o(i.App_Init) refers to clk.o(i.Clk_Init) for Clk_Init
    app.o(i.App_Init) refers to cmd.o(i.Cmd_Init) for Cmd_Init
    app.o(i.App_Init) refers to com.o(i.Com_Init) for Com_Init
    app.o(i.App_Init) refers to ctl.o(i.Ctl_Init) for Ctl_Init
    app.o(i.App_Init) refers to ini.o(i.Ini_Init) for Ini_Init
    app.o(i.App_Init) refers to odo.o(i.Odo_Init) for Odo_Init
    app.o(i.App_Init) refers to sch.o(i.Sch_Init) for Sch_Init
    app.o(i.App_Init) refers to upd.o(i.Upd_Init) for Upd_Init
    app.o(i.App_Init) refers to wdg.o(i.Wdg_Init) for Wdg_Init
    app.o(i.App_Init) refers to wsm.o(i.WSM_Init) for WSM_Init
    app.o(i.App_Proc) refers to wdg.o(i.Wdg_Proc) for Wdg_Proc
    app.o(i.App_Proc) refers to ini.o(i.Ini_Proc) for Ini_Proc
    app.o(i.App_Proc) refers to wsm.o(i.WSM_Proc) for WSM_Proc
    app.o(i.App_Proc) refers to upd.o(i.Upd_Proc) for Upd_Proc
    can.o(i.Can_Init) refers to gdf.o(i.Gdf_Init) for Gdf_Init
    can.o(i.Can_Init) refers to ekf.o(i.Ekf_Init) for Ekf_Init
    can.o(i.Can_Init) refers to est.o(i.Est_Init) for Est_Init
    can.o(i.Can_Init) refers to can.o(i.Can_Reset) for Can_Reset
    can.o(i.Can_Init) refers to can.o(.bss) for .bss
    can.o(i.Can_Proc) refers to wdg.o(i.Wdg_Feed) for Wdg_Feed
    can.o(i.Can_Proc) refers to can.o(i.ZGyro_Proc) for ZGyro_Proc
    can.o(i.Can_Proc) refers to can.o(i.Motor_Proc) for Motor_Proc
    can.o(i.Can_Reset) refers to can.o(i.Motor_Reset) for Motor_Reset
    can.o(i.Can_Reset) refers to can.o(.bss) for .bss
    can.o(i.Motor_Proc) refers to est.o(i.Est_Proc) for Est_Proc
    can.o(i.Motor_Proc) refers to can.o(.bss) for .bss
    can.o(i.Motor_Reset) refers to est.o(i.Est_Reset) for Est_Reset
    can.o(i.Motor_Reset) refers to can.o(.bss) for .bss
    can.o(i.ZGyro_Proc) refers to can.o(.bss) for .bss
    can.o(i.ZGyro_Reset) refers to can.o(.bss) for .bss
    cfg.o(i.Cfg_GetFlag) refers to cfg.o(.data) for .data
    cfg.o(i.Cfg_Init) refers to cfg.o(i.Cfg_Load) for Cfg_Load
    cfg.o(i.Cfg_Init) refers to cfg.o(.data) for .data
    cfg.o(i.Cfg_Load) refers to fos.o(i.Fos_Read) for Fos_Read
    cfg.o(i.Cfg_Proc) refers to cfg.o(i.Cfg_GetFlag) for Cfg_GetFlag
    cfg.o(i.Cfg_Proc) refers to cfg.o(i.Cfg_Save) for Cfg_Save
    cfg.o(i.Cfg_Proc) refers to cfg.o(i.Cfg_SetFlag) for Cfg_SetFlag
    cfg.o(i.Cfg_Proc) refers to cfg.o(.data) for .data
    cfg.o(i.Cfg_Save) refers to fos.o(i.Fos_Write) for Fos_Write
    cfg.o(i.Cfg_SetFlag) refers to cfg.o(.data) for .data
    clk.o(i.Clk_GetMsTick) refers to clk.o(.data) for .data
    clk.o(i.Clk_GetUsTick) refers to clk.o(.data) for .data
    clk.o(i.Clk_Init) refers to clk.o(.data) for .data
    clk.o(i.Clk_Spin) refers to clk.o(.data) for .data
    cmd.o(i.Cmd_Init) refers to dci.o(i.DCI_Init) for DCI_Init
    cmd.o(i.Cmd_Init) refers to sys.o(i.FS_Clr) for FS_Clr
    cmd.o(i.Cmd_Init) refers to sys.o(i.CS_Set) for CS_Set
    cmd.o(i.Cmd_Init) refers to sys.o(i.MS_Set) for MS_Set
    cmd.o(i.Cmd_Init) refers to cmd.o(.data) for .data
    cmd.o(i.Cmd_Init) refers to cmd.o(.bss) for .bss
    cmd.o(i.Cmd_Proc) refers to dci.o(i.DCI_Proc) for DCI_Proc
    cmd.o(i.Cmd_Proc) refers to mec.o(i.Mec_Decomp) for Mec_Decomp
    cmd.o(i.Cmd_Proc) refers to cmd.o(.bss) for .bss
    cmd.o(i.Cmd_Proc) refers to cfg.o(.data) for cfg
    com.o(i.Btm_Proc) refers to wdg.o(i.Wdg_Feed) for Wdg_Feed
    com.o(i.Tty_Proc) refers to wdg.o(i.Wdg_Feed) for Wdg_Feed
[...]
    i.USART_ClearITPendingBit                0x080040cc   Section        0  stm32f4xx_usart.o(i.USART_ClearITPendingBit)
    i.USART_Cmd                              0x080040d8   Section        0  stm32f4xx_usart.o(i.USART_Cmd)
    i.USART_Config                           0x080040ec   Section        0  stm32util.o(i.USART_Config)
    i.USART_DMACmd                           0x0800427c   Section        0  stm32f4xx_usart.o(i.USART_DMACmd)
    i.USART_GetITStatus                      0x0800428c   Section        0  stm32f4xx_usart.o(i.USART_GetITStatus)
    i.USART_ITConfig                         0x080042ca   Section        0  stm32f4xx_usart.o(i.USART_ITConfig)
    i.USART_Init                             0x080042fc   Section        0  stm32f4xx_usart.o(i.USART_Init)
    i.USART_ReceiveData                      0x080043a8   Section        0  stm32f4xx_usart.o(i.USART_ReceiveData)
    i.USART_SendData                         0x080043b0   Section        0  stm32f4xx_usart.o(i.USART_SendData)
    i.Upd_Init                               0x080043b8   Section        0  upd.o(i.Upd_Init)
    i.Upd_Proc                               0x08004448   Section        0  upd.o(i.Upd_Proc)
    i.WSM_GetLastWorkingState                0x080044b4   Section        0  wsm.o(i.WSM_GetLastWorkingState)
    i.WSM_GetWorkingState                    0x080044c0   Section        0  wsm.o(i.WSM_GetWorkingState)
    i.WSM_Init                               0x080044cc   Section        0  wsm.o(i.WSM_Init)
    i.WSM_Proc                               0x080044dc   Section        0  wsm.o(i.WSM_Proc)
    i.Wdg_Feed                               0x08004568   Section        0  wdg.o(i.Wdg_Feed)
    i.Wdg_Init                               0x08004578   Section        0  wdg.o(i.Wdg_Init)
    i.Wdg_IsErrSet                           0x080045a4   Section        0  wdg.o(i.Wdg_IsErrSet)
    i.Wdg_Proc                               0x080045b8   Section        0  wdg.o(i.Wdg_Proc)
    i.ZGyro_Proc                             0x080045fc   Section        0  can.o(i.ZGyro_Proc)
    ZGyro_Proc                               0x080045fd   Thumb Code    92  can.o(i.ZGyro_Proc)
    i.main                                   0x08004664   Section        0  main.o(i.main)
    i.map                                    0x08004694   Section        0  fun.o(i.map)
    i.newSchTask                             0x080046ae   Section        0  sch.o(i.newSchTask)
    newSchTask                               0x080046af   Thumb Code    28  sch.o(i.newSchTask)
    x$fpl$fpinit                             0x080046ca   Section       10  fpinit.o(x$fpl$fpinit)
    $v0                                      0x080046ca   Number         0  fpinit.o(x$fpl$fpinit)
    .constdata                               0x080046d4   Section       44  wdg.o(.constdata)
    .data                                    0x20000000   Section      272  cfg.o(.data)
    .data                                    0x20000110   Section        8  clk.o(.data)
    us_tick                                  0x20000110   Data           4  clk.o(.data)
    ms_tick                                  0x20000114   Data           4  clk.o(.data)
    .data                                    0x20000118   Section        4  cmd.o(.data)
    .data                                    0x2000011c   Section       36  ctl.o(.data)
    .data                                    0x20000140   Section       16  hci.o(.data)
    lastRawMouseButtonStates                 0x20000144   Data           2  hci.o(.data)
    lastMouseButtonStates                    0x20000146   Data           2  hci.o(.data)
    mouseButtonPressedCounts                 0x20000148   Data           8  hci.o(.data)
    .data                                    0x20000150   Section        4  ini.o(.data)
    iniFlag                                  0x20000150   Data           4  ini.o(.data)
    .data                                    0x20000154   Section        4  odo.o(.data)
    .data                                    0x20000158   Section       16  rci.o(.data)
    lastRawSwitchStates                      0x2000015c   Data           2  rci.o(.data)
    lastSwitchStates                         0x2000015e   Data           2  rci.o(.data)
    switchConfirmCounts                      0x20000160   Data           8  rci.o(.data)
    .data                                    0x20000168   Section        4  sch.o(.data)
    list                                     0x20000168   Data           4  sch.o(.data)
    .data                                    0x2000016c   Section       48  wdg.o(.data)
    err                                      0x2000016c   Data           4  wdg.o(.data)
    .data                                    0x2000019c   Section        2  wsm.o(.data)
    workingState                             0x2000019c   Data           1  wsm.o(.data)
    lastWorkingState                         0x2000019d   Data           1  wsm.o(.data)
    .data                                    0x2000019e   Section       16  stm32f4xx_rcc.o(.data)
    APBAHBPrescTable                         0x2000019e   Data          16  stm32f4xx_rcc.o(.data)
    .bss                                     0x200001b0   Section     3092  can.o(.bss)
    buf                                      0x2000029c   Data        2400  can.o(.bss)
    gdf                                      0x20000bfc   Data         192  can.o(.bss)
    ekf                                      0x20000cbc   Data         144  can.o(.bss)
    est                                      0x20000d4c   Data         120  can.o(.bss)
    .bss                                     0x20000dc4   Section       28  cmd.o(.bss)
    .bss                                     0x20000de0   Section      176  ctl.o(.bss)
    .bss                                     0x20000e90   Section       40  dci.o(.bss)
    dbuf                                     0x20000e90   Data          18  dci.o(.bss)
    .bss                                     0x20000eb8   Section      168  hci.o(.bss)
    fx                                       0x20000eb8   Data          16  hci.o(.bss)
    fy                                       0x20000ec8   Data          16  hci.o(.bss)
    fz                                       0x20000ed8   Data          16  hci.o(.bss)
    buf                                      0x20000ee8   Data         120  hci.o(.bss)
    .bss                                     0x20000f60   Section       20  mec.o(.bss)
    mecanum                                  0x20000f60   Data          20  mec.o(.bss)
    .bss                                     0x20000f74   Section       72  odo.o(.bss)
    .bss                                     0x20000fbc   Section      552  btm.o(.bss)
    rx_fifo                                  0x20000fbc   Data          20  btm.o(.bss)
    tx_fifo                                  0x20000fd0   Data          20  btm.o(.bss)
    rx_buf                                   0x20000fe4   Data         256  btm.o(.bss)
    tx_buf                                   0x200010e4   Data         256  btm.o(.bss)
    .bss                                     0x200011e4   Section       72  rcv.o(.bss)
    buf                                      0x200011e4   Data          72  rcv.o(.bss)
    .bss                                     0x2000122c   Section      552  tty.o(.bss)
    rx_fifo                                  0x2000122c   Data          20  tty.o(.bss)
    tx_fifo                                  0x20001240   Data          20  tty.o(.bss)
    rx_buf                                   0x20001254   Data         256  tty.o(.bss)
    tx_buf                                   0x20001354   Data         256  tty.o(.bss)
    .bss                                     0x20001454   Section       96  libspace.o(.bss)
    HEAP                                     0x200014b8   Section     4096  startup_stm32f427xx.o(HEAP)
    Heap_Mem                                 0x200014b8   Data        4096  startup_stm32f427xx.o(HEAP)
    STACK                                    0x200024b8   Section     1024  startup_stm32f427xx.o(STACK)
    Stack_Mem                                0x200024b8   Data        1024  startup_stm32f427xx.o(STACK)
    __initial_sp                             0x200028b8   Data           0  startup_stm32f427xx.o(STACK)

    Global Symbols

    Symbol Name                              Value     Ov Type        Size  Object(Section)

    BuildAttributes$$THM_ISAv4$E$P$D$K$B$S$7EM$VFPi3$EXTD16$VFPS$VFMA$PE$A:L22UL41UL21$X:L11$S22US41US21$IEEE1$IW$USESV6$~STKCKD$USESV7$~SHL$OTIME$ROPI$IEEEX$EBA8$UX$STANDARDLIB$REQ8$PRES8$EABIv2 0x00000000   Number         0  anon$$obj.o ABSOLUTE
    __ARM_use_no_argv                        0x00000000   Number         0  main.o ABSOLUTE
    __ARM_exceptions_init                     - Undefined Weak Reference
    __alloca_initialize                       - Undefined Weak Reference
    __arm_preinit_                            - Undefined Weak Reference
    __cpp_initialize__aeabi_                  - Undefined Weak Reference
    __cxa_finalize                            - Undefined Weak Reference
    __rt_locale                               - Undefined Weak Reference
    __sigvec_lookup                           - Undefined Weak Reference
    __user_heap_extent                        - Undefined Weak Reference
    _atexit_init                              - Undefined Weak Reference
    _call_atexit_fns                          - Undefined Weak Reference
    _clock_init                               - Undefined Weak Reference
    _fp_trap_init                             - Undefined Weak Reference
    _fp_trap_shutdown                         - Undefined Weak Reference
    _get_lc_collate                           - Undefined Weak Reference
    _get_lc_ctype                             - Undefined Weak Reference
    _get_lc_monetary                          - Undefined Weak Reference
    _get_lc_numeric                           - Undefined Weak Reference
    _get_lc_time                              - Undefined Weak Reference
    _getenv_init                              - Undefined Weak Reference
    _handle_redirection                       - Undefined Weak Reference
    _initio                                   - Undefined Weak Reference
    _mutex_acquire                            - Undefined Weak Reference
    _mutex_free                               - Undefined Weak Reference
    _mutex_release                            - Undefined Weak Reference
    _rand_init                                - Undefined Weak Reference
    _signal_finish                            - Undefined Weak Reference
    _signal_init                              - Undefined Weak Reference
    _terminateio                              - Undefined Weak Reference
    __Vectors_Size                           0x000001ac   Number         0  startup_stm32f427xx.o ABSOLUTE
    __Vectors                                0x08000000   Data           4  startup_stm32f427xx.o(RESET)
    __Vectors_End                            0x080001ac   Data           0  startup_stm32f427xx.o(RESET)
    __main                                   0x080001ad   Thumb Code     8  __main.o(!!!main)
    __scatterload                            0x080001b5   Thumb Code     0  __scatter.o(!!!scatter)
    __scatterload_rt2                        0x080001b5   Thumb Code    44  __scatter.o(!!!scatter)
    __scatterload_rt2_thumb_only             0x080001b5   Thumb Code     0  __scatter.o(!!!scatter)
    __scatterload_null                       0x080001c3   Thumb Code     0  __scatter.o(!!!scatter)
    __decompress                             0x080001e9   Thumb Code    90  __dczerorl2.o(!!dczerorl2)
    __decompress1                            0x080001e9   Thumb Code     0  __dczerorl2.o(!!dczerorl2)
    __scatterload_zeroinit                   0x08000245   Thumb Code    28  __scatter_zi.o(!!handler_zi)
    __rt_lib_init                            0x08000261   Thumb Code     0  libinit.o(.ARM.Collect$$libinit$$00000000)
    __rt_lib_init_fp_1                       0x08000263   Thumb Code     0  libinit2.o(.ARM.Collect$$libinit$$00000001)
    __rt_lib_init_heap_2                     0x08000267   Thumb Code     0  libinit2.o(.ARM.Collect$$libinit$$00000005)
    __rt_lib_init_preinit_1                  0x08000267   Thumb Code     0  libinit2.o(.ARM.Collect$$libinit$$00000004)
    __rt_lib_init_alloca_1                   0x0800026f   Thumb Code     0  libinit2.o(.ARM.Collect$$libinit$$0000002E)
    __rt_lib_init_argv_1                     0x0800026f   Thumb Code     0  libinit2.o(.ARM.Collect$$libinit$$0000002C)
    __rt_lib_init_atexit_1                   0x0800026f   Thumb Code     0  libinit2.o(.ARM.Collect$$libinit$$0000001B)
    __rt_lib_init_clock_1                    0x0800026f   Thumb Code     0  libinit2.o(.ARM.Collect$$libinit$$00000021)
    __rt_lib_init_cpp_1                      0x0800026f   Thumb Code     0  libinit2.o(.ARM.Collect$$libinit$$00000032)
    __rt_lib_init_exceptions_1               0x0800026f   Thumb Code     0  libinit2.o(.ARM.Collect$$libinit$$00000030)
    __rt_lib_init_fp_trap_1                  0x0800026f   Thumb Code     0  libinit2.o(.ARM.Collect$$libinit$$0000001F)
    __rt_lib_init_getenv_1                   0x0800026f   Thumb Code     0  libinit2.o(.ARM.Collect$$libinit$$00000023)
    __rt_lib_init_heap_1                     0x0800026f   Thumb Code     0  libinit2.o(.ARM.Collect$$libinit$$0000000A)
    __rt_lib_init_lc_collate_1               0x0800026f   Thumb Code     0  libinit2.o(.ARM.Collect$$libinit$$00000011)
    __rt_lib_init_lc_ctype_1                 0x0800026f   Thumb Code     0  libinit2.o(.ARM.Collect$$libinit$$00000013)
    __rt_lib_init_lc_monetary_1              0x0800026f   Thumb Code     0  libinit2.o(.ARM.Collect$$libinit$$00000015)
    __rt_lib_init_lc_numeric_1               0x0800026f   Thumb Code     0  libinit2.o(.ARM.Collect$$libinit$$00000017)
    __rt_lib_init_lc_time_1                  0x0800026f   Thumb Code     0  libinit2.o(.ARM.Collect$$libinit$$00000019)
    __rt_lib_init_rand_1                     0x0800026f   Thumb Code     0  libinit2.o(.ARM.Collect$$libinit$$0000000E)
    __rt_lib_init_return                     0x0800026f   Thumb Code     0  libinit2.o(.ARM.Collect$$libinit$$00000033)
    __rt_lib_init_signal_1                   0x0800026f   Thumb Code     0  libinit2.o(.ARM.Collect$$libinit$$0000001D)
    __rt_lib_init_stdio_1                    0x0800026f   Thumb Code     0  libinit2.o(.ARM.Collect$$libinit$$00000025)
    __rt_lib_init_user_alloc_1               0x0800026f   Thumb Code     0  libinit2.o(.ARM.Collect$$libinit$$0000000C)
    __rt_lib_shutdown                        0x08000271   Thumb Code     0  libshutdown.o(.ARM.Collect$$libshutdown$$00000000)
    __rt_lib_shutdown_cpp_1                  0x08000273   Thumb Code     0  libshutdown2.o(.ARM.Collect$$libshutdown$$00000002)
    __rt_lib_shutdown_fp_trap_1              0x08000273   Thumb Code     0  libshutdown2.o(.ARM.Collect$$libshutdown$$00000007)
    __rt_lib_shutdown_heap_1                 0x08000273   Thumb Code     0  libshutdown2.o(.ARM.Collect$$libshutdown$$0000000F)
    __rt_lib_shutdown_return                 0x08000273   Thumb Code     0  libshutdown2.o(.ARM.Collect$$libshutdown$$00000010)
    __rt_lib_shutdown_signal_1               0x08000273   Thumb Code     0  libshutdown2.o(.ARM.Collect$$libshutdown$$0000000A)
    __rt_lib_shutdown_stdio_1                0x08000273   Thumb Code     0  libshutdown2.o(.ARM.Collect$$libshutdown$$00000004)
    __rt_lib_shutdown_user_alloc_1           0x08000273   Thumb Code     0  libshutdown2.o(.ARM.Collect$$libshutdown$$0000000C)
    __rt_entry                               0x08000275   Thumb Code     0  __rtentry.o(.ARM.Collect$$rtentry$$00000000)
    __rt_entry_presh_1                       0x08000275   Thumb Code     0  __rtentry2.o(.ARM.Collect$$rtentry$$00000002)
    __rt_entry_sh                            0x08000275   Thumb Code     0  __rtentry4.o(.ARM.Collect$$rtentry$$00000004)
    __rt_entry_li                            0x0800027b   Thumb Code     0  __rtentry2.o(.ARM.Collect$$rtentry$$0000000A)
    __rt_entry_postsh_1                      0x0800027b   Thumb Code     0  __rtentry2.o(.ARM.Collect$$rtentry$$00000009)
    __rt_entry_main                          0x0800027f   Thumb Code     0  __rtentry2.o(.ARM.Collect$$rtentry$$0000000D)
    __rt_entry_postli_1                      0x0800027f   Thumb Code     0  __rtentry2.o(.ARM.Collect$$rtentry$$0000000C)
    __rt_exit                                0x08000287   Thumb Code     0  rtexit.o(.ARM.Collect$$rtexit$$00000000)
    __rt_exit_ls                             0x08000289   Thumb Code     0  rtexit2.o(.ARM.Collect$$rtexit$$00000003)
    __rt_exit_prels_1                        0x08000289   Thumb Code     0  rtexit2.o(.ARM.Collect$$rtexit$$00000002)
    __rt_exit_exit                           0x0800028d   Thumb Code     0  rtexit2.o(.ARM.Collect$$rtexit$$00000004)
    Reset_Handler                            0x08000295   Thumb Code     8  startup_stm32f427xx.o(.text)
    _maybe_terminate_alloc                   0x08000295   Thumb Code     0  maybetermalloc1.o(.emb_text)
    NMI_Handler                              0x0800029d   Thumb Code     2  startup_stm32f427xx.o(.text)
    HardFault_Handler                        0x0800029f   Thumb Code     2  startup_stm32f427xx.o(.text)
    MemManage_Handler                        0x080002a1   Thumb Code     2  startup_stm32f427xx.o(.text)
    BusFault_Handler                         0x080002a3   Thumb Code     2  startup_stm32f427xx.o(.text)
    UsageFault_Handler                       0x080002a5   Thumb Code     2  startup_stm32f427xx.o(.text)
    SVC_Handler                              0x080002a7   Thumb Code     2  startup_stm32f427xx.o(.text)
    DebugMon_Handler                         0x080002a9   Thumb Code     2  startup_stm32f427xx.o(.text)
    PendSV_Handler                           0x080002ab   Thumb Code     2  startup_stm32f427xx.o(.text)
    SysTick_Handler                          0x080002ad   Thumb Code     2  startup_stm32f427xx.o(.text)
    ADC_IRQHandler                           0x080002af   Thumb Code     0  startup_stm32f427xx.o(.text)
    CAN1_RX1_IRQHandler                      0x080002af   Thumb Code     0  startup_stm32f427xx.o(.text)
    CAN1_SCE_IRQHandler                      0x080002af   Thumb Code     0  startup_stm32f427xx.o(.text)
    CAN2_RX1_IRQHandler                      0x080002af   Thumb Code     0  startup_stm32f427xx.o(.text)
    CAN2_SCE_IRQHandler                      0x080002af   Thumb Code     0  startup_stm32f427xx.o(.text)
    DCMI_IRQHandler                          0x080002af   Thumb Code     0  startup_stm32f427xx.o(.text)
    DMA1_Stream0_IRQHandler                  0x080002af   Thumb Code     0  startup_stm32f427xx.o(.text)
    DMA1_Stream1_IRQHandler                  0x080002af   Thumb Code     0  startup_stm32f427xx.o(.text)
    DMA1_Stream2_IRQHandler                  0x080002af   Thumb Code     0  startup_stm32f427xx.o(.text)
    DMA1_Stream3_IRQHandler                  0x080002af   Thumb Code     0  startup_stm32f427xx.o(.text)
    DMA1_Stream4_IRQHandler                  0x080002af   Thumb Code     0  startup_stm32f427xx.o(.text)
    DMA1_Stream5_IRQHandler                  0x080002af   Thumb Code     0  startup_stm32f427xx.o(.text)
    DMA1_Stream6_IRQHandler                  0x080002af   Thumb Code     0  startup_stm32f427xx.o(.text)
    DMA1_Stream7_IRQHandler                  0x080002af   Thumb Code     0  startup_stm32f427xx.o(.text)
    DMA2D_IRQHandler                         0x080002af   Thumb Code     0  startup_stm32f427xx.o(.text)
    DMA2_Stream0_IRQHandler                  0x080002af   Thumb Code     0  startup_stm32f427xx.o(.text)
    DMA2_Stream1_IRQHandler                  0x080002af   Thumb Code     0  startup_stm32f427xx.o(.text)
    DMA2_Stream2_IRQHandler                  0x080002af   Thumb Code     0  startup_stm32f427xx.o(.text)
    DMA2_Stream3_IRQHandler                  0x080002af   Thumb Code     0  startup_stm32f427xx.o(.text)
    DMA2_Stream4_IRQHandler                  0x080002af   Thumb Code     0  startup_stm32f427xx.o(.text)
    DMA2_Stream5_IRQHandler                  0x080002af   Thumb Code     0  startup_stm32f427xx.o(.text)
    DMA2_Stream6_IRQHandler                  0x080002af   Thumb Code     0  startup_stm32f427xx.o(.text)
    DMA2_Stream7_IRQHandler                  0x080002af   Thumb Code     0  startup_stm32f427xx.o(.text)
    ETH_IRQHandler                           0x080002af   Thumb Code     0  startup_stm32f427xx.o(.text)
    ETH_WKUP_IRQHandler                      0x080002af   Thumb Code     0  startup_stm32f427xx.o(.text)
    EXTI0_IRQHandler                         0x080002af   Thumb Code     0  startup_stm32f427xx.o(.text)
    EXTI1_IRQHandler                         0x080002af   Thumb Code     0  startup_stm32f427xx.o(.text)
    EXTI2_IRQHandler                         0x080002af   Thumb Code     0  startup_stm32f427xx.o(.text)
    EXTI3_IRQHandler                         0x080002af   Thumb Code     0  startup_stm32f427xx.o(.text)
    EXTI4_IRQHandler                         0x080002af   Thumb Code     0  startup_stm32f427xx.o(.text)
    EXTI9_5_IRQHandler                       0x080002af   Thumb Code     0  startup_stm32f427xx.o(.text)
    FLASH_IRQHandler                         0x080002af   Thumb Code     0  startup_stm32f427xx.o(.text)
    FMC_IRQHandler                           0x080002af   Thumb Code     0  startup_stm32f427xx.o(.text)
    FPU_IRQHandler                           0x080002af   Thumb Code     0  startup_stm32f427xx.o(.text)
    HASH_RNG_IRQHandler                      0x080002af   Thumb Code     0  startup_stm32f427xx.o(.text)
    I2C1_ER_IRQHandler                       0x080002af   Thumb Code     0  startup_stm32f427xx.o(.text)
    I2C1_EV_IRQHandler                       0x080002af   Thumb Code     0  startup_stm32f427xx.o(.text)
    I2C2_ER_IRQHandler                       0x080002af   Thumb Code     0  startup_stm32f427xx.o(.text)
    I2C2_EV_IRQHandler                       0x080002af   Thumb Code     0  startup_stm32f427xx.o(.text)
    I2C3_ER_IRQHandler                       0x080002af   Thumb Code     0  startup_stm32f427xx.o(.text)
    I2C3_EV_IRQHandler                       0x080002af   Thumb Code     0  startup_stm32f427xx.o(.text)
    OTG_FS_IRQHandler                        0x080002af   Thumb Code     0  startup_stm32f427xx.o(.text)
    OTG_FS_WKUP_IRQHandler                   0x080002af   Thumb Code     0  startup_stm32f427xx.o(.text)
    OTG_HS_EP1_IN_IRQHandler                 0x080002af   Thumb Code     0  startup_stm32f427xx.o(.text)
    OTG_HS_EP1_OUT_IRQHandler                0x080002af   Thumb Code     0  startup_stm32f427xx.o(.text)
    OTG_HS_IRQHandler                        0x080002af   Thumb Code     0  startup_stm32f427xx.o(.text)
    OTG_HS_WKUP_IRQHandler                   0x080002af   Thumb Code     0  startup_stm32f427xx.o(.text)
    PVD_IRQHandler                           0x080002af   Thumb Code     0  startup_stm32f427xx.o(.text)
    RCC_IRQHandler                           0x080002af   Thumb Code     0  startup_stm32f427xx.o(.text)
    RTC_Alarm_IRQHandler                     0x080002af   Thumb Code     0  startup_stm32f427xx.o(.text)
    RTC_WKUP_IRQHandler                      0x080002af   Thumb Code     0  startup_stm32f427xx.o(.text)
    SAI1_IRQHandler                          0x080002af   Thumb Code     0  startup_stm32f427xx.o(.text)
    SDIO_IRQHandler                          0x080002af   Thumb Code     0  startup_stm32f427xx.o(.text)
    SPI1_IRQHandler                          0x080002af   Thumb Code     0  startup_stm32f427xx.o(.text)
    SPI2_IRQHandler                          0x080002af   Thumb Code     0  startup_stm32f427xx.o(.text)
    SPI3_IRQHandler                          0x080002af   Thumb Code     0  startup_stm32f427xx.o(.text)
    SPI4_IRQHandler                          0x080002af   Thumb Code     0  startup_stm32f427xx.o(.text)
    SPI5_IRQHandler                          0x080002af   Thumb Code     0  startup_stm32f427xx.o(.text)
    SPI6_IRQHandler                          0x080002af   Thumb Code     0  startup_stm32f427xx.o(.text)
    TAMP_STAMP_IRQHandler                    0x080002af   Thumb Code     0  startup_stm32f427xx.o(.text)
    TIM1_BRK_TIM9_IRQHandler                 0x080002af   Thumb Code     0  startup_stm32f427xx.o(.text)
    TIM1_CC_IRQHandler                       0x080002af   Thumb Code     0  startup_stm32f427xx.o(.text)
    TIM1_TRG_COM_TIM11_IRQHandler            0x080002af   Thumb Code     0  startup_stm32f427xx.o(.text)
    TIM1_UP_TIM10_IRQHandler                 0x080002af   Thumb Code     0  startup_stm32f427xx.o(.text)
    TIM3_IRQHandler                          0x080002af   Thumb Code     0  startup_stm32f427xx.o(.text)
    TIM4_IRQHandler                          0x080002af   Thumb Code     0  startup_stm32f427xx.o(.text)
    TIM5_IRQHandler                          0x080002af   Thumb Code     0  startup_stm32f427xx.o(.text)
    TIM7_IRQHandler                          0x080002af   Thumb Code     0  startup_stm32f427xx.o(.text)
    TIM8_BRK_TIM12_IRQHandler                0x080002af   Thumb Code     0  startup_stm32f427xx.o(.text)
    TIM8_CC_IRQHandler                       0x080002af   Thumb Code     0  startup_stm32f427xx.o(.text)
    TIM8_TRG_COM_TIM14_IRQHandler            0x080002af   Thumb Code     0  startup_stm32f427xx.o(.text)
    TIM8_UP_TIM13_IRQHandler                 0x080002af   Thumb Code     0  startup_stm32f427xx.o(.text)
    UART4_IRQHandler                         0x080002af   Thumb Code     0  startup_stm32f427xx.o(.text)
    UART5_IRQHandler                         0x080002af   Thumb Code     0  startup_stm32f427xx.o(.text)
    UART7_IRQHandler                         0x080002af   Thumb Code     0  startup_stm32f427xx.o(.text)
    UART8_IRQHandler                         0x080002af   Thumb Code     0  startup_stm32f427xx.o(.text)
    USART3_IRQHandler                        0x080002af   Thumb Code     0  startup_stm32f427xx.o(.text)
    WWDG_IRQHandler                          0x080002af   Thumb Code     0  startup_stm32f427xx.o(.text)
    __user_initial_stackheap                 0x080002b1   Thumb Code     0  startup_stm32f427xx.o(.text)
    malloc                                   0x080002d5   Thumb Code    94  h1_alloc.o(.text)
    free                                     0x08000333   Thumb Code    78  h1_free.o(.text)
    strlen                                   0x08000381   Thumb Code    62  strlen.o(.text)
    __aeabi_memcpy                           0x080003bf   Thumb Code     0  rt_memcpy_v6.o(.text)
    __rt_memcpy                              0x080003bf   Thumb Code   138  rt_memcpy_v6.o(.text)
    _memcpy_lastbytes                        0x08000425   Thumb Code     0  rt_memcpy_v6.o(.text)
    __aeabi_memclr                           0x08000449   Thumb Code     0  rt_memclr.o(.text)
    __rt_memclr                              0x08000449   Thumb Code    68  rt_memclr.o(.text)
    _memset                                  0x0800044d   Thumb Code     0  rt_memclr.o(.text)
    __aeabi_memclr4                          0x0800048d   Thumb Code     0  rt_memclr_w.o(.text)
    __aeabi_memclr8                          0x0800048d   Thumb Code     0  rt_memclr_w.o(.text)
    __rt_memclr_w                            0x0800048d   Thumb Code    78  rt_memclr_w.o(.text)
    _memset_w                                0x08000491   Thumb Code     0  rt_memclr_w.o(.text)
    __use_two_region_memory                  0x080004db   Thumb Code     2  heapauxi.o(.text)
    __rt_heap_escrow                         0x080004dd   Thumb Code     2  heapauxi.o(.text)
    __rt_heap_expand                         0x080004df   Thumb Code     2  heapauxi.o(.text)
    __rt_heap_descriptor                     0x080004e1   Thumb Code     8  rt_heap_descriptor_intlibspace.o(.text)
    __use_no_heap                            0x080004e9   Thumb Code     2  hguard.o(.text)
    __heap$guard                             0x080004eb   Thumb Code     2  hguard.o(.text)
    _terminate_user_alloc                    0x080004ed   Thumb Code     2  init_alloc.o(.text)
    _init_user_alloc                         0x080004ef   Thumb Code     2  init_alloc.o(.text)
    __Heap_Full                              0x080004f1   Thumb Code    34  init_alloc.o(.text)
    __Heap_Broken                            0x08000513   Thumb Code     6  init_alloc.o(.text)
    _init_alloc                              0x08000519   Thumb Code    94  init_alloc.o(.text)
    __Heap_Initialize                        0x08000577   Thumb Code    10  h1_init.o(.text)
    __Heap_DescSize                          0x08000581   Thumb Code     4  h1_init.o(.text)
    __aeabi_memcpy4                          0x08000585   Thumb Code     0  rt_memcpy_w.o(.text)
    __aeabi_memcpy8                          0x08000585   Thumb Code     0  rt_memcpy_w.o(.text)
    __rt_memcpy_w                            0x08000585   Thumb Code   100  rt_memcpy_w.o(.text)
    _memcpy_lastbytes_aligned                0x080005cd   Thumb Code     0  rt_memcpy_w.o(.text)
    __user_libspace                          0x080005e9   Thumb Code     8  libspace.o(.text)
    __user_perproc_libspace                  0x080005e9   Thumb Code     0  libspace.o(.text)
    __user_perthread_libspace                0x080005e9   Thumb Code     0  libspace.o(.text)
    __Heap_ProvideMemory                     0x080005f1   Thumb Code    52  h1_extend.o(.text)
    __rt_SIGRTMEM                            0x08000625   Thumb Code    14  defsig_rtmem_outer.o(.text)
    __I$use$semihosting                      0x08000633   Thumb Code     0  use_no_semi.o(.text)
    __use_no_semihosting_swi                 0x08000633   Thumb Code     2  use_no_semi.o(.text)
    __semihosting_library_function           0x08000635   Thumb Code     0  indicate_semi.o(.text)
    __user_setup_stackheap                   0x08000635   Thumb Code    74  sys_stackheap_outer.o(.text)
    exit                                     0x0800067f   Thumb Code    18  exit.o(.text)
    __sig_exit                               0x08000691   Thumb Code    10  defsig_exit.o(.text)
    __rt_SIGRTMEM_inner                      0x0800069d   Thumb Code    22  defsig_rtmem_inner.o(.text)
    _sys_exit                                0x080006ed   Thumb Code     8  sys_exit.o(.text)
    __default_signal_display                 0x080006f9   Thumb Code    50  defsig_general.o(.text)
    _ttywrch                                 0x0800072b   Thumb Code    14  sys_wrch.o(.text)
    Act_Init                                 0x08000739   Thumb Code    34  act.o(i.Act_Init)
    Act_Proc                                 0x08000761   Thumb Code   126  act.o(i.Act_Proc)
    App_Init                                 0x080007f5   Thumb Code    54  app.o(i.App_Init)
    App_Proc                                 0x0800082b   Thumb Code    22  app.o(i.App_Proc)
    Bsp_Config                               0x08000841   Thumb Code    66  bsp.o(i.Bsp_Config)
    BtmRxCallback                            0x080008a1   Thumb Code     4  btm_srv.o(i.BtmRxCallback)
    Btm_Config                               0x080008a5   Thumb Code    94  btm.o(i.Btm_Config)
    Btm_Print                                0x08000915   Thumb Code    20  btm.o(i.Btm_Print)
    Btm_Proc                                 0x08000929   Thumb Code     6  com.o(i.Btm_Proc)
    Btm_Write                                0x0800092f   Thumb Code    26  btm.o(i.Btm_Write)
    Btm_WriteByte                            0x08000949   Thumb Code    36  btm.o(i.Btm_WriteByte)
    BtnCallback                              0x08000975   Thumb Code     2  ext_srv.o(i.BtnCallback)
    Btn_Config                               0x08000979   Thumb Code    24  btn.o(i.Btn_Config)
    CAN1_RX0_IRQHandler                      0x08000995   Thumb Code    58  can1.o(i.CAN1_RX0_IRQHandler)
    CAN1_TX_IRQHandler                       0x080009d9   Thumb Code    30  can1.o(i.CAN1_TX_IRQHandler)
    CAN2_RX0_IRQHandler                      0x080009fd   Thumb Code    58  can2.o(i.CAN2_RX0_IRQHandler)
    CAN2_TX_IRQHandler                       0x08000a41   Thumb Code    30  can2.o(i.CAN2_TX_IRQHandler)
    CAN_ClearFlag                            0x08000a65   Thumb Code    44  stm32f4xx_can.o(i.CAN_ClearFlag)
    CAN_ClearITPendingBit                    0x08000a95   Thumb Code   116  stm32f4xx_can.o(i.CAN_ClearITPendingBit)
    CAN_Config                               0x08000b0d   Thumb Code    98  stm32util.o(i.CAN_Config)
    CAN_FilterInit                           0x08000b79   Thumb Code   194  stm32f4xx_can.o(i.CAN_FilterInit)
    CAN_Filter_Config                        0x08000c45   Thumb Code    54  stm32util.o(i.CAN_Filter_Config)
    CAN_GetITStatus                          0x08000c7d   Thumb Code   162  stm32f4xx_can.o(i.CAN_GetITStatus)
    CAN_ITConfig                             0x08000d25   Thumb Code    16  stm32f4xx_can.o(i.CAN_ITConfig)
    CAN_Init                                 0x08000d35   Thumb Code   232  stm32f4xx_can.o(i.CAN_Init)
    CAN_Receive                              0x08000e1d   Thumb Code   144  stm32f4xx_can.o(i.CAN_Receive)
    CAN_Transmit                             0x08000ead   Thumb Code   164  stm32f4xx_can.o(i.CAN_Transmit)
    CM_Cmd                                   0x08000f51   Thumb Code    78  motor.o(i.CM_Cmd)
    CS_Set                                   0x08000f9f   Thumb Code     6  sys.o(i.CS_Set)
    Can1RxCallback                           0x08000fa5   Thumb Code     4  can_srv.o(i.Can1RxCallback)
    Can1_Config                              0x08000fa9   Thumb Code   102  can1.o(i.Can1_Config)
    Can2RxCallback                           0x08001019   Thumb Code     4  can_srv.o(i.Can2RxCallback)
    Can2_Config                              0x0800101d   Thumb Code   104  can2.o(i.Can2_Config)
    Can_Init                                 0x0800108d   Thumb Code   126  can.o(i.Can_Init)
    Can_Proc                                 0x08001119   Thumb Code   142  can.o(i.Can_Proc)
    Can_Reset                                0x080011a9   Thumb Code    48  can.o(i.Can_Reset)
    Cfg_GetFlag                              0x080011dd   Thumb Code     8  cfg.o(i.Cfg_GetFlag)
    Cfg_Init                                 0x080011e9   Thumb Code     6  cfg.o(i.Cfg_Init)
    Cfg_Load                                 0x080011f5   Thumb Code     8  cfg.o(i.Cfg_Load)
    Cfg_Proc                                 0x080011fd   Thumb Code    30  cfg.o(i.Cfg_Proc)
    Cfg_Save                                 0x08001221   Thumb Code     8  cfg.o(i.Cfg_Save)
    Cfg_SetFlag                              0x08001229   Thumb Code    10  cfg.o(i.Cfg_SetFlag)
    Clk_GetMsTick                            0x080012f5   Thumb Code     6  clk.o(i.Clk_GetMsTick)
    Clk_Init                                 0x08001301   Thumb Code    10  clk.o(i.Clk_Init)
    Clk_Spin                                 0x08001311   Thumb Code    32  clk.o(i.Clk_Spin)
    Cmd_Init                                 0x08001335   Thumb Code    72  cmd.o(i.Cmd_Init)
    Cmd_Proc                                 0x08001389   Thumb Code   148  cmd.o(i.Cmd_Proc)
    Com_Init                                 0x08001425   Thumb Code     2  com.o(i.Com_Init)
    Ctl_Init                                 0x08001429   Thumb Code   100  ctl.o(i.Ctl_Init)
    Ctl_Proc                                 0x08001499   Thumb Code    66  ctl.o(i.Ctl_Proc)
    DBUS_Dec                                 0x080014e5   Thumb Code    24  dbus.o(i.DBUS_Dec)
    DBUS_Rst                                 0x080014fd   Thumb Code    20  dbus.o(i.DBUS_Rst)
    DCI_Init                                 0x08001511   Thumb Code    20  dci.o(i.DCI_Init)
    DCI_Proc                                 0x08001529   Thumb Code    66  dci.o(i.DCI_Proc)
    DMA_Cmd                                  0x08001575   Thumb Code    20  stm32f4xx_dma.o(i.DMA_Cmd)
    DMA_Config                               0x08001589   Thumb Code   102  stm32util.o(i.DMA_Config)
    DMA_DoubleBufferModeCmd                  0x080015f9   Thumb Code    20  stm32f4xx_dma.o(i.DMA_DoubleBufferModeCmd)
    DMA_DoubleBufferModeConfig               0x0800160d   Thumb Code    22  stm32f4xx_dma.o(i.DMA_DoubleBufferModeConfig)
    DMA_GetCurrDataCounter                   0x08001623   Thumb Code     6  stm32f4xx_dma.o(i.DMA_GetCurrDataCounter)
    DMA_GetCurrentMemoryTarget               0x08001629   Thumb Code    14  stm32f4xx_dma.o(i.DMA_GetCurrentMemoryTarget)
    DMA_Init                                 0x08001639   Thumb Code    80  stm32f4xx_dma.o(i.DMA_Init)
    EXTI15_10_IRQHandler                     0x0800168d   Thumb Code    32  btn.o(i.EXTI15_10_IRQHandler)
    EXTI_Bind                                0x080016ad   Thumb Code   192  stm32util.o(i.EXTI_Bind)
    EXTI_ClearITPendingBit                   0x08001771   Thumb Code     6  stm32f4xx_exti.o(i.EXTI_ClearITPendingBit)
    EXTI_Config                              0x0800177d   Thumb Code    40  stm32util.o(i.EXTI_Config)
    EXTI_GetITStatus                         0x080017a5   Thumb Code    16  stm32f4xx_exti.o(i.EXTI_GetITStatus)
    EXTI_Init                                0x080017b9   Thumb Code   108  stm32f4xx_exti.o(i.EXTI_Init)
    Ekf_Init                                 0x08001829   Thumb Code     6  ekf.o(i.Ekf_Init)
    Ekf_Proc                                 0x0800182f   Thumb Code    74  ekf.o(i.Ekf_Proc)
    Ekf_Reset                                0x08001879   Thumb Code    22  ekf.o(i.Ekf_Reset)
    Ekf_SetD                                 0x08001895   Thumb Code     6  ekf.o(i.Ekf_SetD)
    Ekf_SetE                                 0x0800189b   Thumb Code     6  ekf.o(i.Ekf_SetE)
    Ekf_SetR                                 0x080018a1   Thumb Code     6  ekf.o(i.Ekf_SetR)
    Est_Init                                 0x080018a7   Thumb Code     8  est.o(i.Est_Init)
    Est_Proc                                 0x080018af   Thumb Code   124  est.o(i.Est_Proc)
    Est_Reset                                0x0800192d   Thumb Code    38  est.o(i.Est_Reset)
    FIFO_Flush                               0x0800195d   Thumb Code    22  fifo.o(i.FIFO_Flush)
    FIFO_Init                                0x08001973   Thumb Code     8  fifo.o(i.FIFO_Init)
    FIFO_IsEmpty                             0x0800197b   Thumb Code    12  fifo.o(i.FIFO_IsEmpty)
    FIFO_IsFull                              0x08001987   Thumb Code    16  fifo.o(i.FIFO_IsFull)
    FIFO_Pop                                 0x08001997   Thumb Code    52  fifo.o(i.FIFO_Pop)
    FIFO_Push                                0x080019cb   Thumb Code    58  fifo.o(i.FIFO_Push)
    FLASH_DataCacheCmd                       0x08001a05   Thumb Code    22  stm32f4xx_flash.o(i.FLASH_DataCacheCmd)
    FLASH_EraseSector                        0x08001a21   Thumb Code   104  stm32f4xx_flash.o(i.FLASH_EraseSector)
    FLASH_GetStatus                          0x08001a8d   Thumb Code    56  stm32f4xx_flash.o(i.FLASH_GetStatus)
    FLASH_Lock                               0x08001ac9   Thumb Code    12  stm32f4xx_flash.o(i.FLASH_Lock)
    FLASH_ProgramByte                        0x08001ad9   Thumb Code    52  stm32f4xx_flash.o(i.FLASH_ProgramByte)
    FLASH_Unlock                             0x08001b11   Thumb Code    22  stm32f4xx_flash.o(i.FLASH_Unlock)
    FLASH_WaitForLastOperation               0x08001b35   Thumb Code    30  stm32f4xx_flash.o(i.FLASH_WaitForLastOperation)
    FS_Clr                                   0x08001b53   Thumb Code     8  sys.o(i.FS_Clr)
    FS_Get                                   0x08001b5b   Thumb Code     6  sys.o(i.FS_Get)
    FS_Set                                   0x08001b61   Thumb Code     8  sys.o(i.FS_Set)
    Flash_Read                               0x08001c09   Thumb Code    22  flash.o(i.Flash_Read)
    Flash_Write                              0x08001c21   Thumb Code   122  flash.o(i.Flash_Write)
    Fos_Read                                 0x08001ca1   Thumb Code    10  fos.o(i.Fos_Read)
    Fos_Write                                0x08001cb1   Thumb Code    10  fos.o(i.Fos_Write)
    GM_Cmd                                   0x08001cc1   Thumb Code    72  motor.o(i.GM_Cmd)
    GPIO_AF                                  0x08001d09   Thumb Code    36  stm32util.o(i.GPIO_AF)
    GPIO_Config                              0x08001d2d   Thumb Code   236  stm32util.o(i.GPIO_Config)
    GPIO_In                                  0x08001e45   Thumb Code    16  stm32util.o(i.GPIO_In)
    GPIO_Init                                0x08001e55   Thumb Code   162  stm32f4xx_gpio.o(i.GPIO_Init)
    GPIO_Out                                 0x08001ef7   Thumb Code    18  stm32util.o(i.GPIO_Out)
    GPIO_PinAFConfig                         0x08001f09   Thumb Code    32  stm32f4xx_gpio.o(i.GPIO_PinAFConfig)
    GPIO_ReadOutputDataBit                   0x08001f29   Thumb Code    14  stm32f4xx_gpio.o(i.GPIO_ReadOutputDataBit)
    GPIO_ResetBits                           0x08001f37   Thumb Code     4  stm32f4xx_gpio.o(i.GPIO_ResetBits)
    GPIO_SetBits                             0x08001f3b   Thumb Code     4  stm32f4xx_gpio.o(i.GPIO_SetBits)
    GPIO_ToggleBits                          0x08001f3f   Thumb Code     8  stm32f4xx_gpio.o(i.GPIO_ToggleBits)
    Gdf_Init                                 0x08001f47   Thumb Code     8  gdf.o(i.Gdf_Init)
    Gdf_Proc                                 0x08001f4f   Thumb Code   122  gdf.o(i.Gdf_Proc)
    Gdf_Reset                                0x08001fc9   Thumb Code    48  gdf.o(i.Gdf_Reset)
    GetSwitchEvents                          0x080021a5   Thumb Code    30  rci.o(i.GetSwitchEvents)
    GetSwitchStates                          0x080021c9   Thumb Code    60  rci.o(i.GetSwitchStates)
    HCI_Init                                 0x08002209   Thumb Code    78  hci.o(i.HCI_Init)
    HCI_Proc                                 0x08002261   Thumb Code    18  hci.o(i.HCI_Proc)
    HCP_Dec                                  0x08002273   Thumb Code    30  hcp.o(i.HCP_Dec)
    HCP_Rst                                  0x08002291   Thumb Code    22  hcp.o(i.HCP_Rst)
    Ini_GetFlag                              0x080022a9   Thumb Code     8  ini.o(i.Ini_GetFlag)
    Ini_Init                                 0x080022b5   Thumb Code     8  ini.o(i.Ini_Init)
    Ini_Proc                                 0x080022c1   Thumb Code    90  ini.o(i.Ini_Proc)
    KOS_Boot                                 0x08002325   Thumb Code    26  kos.o(i.KOS_Boot)
    Led_Config                               0x08002345   Thumb Code    40  led.o(i.Led_Config)
    MAFilter_Calc                            0x08002375   Thumb Code    66  mafilter.o(i.MAFilter_Calc)
    MAFilter_Init                            0x080023b7   Thumb Code     8  mafilter.o(i.MAFilter_Init)
    MAFilter_Reset                           0x080023c1   Thumb Code    28  mafilter.o(i.MAFilter_Reset)
    MS_Set                                   0x080023e1   Thumb Code     6  sys.o(i.MS_Set)
    Mec_Config                               0x080023e9   Thumb Code     6  mec.o(i.Mec_Config)
    Mec_Decomp                               0x080023f5   Thumb Code    10  mec.o(i.Mec_Decomp)
    Mec_Synthe                               0x08002405   Thumb Code    10  mec.o(i.Mec_Synthe)
    Mecanum_Config                           0x08002415   Thumb Code    50  mecanum.o(i.Mecanum_Config)
    Mecanum_Decomp                           0x08002447   Thumb Code   142  mecanum.o(i.Mecanum_Decomp)
    Mecanum_Synthe                           0x080024d5   Thumb Code   114  mecanum.o(i.Mecanum_Synthe)
    Motor_Reset                              0x0800263d   Thumb Code    34  can.o(i.Motor_Reset)
    NVIC_Config                              0x08002669   Thumb Code    28  stm32util.o(i.NVIC_Config)
    NVIC_Init                                0x08002685   Thumb Code    96  misc.o(i.NVIC_Init)
    NVIC_PriorityGroupConfig                 0x080026e9   Thumb Code    10  misc.o(i.NVIC_PriorityGroupConfig)
    Odo_Init                                 0x080026fd   Thumb Code   140  odo.o(i.Odo_Init)
    Odo_Proc                                 0x08002795   Thumb Code   202  odo.o(i.Odo_Proc)
    PID_Calc                                 0x08002875   Thumb Code   218  pid.o(i.PID_Calc)
    PID_Config                               0x08002955   Thumb Code     6  pid.o(i.PID_Config)
    PID_Reset                                0x0800295d   Thumb Code    14  pid.o(i.PID_Reset)
    RCC_AHB1PeriphClockCmd                   0x08002971   Thumb Code    18  stm32f4xx_rcc.o(i.RCC_AHB1PeriphClockCmd)
    RCC_APB1PeriphClockCmd                   0x08002989   Thumb Code    18  stm32f4xx_rcc.o(i.RCC_APB1PeriphClockCmd)
    RCC_APB2PeriphClockCmd                   0x080029a1   Thumb Code    18  stm32f4xx_rcc.o(i.RCC_APB2PeriphClockCmd)
    RCC_GetClocksFreq                        0x080029b9   Thumb Code   132  stm32f4xx_rcc.o(i.RCC_GetClocksFreq)
    RCI_Init                                 0x08002a4d   Thumb Code    36  rci.o(i.RCI_Init)
    RCI_Proc                                 0x08002a75   Thumb Code     4  rci.o(i.RCI_Proc)
    RCP_Dec                                  0x08002a79   Thumb Code    78  rcp.o(i.RCP_Dec)
    RCP_Rst                                  0x08002ac9   Thumb Code    38  rcp.o(i.RCP_Rst)
    Ramp_Calc                                0x08002aef   Thumb Code    40  ramp.o(i.Ramp_Calc)
    Ramp_Config                              0x08002b17   Thumb Code     4  ramp.o(i.Ramp_Config)
    Ramp_Reset                               0x08002b1b   Thumb Code     6  ramp.o(i.Ramp_Reset)
    RcvCallback                              0x08002b21   Thumb Code     4  rcv_srv.o(i.RcvCallback)
    Rcv_Config                               0x08002b25   Thumb Code   126  rcv.o(i.Rcv_Config)
    Rcv_Proc                                 0x08002bb9   Thumb Code    24  dci.o(i.Rcv_Proc)
    SYSCFG_EXTILineConfig                    0x08002bd5   Thumb Code    42  stm32f4xx_syscfg.o(i.SYSCFG_EXTILineConfig)
    Sch_Arrange                              0x08002c05   Thumb Code    48  sch.o(i.Sch_Arrange)
    Sch_Init                                 0x08002c39   Thumb Code    22  sch.o(i.Sch_Init)
    SyncTimCallback                          0x08002d25   Thumb Code     2  tim_srv.o(i.SyncTimCallback)
    SyncTim_Config                           0x08002d29   Thumb Code    38  tim.o(i.SyncTim_Config)
    SyncTim_Start                            0x08002d55   Thumb Code    34  tim.o(i.SyncTim_Start)
    SystemInit                               0x08002d7d   Thumb Code    74  system_stm32f4xx.o(i.SystemInit)
    TIM2_IRQHandler                          0x08002dd9   Thumb Code    42  tim.o(i.TIM2_IRQHandler)
    TIM6_DAC_IRQHandler                      0x08002e05   Thumb Code    42  tim.o(i.TIM6_DAC_IRQHandler)
    TIM_ARRPreloadConfig                     0x08002e35   Thumb Code    20  stm32f4xx_tim.o(i.TIM_ARRPreloadConfig)
    TIM_ClearFlag                            0x08002e49   Thumb Code     6  stm32f4xx_tim.o(i.TIM_ClearFlag)
    TIM_ClearITPendingBit                    0x08002e4f   Thumb Code     6  stm32f4xx_tim.o(i.TIM_ClearITPendingBit)
    TIM_Cmd                                  0x08002e55   Thumb Code    20  stm32f4xx_tim.o(i.TIM_Cmd)
    TIM_Config                               0x08002e69   Thumb Code   276  stm32util.o(i.TIM_Config)
    TIM_GetITStatus                          0x08002fad   Thumb Code    24  stm32f4xx_tim.o(i.TIM_GetITStatus)
    TIM_ITConfig                             0x08002fc5   Thumb Code    16  stm32f4xx_tim.o(i.TIM_ITConfig)
    TIM_TimeBaseInit                         0x08002fd5   Thumb Code    96  stm32f4xx_tim.o(i.TIM_TimeBaseInit)
    TickTimCallback                          0x08003051   Thumb Code     4  tim_srv.o(i.TickTimCallback)
    TickTim_Config                           0x08003055   Thumb Code    48  tim.o(i.TickTim_Config)
    TickTim_Start                            0x08003085   Thumb Code    34  tim.o(i.TickTim_Start)
    Tim_Config                               0x080030a7   Thumb Code    14  tim.o(i.Tim_Config)
    Tim_Start                                0x080030b5   Thumb Code    14  tim.o(i.Tim_Start)
    TtyRxCallback                            0x080030c3   Thumb Code     4  tty_srv.o(i.TtyRxCallback)
    Tty_Config                               0x080030c9   Thumb Code    94  tty.o(i.Tty_Config)
    Tty_Proc                                 0x08003139   Thumb Code     6  com.o(i.Tty_Proc)
    USART1_IRQHandler                        0x08003141   Thumb Code   110  rcv.o(i.USART1_IRQHandler)
    USART2_IRQHandler                        0x080031bd   Thumb Code   142  btm.o(i.USART2_IRQHandler)
    USART6_IRQHandler                        0x08003255   Thumb Code   142  tty.o(i.USART6_IRQHandler)
    USART_Bind                               0x080032ed   Thumb Code  3544  stm32util.o(i.USART_Bind)
    USART_ClearITPendingBit                  0x080040cd   Thumb Code    12  stm32f4xx_usart.o(i.USART_ClearITPendingBit)
    USART_Cmd                                0x080040d9   Thumb Code    20  stm32f4xx_usart.o(i.USART_Cmd)
    USART_Config                             0x080040ed   Thumb Code   366  stm32util.o(i.USART_Config)
    USART_DMACmd                             0x0800427d   Thumb Code    16  stm32f4xx_usart.o(i.USART_DMACmd)
    USART_GetITStatus                        0x0800428d   Thumb Code    62  stm32f4xx_usart.o(i.USART_GetITStatus)
    USART_ITConfig                           0x080042cb   Thumb Code    48  stm32f4xx_usart.o(i.USART_ITConfig)
    USART_Init                               0x080042fd   Thumb Code   164  stm32f4xx_usart.o(i.USART_Init)
    USART_ReceiveData                        0x080043a9   Thumb Code     8  stm32f4xx_usart.o(i.USART_ReceiveData)
    USART_SendData                           0x080043b1   Thumb Code     8  stm32f4xx_usart.o(i.USART_SendData)
    Upd_Init                                 0x080043b9   Thumb Code   106  upd.o(i.Upd_Init)
    Upd_Proc                                 0x08004449   Thumb Code   106  upd.o(i.Upd_Proc)
    WSM_GetLastWorkingState                  0x080044b5   Thumb Code     6  wsm.o(i.WSM_GetLastWorkingState)
    WSM_GetWorkingState                      0x080044c1   Thumb Code     6  wsm.o(i.WSM_GetWorkingState)
    WSM_Init                                 0x080044cd   Thumb Code    10  wsm.o(i.WSM_Init)
    WSM_Proc                                 0x080044dd   Thumb Code   134  wsm.o(i.WSM_Proc)
    Wdg_Feed                                 0x08004569   Thumb Code    10  wdg.o(i.Wdg_Feed)
    Wdg_Init                                 0x08004579   Thumb Code    34  wdg.o(i.Wdg_Init)
    Wdg_IsErrSet                             0x080045a5   Thumb Code    16  wdg.o(i.Wdg_IsErrSet)
    Wdg_Proc                                 0x080045b9   Thumb Code    58  wdg.o(i.Wdg_Proc)
    main                                     0x08004665   Thumb Code    42  main.o(i.main)
    map                                      0x08004695   Thumb Code    26  fun.o(i.map)
    _fp_init                                 0x080046cb   Thumb Code    10  fpinit.o(x$fpl$fpinit)
    __fplib_config_fpu_vfp                   0x080046d3   Thumb Code     0  fpinit.o(x$fpl$fpinit)
    __fplib_config_pureend_doubles           0x080046d3   Thumb Code     0  fpinit.o(x$fpl$fpinit)
    WDG                                      0x080046d4   Data          44  wdg.o(.constdata)
    Region$$Table$$Base                      0x08004700   Number         0  anon$$obj.o(Region$$Table)
    Region$$Table$$Limit                     0x08004720   Number         0  anon$$obj.o(Region$$Table)
    cfg                                      0x20000000   Data         272  cfg.o(.data)
    functionalStateRef                       0x20000118   Data           4  cmd.o(.data)
    functionalStateCtl                       0x2000011c   Data           4  ctl.o(.data)
    CM1SpeedRamp                             0x20000120   Data           8  ctl.o(.data)
    CM2SpeedRamp                             0x20000128   Data           8  ctl.o(.data)
    CM3SpeedRamp                             0x20000130   Data           8  ctl.o(.data)
    CM4SpeedRamp                             0x20000138   Data           8  ctl.o(.data)
    mouseButtonStates                        0x20000140   Data           2  hci.o(.data)
    mouseButtonEvents                        0x20000142   Data           2  hci.o(.data)
    functionalStateFdb                       0x20000154   Data           4  odo.o(.data)
    switchStates                             0x20000158   Data           2  rci.o(.data)
    switchEvents                             0x2000015a   Data           2  rci.o(.data)
    wdg                                      0x20000170   Data          44  wdg.o(.data)
    zgyro                                    0x200001b0   Data          20  can.o(.bss)
    motor                                    0x200001c4   Data         216  can.o(.bss)
    chassisVelocityRef                       0x20000dc4   Data          12  cmd.o(.bss)
    mecanumVelocityRef                       0x20000dd0   Data          16  cmd.o(.bss)
    CM1SpeedPID                              0x20000de0   Data          40  ctl.o(.bss)
    CM2SpeedPID                              0x20000e08   Data          40  ctl.o(.bss)
    CM3SpeedPID                              0x20000e30   Data          40  ctl.o(.bss)
    CM4SpeedPID                              0x20000e58   Data          40  ctl.o(.bss)
    mecanumCurrentsCtl                       0x20000e80   Data          16  ctl.o(.bss)
    dbus                                     0x20000ea2   Data          22  dci.o(.bss)
    mecanumPositionFdb                       0x20000f74   Data          16  odo.o(.bss)
    mecanumVelocityFdb                       0x20000f84   Data          16  odo.o(.bss)
    mecanumCurrentsFdb                       0x20000f94   Data          16  odo.o(.bss)
    chassisPositionFdb                       0x20000fa4   Data          12  odo.o(.bss)
    chassisVelocityFdb                       0x20000fb0   Data          12  odo.o(.bss)
    __libspace_start                         0x20001454   Data          96  libspace.o(.bss)
    __temporary_stack_top$libspace           0x200014b4   Data           0  libspace.o(.bss)



==============================================================================

Memory Map of the image

  Image Entry point : 0x080001ad

  Load Region LR_IROM1 (Base: 0x08000000, Size: 0x000048d0, Max: 0x00200000, ABSOLUTE, COMPRESSED[0x00004774])

    Execution Region ER_IROM1 (Base: 0x08000000, Size: 0x00004720, Max: 0x00200000, ABSOLUTE)

    Base Addr    Size         Type   Attr      Idx    E Section Name        Object

    0x08000000   0x000001ac   Data   RO         7651    RESET               startup_stm32f427xx.o
    0x080001ac   0x00000008   Code   RO         7730  * !!!main             c_w.l(__main.o)
    0x080001b4   0x00000034   Code   RO         8052    !!!scatter          c_w.l(__scatter.o)
    0x080001e8   0x0000005a   Code   RO         8050    !!dczerorl2         c_w.l(__dczerorl2.o)
    0x08000242   0x00000002   PAD
    0x08000244   0x0000001c   Code   RO         8054    !!handler_zi        c_w.l(__scatter_zi.o)
    0x08000260   0x00000002   Code   RO         7989    .ARM.Collect$$libinit$$00000000  c_w.l(libinit.o)
    0x08000262   0x00000004   Code   RO         7814    .ARM.Collect$$libinit$$00000001  c_w.l(libinit2.o)
    0x08000266   0x00000000   Code   RO         7817    .ARM.Collect$$libinit$$00000004  c_w.l(libinit2.o)
    0x08000266   0x00000008   Code   RO         7818    .ARM.Collect$$libinit$$00000005  c_w.l(libinit2.o)
    0x0800026e   0x00000000   Code   RO         7820    .ARM.Collect$$libinit$$0000000A  c_w.l(libinit2.o)
    0x0800026e   0x00000000   Code   RO         7822    .ARM.Collect$$libinit$$0000000C  c_w.l(libinit2.o)
    0x0800026e   0x00000000   Code   RO         7824    .ARM.Collect$$libinit$$0000000E  c_w.l(libinit2.o)
    0x0800026e   0x00000000   Code   RO         7827    .ARM.Collect$$libinit$$00000011  c_w.l(libinit2.o)
    0x0800026e   0x00000000   Code   RO         7829    .ARM.Collect$$libinit$$00000013  c_w.l(libinit2.o)
    0x0800026e   0x00000000   Code   RO         7831    .ARM.Collect$$libinit$$00000015  c_w.l(libinit2.o)
    0x0800026e   0x00000000   Code   RO         7833    .ARM.Collect$$libinit$$00000017  c_w.l(libinit2.o)
    0x0800026e   0x00000000   Code   RO         7835    .ARM.Collect$$libinit$$00000019  c_w.l(libinit2.o)
    0x0800026e   0x00000000   Code   RO         7837    .ARM.Collect$$libinit$$0000001B  c_w.l(libinit2.o)
    0x0800026e   0x00000000   Code   RO         7839    .ARM.Collect$$libinit$$0000001D  c_w.l(libinit2.o)
    0x0800026e   0x00000000   Code   RO         7841    .ARM.Collect$$libinit$$0000001F  c_w.l(libinit2.o)
    0x0800026e   0x00000000   Code   RO         7843    .ARM.Collect$$libinit$$00000021  c_w.l(libinit2.o)
    0x0800026e   0x00000000   Code   RO         7845    .ARM.Collect$$libinit$$00000023  c_w.l(libinit2.o)
    0x0800026e   0x00000000   Code   RO         7847    .ARM.Collect$$libinit$$00000025  c_w.l(libinit2.o)
    0x0800026e   0x00000000   Code   RO         7851    .ARM.Collect$$libinit$$0000002C  c_w.l(libinit2.o)
    0x0800026e   0x00000000   Code   RO         7853    .ARM.Collect$$libinit$$0000002E  c_w.l(libinit2.o)
    0x0800026e   0x00000000   Code   RO         7855    .ARM.Collect$$libinit$$00000030  c_w.l(libinit2.o)
    0x0800026e   0x00000000   Code   RO         7857    .ARM.Collect$$libinit$$00000032  c_w.l(libinit2.o)
    0x0800026e   0x00000002   Code   RO         7858    .ARM.Collect$$libinit$$00000033  c_w.l(libinit2.o)
    0x08000270   0x00000002   Code   RO         8047    .ARM.Collect$$libshutdown$$00000000  c_w.l(libshutdown.o)
    0x08000272   0x00000000   Code   RO         8003    .ARM.Collect$$libshutdown$$00000002  c_w.l(libshutdown2.o)
    0x08000272   0x00000000   Code   RO         8005    .ARM.Collect$$libshutdown$$00000004  c_w.l(libshutdown2.o)
    0x08000272   0x00000000   Code   RO         8008    .ARM.Collect$$libshutdown$$00000007  c_w.l(libshutdown2.o)
    0x08000272   0x00000000   Code   RO         8011    .ARM.Collect$$libshutdown$$0000000A  c_w.l(libshutdown2.o)
    0x08000272   0x00000000   Code   RO         8013    .ARM.Collect$$libshutdown$$0000000C  c_w.l(libshutdown2.o)
    0x08000272   0x00000000   Code   RO         8016    .ARM.Collect$$libshutdown$$0000000F  c_w.l(libshutdown2.o)
    0x08000272   0x00000002   Code   RO         8017    .ARM.Collect$$libshutdown$$00000010  c_w.l(libshutdown2.o)
    0x08000274   0x00000000   Code   RO         7782    .ARM.Collect$$rtentry$$00000000  c_w.l(__rtentry.o)
    0x08000274   0x00000000   Code   RO         7925    .ARM.Collect$$rtentry$$00000002  c_w.l(__rtentry2.o)
    0x08000274   0x00000006   Code   RO         7937    .ARM.Collect$$rtentry$$00000004  c_w.l(__rtentry4.o)
    0x0800027a   0x00000000   Code   RO         7927    .ARM.Collect$$rtentry$$00000009  c_w.l(__rtentry2.o)
    0x0800027a   0x00000004   Code   RO         7928    .ARM.Collect$$rtentry$$0000000A  c_w.l(__rtentry2.o)
    0x0800027e   0x00000000   Code   RO         7930    .ARM.Collect$$rtentry$$0000000C  c_w.l(__rtentry2.o)
    0x0800027e   0x00000008   Code   RO         7931    .ARM.Collect$$rtentry$$0000000D  c_w.l(__rtentry2.o)
    0x08000286   0x00000002   Code   RO         7992    .ARM.Collect$$rtexit$$00000000  c_w.l(rtexit.o)
    0x08000288   0x00000000   Code   RO         8021    .ARM.Collect$$rtexit$$00000002  c_w.l(rtexit2.o)
    0x08000288   0x00000004   Code   RO         8022    .ARM.Collect$$rtexit$$00000003  c_w.l(rtexit2.o)
    0x0800028c   0x00000006   Code   RO         8023    .ARM.Collect$$rtexit$$00000004  c_w.l(rtexit2.o)
    0x08000292   0x00000002   PAD
    0x08000294   0x00000000   Code   RO         7946    .emb_text           c_w.l(maybetermalloc1.o)
    0x08000294   0x00000040   Code   RO         7652    .text               startup_stm32f427xx.o
    0x080002d4   0x0000005e   Code   RO         7662    .text               c_w.l(h1_alloc.o)
    0x08000332   0x0000004e   Code   RO         7664    .text               c_w.l(h1_free.o)
    0x08000380   0x0000003e   Code   RO         7720    .text               c_w.l(strlen.o)
    0x080003be   0x0000008a   Code   RO         7722    .text               c_w.l(rt_memcpy_v6.o)
    0x08000448   0x00000044   Code   RO         7724    .text               c_w.l(rt_memclr.o)
    0x0800048c   0x0000004e   Code   RO         7726    .text               c_w.l(rt_memclr_w.o)
    0x080004da   0x00000006   Code   RO         7728    .text               c_w.l(heapauxi.o)
    0x080004e0   0x00000008   Code   RO         7786    .text               c_w.l(rt_heap_descriptor_intlibspace.o)
    0x080004e8   0x00000004   Code   RO         7788    .text               c_w.l(hguard.o)
    0x080004ec   0x0000008a   Code   RO         7790    .text               c_w.l(init_alloc.o)
    0x08000576   0x0000000e   Code   RO         7794    .text               c_w.l(h1_init.o)
    0x08000584   0x00000064   Code   RO         7810    .text               c_w.l(rt_memcpy_w.o)
    0x080005e8   0x00000008   Code   RO         7921    .text               c_w.l(libspace.o)
    0x080005f0   0x00000034   Code   RO         7948    .text               c_w.l(h1_extend.o)
    0x08000624   0x0000000e   Code   RO         7952    .text               c_w.l(defsig_rtmem_outer.o)
    0x08000632   0x00000002   Code   RO         7965    .text               c_w.l(use_no_semi.o)
    0x08000634   0x00000000   Code   RO         7967    .text               c_w.l(indicate_semi.o)
    0x08000634   0x0000004a   Code   RO         7968    .text               c_w.l(sys_stackheap_outer.o)
    0x0800067e   0x00000012   Code   RO         7974    .text               c_w.l(exit.o)
    0x08000690   0x0000000a   Code   RO         7976    .text               c_w.l(defsig_exit.o)
    0x0800069a   0x00000002   PAD
    0x0800069c   0x00000050   Code   RO         7978    .text               c_w.l(defsig_rtmem_inner.o)
    0x080006ec   0x0000000c   Code   RO         7990    .text               c_w.l(sys_exit.o)
    0x080006f8   0x00000032   Code   RO         8000    .text               c_w.l(defsig_general.o)
    0x0800072a   0x0000000e   Code   RO         8018    .text               c_w.l(sys_wrch.o)
    0x08000738   0x00000028   Code   RO          379    i.Act_Init          act.o
    0x08000760   0x00000094   Code   RO          380    i.Act_Proc          act.o
    0x080007f4   0x00000036   Code   RO          419    i.App_Init          app.o
    0x0800082a   0x00000016   Code   RO          420    i.App_Proc          app.o
    0x08000840   0x00000060   Code   RO         1912    i.Bsp_Config        bsp.o
    0x080008a0   0x00000004   Code   RO         1759    i.BtmRxCallback     btm_srv.o
    0x080008a4   0x00000070   Code   RO         1936    i.Btm_Config        btm.o
    0x08000914   0x00000014   Code   RO         1937    i.Btm_Print         btm.o
    0x08000928   0x00000006   Code   RO          626    i.Btm_Proc          com.o
    0x0800092e   0x0000001a   Code   RO         1941    i.Btm_Write         btm.o
    0x08000948   0x0000002c   Code   RO         1942    i.Btm_WriteByte     btm.o
    0x08000974   0x00000002   Code   RO         1801    i.BtnCallback       ext_srv.o
    0x08000976   0x00000002   PAD
    0x08000978   0x0000001c   Code   RO         2002    i.Btn_Config        btn.o
    0x08000994   0x00000044   Code   RO         2032    i.CAN1_RX0_IRQHandler  can1.o
    0x080009d8   0x00000024   Code   RO         2033    i.CAN1_TX_IRQHandler  can1.o
    0x080009fc   0x00000044   Code   RO         2068    i.CAN2_RX0_IRQHandler  can2.o
    0x08000a40   0x00000024   Code   RO         2069    i.CAN2_TX_IRQHandler  can2.o
    0x08000a64   0x00000030   Code   RO         2832    i.CAN_ClearFlag     stm32f4xx_can.o
    0x08000a94   0x00000078   Code   RO         2833    i.CAN_ClearITPendingBit  stm32f4xx_can.o
    0x08000b0c   0x0000006c   Code   RO         2279    i.CAN_Config        stm32util.o
    0x08000b78   0x000000cc   Code   RO         2837    i.CAN_FilterInit    stm32f4xx_can.o
    0x08000c44   0x00000036   Code   RO         2280    i.CAN_Filter_Config  stm32util.o
    0x08000c7a   0x00000002   PAD
    0x08000c7c   0x000000a8   Code   RO         2839    i.CAN_GetITStatus   stm32f4xx_can.o
    0x08000d24   0x00000010   Code   RO         2843    i.CAN_ITConfig      stm32f4xx_can.o
    0x08000d34   0x000000e8   Code   RO         2844    i.CAN_Init          stm32f4xx_can.o
    0x08000e1c   0x00000090   Code   RO         2847    i.CAN_Receive       stm32f4xx_can.o
    0x08000eac   0x000000a4   Code   RO         2852    i.CAN_Transmit      stm32f4xx_can.o
    0x08000f50   0x0000004e   Code   RO         2181    i.CM_Cmd            motor.o
    0x08000f9e   0x00000006   Code   RO         1040    i.CS_Set            sys.o
    0x08000fa4   0x00000004   Code   RO         1780    i.Can1RxCallback    can_srv.o
    0x08000fa8   0x00000070   Code   RO         2034    i.Can1_Config       can1.o
    0x08001018   0x00000004   Code   RO         1781    i.Can2RxCallback    can_srv.o
    0x0800101c   0x00000070   Code   RO         2070    i.Can2_Config       can2.o
    0x0800108c   0x0000008c   Code   RO          446    i.Can_Init          can.o
    0x08001118   0x0000008e   Code   RO          447    i.Can_Proc          can.o
    0x080011a6   0x00000002   PAD
    0x080011a8   0x00000034   Code   RO          448    i.Can_Reset         can.o
    0x080011dc   0x0000000c   Code   RO          500    i.Cfg_GetFlag       cfg.o
    0x080011e8   0x0000000c   Code   RO          501    i.Cfg_Init          cfg.o
    0x080011f4   0x00000008   Code   RO          502    i.Cfg_Load          cfg.o
    0x080011fc   0x00000024   Code   RO          503    i.Cfg_Proc          cfg.o
    0x08001220   0x00000008   Code   RO          504    i.Cfg_Save          cfg.o
    0x08001228   0x00000010   Code   RO          505    i.Cfg_SetFlag       cfg.o
    0x08001238   0x000000b0   Code   RO          668    i.ChassisVelocityControl  ctl.o
    0x080012e8   0x0000000c   Code   RO         2855    i.CheckITStatus     stm32f4xx_can.o
    0x080012f4   0x0000000c   Code   RO          554    i.Clk_GetMsTick     clk.o
    0x08001300   0x00000010   Code   RO          556    i.Clk_Init          clk.o
    0x08001310   0x00000024   Code   RO          557    i.Clk_Spin          clk.o
    0x08001334   0x00000054   Code   RO          589    i.Cmd_Init          cmd.o
    0x08001388   0x0000009c   Code   RO          590    i.Cmd_Proc          cmd.o
    0x08001424   0x00000002   Code   RO          627    i.Com_Init          com.o
    0x08001426   0x00000002   PAD
    0x08001428   0x00000070   Code   RO          669    i.Ctl_Init          ctl.o
    0x08001498   0x0000004c   Code   RO          670    i.Ctl_Proc          ctl.o
    0x080014e4   0x00000018   Code   RO         1279    i.DBUS_Dec          dbus.o
    0x080014fc   0x00000014   Code   RO         1281    i.DBUS_Rst          dbus.o
    0x08001510   0x00000018   Code   RO          710    i.DCI_Init          dci.o
    0x08001528   0x0000004c   Code   RO          711    i.DCI_Proc          dci.o
    0x08001574   0x00000014   Code   RO         3612    i.DMA_Cmd           stm32f4xx_dma.o
    0x08001588   0x00000070   Code   RO         2281    i.DMA_Config        stm32util.o
    0x080015f8   0x00000014   Code   RO         3614    i.DMA_DoubleBufferModeCmd  stm32f4xx_dma.o
    0x0800160c   0x00000016   Code   RO         3615    i.DMA_DoubleBufferModeConfig  stm32f4xx_dma.o
    0x08001622   0x00000006   Code   RO         3618    i.DMA_GetCurrDataCounter  stm32f4xx_dma.o
    0x08001628   0x0000000e   Code   RO         3619    i.DMA_GetCurrentMemoryTarget  stm32f4xx_dma.o
    0x08001636   0x00000002   PAD
    0x08001638   0x00000054   Code   RO         3624    i.DMA_Init          stm32f4xx_dma.o
    0x0800168c   0x00000020   Code   RO         2003    i.EXTI15_10_IRQHandler  btn.o
    0x080016ac   0x000000c4   Code   RO         2282    i.EXTI_Bind         stm32util.o
    0x08001770   0x0000000c   Code   RO         3896    i.EXTI_ClearITPendingBit  stm32f4xx_exti.o
    0x0800177c   0x00000028   Code   RO         2283    i.EXTI_Config       stm32util.o
    0x080017a4   0x00000014   Code   RO         3900    i.EXTI_GetITStatus  stm32f4xx_exti.o
    0x080017b8   0x00000070   Code   RO         3901    i.EXTI_Init         stm32f4xx_exti.o
    0x08001828   0x00000006   Code   RO         1305    i.Ekf_Init          ekf.o
    0x0800182e   0x0000004a   Code   RO         1306    i.Ekf_Proc          ekf.o
    0x08001878   0x0000001c   Code   RO         1307    i.Ekf_Reset         ekf.o
    0x08001894   0x00000006   Code   RO         1308    i.Ekf_SetD          ekf.o
    0x0800189a   0x00000006   Code   RO         1309    i.Ekf_SetE          ekf.o
    0x080018a0   0x00000006   Code   RO         1311    i.Ekf_SetR          ekf.o
    0x080018a6   0x00000008   Code   RO         1365    i.Est_Init          est.o
    0x080018ae   0x0000007c   Code   RO         1366    i.Est_Proc          est.o
    0x0800192a   0x00000002   PAD
    0x0800192c   0x00000030   Code   RO         1367    i.Est_Reset         est.o
    0x0800195c   0x00000016   Code   RO         1401    i.FIFO_Flush        fifo.o
    0x08001972   0x00000008   Code   RO         1405    i.FIFO_Init         fifo.o
    0x0800197a   0x0000000c   Code   RO         1406    i.FIFO_IsEmpty      fifo.o
    0x08001986   0x00000010   Code   RO         1407    i.FIFO_IsFull       fifo.o
    0x08001996   0x00000034   Code   RO         1409    i.FIFO_Pop          fifo.o
    0x080019ca   0x0000003a   Code   RO         1410    i.FIFO_Push         fifo.o
    0x08001a04   0x0000001c   Code   RO         3962    i.FLASH_DataCacheCmd  stm32f4xx_flash.o
    0x08001a20   0x0000006c   Code   RO         3967    i.FLASH_EraseSector  stm32f4xx_flash.o
    0x08001a8c   0x0000003c   Code   RO         3969    i.FLASH_GetStatus   stm32f4xx_flash.o
    0x08001ac8   0x00000010   Code   RO         3973    i.FLASH_Lock        stm32f4xx_flash.o
    0x08001ad8   0x00000038   Code   RO         3994    i.FLASH_ProgramByte  stm32f4xx_flash.o
    0x08001b10   0x00000024   Code   RO         3999    i.FLASH_Unlock      stm32f4xx_flash.o
    0x08001b34   0x0000001e   Code   RO         4000    i.FLASH_WaitForLastOperation  stm32f4xx_flash.o
    0x08001b52   0x00000008   Code   RO         1041    i.FS_Clr            sys.o
    0x08001b5a   0x00000006   Code   RO         1042    i.FS_Get            sys.o
    0x08001b60   0x00000008   Code   RO         1043    i.FS_Set            sys.o
    0x08001b68   0x000000a0   Code   RO         2122    i.Flash_GetSector   flash.o
    0x08001c08   0x00000016   Code   RO         2123    i.Flash_Read        flash.o
    0x08001c1e   0x00000002   PAD
    0x08001c20   0x00000080   Code   RO         2124    i.Flash_Write       flash.o
    0x08001ca0   0x00000010   Code   RO          752    i.Fos_Read          fos.o
    0x08001cb0   0x00000010   Code   RO          753    i.Fos_Write         fos.o
    0x08001cc0   0x00000048   Code   RO         2182    i.GM_Cmd            motor.o
    0x08001d08   0x00000024   Code   RO         2285    i.GPIO_AF           stm32util.o
    0x08001d2c   0x00000118   Code   RO         2286    i.GPIO_Config       stm32util.o
    0x08001e44   0x00000010   Code   RO         2287    i.GPIO_In           stm32util.o
    0x08001e54   0x000000a2   Code   RO         4481    i.GPIO_Init         stm32f4xx_gpio.o
    0x08001ef6   0x00000012   Code   RO         2288    i.GPIO_Out          stm32util.o
    0x08001f08   0x00000020   Code   RO         4482    i.GPIO_PinAFConfig  stm32f4xx_gpio.o
    0x08001f28   0x0000000e   Code   RO         4487    i.GPIO_ReadOutputDataBit  stm32f4xx_gpio.o
    0x08001f36   0x00000004   Code   RO         4488    i.GPIO_ResetBits    stm32f4xx_gpio.o
    0x08001f3a   0x00000004   Code   RO         4489    i.GPIO_SetBits      stm32f4xx_gpio.o
    0x08001f3e   0x00000008   Code   RO         4491    i.GPIO_ToggleBits   stm32f4xx_gpio.o
    0x08001f46   0x00000008   Code   RO         1479    i.Gdf_Init          gdf.o
    0x08001f4e   0x0000007a   Code   RO         1480    i.Gdf_Proc          gdf.o
    0x08001fc8   0x00000038   Code   RO         1481    i.Gdf_Reset         gdf.o
    0x08002000   0x000000bc   Code   RO          800    i.GetChassisVelocityRef  hci.o
    0x080020bc   0x00000090   Code   RO          948    i.GetChassisVelocityRef  rci.o
    0x0800214c   0x00000058   Code   RO          801    i.GetFunctionalStateRef  hci.o
    0x080021a4   0x00000024   Code   RO          949    i.GetSwitchEvents   rci.o
    0x080021c8   0x00000040   Code   RO          950    i.GetSwitchStates   rci.o
    0x08002208   0x00000058   Code   RO          802    i.HCI_Init          hci.o
    0x08002260   0x00000012   Code   RO          803    i.HCI_Proc          hci.o
    0x08002272   0x0000001e   Code   RO         1513    i.HCP_Dec           hcp.o
    0x08002290   0x00000016   Code   RO         1515    i.HCP_Rst           hcp.o
    0x080022a6   0x00000002   PAD
    0x080022a8   0x0000000c   Code   RO          847    i.Ini_GetFlag       ini.o
    0x080022b4   0x0000000c   Code   RO          848    i.Ini_Init          ini.o
    0x080022c0   0x00000064   Code   RO          849    i.Ini_Proc          ini.o
    0x08002324   0x00000020   Code   RO          349    i.KOS_Boot          kos.o
    0x08002344   0x00000030   Code   RO         2157    i.Led_Config        led.o
    0x08002374   0x00000042   Code   RO         1537    i.MAFilter_Calc     mafilter.o
    0x080023b6   0x00000008   Code   RO         1540    i.MAFilter_Init     mafilter.o
    0x080023be   0x00000002   PAD
    0x080023c0   0x00000020   Code   RO         1541    i.MAFilter_Reset    mafilter.o
    0x080023e0   0x00000006   Code   RO         1045    i.MS_Set            sys.o
    0x080023e6   0x00000002   PAD
    0x080023e8   0x0000000c   Code   RO          882    i.Mec_Config        mec.o
    0x080023f4   0x00000010   Code   RO          883    i.Mec_Decomp        mec.o
    0x08002404   0x00000010   Code   RO          884    i.Mec_Synthe        mec.o
    0x08002414   0x00000032   Code   RO         1573    i.Mecanum_Config    mecanum.o
    0x08002446   0x0000008e   Code   RO         1574    i.Mecanum_Decomp    mecanum.o
    0x080024d4   0x00000072   Code   RO         1575    i.Mecanum_Synthe    mecanum.o
    0x08002546   0x00000002   PAD
    0x08002548   0x000000f4   Code   RO          449    i.Motor_Proc        can.o
    0x0800263c   0x0000002c   Code   RO          450    i.Motor_Reset       can.o
    0x08002668   0x0000001c   Code   RO         2289    i.NVIC_Config       stm32util.o
    0x08002684   0x00000064   Code   RO         2537    i.NVIC_Init         misc.o
    0x080026e8   0x00000014   Code   RO         2538    i.NVIC_PriorityGroupConfig  misc.o
    0x080026fc   0x00000098   Code   RO          911    i.Odo_Init          odo.o
    0x08002794   0x000000e0   Code   RO          912    i.Odo_Proc          odo.o
    0x08002874   0x000000e0   Code   RO         1600    i.PID_Calc          pid.o
    0x08002954   0x00000006   Code   RO         1601    i.PID_Config        pid.o
    0x0800295a   0x00000002   PAD
    0x0800295c   0x00000014   Code   RO         1602    i.PID_Reset         pid.o
    0x08002970   0x00000018   Code   RO         5419    i.RCC_AHB1PeriphClockCmd  stm32f4xx_rcc.o
    0x08002988   0x00000018   Code   RO         5428    i.RCC_APB1PeriphClockCmd  stm32f4xx_rcc.o
    0x080029a0   0x00000018   Code   RO         5431    i.RCC_APB2PeriphClockCmd  stm32f4xx_rcc.o
    0x080029b8   0x00000094   Code   RO         5440    i.RCC_GetClocksFreq  stm32f4xx_rcc.o
    0x08002a4c   0x00000028   Code   RO          951    i.RCI_Init          rci.o
    0x08002a74   0x00000004   Code   RO          952    i.RCI_Proc          rci.o
    0x08002a78   0x0000004e   Code   RO         1654    i.RCP_Dec           rcp.o
    0x08002ac6   0x00000002   PAD
    0x08002ac8   0x00000026   Code   RO         1656    i.RCP_Rst           rcp.o
    0x08002aee   0x00000028   Code   RO         1624    i.Ramp_Calc         ramp.o
    0x08002b16   0x00000004   Code   RO         1625    i.Ramp_Config       ramp.o
    0x08002b1a   0x00000006   Code   RO         1627    i.Ramp_Reset        ramp.o
    0x08002b20   0x00000004   Code   RO         1825    i.RcvCallback       rcv_srv.o
    0x08002b24   0x00000094   Code   RO         2211    i.Rcv_Config        rcv.o
    0x08002bb8   0x0000001c   Code   RO          712    i.Rcv_Proc          dci.o
    0x08002bd4   0x00000030   Code   RO         6745    i.SYSCFG_EXTILineConfig  stm32f4xx_syscfg.o
    0x08002c04   0x00000034   Code   RO          998    i.Sch_Arrange       sch.o
    0x08002c38   0x0000001c   Code   RO         1000    i.Sch_Init          sch.o
    0x08002c54   0x000000d0   Code   RO         7611    i.SetSysClock       system_stm32f4xx.o
    0x08002d24   0x00000002   Code   RO         1864    i.SyncTimCallback   tim_srv.o
    0x08002d26   0x00000002   PAD
    0x08002d28   0x0000002c   Code   RO         2391    i.SyncTim_Config    tim.o
    0x08002d54   0x00000028   Code   RO         2392    i.SyncTim_Start     tim.o
    0x08002d7c   0x0000005c   Code   RO         7613    i.SystemInit        system_stm32f4xx.o
    0x08002dd8   0x0000002a   Code   RO         2394    i.TIM2_IRQHandler   tim.o
    0x08002e02   0x00000002   PAD
    0x08002e04   0x00000030   Code   RO         2395    i.TIM6_DAC_IRQHandler  tim.o
    0x08002e34   0x00000014   Code   RO         6804    i.TIM_ARRPreloadConfig  stm32f4xx_tim.o
    0x08002e48   0x00000006   Code   RO         6810    i.TIM_ClearFlag     stm32f4xx_tim.o
    0x08002e4e   0x00000006   Code   RO         6811    i.TIM_ClearITPendingBit  stm32f4xx_tim.o
    0x08002e54   0x00000014   Code   RO         6816    i.TIM_Cmd           stm32f4xx_tim.o
    0x08002e68   0x00000144   Code   RO         2291    i.TIM_Config        stm32util.o
    0x08002fac   0x00000018   Code   RO         6837    i.TIM_GetITStatus   stm32f4xx_tim.o
    0x08002fc4   0x00000010   Code   RO         6841    i.TIM_ITConfig      stm32f4xx_tim.o
    0x08002fd4   0x0000007c   Code   RO         6888    i.TIM_TimeBaseInit  stm32f4xx_tim.o
    0x08003050   0x00000004   Code   RO         1865    i.TickTimCallback   tim_srv.o
    0x08003054   0x00000030   Code   RO         2396    i.TickTim_Config    tim.o
    0x08003084   0x00000022   Code   RO         2397    i.TickTim_Start     tim.o
    0x080030a6   0x0000000e   Code   RO         2399    i.Tim_Config        tim.o
    0x080030b4   0x0000000e   Code   RO         2400    i.Tim_Start         tim.o
    0x080030c2   0x00000004   Code   RO         1888    i.TtyRxCallback     tty_srv.o
    0x080030c6   0x00000002   PAD
    0x080030c8   0x00000070   Code   RO         2471    i.Tty_Config        tty.o
    0x08003138   0x00000006   Code   RO          629    i.Tty_Proc          com.o
    0x0800313e   0x00000002   PAD
    0x08003140   0x0000007c   Code   RO         2212    i.USART1_IRQHandler  rcv.o
    0x080031bc   0x00000098   Code   RO         1943    i.USART2_IRQHandler  btm.o
    0x08003254   0x00000098   Code   RO         2478    i.USART6_IRQHandler  tty.o
    0x080032ec   0x00000de0   Code   RO         2293    i.USART_Bind        stm32util.o
    0x080040cc   0x0000000c   Code   RO         7354    i.USART_ClearITPendingBit  stm32f4xx_usart.o
    0x080040d8   0x00000014   Code   RO         7357    i.USART_Cmd         stm32f4xx_usart.o
    0x080040ec   0x00000190   Code   RO         2294    i.USART_Config      stm32util.o
    0x0800427c   0x00000010   Code   RO         7358    i.USART_DMACmd      stm32f4xx_usart.o
    0x0800428c   0x0000003e   Code   RO         7361    i.USART_GetITStatus  stm32f4xx_usart.o
    0x080042ca   0x00000030   Code   RO         7363    i.USART_ITConfig    stm32f4xx_usart.o
    0x080042fa   0x00000002   PAD
    0x080042fc   0x000000ac   Code   RO         7364    i.USART_Init        stm32f4xx_usart.o
    0x080043a8   0x00000008   Code   RO         7371    i.USART_ReceiveData  stm32f4xx_usart.o
    0x080043b0   0x00000008   Code   RO         7374    i.USART_SendData    stm32f4xx_usart.o
    0x080043b8   0x00000090   Code   RO         1083    i.Upd_Init          upd.o
    0x08004448   0x0000006a   Code   RO         1084    i.Upd_Proc          upd.o
    0x080044b2   0x00000002   PAD
    0x080044b4   0x0000000c   Code   RO         1159    i.WSM_GetLastWorkingState  wsm.o
    0x080044c0   0x0000000c   Code   RO         1160    i.WSM_GetWorkingState  wsm.o
    0x080044cc   0x00000010   Code   RO         1161    i.WSM_Init          wsm.o
    0x080044dc   0x0000008c   Code   RO         1162    i.WSM_Proc          wsm.o
    0x08004568   0x00000010   Code   RO         1110    i.Wdg_Feed          wdg.o
    0x08004578   0x0000002c   Code   RO         1113    i.Wdg_Init          wdg.o
    0x080045a4   0x00000014   Code   RO         1114    i.Wdg_IsErrSet      wdg.o
    0x080045b8   0x00000044   Code   RO         1115    i.Wdg_Proc          wdg.o
    0x080045fc   0x00000068   Code   RO          451    i.ZGyro_Proc        can.o
    0x08004664   0x00000030   Code   RO            4    i.main              main.o
    0x08004694   0x0000001a   Code   RO          780    i.map               fun.o
    0x080046ae   0x0000001c   Code   RO         1003    i.newSchTask        sch.o
    0x080046ca   0x0000000a   Code   RO         7963    x$fpl$fpinit        fz_wm.l(fpinit.o)
    0x080046d4   0x0000002c   Data   RO         1116    .constdata          wdg.o
    0x08004700   0x00000020   Data   RO         8048    Region$$Table       anon$$obj.o


    Execution Region RW_IRAM1 (Base: 0x20000000, Size: 0x000028b8, Max: 0x00030000, ABSOLUTE, COMPRESSED[0x00000054])

    Base Addr    Size         Type   Attr      Idx    E Section Name        Object

    0x20000000   0x00000110   Data   RW          506    .data               cfg.o
    0x20000110   0x00000008   Data   RW          558    .data               clk.o
    0x20000118   0x00000004   Data   RW          592    .data               cmd.o
    0x2000011c   0x00000024   Data   RW          672    .data               ctl.o
    0x20000140   0x00000010   Data   RW          805    .data               hci.o
    0x20000150   0x00000004   Data   RW          850    .data               ini.o
    0x20000154   0x00000004   Data   RW          914    .data               odo.o
    0x20000158   0x00000010   Data   RW          953    .data               rci.o
    0x20000168   0x00000004   Data   RW         1004    .data               sch.o
    0x2000016c   0x00000030   Data   RW         1117    .data               wdg.o
    0x2000019c   0x00000002   Data   RW         1163    .data               wsm.o
    0x2000019e   0x00000010   Data   RW         5472    .data               stm32f4xx_rcc.o
    0x200001ae   0x00000002   PAD
    0x200001b0   0x00000c14   Zero   RW          453    .bss                can.o
    0x20000dc4   0x0000001c   Zero   RW          591    .bss                cmd.o
    0x20000de0   0x000000b0   Zero   RW          671    .bss                ctl.o
    0x20000e90   0x00000028   Zero   RW          713    .bss                dci.o
    0x20000eb8   0x000000a8   Zero   RW          804    .bss                hci.o
    0x20000f60   0x00000014   Zero   RW          885    .bss                mec.o
    0x20000f74   0x00000048   Zero   RW          913    .bss                odo.o
    0x20000fbc   0x00000228   Zero   RW         1944    .bss                btm.o
    0x200011e4   0x00000048   Zero   RW         2213    .bss                rcv.o
    0x2000122c   0x00000228   Zero   RW         2479    .bss                tty.o
    0x20001454   0x00000060   Zero   RW         7922    .bss                c_w.l(libspace.o)
    0x200014b4   0x00000004   PAD
    0x200014b8   0x00001000   Zero   RW         7650    HEAP                startup_stm32f427xx.o
    0x200024b8   0x00000400   Zero   RW         7649    STACK               startup_stm32f427xx.o


==============================================================================

Image component sizes


      Code (inc. data)   RO Data    RW Data    ZI Data      Debug   Object Name

       188         28          0          0          0       1314   act.o
        76          0          0          0          0        982   app.o
        96         30          0          0          0        517   bsp.o
       354         36          0          0        552       3428   btm.o
         4          0          0          0          0        476   btm_srv.o
        60          4          0          0          0        996   btn.o
       726         66          0          0       3092       5302   can.o
       216         26          0          0          0       1597   can1.o
       216         24          0          0          0       1605   can2.o
         8          0          0          0          0       1290   can_srv.o
        92         22          0        272          0       6564   cfg.o
        64         16          0          8          0       1526   clk.o
       240         20          0          4         28       1337   cmd.o
        14          0          0          0          0       1293   com.o
       364         38          0         36        176       2442   ctl.o
        44          0          0          0          0       1370   dbus.o
       128         18          0          0         40       2008   dci.o
       126          6          0          0          0       3455   ekf.o
       180         10          0          0          0       1942   est.o
         2          0          0          0          0        438   ext_srv.o
       168          0          0          0          0       3825   fifo.o
       310         52          0          0          0       2771   flash.o
        32         12          0          0          0       1267   fos.o
        26          0          0          0          0        638   fun.o
       186          8          0          0          0       1926   gdf.o
       382         40          0         16        168       4088   hci.o
        52          0          0          0          0       1292   hcp.o
       124         18          0          4          0       1592   ini.o
        32          6          0          0          0        475   kos.o
        48          8          0          0          0        485   led.o
       106          4          0          0          0       1965   mafilter.o
        48          6          0          0          0     345059   main.o
        44         18          0          0         20       1759   mec.o
       306          0          0          0          0       2135   mecanum.o
       120         14          0          0          0       1563   misc.o
       150          0          0          0          0       1658   motor.o
       376         34          0          4         72       2170   odo.o
       250         12          0          0          0       2380   pid.o
        50          0          0          0          0       1819   ramp.o
       288         30          0         16          0       4446   rci.o
       116          0          0          0          0       1308   rcp.o
       272         36          0          0         72       1581   rcv.o
         4          0          0          0          0        738   rcv_srv.o
       108         10          0          4          0       2233   sch.o
        64         26        428          0       5120        848   startup_stm32f427xx.o
      1108         24          0          0          0       7674   stm32f4xx_can.o
       166          4          0          0          0       4974   stm32f4xx_dma.o
       144         14          0          0          0       2232   stm32f4xx_exti.o
       334         36          0          0          0       4888   stm32f4xx_flash.o
       224          0          0          0          0       4238   stm32f4xx_gpio.o
       220         34          0         16          0       4871   stm32f4xx_rcc.o
        48          6          0          0          0        692   stm32f4xx_syscfg.o
       216         28          0          0          0       6000   stm32f4xx_tim.o
       346          8          0          0          0       6248   stm32f4xx_usart.o
      5164        210          0          0          0      14144   stm32util.o
        34          0          0          0          0       2969   sys.o
       300         36          0          0          0       1569   system_stm32f4xx.o
       284         18          0          0          0       4265   tim.o
         6          0          0          0          0        892   tim_srv.o
       264         28          0          0        552       1936   tty.o
         4          0          0          0          0        476   tty_srv.o
       250         38          0          0          0       1126   upd.o
       148         30         44         48          0       2578   wdg.o
       180         24          0          2          0       2182   wsm.o

    ----------------------------------------------------------------------
     16338       1216        504        432       9892     503857   Object Totals
         0          0         32          0          0          0   (incl. Generated)
        38          0          0          2          0          0   (incl. Padding)

    ----------------------------------------------------------------------

      Code (inc. data)   RO Data    RW Data    ZI Data      Debug   Library Member Name

        90          0          0          0          0          0   __dczerorl2.o
         8          0          0          0          0         68   __main.o
         0          0          0          0          0          0   __rtentry.o
        12          0          0          0          0          0   __rtentry2.o
         6          0          0          0          0          0   __rtentry4.o
        52          8          0          0          0          0   __scatter.o
        28          0          0          0          0          0   __scatter_zi.o
        10          0          0          0          0         68   defsig_exit.o
        50          0          0          0          0         88   defsig_general.o
        80         58          0          0          0         76   defsig_rtmem_inner.o
        14          0          0          0          0         80   defsig_rtmem_outer.o
        18          0          0          0          0         80   exit.o
        94          0          0          0          0         80   h1_alloc.o
        52          0          0          0          0         68   h1_extend.o
        78          0          0          0          0         80   h1_free.o
        14          0          0          0          0         84   h1_init.o
         6          0          0          0          0        152   heapauxi.o
         4          0          0          0          0        136   hguard.o
         0          0          0          0          0          0   indicate_semi.o
       138          0          0          0          0        168   init_alloc.o
         2          0          0          0          0          0   libinit.o
        14          0          0          0          0          0   libinit2.o
         2          0          0          0          0          0   libshutdown.o
         2          0          0          0          0          0   libshutdown2.o
         8          4          0          0         96         68   libspace.o
         0          0          0          0          0          0   maybetermalloc1.o
         8          4          0          0          0         68   rt_heap_descriptor_intlibspace.o
        68          0          0          0          0         68   rt_memclr.o
        78          0          0          0          0         80   rt_memclr_w.o
       138          0          0          0          0         68   rt_memcpy_v6.o
       100          0          0          0          0         80   rt_memcpy_w.o
         2          0          0          0          0          0   rtexit.o
        10          0          0          0          0          0   rtexit2.o
        62          0          0          0          0         76   strlen.o
        12          4          0          0          0         68   sys_exit.o
        74          0          0          0          0         80   sys_stackheap_outer.o
        14          0          0          0          0         76   sys_wrch.o
         2          0          0          0          0         68   use_no_semi.o
        10          0          0          0          0        116   fpinit.o

    ----------------------------------------------------------------------
      1366         78          0          0        100       2144   Library Totals
         6          0          0          0          4          0   (incl. Padding)

    ----------------------------------------------------------------------

      Code (inc. data)   RO Data    RW Data    ZI Data      Debug   Library Name

      1350         78          0          0         96       2028   c_w.l
        10          0          0          0          0        116   fz_wm.l

    ----------------------------------------------------------------------
      1366         78          0          0        100       2144   Library Totals

    ----------------------------------------------------------------------

==============================================================================


      Code (inc. data)   RO Data    RW Data    ZI Data      Debug   

     17704       1294        504        432       9992     485009   Grand Totals
     17704       1294        504         84       9992     485009   ELF Image Totals (compressed)
     17704       1294        504         84          0          0   ROM Totals

==============================================================================

    Total RO  Size (Code + RO Data)                18208 (  17.78kB)
    Total RW  Size (RW Data + ZI Data)             10424 (  10.18kB)
    Total ROM Size (Code + RO Data + RW Data)      18292 (  17.86kB)

==============================================================================

