<html>
<body>
<pre>
<h1>µVision Build Log</h1>
<h2>Tool Versions:</h2>
IDE-Version: ¦ÌVision V5.23.0.0
Copyright (C) 2017 ARM Ltd and ARM Germany GmbH. All rights reserved.
License Information: Jack Mo, WHU, LIC=47GNN-YR275-EUN4R-KLIRK-AXNRH-X3U8E
 
Tool Versions:
Toolchain:       MDK-ARM Plus  Version: 5.23
Toolchain Path:  D:\Program Files (x86)\Keil_v5\ARM\ARMCC\Bin
C Compiler:      Armcc.exe V5.06 update 4 (build 422)
Assembler:       Armasm.exe V5.06 update 4 (build 422)
Linker/Locator:  ArmLink.exe V5.06 update 4 (build 422)
Library Manager: ArmAr.exe V5.06 update 4 (build 422)
Hex Converter:   FromElf.exe V5.06 update 4 (build 422)
CPU DLL:         SARMCM3.DLL V5.23
Dialog DLL:      DCM.DLL V1.15.0.0
Target DLL:      STLink\ST-LINKIII-KEIL_SWO.dll V2.0.18.0
Dialog DLL:      TCM.DLL V1.27.0.0
 
<h2>Project:</h2>
E:\workspace\keil\kylinbot\prj\keil\kylinbot.uvprojx
Project File Date:  03/03/2017

<h2>Output:</h2>
*** Using Compiler 'V5.06 update 4 (build 422)', folder: 'D:\Program Files (x86)\Keil_v5\ARM\ARMCC\Bin'
Build target 'kylinbot'
compiling ini.c...
compiling can.c...
compiling odo.c...
compiling app.c...
..\..\drv\inc\zgyro.h(39): warning:  #1-D: last line of file ends without a newline
  	
..\..\app\src\app.c: 1 warning, 0 errors
compiling main.c...
..\..\drv\inc\zgyro.h(39): warning:  #1-D: last line of file ends without a newline
  	
..\..\usr\src\main.c: 1 warning, 0 errors
compiling ctl.c...
compiling kos.c...
..\..\drv\inc\zgyro.h(39): warning:  #1-D: last line of file ends without a newline
  	
..\..\kos\src\kos.c: 1 warning, 0 errors
compiling act.c...
..\..\drv\inc\zgyro.h(39): warning:  #1-D: last line of file ends without a newline
  	
..\..\app\src\act.c: 1 warning, 0 errors
compiling can_srv.c...
compiling wsm.c...
compiling upd.c...
..\..\drv\inc\zgyro.h(39): warning:  #1-D: last line of file ends without a newline
  	
..\..\app\src\upd.c: 1 warning, 0 errors
compiling srv.c...
compiling tim_srv.c...
..\..\drv\inc\zgyro.h(39): warning:  #1-D: last line of file ends without a newline
  	
..\..\srv\src\tim_srv.c: 1 warning, 0 errors
linking...
Program Size: Code=21428 RO-data=460 RW-data=272 ZI-data=3864  
FromELF: creating hex file...
".\Objects\kylinbot.axf" - 0 Error(s), 6 Warning(s).

<h2>Collection of Component include folders:</h2>
  .\RTE\_kylinbot
  D:\Program Files (x86)\Keil_v5\ARM\PACK\Keil\STM32F4xx_DFP\2.11.0\Drivers\CMSIS\Device\ST\STM32F4xx\Include

<h2>Collection of Component Files used:</h2>
Build Time Elapsed:  00:00:04
</pre>
</body>
</html>
