Archive member included to satisfy reference by file (symbol)

c:/users/hcs/.p2/pool/plugins/fr.ac6.mcu.externaltools.arm-none.win32_1.13.1.201701200843/tools/compiler/bin/../lib/gcc/arm-none-eabi/5.4.1/armv7e-m/fpu\libgcc.a(_arm_addsubdf3.o)
                              asp/src/ahrs.o (__aeabi_f2d)
c:/users/hcs/.p2/pool/plugins/fr.ac6.mcu.externaltools.arm-none.win32_1.13.1.201701200843/tools/compiler/bin/../lib/gcc/arm-none-eabi/5.4.1/armv7e-m/fpu\libgcc.a(_arm_muldivdf3.o)
                              asp/src/ahrs.o (__aeabi_dmul)
c:/users/hcs/.p2/pool/plugins/fr.ac6.mcu.externaltools.arm-none.win32_1.13.1.201701200843/tools/compiler/bin/../lib/gcc/arm-none-eabi/5.4.1/armv7e-m/fpu\libgcc.a(_arm_truncdfsf2.o)
                              asp/src/ahrs.o (__aeabi_d2f)
c:/users/hcs/.p2/pool/plugins/fr.ac6.mcu.externaltools.arm-none.win32_1.13.1.201701200843/tools/compiler/bin/../lib/gcc/arm-none-eabi/5.4.1/../../../../arm-none-eabi/lib/armv7e-m/fpu\libc.a(lib_a-errno.o)
                              syscalls.o (__errno)
c:/users/hcs/.p2/pool/plugins/fr.ac6.mcu.externaltools.arm-none.win32_1.13.1.201701200843/tools/compiler/bin/../lib/gcc/arm-none-eabi/5.4.1/../../../../arm-none-eabi/lib/armv7e-m/fpu\libc.a(lib_a-exit.o)
                              c:/users/hcs/.p2/pool/plugins/fr.ac6.mcu.externaltools.arm-none.win32_1.13.1.201701200843/tools/compiler/bin/../lib/gcc/arm-none-eabi/5.4.1/../../../../arm-none-eabi/lib/armv7e-m/fpu/crt0.o (exit)
c:/users/hcs/.p2/pool/plugins/fr.ac6.mcu.externaltools.arm-none.win32_1.13.1.201701200843/tools/compiler/bin/../lib/gcc/arm-none-eabi/5.4.1/../../../../arm-none-eabi/lib/armv7e-m/fpu\libc.a(lib_a-impure.o)
                              c:/users/hcs/.p2/pool/plugins/fr.ac6.mcu.externaltools.arm-none.win32_1.13.1.201701200843/tools/compiler/bin/../lib/gcc/arm-none-eabi/5.4.1/../../../../arm-none-eabi/lib/armv7e-m/fpu\libc.a(lib_a-exit.o) (_global_impure_ptr)
c:/users/hcs/.p2/pool/plugins/fr.ac6.mcu.externaltools.arm-none.win32_1.13.1.201701200843/tools/compiler/bin/../lib/gcc/arm-none-eabi/5.4.1/../../../../arm-none-eabi/lib/armv7e-m/fpu\libc.a(lib_a-init.o)
                              c:/users/hcs/.p2/pool/plugins/fr.ac6.mcu.externaltools.arm-none.win32_1.13.1.201701200843/tools/compiler/bin/../lib/gcc/arm-none-eabi/5.4.1/../../../../arm-none-eabi/lib/armv7e-m/fpu/crt0.o (__libc_init_array)
c:/users/hcs/.p2/pool/plugins/fr.ac6.mcu.externaltools.arm-none.win32_1.13.1.201701200843/tools/compiler/bin/../lib/gcc/arm-none-eabi/5.4.1/../../../../arm-none-eabi/lib/armv7e-m/fpu\libc.a(lib_a-malloc.o)
                              asp/src/est.o (malloc)
c:/users/hcs/.p2/pool/plugins/fr.ac6.mcu.externaltools.arm-none.win32_1.13.1.201701200843/tools/compiler/bin/../lib/gcc/arm-none-eabi/5.4.1/../../../../arm-none-eabi/lib/armv7e-m/fpu\libc.a(lib_a-mallocr.o)
                              c:/users/hcs/.p2/pool/plugins/fr.ac6.mcu.externaltools.arm-none.win32_1.13.1.201701200843/tools/compiler/bin/../lib/gcc/arm-none-eabi/5.4.1/../../../../arm-none-eabi/lib/armv7e-m/fpu\libc.a(lib_a-malloc.o) (_malloc_r)
c:/users/hcs/.p2/pool/plugins/fr.ac6.mcu.externaltools.arm-none.win32_1.13.1.201701200843/tools/compiler/bin/../lib/gcc/arm-none-eabi/5.4.1/../../../../arm-none-eabi/lib/armv7e-m/fpu\libc.a(lib_a-memcpy.o)
                              asp/src/cbus.o (memcpy)
c:/users/hcs/.p2/pool/plugins/fr.ac6.mcu.externaltools.arm-none.win32_1.13.1.201701200843/tools/compiler/bin/../lib/gcc/arm-none-eabi/5.4.1/../../../../arm-none-eabi/lib/armv7e-m/fpu\libc.a(lib_a-memset.o)
                              c:/users/hcs/.p2/pool/plugins/fr.ac6.mcu.externaltools.arm-none.win32_1.13.1.201701200843/tools/compiler/bin/../lib/gcc/arm-none-eabi/5.4.1/../../../../arm-none-eabi/lib/armv7e-m/fpu/crt0.o (memset)
c:/users/hcs/.p2/pool/plugins/fr.ac6.mcu.externaltools.arm-none.win32_1.13.1.201701200843/tools/compiler/bin/../lib/gcc/arm-none-eabi/5.4.1/../../../../arm-none-eabi/lib/armv7e-m/fpu\libc.a(lib_a-mlock.o)
                              c:/users/hcs/.p2/pool/plugins/fr.ac6.mcu.externaltools.arm-none.win32_1.13.1.201701200843/tools/compiler/bin/../lib/gcc/arm-none-eabi/5.4.1/../../../../arm-none-eabi/lib/armv7e-m/fpu\libc.a(lib_a-mallocr.o) (__malloc_lock)
c:/users/hcs/.p2/pool/plugins/fr.ac6.mcu.externaltools.arm-none.win32_1.13.1.201701200843/tools/compiler/bin/../lib/gcc/arm-none-eabi/5.4.1/../../../../arm-none-eabi/lib/armv7e-m/fpu\libc.a(lib_a-sbrkr.o)
                              c:/users/hcs/.p2/pool/plugins/fr.ac6.mcu.externaltools.arm-none.win32_1.13.1.201701200843/tools/compiler/bin/../lib/gcc/arm-none-eabi/5.4.1/../../../../arm-none-eabi/lib/armv7e-m/fpu\libc.a(lib_a-mallocr.o) (_sbrk_r)
c:/users/hcs/.p2/pool/plugins/fr.ac6.mcu.externaltools.arm-none.win32_1.13.1.201701200843/tools/compiler/bin/../lib/gcc/arm-none-eabi/5.4.1/../../../../arm-none-eabi/lib/armv7e-m/fpu\libc.a(lib_a-strlen.o)
                              bsp/src/tty.o (strlen)
[...]
Memory Configuration

Name             Origin             Length             Attributes
RAM              0x20000000         0x00030000         xrw
ROM              0x08000000         0x00200000         xr
*default*        0x00000000         0xffffffff

Linker script and memory map

LOAD c:/users/hcs/.p2/pool/plugins/fr.ac6.mcu.externaltools.arm-none.win32_1.13.1.201701200843/tools/compiler/bin/../lib/gcc/arm-none-eabi/5.4.1/armv7e-m/fpu/crti.o
LOAD c:/users/hcs/.p2/pool/plugins/fr.ac6.mcu.externaltools.arm-none.win32_1.13.1.201701200843/tools/compiler/bin/../lib/gcc/arm-none-eabi/5.4.1/armv7e-m/fpu/crtbegin.o
LOAD c:/users/hcs/.p2/pool/plugins/fr.ac6.mcu.externaltools.arm-none.win32_1.13.1.201701200843/tools/compiler/bin/../lib/gcc/arm-none-eabi/5.4.1/../../../../arm-none-eabi/lib/armv7e-m/fpu/crt0.o
LOAD c:/users/hcs/.p2/pool/plugins/fr.ac6.mcu.externaltools.arm-none.win32_1.13.1.201701200843/tools/compiler/bin/../lib/gcc/arm-none-eabi/5.4.1/../../../../arm-none-eabi/lib/armv7e-m/fpu\libm.a
LOAD app/src/act.o
LOAD app/src/app.o
LOAD app/src/can.o
LOAD app/src/cfg.o
LOAD app/src/clk.o
LOAD app/src/cmd.o
LOAD app/src/com.o
LOAD app/src/ctl.o
LOAD app/src/dci.o
LOAD app/src/fos.o
LOAD app/src/fun.o
LOAD app/src/hci.o
LOAD app/src/mec.o
LOAD app/src/odo.o
LOAD app/src/rci.o
LOAD app/src/sys.o
LOAD app/src/wdg.o
LOAD asp/src/ahrs.o
LOAD asp/src/cbus.o
LOAD asp/src/crc16.o
LOAD asp/src/dbus.o
LOAD asp/src/est.o
LOAD asp/src/fifo.o
LOAD asp/src/gauss.o
LOAD asp/src/gdf.o
LOAD asp/src/hcp.o
LOAD asp/src/kalman.o
LOAD asp/src/mafilter.o
LOAD asp/src/mecanum.o
LOAD asp/src/pid.o
LOAD asp/src/ramp.o
LOAD asp/src/rcp.o
LOAD asp/src/stack.o
LOAD bsp/src/bsp.o
LOAD bsp/src/can1.o
LOAD bsp/src/can2.o
LOAD bsp/src/delay.o
LOAD bsp/src/flash.o
LOAD bsp/src/led.o
LOAD bsp/src/motor.o
LOAD bsp/src/rcv.o
LOAD bsp/src/startup_stm32.o
LOAD bsp/src/stm32util.o
LOAD bsp/src/system_stm32f4xx.o
LOAD bsp/src/tim.o
LOAD bsp/src/tty.o
LOAD srv/src/can_srv.o
LOAD srv/src/rcv_srv.o
LOAD srv/src/srv.o
LOAD srv/src/tim_srv.o
LOAD srv/src/tty_srv.o
LOAD stl/StdPeriph_Driver/src/misc.o
LOAD stl/StdPeriph_Driver/src/stm32f4xx_adc.o
LOAD stl/StdPeriph_Driver/src/stm32f4xx_can.o
LOAD stl/StdPeriph_Driver/src/stm32f4xx_cec.o
LOAD stl/StdPeriph_Driver/src/stm32f4xx_crc.o
LOAD stl/StdPeriph_Driver/src/stm32f4xx_cryp.o
LOAD stl/StdPeriph_Driver/src/stm32f4xx_cryp_aes.o
LOAD stl/StdPeriph_Driver/src/stm32f4xx_cryp_des.o
LOAD stl/StdPeriph_Driver/src/stm32f4xx_cryp_tdes.o
LOAD stl/StdPeriph_Driver/src/stm32f4xx_dac.o
LOAD stl/StdPeriph_Driver/src/stm32f4xx_dbgmcu.o
LOAD stl/StdPeriph_Driver/src/stm32f4xx_dcmi.o
LOAD stl/StdPeriph_Driver/src/stm32f4xx_dfsdm.o
LOAD stl/StdPeriph_Driver/src/stm32f4xx_dma.o
LOAD stl/StdPeriph_Driver/src/stm32f4xx_dma2d.o
LOAD stl/StdPeriph_Driver/src/stm32f4xx_dsi.o
LOAD stl/StdPeriph_Driver/src/stm32f4xx_exti.o
LOAD stl/StdPeriph_Driver/src/stm32f4xx_flash.o
LOAD stl/StdPeriph_Driver/src/stm32f4xx_flash_ramfunc.o
LOAD stl/StdPeriph_Driver/src/stm32f4xx_fmc.o
LOAD stl/StdPeriph_Driver/src/stm32f4xx_fmip2c.o
LOAD stl/StdPeriph_Driver/src/stm32f4xx_fsmc.o
LOAD stl/StdPeriph_Driver/src/stm32f4xx_gpio.o
LOAD stl/StdPeriph_Driver/src/stm32f4xx_hash.o
LOAD stl/StdPeriph_Driver/src/stm32f4xx_hash_md5.o
LOAD stl/StdPeriph_Driver/src/stm32f4xx_hash_sha1.o
LOAD stl/StdPeriph_Driver/src/stm32f4xx_i2c.o
LOAD stl/StdPeriph_Driver/src/stm32f4xx_iwdg.o
LOAD stl/StdPeriph_Driver/src/stm32f4xx_lptim.o
LOAD stl/StdPeriph_Driver/src/stm32f4xx_ltdc.o
LOAD stl/StdPeriph_Driver/src/stm32f4xx_pwr.o
LOAD stl/StdPeriph_Driver/src/stm32f4xx_qspi.o
LOAD stl/StdPeriph_Driver/src/stm32f4xx_rcc.o
LOAD stl/StdPeriph_Driver/src/stm32f4xx_rng.o
LOAD stl/StdPeriph_Driver/src/stm32f4xx_rtc.o
LOAD stl/StdPeriph_Driver/src/stm32f4xx_sai.o
LOAD stl/StdPeriph_Driver/src/stm32f4xx_sdio.o
LOAD stl/StdPeriph_Driver/src/stm32f4xx_spdifrx.o
LOAD stl/StdPeriph_Driver/src/stm32f4xx_spi.o
LOAD stl/StdPeriph_Driver/src/stm32f4xx_syscfg.o
LOAD stl/StdPeriph_Driver/src/stm32f4xx_tim.o
LOAD stl/StdPeriph_Driver/src/stm32f4xx_usart.o
LOAD stl/StdPeriph_Driver/src/stm32f4xx_wwdg.o
LOAD syscalls.o
LOAD usr/src/main.o
START GROUP
LOAD c:/users/hcs/.p2/pool/plugins/fr.ac6.mcu.externaltools.arm-none.win32_1.13.1.201701200843/tools/compiler/bin/../lib/gcc/arm-none-eabi/5.4.1/armv7e-m/fpu\libgcc.a
LOAD c:/users/hcs/.p2/pool/plugins/fr.ac6.mcu.externaltools.arm-none.win32_1.13.1.201701200843/tools/compiler/bin/../lib/gcc/arm-none-eabi/5.4.1/../../../../arm-none-eabi/lib/armv7e-m/fpu\libc.a
END GROUP
LOAD c:/users/hcs/.p2/pool/plugins/fr.ac6.mcu.externaltools.arm-none.win32_1.13.1.201701200843/tools/compiler/bin/../lib/gcc/arm-none-eabi/5.4.1/armv7e-m/fpu/crtend.o
LOAD c:/users/hcs/.p2/pool/plugins/fr.ac6.mcu.externaltools.arm-none.win32_1.13.1.201701200843/tools/compiler/bin/../lib/gcc/arm-none-eabi/5.4.1/armv7e-m/fpu/crtn.o
                0x20030000                _estack = 0x20030000
                0x00000000                _Min_Heap_Size = 0x0
                0x00000400                _Min_Stack_Size = 0x400

.isr_vector     0x08000000      0x188
                0x08000000                . = ALIGN (0x4)
 *(.isr_vector)
 .isr_vector    0x08000000      0x188 bsp/src/startup_stm32.o
                0x08000000                g_pfnVectors
                0x08000188                . = ALIGN (0x4)

.text           0x08000188     0x4ac8
                0x08000188                . = ALIGN (0x4)
 *(.text)
 .text          0x08000188       0x5c c:/users/hcs/.p2/pool/plugins/fr.ac6.mcu.externaltools.arm-none.win32_1.13.1.201701200843/tools/compiler/bin/../lib/gcc/arm-none-eabi/5.4.1/armv7e-m/fpu/crtbegin.o
 *(.text*)
 .text.Act_Init
                0x080001e4       0x2c app/src/act.o
                0x080001e4                Act_Init
 .text.App_Init
                0x08000210       0x28 app/src/app.o
                0x08000210                App_Init
 .text.Can_Init
                0x08000238       0x5c app/src/can.o
                0x08000238                Can_Init
 .text.Cfg_Load
                0x08000294       0x1c app/src/cfg.o
                0x08000294                Cfg_Load
 .text.Cfg_GetFlag
                0x080002b0       0x20 app/src/cfg.o
                0x080002b0                Cfg_GetFlag
 .text.Cfg_Init
                0x080002d0       0x1c app/src/cfg.o
                0x080002d0                Cfg_Init
 .text.Clk_Init
                0x080002ec       0x24 app/src/clk.o
                0x080002ec                Clk_Init
 .text.Cmd_Init
                0x08000310       0x4c app/src/cmd.o
                0x08000310                Cmd_Init
 .text.Com_Init
                0x0800035c        0xc app/src/com.o
                0x0800035c                Com_Init
 .text.Ctl_Init
                0x08000368       0x8c app/src/ctl.o
                0x08000368                Ctl_Init
 .text.DCI_Init
                0x080003f4       0x14 app/src/dci.o
                0x080003f4                DCI_Init
 .text.Fos_Read
                0x08000408       0x20 app/src/fos.o
                0x08000408                Fos_Read
 .text.Odo_Init
                0x08000428       0x98 app/src/odo.o
                0x08000428                Odo_Init
 .text.FS_Clr   0x080004c0       0x24 app/src/sys.o
                0x080004c0                FS_Clr
 .text.CS_Set   0x080004e4       0x34 app/src/sys.o
                0x080004e4                CS_Set
 .text.MS_Set   0x08000518       0x3c app/src/sys.o
                0x08000518                MS_Set
 .text.Wdg_Init
                0x08000554       0x10 app/src/wdg.o
                0x08000554                Wdg_Init
 .text.DBUS_Rst
                0x08000564       0x24 asp/src/dbus.o
                0x08000564                DBUS_Rst
 .text.Est_Create
                0x08000588       0x94 asp/src/est.o
                0x08000588                Est_Create
 .text.FIFO_Init
                0x0800061c       0x28 asp/src/fifo.o
                0x0800061c                FIFO_Init
 .text.FIFO_Flush
                0x08000644       0x34 asp/src/fifo.o
                0x08000644                FIFO_Flush
 .text.GaussCreate
                0x08000678       0x5c asp/src/gauss.o
                0x08000678                GaussCreate
 .text.GaussReset
                0x080006d4       0x98 asp/src/gauss.o
                0x080006d4                GaussReset
 .text.GaussDestroy
                0x0800076c       0x38 asp/src/gauss.o
                0x0800076c                GaussDestroy
 .text.HCP_Rst  0x080007a4       0x3c asp/src/hcp.o
                0x080007a4                HCP_Rst
 .text.KalmanReset
                0x080007e0       0x34 asp/src/kalman.o
                0x080007e0                KalmanReset
 .text.KalmanSetQ
                0x08000814       0x20 asp/src/kalman.o
                0x08000814                KalmanSetQ
 .text.KalmanCreate
                0x08000834       0x2c asp/src/kalman.o
                0x08000834                KalmanCreate
 .text.PID_Reset
                0x08000860       0x24 asp/src/pid.o
                0x08000860                PID_Reset
 .text.Ramp_Reset
                0x08000884       0x1c asp/src/ramp.o
                0x08000884                Ramp_Reset
 .text.RCP_Rst  0x080008a0       0x50 asp/src/rcp.o
                0x080008a0                RCP_Rst
 .text.Bsp_Config
                0x080008f0       0x3c bsp/src/bsp.o
                0x080008f0                Bsp_Config
 .text.Can1_Config
                0x0800092c       0x78 bsp/src/can1.o
                0x0800092c                Can1_Config
 .text.Can2_Config
                0x080009a4       0x78 bsp/src/can2.o
                0x080009a4                Can2_Config
 .text.Flash_ReadByte
                0x08000a1c       0x1c bsp/src/flash.o
 .text.Flash_Read
                0x08000a38       0x40 bsp/src/flash.o
                0x08000a38                Flash_Read
 .text.Led_Config
                0x08000a78       0x38 bsp/src/led.o
                0x08000a78                Led_Config
 .text.CM_Cmd   0x08000ab0       0x98 bsp/src/motor.o
                0x08000ab0                CM_Cmd
 .text.GM_Cmd   0x08000b48       0x6c bsp/src/motor.o
                0x08000b48                GM_Cmd
 .text.Rcv_Config
                0x08000bb4       0xa0 bsp/src/rcv.o
                0x08000bb4                Rcv_Config
 .text.Reset_Handler
                0x08000c54       0x48 bsp/src/startup_stm32.o
                0x08000c54                Reset_Handler
 .text.Default_Handler
                0x08000c9c        0x2 bsp/src/startup_stm32.o
                0x08000c9c                DebugMon_Handler
                0x08000c9c                HardFault_Handler
                0x08000c9c                SysTick_Handler
                0x08000c9c                PendSV_Handler
                0x08000c9c                NMI_Handler
                0x08000c9c                UsageFault_Handler
                0x08000c9c                Default_Handler
                0x08000c9c                MemManage_Handler
                0x08000c9c                SVC_Handler
                0x08000c9c                BusFault_Handler
 *fill*         0x08000c9e        0x2 
 .text.GPIO_Config
                0x08000ca0      0x138 bsp/src/stm32util.o
                0x08000ca0                GPIO_Config
 .text.GPIO_Out
                0x08000dd8       0x20 bsp/src/stm32util.o
                0x08000dd8                GPIO_Out
 .text.GPIO_AF  0x08000df8       0x40 bsp/src/stm32util.o
                0x08000df8                GPIO_AF
 .text.USART_Bind
                0x08000e38     0x1c20 bsp/src/stm32util.o
                0x08000e38                USART_Bind
 .text.USART_Config
                0x08002a58      0x1f0 bsp/src/stm32util.o
                0x08002a58                USART_Config
 .text.TIM_Config
                0x08002c48      0x158 bsp/src/stm32util.o
                0x08002c48                TIM_Config
 .text.NVIC_Config
                0x08002da0       0x34 bsp/src/stm32util.o
                0x08002da0                NVIC_Config
 .text.CAN_Config
                0x08002dd4       0x88 bsp/src/stm32util.o
                0x08002dd4                CAN_Config
 .text.CAN_Filter_Config
                0x08002e5c       0x58 bsp/src/stm32util.o
                0x08002e5c                CAN_Filter_Config
 .text.DMA_Config
                0x08002eb4       0x98 bsp/src/stm32util.o
                0x08002eb4                DMA_Config
 .text.SystemInit
                0x08002f4c       0x6c bsp/src/system_stm32f4xx.o
                0x08002f4c                SystemInit
 .text.SetSysClock
                0x08002fb8      0x12c bsp/src/system_stm32f4xx.o
 .text.TickTim_Config
                0x080030e4       0x38 bsp/src/tim.o
                0x080030e4                TickTim_Config
 .text.TickTim_Start
                0x0800311c       0x28 bsp/src/tim.o
                0x0800311c                TickTim_Start
 .text.SyncTim_Config
                0x08003144       0x30 bsp/src/tim.o
                0x08003144                SyncTim_Config
 .text.SyncTim_Start
                0x08003174       0x28 bsp/src/tim.o
                0x08003174                SyncTim_Start
 .text.Tim_Config
                0x0800319c       0x10 bsp/src/tim.o
                0x0800319c                Tim_Config
 .text.Tim_Start
                0x080031ac       0x10 bsp/src/tim.o
                0x080031ac                Tim_Start
 .text.Tty_Config
                0x080031bc       0x7c bsp/src/tty.o
                0x080031bc                Tty_Config
 .text.NVIC_PriorityGroupConfig
                0x08003238       0x28 stl/StdPeriph_Driver/src/misc.o
                0x08003238                NVIC_PriorityGroupConfig
 .text.NVIC_Init
                0x08003260       0xc4 stl/StdPeriph_Driver/src/misc.o
                0x08003260                NVIC_Init
 .text.CAN_Init
                0x08003324      0x1a4 stl/StdPeriph_Driver/src/stm32f4xx_can.o
                0x08003324                CAN_Init
 .text.CAN_FilterInit
                0x080034c8      0x178 stl/StdPeriph_Driver/src/stm32f4xx_can.o
                0x080034c8                CAN_FilterInit
 .text.CAN_Transmit
                0x08003640      0x198 stl/StdPeriph_Driver/src/stm32f4xx_can.o
                0x08003640                CAN_Transmit
 .text.CAN_ITConfig
                0x080037d8       0x3c stl/StdPeriph_Driver/src/stm32f4xx_can.o
                0x080037d8                CAN_ITConfig
 .text.DMA_Init
                0x08003814       0xb0 stl/StdPeriph_Driver/src/stm32f4xx_dma.o
                0x08003814                DMA_Init
 .text.DMA_Cmd  0x080038c4       0x38 stl/StdPeriph_Driver/src/stm32f4xx_dma.o
                0x080038c4                DMA_Cmd
 .text.DMA_DoubleBufferModeConfig
                0x080038fc       0x40 stl/StdPeriph_Driver/src/stm32f4xx_dma.o
                0x080038fc                DMA_DoubleBufferModeConfig
 .text.DMA_DoubleBufferModeCmd
                0x0800393c       0x38 stl/StdPeriph_Driver/src/stm32f4xx_dma.o
                0x0800393c                DMA_DoubleBufferModeCmd
 .text.GPIO_Init
                0x08003974      0x11c stl/StdPeriph_Driver/src/stm32f4xx_gpio.o
                0x08003974                GPIO_Init
 .text.GPIO_SetBits
                0x08003a90       0x20 stl/StdPeriph_Driver/src/stm32f4xx_gpio.o
                0x08003a90                GPIO_SetBits
 .text.GPIO_ResetBits
                0x08003ab0       0x20 stl/StdPeriph_Driver/src/stm32f4xx_gpio.o
                0x08003ab0                GPIO_ResetBits
 .text.GPIO_PinAFConfig
                0x08003ad0       0x94 stl/StdPeriph_Driver/src/stm32f4xx_gpio.o
                0x08003ad0                GPIO_PinAFConfig
 .text.RCC_GetClocksFreq
                0x08003b64      0x154 stl/StdPeriph_Driver/src/stm32f4xx_rcc.o
                0x08003b64                RCC_GetClocksFreq
 .text.RCC_AHB1PeriphClockCmd
                0x08003cb8       0x40 stl/StdPeriph_Driver/src/stm32f4xx_rcc.o
                0x08003cb8                RCC_AHB1PeriphClockCmd
 .text.RCC_APB1PeriphClockCmd
                0x08003cf8       0x40 stl/StdPeriph_Driver/src/stm32f4xx_rcc.o
                0x08003cf8                RCC_APB1PeriphClockCmd
 .text.RCC_APB2PeriphClockCmd
                0x08003d38       0x40 stl/StdPeriph_Driver/src/stm32f4xx_rcc.o
                0x08003d38                RCC_APB2PeriphClockCmd
 .text.TIM_TimeBaseInit
                0x08003d78       0xd8 stl/StdPeriph_Driver/src/stm32f4xx_tim.o
                0x08003d78                TIM_TimeBaseInit
 .text.TIM_ARRPreloadConfig
                0x08003e50       0x40 stl/StdPeriph_Driver/src/stm32f4xx_tim.o
                0x08003e50                TIM_ARRPreloadConfig
 .text.TIM_Cmd  0x08003e90       0x40 stl/StdPeriph_Driver/src/stm32f4xx_tim.o
                0x08003e90                TIM_Cmd
 .text.TIM_ITConfig
                0x08003ed0       0x48 stl/StdPeriph_Driver/src/stm32f4xx_tim.o
                0x08003ed0                TIM_ITConfig
 .text.TIM_ClearFlag
                0x08003f18       0x24 stl/StdPeriph_Driver/src/stm32f4xx_tim.o
                0x08003f18                TIM_ClearFlag
 .text.USART_Init
                0x08003f3c      0x174 stl/StdPeriph_Driver/src/stm32f4xx_usart.o
                0x08003f3c                USART_Init
 .text.USART_Cmd
                0x080040b0       0x40 stl/StdPeriph_Driver/src/stm32f4xx_usart.o
                0x080040b0                USART_Cmd
 .text.USART_DMACmd
                0x080040f0       0x48 stl/StdPeriph_Driver/src/stm32f4xx_usart.o
                0x080040f0                USART_DMACmd
 .text.USART_ITConfig
                0x08004138       0x90 stl/StdPeriph_Driver/src/stm32f4xx_usart.o
                0x08004138                USART_ITConfig
 .text._sbrk    0x080041c8       0x58 syscalls.o
                0x080041c8                _sbrk
 .text.main     0x08004220        0xc usr/src/main.o
                0x08004220                main
 .text.__errno  0x0800422c        0xc c:/users/hcs/.p2/pool/plugins/fr.ac6.mcu.externaltools.arm-none.win32_1.13.1.201701200843/tools/compiler/bin/../lib/gcc/arm-none-eabi/5.4.1/../../../../arm-none-eabi/lib/armv7e-m/fpu\libc.a(lib_a-errno.o)
                0x0800422c                __errno
 .text.__libc_init_array
                0x08004238       0x50 c:/users/hcs/.p2/pool/plugins/fr.ac6.mcu.externaltools.arm-none.win32_1.13.1.201701200843/tools/compiler/bin/../lib/gcc/arm-none-eabi/5.4.1/../../../../arm-none-eabi/lib/armv7e-m/fpu\libc.a(lib_a-init.o)
                0x08004238                __libc_init_array
 .text.malloc   0x08004288       0x10 c:/users/hcs/.p2/pool/plugins/fr.ac6.mcu.externaltools.arm-none.win32_1.13.1.201701200843/tools/compiler/bin/../lib/gcc/arm-none-eabi/5.4.1/../../../../arm-none-eabi/lib/armv7e-m/fpu\libc.a(lib_a-malloc.o)
                0x08004288                malloc
 .text.free     0x08004298       0x10 c:/users/hcs/.p2/pool/plugins/fr.ac6.mcu.externaltools.arm-none.win32_1.13.1.201701200843/tools/compiler/bin/../lib/gcc/arm-none-eabi/5.4.1/../../../../arm-none-eabi/lib/armv7e-m/fpu\libc.a(lib_a-malloc.o)
                0x08004298                free
 .text._malloc_r
                0x080042a8      0x570 c:/users/hcs/.p2/pool/plugins/fr.ac6.mcu.externaltools.arm-none.win32_1.13.1.201701200843/tools/compiler/bin/../lib/gcc/arm-none-eabi/5.4.1/../../../../arm-none-eabi/lib/armv7e-m/fpu\libc.a(lib_a-mallocr.o)
                0x080042a8                _malloc_r
 .text.memset   0x08004818       0x9c c:/users/hcs/.p2/pool/plugins/fr.ac6.mcu.externaltools.arm-none.win32_1.13.1.201701200843/tools/compiler/bin/../lib/gcc/arm-none-eabi/5.4.1/../../../../arm-none-eabi/lib/armv7e-m/fpu\libc.a(lib_a-memset.o)
                0x08004818                memset
 .text.__malloc_lock
                0x080048b4        0x4 c:/users/hcs/.p2/pool/plugins/fr.ac6.mcu.externaltools.arm-none.win32_1.13.1.201701200843/tools/compiler/bin/../lib/gcc/arm-none-eabi/5.4.1/../../../../arm-none-eabi/lib/armv7e-m/fpu\libc.a(lib_a-mlock.o)
                0x080048b4                __malloc_lock
 .text.__malloc_unlock
                0x080048b8        0x4 c:/users/hcs/.p2/pool/plugins/fr.ac6.mcu.externaltools.arm-none.win32_1.13.1.201701200843/tools/compiler/bin/../lib/gcc/arm-none-eabi/5.4.1/../../../../arm-none-eabi/lib/armv7e-m/fpu\libc.a(lib_a-mlock.o)
                0x080048b8                __malloc_unlock
 .text._sbrk_r  0x080048bc       0x24 c:/users/hcs/.p2/pool/plugins/fr.ac6.mcu.externaltools.arm-none.win32_1.13.1.201701200843/tools/compiler/bin/../lib/gcc/arm-none-eabi/5.4.1/../../../../arm-none-eabi/lib/armv7e-m/fpu\libc.a(lib_a-sbrkr.o)
                0x080048bc                _sbrk_r
 .text.startup.register_fini
                0x080048e0       0x14 c:/users/hcs/.p2/pool/plugins/fr.ac6.mcu.externaltools.arm-none.win32_1.13.1.201701200843/tools/compiler/bin/../lib/gcc/arm-none-eabi/5.4.1/../../../../arm-none-eabi/lib/armv7e-m/fpu\libc.a(lib_a-__call_atexit.o)
 .text.atexit   0x080048f4        0xc c:/users/hcs/.p2/pool/plugins/fr.ac6.mcu.externaltools.arm-none.win32_1.13.1.201701200843/tools/compiler/bin/../lib/gcc/arm-none-eabi/5.4.1/../../../../arm-none-eabi/lib/armv7e-m/fpu\libc.a(lib_a-atexit.o)
                0x080048f4                atexit
 .text.__libc_fini_array
                0x08004900       0x28 c:/users/hcs/.p2/pool/plugins/fr.ac6.mcu.externaltools.arm-none.win32_1.13.1.201701200843/tools/compiler/bin/../lib/gcc/arm-none-eabi/5.4.1/../../../../arm-none-eabi/lib/armv7e-m/fpu\libc.a(lib_a-fini.o)
                0x08004900                __libc_fini_array
 .text._malloc_trim_r
                0x08004928       0x9c c:/users/hcs/.p2/pool/plugins/fr.ac6.mcu.externaltools.arm-none.win32_1.13.1.201701200843/tools/compiler/bin/../lib/gcc/arm-none-eabi/5.4.1/../../../../arm-none-eabi/lib/armv7e-m/fpu\libc.a(lib_a-freer.o)
                0x08004928                _malloc_trim_r
 .text._free_r  0x080049c4      0x1d0 c:/users/hcs/.p2/pool/plugins/fr.ac6.mcu.externaltools.arm-none.win32_1.13.1.201701200843/tools/compiler/bin/../lib/gcc/arm-none-eabi/5.4.1/../../../../arm-none-eabi/lib/armv7e-m/fpu\libc.a(lib_a-freer.o)
                0x080049c4                _free_r
 .text.__register_exitproc
                0x08004b94       0xa4 c:/users/hcs/.p2/pool/plugins/fr.ac6.mcu.externaltools.arm-none.win32_1.13.1.201701200843/tools/compiler/bin/../lib/gcc/arm-none-eabi/5.4.1/../../../../arm-none-eabi/lib/armv7e-m/fpu\libc.a(lib_a-__atexit.o)
                0x08004b94                __register_exitproc
 *(.glue_7)
 .glue_7        0x08004c38        0x0 linker stubs
 *(.glue_7t)
 .glue_7t       0x08004c38        0x0 linker stubs
 *(.eh_frame)
 .eh_frame      0x08004c38        0x0 c:/users/hcs/.p2/pool/plugins/fr.ac6.mcu.externaltools.arm-none.win32_1.13.1.201701200843/tools/compiler/bin/../lib/gcc/arm-none-eabi/5.4.1/armv7e-m/fpu/crtbegin.o
 *(.init)
 .init          0x08004c38        0x4 c:/users/hcs/.p2/pool/plugins/fr.ac6.mcu.externaltools.arm-none.win32_1.13.1.201701200843/tools/compiler/bin/../lib/gcc/arm-none-eabi/5.4.1/armv7e-m/fpu/crti.o
                0x08004c38                _init
 .init          0x08004c3c        0x8 c:/users/hcs/.p2/pool/plugins/fr.ac6.mcu.externaltools.arm-none.win32_1.13.1.201701200843/tools/compiler/bin/../lib/gcc/arm-none-eabi/5.4.1/armv7e-m/fpu/crtn.o
 *(.fini)
 .fini          0x08004c44        0x4 c:/users/hcs/.p2/pool/plugins/fr.ac6.mcu.externaltools.arm-none.win32_1.13.1.201701200843/tools/compiler/bin/../lib/gcc/arm-none-eabi/5.4.1/armv7e-m/fpu/crti.o
                0x08004c44                _fini
 .fini          0x08004c48        0x8 c:/users/hcs/.p2/pool/plugins/fr.ac6.mcu.externaltools.arm-none.win32_1.13.1.201701200843/tools/compiler/bin/../lib/gcc/arm-none-eabi/5.4.1/armv7e-m/fpu/crtn.o
                0x08004c50                . = ALIGN (0x4)
                0x08004c50                _etext = .

.vfp11_veneer   0x08004c50        0x0
 .vfp11_veneer  0x08004c50        0x0 linker stubs

.v4_bx          0x08004c50        0x0
 .v4_bx         0x08004c50        0x0 linker stubs

.iplt           0x08004c50        0x0
 .iplt          0x08004c50        0x0 c:/users/hcs/.p2/pool/plugins/fr.ac6.mcu.externaltools.arm-none.win32_1.13.1.201701200843/tools/compiler/bin/../lib/gcc/arm-none-eabi/5.4.1/armv7e-m/fpu/crtbegin.o

.rodata         0x08004c50        0x4
                0x08004c50                . = ALIGN (0x4)
 *(.rodata)
 *(.rodata*)
 .rodata._global_impure_ptr
                0x08004c50        0x4 c:/users/hcs/.p2/pool/plugins/fr.ac6.mcu.externaltools.arm-none.win32_1.13.1.201701200843/tools/compiler/bin/../lib/gcc/arm-none-eabi/5.4.1/../../../../arm-none-eabi/lib/armv7e-m/fpu\libc.a(lib_a-impure.o)
                0x08004c50                _global_impure_ptr
                0x08004c54                . = ALIGN (0x4)

.rel.dyn        0x08004c54        0x0
 .rel.iplt      0x08004c54        0x0 c:/users/hcs/.p2/pool/plugins/fr.ac6.mcu.externaltools.arm-none.win32_1.13.1.201701200843/tools/compiler/bin/../lib/gcc/arm-none-eabi/5.4.1/armv7e-m/fpu/crtbegin.o

.ARM.extab      0x08004c54        0x0
                0x08004c54                . = ALIGN (0x4)
 *(.ARM.extab* .gnu.linkonce.armextab.*)
                0x08004c54                . = ALIGN (0x4)

.ARM            0x08004c54        0x0
                0x08004c54                . = ALIGN (0x4)
                0x08004c54                __exidx_start = .
 *(.ARM.exidx*)
                0x08004c54                __exidx_end = .
                0x08004c54                . = ALIGN (0x4)

.preinit_array  0x08004c54        0x0
                0x08004c54                . = ALIGN (0x4)
                0x08004c54                PROVIDE (__preinit_array_start, .)
 *(.preinit_array*)
                0x08004c54                PROVIDE (__preinit_array_end, .)
                0x08004c54                . = ALIGN (0x4)

.init_array     0x08004c54        0x8
                0x08004c54                . = ALIGN (0x4)
                0x08004c54                PROVIDE (__init_array_start, .)
 *(SORT(.init_array.*))
 .init_array.00000
                0x08004c54        0x4 c:/users/hcs/.p2/pool/plugins/fr.ac6.mcu.externaltools.arm-none.win32_1.13.1.201701200843/tools/compiler/bin/../lib/gcc/arm-none-eabi/5.4.1/../../../../arm-none-eabi/lib/armv7e-m/fpu\libc.a(lib_a-__call_atexit.o)
 *(.init_array*)
 .init_array    0x08004c58        0x4 c:/users/hcs/.p2/pool/plugins/fr.ac6.mcu.externaltools.arm-none.win32_1.13.1.201701200843/tools/compiler/bin/../lib/gcc/arm-none-eabi/5.4.1/armv7e-m/fpu/crtbegin.o
                0x08004c5c                PROVIDE (__init_array_end, .)
                0x08004c5c                . = ALIGN (0x4)

.fini_array     0x08004c5c        0x4
                0x08004c5c                . = ALIGN (0x4)
                0x08004c5c                PROVIDE (__fini_array_start, .)
 *(SORT(.fini_array.*))
 *(.fini_array*)
 .fini_array    0x08004c5c        0x4 c:/users/hcs/.p2/pool/plugins/fr.ac6.mcu.externaltools.arm-none.win32_1.13.1.201701200843/tools/compiler/bin/../lib/gcc/arm-none-eabi/5.4.1/armv7e-m/fpu/crtbegin.o
                0x08004c60                PROVIDE (__fini_array_end, .)
                0x08004c60                . = ALIGN (0x4)
                0x08004c60                _sidata = LOADADDR (.data)

.data           0x20000000      0x95c load address 0x08004c60
                0x20000000                . = ALIGN (0x4)
                0x20000000                _sdata = .
 *(.data)
 .data          0x20000000      0x110 app/src/cfg.o
                0x20000000                cfg
 .data          0x20000110       0x10 stl/StdPeriph_Driver/src/stm32f4xx_rcc.o
 *(.data*)
 .data.impure_data
                0x20000120      0x428 c:/users/hcs/.p2/pool/plugins/fr.ac6.mcu.externaltools.arm-none.win32_1.13.1.201701200843/tools/compiler/bin/../lib/gcc/arm-none-eabi/5.4.1/../../../../arm-none-eabi/lib/armv7e-m/fpu\libc.a(lib_a-impure.o)
 .data._impure_ptr
                0x20000548        0x4 c:/users/hcs/.p2/pool/plugins/fr.ac6.mcu.externaltools.arm-none.win32_1.13.1.201701200843/tools/compiler/bin/../lib/gcc/arm-none-eabi/5.4.1/../../../../arm-none-eabi/lib/armv7e-m/fpu\libc.a(lib_a-impure.o)
                0x20000548                _impure_ptr
 .data.__malloc_av_
                0x2000054c      0x408 c:/users/hcs/.p2/pool/plugins/fr.ac6.mcu.externaltools.arm-none.win32_1.13.1.201701200843/tools/compiler/bin/../lib/gcc/arm-none-eabi/5.4.1/../../../../arm-none-eabi/lib/armv7e-m/fpu\libc.a(lib_a-mallocr.o)
                0x2000054c                __malloc_av_
 .data.__malloc_trim_threshold
                0x20000954        0x4 c:/users/hcs/.p2/pool/plugins/fr.ac6.mcu.externaltools.arm-none.win32_1.13.1.201701200843/tools/compiler/bin/../lib/gcc/arm-none-eabi/5.4.1/../../../../arm-none-eabi/lib/armv7e-m/fpu\libc.a(lib_a-mallocr.o)
                0x20000954                __malloc_trim_threshold
 .data.__malloc_sbrk_base
                0x20000958        0x4 c:/users/hcs/.p2/pool/plugins/fr.ac6.mcu.externaltools.arm-none.win32_1.13.1.201701200843/tools/compiler/bin/../lib/gcc/arm-none-eabi/5.4.1/../../../../arm-none-eabi/lib/armv7e-m/fpu\libc.a(lib_a-mallocr.o)
                0x20000958                __malloc_sbrk_base
                0x2000095c                . = ALIGN (0x4)
                0x2000095c                _edata = .

.jcr            0x2000095c        0x0 load address 0x080055bc
 .jcr           0x2000095c        0x0 c:/users/hcs/.p2/pool/plugins/fr.ac6.mcu.externaltools.arm-none.win32_1.13.1.201701200843/tools/compiler/bin/../lib/gcc/arm-none-eabi/5.4.1/armv7e-m/fpu/crtbegin.o

.igot.plt       0x2000095c        0x0 load address 0x080055bc
 .igot.plt      0x2000095c        0x0 c:/users/hcs/.p2/pool/plugins/fr.ac6.mcu.externaltools.arm-none.win32_1.13.1.201701200843/tools/compiler/bin/../lib/gcc/arm-none-eabi/5.4.1/armv7e-m/fpu/crtbegin.o
                0x2000095c                . = ALIGN (0x4)

.bss            0x2000095c      0x448 load address 0x080055bc
                0x2000095c                _sbss = .
                0x2000095c                __bss_start__ = _sbss
 *(.bss)
 .bss           0x2000095c       0x1c c:/users/hcs/.p2/pool/plugins/fr.ac6.mcu.externaltools.arm-none.win32_1.13.1.201701200843/tools/compiler/bin/../lib/gcc/arm-none-eabi/5.4.1/armv7e-m/fpu/crtbegin.o
 .bss           0x20000978       0x18 app/src/can.o
 .bss           0x20000990        0x8 app/src/clk.o
 .bss           0x20000998       0x48 bsp/src/rcv.o
 .bss           0x200009e0      0x228 bsp/src/tty.o
 .bss           0x20000c08        0x8 syscalls.o
                0x20000c08                __env
 *(.bss*)
 .bss.__malloc_max_total_mem
                0x20000c10        0x4 c:/users/hcs/.p2/pool/plugins/fr.ac6.mcu.externaltools.arm-none.win32_1.13.1.201701200843/tools/compiler/bin/../lib/gcc/arm-none-eabi/5.4.1/../../../../arm-none-eabi/lib/armv7e-m/fpu\libc.a(lib_a-mallocr.o)
                0x20000c10                __malloc_max_total_mem
 .bss.__malloc_max_sbrked_mem
                0x20000c14        0x4 c:/users/hcs/.p2/pool/plugins/fr.ac6.mcu.externaltools.arm-none.win32_1.13.1.201701200843/tools/compiler/bin/../lib/gcc/arm-none-eabi/5.4.1/../../../../arm-none-eabi/lib/armv7e-m/fpu\libc.a(lib_a-mallocr.o)
                0x20000c14                __malloc_max_sbrked_mem
 .bss.__malloc_top_pad
                0x20000c18        0x4 c:/users/hcs/.p2/pool/plugins/fr.ac6.mcu.externaltools.arm-none.win32_1.13.1.201701200843/tools/compiler/bin/../lib/gcc/arm-none-eabi/5.4.1/../../../../arm-none-eabi/lib/armv7e-m/fpu\libc.a(lib_a-mallocr.o)
                0x20000c18                __malloc_top_pad
 .bss.__malloc_current_mallinfo
                0x20000c1c       0x28 c:/users/hcs/.p2/pool/plugins/fr.ac6.mcu.externaltools.arm-none.win32_1.13.1.201701200843/tools/compiler/bin/../lib/gcc/arm-none-eabi/5.4.1/../../../../arm-none-eabi/lib/armv7e-m/fpu\libc.a(lib_a-mallocr.o)
                0x20000c1c                __malloc_current_mallinfo
 *(COMMON)
 COMMON         0x20000c44       0x20 app/src/cmd.o
                0x20000c44                chassisVelocityRef
                0x20000c50                functionalStateRef
                0x20000c54                mecanumVelocityRef
 COMMON         0x20000c64       0xd8 app/src/ctl.o
                0x20000c64                CM2SpeedRamp
                0x20000c6c                CM4SpeedPID
                0x20000c94                mecanumCurrentsCtl
                0x20000ca4                CM3SpeedRamp
                0x20000cac                CM1SpeedPID
                0x20000cd4                functionalStateCtl
                0x20000cd8                CM2SpeedPID
                0x20000d00                workingState
                0x20000d04                CM4SpeedRamp
                0x20000d0c                CM3SpeedPID
                0x20000d34                CM1SpeedRamp
 COMMON         0x20000d3c       0x16 app/src/dci.o
                0x20000d3c                dbus
 *fill*         0x20000d52        0x2 
 COMMON         0x20000d54       0x4c app/src/odo.o
                0x20000d54                mecanumPositionFdb
                0x20000d64                chassisPositionFdb
                0x20000d70                functionalStateFdb
                0x20000d74                chassisVelocityFdb
                0x20000d80                mecanumCurrentsFdb
                0x20000d90                mecanumVelocityFdb
 COMMON         0x20000da0        0x4 c:/users/hcs/.p2/pool/plugins/fr.ac6.mcu.externaltools.arm-none.win32_1.13.1.201701200843/tools/compiler/bin/../lib/gcc/arm-none-eabi/5.4.1/../../../../arm-none-eabi/lib/armv7e-m/fpu\libc.a(lib_a-reent.o)
                0x20000da0                errno
                0x20000da4                . = ALIGN (0x4)
                0x20000da4                _ebss = .
                0x20000da4                __bss_end__ = _ebss

._user_heap_stack
                0x20000da4      0x404 load address 0x080055bc
                0x20000da8                . = ALIGN (0x8)
 *fill*         0x20000da4        0x4 
                0x20000da8                PROVIDE (end, .)
                [!provide]                PROVIDE (_end, .)
                0x20000da8                . = (. + _Min_Heap_Size)
                0x200011a8                . = (. + _Min_Stack_Size)
 *fill*         0x20000da8      0x400 
                0x200011a8                . = ALIGN (0x8)

/DISCARD/
 libc.a(*)
 libm.a(*)
 libgcc.a(*)

.ARM.attributes
                0x00000000       0x30
 *(.ARM.attributes)
 .ARM.attributes
                0x00000000       0x22 c:/users/hcs/.p2/pool/plugins/fr.ac6.mcu.externaltools.arm-none.win32_1.13.1.201701200843/tools/compiler/bin/../lib/gcc/arm-none-eabi/5.4.1/armv7e-m/fpu/crti.o
 .ARM.attributes
                0x00000022       0x34 c:/users/hcs/.p2/pool/plugins/fr.ac6.mcu.externaltools.arm-none.win32_1.13.1.201701200843/tools/compiler/bin/../lib/gcc/arm-none-eabi/5.4.1/armv7e-m/fpu/crtbegin.o
 .ARM.attributes
                0x00000056       0x39 app/src/act.o
 .ARM.attributes
                0x0000008f       0x39 app/src/app.o
 .ARM.attributes
                0x000000c8       0x39 app/src/can.o
 .ARM.attributes
                0x00000101       0x39 app/src/cfg.o
 .ARM.attributes
                0x0000013a       0x39 app/src/clk.o
 .ARM.attributes
                0x00000173       0x39 app/src/cmd.o
 .ARM.attributes
                0x000001ac       0x39 app/src/com.o
 .ARM.attributes
                0x000001e5       0x39 app/src/ctl.o
 .ARM.attributes
                0x0000021e       0x39 app/src/dci.o
 .ARM.attributes
                0x00000257       0x39 app/src/fos.o
 .ARM.attributes
                0x00000290       0x39 app/src/odo.o
 .ARM.attributes
                0x000002c9       0x39 app/src/sys.o
 .ARM.attributes
                0x00000302       0x39 app/src/wdg.o
 .ARM.attributes
                0x0000033b       0x39 asp/src/dbus.o
 .ARM.attributes
                0x00000374       0x39 asp/src/est.o
 .ARM.attributes
                0x000003ad       0x39 asp/src/fifo.o
 .ARM.attributes
                0x000003e6       0x39 asp/src/gauss.o
 .ARM.attributes
                0x0000041f       0x39 asp/src/hcp.o
 .ARM.attributes
                0x00000458       0x39 asp/src/kalman.o
 .ARM.attributes
                0x00000491       0x39 asp/src/pid.o
 .ARM.attributes
                0x000004ca       0x39 asp/src/ramp.o
 .ARM.attributes
                0x00000503       0x39 asp/src/rcp.o
 .ARM.attributes
                0x0000053c       0x39 bsp/src/bsp.o
 .ARM.attributes
                0x00000575       0x39 bsp/src/can1.o
 .ARM.attributes
                0x000005ae       0x39 bsp/src/can2.o
 .ARM.attributes
                0x000005e7       0x39 bsp/src/flash.o
 .ARM.attributes
                0x00000620       0x39 bsp/src/led.o
 .ARM.attributes
                0x00000659       0x39 bsp/src/motor.o
 .ARM.attributes
                0x00000692       0x39 bsp/src/rcv.o
 .ARM.attributes
                0x000006cb       0x25 bsp/src/startup_stm32.o
 .ARM.attributes
                0x000006f0       0x39 bsp/src/stm32util.o
 .ARM.attributes
                0x00000729       0x39 bsp/src/system_stm32f4xx.o
 .ARM.attributes
                0x00000762       0x39 bsp/src/tim.o
 .ARM.attributes
                0x0000079b       0x39 bsp/src/tty.o
 .ARM.attributes
                0x000007d4       0x39 stl/StdPeriph_Driver/src/misc.o
 .ARM.attributes
                0x0000080d       0x39 stl/StdPeriph_Driver/src/stm32f4xx_can.o
 .ARM.attributes
                0x00000846       0x39 stl/StdPeriph_Driver/src/stm32f4xx_dma.o
 .ARM.attributes
                0x0000087f       0x39 stl/StdPeriph_Driver/src/stm32f4xx_gpio.o
 .ARM.attributes
                0x000008b8       0x39 stl/StdPeriph_Driver/src/stm32f4xx_rcc.o
 .ARM.attributes
                0x000008f1       0x39 stl/StdPeriph_Driver/src/stm32f4xx_tim.o
 .ARM.attributes
                0x0000092a       0x39 stl/StdPeriph_Driver/src/stm32f4xx_usart.o
 .ARM.attributes
                0x00000963       0x39 syscalls.o
 .ARM.attributes
                0x0000099c       0x39 usr/src/main.o
 .ARM.attributes
                0x000009d5       0x34 c:/users/hcs/.p2/pool/plugins/fr.ac6.mcu.externaltools.arm-none.win32_1.13.1.201701200843/tools/compiler/bin/../lib/gcc/arm-none-eabi/5.4.1/../../../../arm-none-eabi/lib/armv7e-m/fpu\libc.a(lib_a-errno.o)
 .ARM.attributes
                0x00000a09       0x34 c:/users/hcs/.p2/pool/plugins/fr.ac6.mcu.externaltools.arm-none.win32_1.13.1.201701200843/tools/compiler/bin/../lib/gcc/arm-none-eabi/5.4.1/../../../../arm-none-eabi/lib/armv7e-m/fpu\libc.a(lib_a-impure.o)
 .ARM.attributes
                0x00000a3d       0x34 c:/users/hcs/.p2/pool/plugins/fr.ac6.mcu.externaltools.arm-none.win32_1.13.1.201701200843/tools/compiler/bin/../lib/gcc/arm-none-eabi/5.4.1/../../../../arm-none-eabi/lib/armv7e-m/fpu\libc.a(lib_a-init.o)
 .ARM.attributes
                0x00000a71       0x34 c:/users/hcs/.p2/pool/plugins/fr.ac6.mcu.externaltools.arm-none.win32_1.13.1.201701200843/tools/compiler/bin/../lib/gcc/arm-none-eabi/5.4.1/../../../../arm-none-eabi/lib/armv7e-m/fpu\libc.a(lib_a-malloc.o)
 .ARM.attributes
                0x00000aa5       0x34 c:/users/hcs/.p2/pool/plugins/fr.ac6.mcu.externaltools.arm-none.win32_1.13.1.201701200843/tools/compiler/bin/../lib/gcc/arm-none-eabi/5.4.1/../../../../arm-none-eabi/lib/armv7e-m/fpu\libc.a(lib_a-mallocr.o)
 .ARM.attributes
                0x00000ad9       0x34 c:/users/hcs/.p2/pool/plugins/fr.ac6.mcu.externaltools.arm-none.win32_1.13.1.201701200843/tools/compiler/bin/../lib/gcc/arm-none-eabi/5.4.1/../../../../arm-none-eabi/lib/armv7e-m/fpu\libc.a(lib_a-memset.o)
 .ARM.attributes
                0x00000b0d       0x34 c:/users/hcs/.p2/pool/plugins/fr.ac6.mcu.externaltools.arm-none.win32_1.13.1.201701200843/tools/compiler/bin/../lib/gcc/arm-none-eabi/5.4.1/../../../../arm-none-eabi/lib/armv7e-m/fpu\libc.a(lib_a-mlock.o)
 .ARM.attributes
                0x00000b41       0x34 c:/users/hcs/.p2/pool/plugins/fr.ac6.mcu.externaltools.arm-none.win32_1.13.1.201701200843/tools/compiler/bin/../lib/gcc/arm-none-eabi/5.4.1/../../../../arm-none-eabi/lib/armv7e-m/fpu\libc.a(lib_a-sbrkr.o)
 .ARM.attributes
                0x00000b75       0x34 c:/users/hcs/.p2/pool/plugins/fr.ac6.mcu.externaltools.arm-none.win32_1.13.1.201701200843/tools/compiler/bin/../lib/gcc/arm-none-eabi/5.4.1/../../../../arm-none-eabi/lib/armv7e-m/fpu\libc.a(lib_a-__call_atexit.o)
 .ARM.attributes
                0x00000ba9       0x34 c:/users/hcs/.p2/pool/plugins/fr.ac6.mcu.externaltools.arm-none.win32_1.13.1.201701200843/tools/compiler/bin/../lib/gcc/arm-none-eabi/5.4.1/../../../../arm-none-eabi/lib/armv7e-m/fpu\libc.a(lib_a-atexit.o)
 .ARM.attributes
                0x00000bdd       0x34 c:/users/hcs/.p2/pool/plugins/fr.ac6.mcu.externaltools.arm-none.win32_1.13.1.201701200843/tools/compiler/bin/../lib/gcc/arm-none-eabi/5.4.1/../../../../arm-none-eabi/lib/armv7e-m/fpu\libc.a(lib_a-fini.o)
 .ARM.attributes
                0x00000c11       0x34 c:/users/hcs/.p2/pool/plugins/fr.ac6.mcu.externaltools.arm-none.win32_1.13.1.201701200843/tools/compiler/bin/../lib/gcc/arm-none-eabi/5.4.1/../../../../arm-none-eabi/lib/armv7e-m/fpu\libc.a(lib_a-freer.o)
 .ARM.attributes
                0x00000c45       0x34 c:/users/hcs/.p2/pool/plugins/fr.ac6.mcu.externaltools.arm-none.win32_1.13.1.201701200843/tools/compiler/bin/../lib/gcc/arm-none-eabi/5.4.1/../../../../arm-none-eabi/lib/armv7e-m/fpu\libc.a(lib_a-reent.o)
 .ARM.attributes
                0x00000c79       0x34 c:/users/hcs/.p2/pool/plugins/fr.ac6.mcu.externaltools.arm-none.win32_1.13.1.201701200843/tools/compiler/bin/../lib/gcc/arm-none-eabi/5.4.1/../../../../arm-none-eabi/lib/armv7e-m/fpu\libc.a(lib_a-__atexit.o)
 .ARM.attributes
                0x00000cad       0x22 c:/users/hcs/.p2/pool/plugins/fr.ac6.mcu.externaltools.arm-none.win32_1.13.1.201701200843/tools/compiler/bin/../lib/gcc/arm-none-eabi/5.4.1/armv7e-m/fpu/crtn.o
OUTPUT(kylinbot.elf elf32-littlearm)

.debug_info     0x00000000     0xd8d1
 .debug_info    0x00000000      0x4a8 app/src/act.o
 .debug_info    0x000004a8       0xdc app/src/app.o
 .debug_info    0x00000584      0x4df app/src/can.o
 .debug_info    0x00000a63      0x4cb app/src/cfg.o
 .debug_info    0x00000f2e       0xf5 app/src/clk.o
 .debug_info    0x00001023      0x4a9 app/src/cmd.o
 .debug_info    0x000014cc      0x116 app/src/com.o
 .debug_info    0x000015e2      0x325 app/src/ctl.o
 .debug_info    0x00001907      0x2bf app/src/dci.o
 .debug_info    0x00001bc6      0x140 app/src/fos.o
 .debug_info    0x00001d06      0x3c9 app/src/odo.o
 .debug_info    0x000020cf      0x27e app/src/sys.o
 .debug_info    0x0000234d      0x1b0 app/src/wdg.o
 .debug_info    0x000024fd      0x285 asp/src/dbus.o
 .debug_info    0x00002782      0x2fe asp/src/est.o
 .debug_info    0x00002a80      0x376 asp/src/fifo.o
 .debug_info    0x00002df6      0x280 asp/src/gauss.o
 .debug_info    0x00003076      0x22b asp/src/hcp.o
 .debug_info    0x000032a1      0x292 asp/src/kalman.o
 .debug_info    0x00003533      0x23b asp/src/pid.o
 .debug_info    0x0000376e      0x182 asp/src/ramp.o
 .debug_info    0x000038f0      0x19b asp/src/rcp.o
 .debug_info    0x00003a8b      0x1a7 bsp/src/bsp.o
 .debug_info    0x00003c32      0x684 bsp/src/can1.o
 .debug_info    0x000042b6      0x684 bsp/src/can2.o
 .debug_info    0x0000493a      0x2a0 bsp/src/flash.o
 .debug_info    0x00004bda      0x199 bsp/src/led.o
 .debug_info    0x00004d73      0x471 bsp/src/motor.o
 .debug_info    0x000051e4      0x524 bsp/src/rcv.o
 .debug_info    0x00005708       0x99 bsp/src/startup_stm32.o
 .debug_info    0x000057a1     0x1412 bsp/src/stm32util.o
 .debug_info    0x00006bb3      0x60d bsp/src/system_stm32f4xx.o
 .debug_info    0x000071c0      0x5fe bsp/src/tim.o
 .debug_info    0x000077be      0x66c bsp/src/tty.o
 .debug_info    0x00007e2a      0x55a stl/StdPeriph_Driver/src/misc.o
 .debug_info    0x00008384      0xba8 stl/StdPeriph_Driver/src/stm32f4xx_can.o
 .debug_info    0x00008f2c      0x745 stl/StdPeriph_Driver/src/stm32f4xx_dma.o
 .debug_info    0x00009671      0x621 stl/StdPeriph_Driver/src/stm32f4xx_gpio.o
 .debug_info    0x00009c92      0xe6b stl/StdPeriph_Driver/src/stm32f4xx_rcc.o
 .debug_info    0x0000aafd     0x1c6d stl/StdPeriph_Driver/src/stm32f4xx_tim.o
 .debug_info    0x0000c76a      0x9ce stl/StdPeriph_Driver/src/stm32f4xx_usart.o
 .debug_info    0x0000d138      0x6ca syscalls.o
 .debug_info    0x0000d802       0xcf usr/src/main.o

.debug_abbrev   0x00000000     0x2dfc
 .debug_abbrev  0x00000000      0x11c app/src/act.o
 .debug_abbrev  0x0000011c       0x68 app/src/app.o
 .debug_abbrev  0x00000184      0x162 app/src/can.o
 .debug_abbrev  0x000002e6      0x158 app/src/cfg.o
 .debug_abbrev  0x0000043e       0x7c app/src/clk.o
 .debug_abbrev  0x000004ba       0xcf app/src/cmd.o
 .debug_abbrev  0x00000589       0xbd app/src/com.o
 .debug_abbrev  0x00000646       0xdf app/src/ctl.o
 .debug_abbrev  0x00000725      0x106 app/src/dci.o
 .debug_abbrev  0x0000082b       0xba app/src/fos.o
 .debug_abbrev  0x000008e5      0x125 app/src/odo.o
 .debug_abbrev  0x00000a0a       0xbc app/src/sys.o
 .debug_abbrev  0x00000ac6      0x10b app/src/wdg.o
 .debug_abbrev  0x00000bd1       0xd5 asp/src/dbus.o
 .debug_abbrev  0x00000ca6       0xe7 asp/src/est.o
 .debug_abbrev  0x00000d8d      0x10a asp/src/fifo.o
 .debug_abbrev  0x00000e97      0x101 asp/src/gauss.o
 .debug_abbrev  0x00000f98       0xd5 asp/src/hcp.o
 .debug_abbrev  0x0000106d       0xf2 asp/src/kalman.o
 .debug_abbrev  0x0000115f       0xcd asp/src/pid.o
 .debug_abbrev  0x0000122c       0xa9 asp/src/ramp.o
 .debug_abbrev  0x000012d5       0xc6 asp/src/rcp.o
 .debug_abbrev  0x0000139b       0xb0 bsp/src/bsp.o
 .debug_abbrev  0x0000144b      0x171 bsp/src/can1.o
 .debug_abbrev  0x000015bc      0x171 bsp/src/can2.o
 .debug_abbrev  0x0000172d      0x122 bsp/src/flash.o
 .debug_abbrev  0x0000184f       0xb0 bsp/src/led.o
 .debug_abbrev  0x000018ff      0x131 bsp/src/motor.o
 .debug_abbrev  0x00001a30      0x140 bsp/src/rcv.o
 .debug_abbrev  0x00001b70       0x12 bsp/src/startup_stm32.o
 .debug_abbrev  0x00001b82      0x1de bsp/src/stm32util.o
 .debug_abbrev  0x00001d60      0x13b bsp/src/system_stm32f4xx.o
 .debug_abbrev  0x00001e9b       0xd9 bsp/src/tim.o
 .debug_abbrev  0x00001f74      0x1bc bsp/src/tty.o
 .debug_abbrev  0x00002130      0x14a stl/StdPeriph_Driver/src/misc.o
 .debug_abbrev  0x0000227a      0x1f8 stl/StdPeriph_Driver/src/stm32f4xx_can.o
 .debug_abbrev  0x00002472      0x15a stl/StdPeriph_Driver/src/stm32f4xx_dma.o
 .debug_abbrev  0x000025cc      0x1aa stl/StdPeriph_Driver/src/stm32f4xx_gpio.o
 .debug_abbrev  0x00002776      0x1bf stl/StdPeriph_Driver/src/stm32f4xx_rcc.o
 .debug_abbrev  0x00002935      0x18c stl/StdPeriph_Driver/src/stm32f4xx_tim.o
 .debug_abbrev  0x00002ac1      0x15a stl/StdPeriph_Driver/src/stm32f4xx_usart.o
 .debug_abbrev  0x00002c1b      0x177 syscalls.o
 .debug_abbrev  0x00002d92       0x6a usr/src/main.o

.debug_aranges  0x00000000     0x1110
 .debug_aranges
                0x00000000       0x38 app/src/act.o
 .debug_aranges
                0x00000038       0x28 app/src/app.o
 .debug_aranges
                0x00000060       0x50 app/src/can.o
 .debug_aranges
                0x000000b0       0x48 app/src/cfg.o
 .debug_aranges
                0x000000f8       0x38 app/src/clk.o
 .debug_aranges
                0x00000130       0x28 app/src/cmd.o
 .debug_aranges
                0x00000158       0x30 app/src/com.o
 .debug_aranges
                0x00000188       0x40 app/src/ctl.o
 .debug_aranges
                0x000001c8       0x30 app/src/dci.o
 .debug_aranges
                0x000001f8       0x28 app/src/fos.o
 .debug_aranges
                0x00000220       0x58 app/src/odo.o
 .debug_aranges
                0x00000278       0x48 app/src/sys.o
 .debug_aranges
                0x000002c0       0x48 app/src/wdg.o
 .debug_aranges
                0x00000308       0x30 asp/src/dbus.o
 .debug_aranges
                0x00000338       0x38 asp/src/est.o
 .debug_aranges
                0x00000370       0x78 asp/src/fifo.o
 .debug_aranges
                0x000003e8       0x40 asp/src/gauss.o
 .debug_aranges
                0x00000428       0x30 asp/src/hcp.o
 .debug_aranges
                0x00000458       0x60 asp/src/kalman.o
 .debug_aranges
                0x000004b8       0x30 asp/src/pid.o
 .debug_aranges
                0x000004e8       0x38 asp/src/ramp.o
 .debug_aranges
                0x00000520       0x30 asp/src/rcp.o
 .debug_aranges
                0x00000550       0x20 bsp/src/bsp.o
 .debug_aranges
                0x00000570       0x30 bsp/src/can1.o
 .debug_aranges
                0x000005a0       0x30 bsp/src/can2.o
 .debug_aranges
                0x000005d0       0x38 bsp/src/flash.o
 .debug_aranges
                0x00000608       0x20 bsp/src/led.o
 .debug_aranges
                0x00000628       0x28 bsp/src/motor.o
 .debug_aranges
                0x00000650       0x28 bsp/src/rcv.o
 .debug_aranges
                0x00000678       0x28 bsp/src/startup_stm32.o
 .debug_aranges
                0x000006a0       0x98 bsp/src/stm32util.o
 .debug_aranges
                0x00000738       0x30 bsp/src/system_stm32f4xx.o
 .debug_aranges
                0x00000768       0x70 bsp/src/tim.o
 .debug_aranges
                0x000007d8       0x58 bsp/src/tty.o
 .debug_aranges
                0x00000830       0x40 stl/StdPeriph_Driver/src/misc.o
 .debug_aranges
                0x00000870       0xe0 stl/StdPeriph_Driver/src/stm32f4xx_can.o
 .debug_aranges
                0x00000950       0xb0 stl/StdPeriph_Driver/src/stm32f4xx_dma.o
 .debug_aranges
                0x00000a00       0x88 stl/StdPeriph_Driver/src/stm32f4xx_gpio.o
 .debug_aranges
                0x00000a88      0x1c0 stl/StdPeriph_Driver/src/stm32f4xx_rcc.o
 .debug_aranges
                0x00000c48      0x2f8 stl/StdPeriph_Driver/src/stm32f4xx_tim.o
 .debug_aranges
                0x00000f40      0x100 stl/StdPeriph_Driver/src/stm32f4xx_usart.o
 .debug_aranges
                0x00001040       0xb0 syscalls.o
 .debug_aranges
                0x000010f0       0x20 usr/src/main.o

.debug_ranges   0x00000000      0xe68
 .debug_ranges  0x00000000       0x28 app/src/act.o
 .debug_ranges  0x00000028       0x18 app/src/app.o
 .debug_ranges  0x00000040       0x40 app/src/can.o
 .debug_ranges  0x00000080       0x38 app/src/cfg.o
 .debug_ranges  0x000000b8       0x28 app/src/clk.o
 .debug_ranges  0x000000e0       0x18 app/src/cmd.o
 .debug_ranges  0x000000f8       0x20 app/src/com.o
 .debug_ranges  0x00000118       0x30 app/src/ctl.o
 .debug_ranges  0x00000148       0x20 app/src/dci.o
 .debug_ranges  0x00000168       0x18 app/src/fos.o
 .debug_ranges  0x00000180       0x48 app/src/odo.o
 .debug_ranges  0x000001c8       0x38 app/src/sys.o
 .debug_ranges  0x00000200       0x38 app/src/wdg.o
 .debug_ranges  0x00000238       0x20 asp/src/dbus.o
 .debug_ranges  0x00000258       0x28 asp/src/est.o
 .debug_ranges  0x00000280       0x68 asp/src/fifo.o
 .debug_ranges  0x000002e8       0x30 asp/src/gauss.o
 .debug_ranges  0x00000318       0x20 asp/src/hcp.o
 .debug_ranges  0x00000338       0x50 asp/src/kalman.o
 .debug_ranges  0x00000388       0x20 asp/src/pid.o
 .debug_ranges  0x000003a8       0x28 asp/src/ramp.o
 .debug_ranges  0x000003d0       0x20 asp/src/rcp.o
 .debug_ranges  0x000003f0       0x10 bsp/src/bsp.o
 .debug_ranges  0x00000400       0x20 bsp/src/can1.o
 .debug_ranges  0x00000420       0x20 bsp/src/can2.o
 .debug_ranges  0x00000440       0x28 bsp/src/flash.o
 .debug_ranges  0x00000468       0x10 bsp/src/led.o
 .debug_ranges  0x00000478       0x18 bsp/src/motor.o
 .debug_ranges  0x00000490       0x18 bsp/src/rcv.o
 .debug_ranges  0x000004a8       0x20 bsp/src/startup_stm32.o
 .debug_ranges  0x000004c8       0x88 bsp/src/stm32util.o
 .debug_ranges  0x00000550       0x20 bsp/src/system_stm32f4xx.o
 .debug_ranges  0x00000570       0x60 bsp/src/tim.o
 .debug_ranges  0x000005d0       0x48 bsp/src/tty.o
 .debug_ranges  0x00000618       0x30 stl/StdPeriph_Driver/src/misc.o
 .debug_ranges  0x00000648       0xd0 stl/StdPeriph_Driver/src/stm32f4xx_can.o
 .debug_ranges  0x00000718       0xa0 stl/StdPeriph_Driver/src/stm32f4xx_dma.o
 .debug_ranges  0x000007b8       0x78 stl/StdPeriph_Driver/src/stm32f4xx_gpio.o
 .debug_ranges  0x00000830      0x1b0 stl/StdPeriph_Driver/src/stm32f4xx_rcc.o
 .debug_ranges  0x000009e0      0x2e8 stl/StdPeriph_Driver/src/stm32f4xx_tim.o
 .debug_ranges  0x00000cc8       0xf0 stl/StdPeriph_Driver/src/stm32f4xx_usart.o
 .debug_ranges  0x00000db8       0xa0 syscalls.o
 .debug_ranges  0x00000e58       0x10 usr/src/main.o

.debug_macro    0x00000000    0x18d55
 .debug_macro   0x00000000      0x457 app/src/act.o
 .debug_macro   0x00000457      0x8a4 app/src/act.o
 .debug_macro   0x00000cfb       0x22 app/src/act.o
 .debug_macro   0x00000d1d       0x87 app/src/act.o
 .debug_macro   0x00000da4       0x44 app/src/act.o
 .debug_macro   0x00000de8       0xfd app/src/act.o
 .debug_macro   0x00000ee5       0x5e app/src/act.o
 .debug_macro   0x00000f43      0x1df app/src/act.o
 .debug_macro   0x00001122       0x10 app/src/act.o
 .debug_macro   0x00001132       0x46 app/src/act.o
 .debug_macro   0x00001178       0x76 app/src/act.o
 .debug_macro   0x000011ee       0x10 app/src/act.o
 .debug_macro   0x000011fe       0x76 app/src/act.o
 .debug_macro   0x00001274       0x52 app/src/act.o
 .debug_macro   0x000012c6       0x35 app/src/act.o
 .debug_macro   0x000012fb       0x9c app/src/act.o
 .debug_macro   0x00001397       0x16 app/src/act.o
 .debug_macro   0x000013ad      0x10e app/src/act.o
 .debug_macro   0x000014bb       0x8d app/src/act.o
 .debug_macro   0x00001548       0x52 app/src/act.o
 .debug_macro   0x0000159a       0x1f app/src/act.o
 .debug_macro   0x000015b9       0x43 app/src/act.o
 .debug_macro   0x000015fc       0x20 app/src/act.o
 .debug_macro   0x0000161c      0x187 app/src/act.o
 .debug_macro   0x000017a3      0x30d app/src/act.o
 .debug_macro   0x00001ab0       0x16 app/src/act.o
 .debug_macro   0x00001ac6       0x29 app/src/act.o
 .debug_macro   0x00001aef       0x16 app/src/act.o
 .debug_macro   0x00001b05       0x35 app/src/act.o
 .debug_macro   0x00001b3a       0x28 app/src/act.o
 .debug_macro   0x00001b62       0xb2 app/src/act.o
 .debug_macro   0x00001c14       0x22 app/src/act.o
 .debug_macro   0x00001c36       0x40 app/src/act.o
 .debug_macro   0x00001c76       0x6b app/src/act.o
 .debug_macro   0x00001ce1       0x3b app/src/act.o
 .debug_macro   0x00001d1c       0x34 app/src/act.o
 .debug_macro   0x00001d50       0x26 app/src/act.o
 .debug_macro   0x00001d76      0xe43 app/src/act.o
 .debug_macro   0x00002bb9     0x961b app/src/act.o
 .debug_macro   0x0000c1d4      0x44f app/src/act.o
 .debug_macro   0x0000c623       0xb2 app/src/act.o
 .debug_macro   0x0000c6d5      0x477 app/src/act.o
 .debug_macro   0x0000cb4c       0xb5 app/src/act.o
 .debug_macro   0x0000cc01      0x41c app/src/act.o
 .debug_macro   0x0000d01d      0x2fb app/src/act.o
 .debug_macro   0x0000d318      0x2ba app/src/act.o
 .debug_macro   0x0000d5d2       0x64 app/src/act.o
 .debug_macro   0x0000d636       0xee app/src/act.o
 .debug_macro   0x0000d724      0x65f app/src/act.o
 .debug_macro   0x0000dd83      0x59e app/src/act.o
 .debug_macro   0x0000e321      0x342 app/src/act.o
 .debug_macro   0x0000e663      0x36c app/src/act.o
 .debug_macro   0x0000e9cf      0x114 app/src/act.o
 .debug_macro   0x0000eae3      0x73b app/src/act.o
 .debug_macro   0x0000f21e      0x223 app/src/act.o
 .debug_macro   0x0000f441       0x34 app/src/act.o
 .debug_macro   0x0000f475       0x82 app/src/act.o
 .debug_macro   0x0000f4f7      0x144 app/src/act.o
 .debug_macro   0x0000f63b       0xc3 app/src/act.o
 .debug_macro   0x0000f6fe       0x40 app/src/act.o
 .debug_macro   0x0000f73e      0x3cf app/src/act.o
 .debug_macro   0x0000fb0d      0x188 app/src/act.o
 .debug_macro   0x0000fc95      0x149 app/src/act.o
 .debug_macro   0x0000fdde      0x21e app/src/act.o
 .debug_macro   0x0000fffc      0x359 app/src/act.o
 .debug_macro   0x00010355       0x35 app/src/act.o
 .debug_macro   0x0001038a       0x52 app/src/act.o
 .debug_macro   0x000103dc       0xf2 app/src/act.o
 .debug_macro   0x000104ce       0x1c app/src/act.o
 .debug_macro   0x000104ea      0x501 app/src/act.o
 .debug_macro   0x000109eb       0x40 app/src/act.o
 .debug_macro   0x00010a2b       0x46 app/src/act.o
 .debug_macro   0x00010a71       0x5e app/src/act.o
 .debug_macro   0x00010acf       0x28 app/src/act.o
 .debug_macro   0x00010af7       0x64 app/src/act.o
 .debug_macro   0x00010b5b       0x64 app/src/act.o
 .debug_macro   0x00010bbf       0x58 app/src/act.o
 .debug_macro   0x00010c17      0x201 app/src/act.o
 .debug_macro   0x00010e18       0x6a app/src/act.o
 .debug_macro   0x00010e82      0x5b8 app/src/app.o
 .debug_macro   0x0001143a       0x4c app/src/app.o
 .debug_macro   0x00011486       0x8d app/src/app.o
 .debug_macro   0x00011513      0x174 app/src/app.o
 .debug_macro   0x00011687       0x4a app/src/app.o
 .debug_macro   0x000116d1      0x1e1 app/src/app.o
 .debug_macro   0x000118b2       0x1c app/src/app.o
 .debug_macro   0x000118ce       0x10 app/src/app.o
 .debug_macro   0x000118de       0x10 app/src/app.o
 .debug_macro   0x000118ee       0x1c app/src/app.o
 .debug_macro   0x0001190a       0x52 app/src/app.o
 .debug_macro   0x0001195c       0x40 app/src/app.o
 .debug_macro   0x0001199c       0x10 app/src/app.o
 .debug_macro   0x000119ac       0x40 app/src/app.o
 .debug_macro   0x000119ec       0xd7 app/src/app.o
 .debug_macro   0x00011ac3       0x16 app/src/app.o
 .debug_macro   0x00011ad9      0x18b app/src/app.o
 .debug_macro   0x00011c64       0x4c app/src/app.o
 .debug_macro   0x00011cb0       0x16 app/src/app.o
 .debug_macro   0x00011cc6       0x10 app/src/app.o
 .debug_macro   0x00011cd6      0x4fb app/src/app.o
 .debug_macro   0x000121d1       0x58 app/src/app.o
 .debug_macro   0x00012229       0x1c app/src/app.o
 .debug_macro   0x00012245      0x1a0 app/src/can.o
 .debug_macro   0x000123e5      0x1f8 app/src/cfg.o
 .debug_macro   0x000125dd       0x6d app/src/clk.o
 .debug_macro   0x0001264a      0x37a app/src/cmd.o
 .debug_macro   0x000129c4       0x40 app/src/cmd.o
 .debug_macro   0x00012a04      0x2f0 app/src/com.o
 .debug_macro   0x00012cf4      0x44d app/src/ctl.o
 .debug_macro   0x00013141      0x37a app/src/dci.o
 .debug_macro   0x000134bb      0x1e9 app/src/fos.o
 .debug_macro   0x000136a4      0x396 app/src/odo.o
 .debug_macro   0x00013a3a       0x72 app/src/sys.o
 .debug_macro   0x00013aac       0x1c app/src/sys.o
 .debug_macro   0x00013ac8       0x72 app/src/wdg.o
 .debug_macro   0x00013b3a       0xac app/src/wdg.o
 .debug_macro   0x00013be6       0x8a asp/src/dbus.o
 .debug_macro   0x00013c70      0x16a asp/src/est.o
 .debug_macro   0x00013dda      0x153 asp/src/fifo.o
 .debug_macro   0x00013f2d      0x15c asp/src/gauss.o
 .debug_macro   0x00014089       0x72 asp/src/hcp.o
 .debug_macro   0x000140fb      0x153 asp/src/kalman.o
 .debug_macro   0x0001424e       0x79 asp/src/pid.o
 .debug_macro   0x000142c7       0x73 asp/src/ramp.o
 .debug_macro   0x0001433a       0x72 asp/src/rcp.o
 .debug_macro   0x000143ac      0x331 bsp/src/bsp.o
 .debug_macro   0x000146dd      0x1e8 bsp/src/can1.o
 .debug_macro   0x000148c5      0x1e8 bsp/src/can2.o
 .debug_macro   0x00014aad       0x40 bsp/src/can2.o
 .debug_macro   0x00014aed      0x1df bsp/src/flash.o
 .debug_macro   0x00014ccc      0x1e8 bsp/src/led.o
 .debug_macro   0x00014eb4       0x58 bsp/src/led.o
 .debug_macro   0x00014f0c      0x1d9 bsp/src/motor.o
 .debug_macro   0x000150e5       0x22 bsp/src/motor.o
 .debug_macro   0x00015107      0x1e8 bsp/src/rcv.o
 .debug_macro   0x000152ef       0x5e bsp/src/rcv.o
 .debug_macro   0x0001534d      0x1df bsp/src/stm32util.o
 .debug_macro   0x0001552c      0x1e4 bsp/src/system_stm32f4xx.o
 .debug_macro   0x00015710      0x1e8 bsp/src/tim.o
 .debug_macro   0x000158f8       0x5e bsp/src/tim.o
 .debug_macro   0x00015956      0x2d8 bsp/src/tty.o
 .debug_macro   0x00015c2e      0x1d0 stl/StdPeriph_Driver/src/misc.o
 .debug_macro   0x00015dfe       0x7c stl/StdPeriph_Driver/src/misc.o
 .debug_macro   0x00015e7a      0x223 stl/StdPeriph_Driver/src/stm32f4xx_can.o
 .debug_macro   0x0001609d      0x3c9 stl/StdPeriph_Driver/src/stm32f4xx_can.o
 .debug_macro   0x00016466      0x222 stl/StdPeriph_Driver/src/stm32f4xx_dma.o
 .debug_macro   0x00016688      0x471 stl/StdPeriph_Driver/src/stm32f4xx_dma.o
 .debug_macro   0x00016af9      0x1ce stl/StdPeriph_Driver/src/stm32f4xx_gpio.o
 .debug_macro   0x00016cc7      0x2f5 stl/StdPeriph_Driver/src/stm32f4xx_gpio.o
 .debug_macro   0x00016fbc      0x29d stl/StdPeriph_Driver/src/stm32f4xx_rcc.o
 .debug_macro   0x00017259      0x1f8 stl/StdPeriph_Driver/src/stm32f4xx_tim.o
 .debug_macro   0x00017451      0x735 stl/StdPeriph_Driver/src/stm32f4xx_tim.o
 .debug_macro   0x00017b86      0x1e6 stl/StdPeriph_Driver/src/stm32f4xx_usart.o
 .debug_macro   0x00017d6c      0x21d stl/StdPeriph_Driver/src/stm32f4xx_usart.o
 .debug_macro   0x00017f89      0x22b syscalls.o
 .debug_macro   0x000181b4       0x10 syscalls.o
 .debug_macro   0x000181c4       0x10 syscalls.o
 .debug_macro   0x000181d4       0x10 syscalls.o
 .debug_macro   0x000181e4       0x35 syscalls.o
 .debug_macro   0x00018219      0x122 syscalls.o
 .debug_macro   0x0001833b       0x10 syscalls.o
 .debug_macro   0x0001834b      0x241 syscalls.o
 .debug_macro   0x0001858c       0x10 syscalls.o
 .debug_macro   0x0001859c      0x159 syscalls.o
 .debug_macro   0x000186f5       0x16 syscalls.o
 .debug_macro   0x0001870b       0x88 syscalls.o
 .debug_macro   0x00018793      0x5c2 usr/src/main.o

.debug_line     0x00000000    0x13476
 .debug_line    0x00000000      0x90e app/src/act.o
 .debug_line    0x0000090e      0xa37 app/src/app.o
 .debug_line    0x00001345      0x505 app/src/can.o
 .debug_line    0x0000184a      0x6ee app/src/cfg.o
 .debug_line    0x00001f38      0x34f app/src/clk.o
 .debug_line    0x00002287      0x878 app/src/cmd.o
 .debug_line    0x00002aff      0x7b8 app/src/com.o
 .debug_line    0x000032b7      0x939 app/src/ctl.o
 .debug_line    0x00003bf0      0x829 app/src/dci.o
 .debug_line    0x00004419      0x69f app/src/fos.o
 .debug_line    0x00004ab8      0x8d7 app/src/odo.o
 .debug_line    0x0000538f      0x384 app/src/sys.o
 .debug_line    0x00005713      0x386 app/src/wdg.o
 .debug_line    0x00005a99      0x352 asp/src/dbus.o
 .debug_line    0x00005deb      0x44f asp/src/est.o
 .debug_line    0x0000623a      0x4f9 asp/src/fifo.o
 .debug_line    0x00006733      0x476 asp/src/gauss.o
 .debug_line    0x00006ba9      0x360 asp/src/hcp.o
 .debug_line    0x00006f09      0x47e asp/src/kalman.o
 .debug_line    0x00007387      0x3d6 asp/src/pid.o
 .debug_line    0x0000775d      0x351 asp/src/ramp.o
 .debug_line    0x00007aae      0x371 asp/src/rcp.o
 .debug_line    0x00007e1f      0x7b9 bsp/src/bsp.o
 .debug_line    0x000085d8      0x695 bsp/src/can1.o
 .debug_line    0x00008c6d      0x695 bsp/src/can2.o
 .debug_line    0x00009302      0x6dd bsp/src/flash.o
 .debug_line    0x000099df      0x668 bsp/src/led.o
 .debug_line    0x0000a047      0x683 bsp/src/motor.o
 .debug_line    0x0000a6ca      0x68b bsp/src/rcv.o
 .debug_line    0x0000ad55       0x9b bsp/src/startup_stm32.o
 .debug_line    0x0000adf0     0x1da6 bsp/src/stm32util.o
 .debug_line    0x0000cb96      0x6b1 bsp/src/system_stm32f4xx.o
 .debug_line    0x0000d247      0x728 bsp/src/tim.o
 .debug_line    0x0000d96f      0x82e bsp/src/tty.o
 .debug_line    0x0000e19d      0x684 stl/StdPeriph_Driver/src/misc.o
 .debug_line    0x0000e821      0x9a2 stl/StdPeriph_Driver/src/stm32f4xx_can.o
 .debug_line    0x0000f1c3      0x867 stl/StdPeriph_Driver/src/stm32f4xx_dma.o
 .debug_line    0x0000fa2a      0x7ac stl/StdPeriph_Driver/src/stm32f4xx_gpio.o
 .debug_line    0x000101d6      0xaa0 stl/StdPeriph_Driver/src/stm32f4xx_rcc.o
 .debug_line    0x00010c76      0xefe stl/StdPeriph_Driver/src/stm32f4xx_tim.o
 .debug_line    0x00011b74      0x8f2 stl/StdPeriph_Driver/src/stm32f4xx_usart.o
 .debug_line    0x00012466      0x5b9 syscalls.o
 .debug_line    0x00012a1f      0xa57 usr/src/main.o

.debug_str      0x00000000    0x70d3e
 .debug_str     0x00000000    0x693f5 app/src/act.o
                              0x6974d (size before relaxing)
 .debug_str     0x000693f5     0x1c19 app/src/app.o
                              0x6b196 (size before relaxing)
 .debug_str     0x0006b00e      0x1b3 app/src/can.o
                               0x6cdb (size before relaxing)
 .debug_str     0x0006b1c1      0x173 app/src/cfg.o
                              0x635c1 (size before relaxing)
 .debug_str     0x0006b334       0x71 app/src/clk.o
                               0x342b (size before relaxing)
 .debug_str     0x0006b3a5       0x8d app/src/cmd.o
                              0x66d8c (size before relaxing)
 .debug_str     0x0006b432       0x4e app/src/com.o
                              0x6711b (size before relaxing)
 .debug_str     0x0006b480      0x192 app/src/ctl.o
                              0x69767 (size before relaxing)
 .debug_str     0x0006b612       0xa0 app/src/dci.o
                              0x66c93 (size before relaxing)
 .debug_str     0x0006b6b2       0x46 app/src/fos.o
                              0x62c39 (size before relaxing)
 .debug_str     0x0006b6f8      0x128 app/src/odo.o
                              0x686a7 (size before relaxing)
 .debug_str     0x0006b820       0x5d app/src/sys.o
                               0x34be (size before relaxing)
 .debug_str     0x0006b87d       0x6f app/src/wdg.o
                               0x3823 (size before relaxing)
 .debug_str     0x0006b8ec       0x4f asp/src/dbus.o
                               0x3701 (size before relaxing)
 .debug_str     0x0006b93b       0x6c asp/src/est.o
                               0x6628 (size before relaxing)
 .debug_str     0x0006b9a7       0xc6 asp/src/fifo.o
                               0x5f5b (size before relaxing)
 .debug_str     0x0006ba6d       0x7a asp/src/gauss.o
                               0x65fb (size before relaxing)
 .debug_str     0x0006bae7       0x4b asp/src/hcp.o
                               0x3604 (size before relaxing)
 .debug_str     0x0006bb32       0xa1 asp/src/kalman.o
                               0x5f30 (size before relaxing)
 .debug_str     0x0006bbd3       0xb0 asp/src/pid.o
                               0x3519 (size before relaxing)
 .debug_str     0x0006bc83       0x6a asp/src/ramp.o
                               0x347c (size before relaxing)
 .debug_str     0x0006bced       0x4b asp/src/rcp.o
                               0x34d7 (size before relaxing)
 .debug_str     0x0006bd38       0x3e bsp/src/bsp.o
                              0x6770a (size before relaxing)
 .debug_str     0x0006bd76      0x5d9 bsp/src/can1.o
                              0x648b9 (size before relaxing)
 .debug_str     0x0006c34f       0x67 bsp/src/can2.o
                              0x648bb (size before relaxing)
 .debug_str     0x0006c3b6      0x16d bsp/src/flash.o
                              0x62d5b (size before relaxing)
 .debug_str     0x0006c523       0x3e bsp/src/led.o
                              0x64344 (size before relaxing)
 .debug_str     0x0006c561       0x78 bsp/src/motor.o
                              0x62c0f (size before relaxing)
 .debug_str     0x0006c5d9       0x96 bsp/src/rcv.o
                              0x6484a (size before relaxing)
 .debug_str     0x0006c66f      0x83d bsp/src/stm32util.o
                              0x64af3 (size before relaxing)
 .debug_str     0x0006ceac      0x242 bsp/src/system_stm32f4xx.o
                              0x62c6c (size before relaxing)
 .debug_str     0x0006d0ee       0xab bsp/src/tim.o
                              0x6493f (size before relaxing)
 .debug_str     0x0006d199       0xc6 bsp/src/tty.o
                              0x6733b (size before relaxing)
 .debug_str     0x0006d25f      0x199 stl/StdPeriph_Driver/src/misc.o
                              0x62c61 (size before relaxing)
 .debug_str     0x0006d3f8      0x510 stl/StdPeriph_Driver/src/stm32f4xx_can.o
                              0x63193 (size before relaxing)
 .debug_str     0x0006d908      0x589 stl/StdPeriph_Driver/src/stm32f4xx_dma.o
                              0x630c7 (size before relaxing)
 .debug_str     0x0006de91      0x1a0 stl/StdPeriph_Driver/src/stm32f4xx_gpio.o
                              0x62d09 (size before relaxing)
 .debug_str     0x0006e031      0xc8e stl/StdPeriph_Driver/src/stm32f4xx_rcc.o
                              0x6381e (size before relaxing)
 .debug_str     0x0006ecbf      0xaca stl/StdPeriph_Driver/src/stm32f4xx_tim.o
                              0x63700 (size before relaxing)
 .debug_str     0x0006f789      0x4da stl/StdPeriph_Driver/src/stm32f4xx_usart.o
                              0x6301c (size before relaxing)
 .debug_str     0x0006fc63     0x1096 syscalls.o
                               0x7715 (size before relaxing)
 .debug_str     0x00070cf9       0x45 usr/src/main.o
                              0x6b196 (size before relaxing)

.comment        0x00000000       0x6e
 .comment       0x00000000       0x6e app/src/act.o
                                 0x6f (size before relaxing)
 .comment       0x0000006e       0x6f app/src/app.o
 .comment       0x0000006e       0x6f app/src/can.o
 .comment       0x0000006e       0x6f app/src/cfg.o
 .comment       0x0000006e       0x6f app/src/clk.o
 .comment       0x0000006e       0x6f app/src/cmd.o
 .comment       0x0000006e       0x6f app/src/com.o
 .comment       0x0000006e       0x6f app/src/ctl.o
 .comment       0x0000006e       0x6f app/src/dci.o
 .comment       0x0000006e       0x6f app/src/fos.o
 .comment       0x0000006e       0x6f app/src/odo.o
 .comment       0x0000006e       0x6f app/src/sys.o
 .comment       0x0000006e       0x6f app/src/wdg.o
 .comment       0x0000006e       0x6f asp/src/dbus.o
 .comment       0x0000006e       0x6f asp/src/est.o
 .comment       0x0000006e       0x6f asp/src/fifo.o
 .comment       0x0000006e       0x6f asp/src/gauss.o
 .comment       0x0000006e       0x6f asp/src/hcp.o
 .comment       0x0000006e       0x6f asp/src/kalman.o
 .comment       0x0000006e       0x6f asp/src/pid.o
 .comment       0x0000006e       0x6f asp/src/ramp.o
 .comment       0x0000006e       0x6f asp/src/rcp.o
 .comment       0x0000006e       0x6f bsp/src/bsp.o
 .comment       0x0000006e       0x6f bsp/src/can1.o
 .comment       0x0000006e       0x6f bsp/src/can2.o
 .comment       0x0000006e       0x6f bsp/src/flash.o
 .comment       0x0000006e       0x6f bsp/src/led.o
 .comment       0x0000006e       0x6f bsp/src/motor.o
 .comment       0x0000006e       0x6f bsp/src/rcv.o
 .comment       0x0000006e       0x6f bsp/src/stm32util.o
 .comment       0x0000006e       0x6f bsp/src/system_stm32f4xx.o
 .comment       0x0000006e       0x6f bsp/src/tim.o
 .comment       0x0000006e       0x6f bsp/src/tty.o
 .comment       0x0000006e       0x6f stl/StdPeriph_Driver/src/misc.o
 .comment       0x0000006e       0x6f stl/StdPeriph_Driver/src/stm32f4xx_can.o
 .comment       0x0000006e       0x6f stl/StdPeriph_Driver/src/stm32f4xx_dma.o
 .comment       0x0000006e       0x6f stl/StdPeriph_Driver/src/stm32f4xx_gpio.o
 .comment       0x0000006e       0x6f stl/StdPeriph_Driver/src/stm32f4xx_rcc.o
 .comment       0x0000006e       0x6f stl/StdPeriph_Driver/src/stm32f4xx_tim.o
 .comment       0x0000006e       0x6f stl/StdPeriph_Driver/src/stm32f4xx_usart.o
 .comment       0x0000006e       0x6f syscalls.o
 .comment       0x0000006e       0x6f usr/src/main.o

.debug_frame    0x00000000     0x4310
 .debug_frame   0x00000000       0x90 app/src/act.o
 .debug_frame   0x00000090       0x48 app/src/app.o
 .debug_frame   0x000000d8      0x10c app/src/can.o
 .debug_frame   0x000001e4       0xe0 app/src/cfg.o
 .debug_frame   0x000002c4       0x90 app/src/clk.o
 .debug_frame   0x00000354       0x48 app/src/cmd.o
 .debug_frame   0x0000039c       0x70 app/src/com.o
 .debug_frame   0x0000040c       0xb0 app/src/ctl.o
 .debug_frame   0x000004bc       0x70 app/src/dci.o
 .debug_frame   0x0000052c       0x58 app/src/fos.o
 .debug_frame   0x00000584       0xfc app/src/odo.o
 .debug_frame   0x00000680       0xfc app/src/sys.o
 .debug_frame   0x0000077c       0xf0 app/src/wdg.o
 .debug_frame   0x0000086c       0x7c asp/src/dbus.o
 .debug_frame   0x000008e8       0xa0 asp/src/est.o
 .debug_frame   0x00000988      0x1e0 asp/src/fifo.o
 .debug_frame   0x00000b68       0xc8 asp/src/gauss.o
 .debug_frame   0x00000c30       0x88 asp/src/hcp.o
 .debug_frame   0x00000cb8      0x170 asp/src/kalman.o
 .debug_frame   0x00000e28       0x88 asp/src/pid.o
 .debug_frame   0x00000eb0       0xb0 asp/src/ramp.o
 .debug_frame   0x00000f60       0x88 asp/src/rcp.o
 .debug_frame   0x00000fe8       0x2c bsp/src/bsp.o
 .debug_frame   0x00001014       0x74 bsp/src/can1.o
 .debug_frame   0x00001088       0x74 bsp/src/can2.o
 .debug_frame   0x000010fc       0xac bsp/src/flash.o
 .debug_frame   0x000011a8       0x2c bsp/src/led.o
 .debug_frame   0x000011d4       0x58 bsp/src/motor.o
 .debug_frame   0x0000122c       0x58 bsp/src/rcv.o
 .debug_frame   0x00001284      0x25c bsp/src/stm32util.o
 .debug_frame   0x000014e0       0x7c bsp/src/system_stm32f4xx.o
 .debug_frame   0x0000155c      0x154 bsp/src/tim.o
 .debug_frame   0x000016b0      0x12c bsp/src/tty.o
 .debug_frame   0x000017dc       0xd8 stl/StdPeriph_Driver/src/misc.o
 .debug_frame   0x000018b4      0x3f0 stl/StdPeriph_Driver/src/stm32f4xx_can.o
 .debug_frame   0x00001ca4      0x308 stl/StdPeriph_Driver/src/stm32f4xx_dma.o
 .debug_frame   0x00001fac      0x23c stl/StdPeriph_Driver/src/stm32f4xx_gpio.o
 .debug_frame   0x000021e8      0x83c stl/StdPeriph_Driver/src/stm32f4xx_rcc.o
 .debug_frame   0x00002a24      0xe54 stl/StdPeriph_Driver/src/stm32f4xx_tim.o
 .debug_frame   0x00003878      0x490 stl/StdPeriph_Driver/src/stm32f4xx_usart.o
 .debug_frame   0x00003d08      0x2d4 syscalls.o
 .debug_frame   0x00003fdc       0x2c usr/src/main.o
 .debug_frame   0x00004008       0x20 c:/users/hcs/.p2/pool/plugins/fr.ac6.mcu.externaltools.arm-none.win32_1.13.1.201701200843/tools/compiler/bin/../lib/gcc/arm-none-eabi/5.4.1/../../../../arm-none-eabi/lib/armv7e-m/fpu\libc.a(lib_a-errno.o)
 .debug_frame   0x00004028       0x2c c:/users/hcs/.p2/pool/plugins/fr.ac6.mcu.externaltools.arm-none.win32_1.13.1.201701200843/tools/compiler/bin/../lib/gcc/arm-none-eabi/5.4.1/../../../../arm-none-eabi/lib/armv7e-m/fpu\libc.a(lib_a-init.o)
 .debug_frame   0x00004054       0x30 c:/users/hcs/.p2/pool/plugins/fr.ac6.mcu.externaltools.arm-none.win32_1.13.1.201701200843/tools/compiler/bin/../lib/gcc/arm-none-eabi/5.4.1/../../../../arm-none-eabi/lib/armv7e-m/fpu\libc.a(lib_a-malloc.o)
 .debug_frame   0x00004084       0x58 c:/users/hcs/.p2/pool/plugins/fr.ac6.mcu.externaltools.arm-none.win32_1.13.1.201701200843/tools/compiler/bin/../lib/gcc/arm-none-eabi/5.4.1/../../../../arm-none-eabi/lib/armv7e-m/fpu\libc.a(lib_a-mallocr.o)
 .debug_frame   0x000040dc       0x34 c:/users/hcs/.p2/pool/plugins/fr.ac6.mcu.externaltools.arm-none.win32_1.13.1.201701200843/tools/compiler/bin/../lib/gcc/arm-none-eabi/5.4.1/../../../../arm-none-eabi/lib/armv7e-m/fpu\libc.a(lib_a-memset.o)
 .debug_frame   0x00004110       0x30 c:/users/hcs/.p2/pool/plugins/fr.ac6.mcu.externaltools.arm-none.win32_1.13.1.201701200843/tools/compiler/bin/../lib/gcc/arm-none-eabi/5.4.1/../../../../arm-none-eabi/lib/armv7e-m/fpu\libc.a(lib_a-mlock.o)
 .debug_frame   0x00004140       0x2c c:/users/hcs/.p2/pool/plugins/fr.ac6.mcu.externaltools.arm-none.win32_1.13.1.201701200843/tools/compiler/bin/../lib/gcc/arm-none-eabi/5.4.1/../../../../arm-none-eabi/lib/armv7e-m/fpu\libc.a(lib_a-sbrkr.o)
 .debug_frame   0x0000416c       0x50 c:/users/hcs/.p2/pool/plugins/fr.ac6.mcu.externaltools.arm-none.win32_1.13.1.201701200843/tools/compiler/bin/../lib/gcc/arm-none-eabi/5.4.1/../../../../arm-none-eabi/lib/armv7e-m/fpu\libc.a(lib_a-__call_atexit.o)
 .debug_frame   0x000041bc       0x20 c:/users/hcs/.p2/pool/plugins/fr.ac6.mcu.externaltools.arm-none.win32_1.13.1.201701200843/tools/compiler/bin/../lib/gcc/arm-none-eabi/5.4.1/../../../../arm-none-eabi/lib/armv7e-m/fpu\libc.a(lib_a-atexit.o)
 .debug_frame   0x000041dc       0x34 c:/users/hcs/.p2/pool/plugins/fr.ac6.mcu.externaltools.arm-none.win32_1.13.1.201701200843/tools/compiler/bin/../lib/gcc/arm-none-eabi/5.4.1/../../../../arm-none-eabi/lib/armv7e-m/fpu\libc.a(lib_a-fini.o)
 .debug_frame   0x00004210       0x74 c:/users/hcs/.p2/pool/plugins/fr.ac6.mcu.externaltools.arm-none.win32_1.13.1.201701200843/tools/compiler/bin/../lib/gcc/arm-none-eabi/5.4.1/../../../../arm-none-eabi/lib/armv7e-m/fpu\libc.a(lib_a-freer.o)
 .debug_frame   0x00004284       0x58 c:/users/hcs/.p2/pool/plugins/fr.ac6.mcu.externaltools.arm-none.win32_1.13.1.201701200843/tools/compiler/bin/../lib/gcc/arm-none-eabi/5.4.1/../../../../arm-none-eabi/lib/armv7e-m/fpu\libc.a(lib_a-reent.o)
 .debug_frame   0x000042dc       0x34 c:/users/hcs/.p2/pool/plugins/fr.ac6.mcu.externaltools.arm-none.win32_1.13.1.201701200843/tools/compiler/bin/../lib/gcc/arm-none-eabi/5.4.1/../../../../arm-none-eabi/lib/armv7e-m/fpu\libc.a(lib_a-__atexit.o)
