Archive member included to satisfy reference by file (symbol)

/home/bj/.p2/pool/plugins/fr.ac6.mcu.externaltools.arm-none.linux64_1.13.1.201705091103/tools/compiler/bin/../lib/gcc/arm-none-eabi/5.4.1/../../../../arm-none-eabi/lib/armv7e-m/fpu/libm.a(lib_a-w_asin.o)
                              asp/src/ahrs.o (asin)
/home/bj/.p2/pool/plugins/fr.ac6.mcu.externaltools.arm-none.linux64_1.13.1.201705091103/tools/compiler/bin/../lib/gcc/arm-none-eabi/5.4.1/../../../../arm-none-eabi/lib/armv7e-m/fpu/libm.a(lib_a-w_atan2.o)
                              asp/src/ahrs.o (atan2)
/home/bj/.p2/pool/plugins/fr.ac6.mcu.externaltools.arm-none.linux64_1.13.1.201705091103/tools/compiler/bin/../lib/gcc/arm-none-eabi/5.4.1/../../../../arm-none-eabi/lib/armv7e-m/fpu/libm.a(lib_a-w_sqrt.o)
                              asp/src/ahrs.o (sqrt)
/home/bj/.p2/pool/plugins/fr.ac6.mcu.externaltools.arm-none.linux64_1.13.1.201705091103/tools/compiler/bin/../lib/gcc/arm-none-eabi/5.4.1/../../../../arm-none-eabi/lib/armv7e-m/fpu/libm.a(lib_a-e_asin.o)
                              /home/bj/.p2/pool/plugins/fr.ac6.mcu.externaltools.arm-none.linux64_1.13.1.201705091103/tools/compiler/bin/../lib/gcc/arm-none-eabi/5.4.1/../../../../arm-none-eabi/lib/armv7e-m/fpu/libm.a(lib_a-w_asin.o) (__ieee754_asin)
/home/bj/.p2/pool/plugins/fr.ac6.mcu.externaltools.arm-none.linux64_1.13.1.201705091103/tools/compiler/bin/../lib/gcc/arm-none-eabi/5.4.1/../../../../arm-none-eabi/lib/armv7e-m/fpu/libm.a(lib_a-e_atan2.o)
                              /home/bj/.p2/pool/plugins/fr.ac6.mcu.externaltools.arm-none.linux64_1.13.1.201705091103/tools/compiler/bin/../lib/gcc/arm-none-eabi/5.4.1/../../../../arm-none-eabi/lib/armv7e-m/fpu/libm.a(lib_a-w_atan2.o) (__ieee754_atan2)
/home/bj/.p2/pool/plugins/fr.ac6.mcu.externaltools.arm-none.linux64_1.13.1.201705091103/tools/compiler/bin/../lib/gcc/arm-none-eabi/5.4.1/../../../../arm-none-eabi/lib/armv7e-m/fpu/libm.a(lib_a-e_sqrt.o)
                              /home/bj/.p2/pool/plugins/fr.ac6.mcu.externaltools.arm-none.linux64_1.13.1.201705091103/tools/compiler/bin/../lib/gcc/arm-none-eabi/5.4.1/../../../../arm-none-eabi/lib/armv7e-m/fpu/libm.a(lib_a-w_sqrt.o) (__ieee754_sqrt)
/home/bj/.p2/pool/plugins/fr.ac6.mcu.externaltools.arm-none.linux64_1.13.1.201705091103/tools/compiler/bin/../lib/gcc/arm-none-eabi/5.4.1/../../../../arm-none-eabi/lib/armv7e-m/fpu/libm.a(lib_a-s_atan.o)
                              /home/bj/.p2/pool/plugins/fr.ac6.mcu.externaltools.arm-none.linux64_1.13.1.201705091103/tools/compiler/bin/../lib/gcc/arm-none-eabi/5.4.1/../../../../arm-none-eabi/lib/armv7e-m/fpu/libm.a(lib_a-e_atan2.o) (atan)
/home/bj/.p2/pool/plugins/fr.ac6.mcu.externaltools.arm-none.linux64_1.13.1.201705091103/tools/compiler/bin/../lib/gcc/arm-none-eabi/5.4.1/../../../../arm-none-eabi/lib/armv7e-m/fpu/libm.a(lib_a-s_fabs.o)
                              /home/bj/.p2/pool/plugins/fr.ac6.mcu.externaltools.arm-none.linux64_1.13.1.201705091103/tools/compiler/bin/../lib/gcc/arm-none-eabi/5.4.1/../../../../arm-none-eabi/lib/armv7e-m/fpu/libm.a(lib_a-w_asin.o) (fabs)
/home/bj/.p2/pool/plugins/fr.ac6.mcu.externaltools.arm-none.linux64_1.13.1.201705091103/tools/compiler/bin/../lib/gcc/arm-none-eabi/5.4.1/../../../../arm-none-eabi/lib/armv7e-m/fpu/libm.a(lib_a-s_lib_ver.o)
                              /home/bj/.p2/pool/plugins/fr.ac6.mcu.externaltools.arm-none.linux64_1.13.1.201705091103/tools/compiler/bin/../lib/gcc/arm-none-eabi/5.4.1/../../../../arm-none-eabi/lib/armv7e-m/fpu/libm.a(lib_a-w_asin.o) (__fdlib_version)
/home/bj/.p2/pool/plugins/fr.ac6.mcu.externaltools.arm-none.linux64_1.13.1.201705091103/tools/compiler/bin/../lib/gcc/arm-none-eabi/5.4.1/../../../../arm-none-eabi/lib/armv7e-m/fpu/libm.a(lib_a-s_matherr.o)
                              /home/bj/.p2/pool/plugins/fr.ac6.mcu.externaltools.arm-none.linux64_1.13.1.201705091103/tools/compiler/bin/../lib/gcc/arm-none-eabi/5.4.1/../../../../arm-none-eabi/lib/armv7e-m/fpu/libm.a(lib_a-w_asin.o) (matherr)
/home/bj/.p2/pool/plugins/fr.ac6.mcu.externaltools.arm-none.linux64_1.13.1.201705091103/tools/compiler/bin/../lib/gcc/arm-none-eabi/5.4.1/../../../../arm-none-eabi/lib/armv7e-m/fpu/libm.a(lib_a-s_nan.o)
                              /home/bj/.p2/pool/plugins/fr.ac6.mcu.externaltools.arm-none.linux64_1.13.1.201705091103/tools/compiler/bin/../lib/gcc/arm-none-eabi/5.4.1/../../../../arm-none-eabi/lib/armv7e-m/fpu/libm.a(lib_a-w_asin.o) (nan)
/home/bj/.p2/pool/plugins/fr.ac6.mcu.externaltools.arm-none.linux64_1.13.1.201705091103/tools/compiler/bin/../lib/gcc/arm-none-eabi/5.4.1/armv7e-m/fpu/libgcc.a(_arm_addsubdf3.o)
                              /home/bj/.p2/pool/plugins/fr.ac6.mcu.externaltools.arm-none.linux64_1.13.1.201705091103/tools/compiler/bin/../lib/gcc/arm-none-eabi/5.4.1/../../../../arm-none-eabi/lib/armv7e-m/fpu/libm.a(lib_a-e_asin.o) (__aeabi_dsub)
[...]
Memory Configuration

Name             Origin             Length             Attributes
RAM              0x20000000         0x00030000         xrw
ROM              0x08000000         0x00200000         xr
*default*        0x00000000         0xffffffff

Linker script and memory map

LOAD /home/bj/.p2/pool/plugins/fr.ac6.mcu.externaltools.arm-none.linux64_1.13.1.201705091103/tools/compiler/bin/../lib/gcc/arm-none-eabi/5.4.1/armv7e-m/fpu/crti.o
LOAD /home/bj/.p2/pool/plugins/fr.ac6.mcu.externaltools.arm-none.linux64_1.13.1.201705091103/tools/compiler/bin/../lib/gcc/arm-none-eabi/5.4.1/armv7e-m/fpu/crtbegin.o
LOAD /home/bj/.p2/pool/plugins/fr.ac6.mcu.externaltools.arm-none.linux64_1.13.1.201705091103/tools/compiler/bin/../lib/gcc/arm-none-eabi/5.4.1/../../../../arm-none-eabi/lib/armv7e-m/fpu/crt0.o
LOAD app/src/act.o
LOAD app/src/app.o
LOAD app/src/cal.o
LOAD app/src/can.o
LOAD app/src/cci.o
LOAD app/src/cfg.o
LOAD app/src/clk.o
LOAD app/src/cmd.o
LOAD app/src/com.o
LOAD app/src/ctl.o
LOAD app/src/dbg.o
LOAD app/src/dci.o
LOAD app/src/dnl.o
LOAD app/src/fos.o
LOAD app/src/hci.o
LOAD app/src/ini.o
LOAD app/src/ios.o
LOAD app/src/mec.o
LOAD app/src/odo.o
LOAD app/src/pwr.o
LOAD app/src/rci.o
LOAD app/src/snd.o
LOAD app/src/srs.o
LOAD app/src/sys.o
LOAD app/src/upd.o
LOAD app/src/upl.o
LOAD app/src/wdg.o
LOAD app/src/wsm.o
LOAD asp/src/ahrs.o
LOAD asp/src/calib.o
LOAD asp/src/cbus.o
LOAD asp/src/crc16.o
LOAD asp/src/dbuf.o
LOAD asp/src/dbus.o
LOAD asp/src/ekf.o
LOAD asp/src/est.o
LOAD asp/src/fifo.o
LOAD asp/src/fun.o
LOAD asp/src/gdf.o
LOAD asp/src/hcf.o
LOAD asp/src/hcp.o
LOAD asp/src/linkedlist.o
LOAD asp/src/linkednode.o
LOAD asp/src/maf.o
LOAD asp/src/mecanum.o
LOAD asp/src/med.o
LOAD asp/src/msg.o
LOAD asp/src/pid.o
LOAD asp/src/rcf.o
LOAD asp/src/rcp.o
LOAD asp/src/rmp.o
LOAD asp/src/stack.o
LOAD bsp/src/beep.o
LOAD bsp/src/bsp.o
LOAD bsp/src/btm.o
LOAD bsp/src/btn.o
LOAD bsp/src/can1.o
LOAD bsp/src/can2.o
LOAD bsp/src/dbi.o
LOAD bsp/src/ist8310.o
LOAD bsp/src/key.o
LOAD bsp/src/led.o
LOAD bsp/src/mpu6500.o
LOAD bsp/src/mpu6500_drv.o
LOAD bsp/src/mpu6500_int.o
LOAD bsp/src/mpu6500_spi.o
LOAD bsp/src/pwm.o
LOAD bsp/src/rcv.o
LOAD bsp/src/spi5.o
LOAD bsp/src/sr04.o
LOAD bsp/src/stm32util.o
LOAD bsp/src/tim.o
LOAD bsp/src/tty.o
LOAD drv/src/delay.o
LOAD drv/src/drv.o
LOAD drv/src/flash.o
LOAD drv/src/motor.o
LOAD drv/src/zgyro.o
LOAD hal/src/hal.o
LOAD hal/src/hal_gpio.o
LOAD hal/src/hal_sr04.o
LOAD hal/src/hal_uart.o
LOAD kos/src/kos.o
LOAD kos/src/sch.o
LOAD rtx/src/croutine.o
LOAD rtx/src/event_groups.o
LOAD rtx/src/heap_2.o
LOAD rtx/src/list.o
LOAD rtx/src/queue.o
LOAD rtx/src/tasks.o
LOAD rtx/src/timers.o
LOAD rtx/src/gcc/port.o
LOAD src/syscalls.o
LOAD srv/src/can_srv.o
LOAD srv/src/com_srv.o
LOAD srv/src/ext_srv.o
LOAD srv/src/rcv_srv.o
LOAD srv/src/srv.o
LOAD srv/src/tim_srv.o
LOAD stl/StdPeriph_Driver/src/misc.o
LOAD stl/StdPeriph_Driver/src/stm32f4xx_adc.o
LOAD stl/StdPeriph_Driver/src/stm32f4xx_can.o
LOAD stl/StdPeriph_Driver/src/stm32f4xx_cec.o
LOAD stl/StdPeriph_Driver/src/stm32f4xx_crc.o
LOAD stl/StdPeriph_Driver/src/stm32f4xx_cryp.o
LOAD stl/StdPeriph_Driver/src/stm32f4xx_cryp_aes.o
LOAD stl/StdPeriph_Driver/src/stm32f4xx_cryp_des.o
LOAD stl/StdPeriph_Driver/src/stm32f4xx_cryp_tdes.o
LOAD stl/StdPeriph_Driver/src/stm32f4xx_dac.o
LOAD stl/StdPeriph_Driver/src/stm32f4xx_dbgmcu.o
LOAD stl/StdPeriph_Driver/src/stm32f4xx_dcmi.o
LOAD stl/StdPeriph_Driver/src/stm32f4xx_dfsdm.o
LOAD stl/StdPeriph_Driver/src/stm32f4xx_dma.o
LOAD stl/StdPeriph_Driver/src/stm32f4xx_dma2d.o
LOAD stl/StdPeriph_Driver/src/stm32f4xx_dsi.o
LOAD stl/StdPeriph_Driver/src/stm32f4xx_exti.o
LOAD stl/StdPeriph_Driver/src/stm32f4xx_flash.o
LOAD stl/StdPeriph_Driver/src/stm32f4xx_flash_ramfunc.o
LOAD stl/StdPeriph_Driver/src/stm32f4xx_fmc.o
LOAD stl/StdPeriph_Driver/src/stm32f4xx_fmip2c.o
LOAD stl/StdPeriph_Driver/src/stm32f4xx_fsmc.o
LOAD stl/StdPeriph_Driver/src/stm32f4xx_gpio.o
LOAD stl/StdPeriph_Driver/src/stm32f4xx_hash.o
LOAD stl/StdPeriph_Driver/src/stm32f4xx_hash_md5.o
LOAD stl/StdPeriph_Driver/src/stm32f4xx_hash_sha1.o
LOAD stl/StdPeriph_Driver/src/stm32f4xx_i2c.o
LOAD stl/StdPeriph_Driver/src/stm32f4xx_iwdg.o
LOAD stl/StdPeriph_Driver/src/stm32f4xx_lptim.o
LOAD stl/StdPeriph_Driver/src/stm32f4xx_ltdc.o
LOAD stl/StdPeriph_Driver/src/stm32f4xx_pwr.o
LOAD stl/StdPeriph_Driver/src/stm32f4xx_qspi.o
LOAD stl/StdPeriph_Driver/src/stm32f4xx_rcc.o
LOAD stl/StdPeriph_Driver/src/stm32f4xx_rng.o
LOAD stl/StdPeriph_Driver/src/stm32f4xx_rtc.o
LOAD stl/StdPeriph_Driver/src/stm32f4xx_sai.o
LOAD stl/StdPeriph_Driver/src/stm32f4xx_sdio.o
LOAD stl/StdPeriph_Driver/src/stm32f4xx_spdifrx.o
LOAD stl/StdPeriph_Driver/src/stm32f4xx_spi.o
LOAD stl/StdPeriph_Driver/src/stm32f4xx_syscfg.o
LOAD stl/StdPeriph_Driver/src/stm32f4xx_tim.o
LOAD stl/StdPeriph_Driver/src/stm32f4xx_usart.o
LOAD stl/StdPeriph_Driver/src/stm32f4xx_wwdg.o
LOAD stl/src/gcc/startup_stm32f427xx.o
LOAD stl/src/system_stm32f4xx.o
LOAD usr/src/main.o
LOAD usr/src/stm32f4xx_it.o
LOAD /home/bj/.p2/pool/plugins/fr.ac6.mcu.externaltools.arm-none.linux64_1.13.1.201705091103/tools/compiler/bin/../lib/gcc/arm-none-eabi/5.4.1/../../../../arm-none-eabi/lib/armv7e-m/fpu/libm.a
START GROUP
LOAD /home/bj/.p2/pool/plugins/fr.ac6.mcu.externaltools.arm-none.linux64_1.13.1.201705091103/tools/compiler/bin/../lib/gcc/arm-none-eabi/5.4.1/armv7e-m/fpu/libgcc.a
LOAD /home/bj/.p2/pool/plugins/fr.ac6.mcu.externaltools.arm-none.linux64_1.13.1.201705091103/tools/compiler/bin/../lib/gcc/arm-none-eabi/5.4.1/../../../../arm-none-eabi/lib/armv7e-m/fpu/libc.a
END GROUP
LOAD /home/bj/.p2/pool/plugins/fr.ac6.mcu.externaltools.arm-none.linux64_1.13.1.201705091103/tools/compiler/bin/../lib/gcc/arm-none-eabi/5.4.1/armv7e-m/fpu/crtend.o
LOAD /home/bj/.p2/pool/plugins/fr.ac6.mcu.externaltools.arm-none.linux64_1.13.1.201705091103/tools/compiler/bin/../lib/gcc/arm-none-eabi/5.4.1/armv7e-m/fpu/crtn.o
                0x20030000                _estack = 0x20030000
                0x00000000                _Min_Heap_Size = 0x0
                0x00000400                _Min_Stack_Size = 0x400

.isr_vector     0x08000000      0x1ac
                0x08000000                . = ALIGN (0x4)
 *(.isr_vector)
 .isr_vector    0x08000000      0x1ac stl/src/gcc/startup_stm32f427xx.o
                0x08000000                g_pfnVectors
                0x080001ac                . = ALIGN (0x4)

.text           0x080001c0    0x10ddc
                0x080001c0                . = ALIGN (0x4)
 *(.text)
 .text          0x080001c0       0x5c /home/bj/.p2/pool/plugins/fr.ac6.mcu.externaltools.arm-none.linux64_1.13.1.201705091103/tools/compiler/bin/../lib/gcc/arm-none-eabi/5.4.1/armv7e-m/fpu/crtbegin.o
 .text          0x0800021c      0x134 /home/bj/.p2/pool/plugins/fr.ac6.mcu.externaltools.arm-none.linux64_1.13.1.201705091103/tools/compiler/bin/../lib/gcc/arm-none-eabi/5.4.1/../../../../arm-none-eabi/lib/armv7e-m/fpu/libc.a(lib_a-memcpy.o)
                0x0800021c                memcpy
 *fill*         0x08000350       0x30 
 .text          0x08000380       0xdc /home/bj/.p2/pool/plugins/fr.ac6.mcu.externaltools.arm-none.linux64_1.13.1.201705091103/tools/compiler/bin/../lib/gcc/arm-none-eabi/5.4.1/../../../../arm-none-eabi/lib/armv7e-m/fpu/libc.a(lib_a-strlen.o)
                0x08000380                strlen
 *(.text*)
 .text.PeriphsStateAct
                0x0800045c       0x10 app/src/act.o
 .text.ChassisStateAct
                0x0800046c       0x68 app/src/act.o
 .text.GrabberStateAct
                0x080004d4       0x8c app/src/act.o
 .text.Act_Init
                0x08000560       0x44 app/src/act.o
                0x08000560                Act_Init
 .text.Act_Proc
                0x080005a4       0x14 app/src/act.o
                0x080005a4                Act_Proc
 .text.App_Init
                0x080005b8       0x58 app/src/app.o
                0x080005b8                App_Init
 .text.App_Proc
                0x08000610       0x18 app/src/app.o
                0x08000610                App_Proc
 .text.Cal_Init
                0x08000628       0x30 app/src/cal.o
                0x08000628                Cal_Init
 .text.Cal_SetGpeh
                0x08000658       0x48 app/src/cal.o
 .text.Cal_SetGpel
                0x080006a0       0x48 app/src/cal.o
 .text.Cal_ProcGpe
                0x080006e8      0x1a0 app/src/cal.o
 .text.Cal_SetGpch
                0x08000888       0x4c app/src/cal.o
 .text.Cal_SetGpcl
                0x080008d4       0x48 app/src/cal.o
 .text.Cal_ProcGpc
                0x0800091c       0x2c app/src/cal.o
 .text.Cal_ProcGim
                0x08000948       0x10 app/src/cal.o
 .text.Cal_Proc
                0x08000958        0xc app/src/cal.o
                0x08000958                Cal_Proc
 .text.Cal_SetFlag
                0x08000964       0x24 app/src/cal.o
                0x08000964                Cal_SetFlag
 .text.Cal_HasFlag
                0x08000988       0x20 app/src/cal.o
                0x08000988                Cal_HasFlag
 .text.Cal_HitFlag
                0x080009a8       0x2c app/src/cal.o
                0x080009a8                Cal_HitFlag
 .text.Cal_IsDone
                0x080009d4       0x10 app/src/cal.o
                0x080009d4                Cal_IsDone
 .text.ZGyro_Process
                0x080009e4       0xf8 app/src/can.o
                0x080009e4                ZGyro_Process
 .text.Motor_Process
                0x08000adc      0x238 app/src/can.o
                0x08000adc                Motor_Process
 .text.ZGyro_Ready
                0x08000d14       0x24 app/src/can.o
                0x08000d14                ZGyro_Ready
 .text.Motor_Ready
                0x08000d38       0x24 app/src/can.o
                0x08000d38                Motor_Ready
 .text.ZGyro_Reset
                0x08000d5c       0x1c app/src/can.o
                0x08000d5c                ZGyro_Reset
 .text.Motor_Reset
                0x08000d78       0x1c app/src/can.o
                0x08000d78                Motor_Reset
 .text.Can_Init
                0x08000d94       0x44 app/src/can.o
                0x08000d94                Can_Init
 .text.Can_Proc
                0x08000dd8       0xf0 app/src/can.o
                0x08000dd8                Can_Proc
 .text.Cfg_Load
                0x08000ec8       0x18 app/src/cfg.o
                0x08000ec8                Cfg_Load
 .text.Cfg_Save
                0x08000ee0       0x1c app/src/cfg.o
                0x08000ee0                Cfg_Save
 .text.Cfg_GetFlag
                0x08000efc       0x20 app/src/cfg.o
                0x08000efc                Cfg_GetFlag
 .text.Cfg_IsSynced
                0x08000f1c       0x20 app/src/cfg.o
                0x08000f1c                Cfg_IsSynced
 .text.Cfg_Init
                0x08000f3c      0x1f8 app/src/cfg.o
                0x08000f3c                Cfg_Init
 .text.Cfg_Proc
                0x08001134       0x24 app/src/cfg.o
                0x08001134                Cfg_Proc
 .text.Clk_Init
                0x08001158       0x40 app/src/clk.o
                0x08001158                Clk_Init
 .text.Clk_GetUsTick
                0x08001198       0x14 app/src/clk.o
                0x08001198                Clk_GetUsTick
 .text.Clk_GetMsTick
                0x080011ac       0x20 app/src/clk.o
                0x080011ac                Clk_GetMsTick
 .text.Cmd_Init
                0x080011cc       0x18 app/src/cmd.o
                0x080011cc                Cmd_Init
 .text.Cmd_Proc
                0x080011e4      0x1c4 app/src/cmd.o
                0x080011e4                Cmd_Proc
 .text.Com_Init
                0x080013a8       0x10 app/src/com.o
                0x080013a8                Com_Init
 .text.Tty_Proc
                0x080013b8       0x18 app/src/com.o
                0x080013b8                Tty_Proc
 .text.Btm_Proc
                0x080013d0       0x18 app/src/com.o
                0x080013d0                Btm_Proc
 .text.Dbi_Proc
                0x080013e8       0x18 app/src/com.o
                0x080013e8                Dbi_Proc
 .text.RmpGeneraterCtl
                0x08001400       0x14 app/src/ctl.o
 .text.PeriphsStateCtl
                0x08001414       0x20 app/src/ctl.o
 .text.ChassisStateCtl
                0x08001434      0x148 app/src/ctl.o
 .text.GrabberStateCtl
                0x0800157c       0xb4 app/src/ctl.o
 .text.Rmp_Init
                0x08001630       0x28 app/src/ctl.o
 .text.Cpl_Init
                0x08001658       0x84 app/src/ctl.o
 .text.Cvl_Init
                0x080016dc       0x84 app/src/ctl.o
 .text.Gvl_Init
                0x08001760       0x84 app/src/ctl.o
 .text.Gpl_Init
                0x080017e4       0x84 app/src/ctl.o
 .text.Ctl_Init
                0x08001868       0x70 app/src/ctl.o
                0x08001868                Ctl_Init
 .text.Ctl_Proc
                0x080018d8       0x18 app/src/ctl.o
                0x080018d8                Ctl_Proc
 .text.Dci_Init
                0x080018f0       0x1c app/src/dci.o
                0x080018f0                Dci_Init
 .text.Dci_Proc
                0x0800190c       0x58 app/src/dci.o
                0x0800190c                Dci_Proc
 .text.Rcv_Proc
                0x08001964       0x28 app/src/dci.o
                0x08001964                Rcv_Proc
 .text.Dnl_Init
                0x0800198c       0x28 app/src/dnl.o
                0x0800198c                Dnl_Init
 .text.Fos_Read
                0x080019b4       0x20 app/src/fos.o
                0x080019b4                Fos_Read
 .text.Fos_Write
                0x080019d4       0x24 app/src/fos.o
                0x080019d4                Fos_Write
 .text.GetPeriphsStateRef
                0x080019f8       0x14 app/src/hci.o
 .text.GetChassisStateRef
                0x08001a0c      0x1a4 app/src/hci.o
 .text.GetGrabberStateRef
                0x08001bb0      0x1a4 app/src/hci.o
 .text.Hci_PreProc
                0x08001d54       0x1c app/src/hci.o
                0x08001d54                Hci_PreProc
 .text.Hci_MouseBtn
                0x08001d70       0x2c app/src/hci.o
                0x08001d70                Hci_MouseBtn
 .text.Hci_Init
                0x08001d9c       0x50 app/src/hci.o
                0x08001d9c                Hci_Init
 .text.Hci_Proc
                0x08001dec       0x28 app/src/hci.o
                0x08001dec                Hci_Proc
 .text.Ini_Init
                0x08001e14       0x18 app/src/ini.o
                0x08001e14                Ini_Init
 .text.Ini_Proc
                0x08001e2c       0xa8 app/src/ini.o
                0x08001e2c                Ini_Proc
 .text.Ini_HitFlag
                0x08001ed4       0x2c app/src/ini.o
                0x08001ed4                Ini_HitFlag
 .text.Ini_IsDone
                0x08001f00       0x10 app/src/ini.o
                0x08001f00                Ini_IsDone
 .text.Ios_SetIn
                0x08001f10       0x24 app/src/ios.o
                0x08001f10                Ios_SetIn
 .text.Ios_SetOut
                0x08001f34       0x24 app/src/ios.o
                0x08001f34                Ios_SetOut
 .text.Ios_PutCh
                0x08001f58       0x24 app/src/ios.o
                0x08001f58                Ios_PutCh
 .text.Ios_GetCh
                0x08001f7c       0x10 app/src/ios.o
                0x08001f7c                Ios_GetCh
 .text.Ios_Init
                0x08001f8c       0x1c app/src/ios.o
                0x08001f8c                Ios_Init
 .text.Mec_Synthe
                0x08001fa8       0x20 app/src/mec.o
                0x08001fa8                Mec_Synthe
 .text.Mec_Decomp
                0x08001fc8       0x20 app/src/mec.o
                0x08001fc8                Mec_Decomp
 .text.Mec_Init
                0x08001fe8       0x40 app/src/mec.o
                0x08001fe8                Mec_Init
 .text.GetFunctionalStateFdb
                0x08002028       0xd4 app/src/odo.o
 .text.GetMecanumPositionFdb
                0x080020fc       0x3c app/src/odo.o
 .text.GetMecanumVelocityFdb
                0x08002138       0x3c app/src/odo.o
 .text.GetMecanumCurrentsFdb
                0x08002174       0x64 app/src/odo.o
 .text.GetChassisPositionFdb
                0x080021d8       0x18 app/src/odo.o
 .text.GetChassisVelocityFdb
                0x080021f0       0x18 app/src/odo.o
 .text.GetGrabberPositionFdb
                0x08002208       0x78 app/src/odo.o
 .text.GetGrabberVelocityFdb
                0x08002280       0x54 app/src/odo.o
 .text.GetGrabberCurrentsFdb
                0x080022d4       0x40 app/src/odo.o
 .text.Odo_Init
                0x08002314       0x24 app/src/odo.o
                0x08002314                Odo_Init
 .text.Odo_Proc
                0x08002338       0x2c app/src/odo.o
                0x08002338                Odo_Proc
 .text.Pwr_Init
                0x08002364       0x84 app/src/pwr.o
                0x08002364                Pwr_Init
 .text.Pwr_HasOLFlag
                0x080023e8       0x20 app/src/pwr.o
                0x080023e8                Pwr_HasOLFlag
 .text.Pwr_IsOkay
                0x08002408       0x1c app/src/pwr.o
                0x08002408                Pwr_IsOkay
 .text.GetPeriphsStateRef
                0x08002424       0x14 app/src/rci.o
 .text.GetChassisStateRef
                0x08002438      0x144 app/src/rci.o
 .text.GetGrabberStateRef
                0x0800257c      0x170 app/src/rci.o
 .text.Rci_Init
                0x080026ec       0x14 app/src/rci.o
                0x080026ec                Rci_Init
 .text.Rci_PreProc
                0x08002700       0x1c app/src/rci.o
                0x08002700                Rci_PreProc
 .text.Rci_Sw   0x0800271c       0x2c app/src/rci.o
                0x0800271c                Rci_Sw
 .text.Rci_Proc
                0x08002748       0x24 app/src/rci.o
                0x08002748                Rci_Proc
 .text.Snd_Init
                0x0800276c       0x24 app/src/snd.o
                0x0800276c                Snd_Init
 .text.Snd_Proc
                0x08002790       0x5c app/src/snd.o
                0x08002790                Snd_Proc
 .text.Snd_Play
                0x080027ec       0x18 app/src/snd.o
                0x080027ec                Snd_Play
 .text.Snd_Stop
                0x08002804       0x18 app/src/snd.o
                0x08002804                Snd_Stop
 .text.Srs_Start
                0x0800281c       0x74 app/src/srs.o
                0x0800281c                Srs_Start
 .text.Srs_Init
                0x08002890       0x2c app/src/srs.o
                0x08002890                Srs_Init
 .text.Srs_Rise
                0x080028bc       0x7c app/src/srs.o
                0x080028bc                Srs_Rise
 .text.Srs_Fall
                0x08002938      0x188 app/src/srs.o
                0x08002938                Srs_Fall
 .text.Sr04_Proc
                0x08002ac0       0x74 app/src/srs.o
                0x08002ac0                Sr04_Proc
 .text.FS_Cpy   0x08002b34       0x20 app/src/sys.o
                0x08002b34                FS_Cpy
 .text.FS_Det   0x08002b54       0x20 app/src/sys.o
                0x08002b54                FS_Det
 .text.Upd_Init
                0x08002b74       0x5c app/src/upd.o
                0x08002b74                Upd_Init
 .text.Upd_Proc
                0x08002bd0       0xb8 app/src/upd.o
                0x08002bd0                Upd_Proc
 .text.Upl_Init
                0x08002c88       0x1c app/src/upl.o
                0x08002c88                Upl_Init
 .text.Wdg_Init
                0x08002ca4       0x4c app/src/wdg.o
                0x08002ca4                Wdg_Init
 .text.Wdg_Proc
                0x08002cf0       0x80 app/src/wdg.o
                0x08002cf0                Wdg_Proc
 .text.Wdg_Feed
                0x08002d70       0x24 app/src/wdg.o
                0x08002d70                Wdg_Feed
 .text.Wdg_HasErr
                0x08002d94       0x20 app/src/wdg.o
                0x08002d94                Wdg_HasErr
 .text.Wdg_HitErr
                0x08002db4       0x2c app/src/wdg.o
                0x08002db4                Wdg_HitErr
 .text.Wdg_IsOkay
                0x08002de0       0x28 app/src/wdg.o
                0x08002de0                Wdg_IsOkay
 .text.Wsm_Init
                0x08002e08       0x24 app/src/wsm.o
                0x08002e08                Wsm_Init
 .text.Wsm_Proc
                0x08002e2c      0x1b0 app/src/wsm.o
                0x08002e2c                Wsm_Proc
 .text.Wsm_GetWs
                0x08002fdc       0x18 app/src/wsm.o
                0x08002fdc                Wsm_GetWs
 .text.Wsm_GetLastWs
                0x08002ff4       0x18 app/src/wsm.o
                0x08002ff4                Wsm_GetLastWs
 .text.CBUS_Init
                0x0800300c       0x1c asp/src/cbus.o
                0x0800300c                CBUS_Init
 .text.DBUS_Dec
                0x08003028       0x30 asp/src/dbus.o
                0x08003028                DBUS_Dec
 .text.DBUS_Init
                0x08003058       0x24 asp/src/dbus.o
                0x08003058                DBUS_Init
 .text.Ekf_Init
                0x0800307c       0x2c asp/src/ekf.o
                0x0800307c                Ekf_Init
 .text.Ekf_Reset
                0x080030a8       0x34 asp/src/ekf.o
                0x080030a8                Ekf_Reset
 .text.Ekf_Proc
                0x080030dc       0xcc asp/src/ekf.o
                0x080030dc                Ekf_Proc
 .text.FIFO_Init
                0x080031a8       0x28 asp/src/fifo.o
                0x080031a8                FIFO_Init
 .text.FIFO_Flush
                0x080031d0       0x34 asp/src/fifo.o
                0x080031d0                FIFO_Flush
 .text.FIFO_Push
                0x08003204       0x70 asp/src/fifo.o
                0x08003204                FIFO_Push
 .text.FIFO_Pop
                0x08003274       0x6c asp/src/fifo.o
                0x08003274                FIFO_Pop
 .text.FIFO_IsFull
                0x080032e0       0x28 asp/src/fifo.o
                0x080032e0                FIFO_IsFull
 .text.FIFO_IsEmpty
                0x08003308       0x24 asp/src/fifo.o
                0x08003308                FIFO_IsEmpty
 .text.FIFO_GetSize
                0x0800332c       0x18 asp/src/fifo.o
                0x0800332c                FIFO_GetSize
 .text.FIFO_GetUsed
                0x08003344       0x18 asp/src/fifo.o
                0x08003344                FIFO_GetUsed
 .text.FIFO_GetFree
                0x0800335c       0x20 asp/src/fifo.o
                0x0800335c                FIFO_GetFree
 .text.map      0x0800337c       0x8c asp/src/fun.o
                0x0800337c                map
 .text.constrain
                0x08003408       0x54 asp/src/fun.o
                0x08003408                constrain
 .text.Flag_Get
                0x0800345c       0x20 asp/src/fun.o
                0x0800345c                Flag_Get
 .text.Flag_Set
                0x0800347c       0x24 asp/src/fun.o
                0x0800347c                Flag_Set
 .text.Flag_Clr
                0x080034a0       0x24 asp/src/fun.o
                0x080034a0                Flag_Clr
 .text.Flag_Cpy
                0x080034c4       0x64 asp/src/fun.o
                0x080034c4                Flag_Cpy
 .text.Flag_Det
                0x08003528       0x2c asp/src/fun.o
                0x08003528                Flag_Det
 .text.isort    0x08003554       0x84 asp/src/fun.o
                0x08003554                isort
 .text.sort     0x080035d8       0x48 asp/src/fun.o
                0x080035d8                sort
 .text.Hcf_Init
                0x08003620       0x54 asp/src/hcf.o
                0x08003620                Hcf_Init
 .text.Hcf_Proc
                0x08003674       0xd0 asp/src/hcf.o
                0x08003674                Hcf_Proc
 .text.Hcp_Dec  0x08003744       0xac asp/src/hcp.o
                0x08003744                Hcp_Dec
 .text.Hcp_Init
                0x080037f0       0x50 asp/src/hcp.o
                0x080037f0                Hcp_Init
 .text.Maf_Init
                0x08003840       0x28 asp/src/maf.o
                0x08003840                Maf_Init
 .text.Maf_Reset
                0x08003868       0x54 asp/src/maf.o
                0x08003868                Maf_Reset
 .text.Maf_Proc
                0x080038bc       0x84 asp/src/maf.o
                0x080038bc                Maf_Proc
 .text.Mecanum_Config
                0x08003940       0x90 asp/src/mecanum.o
                0x08003940                Mecanum_Config
 .text.Mecanum_Synthe
                0x080039d0       0xcc asp/src/mecanum.o
                0x080039d0                Mecanum_Synthe
 .text.Mecanum_Decomp
                0x08003a9c      0x104 asp/src/mecanum.o
                0x08003a9c                Mecanum_Decomp
 .text.Med_Init
                0x08003ba0       0x68 asp/src/med.o
                0x08003ba0                Med_Init
 .text.Med_Proc
                0x08003c08       0x90 asp/src/med.o
                0x08003c08                Med_Proc
 .text.PID_Config
                0x08003c98       0x70 asp/src/pid.o
                0x08003c98                PID_Config
 .text.PID_Reset
                0x08003d08       0x44 asp/src/pid.o
                0x08003d08                PID_Reset
 .text.PID_Calc
                0x08003d4c      0x268 asp/src/pid.o
                0x08003d4c                PID_Calc
 .text.Rcf_Init
                0x08003fb4       0x54 asp/src/rcf.o
                0x08003fb4                Rcf_Init
 .text.Rcf_Proc
                0x08004008       0xd0 asp/src/rcf.o
                0x08004008                Rcf_Proc
 .text.Rcp_Dec  0x080040d8       0xe4 asp/src/rcp.o
                0x080040d8                Rcp_Dec
 .text.Rcp_Init
                0x080041bc       0x50 asp/src/rcp.o
                0x080041bc                Rcp_Init
 .text.Rmp_Config
                0x0800420c       0x1c asp/src/rmp.o
                0x0800420c                Rmp_Config
 .text.Rmp_Calc
                0x08004228       0x58 asp/src/rmp.o
                0x08004228                Rmp_Calc
 .text.Rmp_Reset
                0x08004280       0x24 asp/src/rmp.o
                0x08004280                Rmp_Reset
 .text.Beep_Sing
                0x080042a4       0x48 bsp/src/beep.o
                0x080042a4                Beep_Sing
 .text.Beep_SingStartupMusic
                0x080042ec       0x28 bsp/src/beep.o
                0x080042ec                Beep_SingStartupMusic
 .text.Beep_Config
                0x08004314       0x38 bsp/src/beep.o
                0x08004314                Beep_Config
 .text.Bsp_Config
                0x0800434c       0x5c bsp/src/bsp.o
                0x0800434c                Bsp_Config
 .text.Btm_Config
                0x080043a8       0x7c bsp/src/btm.o
                0x080043a8                Btm_Config
 .text.Btm_PutCh
                0x08004424       0x4c bsp/src/btm.o
                0x08004424                Btm_PutCh
 .text.USART2_IRQHandler
                0x08004470       0xb0 bsp/src/btm.o
                0x08004470                USART2_IRQHandler
 .text.Btn_Config
                0x08004520       0x14 bsp/src/btn.o
                0x08004520                Btn_Config
 .text.Can1_Config
                0x08004534       0x78 bsp/src/can1.o
                0x08004534                Can1_Config
 .text.CAN1_RX0_IRQHandler
                0x080045ac       0x50 bsp/src/can1.o
                0x080045ac                CAN1_RX0_IRQHandler
 .text.CAN1_TX_IRQHandler
                0x080045fc       0x24 bsp/src/can1.o
                0x080045fc                CAN1_TX_IRQHandler
 .text.Can2_Config
                0x08004620       0x78 bsp/src/can2.o
                0x08004620                Can2_Config
 .text.CAN2_RX0_IRQHandler
                0x08004698       0x50 bsp/src/can2.o
                0x08004698                CAN2_RX0_IRQHandler
 .text.CAN2_TX_IRQHandler
                0x080046e8       0x24 bsp/src/can2.o
                0x080046e8                CAN2_TX_IRQHandler
 .text.Dbi_Config
                0x0800470c       0x7c bsp/src/dbi.o
                0x0800470c                Dbi_Config
 .text.Dbi_GetRxFifoSize
                0x08004788       0x14 bsp/src/dbi.o
                0x08004788                Dbi_GetRxFifoSize
 .text.Dbi_GetRxFifoUsed
                0x0800479c       0x14 bsp/src/dbi.o
                0x0800479c                Dbi_GetRxFifoUsed
 .text.Dbi_GetRxFifoFree
                0x080047b0       0x14 bsp/src/dbi.o
                0x080047b0                Dbi_GetRxFifoFree
 .text.Dbi_GetTxFifoSize
                0x080047c4       0x14 bsp/src/dbi.o
                0x080047c4                Dbi_GetTxFifoSize
 .text.Dbi_GetTxFifoUsed
                0x080047d8       0x14 bsp/src/dbi.o
                0x080047d8                Dbi_GetTxFifoUsed
 .text.Dbi_GetTxFifoFree
                0x080047ec       0x14 bsp/src/dbi.o
                0x080047ec                Dbi_GetTxFifoFree
 .text.Dbi_ReadByte
                0x08004800       0x54 bsp/src/dbi.o
                0x08004800                Dbi_ReadByte
 .text.Dbi_WriteByte
                0x08004854       0x54 bsp/src/dbi.o
                0x08004854                Dbi_WriteByte
 .text.Dbi_Read
                0x080048a8       0x60 bsp/src/dbi.o
                0x080048a8                Dbi_Read
 .text.Dbi_Write
                0x08004908       0x60 bsp/src/dbi.o
                0x08004908                Dbi_Write
 .text.Dbi_PutCh
                0x08004968       0x4c bsp/src/dbi.o
                0x08004968                Dbi_PutCh
 .text.Dbi_GetCh
                0x080049b4       0x50 bsp/src/dbi.o
                0x080049b4                Dbi_GetCh
 .text.Dbi_Print
                0x08004a04       0x3c bsp/src/dbi.o
                0x08004a04                Dbi_Print
 .text.USART3_IRQHandler
                0x08004a40       0xb0 bsp/src/dbi.o
                0x08004a40                USART3_IRQHandler
 .text.Key_Config
                0x08004af0       0x30 bsp/src/key.o
                0x08004af0                Key_Config
 .text.Led_Config
                0x08004b20       0x38 bsp/src/led.o
                0x08004b20                Led_Config
 .text.MPU6500_Config
                0x08004b58       0x14 bsp/src/mpu6500.o
                0x08004b58                MPU6500_Config
 .text.MPU6500_CheckDevice
                0x08004b6c       0x44 bsp/src/mpu6500_drv.o
                0x08004b6c                MPU6500_CheckDevice
 .text.MPU6500_Init
                0x08004bb0       0x80 bsp/src/mpu6500_drv.o
                0x08004bb0                MPU6500_Init
 .text.MPU6500_SPI_Write_Reg
                0x08004c30       0x7c bsp/src/mpu6500_spi.o
                0x08004c30                MPU6500_SPI_Write_Reg
 .text.MPU6500_SPI_Read_Reg
                0x08004cac       0x78 bsp/src/mpu6500_spi.o
                0x08004cac                MPU6500_SPI_Read_Reg
 .text.Pwm_Config
                0x08004d24       0x6c bsp/src/pwm.o
                0x08004d24                Pwm_Config
 .text.Rcv_Config
                0x08004d90       0xa0 bsp/src/rcv.o
                0x08004d90                Rcv_Config
 .text.USART1_IRQHandler
                0x08004e30       0x9c bsp/src/rcv.o
                0x08004e30                USART1_IRQHandler
 .text.Spi5_Config
                0x08004ecc       0x68 bsp/src/spi5.o
                0x08004ecc                Spi5_Config
 .text.SR04_IRQHandler
                0x08004f34       0xb4 bsp/src/sr04.o
 .text.SR04_Bind
                0x08004fe8       0x30 bsp/src/sr04.o
                0x08004fe8                SR04_Bind
 .text.SR04_Config
                0x08005018       0x34 bsp/src/sr04.o
                0x08005018                SR04_Config
 .text.GPIO_Config
                0x0800504c      0x138 bsp/src/stm32util.o
                0x0800504c                GPIO_Config
 .text.GPIO_In  0x08005184       0x20 bsp/src/stm32util.o
                0x08005184                GPIO_In
 .text.GPIO_Out
                0x080051a4       0x20 bsp/src/stm32util.o
                0x080051a4                GPIO_Out
 .text.GPIO_Af  0x080051c4       0x40 bsp/src/stm32util.o
                0x080051c4                GPIO_Af
 .text.USART_Bind
                0x08005204     0x1c20 bsp/src/stm32util.o
                0x08005204                USART_Bind
 .text.USART_Config
                0x08006e24      0x1f0 bsp/src/stm32util.o
                0x08006e24                USART_Config
 .text.PWM_Bind
                0x08007014     0x2724 bsp/src/stm32util.o
                0x08007014                PWM_Bind
 .text.TIM_Config
                0x08009738      0x158 bsp/src/stm32util.o
                0x08009738                TIM_Config
 .text.TIM_OC_Config
                0x08009890       0xb4 bsp/src/stm32util.o
                0x08009890                TIM_OC_Config
 .text.NVIC_Config
                0x08009944       0x34 bsp/src/stm32util.o
                0x08009944                NVIC_Config
 .text.CAN_Config
                0x08009978       0x88 bsp/src/stm32util.o
                0x08009978                CAN_Config
 .text.CAN_Filter_Config
                0x08009a00       0x58 bsp/src/stm32util.o
                0x08009a00                CAN_Filter_Config
 .text.DMA_Config
                0x08009a58       0x98 bsp/src/stm32util.o
                0x08009a58                DMA_Config
 .text.EXTI_Config
                0x08009af0       0x3c bsp/src/stm32util.o
                0x08009af0                EXTI_Config
 .text.EXTI_SetHandler
                0x08009b2c       0x2c bsp/src/stm32util.o
                0x08009b2c                EXTI_SetHandler
 .text.EXTI0_IRQHandler
                0x08009b58       0x34 bsp/src/stm32util.o
                0x08009b58                EXTI0_IRQHandler
 .text.EXTI1_IRQHandler
                0x08009b8c       0x34 bsp/src/stm32util.o
                0x08009b8c                EXTI1_IRQHandler
 .text.EXTI2_IRQHandler
                0x08009bc0       0x34 bsp/src/stm32util.o
                0x08009bc0                EXTI2_IRQHandler
 .text.EXTI3_IRQHandler
                0x08009bf4       0x34 bsp/src/stm32util.o
                0x08009bf4                EXTI3_IRQHandler
 .text.EXTI4_IRQHandler
                0x08009c28       0x34 bsp/src/stm32util.o
                0x08009c28                EXTI4_IRQHandler
 .text.EXTI9_5_IRQHandler
                0x08009c5c       0xe0 bsp/src/stm32util.o
                0x08009c5c                EXTI9_5_IRQHandler
 .text.EXTI15_10_IRQHandler
                0x08009d3c      0x120 bsp/src/stm32util.o
                0x08009d3c                EXTI15_10_IRQHandler
 .text.EXTI_Bind
                0x08009e5c      0x1dc bsp/src/stm32util.o
                0x08009e5c                EXTI_Bind
 .text.SPI_Config
                0x0800a038       0xdc bsp/src/stm32util.o
                0x0800a038                SPI_Config
 .text.SPI_Bind
                0x0800a114     0x12a4 bsp/src/stm32util.o
                0x0800a114                SPI_Bind
 .text.SPI_TxRxByte
                0x0800b3b8       0x74 bsp/src/stm32util.o
                0x0800b3b8                SPI_TxRxByte
 .text.TickTim_Config
                0x0800b42c       0x38 bsp/src/tim.o
                0x0800b42c                TickTim_Config
 .text.TickTim_Start
                0x0800b464       0x28 bsp/src/tim.o
                0x0800b464                TickTim_Start
 .text.TIM2_IRQHandler
                0x0800b48c       0x30 bsp/src/tim.o
                0x0800b48c                TIM2_IRQHandler
 .text.SyncTim_Config
                0x0800b4bc       0x30 bsp/src/tim.o
                0x0800b4bc                SyncTim_Config
 .text.SyncTim_Start
                0x0800b4ec       0x28 bsp/src/tim.o
                0x0800b4ec                SyncTim_Start
 .text.TIM6_DAC_IRQHandler
                0x0800b514       0x30 bsp/src/tim.o
                0x0800b514                TIM6_DAC_IRQHandler
 .text.Tim_Config
                0x0800b544       0x10 bsp/src/tim.o
                0x0800b544                Tim_Config
 .text.Tim_Start
                0x0800b554       0x10 bsp/src/tim.o
                0x0800b554                Tim_Start
 .text.Tty_Config
                0x0800b564       0x7c bsp/src/tty.o
                0x0800b564                Tty_Config
 .text.USART6_IRQHandler
                0x0800b5e0       0xb0 bsp/src/tty.o
                0x0800b5e0                USART6_IRQHandler
 .text.Delay_Ms
                0x0800b690       0x3c drv/src/delay.o
                0x0800b690                Delay_Ms
 .text.Flash_GetSector
                0x0800b6cc       0xc8 drv/src/flash.o
 .text.Flash_ReadByte
                0x0800b794       0x1c drv/src/flash.o
 .text.Flash_Read
                0x0800b7b0       0x40 drv/src/flash.o
                0x0800b7b0                Flash_Read
 .text.Flash_Write
                0x0800b7f0       0xdc drv/src/flash.o
                0x0800b7f0                Flash_Write
 .text.CM_Cmd   0x0800b8cc       0x98 drv/src/motor.o
                0x0800b8cc                CM_Cmd
 .text.GM_Cmd   0x0800b964       0x6c drv/src/motor.o
                0x0800b964                GM_Cmd
 .text.KOS_Boot
                0x0800b9d0       0x34 kos/src/kos.o
                0x0800b9d0                KOS_Boot
 .text.Sch_Init
                0x0800ba04       0x3c kos/src/sch.o
                0x0800ba04                Sch_Init
 .text.Sch_Proc
                0x0800ba40       0x58 kos/src/sch.o
                0x0800ba40                Sch_Proc
 .text.newSchTask
                0x0800ba98       0x4c kos/src/sch.o
 .text.getSchTask
                0x0800bae4       0x3c kos/src/sch.o
 .text.addSchTask
                0x0800bb20       0x30 kos/src/sch.o
 .text.Sch_Arrange
                0x0800bb50       0x68 kos/src/sch.o
                0x0800bb50                Sch_Arrange
 .text.pvPortMalloc
                0x0800bbb8      0x11c rtx/src/heap_2.o
                0x0800bbb8                pvPortMalloc
 .text.vPortFree
                0x0800bcd4       0x74 rtx/src/heap_2.o
                0x0800bcd4                vPortFree
 .text.prvHeapInit
                0x0800bd48       0x54 rtx/src/heap_2.o
 .text.vListInitialise
                0x0800bd9c       0x40 rtx/src/list.o
                0x0800bd9c                vListInitialise
 .text.vListInitialiseItem
                0x0800bddc       0x1c rtx/src/list.o
                0x0800bddc                vListInitialiseItem
 .text.vListInsertEnd
                0x0800bdf8       0x48 rtx/src/list.o
                0x0800bdf8                vListInsertEnd
 .text.vListInsert
                0x0800be40       0x74 rtx/src/list.o
                0x0800be40                vListInsert
 .text.uxListRemove
                0x0800beb4       0x54 rtx/src/list.o
                0x0800beb4                uxListRemove
 .text.xQueueGenericReset
                0x0800bf08       0xd0 rtx/src/queue.o
                0x0800bf08                xQueueGenericReset
 .text.xQueueGenericCreate
                0x0800bfd8       0x74 rtx/src/queue.o
                0x0800bfd8                xQueueGenericCreate
 .text.prvInitialiseNewQueue
                0x0800c04c       0x40 rtx/src/queue.o
 .text.xQueueGenericSend
                0x0800c08c      0x1f4 rtx/src/queue.o
                0x0800c08c                xQueueGenericSend
 .text.xQueueGenericSendFromISR
                0x0800c280      0x128 rtx/src/queue.o
                0x0800c280                xQueueGenericSendFromISR
 .text.xQueueGenericReceive
                0x0800c3a8      0x224 rtx/src/queue.o
                0x0800c3a8                xQueueGenericReceive
 .text.prvCopyDataToQueue
                0x0800c5cc       0xd4 rtx/src/queue.o
 .text.prvCopyDataFromQueue
                0x0800c6a0       0x4c rtx/src/queue.o
 .text.prvUnlockQueue
                0x0800c6ec       0xa4 rtx/src/queue.o
 .text.prvIsQueueEmpty
                0x0800c790       0x2c rtx/src/queue.o
 .text.prvIsQueueFull
                0x0800c7bc       0x30 rtx/src/queue.o
 .text.vQueueAddToRegistry
                0x0800c7ec       0x50 rtx/src/queue.o
                0x0800c7ec                vQueueAddToRegistry
 .text.vQueueWaitForMessageRestricted
                0x0800c83c       0x68 rtx/src/queue.o
                0x0800c83c                vQueueWaitForMessageRestricted
 .text.xTaskCreate
                0x0800c8a4       0x84 rtx/src/tasks.o
                0x0800c8a4                xTaskCreate
 .text.prvInitialiseNewTask
                0x0800c928       0xfc rtx/src/tasks.o
 .text.prvAddNewTaskToReadyList
                0x0800ca24       0xd4 rtx/src/tasks.o
 .text.vTaskDelay
                0x0800caf8       0x68 rtx/src/tasks.o
                0x0800caf8                vTaskDelay
 .text.vTaskStartScheduler
                0x0800cb60       0x98 rtx/src/tasks.o
                0x0800cb60                vTaskStartScheduler
 .text.vTaskSuspendAll
                0x0800cbf8       0x1c rtx/src/tasks.o
                0x0800cbf8                vTaskSuspendAll
 .text.xTaskResumeAll
                0x0800cc14      0x138 rtx/src/tasks.o
                0x0800cc14                xTaskResumeAll
 .text.xTaskGetTickCount
                0x0800cd4c       0x20 rtx/src/tasks.o
                0x0800cd4c                xTaskGetTickCount
 .text.xTaskIncrementTick
                0x0800cd6c      0x178 rtx/src/tasks.o
                0x0800cd6c                xTaskIncrementTick
 .text.vTaskSwitchContext
                0x0800cee4       0xb4 rtx/src/tasks.o
                0x0800cee4                vTaskSwitchContext
 .text.vTaskPlaceOnEventList
                0x0800cf98       0x48 rtx/src/tasks.o
                0x0800cf98                vTaskPlaceOnEventList
 .text.vTaskPlaceOnEventListRestricted
                0x0800cfe0       0x54 rtx/src/tasks.o
                0x0800cfe0                vTaskPlaceOnEventListRestricted
 .text.xTaskRemoveFromEventList
                0x0800d034       0xc4 rtx/src/tasks.o
                0x0800d034                xTaskRemoveFromEventList
 .text.vTaskSetTimeOutState
                0x0800d0f8       0x48 rtx/src/tasks.o
                0x0800d0f8                vTaskSetTimeOutState
 .text.xTaskCheckForTimeOut
                0x0800d140       0xbc rtx/src/tasks.o
                0x0800d140                xTaskCheckForTimeOut
 .text.vTaskMissedYield
                0x0800d1fc       0x18 rtx/src/tasks.o
                0x0800d1fc                vTaskMissedYield
 .text.prvIdleTask
                0x0800d214       0x30 rtx/src/tasks.o
 .text.prvInitialiseTaskLists
                0x0800d244       0x80 rtx/src/tasks.o
 .text.prvCheckTasksWaitingTermination
                0x0800d2c4       0x78 rtx/src/tasks.o
 .text.prvDeleteTCB
                0x0800d33c       0x20 rtx/src/tasks.o
 .text.prvResetNextTaskUnblockTime
                0x0800d35c       0x4c rtx/src/tasks.o
 .text.xTaskGetSchedulerState
                0x0800d3a8       0x3c rtx/src/tasks.o
                0x0800d3a8                xTaskGetSchedulerState
 .text.vTaskPriorityInherit
                0x0800d3e4       0xec rtx/src/tasks.o
                0x0800d3e4                vTaskPriorityInherit
 .text.xTaskPriorityDisinherit
                0x0800d4d0      0x108 rtx/src/tasks.o
                0x0800d4d0                xTaskPriorityDisinherit
 .text.pvTaskIncrementMutexHeldCount
                0x0800d5d8       0x28 rtx/src/tasks.o
                0x0800d5d8                pvTaskIncrementMutexHeldCount
 .text.prvAddCurrentTaskToDelayedList
                0x0800d600       0xcc rtx/src/tasks.o
 .text.xTimerCreateTimerTask
                0x0800d6cc       0x64 rtx/src/timers.o
                0x0800d6cc                xTimerCreateTimerTask
 .text.xTimerGenericCommand
                0x0800d730       0x98 rtx/src/timers.o
                0x0800d730                xTimerGenericCommand
 .text.prvProcessExpiredTimer
                0x0800d7c8       0x80 rtx/src/timers.o
 .text.prvTimerTask
                0x0800d848       0x24 rtx/src/timers.o
 .text.prvProcessTimerOrBlockTask
                0x0800d86c       0x9c rtx/src/timers.o
 .text.prvGetNextExpireTime
                0x0800d908       0x48 rtx/src/timers.o
 .text.prvSampleTimeNow
                0x0800d950       0x40 rtx/src/timers.o
 .text.prvInsertTimerInActiveList
                0x0800d990       0x84 rtx/src/timers.o
 .text.prvProcessReceivedCommands
                0x0800da14      0x124 rtx/src/timers.o
 .text.prvSwitchTimerLists
                0x0800db38       0xc0 rtx/src/timers.o
 .text.prvCheckForValidListAndQueue
                0x0800dbf8       0x6c rtx/src/timers.o
 .text.pxPortInitialiseStack
                0x0800dc64       0x68 rtx/src/gcc/port.o
                0x0800dc64                pxPortInitialiseStack
 .text.prvTaskExitError
                0x0800dccc       0x3c rtx/src/gcc/port.o
 *fill*         0x0800dd08        0x8 
 .text.SVC_Handler
                0x0800dd10       0x28 rtx/src/gcc/port.o
                0x0800dd10                SVC_Handler
 .text.prvPortStartFirstTask
                0x0800dd38       0x20 rtx/src/gcc/port.o
 .text.xPortStartScheduler
                0x0800dd58      0x118 rtx/src/gcc/port.o
                0x0800dd58                xPortStartScheduler
 .text.vPortEnterCritical
                0x0800de70       0x5c rtx/src/gcc/port.o
                0x0800de70                vPortEnterCritical
 .text.vPortExitCritical
                0x0800decc       0x50 rtx/src/gcc/port.o
                0x0800decc                vPortExitCritical
 *fill*         0x0800df1c        0x4 
 .text.PendSV_Handler
                0x0800df20       0x68 rtx/src/gcc/port.o
                0x0800df20                PendSV_Handler
 .text.SysTick_Handler
                0x0800df88       0x40 rtx/src/gcc/port.o
                0x0800df88                SysTick_Handler
 .text.vPortSetupTimerInterrupt
                0x0800dfc8       0x38 rtx/src/gcc/port.o
                0x0800dfc8                vPortSetupTimerInterrupt
 .text.vPortEnableVFP
                0x0800e000       0x14 rtx/src/gcc/port.o
 .text.vPortValidateInterruptPriority
                0x0800e014       0x7c rtx/src/gcc/port.o
                0x0800e014                vPortValidateInterruptPriority
 .text._sbrk    0x0800e090       0x58 src/syscalls.o
                0x0800e090                _sbrk
 .text.Can1RxCallback
                0x0800e0e8       0x1c srv/src/can_srv.o
                0x0800e0e8                Can1RxCallback
 .text.Can2RxCallback
                0x0800e104       0x1c srv/src/can_srv.o
                0x0800e104                Can2RxCallback
 .text.BtmRxCallback
                0x0800e120       0x1c srv/src/com_srv.o
                0x0800e120                BtmRxCallback
 .text.DbiRxCallback
                0x0800e13c       0x1c srv/src/com_srv.o
                0x0800e13c                DbiRxCallback
 .text.TtyRxCallback
                0x0800e158       0x1c srv/src/com_srv.o
                0x0800e158                TtyRxCallback
 .text.SR04Callback
                0x0800e174       0x24 srv/src/ext_srv.o
                0x0800e174                SR04Callback
 .text.RcvCallback
                0x0800e198       0x18 srv/src/rcv_srv.o
                0x0800e198                RcvCallback
 .text.TickTimCallback
                0x0800e1b0       0x10 srv/src/tim_srv.o
                0x0800e1b0                TickTimCallback
 .text.SyncTimCallback
                0x0800e1c0        0xc srv/src/tim_srv.o
                0x0800e1c0                SyncTimCallback
 .text.NVIC_PriorityGroupConfig
                0x0800e1cc       0x28 stl/StdPeriph_Driver/src/misc.o
                0x0800e1cc                NVIC_PriorityGroupConfig
 .text.NVIC_Init
                0x0800e1f4       0xc4 stl/StdPeriph_Driver/src/misc.o
                0x0800e1f4                NVIC_Init
 .text.CAN_Init
                0x0800e2b8      0x1a4 stl/StdPeriph_Driver/src/stm32f4xx_can.o
                0x0800e2b8                CAN_Init
 .text.CAN_FilterInit
                0x0800e45c      0x178 stl/StdPeriph_Driver/src/stm32f4xx_can.o
                0x0800e45c                CAN_FilterInit
 .text.CAN_Transmit
                0x0800e5d4      0x198 stl/StdPeriph_Driver/src/stm32f4xx_can.o
                0x0800e5d4                CAN_Transmit
 .text.CAN_Receive
                0x0800e76c      0x174 stl/StdPeriph_Driver/src/stm32f4xx_can.o
                0x0800e76c                CAN_Receive
 .text.CAN_ITConfig
                0x0800e8e0       0x3c stl/StdPeriph_Driver/src/stm32f4xx_can.o
                0x0800e8e0                CAN_ITConfig
 .text.CAN_ClearFlag
                0x0800e91c       0x74 stl/StdPeriph_Driver/src/stm32f4xx_can.o
                0x0800e91c                CAN_ClearFlag
 .text.CAN_GetITStatus
                0x0800e990      0x194 stl/StdPeriph_Driver/src/stm32f4xx_can.o
                0x0800e990                CAN_GetITStatus
 .text.CAN_ClearITPendingBit
                0x0800eb24       0xe0 stl/StdPeriph_Driver/src/stm32f4xx_can.o
                0x0800eb24                CAN_ClearITPendingBit
 .text.CheckITStatus
                0x0800ec04       0x30 stl/StdPeriph_Driver/src/stm32f4xx_can.o
 .text.DMA_Init
                0x0800ec34       0xb0 stl/StdPeriph_Driver/src/stm32f4xx_dma.o
                0x0800ec34                DMA_Init
 .text.DMA_Cmd  0x0800ece4       0x38 stl/StdPeriph_Driver/src/stm32f4xx_dma.o
                0x0800ece4                DMA_Cmd
 .text.DMA_GetCurrDataCounter
                0x0800ed1c       0x1c stl/StdPeriph_Driver/src/stm32f4xx_dma.o
                0x0800ed1c                DMA_GetCurrDataCounter
 .text.DMA_DoubleBufferModeConfig
                0x0800ed38       0x40 stl/StdPeriph_Driver/src/stm32f4xx_dma.o
                0x0800ed38                DMA_DoubleBufferModeConfig
 .text.DMA_DoubleBufferModeCmd
                0x0800ed78       0x38 stl/StdPeriph_Driver/src/stm32f4xx_dma.o
                0x0800ed78                DMA_DoubleBufferModeCmd
 .text.DMA_GetCurrentMemoryTarget
                0x0800edb0       0x30 stl/StdPeriph_Driver/src/stm32f4xx_dma.o
                0x0800edb0                DMA_GetCurrentMemoryTarget
 .text.EXTI_Init
                0x0800ede0       0xe4 stl/StdPeriph_Driver/src/stm32f4xx_exti.o
                0x0800ede0                EXTI_Init
 .text.EXTI_ClearFlag
                0x0800eec4       0x20 stl/StdPeriph_Driver/src/stm32f4xx_exti.o
                0x0800eec4                EXTI_ClearFlag
 .text.EXTI_GetITStatus
                0x0800eee4       0x34 stl/StdPeriph_Driver/src/stm32f4xx_exti.o
                0x0800eee4                EXTI_GetITStatus
 .text.EXTI_ClearITPendingBit
                0x0800ef18       0x20 stl/StdPeriph_Driver/src/stm32f4xx_exti.o
                0x0800ef18                EXTI_ClearITPendingBit
 .text.FLASH_DataCacheCmd
                0x0800ef38       0x3c stl/StdPeriph_Driver/src/stm32f4xx_flash.o
                0x0800ef38                FLASH_DataCacheCmd
 .text.FLASH_Unlock
                0x0800ef74       0x30 stl/StdPeriph_Driver/src/stm32f4xx_flash.o
                0x0800ef74                FLASH_Unlock
 .text.FLASH_Lock
                0x0800efa4       0x20 stl/StdPeriph_Driver/src/stm32f4xx_flash.o
                0x0800efa4                FLASH_Lock
 .text.FLASH_EraseSector
                0x0800efc4       0xc0 stl/StdPeriph_Driver/src/stm32f4xx_flash.o
                0x0800efc4                FLASH_EraseSector
 .text.FLASH_ProgramByte
                0x0800f084       0x68 stl/StdPeriph_Driver/src/stm32f4xx_flash.o
                0x0800f084                FLASH_ProgramByte
 .text.FLASH_GetStatus
                0x0800f0ec       0x7c stl/StdPeriph_Driver/src/stm32f4xx_flash.o
                0x0800f0ec                FLASH_GetStatus
 .text.FLASH_WaitForLastOperation
                0x0800f168       0x30 stl/StdPeriph_Driver/src/stm32f4xx_flash.o
                0x0800f168                FLASH_WaitForLastOperation
 .text.GPIO_Init
                0x0800f198      0x11c stl/StdPeriph_Driver/src/stm32f4xx_gpio.o
                0x0800f198                GPIO_Init
 .text.GPIO_ReadInputDataBit
                0x0800f2b4       0x34 stl/StdPeriph_Driver/src/stm32f4xx_gpio.o
                0x0800f2b4                GPIO_ReadInputDataBit
 .text.GPIO_ReadOutputDataBit
                0x0800f2e8       0x34 stl/StdPeriph_Driver/src/stm32f4xx_gpio.o
                0x0800f2e8                GPIO_ReadOutputDataBit
 .text.GPIO_SetBits
                0x0800f31c       0x20 stl/StdPeriph_Driver/src/stm32f4xx_gpio.o
                0x0800f31c                GPIO_SetBits
 .text.GPIO_ResetBits
                0x0800f33c       0x20 stl/StdPeriph_Driver/src/stm32f4xx_gpio.o
                0x0800f33c                GPIO_ResetBits
 .text.GPIO_ToggleBits
                0x0800f35c       0x24 stl/StdPeriph_Driver/src/stm32f4xx_gpio.o
                0x0800f35c                GPIO_ToggleBits
 .text.GPIO_PinAFConfig
                0x0800f380       0x94 stl/StdPeriph_Driver/src/stm32f4xx_gpio.o
                0x0800f380                GPIO_PinAFConfig
 .text.RCC_GetClocksFreq
                0x0800f414      0x154 stl/StdPeriph_Driver/src/stm32f4xx_rcc.o
                0x0800f414                RCC_GetClocksFreq
 .text.RCC_AHB1PeriphClockCmd
                0x0800f568       0x40 stl/StdPeriph_Driver/src/stm32f4xx_rcc.o
                0x0800f568                RCC_AHB1PeriphClockCmd
 .text.RCC_APB1PeriphClockCmd
                0x0800f5a8       0x40 stl/StdPeriph_Driver/src/stm32f4xx_rcc.o
                0x0800f5a8                RCC_APB1PeriphClockCmd
 .text.RCC_APB2PeriphClockCmd
                0x0800f5e8       0x40 stl/StdPeriph_Driver/src/stm32f4xx_rcc.o
                0x0800f5e8                RCC_APB2PeriphClockCmd
 .text.SPI_Init
                0x0800f628       0x88 stl/StdPeriph_Driver/src/stm32f4xx_spi.o
                0x0800f628                SPI_Init
 .text.SPI_Cmd  0x0800f6b0       0x40 stl/StdPeriph_Driver/src/stm32f4xx_spi.o
                0x0800f6b0                SPI_Cmd
 .text.SYSCFG_EXTILineConfig
                0x0800f6f0       0x84 stl/StdPeriph_Driver/src/stm32f4xx_syscfg.o
                0x0800f6f0                SYSCFG_EXTILineConfig
 .text.TIM_TimeBaseInit
                0x0800f774       0xd8 stl/StdPeriph_Driver/src/stm32f4xx_tim.o
                0x0800f774                TIM_TimeBaseInit
 .text.TIM_ARRPreloadConfig
                0x0800f84c       0x40 stl/StdPeriph_Driver/src/stm32f4xx_tim.o
                0x0800f84c                TIM_ARRPreloadConfig
 .text.TIM_Cmd  0x0800f88c       0x40 stl/StdPeriph_Driver/src/stm32f4xx_tim.o
                0x0800f88c                TIM_Cmd
 .text.TIM_OC1Init
                0x0800f8cc       0xf4 stl/StdPeriph_Driver/src/stm32f4xx_tim.o
                0x0800f8cc                TIM_OC1Init
 .text.TIM_OC2Init
                0x0800f9c0      0x110 stl/StdPeriph_Driver/src/stm32f4xx_tim.o
                0x0800f9c0                TIM_OC2Init
 .text.TIM_OC3Init
                0x0800fad0      0x10c stl/StdPeriph_Driver/src/stm32f4xx_tim.o
                0x0800fad0                TIM_OC3Init
 .text.TIM_OC4Init
                0x0800fbdc       0xd0 stl/StdPeriph_Driver/src/stm32f4xx_tim.o
                0x0800fbdc                TIM_OC4Init
 .text.TIM_OC1PreloadConfig
                0x0800fcac       0x38 stl/StdPeriph_Driver/src/stm32f4xx_tim.o
                0x0800fcac                TIM_OC1PreloadConfig
 .text.TIM_OC2PreloadConfig
                0x0800fce4       0x3c stl/StdPeriph_Driver/src/stm32f4xx_tim.o
                0x0800fce4                TIM_OC2PreloadConfig
 .text.TIM_OC3PreloadConfig
                0x0800fd20       0x38 stl/StdPeriph_Driver/src/stm32f4xx_tim.o
                0x0800fd20                TIM_OC3PreloadConfig
 .text.TIM_OC4PreloadConfig
                0x0800fd58       0x3c stl/StdPeriph_Driver/src/stm32f4xx_tim.o
                0x0800fd58                TIM_OC4PreloadConfig
 .text.TIM_ITConfig
                0x0800fd94       0x48 stl/StdPeriph_Driver/src/stm32f4xx_tim.o
                0x0800fd94                TIM_ITConfig
 .text.TIM_ClearFlag
                0x0800fddc       0x24 stl/StdPeriph_Driver/src/stm32f4xx_tim.o
                0x0800fddc                TIM_ClearFlag
 .text.TIM_GetITStatus
                0x0800fe00       0x54 stl/StdPeriph_Driver/src/stm32f4xx_tim.o
                0x0800fe00                TIM_GetITStatus
 .text.TIM_ClearITPendingBit
                0x0800fe54       0x24 stl/StdPeriph_Driver/src/stm32f4xx_tim.o
                0x0800fe54                TIM_ClearITPendingBit
 .text.USART_Init
                0x0800fe78      0x174 stl/StdPeriph_Driver/src/stm32f4xx_usart.o
                0x0800fe78                USART_Init
 .text.USART_Cmd
                0x0800ffec       0x40 stl/StdPeriph_Driver/src/stm32f4xx_usart.o
                0x0800ffec                USART_Cmd
 .text.USART_SendData
                0x0801002c       0x24 stl/StdPeriph_Driver/src/stm32f4xx_usart.o
                0x0801002c                USART_SendData
 .text.USART_ReceiveData
                0x08010050       0x20 stl/StdPeriph_Driver/src/stm32f4xx_usart.o
                0x08010050                USART_ReceiveData
 .text.USART_DMACmd
                0x08010070       0x48 stl/StdPeriph_Driver/src/stm32f4xx_usart.o
                0x08010070                USART_DMACmd
 .text.USART_ITConfig
                0x080100b8       0x90 stl/StdPeriph_Driver/src/stm32f4xx_usart.o
                0x080100b8                USART_ITConfig
 .text.USART_GetITStatus
                0x08010148       0xb8 stl/StdPeriph_Driver/src/stm32f4xx_usart.o
                0x08010148                USART_GetITStatus
 .text.Reset_Handler
                0x08010200       0x50 stl/src/gcc/startup_stm32f427xx.o
                0x08010200                Reset_Handler
 .text.Default_Handler
                0x08010250        0x2 stl/src/gcc/startup_stm32f427xx.o
                0x08010250                RTC_Alarm_IRQHandler
                0x08010250                HASH_RNG_IRQHandler
                0x08010250                TIM8_CC_IRQHandler
                0x08010250                UART8_IRQHandler
                0x08010250                SPI4_IRQHandler
                0x08010250                TIM1_CC_IRQHandler
                0x08010250                DMA2_Stream5_IRQHandler
                0x08010250                DMA1_Stream5_IRQHandler
                0x08010250                PVD_IRQHandler
                0x08010250                SDIO_IRQHandler
                0x08010250                TAMP_STAMP_IRQHandler
                0x08010250                CAN2_RX1_IRQHandler
                0x08010250                TIM8_TRG_COM_TIM14_IRQHandler
                0x08010250                TIM1_UP_TIM10_IRQHandler
                0x08010250                TIM8_UP_TIM13_IRQHandler
                0x08010250                I2C3_ER_IRQHandler
                0x08010250                I2C2_EV_IRQHandler
                0x08010250                DMA1_Stream2_IRQHandler
                0x08010250                FPU_IRQHandler
                0x08010250                OTG_HS_WKUP_IRQHandler
                0x08010250                CAN2_SCE_IRQHandler
                0x08010250                DMA2_Stream2_IRQHandler
                0x08010250                SPI1_IRQHandler
                0x08010250                TIM1_BRK_TIM9_IRQHandler
                0x08010250                DCMI_IRQHandler
                0x08010250                DMA2_Stream3_IRQHandler
                0x08010250                CAN1_RX1_IRQHandler
                0x08010250                UART5_IRQHandler
                0x08010250                DMA2_Stream0_IRQHandler
                0x08010250                TIM4_IRQHandler
                0x08010250                I2C1_EV_IRQHandler
                0x08010250                DMA1_Stream6_IRQHandler
                0x08010250                DMA1_Stream1_IRQHandler
                0x08010250                UART4_IRQHandler
                0x08010250                TIM3_IRQHandler
                0x08010250                RCC_IRQHandler
                0x08010250                TIM8_BRK_TIM12_IRQHandler
                0x08010250                Default_Handler
                0x08010250                ADC_IRQHandler
                0x08010250                DMA1_Stream7_IRQHandler
                0x08010250                SPI5_IRQHandler
                0x08010250                TIM7_IRQHandler
                0x08010250                TIM5_IRQHandler
                0x08010250                DMA2_Stream7_IRQHandler
                0x08010250                I2C3_EV_IRQHandler
                0x08010250                RTC_WKUP_IRQHandler
                0x08010250                ETH_WKUP_IRQHandler
                0x08010250                SPI2_IRQHandler
                0x08010250                OTG_HS_EP1_IN_IRQHandler
                0x08010250                DMA1_Stream0_IRQHandler
                0x08010250                ETH_IRQHandler
                0x08010250                OTG_HS_EP1_OUT_IRQHandler
                0x08010250                WWDG_IRQHandler
                0x08010250                SPI6_IRQHandler
                0x08010250                OTG_FS_WKUP_IRQHandler
                0x08010250                TIM1_TRG_COM_TIM11_IRQHandler
                0x08010250                OTG_HS_IRQHandler
                0x08010250                DMA2D_IRQHandler
                0x08010250                UART7_IRQHandler
                0x08010250                I2C2_ER_IRQHandler
                0x08010250                DMA2_Stream1_IRQHandler
                0x08010250                CAN1_SCE_IRQHandler
                0x08010250                FLASH_IRQHandler
                0x08010250                DMA2_Stream4_IRQHandler
                0x08010250                OTG_FS_IRQHandler
                0x08010250                SPI3_IRQHandler
                0x08010250                DMA1_Stream4_IRQHandler
                0x08010250                I2C1_ER_IRQHandler
                0x08010250                FMC_IRQHandler
                0x08010250                DMA2_Stream6_IRQHandler
                0x08010250                SAI1_IRQHandler
                0x08010250                DMA1_Stream3_IRQHandler
 *fill*         0x08010252        0x2 
 .text.SystemInit
                0x08010254       0x6c stl/src/system_stm32f4xx.o
                0x08010254                SystemInit
 .text.SetSysClock
                0x080102c0      0x12c stl/src/system_stm32f4xx.o
 .text.vLedThreadFun
                0x080103ec       0x20 usr/src/main.o
 .text.vSrsThreadFun
                0x0801040c       0x14 usr/src/main.o
 .text.vDnlThreadFun
                0x08010420       0x14 usr/src/main.o
 .text.vUplThreadFun
                0x08010434       0x14 usr/src/main.o
 .text.vDbgThreadFun
                0x08010448       0x24 usr/src/main.o
 .text.vAppTaskCreate
                0x0801046c       0xb8 usr/src/main.o
 .text.main     0x08010524       0x24 usr/src/main.o
                0x08010524                main
 .text.NMI_Handler
                0x08010548       0x10 usr/src/stm32f4xx_it.o
                0x08010548                NMI_Handler
 .text.HardFault_Handler
                0x08010558        0x8 usr/src/stm32f4xx_it.o
                0x08010558                HardFault_Handler
 .text.MemManage_Handler
                0x08010560        0x8 usr/src/stm32f4xx_it.o
                0x08010560                MemManage_Handler
 .text.BusFault_Handler
                0x08010568        0x8 usr/src/stm32f4xx_it.o
                0x08010568                BusFault_Handler
 .text.UsageFault_Handler
                0x08010570        0x8 usr/src/stm32f4xx_it.o
                0x08010570                UsageFault_Handler
 .text.DebugMon_Handler
                0x08010578       0x10 usr/src/stm32f4xx_it.o
                0x08010578                DebugMon_Handler
 .text.__errno  0x08010588        0xc /home/bj/.p2/pool/plugins/fr.ac6.mcu.externaltools.arm-none.linux64_1.13.1.201705091103/tools/compiler/bin/../lib/gcc/arm-none-eabi/5.4.1/../../../../arm-none-eabi/lib/armv7e-m/fpu/libc.a(lib_a-errno.o)
                0x08010588                __errno
 .text.__libc_init_array
                0x08010594       0x50 /home/bj/.p2/pool/plugins/fr.ac6.mcu.externaltools.arm-none.linux64_1.13.1.201705091103/tools/compiler/bin/../lib/gcc/arm-none-eabi/5.4.1/../../../../arm-none-eabi/lib/armv7e-m/fpu/libc.a(lib_a-init.o)
                0x08010594                __libc_init_array
 .text.malloc   0x080105e4       0x10 /home/bj/.p2/pool/plugins/fr.ac6.mcu.externaltools.arm-none.linux64_1.13.1.201705091103/tools/compiler/bin/../lib/gcc/arm-none-eabi/5.4.1/../../../../arm-none-eabi/lib/armv7e-m/fpu/libc.a(lib_a-malloc.o)
                0x080105e4                malloc
 .text._malloc_r
                0x080105f4      0x570 /home/bj/.p2/pool/plugins/fr.ac6.mcu.externaltools.arm-none.linux64_1.13.1.201705091103/tools/compiler/bin/../lib/gcc/arm-none-eabi/5.4.1/../../../../arm-none-eabi/lib/armv7e-m/fpu/libc.a(lib_a-mallocr.o)
                0x080105f4                _malloc_r
 .text.memset   0x08010b64       0x9c /home/bj/.p2/pool/plugins/fr.ac6.mcu.externaltools.arm-none.linux64_1.13.1.201705091103/tools/compiler/bin/../lib/gcc/arm-none-eabi/5.4.1/../../../../arm-none-eabi/lib/armv7e-m/fpu/libc.a(lib_a-memset.o)
                0x08010b64                memset
 .text.__malloc_lock
                0x08010c00        0x4 /home/bj/.p2/pool/plugins/fr.ac6.mcu.externaltools.arm-none.linux64_1.13.1.201705091103/tools/compiler/bin/../lib/gcc/arm-none-eabi/5.4.1/../../../../arm-none-eabi/lib/armv7e-m/fpu/libc.a(lib_a-mlock.o)
                0x08010c00                __malloc_lock
 .text.__malloc_unlock
                0x08010c04        0x4 /home/bj/.p2/pool/plugins/fr.ac6.mcu.externaltools.arm-none.linux64_1.13.1.201705091103/tools/compiler/bin/../lib/gcc/arm-none-eabi/5.4.1/../../../../arm-none-eabi/lib/armv7e-m/fpu/libc.a(lib_a-mlock.o)
                0x08010c04                __malloc_unlock
 .text._sbrk_r  0x08010c08       0x24 /home/bj/.p2/pool/plugins/fr.ac6.mcu.externaltools.arm-none.linux64_1.13.1.201705091103/tools/compiler/bin/../lib/gcc/arm-none-eabi/5.4.1/../../../../arm-none-eabi/lib/armv7e-m/fpu/libc.a(lib_a-sbrkr.o)
                0x08010c08                _sbrk_r
 .text.startup.register_fini
                0x08010c2c       0x14 /home/bj/.p2/pool/plugins/fr.ac6.mcu.externaltools.arm-none.linux64_1.13.1.201705091103/tools/compiler/bin/../lib/gcc/arm-none-eabi/5.4.1/../../../../arm-none-eabi/lib/armv7e-m/fpu/libc.a(lib_a-__call_atexit.o)
 .text.atexit   0x08010c40        0xc /home/bj/.p2/pool/plugins/fr.ac6.mcu.externaltools.arm-none.linux64_1.13.1.201705091103/tools/compiler/bin/../lib/gcc/arm-none-eabi/5.4.1/../../../../arm-none-eabi/lib/armv7e-m/fpu/libc.a(lib_a-atexit.o)
                0x08010c40                atexit
 .text.__libc_fini_array
                0x08010c4c       0x28 /home/bj/.p2/pool/plugins/fr.ac6.mcu.externaltools.arm-none.linux64_1.13.1.201705091103/tools/compiler/bin/../lib/gcc/arm-none-eabi/5.4.1/../../../../arm-none-eabi/lib/armv7e-m/fpu/libc.a(lib_a-fini.o)
                0x08010c4c                __libc_fini_array
 .text._malloc_trim_r
                0x08010c74       0x9c /home/bj/.p2/pool/plugins/fr.ac6.mcu.externaltools.arm-none.linux64_1.13.1.201705091103/tools/compiler/bin/../lib/gcc/arm-none-eabi/5.4.1/../../../../arm-none-eabi/lib/armv7e-m/fpu/libc.a(lib_a-freer.o)
                0x08010c74                _malloc_trim_r
 .text._free_r  0x08010d10      0x1d0 /home/bj/.p2/pool/plugins/fr.ac6.mcu.externaltools.arm-none.linux64_1.13.1.201705091103/tools/compiler/bin/../lib/gcc/arm-none-eabi/5.4.1/../../../../arm-none-eabi/lib/armv7e-m/fpu/libc.a(lib_a-freer.o)
                0x08010d10                _free_r
 .text.__register_exitproc
                0x08010ee0       0xa4 /home/bj/.p2/pool/plugins/fr.ac6.mcu.externaltools.arm-none.linux64_1.13.1.201705091103/tools/compiler/bin/../lib/gcc/arm-none-eabi/5.4.1/../../../../arm-none-eabi/lib/armv7e-m/fpu/libc.a(lib_a-__atexit.o)
                0x08010ee0                __register_exitproc
 *(.glue_7)
 .glue_7        0x08010f84        0x0 linker stubs
 *(.glue_7t)
 .glue_7t       0x08010f84        0x0 linker stubs
 *(.eh_frame)
 .eh_frame      0x08010f84        0x0 /home/bj/.p2/pool/plugins/fr.ac6.mcu.externaltools.arm-none.linux64_1.13.1.201705091103/tools/compiler/bin/../lib/gcc/arm-none-eabi/5.4.1/armv7e-m/fpu/crtbegin.o
 *(.init)
 .init          0x08010f84        0x4 /home/bj/.p2/pool/plugins/fr.ac6.mcu.externaltools.arm-none.linux64_1.13.1.201705091103/tools/compiler/bin/../lib/gcc/arm-none-eabi/5.4.1/armv7e-m/fpu/crti.o
                0x08010f84                _init
 .init          0x08010f88        0x8 /home/bj/.p2/pool/plugins/fr.ac6.mcu.externaltools.arm-none.linux64_1.13.1.201705091103/tools/compiler/bin/../lib/gcc/arm-none-eabi/5.4.1/armv7e-m/fpu/crtn.o
 *(.fini)
 .fini          0x08010f90        0x4 /home/bj/.p2/pool/plugins/fr.ac6.mcu.externaltools.arm-none.linux64_1.13.1.201705091103/tools/compiler/bin/../lib/gcc/arm-none-eabi/5.4.1/armv7e-m/fpu/crti.o
                0x08010f90                _fini
 .fini          0x08010f94        0x8 /home/bj/.p2/pool/plugins/fr.ac6.mcu.externaltools.arm-none.linux64_1.13.1.201705091103/tools/compiler/bin/../lib/gcc/arm-none-eabi/5.4.1/armv7e-m/fpu/crtn.o
                0x08010f9c                . = ALIGN (0x4)
                0x08010f9c                _etext = .

.vfp11_veneer   0x08010f9c        0x0
 .vfp11_veneer  0x08010f9c        0x0 linker stubs

.v4_bx          0x08010f9c        0x0
 .v4_bx         0x08010f9c        0x0 linker stubs

.iplt           0x08010f9c        0x0
 .iplt          0x08010f9c        0x0 /home/bj/.p2/pool/plugins/fr.ac6.mcu.externaltools.arm-none.linux64_1.13.1.201705091103/tools/compiler/bin/../lib/gcc/arm-none-eabi/5.4.1/armv7e-m/fpu/crtbegin.o

.rodata         0x08010f9c      0x268
                0x08010f9c                . = ALIGN (0x4)
 *(.rodata)
 .rodata        0x08010f9c       0xf2 app/src/cfg.o
 *fill*         0x0801108e        0x2 
 .rodata        0x08011090       0x58 app/src/wdg.o
 .rodata        0x080110e8       0x3a bsp/src/beep.o
                0x080110e8                BEEP_TONE_TABLE
                0x08011114                BEEP_START_UP_MUSIC
 *fill*         0x08011122        0x2 
 .rodata        0x08011124       0x34 bsp/src/dbi.o
                0x08011124                dbi
 .rodata        0x08011158       0x10 bsp/src/mpu6500_drv.o
 .rodata        0x08011168       0x20 bsp/src/sr04.o
                0x08011168                sr04
 .rodata        0x08011188        0x5 rtx/src/tasks.o
 *fill*         0x0801118d        0x3 
 .rodata        0x08011190        0xd rtx/src/timers.o
 *fill*         0x0801119d        0x3 
 .rodata        0x080111a0       0x5e usr/src/main.o
 *(.rodata*)
 *fill*         0x080111fe        0x2 
 .rodata._global_impure_ptr
                0x08011200        0x4 /home/bj/.p2/pool/plugins/fr.ac6.mcu.externaltools.arm-none.linux64_1.13.1.201705091103/tools/compiler/bin/../lib/gcc/arm-none-eabi/5.4.1/../../../../arm-none-eabi/lib/armv7e-m/fpu/libc.a(lib_a-impure.o)
                0x08011200                _global_impure_ptr
                0x08011204                . = ALIGN (0x4)

.rel.dyn        0x08011204        0x0
 .rel.iplt      0x08011204        0x0 /home/bj/.p2/pool/plugins/fr.ac6.mcu.externaltools.arm-none.linux64_1.13.1.201705091103/tools/compiler/bin/../lib/gcc/arm-none-eabi/5.4.1/armv7e-m/fpu/crtbegin.o

.ARM.extab      0x08011204        0x0
                0x08011204                . = ALIGN (0x4)
 *(.ARM.extab* .gnu.linkonce.armextab.*)
                0x08011204                . = ALIGN (0x4)

.ARM            0x08011204        0x0
                0x08011204                . = ALIGN (0x4)
                0x08011204                __exidx_start = .
 *(.ARM.exidx*)
                0x08011204                __exidx_end = .
                0x08011204                . = ALIGN (0x4)

.preinit_array  0x08011204        0x0
                0x08011204                . = ALIGN (0x4)
                0x08011204                PROVIDE (__preinit_array_start, .)
 *(.preinit_array*)
                0x08011204                PROVIDE (__preinit_array_end, .)
                0x08011204                . = ALIGN (0x4)

.init_array     0x08011204        0x8
                0x08011204                . = ALIGN (0x4)
                0x08011204                PROVIDE (__init_array_start, .)
 *(SORT(.init_array.*))
 .init_array.00000
                0x08011204        0x4 /home/bj/.p2/pool/plugins/fr.ac6.mcu.externaltools.arm-none.linux64_1.13.1.201705091103/tools/compiler/bin/../lib/gcc/arm-none-eabi/5.4.1/../../../../arm-none-eabi/lib/armv7e-m/fpu/libc.a(lib_a-__call_atexit.o)
 *(.init_array*)
 .init_array    0x08011208        0x4 /home/bj/.p2/pool/plugins/fr.ac6.mcu.externaltools.arm-none.linux64_1.13.1.201705091103/tools/compiler/bin/../lib/gcc/arm-none-eabi/5.4.1/armv7e-m/fpu/crtbegin.o
                0x0801120c                PROVIDE (__init_array_end, .)
                0x0801120c                . = ALIGN (0x4)

.fini_array     0x0801120c        0x4
                0x0801120c                . = ALIGN (0x4)
                0x0801120c                PROVIDE (__fini_array_start, .)
 *(SORT(.fini_array.*))
 *(.fini_array*)
 .fini_array    0x0801120c        0x4 /home/bj/.p2/pool/plugins/fr.ac6.mcu.externaltools.arm-none.linux64_1.13.1.201705091103/tools/compiler/bin/../lib/gcc/arm-none-eabi/5.4.1/armv7e-m/fpu/crtbegin.o
                0x08011210                PROVIDE (__fini_array_end, .)
                0x08011210                . = ALIGN (0x4)
                0x08011210                _sidata = LOADADDR (.data)

.data           0x20000000      0x9bc load address 0x08011210
                0x20000000                . = ALIGN (0x4)
                0x20000000                _sdata = .
 *(.data)
 .data          0x20000000       0xf2 app/src/cfg.o
                0x20000000                cfg
 *fill*         0x200000f2        0x2 
 .data          0x200000f4       0x5c app/src/wdg.o
 .data          0x20000150        0x4 rtx/src/heap_2.o
 .data          0x20000154        0x4 rtx/src/gcc/port.o
 .data          0x20000158       0x10 stl/StdPeriph_Driver/src/stm32f4xx_rcc.o
 .data          0x20000168       0x14 stl/src/system_stm32f4xx.o
                0x20000168                SystemCoreClock
                0x2000016c                AHBPrescTable
 *(.data*)
 *fill*         0x2000017c        0x4 
 .data.impure_data
                0x20000180      0x428 /home/bj/.p2/pool/plugins/fr.ac6.mcu.externaltools.arm-none.linux64_1.13.1.201705091103/tools/compiler/bin/../lib/gcc/arm-none-eabi/5.4.1/../../../../arm-none-eabi/lib/armv7e-m/fpu/libc.a(lib_a-impure.o)
 .data._impure_ptr
                0x200005a8        0x4 /home/bj/.p2/pool/plugins/fr.ac6.mcu.externaltools.arm-none.linux64_1.13.1.201705091103/tools/compiler/bin/../lib/gcc/arm-none-eabi/5.4.1/../../../../arm-none-eabi/lib/armv7e-m/fpu/libc.a(lib_a-impure.o)
                0x200005a8                _impure_ptr
 .data.__malloc_av_
                0x200005ac      0x408 /home/bj/.p2/pool/plugins/fr.ac6.mcu.externaltools.arm-none.linux64_1.13.1.201705091103/tools/compiler/bin/../lib/gcc/arm-none-eabi/5.4.1/../../../../arm-none-eabi/lib/armv7e-m/fpu/libc.a(lib_a-mallocr.o)
                0x200005ac                __malloc_av_
 .data.__malloc_trim_threshold
                0x200009b4        0x4 /home/bj/.p2/pool/plugins/fr.ac6.mcu.externaltools.arm-none.linux64_1.13.1.201705091103/tools/compiler/bin/../lib/gcc/arm-none-eabi/5.4.1/../../../../arm-none-eabi/lib/armv7e-m/fpu/libc.a(lib_a-mallocr.o)
                0x200009b4                __malloc_trim_threshold
 .data.__malloc_sbrk_base
                0x200009b8        0x4 /home/bj/.p2/pool/plugins/fr.ac6.mcu.externaltools.arm-none.linux64_1.13.1.201705091103/tools/compiler/bin/../lib/gcc/arm-none-eabi/5.4.1/../../../../arm-none-eabi/lib/armv7e-m/fpu/libc.a(lib_a-mallocr.o)
                0x200009b8                __malloc_sbrk_base
                0x200009bc                . = ALIGN (0x4)
                0x200009bc                _edata = .

.jcr            0x200009bc        0x0 load address 0x08011bcc
 .jcr           0x200009bc        0x0 /home/bj/.p2/pool/plugins/fr.ac6.mcu.externaltools.arm-none.linux64_1.13.1.201705091103/tools/compiler/bin/../lib/gcc/arm-none-eabi/5.4.1/armv7e-m/fpu/crtbegin.o

.igot.plt       0x200009bc        0x0 load address 0x08011bcc
 .igot.plt      0x200009bc        0x0 /home/bj/.p2/pool/plugins/fr.ac6.mcu.externaltools.arm-none.linux64_1.13.1.201705091103/tools/compiler/bin/../lib/gcc/arm-none-eabi/5.4.1/armv7e-m/fpu/crtbegin.o
                0x200009bc                . = ALIGN (0x4)

.bss            0x200009bc    0x14540 load address 0x08011bcc
                0x200009bc                _sbss = .
                0x200009bc                __bss_start__ = _sbss
 *(.bss)
 .bss           0x200009bc       0x1c /home/bj/.p2/pool/plugins/fr.ac6.mcu.externaltools.arm-none.linux64_1.13.1.201705091103/tools/compiler/bin/../lib/gcc/arm-none-eabi/5.4.1/armv7e-m/fpu/crtbegin.o
 .bss           0x200009d8       0x24 app/src/cal.o
 .bss           0x200009fc        0x1 app/src/cfg.o
                0x200009fc                cfg_sync_flag
 *fill*         0x200009fd        0x3 
 .bss           0x20000a00       0x14 app/src/clk.o
 .bss           0x20000a14      0x27c app/src/dnl.o
 .bss           0x20000c90       0xf0 app/src/hci.o
 .bss           0x20000d80        0x4 app/src/ini.o
 .bss           0x20000d84       0x14 app/src/mec.o
 .bss           0x20000d98        0x4 app/src/odo.o
 .bss           0x20000d9c      0x2a4 app/src/pwr.o
 .bss           0x20001040       0x10 app/src/rci.o
 .bss           0x20001050        0xc app/src/snd.o
 .bss           0x2000105c      0x25e app/src/upl.o
 .bss           0x200012ba        0x2 app/src/wsm.o
 .bss           0x200012bc      0x228 bsp/src/btm.o
 .bss           0x200014e4      0x228 bsp/src/dbi.o
 .bss           0x2000170c       0x48 bsp/src/rcv.o
 .bss           0x20001754      0x228 bsp/src/tty.o
 .bss           0x2000197c        0xc kos/src/sch.o
 .bss           0x20001988    0x12c14 rtx/src/heap_2.o
 .bss           0x2001459c      0x104 rtx/src/tasks.o
                0x2001459c                pxCurrentTCB
 .bss           0x200146a0       0x3c rtx/src/timers.o
 .bss           0x200146dc        0x8 rtx/src/gcc/port.o
 .bss           0x200146e4        0x8 src/syscalls.o
                0x200146e4                __env
 .bss           0x200146ec       0x14 usr/src/main.o
 *(.bss*)
 .bss.__malloc_max_total_mem
                0x20014700        0x4 /home/bj/.p2/pool/plugins/fr.ac6.mcu.externaltools.arm-none.linux64_1.13.1.201705091103/tools/compiler/bin/../lib/gcc/arm-none-eabi/5.4.1/../../../../arm-none-eabi/lib/armv7e-m/fpu/libc.a(lib_a-mallocr.o)
                0x20014700                __malloc_max_total_mem
 .bss.__malloc_max_sbrked_mem
                0x20014704        0x4 /home/bj/.p2/pool/plugins/fr.ac6.mcu.externaltools.arm-none.linux64_1.13.1.201705091103/tools/compiler/bin/../lib/gcc/arm-none-eabi/5.4.1/../../../../arm-none-eabi/lib/armv7e-m/fpu/libc.a(lib_a-mallocr.o)
                0x20014704                __malloc_max_sbrked_mem
 .bss.__malloc_top_pad
                0x20014708        0x4 /home/bj/.p2/pool/plugins/fr.ac6.mcu.externaltools.arm-none.linux64_1.13.1.201705091103/tools/compiler/bin/../lib/gcc/arm-none-eabi/5.4.1/../../../../arm-none-eabi/lib/armv7e-m/fpu/libc.a(lib_a-mallocr.o)
                0x20014708                __malloc_top_pad
 .bss.__malloc_current_mallinfo
                0x2001470c       0x28 /home/bj/.p2/pool/plugins/fr.ac6.mcu.externaltools.arm-none.linux64_1.13.1.201705091103/tools/compiler/bin/../lib/gcc/arm-none-eabi/5.4.1/../../../../arm-none-eabi/lib/armv7e-m/fpu/libc.a(lib_a-mallocr.o)
                0x2001470c                __malloc_current_mallinfo
 *(COMMON)
 COMMON         0x20014734      0x2cc app/src/can.o
                0x20014734                zgyro
                0x20014760                motor
 COMMON         0x20014a00       0x4c app/src/cmd.o
                0x20014a00                cmd
 COMMON         0x20014a4c      0x238 app/src/ctl.o
                0x20014a4c                pid
                0x20014c2c                rmp
                0x20014c38                ctl
 COMMON         0x20014c84       0x16 app/src/dci.o
                0x20014c84                dbus
 *fill*         0x20014c9a        0x2 
 COMMON         0x20014c9c        0x8 app/src/ios.o
                0x20014c9c                _in
                0x20014ca0                _out
 COMMON         0x20014ca4       0x64 app/src/odo.o
                0x20014ca4                odo
 COMMON         0x20014d08      0x170 app/src/srs.o
                0x20014d08                srs
 COMMON         0x20014e78       0x40 bsp/src/stm32util.o
                0x20014e78                extiHandlers
 COMMON         0x20014eb8       0x40 rtx/src/queue.o
                0x20014eb8                xQueueRegistry
 COMMON         0x20014ef8        0x4 /home/bj/.p2/pool/plugins/fr.ac6.mcu.externaltools.arm-none.linux64_1.13.1.201705091103/tools/compiler/bin/../lib/gcc/arm-none-eabi/5.4.1/../../../../arm-none-eabi/lib/armv7e-m/fpu/libc.a(lib_a-reent.o)
                0x20014ef8                errno
                0x20014efc                . = ALIGN (0x4)
                0x20014efc                _ebss = .
                0x20014efc                __bss_end__ = _ebss

._user_heap_stack
                0x20014efc      0x404 load address 0x08011bcc
                0x20014f00                . = ALIGN (0x8)
 *fill*         0x20014efc        0x4 
                0x20014f00                PROVIDE (end, .)
                [!provide]                PROVIDE (_end, .)
                0x20014f00                . = (. + _Min_Heap_Size)
                0x20015300                . = (. + _Min_Stack_Size)
 *fill*         0x20014f00      0x400 
                0x20015300                . = ALIGN (0x8)

/DISCARD/
 libc.a(*)
 libm.a(*)
 libgcc.a(*)

.ARM.attributes
                0x00000000       0x30
 *(.ARM.attributes)
 .ARM.attributes
                0x00000000       0x22 /home/bj/.p2/pool/plugins/fr.ac6.mcu.externaltools.arm-none.linux64_1.13.1.201705091103/tools/compiler/bin/../lib/gcc/arm-none-eabi/5.4.1/armv7e-m/fpu/crti.o
 .ARM.attributes
                0x00000022       0x34 /home/bj/.p2/pool/plugins/fr.ac6.mcu.externaltools.arm-none.linux64_1.13.1.201705091103/tools/compiler/bin/../lib/gcc/arm-none-eabi/5.4.1/armv7e-m/fpu/crtbegin.o
 .ARM.attributes
                0x00000056       0x39 app/src/act.o
 .ARM.attributes
                0x0000008f       0x39 app/src/app.o
 .ARM.attributes
                0x000000c8       0x39 app/src/cal.o
 .ARM.attributes
                0x00000101       0x39 app/src/can.o
 .ARM.attributes
                0x0000013a       0x39 app/src/cfg.o
 .ARM.attributes
                0x00000173       0x39 app/src/clk.o
 .ARM.attributes
                0x000001ac       0x39 app/src/cmd.o
 .ARM.attributes
                0x000001e5       0x39 app/src/com.o
 .ARM.attributes
                0x0000021e       0x39 app/src/ctl.o
 .ARM.attributes
                0x00000257       0x39 app/src/dci.o
 .ARM.attributes
                0x00000290       0x39 app/src/dnl.o
 .ARM.attributes
                0x000002c9       0x39 app/src/fos.o
 .ARM.attributes
                0x00000302       0x39 app/src/hci.o
 .ARM.attributes
                0x0000033b       0x39 app/src/ini.o
 .ARM.attributes
                0x00000374       0x39 app/src/ios.o
 .ARM.attributes
                0x000003ad       0x39 app/src/mec.o
 .ARM.attributes
                0x000003e6       0x39 app/src/odo.o
 .ARM.attributes
                0x0000041f       0x39 app/src/pwr.o
 .ARM.attributes
                0x00000458       0x39 app/src/rci.o
 .ARM.attributes
                0x00000491       0x39 app/src/snd.o
 .ARM.attributes
                0x000004ca       0x39 app/src/srs.o
 .ARM.attributes
                0x00000503       0x39 app/src/sys.o
 .ARM.attributes
                0x0000053c       0x39 app/src/upd.o
 .ARM.attributes
                0x00000575       0x39 app/src/upl.o
 .ARM.attributes
                0x000005ae       0x39 app/src/wdg.o
 .ARM.attributes
                0x000005e7       0x39 app/src/wsm.o
 .ARM.attributes
                0x00000620       0x39 asp/src/cbus.o
 .ARM.attributes
                0x00000659       0x39 asp/src/dbus.o
 .ARM.attributes
                0x00000692       0x39 asp/src/ekf.o
 .ARM.attributes
                0x000006cb       0x39 asp/src/fifo.o
 .ARM.attributes
                0x00000704       0x39 asp/src/fun.o
 .ARM.attributes
                0x0000073d       0x39 asp/src/hcf.o
 .ARM.attributes
                0x00000776       0x39 asp/src/hcp.o
 .ARM.attributes
                0x000007af       0x39 asp/src/maf.o
 .ARM.attributes
                0x000007e8       0x39 asp/src/mecanum.o
 .ARM.attributes
                0x00000821       0x39 asp/src/med.o
 .ARM.attributes
                0x0000085a       0x39 asp/src/pid.o
 .ARM.attributes
                0x00000893       0x39 asp/src/rcf.o
 .ARM.attributes
                0x000008cc       0x39 asp/src/rcp.o
 .ARM.attributes
                0x00000905       0x39 asp/src/rmp.o
 .ARM.attributes
                0x0000093e       0x39 bsp/src/beep.o
 .ARM.attributes
                0x00000977       0x39 bsp/src/bsp.o
 .ARM.attributes
                0x000009b0       0x39 bsp/src/btm.o
 .ARM.attributes
                0x000009e9       0x39 bsp/src/btn.o
 .ARM.attributes
                0x00000a22       0x39 bsp/src/can1.o
 .ARM.attributes
                0x00000a5b       0x39 bsp/src/can2.o
 .ARM.attributes
                0x00000a94       0x39 bsp/src/dbi.o
 .ARM.attributes
                0x00000acd       0x39 bsp/src/key.o
 .ARM.attributes
                0x00000b06       0x39 bsp/src/led.o
 .ARM.attributes
                0x00000b3f       0x39 bsp/src/mpu6500.o
 .ARM.attributes
                0x00000b78       0x39 bsp/src/mpu6500_drv.o
 .ARM.attributes
                0x00000bb1       0x39 bsp/src/mpu6500_spi.o
 .ARM.attributes
                0x00000bea       0x39 bsp/src/pwm.o
 .ARM.attributes
                0x00000c23       0x39 bsp/src/rcv.o
 .ARM.attributes
                0x00000c5c       0x39 bsp/src/spi5.o
 .ARM.attributes
                0x00000c95       0x39 bsp/src/sr04.o
 .ARM.attributes
                0x00000cce       0x39 bsp/src/stm32util.o
 .ARM.attributes
                0x00000d07       0x39 bsp/src/tim.o
 .ARM.attributes
                0x00000d40       0x39 bsp/src/tty.o
 .ARM.attributes
                0x00000d79       0x39 drv/src/delay.o
 .ARM.attributes
                0x00000db2       0x39 drv/src/flash.o
 .ARM.attributes
                0x00000deb       0x39 drv/src/motor.o
 .ARM.attributes
                0x00000e24       0x39 kos/src/kos.o
 .ARM.attributes
                0x00000e5d       0x39 kos/src/sch.o
 .ARM.attributes
                0x00000e96       0x39 rtx/src/heap_2.o
 .ARM.attributes
                0x00000ecf       0x39 rtx/src/list.o
 .ARM.attributes
                0x00000f08       0x39 rtx/src/queue.o
 .ARM.attributes
                0x00000f41       0x39 rtx/src/tasks.o
 .ARM.attributes
                0x00000f7a       0x39 rtx/src/timers.o
 .ARM.attributes
                0x00000fb3       0x39 rtx/src/gcc/port.o
 .ARM.attributes
                0x00000fec       0x39 src/syscalls.o
 .ARM.attributes
                0x00001025       0x39 srv/src/can_srv.o
 .ARM.attributes
                0x0000105e       0x39 srv/src/com_srv.o
 .ARM.attributes
                0x00001097       0x39 srv/src/ext_srv.o
 .ARM.attributes
                0x000010d0       0x39 srv/src/rcv_srv.o
 .ARM.attributes
                0x00001109       0x39 srv/src/tim_srv.o
 .ARM.attributes
                0x00001142       0x39 stl/StdPeriph_Driver/src/misc.o
 .ARM.attributes
                0x0000117b       0x39 stl/StdPeriph_Driver/src/stm32f4xx_can.o
 .ARM.attributes
                0x000011b4       0x39 stl/StdPeriph_Driver/src/stm32f4xx_dma.o
 .ARM.attributes
                0x000011ed       0x39 stl/StdPeriph_Driver/src/stm32f4xx_exti.o
 .ARM.attributes
                0x00001226       0x39 stl/StdPeriph_Driver/src/stm32f4xx_flash.o
 .ARM.attributes
                0x0000125f       0x39 stl/StdPeriph_Driver/src/stm32f4xx_gpio.o
 .ARM.attributes
                0x00001298       0x39 stl/StdPeriph_Driver/src/stm32f4xx_rcc.o
 .ARM.attributes
                0x000012d1       0x39 stl/StdPeriph_Driver/src/stm32f4xx_spi.o
 .ARM.attributes
                0x0000130a       0x39 stl/StdPeriph_Driver/src/stm32f4xx_syscfg.o
 .ARM.attributes
                0x00001343       0x39 stl/StdPeriph_Driver/src/stm32f4xx_tim.o
 .ARM.attributes
                0x0000137c       0x39 stl/StdPeriph_Driver/src/stm32f4xx_usart.o
 .ARM.attributes
                0x000013b5       0x21 stl/src/gcc/startup_stm32f427xx.o
 .ARM.attributes
                0x000013d6       0x39 stl/src/system_stm32f4xx.o
 .ARM.attributes
                0x0000140f       0x39 usr/src/main.o
 .ARM.attributes
                0x00001448       0x39 usr/src/stm32f4xx_it.o
 .ARM.attributes
                0x00001481       0x34 /home/bj/.p2/pool/plugins/fr.ac6.mcu.externaltools.arm-none.linux64_1.13.1.201705091103/tools/compiler/bin/../lib/gcc/arm-none-eabi/5.4.1/../../../../arm-none-eabi/lib/armv7e-m/fpu/libc.a(lib_a-errno.o)
 .ARM.attributes
                0x000014b5       0x34 /home/bj/.p2/pool/plugins/fr.ac6.mcu.externaltools.arm-none.linux64_1.13.1.201705091103/tools/compiler/bin/../lib/gcc/arm-none-eabi/5.4.1/../../../../arm-none-eabi/lib/armv7e-m/fpu/libc.a(lib_a-impure.o)
 .ARM.attributes
                0x000014e9       0x34 /home/bj/.p2/pool/plugins/fr.ac6.mcu.externaltools.arm-none.linux64_1.13.1.201705091103/tools/compiler/bin/../lib/gcc/arm-none-eabi/5.4.1/../../../../arm-none-eabi/lib/armv7e-m/fpu/libc.a(lib_a-init.o)
 .ARM.attributes
                0x0000151d       0x34 /home/bj/.p2/pool/plugins/fr.ac6.mcu.externaltools.arm-none.linux64_1.13.1.201705091103/tools/compiler/bin/../lib/gcc/arm-none-eabi/5.4.1/../../../../arm-none-eabi/lib/armv7e-m/fpu/libc.a(lib_a-malloc.o)
 .ARM.attributes
                0x00001551       0x34 /home/bj/.p2/pool/plugins/fr.ac6.mcu.externaltools.arm-none.linux64_1.13.1.201705091103/tools/compiler/bin/../lib/gcc/arm-none-eabi/5.4.1/../../../../arm-none-eabi/lib/armv7e-m/fpu/libc.a(lib_a-mallocr.o)
 .ARM.attributes
                0x00001585       0x20 /home/bj/.p2/pool/plugins/fr.ac6.mcu.externaltools.arm-none.linux64_1.13.1.201705091103/tools/compiler/bin/../lib/gcc/arm-none-eabi/5.4.1/../../../../arm-none-eabi/lib/armv7e-m/fpu/libc.a(lib_a-memcpy.o)
 .ARM.attributes
                0x000015a5       0x34 /home/bj/.p2/pool/plugins/fr.ac6.mcu.externaltools.arm-none.linux64_1.13.1.201705091103/tools/compiler/bin/../lib/gcc/arm-none-eabi/5.4.1/../../../../arm-none-eabi/lib/armv7e-m/fpu/libc.a(lib_a-memset.o)
 .ARM.attributes
                0x000015d9       0x34 /home/bj/.p2/pool/plugins/fr.ac6.mcu.externaltools.arm-none.linux64_1.13.1.201705091103/tools/compiler/bin/../lib/gcc/arm-none-eabi/5.4.1/../../../../arm-none-eabi/lib/armv7e-m/fpu/libc.a(lib_a-mlock.o)
 .ARM.attributes
                0x0000160d       0x34 /home/bj/.p2/pool/plugins/fr.ac6.mcu.externaltools.arm-none.linux64_1.13.1.201705091103/tools/compiler/bin/../lib/gcc/arm-none-eabi/5.4.1/../../../../arm-none-eabi/lib/armv7e-m/fpu/libc.a(lib_a-sbrkr.o)
 .ARM.attributes
                0x00001641       0x20 /home/bj/.p2/pool/plugins/fr.ac6.mcu.externaltools.arm-none.linux64_1.13.1.201705091103/tools/compiler/bin/../lib/gcc/arm-none-eabi/5.4.1/../../../../arm-none-eabi/lib/armv7e-m/fpu/libc.a(lib_a-strlen.o)
 .ARM.attributes
                0x00001661       0x34 /home/bj/.p2/pool/plugins/fr.ac6.mcu.externaltools.arm-none.linux64_1.13.1.201705091103/tools/compiler/bin/../lib/gcc/arm-none-eabi/5.4.1/../../../../arm-none-eabi/lib/armv7e-m/fpu/libc.a(lib_a-__call_atexit.o)
 .ARM.attributes
                0x00001695       0x34 /home/bj/.p2/pool/plugins/fr.ac6.mcu.externaltools.arm-none.linux64_1.13.1.201705091103/tools/compiler/bin/../lib/gcc/arm-none-eabi/5.4.1/../../../../arm-none-eabi/lib/armv7e-m/fpu/libc.a(lib_a-atexit.o)
 .ARM.attributes
                0x000016c9       0x34 /home/bj/.p2/pool/plugins/fr.ac6.mcu.externaltools.arm-none.linux64_1.13.1.201705091103/tools/compiler/bin/../lib/gcc/arm-none-eabi/5.4.1/../../../../arm-none-eabi/lib/armv7e-m/fpu/libc.a(lib_a-fini.o)
 .ARM.attributes
                0x000016fd       0x34 /home/bj/.p2/pool/plugins/fr.ac6.mcu.externaltools.arm-none.linux64_1.13.1.201705091103/tools/compiler/bin/../lib/gcc/arm-none-eabi/5.4.1/../../../../arm-none-eabi/lib/armv7e-m/fpu/libc.a(lib_a-freer.o)
 .ARM.attributes
                0x00001731       0x34 /home/bj/.p2/pool/plugins/fr.ac6.mcu.externaltools.arm-none.linux64_1.13.1.201705091103/tools/compiler/bin/../lib/gcc/arm-none-eabi/5.4.1/../../../../arm-none-eabi/lib/armv7e-m/fpu/libc.a(lib_a-reent.o)
 .ARM.attributes
                0x00001765       0x34 /home/bj/.p2/pool/plugins/fr.ac6.mcu.externaltools.arm-none.linux64_1.13.1.201705091103/tools/compiler/bin/../lib/gcc/arm-none-eabi/5.4.1/../../../../arm-none-eabi/lib/armv7e-m/fpu/libc.a(lib_a-__atexit.o)
 .ARM.attributes
                0x00001799       0x22 /home/bj/.p2/pool/plugins/fr.ac6.mcu.externaltools.arm-none.linux64_1.13.1.201705091103/tools/compiler/bin/../lib/gcc/arm-none-eabi/5.4.1/armv7e-m/fpu/crtn.o
OUTPUT(kylinbot.elf elf32-littlearm)

.debug_info     0x00000000    0x1de09
 .debug_info    0x00000000      0x699 app/src/act.o
 .debug_info    0x00000699       0xdc app/src/app.o
 .debug_info    0x00000775      0xa2d app/src/cal.o
 .debug_info    0x000011a2      0x4d6 app/src/can.o
 .debug_info    0x00001678      0x594 app/src/cfg.o
 .debug_info    0x00001c0c      0x36e app/src/clk.o
 .debug_info    0x00001f7a      0x522 app/src/cmd.o
 .debug_info    0x0000249c      0x157 app/src/com.o
 .debug_info    0x000025f3      0x8c9 app/src/ctl.o
 .debug_info    0x00002ebc      0x31a app/src/dci.o
 .debug_info    0x000031d6      0x88c app/src/dnl.o
 .debug_info    0x00003a62      0x140 app/src/fos.o